
> zap@0.99.1 test /home/timotej/git/zap
> jest --updateSnapshot

{"level":30,"time":1589725312368,"pid":31039,"hostname":"localhost.localdomain","msg":"Global setup.","v":1}
{"level":30,"time":1589725315756,"pid":31086,"hostname":"localhost.localdomain","msg":"Populate schema.","v":1}
{"level":30,"time":1589725315771,"pid":31086,"hostname":"localhost.localdomain","msg":"Executed insert: INSERT OR REPLACE INTO SETTING ( CATEGORY, KEY, VALUE ) VALUES ( 'APP', 'VERSION', ?): 0.99.1 => rowid: 1","v":1}
{"level":30,"time":1589725315772,"pid":31086,"hostname":"localhost.localdomain","msg":"Populate schema.","v":1}
{"level":30,"time":1589725315776,"pid":31086,"hostname":"localhost.localdomain","msg":"Executed insert: INSERT OR REPLACE INTO SETTING ( CATEGORY, KEY, VALUE ) VALUES ( 'APP', 'VERSION', ?): 0.99.1 => rowid: 1","v":1}
{"level":30,"time":1589725315776,"pid":31086,"hostname":"localhost.localdomain","msg":"Loading zcl file: ./zcl/zcl-studio.properties","v":1}
{"level":30,"time":1589725315776,"pid":31086,"hostname":"localhost.localdomain","msg":"Executed BEGIN TRANSACTION","v":1}
{"level":30,"time":1589725315777,"pid":31086,"hostname":"localhost.localdomain","msg":"Collecting ZCL files from: ./zcl/zcl-studio.properties","v":1}
{"level":30,"time":1589725315778,"pid":31086,"hostname":"localhost.localdomain","msg":"Parsed the file...","v":1}
{"level":30,"time":1589725315778,"pid":31086,"hostname":"localhost.localdomain","msg":"Resolving: zcl/types.xml,zcl/general.xml,zcl/ha.xml,zcl/ha-devices.xml,zcl/cba.xml,zcl/cba-devices.xml,zcl/ota.xml,zcl/ami.xml,zcl/ami-devices.xml,zcl/zll.xml,zcl/zll-devices.xml,zcl/ta.xml,zcl/ta-devices.xml,zcl/hc.xml,zcl/hc-devices.xml,zcl/green-power.xml,zcl/green-power-devices.xml,zcl/sample-extensions.xml","v":1}
{"level":30,"time":1589725315778,"pid":31086,"hostname":"localhost.localdomain","msg":"Starting to parse ZCL files: zcl/types.xml,zcl/general.xml,zcl/ha.xml,zcl/ha-devices.xml,zcl/cba.xml,zcl/cba-devices.xml,zcl/ota.xml,zcl/ami.xml,zcl/ami-devices.xml,zcl/zll.xml,zcl/zll-devices.xml,zcl/ta.xml,zcl/ta-devices.xml,zcl/hc.xml,zcl/hc-devices.xml,zcl/green-power.xml,zcl/green-power-devices.xml,zcl/sample-extensions.xml","v":1}
{"level":30,"time":1589725315779,"pid":31086,"hostname":"localhost.localdomain","msg":"Reading individual file: zcl/types.xml","v":1}
{"level":30,"time":1589725315779,"pid":31086,"hostname":"localhost.localdomain","msg":"Reading individual file: zcl/general.xml","v":1}
{"level":30,"time":1589725315779,"pid":31086,"hostname":"localhost.localdomain","msg":"Reading individual file: zcl/ha.xml","v":1}
{"level":30,"time":1589725315779,"pid":31086,"hostname":"localhost.localdomain","msg":"Reading individual file: zcl/ha-devices.xml","v":1}
{"level":30,"time":1589725315779,"pid":31086,"hostname":"localhost.localdomain","msg":"Reading individual file: zcl/cba.xml","v":1}
{"level":30,"time":1589725315779,"pid":31086,"hostname":"localhost.localdomain","msg":"Reading individual file: zcl/cba-devices.xml","v":1}
{"level":30,"time":1589725315779,"pid":31086,"hostname":"localhost.localdomain","msg":"Reading individual file: zcl/ota.xml","v":1}
{"level":30,"time":1589725315779,"pid":31086,"hostname":"localhost.localdomain","msg":"Reading individual file: zcl/ami.xml","v":1}
{"level":30,"time":1589725315780,"pid":31086,"hostname":"localhost.localdomain","msg":"Reading individual file: zcl/ami-devices.xml","v":1}
{"level":30,"time":1589725315780,"pid":31086,"hostname":"localhost.localdomain","msg":"Reading individual file: zcl/zll.xml","v":1}
{"level":30,"time":1589725315780,"pid":31086,"hostname":"localhost.localdomain","msg":"Reading individual file: zcl/zll-devices.xml","v":1}
{"level":30,"time":1589725315780,"pid":31086,"hostname":"localhost.localdomain","msg":"Reading individual file: zcl/ta.xml","v":1}
{"level":30,"time":1589725315780,"pid":31086,"hostname":"localhost.localdomain","msg":"Reading individual file: zcl/ta-devices.xml","v":1}
{"level":30,"time":1589725315780,"pid":31086,"hostname":"localhost.localdomain","msg":"Reading individual file: zcl/hc.xml","v":1}
{"level":30,"time":1589725315781,"pid":31086,"hostname":"localhost.localdomain","msg":"Reading individual file: zcl/hc-devices.xml","v":1}
{"level":30,"time":1589725315781,"pid":31086,"hostname":"localhost.localdomain","msg":"Reading individual file: zcl/green-power.xml","v":1}
{"level":30,"time":1589725315781,"pid":31086,"hostname":"localhost.localdomain","msg":"Reading individual file: zcl/green-power-devices.xml","v":1}
{"level":30,"time":1589725315781,"pid":31086,"hostname":"localhost.localdomain","msg":"Reading individual file: zcl/sample-extensions.xml","v":1}
{"level":30,"time":1589725315790,"pid":31086,"hostname":"localhost.localdomain","msg":"For file: zcl/cba.xml, got CRC: 3190349486","v":1}
{"level":30,"time":1589725315792,"pid":31086,"hostname":"localhost.localdomain","msg":"For file: zcl/cba-devices.xml, got CRC: 3537332463","v":1}
{"level":30,"time":1589725315795,"pid":31086,"hostname":"localhost.localdomain","msg":"For file: zcl/ota.xml, got CRC: 2300121650","v":1}
{"level":30,"time":1589725315797,"pid":31086,"hostname":"localhost.localdomain","msg":"For file: zcl/hc.xml, got CRC: 2870341925","v":1}
{"level":30,"time":1589725315797,"pid":31086,"hostname":"localhost.localdomain","msg":"For file: zcl/green-power-devices.xml, got CRC: 1893086333","v":1}
{"level":30,"time":1589725315798,"pid":31086,"hostname":"localhost.localdomain","msg":"For file: zcl/sample-extensions.xml, got CRC: 525292271","v":1}
{"level":30,"time":1589725315799,"pid":31086,"hostname":"localhost.localdomain","msg":"For file: zcl/zll.xml, got CRC: 1244643963","v":1}
{"level":30,"time":1589725315806,"pid":31086,"hostname":"localhost.localdomain","msg":"For file: zcl/ta-devices.xml, got CRC: 2709490609","v":1}
{"level":30,"time":1589725315807,"pid":31086,"hostname":"localhost.localdomain","msg":"For file: zcl/types.xml, got CRC: 3690055009","v":1}
{"level":30,"time":1589725315807,"pid":31086,"hostname":"localhost.localdomain","msg":"Executed get: SELECT PACKAGE_ID, PATH, CRC FROM PACKAGE WHERE PATH = ?: zcl/cba.xml","v":1}
{"level":30,"time":1589725315807,"pid":31086,"hostname":"localhost.localdomain","msg":"No CRC in the database for file zcl/cba.xml, parsing.","v":1}
{"level":30,"time":1589725315808,"pid":31086,"hostname":"localhost.localdomain","msg":"Executed get: SELECT PACKAGE_ID, PATH, CRC FROM PACKAGE WHERE PATH = ?: zcl/cba-devices.xml","v":1}
{"level":30,"time":1589725315824,"pid":31086,"hostname":"localhost.localdomain","msg":"No CRC in the database for file zcl/cba-devices.xml, parsing.","v":1}
{"level":30,"time":1589725315824,"pid":31086,"hostname":"localhost.localdomain","msg":"Executed get: SELECT PACKAGE_ID, PATH, CRC FROM PACKAGE WHERE PATH = ?: zcl/ota.xml","v":1}
{"level":30,"time":1589725315824,"pid":31086,"hostname":"localhost.localdomain","msg":"No CRC in the database for file zcl/ota.xml, parsing.","v":1}
{"level":30,"time":1589725315825,"pid":31086,"hostname":"localhost.localdomain","msg":"For file: zcl/ta.xml, got CRC: 3160564890","v":1}
{"level":30,"time":1589725315826,"pid":31086,"hostname":"localhost.localdomain","msg":"Executed get: SELECT PACKAGE_ID, PATH, CRC FROM PACKAGE WHERE PATH = ?: zcl/hc.xml","v":1}
{"level":30,"time":1589725315826,"pid":31086,"hostname":"localhost.localdomain","msg":"No CRC in the database for file zcl/hc.xml, parsing.","v":1}
{"level":30,"time":1589725315827,"pid":31086,"hostname":"localhost.localdomain","msg":"For file: zcl/hc-devices.xml, got CRC: 2294326022","v":1}
{"level":30,"time":1589725315829,"pid":31086,"hostname":"localhost.localdomain","msg":"Executed get: SELECT PACKAGE_ID, PATH, CRC FROM PACKAGE WHERE PATH = ?: zcl/green-power-devices.xml","v":1}
{"level":30,"time":1589725315840,"pid":31086,"hostname":"localhost.localdomain","msg":"No CRC in the database for file zcl/green-power-devices.xml, parsing.","v":1}
{"level":30,"time":1589725315841,"pid":31086,"hostname":"localhost.localdomain","msg":"Executed get: SELECT PACKAGE_ID, PATH, CRC FROM PACKAGE WHERE PATH = ?: zcl/sample-extensions.xml","v":1}
{"level":30,"time":1589725315841,"pid":31086,"hostname":"localhost.localdomain","msg":"No CRC in the database for file zcl/sample-extensions.xml, parsing.","v":1}
{"level":30,"time":1589725315842,"pid":31086,"hostname":"localhost.localdomain","msg":"For file: zcl/ami-devices.xml, got CRC: 3070148310","v":1}
{"level":30,"time":1589725315851,"pid":31086,"hostname":"localhost.localdomain","msg":"Executed get: SELECT PACKAGE_ID, PATH, CRC FROM PACKAGE WHERE PATH = ?: zcl/zll.xml","v":1}
{"level":30,"time":1589725315851,"pid":31086,"hostname":"localhost.localdomain","msg":"No CRC in the database for file zcl/zll.xml, parsing.","v":1}
{"level":30,"time":1589725315851,"pid":31086,"hostname":"localhost.localdomain","msg":"Executed get: SELECT PACKAGE_ID, PATH, CRC FROM PACKAGE WHERE PATH = ?: zcl/ta-devices.xml","v":1}
{"level":30,"time":1589725315854,"pid":31086,"hostname":"localhost.localdomain","msg":"No CRC in the database for file zcl/ta-devices.xml, parsing.","v":1}
{"level":30,"time":1589725315855,"pid":31086,"hostname":"localhost.localdomain","msg":"For file: zcl/green-power.xml, got CRC: 4035045591","v":1}
{"level":30,"time":1589725315858,"pid":31086,"hostname":"localhost.localdomain","msg":"Executed get: SELECT PACKAGE_ID, PATH, CRC FROM PACKAGE WHERE PATH = ?: zcl/types.xml","v":1}
{"level":30,"time":1589725315858,"pid":31086,"hostname":"localhost.localdomain","msg":"No CRC in the database for file zcl/types.xml, parsing.","v":1}
{"level":30,"time":1589725315860,"pid":31086,"hostname":"localhost.localdomain","msg":"For file: zcl/general.xml, got CRC: 205061591","v":1}
{"level":30,"time":1589725315861,"pid":31086,"hostname":"localhost.localdomain","msg":"For file: zcl/ha-devices.xml, got CRC: 1343128633","v":1}
{"level":30,"time":1589725315861,"pid":31086,"hostname":"localhost.localdomain","msg":"Executed insert: INSERT INTO PACKAGE ( PATH, CRC ) VALUES (?, ?): zcl/cba.xml,3190349486 => rowid: 1","v":1}
{"level":30,"time":1589725315899,"pid":31086,"hostname":"localhost.localdomain","msg":"zcl/cba.xml, 1: 2 clusters.","v":1}
{"level":30,"time":1589725315899,"pid":31086,"hostname":"localhost.localdomain","msg":"Preparing statement: INSERT INTO CLUSTER (PACKAGE_REF, CODE, NAME, DESCRIPTION, DEFINE) VALUES (?, ?, ?, ?, ?) to insert 2 records.","v":1}
{"level":30,"time":1589725315900,"pid":31086,"hostname":"localhost.localdomain","msg":"zcl/cba.xml, 1: 1 domains.","v":1}
{"level":30,"time":1589725315900,"pid":31086,"hostname":"localhost.localdomain","msg":"Preparing statement: INSERT INTO DOMAIN (PACKAGE_REF, NAME) VALUES (?, ?) to insert 1 records.","v":1}
{"level":30,"time":1589725315900,"pid":31086,"hostname":"localhost.localdomain","msg":"Executed insert: INSERT INTO PACKAGE ( PATH, CRC ) VALUES (?, ?): zcl/ota.xml,2300121650 => rowid: 2","v":1}
{"level":30,"time":1589725315952,"pid":31086,"hostname":"localhost.localdomain","msg":"zcl/ota.xml, 2: 1 clusters.","v":1}
{"level":30,"time":1589725315952,"pid":31086,"hostname":"localhost.localdomain","msg":"Preparing statement: INSERT INTO CLUSTER (PACKAGE_REF, CODE, NAME, DESCRIPTION, DEFINE) VALUES (?, ?, ?, ?, ?) to insert 1 records.","v":1}
{"level":30,"time":1589725315953,"pid":31086,"hostname":"localhost.localdomain","msg":"zcl/ota.xml, 2: 1 domains.","v":1}
{"level":30,"time":1589725315953,"pid":31086,"hostname":"localhost.localdomain","msg":"Preparing statement: INSERT INTO DOMAIN (PACKAGE_REF, NAME) VALUES (?, ?) to insert 1 records.","v":1}
{"level":30,"time":1589725315953,"pid":31086,"hostname":"localhost.localdomain","msg":"Executed insert: INSERT INTO PACKAGE ( PATH, CRC ) VALUES (?, ?): zcl/cba-devices.xml,3537332463 => rowid: 3","v":1}
{"level":30,"time":1589725316000,"pid":31086,"hostname":"localhost.localdomain","msg":"zcl/cba-devices.xml, 3: 6 deviceTypes.","v":1}
{"level":30,"time":1589725316001,"pid":31086,"hostname":"localhost.localdomain","msg":"Preparing statement: INSERT INTO DEVICE_TYPE (PACKAGE_REF, CODE, PROFILE_ID, NAME, DESCRIPTION) VALUES (?, ?, ?, ?, ?) to insert 6 records.","v":1}
{"level":30,"time":1589725316003,"pid":31086,"hostname":"localhost.localdomain","msg":"For file: zcl/zll-devices.xml, got CRC: 3037895041","v":1}
{"level":30,"time":1589725316003,"pid":31086,"hostname":"localhost.localdomain","msg":"Executed get: SELECT PACKAGE_ID, PATH, CRC FROM PACKAGE WHERE PATH = ?: zcl/ta.xml","v":1}
{"level":30,"time":1589725316004,"pid":31086,"hostname":"localhost.localdomain","msg":"No CRC in the database for file zcl/ta.xml, parsing.","v":1}
{"level":30,"time":1589725316004,"pid":31086,"hostname":"localhost.localdomain","msg":"Executed insert: INSERT INTO PACKAGE ( PATH, CRC ) VALUES (?, ?): zcl/hc.xml,2870341925 => rowid: 4","v":1}
{"level":30,"time":1589725316025,"pid":31086,"hostname":"localhost.localdomain","msg":"zcl/hc.xml, 4: 1 clusters.","v":1}
{"level":30,"time":1589725316026,"pid":31086,"hostname":"localhost.localdomain","msg":"Preparing statement: INSERT INTO CLUSTER (PACKAGE_REF, CODE, NAME, DESCRIPTION, DEFINE) VALUES (?, ?, ?, ?, ?) to insert 1 records.","v":1}
{"level":30,"time":1589725316026,"pid":31086,"hostname":"localhost.localdomain","msg":"zcl/hc.xml, 4: 1 domains.","v":1}
{"level":30,"time":1589725316026,"pid":31086,"hostname":"localhost.localdomain","msg":"Preparing statement: INSERT INTO DOMAIN (PACKAGE_REF, NAME) VALUES (?, ?) to insert 1 records.","v":1}
{"level":30,"time":1589725316026,"pid":31086,"hostname":"localhost.localdomain","msg":"zcl/hc.xml, 4: 2 enums.","v":1}
{"level":30,"time":1589725316026,"pid":31086,"hostname":"localhost.localdomain","msg":"Preparing statement: INSERT INTO ENUM (PACKAGE_REF, NAME, TYPE) VALUES (?, ?, ?) to insert 2 records.","v":1}
{"level":30,"time":1589725316026,"pid":31086,"hostname":"localhost.localdomain","msg":"Executed get: SELECT PACKAGE_ID, PATH, CRC FROM PACKAGE WHERE PATH = ?: zcl/hc-devices.xml","v":1}
{"level":30,"time":1589725316026,"pid":31086,"hostname":"localhost.localdomain","msg":"No CRC in the database for file zcl/hc-devices.xml, parsing.","v":1}
{"level":30,"time":1589725316027,"pid":31086,"hostname":"localhost.localdomain","msg":"Executed insert: INSERT INTO PACKAGE ( PATH, CRC ) VALUES (?, ?): zcl/green-power-devices.xml,1893086333 => rowid: 5","v":1}
{"level":30,"time":1589725316035,"pid":31086,"hostname":"localhost.localdomain","msg":"zcl/green-power-devices.xml, 5: 8 deviceTypes.","v":1}
{"level":30,"time":1589725316035,"pid":31086,"hostname":"localhost.localdomain","msg":"Preparing statement: INSERT INTO DEVICE_TYPE (PACKAGE_REF, CODE, PROFILE_ID, NAME, DESCRIPTION) VALUES (?, ?, ?, ?, ?) to insert 8 records.","v":1}
{"level":30,"time":1589725316046,"pid":31086,"hostname":"localhost.localdomain","msg":"Executed insert: INSERT INTO PACKAGE ( PATH, CRC ) VALUES (?, ?): zcl/sample-extensions.xml,525292271 => rowid: 6","v":1}
{"level":30,"time":1589725316055,"pid":31086,"hostname":"localhost.localdomain","msg":"zcl/sample-extensions.xml, 6: 2 clusters.","v":1}
{"level":30,"time":1589725316055,"pid":31086,"hostname":"localhost.localdomain","msg":"Preparing statement: INSERT INTO CLUSTER (PACKAGE_REF, CODE, NAME, DESCRIPTION, DEFINE) VALUES (?, ?, ?, ?, ?) to insert 2 records.","v":1}
{"level":30,"time":1589725316055,"pid":31086,"hostname":"localhost.localdomain","msg":"zcl/sample-extensions.xml, 6: 1 domains.","v":1}
{"level":30,"time":1589725316055,"pid":31086,"hostname":"localhost.localdomain","msg":"Preparing statement: INSERT INTO DOMAIN (PACKAGE_REF, NAME) VALUES (?, ?) to insert 1 records.","v":1}
{"level":30,"time":1589725316056,"pid":31086,"hostname":"localhost.localdomain","msg":"Executed get: SELECT PACKAGE_ID, PATH, CRC FROM PACKAGE WHERE PATH = ?: zcl/ami-devices.xml","v":1}
{"level":30,"time":1589725316056,"pid":31086,"hostname":"localhost.localdomain","msg":"No CRC in the database for file zcl/ami-devices.xml, parsing.","v":1}
{"level":30,"time":1589725316056,"pid":31086,"hostname":"localhost.localdomain","msg":"Executed insert: INSERT INTO PACKAGE ( PATH, CRC ) VALUES (?, ?): zcl/zll.xml,1244643963 => rowid: 7","v":1}
{"level":30,"time":1589725316090,"pid":31086,"hostname":"localhost.localdomain","msg":"zcl/zll.xml, 7: 7 bitmaps.","v":1}
{"level":30,"time":1589725316091,"pid":31086,"hostname":"localhost.localdomain","msg":"Preparing statement: INSERT INTO BITMAP (PACKAGE_REF, NAME, TYPE) VALUES (?, ?, ?) to insert 7 records.","v":1}
{"level":30,"time":1589725316091,"pid":31086,"hostname":"localhost.localdomain","msg":"zcl/zll.xml, 7: 1 clusters.","v":1}
{"level":30,"time":1589725316091,"pid":31086,"hostname":"localhost.localdomain","msg":"Preparing statement: INSERT INTO CLUSTER (PACKAGE_REF, CODE, NAME, DESCRIPTION, DEFINE) VALUES (?, ?, ?, ?, ?) to insert 1 records.","v":1}
{"level":30,"time":1589725316091,"pid":31086,"hostname":"localhost.localdomain","msg":"zcl/zll.xml, 7: 1 domains.","v":1}
{"level":30,"time":1589725316092,"pid":31086,"hostname":"localhost.localdomain","msg":"Preparing statement: INSERT INTO DOMAIN (PACKAGE_REF, NAME) VALUES (?, ?) to insert 1 records.","v":1}
{"level":30,"time":1589725316092,"pid":31086,"hostname":"localhost.localdomain","msg":"zcl/zll.xml, 7: 12 enums.","v":1}
{"level":30,"time":1589725316092,"pid":31086,"hostname":"localhost.localdomain","msg":"Preparing statement: INSERT INTO ENUM (PACKAGE_REF, NAME, TYPE) VALUES (?, ?, ?) to insert 12 records.","v":1}
{"level":30,"time":1589725316092,"pid":31086,"hostname":"localhost.localdomain","msg":"zcl/zll.xml, 7: 3 structs.","v":1}
{"level":30,"time":1589725316093,"pid":31086,"hostname":"localhost.localdomain","msg":"Preparing statement: INSERT INTO STRUCT (PACKAGE_REF, NAME) VALUES (?, ?) to insert 3 records.","v":1}
{"level":30,"time":1589725316093,"pid":31086,"hostname":"localhost.localdomain","msg":"Executed insert: INSERT INTO PACKAGE ( PATH, CRC ) VALUES (?, ?): zcl/ta-devices.xml,2709490609 => rowid: 8","v":1}
{"level":30,"time":1589725316136,"pid":31086,"hostname":"localhost.localdomain","msg":"zcl/ta-devices.xml, 8: 22 deviceTypes.","v":1}
{"level":30,"time":1589725316137,"pid":31086,"hostname":"localhost.localdomain","msg":"Preparing statement: INSERT INTO DEVICE_TYPE (PACKAGE_REF, CODE, PROFILE_ID, NAME, DESCRIPTION) VALUES (?, ?, ?, ?, ?) to insert 22 records.","v":1}
{"level":30,"time":1589725316137,"pid":31086,"hostname":"localhost.localdomain","msg":"Executed get: SELECT PACKAGE_ID, PATH, CRC FROM PACKAGE WHERE PATH = ?: zcl/green-power.xml","v":1}
{"level":30,"time":1589725316142,"pid":31086,"hostname":"localhost.localdomain","msg":"No CRC in the database for file zcl/green-power.xml, parsing.","v":1}
{"level":30,"time":1589725316143,"pid":31086,"hostname":"localhost.localdomain","msg":"Executed insert: INSERT INTO PACKAGE ( PATH, CRC ) VALUES (?, ?): zcl/types.xml,3690055009 => rowid: 9","v":1}
{"level":30,"time":1589725316163,"pid":31086,"hostname":"localhost.localdomain","msg":"zcl/types.xml, 9: 33 bitmaps.","v":1}
{"level":30,"time":1589725316163,"pid":31086,"hostname":"localhost.localdomain","msg":"Preparing statement: INSERT INTO BITMAP (PACKAGE_REF, NAME, TYPE) VALUES (?, ?, ?) to insert 33 records.","v":1}
{"level":30,"time":1589725316163,"pid":31086,"hostname":"localhost.localdomain","msg":"zcl/types.xml, 9: 91 enums.","v":1}
{"level":30,"time":1589725316164,"pid":31086,"hostname":"localhost.localdomain","msg":"Preparing statement: INSERT INTO ENUM (PACKAGE_REF, NAME, TYPE) VALUES (?, ?, ?) to insert 91 records.","v":1}
{"level":30,"time":1589725316164,"pid":31086,"hostname":"localhost.localdomain","msg":"zcl/types.xml, 9: 25 structs.","v":1}
{"level":30,"time":1589725316164,"pid":31086,"hostname":"localhost.localdomain","msg":"Preparing statement: INSERT INTO STRUCT (PACKAGE_REF, NAME) VALUES (?, ?) to insert 25 records.","v":1}
{"level":30,"time":1589725316164,"pid":31086,"hostname":"localhost.localdomain","msg":"Executed get: SELECT PACKAGE_ID, PATH, CRC FROM PACKAGE WHERE PATH = ?: zcl/general.xml","v":1}
{"level":30,"time":1589725316164,"pid":31086,"hostname":"localhost.localdomain","msg":"No CRC in the database for file zcl/general.xml, parsing.","v":1}
{"level":30,"time":1589725316164,"pid":31086,"hostname":"localhost.localdomain","msg":"Executed get: SELECT PACKAGE_ID, PATH, CRC FROM PACKAGE WHERE PATH = ?: zcl/ha-devices.xml","v":1}
{"level":30,"time":1589725316164,"pid":31086,"hostname":"localhost.localdomain","msg":"No CRC in the database for file zcl/ha-devices.xml, parsing.","v":1}
{"level":30,"time":1589725316165,"pid":31086,"hostname":"localhost.localdomain","msg":"Executed get: SELECT PACKAGE_ID, PATH, CRC FROM PACKAGE WHERE PATH = ?: zcl/zll-devices.xml","v":1}
{"level":30,"time":1589725316165,"pid":31086,"hostname":"localhost.localdomain","msg":"No CRC in the database for file zcl/zll-devices.xml, parsing.","v":1}
{"level":30,"time":1589725316165,"pid":31086,"hostname":"localhost.localdomain","msg":"Executed insert: INSERT INTO PACKAGE ( PATH, CRC ) VALUES (?, ?): zcl/ta.xml,3160564890 => rowid: 10","v":1}
{"level":30,"time":1589725316177,"pid":31086,"hostname":"localhost.localdomain","msg":"zcl/ta.xml, 10: 10 clusters.","v":1}
{"level":30,"time":1589725316178,"pid":31086,"hostname":"localhost.localdomain","msg":"Preparing statement: INSERT INTO CLUSTER (PACKAGE_REF, CODE, NAME, DESCRIPTION, DEFINE) VALUES (?, ?, ?, ?, ?) to insert 10 records.","v":1}
{"level":30,"time":1589725316178,"pid":31086,"hostname":"localhost.localdomain","msg":"zcl/ta.xml, 10: 4 domains.","v":1}
{"level":30,"time":1589725316178,"pid":31086,"hostname":"localhost.localdomain","msg":"Preparing statement: INSERT INTO DOMAIN (PACKAGE_REF, NAME) VALUES (?, ?) to insert 4 records.","v":1}
{"level":30,"time":1589725316179,"pid":31086,"hostname":"localhost.localdomain","msg":"Executed insert: INSERT INTO PACKAGE ( PATH, CRC ) VALUES (?, ?): zcl/hc-devices.xml,2294326022 => rowid: 11","v":1}
{"level":30,"time":1589725316187,"pid":31086,"hostname":"localhost.localdomain","msg":"zcl/hc-devices.xml, 11: 31 deviceTypes.","v":1}
{"level":30,"time":1589725316187,"pid":31086,"hostname":"localhost.localdomain","msg":"Preparing statement: INSERT INTO DEVICE_TYPE (PACKAGE_REF, CODE, PROFILE_ID, NAME, DESCRIPTION) VALUES (?, ?, ?, ?, ?) to insert 31 records.","v":1}
{"level":30,"time":1589725316188,"pid":31086,"hostname":"localhost.localdomain","msg":"Preparing statement: INSERT INTO COMMAND (CLUSTER_REF, CODE, NAME, DESCRIPTION, SOURCE, IS_OPTIONAL) VALUES (?,?,?,?,?,?) to insert 10 records.","v":1}
{"level":30,"time":1589725316188,"pid":31086,"hostname":"localhost.localdomain","msg":"Preparing statement: INSERT INTO ATTRIBUTE (CLUSTER_REF, CODE, NAME, TYPE, SIDE, DEFINE, MIN, MAX, IS_WRITABLE, DEFAULT_VALUE, IS_OPTIONAL, IS_REPORTABLE) VALUES (?,?,?,?,?,?,?,?,?,?,?,?) to insert 13 records.","v":1}
{"level":30,"time":1589725316189,"pid":31086,"hostname":"localhost.localdomain","msg":"Executed insert: INSERT INTO PACKAGE ( PATH, CRC ) VALUES (?, ?): zcl/ami-devices.xml,3070148310 => rowid: 12","v":1}
{"level":30,"time":1589725316207,"pid":31086,"hostname":"localhost.localdomain","msg":"zcl/ami-devices.xml, 12: 31 deviceTypes.","v":1}
{"level":30,"time":1589725316208,"pid":31086,"hostname":"localhost.localdomain","msg":"Preparing statement: INSERT INTO DEVICE_TYPE (PACKAGE_REF, CODE, PROFILE_ID, NAME, DESCRIPTION) VALUES (?, ?, ?, ?, ?) to insert 31 records.","v":1}
{"level":30,"time":1589725316209,"pid":31086,"hostname":"localhost.localdomain","msg":"Preparing statement: INSERT INTO COMMAND (CLUSTER_REF, CODE, NAME, DESCRIPTION, SOURCE, IS_OPTIONAL) VALUES (?,?,?,?,?,?) to insert 4 records.","v":1}
{"level":30,"time":1589725316209,"pid":31086,"hostname":"localhost.localdomain","msg":"Preparing statement: INSERT INTO ATTRIBUTE (CLUSTER_REF, CODE, NAME, TYPE, SIDE, DEFINE, MIN, MAX, IS_WRITABLE, DEFAULT_VALUE, IS_OPTIONAL, IS_REPORTABLE) VALUES (?,?,?,?,?,?,?,?,?,?,?,?) to insert 6 records.","v":1}
{"level":30,"time":1589725316209,"pid":31086,"hostname":"localhost.localdomain","msg":"Executed insert: INSERT INTO PACKAGE ( PATH, CRC ) VALUES (?, ?): zcl/green-power.xml,4035045591 => rowid: 13","v":1}
{"level":30,"time":1589725316247,"pid":31086,"hostname":"localhost.localdomain","msg":"zcl/green-power.xml, 13: 31 bitmaps.","v":1}
{"level":30,"time":1589725316247,"pid":31086,"hostname":"localhost.localdomain","msg":"Preparing statement: INSERT INTO BITMAP (PACKAGE_REF, NAME, TYPE) VALUES (?, ?, ?) to insert 31 records.","v":1}
{"level":30,"time":1589725316247,"pid":31086,"hostname":"localhost.localdomain","msg":"zcl/green-power.xml, 13: 1 clusters.","v":1}
{"level":30,"time":1589725316247,"pid":31086,"hostname":"localhost.localdomain","msg":"Preparing statement: INSERT INTO CLUSTER (PACKAGE_REF, CODE, NAME, DESCRIPTION, DEFINE) VALUES (?, ?, ?, ?, ?) to insert 1 records.","v":1}
{"level":30,"time":1589725316247,"pid":31086,"hostname":"localhost.localdomain","msg":"zcl/green-power.xml, 13: 1 domains.","v":1}
{"level":30,"time":1589725316248,"pid":31086,"hostname":"localhost.localdomain","msg":"Preparing statement: INSERT INTO DOMAIN (PACKAGE_REF, NAME) VALUES (?, ?) to insert 1 records.","v":1}
{"level":30,"time":1589725316248,"pid":31086,"hostname":"localhost.localdomain","msg":"zcl/green-power.xml, 13: 13 enums.","v":1}
{"level":30,"time":1589725316248,"pid":31086,"hostname":"localhost.localdomain","msg":"Preparing statement: INSERT INTO ENUM (PACKAGE_REF, NAME, TYPE) VALUES (?, ?, ?) to insert 13 records.","v":1}
{"level":30,"time":1589725316248,"pid":31086,"hostname":"localhost.localdomain","msg":"zcl/green-power.xml, 13: 2 structs.","v":1}
{"level":30,"time":1589725316248,"pid":31086,"hostname":"localhost.localdomain","msg":"Preparing statement: INSERT INTO STRUCT (PACKAGE_REF, NAME) VALUES (?, ?) to insert 2 records.","v":1}
{"level":30,"time":1589725316249,"pid":31086,"hostname":"localhost.localdomain","msg":"Executed insert: INSERT INTO PACKAGE ( PATH, CRC ) VALUES (?, ?): zcl/general.xml,205061591 => rowid: 14","v":1}
{"level":30,"time":1589725316322,"pid":31086,"hostname":"localhost.localdomain","msg":"zcl/general.xml, 14: 14 clusters.","v":1}
{"level":30,"time":1589725316323,"pid":31086,"hostname":"localhost.localdomain","msg":"Preparing statement: INSERT INTO CLUSTER (PACKAGE_REF, CODE, NAME, DESCRIPTION, DEFINE) VALUES (?, ?, ?, ?, ?) to insert 14 records.","v":1}
{"level":30,"time":1589725316323,"pid":31086,"hostname":"localhost.localdomain","msg":"zcl/general.xml, 14: 3 domains.","v":1}
{"level":30,"time":1589725316323,"pid":31086,"hostname":"localhost.localdomain","msg":"Preparing statement: INSERT INTO DOMAIN (PACKAGE_REF, NAME) VALUES (?, ?) to insert 3 records.","v":1}
{"level":30,"time":1589725316323,"pid":31086,"hostname":"localhost.localdomain","msg":"zcl/general.xml, 14: 1 globals.","v":1}
{"level":30,"time":1589725316324,"pid":31086,"hostname":"localhost.localdomain","msg":"Insert globals: 1","v":1}
{"level":30,"time":1589725316324,"pid":31086,"hostname":"localhost.localdomain","msg":"Preparing statement: INSERT INTO COMMAND (CLUSTER_REF, CODE, NAME, DESCRIPTION, SOURCE, IS_OPTIONAL) VALUES (?,?,?,?,?,?) to insert 23 records.","v":1}
{"level":30,"time":1589725316324,"pid":31086,"hostname":"localhost.localdomain","msg":"Preparing statement: INSERT INTO ATTRIBUTE (CLUSTER_REF, CODE, NAME, TYPE, SIDE, DEFINE, MIN, MAX, IS_WRITABLE, DEFAULT_VALUE, IS_OPTIONAL, IS_REPORTABLE) VALUES (?,?,?,?,?,?,?,?,?,?,?,?) to insert 4 records.","v":1}
{"level":30,"time":1589725316325,"pid":31086,"hostname":"localhost.localdomain","msg":"Executed insert: INSERT INTO PACKAGE ( PATH, CRC ) VALUES (?, ?): zcl/ha-devices.xml,1343128633 => rowid: 15","v":1}
{"level":30,"time":1589725316476,"pid":31086,"hostname":"localhost.localdomain","msg":"zcl/ha-devices.xml, 15: 41 deviceTypes.","v":1}
{"level":30,"time":1589725316479,"pid":31086,"hostname":"localhost.localdomain","msg":"Preparing statement: INSERT INTO DEVICE_TYPE (PACKAGE_REF, CODE, PROFILE_ID, NAME, DESCRIPTION) VALUES (?, ?, ?, ?, ?) to insert 41 records.","v":1}
{"level":30,"time":1589725316479,"pid":31086,"hostname":"localhost.localdomain","msg":"Preparing statement: INSERT INTO COMMAND (CLUSTER_REF, CODE, NAME, DESCRIPTION, SOURCE, IS_OPTIONAL) VALUES (?,?,?,?,?,?) to insert 4 records.","v":1}
{"level":30,"time":1589725316479,"pid":31086,"hostname":"localhost.localdomain","msg":"Preparing statement: INSERT INTO ATTRIBUTE (CLUSTER_REF, CODE, NAME, TYPE, SIDE, DEFINE, MIN, MAX, IS_WRITABLE, DEFAULT_VALUE, IS_OPTIONAL, IS_REPORTABLE) VALUES (?,?,?,?,?,?,?,?,?,?,?,?) to insert 3 records.","v":1}
{"level":30,"time":1589725316480,"pid":31086,"hostname":"localhost.localdomain","msg":"Preparing statement: INSERT INTO COMMAND (CLUSTER_REF, CODE, NAME, DESCRIPTION, SOURCE, IS_OPTIONAL) VALUES (?,?,?,?,?,?) to insert 18 records.","v":1}
{"level":30,"time":1589725316480,"pid":31086,"hostname":"localhost.localdomain","msg":"Preparing statement: INSERT INTO ATTRIBUTE (CLUSTER_REF, CODE, NAME, TYPE, SIDE, DEFINE, MIN, MAX, IS_WRITABLE, DEFAULT_VALUE, IS_OPTIONAL, IS_REPORTABLE) VALUES (?,?,?,?,?,?,?,?,?,?,?,?) to insert 0 records.","v":1}
{"level":30,"time":1589725316481,"pid":31086,"hostname":"localhost.localdomain","msg":"Executed insert: INSERT INTO PACKAGE ( PATH, CRC ) VALUES (?, ?): zcl/zll-devices.xml,3037895041 => rowid: 16","v":1}
{"level":30,"time":1589725316503,"pid":31086,"hostname":"localhost.localdomain","msg":"zcl/zll-devices.xml, 16: 13 deviceTypes.","v":1}
{"level":30,"time":1589725316503,"pid":31086,"hostname":"localhost.localdomain","msg":"Preparing statement: INSERT INTO DEVICE_TYPE (PACKAGE_REF, CODE, PROFILE_ID, NAME, DESCRIPTION) VALUES (?, ?, ?, ?, ?) to insert 13 records.","v":1}
{"level":30,"time":1589725316504,"pid":31086,"hostname":"localhost.localdomain","msg":"Preparing statement: INSERT INTO ENUM_ITEM (ENUM_REF, NAME, VALUE) VALUES (?, ?, ?) to insert 6 records.","v":1}
{"level":30,"time":1589725316504,"pid":31086,"hostname":"localhost.localdomain","msg":"Preparing statement: INSERT INTO COMMAND (CLUSTER_REF, CODE, NAME, DESCRIPTION, SOURCE, IS_OPTIONAL) VALUES (?,?,?,?,?,?) to insert 2 records.","v":1}
{"level":30,"time":1589725316504,"pid":31086,"hostname":"localhost.localdomain","msg":"Preparing statement: INSERT INTO ATTRIBUTE (CLUSTER_REF, CODE, NAME, TYPE, SIDE, DEFINE, MIN, MAX, IS_WRITABLE, DEFAULT_VALUE, IS_OPTIONAL, IS_REPORTABLE) VALUES (?,?,?,?,?,?,?,?,?,?,?,?) to insert 4 records.","v":1}
{"level":30,"time":1589725316508,"pid":31086,"hostname":"localhost.localdomain","msg":"Preparing statement: INSERT INTO STRUCT_ITEM (STRUCT_REF, NAME, TYPE) VALUES (?,?,?) to insert 14 records.","v":1}
{"level":30,"time":1589725316508,"pid":31086,"hostname":"localhost.localdomain","msg":"Preparing statement: INSERT INTO COMMAND (CLUSTER_REF, CODE, NAME, DESCRIPTION, SOURCE, IS_OPTIONAL) VALUES (?,?,?,?,?,?) to insert 17 records.","v":1}
{"level":30,"time":1589725316509,"pid":31086,"hostname":"localhost.localdomain","msg":"Preparing statement: INSERT INTO ATTRIBUTE (CLUSTER_REF, CODE, NAME, TYPE, SIDE, DEFINE, MIN, MAX, IS_WRITABLE, DEFAULT_VALUE, IS_OPTIONAL, IS_REPORTABLE) VALUES (?,?,?,?,?,?,?,?,?,?,?,?) to insert 22 records.","v":1}
{"level":30,"time":1589725316510,"pid":31086,"hostname":"localhost.localdomain","msg":"Preparing statement: INSERT INTO STRUCT_ITEM (STRUCT_REF, NAME, TYPE) VALUES (?,?,?) to insert 10 records.","v":1}
{"level":30,"time":1589725316515,"pid":31086,"hostname":"localhost.localdomain","msg":"Preparing statement: INSERT INTO COMMAND_ARG (COMMAND_REF, NAME, TYPE, IS_ARRAY) VALUES (?,?,?,?) to insert 2 records.","v":1}
{"level":30,"time":1589725316519,"pid":31086,"hostname":"localhost.localdomain","msg":"For file: zcl/ha.xml, got CRC: 20907493","v":1}
{"level":30,"time":1589725316520,"pid":31086,"hostname":"localhost.localdomain","msg":"Preparing statement: INSERT INTO COMMAND_ARG (COMMAND_REF, NAME, TYPE, IS_ARRAY) VALUES (?,?,?,?) to insert 7 records.","v":1}
{"level":30,"time":1589725316521,"pid":31086,"hostname":"localhost.localdomain","msg":"Preparing statement: INSERT INTO COMMAND_ARG (COMMAND_REF, NAME, TYPE, IS_ARRAY) VALUES (?,?,?,?) to insert 5 records.","v":1}
{"level":30,"time":1589725316521,"pid":31086,"hostname":"localhost.localdomain","msg":"Executed insert: INSERT INTO DEVICE_TYPE_CLUSTER (DEVICE_TYPE_REF, CLUSTER_NAME, INCLUDE_CLIENT, INCLUDE_SERVER, LOCK_CLIENT, LOCK_SERVER) VALUES (?,?,?,?,?,?): 1,Basic,false,true,true,true => rowid: 1","v":1}
{"level":30,"time":1589725316521,"pid":31086,"hostname":"localhost.localdomain","msg":"Executed insert: INSERT INTO DEVICE_TYPE_CLUSTER (DEVICE_TYPE_REF, CLUSTER_NAME, INCLUDE_CLIENT, INCLUDE_SERVER, LOCK_CLIENT, LOCK_SERVER) VALUES (?,?,?,?,?,?): 1,Identify,false,true,true,true => rowid: 2","v":1}
{"level":30,"time":1589725316521,"pid":31086,"hostname":"localhost.localdomain","msg":"Executed insert: INSERT INTO DEVICE_TYPE_CLUSTER (DEVICE_TYPE_REF, CLUSTER_NAME, INCLUDE_CLIENT, INCLUDE_SERVER, LOCK_CLIENT, LOCK_SERVER) VALUES (?,?,?,?,?,?): 1,Groups,false,true,true,true => rowid: 3","v":1}
{"level":30,"time":1589725316521,"pid":31086,"hostname":"localhost.localdomain","msg":"Executed insert: INSERT INTO DEVICE_TYPE_CLUSTER (DEVICE_TYPE_REF, CLUSTER_NAME, INCLUDE_CLIENT, INCLUDE_SERVER, LOCK_CLIENT, LOCK_SERVER) VALUES (?,?,?,?,?,?): 1,Commissioning,false,true,true,false => rowid: 4","v":1}
{"level":30,"time":1589725316522,"pid":31086,"hostname":"localhost.localdomain","msg":"Executed insert: INSERT INTO DEVICE_TYPE_CLUSTER (DEVICE_TYPE_REF, CLUSTER_NAME, INCLUDE_CLIENT, INCLUDE_SERVER, LOCK_CLIENT, LOCK_SERVER) VALUES (?,?,?,?,?,?): 1,Generic Tunnel,true,true,true,true => rowid: 5","v":1}
{"level":30,"time":1589725316522,"pid":31086,"hostname":"localhost.localdomain","msg":"Executed insert: INSERT INTO DEVICE_TYPE_CLUSTER (DEVICE_TYPE_REF, CLUSTER_NAME, INCLUDE_CLIENT, INCLUDE_SERVER, LOCK_CLIENT, LOCK_SERVER) VALUES (?,?,?,?,?,?): 1,BACnet Protocol Tunnel,true,true,true,true => rowid: 6","v":1}
{"level":30,"time":1589725316522,"pid":31086,"hostname":"localhost.localdomain","msg":"Executed insert: INSERT INTO DEVICE_TYPE_CLUSTER (DEVICE_TYPE_REF, CLUSTER_NAME, INCLUDE_CLIENT, INCLUDE_SERVER, LOCK_CLIENT, LOCK_SERVER) VALUES (?,?,?,?,?,?): 3,Basic,false,true,true,true => rowid: 7","v":1}
{"level":30,"time":1589725316522,"pid":31086,"hostname":"localhost.localdomain","msg":"Executed insert: INSERT INTO DEVICE_TYPE_CLUSTER (DEVICE_TYPE_REF, CLUSTER_NAME, INCLUDE_CLIENT, INCLUDE_SERVER, LOCK_CLIENT, LOCK_SERVER) VALUES (?,?,?,?,?,?): 3,Identify,false,true,true,true => rowid: 8","v":1}
{"level":30,"time":1589725316522,"pid":31086,"hostname":"localhost.localdomain","msg":"Executed insert: INSERT INTO DEVICE_TYPE_CLUSTER (DEVICE_TYPE_REF, CLUSTER_NAME, INCLUDE_CLIENT, INCLUDE_SERVER, LOCK_CLIENT, LOCK_SERVER) VALUES (?,?,?,?,?,?): 1,Device Temperature Configuration,false,false,true,false => rowid: 9","v":1}
{"level":30,"time":1589725316522,"pid":31086,"hostname":"localhost.localdomain","msg":"Executed insert: INSERT INTO DEVICE_TYPE_CLUSTER (DEVICE_TYPE_REF, CLUSTER_NAME, INCLUDE_CLIENT, INCLUDE_SERVER, LOCK_CLIENT, LOCK_SERVER) VALUES (?,?,?,?,?,?): 3,Power Configuration,false,true,true,false => rowid: 10","v":1}
{"level":30,"time":1589725316522,"pid":31086,"hostname":"localhost.localdomain","msg":"Executed insert: INSERT INTO DEVICE_TYPE_CLUSTER (DEVICE_TYPE_REF, CLUSTER_NAME, INCLUDE_CLIENT, INCLUDE_SERVER, LOCK_CLIENT, LOCK_SERVER) VALUES (?,?,?,?,?,?): 1,Power Configuration,false,false,true,false => rowid: 11","v":1}
{"level":30,"time":1589725316522,"pid":31086,"hostname":"localhost.localdomain","msg":"Executed insert: INSERT INTO DEVICE_TYPE_CLUSTER (DEVICE_TYPE_REF, CLUSTER_NAME, INCLUDE_CLIENT, INCLUDE_SERVER, LOCK_CLIENT, LOCK_SERVER) VALUES (?,?,?,?,?,?): 1,Time,false,false,true,false => rowid: 12","v":1}
{"level":30,"time":1589725316522,"pid":31086,"hostname":"localhost.localdomain","msg":"Preparing statement: INSERT INTO DEVICE_TYPE_ATTRIBUTE (DEVICE_TYPE_CLUSTER_REF, ATTRIBUTE_NAME) VALUES (?, ?) to insert 0 records.","v":1}
{"level":30,"time":1589725316523,"pid":31086,"hostname":"localhost.localdomain","msg":"Preparing statement: INSERT INTO DEVICE_TYPE_COMMAND (DEVICE_TYPE_CLUSTER_REF, COMMAND_NAME) VALUES (?, ?) to insert 0 records.","v":1}
{"level":30,"time":1589725316523,"pid":31086,"hostname":"localhost.localdomain","msg":"Executed insert: INSERT INTO DEVICE_TYPE_CLUSTER (DEVICE_TYPE_REF, CLUSTER_NAME, INCLUDE_CLIENT, INCLUDE_SERVER, LOCK_CLIENT, LOCK_SERVER) VALUES (?,?,?,?,?,?): 3,Device Temperature Configuration,false,true,true,false => rowid: 13","v":1}
{"level":30,"time":1589725316523,"pid":31086,"hostname":"localhost.localdomain","msg":"Executed insert: INSERT INTO DEVICE_TYPE_CLUSTER (DEVICE_TYPE_REF, CLUSTER_NAME, INCLUDE_CLIENT, INCLUDE_SERVER, LOCK_CLIENT, LOCK_SERVER) VALUES (?,?,?,?,?,?): 3,Alarms,false,true,true,false => rowid: 14","v":1}
{"level":30,"time":1589725316523,"pid":31086,"hostname":"localhost.localdomain","msg":"Executed insert: INSERT INTO DEVICE_TYPE_CLUSTER (DEVICE_TYPE_REF, CLUSTER_NAME, INCLUDE_CLIENT, INCLUDE_SERVER, LOCK_CLIENT, LOCK_SERVER) VALUES (?,?,?,?,?,?): 3,Time,false,false,true,false => rowid: 15","v":1}
{"level":30,"time":1589725316523,"pid":31086,"hostname":"localhost.localdomain","msg":"Executed insert: INSERT INTO DEVICE_TYPE_CLUSTER (DEVICE_TYPE_REF, CLUSTER_NAME, INCLUDE_CLIENT, INCLUDE_SERVER, LOCK_CLIENT, LOCK_SERVER) VALUES (?,?,?,?,?,?): 3,Groups,false,true,true,true => rowid: 16","v":1}
{"level":30,"time":1589725316523,"pid":31086,"hostname":"localhost.localdomain","msg":"Executed insert: INSERT INTO DEVICE_TYPE_CLUSTER (DEVICE_TYPE_REF, CLUSTER_NAME, INCLUDE_CLIENT, INCLUDE_SERVER, LOCK_CLIENT, LOCK_SERVER) VALUES (?,?,?,?,?,?): 3,On/off,false,true,true,true => rowid: 17","v":1}
{"level":30,"time":1589725316523,"pid":31086,"hostname":"localhost.localdomain","msg":"Executed insert: INSERT INTO DEVICE_TYPE_CLUSTER (DEVICE_TYPE_REF, CLUSTER_NAME, INCLUDE_CLIENT, INCLUDE_SERVER, LOCK_CLIENT, LOCK_SERVER) VALUES (?,?,?,?,?,?): 3,Scenes,false,true,true,true => rowid: 18","v":1}
{"level":30,"time":1589725316523,"pid":31086,"hostname":"localhost.localdomain","msg":"Executed insert: INSERT INTO DEVICE_TYPE_CLUSTER (DEVICE_TYPE_REF, CLUSTER_NAME, INCLUDE_CLIENT, INCLUDE_SERVER, LOCK_CLIENT, LOCK_SERVER) VALUES (?,?,?,?,?,?): 3,Occupancy Sensing,true,false,false,true => rowid: 19","v":1}
{"level":30,"time":1589725316523,"pid":31086,"hostname":"localhost.localdomain","msg":"Executed insert: INSERT INTO DEVICE_TYPE_CLUSTER (DEVICE_TYPE_REF, CLUSTER_NAME, INCLUDE_CLIENT, INCLUDE_SERVER, LOCK_CLIENT, LOCK_SERVER) VALUES (?,?,?,?,?,?): 3,Commissioning,false,true,true,true => rowid: 20","v":1}
{"level":30,"time":1589725316523,"pid":31086,"hostname":"localhost.localdomain","msg":"Preparing statement: INSERT INTO DEVICE_TYPE_ATTRIBUTE (DEVICE_TYPE_CLUSTER_REF, ATTRIBUTE_NAME) VALUES (?, ?) to insert 0 records.","v":1}
{"level":30,"time":1589725316523,"pid":31086,"hostname":"localhost.localdomain","msg":"Preparing statement: INSERT INTO DEVICE_TYPE_COMMAND (DEVICE_TYPE_CLUSTER_REF, COMMAND_NAME) VALUES (?, ?) to insert 0 records.","v":1}
{"level":30,"time":1589725316524,"pid":31086,"hostname":"localhost.localdomain","msg":"Executed insert: INSERT INTO DEVICE_TYPE_CLUSTER (DEVICE_TYPE_REF, CLUSTER_NAME, INCLUDE_CLIENT, INCLUDE_SERVER, LOCK_CLIENT, LOCK_SERVER) VALUES (?,?,?,?,?,?): 6,Basic,false,true,true,true => rowid: 21","v":1}
{"level":30,"time":1589725316524,"pid":31086,"hostname":"localhost.localdomain","msg":"Executed insert: INSERT INTO DEVICE_TYPE_CLUSTER (DEVICE_TYPE_REF, CLUSTER_NAME, INCLUDE_CLIENT, INCLUDE_SERVER, LOCK_CLIENT, LOCK_SERVER) VALUES (?,?,?,?,?,?): 6,Identify,true,true,true,true => rowid: 22","v":1}
{"level":30,"time":1589725316524,"pid":31086,"hostname":"localhost.localdomain","msg":"Executed insert: INSERT INTO DEVICE_TYPE_CLUSTER (DEVICE_TYPE_REF, CLUSTER_NAME, INCLUDE_CLIENT, INCLUDE_SERVER, LOCK_CLIENT, LOCK_SERVER) VALUES (?,?,?,?,?,?): 6,Power Configuration,false,true,true,false => rowid: 23","v":1}
{"level":30,"time":1589725316524,"pid":31086,"hostname":"localhost.localdomain","msg":"Executed insert: INSERT INTO DEVICE_TYPE_CLUSTER (DEVICE_TYPE_REF, CLUSTER_NAME, INCLUDE_CLIENT, INCLUDE_SERVER, LOCK_CLIENT, LOCK_SERVER) VALUES (?,?,?,?,?,?): 6,Device Temperature Configuration,false,true,true,false => rowid: 24","v":1}
{"level":30,"time":1589725316524,"pid":31086,"hostname":"localhost.localdomain","msg":"Executed insert: INSERT INTO DEVICE_TYPE_CLUSTER (DEVICE_TYPE_REF, CLUSTER_NAME, INCLUDE_CLIENT, INCLUDE_SERVER, LOCK_CLIENT, LOCK_SERVER) VALUES (?,?,?,?,?,?): 6,Time,false,false,true,false => rowid: 25","v":1}
{"level":30,"time":1589725316524,"pid":31086,"hostname":"localhost.localdomain","msg":"Executed insert: INSERT INTO DEVICE_TYPE_CLUSTER (DEVICE_TYPE_REF, CLUSTER_NAME, INCLUDE_CLIENT, INCLUDE_SERVER, LOCK_CLIENT, LOCK_SERVER) VALUES (?,?,?,?,?,?): 6,On/off,true,false,true,true => rowid: 26","v":1}
{"level":30,"time":1589725316524,"pid":31086,"hostname":"localhost.localdomain","msg":"Executed insert: INSERT INTO DEVICE_TYPE_CLUSTER (DEVICE_TYPE_REF, CLUSTER_NAME, INCLUDE_CLIENT, INCLUDE_SERVER, LOCK_CLIENT, LOCK_SERVER) VALUES (?,?,?,?,?,?): 6,Scenes,true,false,true,true => rowid: 27","v":1}
{"level":30,"time":1589725316524,"pid":31086,"hostname":"localhost.localdomain","msg":"Executed insert: INSERT INTO DEVICE_TYPE_CLUSTER (DEVICE_TYPE_REF, CLUSTER_NAME, INCLUDE_CLIENT, INCLUDE_SERVER, LOCK_CLIENT, LOCK_SERVER) VALUES (?,?,?,?,?,?): 6,Groups,true,false,true,true => rowid: 28","v":1}
{"level":30,"time":1589725316524,"pid":31086,"hostname":"localhost.localdomain","msg":"Executed insert: INSERT INTO DEVICE_TYPE_CLUSTER (DEVICE_TYPE_REF, CLUSTER_NAME, INCLUDE_CLIENT, INCLUDE_SERVER, LOCK_CLIENT, LOCK_SERVER) VALUES (?,?,?,?,?,?): 6,Commissioning,false,true,true,true => rowid: 29","v":1}
{"level":30,"time":1589725316524,"pid":31086,"hostname":"localhost.localdomain","msg":"Executed insert: INSERT INTO DEVICE_TYPE_CLUSTER (DEVICE_TYPE_REF, CLUSTER_NAME, INCLUDE_CLIENT, INCLUDE_SERVER, LOCK_CLIENT, LOCK_SERVER) VALUES (?,?,?,?,?,?): 10,Basic,false,true,true,true => rowid: 30","v":1}
{"level":30,"time":1589725316525,"pid":31086,"hostname":"localhost.localdomain","msg":"Executed insert: INSERT INTO DEVICE_TYPE_CLUSTER (DEVICE_TYPE_REF, CLUSTER_NAME, INCLUDE_CLIENT, INCLUDE_SERVER, LOCK_CLIENT, LOCK_SERVER) VALUES (?,?,?,?,?,?): 10,Identify,false,true,true,true => rowid: 31","v":1}
{"level":30,"time":1589725316525,"pid":31086,"hostname":"localhost.localdomain","msg":"Executed insert: INSERT INTO DEVICE_TYPE_CLUSTER (DEVICE_TYPE_REF, CLUSTER_NAME, INCLUDE_CLIENT, INCLUDE_SERVER, LOCK_CLIENT, LOCK_SERVER) VALUES (?,?,?,?,?,?): 10,Power Configuration,false,true,true,false => rowid: 32","v":1}
{"level":30,"time":1589725316525,"pid":31086,"hostname":"localhost.localdomain","msg":"Executed insert: INSERT INTO DEVICE_TYPE_CLUSTER (DEVICE_TYPE_REF, CLUSTER_NAME, INCLUDE_CLIENT, INCLUDE_SERVER, LOCK_CLIENT, LOCK_SERVER) VALUES (?,?,?,?,?,?): 10,Device Temperature Configuration,false,true,true,false => rowid: 33","v":1}
{"level":30,"time":1589725316525,"pid":31086,"hostname":"localhost.localdomain","msg":"Executed insert: INSERT INTO DEVICE_TYPE_CLUSTER (DEVICE_TYPE_REF, CLUSTER_NAME, INCLUDE_CLIENT, INCLUDE_SERVER, LOCK_CLIENT, LOCK_SERVER) VALUES (?,?,?,?,?,?): 10,Alarms,false,true,true,false => rowid: 34","v":1}
{"level":30,"time":1589725316525,"pid":31086,"hostname":"localhost.localdomain","msg":"Executed insert: INSERT INTO DEVICE_TYPE_CLUSTER (DEVICE_TYPE_REF, CLUSTER_NAME, INCLUDE_CLIENT, INCLUDE_SERVER, LOCK_CLIENT, LOCK_SERVER) VALUES (?,?,?,?,?,?): 10,Time,false,false,true,false => rowid: 35","v":1}
{"level":30,"time":1589725316525,"pid":31086,"hostname":"localhost.localdomain","msg":"Executed insert: INSERT INTO DEVICE_TYPE_CLUSTER (DEVICE_TYPE_REF, CLUSTER_NAME, INCLUDE_CLIENT, INCLUDE_SERVER, LOCK_CLIENT, LOCK_SERVER) VALUES (?,?,?,?,?,?): 10,Thermostat,false,true,true,true => rowid: 36","v":1}
{"level":30,"time":1589725316525,"pid":31086,"hostname":"localhost.localdomain","msg":"Executed insert: INSERT INTO DEVICE_TYPE_CLUSTER (DEVICE_TYPE_REF, CLUSTER_NAME, INCLUDE_CLIENT, INCLUDE_SERVER, LOCK_CLIENT, LOCK_SERVER) VALUES (?,?,?,?,?,?): 10,Scenes,false,true,true,true => rowid: 37","v":1}
{"level":30,"time":1589725316525,"pid":31086,"hostname":"localhost.localdomain","msg":"Executed insert: INSERT INTO DEVICE_TYPE_CLUSTER (DEVICE_TYPE_REF, CLUSTER_NAME, INCLUDE_CLIENT, INCLUDE_SERVER, LOCK_CLIENT, LOCK_SERVER) VALUES (?,?,?,?,?,?): 10,Groups,false,true,true,true => rowid: 38","v":1}
{"level":30,"time":1589725316525,"pid":31086,"hostname":"localhost.localdomain","msg":"Executed insert: INSERT INTO DEVICE_TYPE_CLUSTER (DEVICE_TYPE_REF, CLUSTER_NAME, INCLUDE_CLIENT, INCLUDE_SERVER, LOCK_CLIENT, LOCK_SERVER) VALUES (?,?,?,?,?,?): 10,Thermostat User Interface Configuration,false,true,true,false => rowid: 39","v":1}
{"level":30,"time":1589725316525,"pid":31086,"hostname":"localhost.localdomain","msg":"Executed insert: INSERT INTO DEVICE_TYPE_CLUSTER (DEVICE_TYPE_REF, CLUSTER_NAME, INCLUDE_CLIENT, INCLUDE_SERVER, LOCK_CLIENT, LOCK_SERVER) VALUES (?,?,?,?,?,?): 10,Fan control,true,false,false,true => rowid: 40","v":1}
{"level":30,"time":1589725316525,"pid":31086,"hostname":"localhost.localdomain","msg":"Executed insert: INSERT INTO DEVICE_TYPE_CLUSTER (DEVICE_TYPE_REF, CLUSTER_NAME, INCLUDE_CLIENT, INCLUDE_SERVER, LOCK_CLIENT, LOCK_SERVER) VALUES (?,?,?,?,?,?): 10,Temperature measurement,true,false,false,true => rowid: 41","v":1}
{"level":30,"time":1589725316525,"pid":31086,"hostname":"localhost.localdomain","msg":"Executed insert: INSERT INTO DEVICE_TYPE_CLUSTER (DEVICE_TYPE_REF, CLUSTER_NAME, INCLUDE_CLIENT, INCLUDE_SERVER, LOCK_CLIENT, LOCK_SERVER) VALUES (?,?,?,?,?,?): 10,Occupancy Sensing,true,false,false,true => rowid: 42","v":1}
{"level":30,"time":1589725316525,"pid":31086,"hostname":"localhost.localdomain","msg":"Executed insert: INSERT INTO DEVICE_TYPE_CLUSTER (DEVICE_TYPE_REF, CLUSTER_NAME, INCLUDE_CLIENT, INCLUDE_SERVER, LOCK_CLIENT, LOCK_SERVER) VALUES (?,?,?,?,?,?): 10,Relative Humidity Measurement,true,false,false,true => rowid: 43","v":1}
{"level":30,"time":1589725316526,"pid":31086,"hostname":"localhost.localdomain","msg":"Executed insert: INSERT INTO DEVICE_TYPE_CLUSTER (DEVICE_TYPE_REF, CLUSTER_NAME, INCLUDE_CLIENT, INCLUDE_SERVER, LOCK_CLIENT, LOCK_SERVER) VALUES (?,?,?,?,?,?): 10,Commissioning,false,true,true,true => rowid: 44","v":1}
{"level":30,"time":1589725316526,"pid":31086,"hostname":"localhost.localdomain","msg":"Preparing statement: INSERT INTO DEVICE_TYPE_ATTRIBUTE (DEVICE_TYPE_CLUSTER_REF, ATTRIBUTE_NAME) VALUES (?, ?) to insert 0 records.","v":1}
{"level":30,"time":1589725316526,"pid":31086,"hostname":"localhost.localdomain","msg":"Preparing statement: INSERT INTO DEVICE_TYPE_COMMAND (DEVICE_TYPE_CLUSTER_REF, COMMAND_NAME) VALUES (?, ?) to insert 0 records.","v":1}
{"level":30,"time":1589725316526,"pid":31086,"hostname":"localhost.localdomain","msg":"Executed insert: INSERT INTO DEVICE_TYPE_CLUSTER (DEVICE_TYPE_REF, CLUSTER_NAME, INCLUDE_CLIENT, INCLUDE_SERVER, LOCK_CLIENT, LOCK_SERVER) VALUES (?,?,?,?,?,?): 16,Basic,false,true,true,true => rowid: 45","v":1}
{"level":30,"time":1589725316526,"pid":31086,"hostname":"localhost.localdomain","msg":"Executed insert: INSERT INTO DEVICE_TYPE_CLUSTER (DEVICE_TYPE_REF, CLUSTER_NAME, INCLUDE_CLIENT, INCLUDE_SERVER, LOCK_CLIENT, LOCK_SERVER) VALUES (?,?,?,?,?,?): 16,Identify,false,true,true,true => rowid: 46","v":1}
{"level":30,"time":1589725316526,"pid":31086,"hostname":"localhost.localdomain","msg":"Executed insert: INSERT INTO DEVICE_TYPE_CLUSTER (DEVICE_TYPE_REF, CLUSTER_NAME, INCLUDE_CLIENT, INCLUDE_SERVER, LOCK_CLIENT, LOCK_SERVER) VALUES (?,?,?,?,?,?): 16,Power Configuration,false,true,true,false => rowid: 47","v":1}
{"level":30,"time":1589725316526,"pid":31086,"hostname":"localhost.localdomain","msg":"Executed insert: INSERT INTO DEVICE_TYPE_CLUSTER (DEVICE_TYPE_REF, CLUSTER_NAME, INCLUDE_CLIENT, INCLUDE_SERVER, LOCK_CLIENT, LOCK_SERVER) VALUES (?,?,?,?,?,?): 16,Device Temperature Configuration,false,true,true,false => rowid: 48","v":1}
{"level":30,"time":1589725316526,"pid":31086,"hostname":"localhost.localdomain","msg":"Executed insert: INSERT INTO DEVICE_TYPE_CLUSTER (DEVICE_TYPE_REF, CLUSTER_NAME, INCLUDE_CLIENT, INCLUDE_SERVER, LOCK_CLIENT, LOCK_SERVER) VALUES (?,?,?,?,?,?): 16,Alarms,false,true,true,false => rowid: 49","v":1}
{"level":30,"time":1589725316526,"pid":31086,"hostname":"localhost.localdomain","msg":"Executed insert: INSERT INTO DEVICE_TYPE_CLUSTER (DEVICE_TYPE_REF, CLUSTER_NAME, INCLUDE_CLIENT, INCLUDE_SERVER, LOCK_CLIENT, LOCK_SERVER) VALUES (?,?,?,?,?,?): 16,Time,false,false,true,false => rowid: 50","v":1}
{"level":30,"time":1589725316526,"pid":31086,"hostname":"localhost.localdomain","msg":"Executed insert: INSERT INTO DEVICE_TYPE_CLUSTER (DEVICE_TYPE_REF, CLUSTER_NAME, INCLUDE_CLIENT, INCLUDE_SERVER, LOCK_CLIENT, LOCK_SERVER) VALUES (?,?,?,?,?,?): 16,Temperature measurement,false,true,true,true => rowid: 51","v":1}
{"level":30,"time":1589725316526,"pid":31086,"hostname":"localhost.localdomain","msg":"Executed insert: INSERT INTO DEVICE_TYPE_CLUSTER (DEVICE_TYPE_REF, CLUSTER_NAME, INCLUDE_CLIENT, INCLUDE_SERVER, LOCK_CLIENT, LOCK_SERVER) VALUES (?,?,?,?,?,?): 16,Groups,true,false,false,true => rowid: 52","v":1}
{"level":30,"time":1589725316526,"pid":31086,"hostname":"localhost.localdomain","msg":"Executed insert: INSERT INTO DEVICE_TYPE_CLUSTER (DEVICE_TYPE_REF, CLUSTER_NAME, INCLUDE_CLIENT, INCLUDE_SERVER, LOCK_CLIENT, LOCK_SERVER) VALUES (?,?,?,?,?,?): 16,Commissioning,false,true,true,true => rowid: 53","v":1}
{"level":30,"time":1589725316527,"pid":31086,"hostname":"localhost.localdomain","msg":"Preparing statement: INSERT INTO DEVICE_TYPE_ATTRIBUTE (DEVICE_TYPE_CLUSTER_REF, ATTRIBUTE_NAME) VALUES (?, ?) to insert 0 records.","v":1}
{"level":30,"time":1589725316527,"pid":31086,"hostname":"localhost.localdomain","msg":"Preparing statement: INSERT INTO DEVICE_TYPE_COMMAND (DEVICE_TYPE_CLUSTER_REF, COMMAND_NAME) VALUES (?, ?) to insert 0 records.","v":1}
{"level":30,"time":1589725316527,"pid":31086,"hostname":"localhost.localdomain","msg":"Executed insert: INSERT INTO DEVICE_TYPE_CLUSTER (DEVICE_TYPE_REF, CLUSTER_NAME, INCLUDE_CLIENT, INCLUDE_SERVER, LOCK_CLIENT, LOCK_SERVER) VALUES (?,?,?,?,?,?): 23,Basic,true,true,true,true => rowid: 54","v":1}
{"level":30,"time":1589725316527,"pid":31086,"hostname":"localhost.localdomain","msg":"Executed insert: INSERT INTO DEVICE_TYPE_CLUSTER (DEVICE_TYPE_REF, CLUSTER_NAME, INCLUDE_CLIENT, INCLUDE_SERVER, LOCK_CLIENT, LOCK_SERVER) VALUES (?,?,?,?,?,?): 23,Identify,true,false,true,true => rowid: 55","v":1}
{"level":30,"time":1589725316527,"pid":31086,"hostname":"localhost.localdomain","msg":"Executed insert: INSERT INTO DEVICE_TYPE_CLUSTER (DEVICE_TYPE_REF, CLUSTER_NAME, INCLUDE_CLIENT, INCLUDE_SERVER, LOCK_CLIENT, LOCK_SERVER) VALUES (?,?,?,?,?,?): 23,Groups,true,false,true,true => rowid: 56","v":1}
{"level":30,"time":1589725316527,"pid":31086,"hostname":"localhost.localdomain","msg":"Executed insert: INSERT INTO DEVICE_TYPE_CLUSTER (DEVICE_TYPE_REF, CLUSTER_NAME, INCLUDE_CLIENT, INCLUDE_SERVER, LOCK_CLIENT, LOCK_SERVER) VALUES (?,?,?,?,?,?): 23,Scenes,true,false,true,true => rowid: 57","v":1}
{"level":30,"time":1589725316527,"pid":31086,"hostname":"localhost.localdomain","msg":"Executed insert: INSERT INTO DEVICE_TYPE_CLUSTER (DEVICE_TYPE_REF, CLUSTER_NAME, INCLUDE_CLIENT, INCLUDE_SERVER, LOCK_CLIENT, LOCK_SERVER) VALUES (?,?,?,?,?,?): 23,Commissioning,true,false,true,true => rowid: 58","v":1}
{"level":30,"time":1589725316527,"pid":31086,"hostname":"localhost.localdomain","msg":"Preparing statement: INSERT INTO DEVICE_TYPE_ATTRIBUTE (DEVICE_TYPE_CLUSTER_REF, ATTRIBUTE_NAME) VALUES (?, ?) to insert 0 records.","v":1}
{"level":30,"time":1589725316527,"pid":31086,"hostname":"localhost.localdomain","msg":"Preparing statement: INSERT INTO DEVICE_TYPE_COMMAND (DEVICE_TYPE_CLUSTER_REF, COMMAND_NAME) VALUES (?, ?) to insert 0 records.","v":1}
{"level":30,"time":1589725316527,"pid":31086,"hostname":"localhost.localdomain","msg":"Executed insert: INSERT INTO DEVICE_TYPE_CLUSTER (DEVICE_TYPE_REF, CLUSTER_NAME, INCLUDE_CLIENT, INCLUDE_SERVER, LOCK_CLIENT, LOCK_SERVER) VALUES (?,?,?,?,?,?): 6,On/Off Switch Configuration,false,true,true,true => rowid: 59","v":1}
{"level":30,"time":1589725316527,"pid":31086,"hostname":"localhost.localdomain","msg":"Executed insert: INSERT INTO DEVICE_TYPE_CLUSTER (DEVICE_TYPE_REF, CLUSTER_NAME, INCLUDE_CLIENT, INCLUDE_SERVER, LOCK_CLIENT, LOCK_SERVER) VALUES (?,?,?,?,?,?): 6,Alarms,false,true,true,false => rowid: 60","v":1}
{"level":30,"time":1589725316527,"pid":31086,"hostname":"localhost.localdomain","msg":"Preparing statement: INSERT INTO DEVICE_TYPE_ATTRIBUTE (DEVICE_TYPE_CLUSTER_REF, ATTRIBUTE_NAME) VALUES (?, ?) to insert 0 records.","v":1}
{"level":30,"time":1589725316528,"pid":31086,"hostname":"localhost.localdomain","msg":"Preparing statement: INSERT INTO DEVICE_TYPE_COMMAND (DEVICE_TYPE_CLUSTER_REF, COMMAND_NAME) VALUES (?, ?) to insert 0 records.","v":1}
{"level":30,"time":1589725316528,"pid":31086,"hostname":"localhost.localdomain","msg":"Preparing statement: INSERT INTO BITMAP_FIELD (BITMAP_REF, NAME, MASK) VALUES (?, ?, ?) to insert 21 records.","v":1}
{"level":30,"time":1589725316529,"pid":31086,"hostname":"localhost.localdomain","msg":"Executed get: SELECT PACKAGE_ID, PATH, CRC FROM PACKAGE WHERE PATH = ?: zcl/ha.xml","v":1}
{"level":30,"time":1589725316529,"pid":31086,"hostname":"localhost.localdomain","msg":"No CRC in the database for file zcl/ha.xml, parsing.","v":1}
{"level":30,"time":1589725316530,"pid":31086,"hostname":"localhost.localdomain","msg":"Executed insert: INSERT INTO DEVICE_TYPE_CLUSTER (DEVICE_TYPE_REF, CLUSTER_NAME, INCLUDE_CLIENT, INCLUDE_SERVER, LOCK_CLIENT, LOCK_SERVER) VALUES (?,?,?,?,?,?): 2,Green Power,true,true,true,true => rowid: 61","v":1}
{"level":30,"time":1589725316530,"pid":31086,"hostname":"localhost.localdomain","msg":"Preparing statement: INSERT INTO DEVICE_TYPE_ATTRIBUTE (DEVICE_TYPE_CLUSTER_REF, ATTRIBUTE_NAME) VALUES (?, ?) to insert 0 records.","v":1}
{"level":30,"time":1589725316530,"pid":31086,"hostname":"localhost.localdomain","msg":"Preparing statement: INSERT INTO DEVICE_TYPE_COMMAND (DEVICE_TYPE_CLUSTER_REF, COMMAND_NAME) VALUES (?, ?) to insert 0 records.","v":1}
{"level":30,"time":1589725316530,"pid":31086,"hostname":"localhost.localdomain","msg":"Executed insert: INSERT INTO DEVICE_TYPE_CLUSTER (DEVICE_TYPE_REF, CLUSTER_NAME, INCLUDE_CLIENT, INCLUDE_SERVER, LOCK_CLIENT, LOCK_SERVER) VALUES (?,?,?,?,?,?): 5,Green Power,true,false,true,true => rowid: 62","v":1}
{"level":30,"time":1589725316530,"pid":31086,"hostname":"localhost.localdomain","msg":"Preparing statement: INSERT INTO DEVICE_TYPE_ATTRIBUTE (DEVICE_TYPE_CLUSTER_REF, ATTRIBUTE_NAME) VALUES (?, ?) to insert 0 records.","v":1}
{"level":30,"time":1589725316530,"pid":31086,"hostname":"localhost.localdomain","msg":"Preparing statement: INSERT INTO DEVICE_TYPE_COMMAND (DEVICE_TYPE_CLUSTER_REF, COMMAND_NAME) VALUES (?, ?) to insert 0 records.","v":1}
{"level":30,"time":1589725316530,"pid":31086,"hostname":"localhost.localdomain","msg":"Executed insert: INSERT INTO DEVICE_TYPE_CLUSTER (DEVICE_TYPE_REF, CLUSTER_NAME, INCLUDE_CLIENT, INCLUDE_SERVER, LOCK_CLIENT, LOCK_SERVER) VALUES (?,?,?,?,?,?): 9,Green Power,true,true,true,true => rowid: 63","v":1}
{"level":30,"time":1589725316530,"pid":31086,"hostname":"localhost.localdomain","msg":"Preparing statement: INSERT INTO DEVICE_TYPE_ATTRIBUTE (DEVICE_TYPE_CLUSTER_REF, ATTRIBUTE_NAME) VALUES (?, ?) to insert 0 records.","v":1}
{"level":30,"time":1589725316530,"pid":31086,"hostname":"localhost.localdomain","msg":"Preparing statement: INSERT INTO DEVICE_TYPE_COMMAND (DEVICE_TYPE_CLUSTER_REF, COMMAND_NAME) VALUES (?, ?) to insert 0 records.","v":1}
{"level":30,"time":1589725316530,"pid":31086,"hostname":"localhost.localdomain","msg":"Executed insert: INSERT INTO DEVICE_TYPE_CLUSTER (DEVICE_TYPE_REF, CLUSTER_NAME, INCLUDE_CLIENT, INCLUDE_SERVER, LOCK_CLIENT, LOCK_SERVER) VALUES (?,?,?,?,?,?): 14,Green Power,true,true,true,true => rowid: 64","v":1}
{"level":30,"time":1589725316530,"pid":31086,"hostname":"localhost.localdomain","msg":"Preparing statement: INSERT INTO DEVICE_TYPE_ATTRIBUTE (DEVICE_TYPE_CLUSTER_REF, ATTRIBUTE_NAME) VALUES (?, ?) to insert 0 records.","v":1}
{"level":30,"time":1589725316531,"pid":31086,"hostname":"localhost.localdomain","msg":"Preparing statement: INSERT INTO DEVICE_TYPE_COMMAND (DEVICE_TYPE_CLUSTER_REF, COMMAND_NAME) VALUES (?, ?) to insert 0 records.","v":1}
{"level":30,"time":1589725316531,"pid":31086,"hostname":"localhost.localdomain","msg":"Executed insert: INSERT INTO DEVICE_TYPE_CLUSTER (DEVICE_TYPE_REF, CLUSTER_NAME, INCLUDE_CLIENT, INCLUDE_SERVER, LOCK_CLIENT, LOCK_SERVER) VALUES (?,?,?,?,?,?): 21,Green Power,false,true,true,true => rowid: 65","v":1}
{"level":30,"time":1589725316531,"pid":31086,"hostname":"localhost.localdomain","msg":"Preparing statement: INSERT INTO DEVICE_TYPE_ATTRIBUTE (DEVICE_TYPE_CLUSTER_REF, ATTRIBUTE_NAME) VALUES (?, ?) to insert 0 records.","v":1}
{"level":30,"time":1589725316531,"pid":31086,"hostname":"localhost.localdomain","msg":"Preparing statement: INSERT INTO DEVICE_TYPE_COMMAND (DEVICE_TYPE_CLUSTER_REF, COMMAND_NAME) VALUES (?, ?) to insert 0 records.","v":1}
{"level":30,"time":1589725316531,"pid":31086,"hostname":"localhost.localdomain","msg":"Executed insert: INSERT INTO DEVICE_TYPE_CLUSTER (DEVICE_TYPE_REF, CLUSTER_NAME, INCLUDE_CLIENT, INCLUDE_SERVER, LOCK_CLIENT, LOCK_SERVER) VALUES (?,?,?,?,?,?): 28,Green Power,true,true,true,true => rowid: 66","v":1}
{"level":30,"time":1589725316531,"pid":31086,"hostname":"localhost.localdomain","msg":"Preparing statement: INSERT INTO DEVICE_TYPE_ATTRIBUTE (DEVICE_TYPE_CLUSTER_REF, ATTRIBUTE_NAME) VALUES (?, ?) to insert 0 records.","v":1}
{"level":30,"time":1589725316531,"pid":31086,"hostname":"localhost.localdomain","msg":"Preparing statement: INSERT INTO DEVICE_TYPE_COMMAND (DEVICE_TYPE_CLUSTER_REF, COMMAND_NAME) VALUES (?, ?) to insert 0 records.","v":1}
{"level":30,"time":1589725316531,"pid":31086,"hostname":"localhost.localdomain","msg":"Executed insert: INSERT INTO DEVICE_TYPE_CLUSTER (DEVICE_TYPE_REF, CLUSTER_NAME, INCLUDE_CLIENT, INCLUDE_SERVER, LOCK_CLIENT, LOCK_SERVER) VALUES (?,?,?,?,?,?): 34,Green Power,true,true,true,true => rowid: 67","v":1}
{"level":30,"time":1589725316531,"pid":31086,"hostname":"localhost.localdomain","msg":"Preparing statement: INSERT INTO DEVICE_TYPE_ATTRIBUTE (DEVICE_TYPE_CLUSTER_REF, ATTRIBUTE_NAME) VALUES (?, ?) to insert 0 records.","v":1}
{"level":30,"time":1589725316531,"pid":31086,"hostname":"localhost.localdomain","msg":"Preparing statement: INSERT INTO DEVICE_TYPE_COMMAND (DEVICE_TYPE_CLUSTER_REF, COMMAND_NAME) VALUES (?, ?) to insert 0 records.","v":1}
{"level":30,"time":1589725316531,"pid":31086,"hostname":"localhost.localdomain","msg":"Executed insert: INSERT INTO DEVICE_TYPE_CLUSTER (DEVICE_TYPE_REF, CLUSTER_NAME, INCLUDE_CLIENT, INCLUDE_SERVER, LOCK_CLIENT, LOCK_SERVER) VALUES (?,?,?,?,?,?): 40,Green Power,true,true,true,true => rowid: 68","v":1}
{"level":30,"time":1589725316531,"pid":31086,"hostname":"localhost.localdomain","msg":"Preparing statement: INSERT INTO DEVICE_TYPE_ATTRIBUTE (DEVICE_TYPE_CLUSTER_REF, ATTRIBUTE_NAME) VALUES (?, ?) to insert 0 records.","v":1}
{"level":30,"time":1589725316531,"pid":31086,"hostname":"localhost.localdomain","msg":"Preparing statement: INSERT INTO DEVICE_TYPE_COMMAND (DEVICE_TYPE_CLUSTER_REF, COMMAND_NAME) VALUES (?, ?) to insert 0 records.","v":1}
{"level":30,"time":1589725316532,"pid":31086,"hostname":"localhost.localdomain","msg":"Executed insert: INSERT INTO PACKAGE ( PATH, CRC ) VALUES (?, ?): zcl/ha.xml,20907493 => rowid: 17","v":1}
{"level":30,"time":1589725316643,"pid":31079,"hostname":"localhost.localdomain","msg":"Temporarily, we are forcibly deleting the sqlite file every time we start up the app. This goes away after a while, obviously.","v":1}
{"level":30,"time":1589725316657,"pid":31079,"hostname":"localhost.localdomain","msg":"Connected to the database at: /home/timotej/.silabs/zap/test-3.sqlite","v":1}
{"level":30,"time":1589725316661,"pid":31079,"hostname":"localhost.localdomain","msg":"Populate schema.","v":1}
{"level":30,"time":1589725316696,"pid":31086,"hostname":"localhost.localdomain","msg":"zcl/ha.xml, 17: 60 clusters.","v":1}
{"level":30,"time":1589725316698,"pid":31086,"hostname":"localhost.localdomain","msg":"Preparing statement: INSERT INTO CLUSTER (PACKAGE_REF, CODE, NAME, DESCRIPTION, DEFINE) VALUES (?, ?, ?, ?, ?) to insert 60 records.","v":1}
{"level":30,"time":1589725316698,"pid":31086,"hostname":"localhost.localdomain","msg":"zcl/ha.xml, 17: 6 domains.","v":1}
{"level":30,"time":1589725316698,"pid":31086,"hostname":"localhost.localdomain","msg":"Preparing statement: INSERT INTO DOMAIN (PACKAGE_REF, NAME) VALUES (?, ?) to insert 6 records.","v":1}
{"level":30,"time":1589725316700,"pid":31086,"hostname":"localhost.localdomain","msg":"Preparing statement: INSERT INTO COMMAND (CLUSTER_REF, CODE, NAME, DESCRIPTION, SOURCE, IS_OPTIONAL) VALUES (?,?,?,?,?,?) to insert 86 records.","v":1}
{"level":30,"time":1589725316700,"pid":31086,"hostname":"localhost.localdomain","msg":"Preparing statement: INSERT INTO ATTRIBUTE (CLUSTER_REF, CODE, NAME, TYPE, SIDE, DEFINE, MIN, MAX, IS_WRITABLE, DEFAULT_VALUE, IS_OPTIONAL, IS_REPORTABLE) VALUES (?,?,?,?,?,?,?,?,?,?,?,?) to insert 78 records.","v":1}
{"level":30,"time":1589725316701,"pid":31086,"hostname":"localhost.localdomain","msg":"Preparing statement: INSERT INTO COMMAND_ARG (COMMAND_REF, NAME, TYPE, IS_ARRAY) VALUES (?,?,?,?) to insert 57 records.","v":1}
{"level":30,"time":1589725316702,"pid":31086,"hostname":"localhost.localdomain","msg":"Preparing statement: INSERT INTO ENUM_ITEM (ENUM_REF, NAME, VALUE) VALUES (?, ?, ?) to insert 32 records.","v":1}
{"level":30,"time":1589725316704,"pid":31086,"hostname":"localhost.localdomain","msg":"Preparing statement: INSERT INTO ENUM_ITEM (ENUM_REF, NAME, VALUE) VALUES (?, ?, ?) to insert 155 records.","v":1}
{"level":30,"time":1589725316707,"pid":31086,"hostname":"localhost.localdomain","msg":"Preparing statement: INSERT INTO COMMAND (CLUSTER_REF, CODE, NAME, DESCRIPTION, SOURCE, IS_OPTIONAL) VALUES (?,?,?,?,?,?) to insert 69 records.","v":1}
{"level":30,"time":1589725316707,"pid":31086,"hostname":"localhost.localdomain","msg":"Preparing statement: INSERT INTO ATTRIBUTE (CLUSTER_REF, CODE, NAME, TYPE, SIDE, DEFINE, MIN, MAX, IS_WRITABLE, DEFAULT_VALUE, IS_OPTIONAL, IS_REPORTABLE) VALUES (?,?,?,?,?,?,?,?,?,?,?,?) to insert 162 records.","v":1}
{"level":30,"time":1589725316709,"pid":31086,"hostname":"localhost.localdomain","msg":"Executed insert: INSERT INTO DEVICE_TYPE_CLUSTER (DEVICE_TYPE_REF, CLUSTER_NAME, INCLUDE_CLIENT, INCLUDE_SERVER, LOCK_CLIENT, LOCK_SERVER) VALUES (?,?,?,?,?,?): 18,Basic,false,true,true,true => rowid: 69","v":1}
{"level":30,"time":1589725316709,"pid":31086,"hostname":"localhost.localdomain","msg":"Executed insert: INSERT INTO DEVICE_TYPE_CLUSTER (DEVICE_TYPE_REF, CLUSTER_NAME, INCLUDE_CLIENT, INCLUDE_SERVER, LOCK_CLIENT, LOCK_SERVER) VALUES (?,?,?,?,?,?): 18,ZLL Commissioning,true,true,true,true => rowid: 70","v":1}
{"level":30,"time":1589725316709,"pid":31086,"hostname":"localhost.localdomain","msg":"Executed insert: INSERT INTO DEVICE_TYPE_CLUSTER (DEVICE_TYPE_REF, CLUSTER_NAME, INCLUDE_CLIENT, INCLUDE_SERVER, LOCK_CLIENT, LOCK_SERVER) VALUES (?,?,?,?,?,?): 18,Groups,false,true,true,true => rowid: 71","v":1}
{"level":30,"time":1589725316709,"pid":31086,"hostname":"localhost.localdomain","msg":"Executed insert: INSERT INTO DEVICE_TYPE_CLUSTER (DEVICE_TYPE_REF, CLUSTER_NAME, INCLUDE_CLIENT, INCLUDE_SERVER, LOCK_CLIENT, LOCK_SERVER) VALUES (?,?,?,?,?,?): 18,Scenes,false,true,true,true => rowid: 72","v":1}
{"level":30,"time":1589725316709,"pid":31086,"hostname":"localhost.localdomain","msg":"Executed insert: INSERT INTO DEVICE_TYPE_CLUSTER (DEVICE_TYPE_REF, CLUSTER_NAME, INCLUDE_CLIENT, INCLUDE_SERVER, LOCK_CLIENT, LOCK_SERVER) VALUES (?,?,?,?,?,?): 18,Level Control,false,true,true,true => rowid: 73","v":1}
{"level":30,"time":1589725316709,"pid":31086,"hostname":"localhost.localdomain","msg":"Executed insert: INSERT INTO DEVICE_TYPE_CLUSTER (DEVICE_TYPE_REF, CLUSTER_NAME, INCLUDE_CLIENT, INCLUDE_SERVER, LOCK_CLIENT, LOCK_SERVER) VALUES (?,?,?,?,?,?): 18,On/Off,false,true,true,true => rowid: 74","v":1}
{"level":30,"time":1589725316709,"pid":31086,"hostname":"localhost.localdomain","msg":"Executed insert: INSERT INTO DEVICE_TYPE_CLUSTER (DEVICE_TYPE_REF, CLUSTER_NAME, INCLUDE_CLIENT, INCLUDE_SERVER, LOCK_CLIENT, LOCK_SERVER) VALUES (?,?,?,?,?,?): 18,Over the Air Bootloading,false,false,false,false => rowid: 75","v":1}
{"level":30,"time":1589725316709,"pid":31086,"hostname":"localhost.localdomain","msg":"Executed insert: INSERT INTO DEVICE_TYPE_CLUSTER (DEVICE_TYPE_REF, CLUSTER_NAME, INCLUDE_CLIENT, INCLUDE_SERVER, LOCK_CLIENT, LOCK_SERVER) VALUES (?,?,?,?,?,?): 25,Basic,false,true,true,true => rowid: 76","v":1}
{"level":30,"time":1589725316709,"pid":31086,"hostname":"localhost.localdomain","msg":"Executed insert: INSERT INTO DEVICE_TYPE_CLUSTER (DEVICE_TYPE_REF, CLUSTER_NAME, INCLUDE_CLIENT, INCLUDE_SERVER, LOCK_CLIENT, LOCK_SERVER) VALUES (?,?,?,?,?,?): 25,ZLL Commissioning,true,true,true,true => rowid: 77","v":1}
{"level":30,"time":1589725316709,"pid":31086,"hostname":"localhost.localdomain","msg":"Executed insert: INSERT INTO DEVICE_TYPE_CLUSTER (DEVICE_TYPE_REF, CLUSTER_NAME, INCLUDE_CLIENT, INCLUDE_SERVER, LOCK_CLIENT, LOCK_SERVER) VALUES (?,?,?,?,?,?): 25,Identify,false,true,true,true => rowid: 78","v":1}
{"level":30,"time":1589725316709,"pid":31086,"hostname":"localhost.localdomain","msg":"Executed insert: INSERT INTO DEVICE_TYPE_CLUSTER (DEVICE_TYPE_REF, CLUSTER_NAME, INCLUDE_CLIENT, INCLUDE_SERVER, LOCK_CLIENT, LOCK_SERVER) VALUES (?,?,?,?,?,?): 25,Groups,false,true,true,true => rowid: 79","v":1}
{"level":30,"time":1589725316710,"pid":31086,"hostname":"localhost.localdomain","msg":"Executed insert: INSERT INTO DEVICE_TYPE_CLUSTER (DEVICE_TYPE_REF, CLUSTER_NAME, INCLUDE_CLIENT, INCLUDE_SERVER, LOCK_CLIENT, LOCK_SERVER) VALUES (?,?,?,?,?,?): 25,Scenes,false,true,true,true => rowid: 80","v":1}
{"level":30,"time":1589725316710,"pid":31086,"hostname":"localhost.localdomain","msg":"Executed insert: INSERT INTO DEVICE_TYPE_CLUSTER (DEVICE_TYPE_REF, CLUSTER_NAME, INCLUDE_CLIENT, INCLUDE_SERVER, LOCK_CLIENT, LOCK_SERVER) VALUES (?,?,?,?,?,?): 25,On/Off,false,true,true,true => rowid: 81","v":1}
{"level":30,"time":1589725316710,"pid":31086,"hostname":"localhost.localdomain","msg":"Executed insert: INSERT INTO DEVICE_TYPE_CLUSTER (DEVICE_TYPE_REF, CLUSTER_NAME, INCLUDE_CLIENT, INCLUDE_SERVER, LOCK_CLIENT, LOCK_SERVER) VALUES (?,?,?,?,?,?): 25,Level Control,false,true,true,true => rowid: 82","v":1}
{"level":30,"time":1589725316710,"pid":31086,"hostname":"localhost.localdomain","msg":"Executed insert: INSERT INTO DEVICE_TYPE_CLUSTER (DEVICE_TYPE_REF, CLUSTER_NAME, INCLUDE_CLIENT, INCLUDE_SERVER, LOCK_CLIENT, LOCK_SERVER) VALUES (?,?,?,?,?,?): 25,Over the Air Bootloading,false,false,false,false => rowid: 83","v":1}
{"level":30,"time":1589725316710,"pid":31086,"hostname":"localhost.localdomain","msg":"Preparing statement: INSERT INTO DEVICE_TYPE_ATTRIBUTE (DEVICE_TYPE_CLUSTER_REF, ATTRIBUTE_NAME) VALUES (?, ?) to insert 22 records.","v":1}
{"level":30,"time":1589725316711,"pid":31086,"hostname":"localhost.localdomain","msg":"Preparing statement: INSERT INTO DEVICE_TYPE_COMMAND (DEVICE_TYPE_CLUSTER_REF, COMMAND_NAME) VALUES (?, ?) to insert 51 records.","v":1}
{"level":30,"time":1589725316711,"pid":31086,"hostname":"localhost.localdomain","msg":"Executed insert: INSERT INTO DEVICE_TYPE_CLUSTER (DEVICE_TYPE_REF, CLUSTER_NAME, INCLUDE_CLIENT, INCLUDE_SERVER, LOCK_CLIENT, LOCK_SERVER) VALUES (?,?,?,?,?,?): 31,Basic,false,true,true,true => rowid: 84","v":1}
{"level":30,"time":1589725316711,"pid":31086,"hostname":"localhost.localdomain","msg":"Executed insert: INSERT INTO DEVICE_TYPE_CLUSTER (DEVICE_TYPE_REF, CLUSTER_NAME, INCLUDE_CLIENT, INCLUDE_SERVER, LOCK_CLIENT, LOCK_SERVER) VALUES (?,?,?,?,?,?): 31,ZLL Commissioning,true,true,true,true => rowid: 85","v":1}
{"level":30,"time":1589725316711,"pid":31086,"hostname":"localhost.localdomain","msg":"Executed insert: INSERT INTO DEVICE_TYPE_CLUSTER (DEVICE_TYPE_REF, CLUSTER_NAME, INCLUDE_CLIENT, INCLUDE_SERVER, LOCK_CLIENT, LOCK_SERVER) VALUES (?,?,?,?,?,?): 31,Identify,false,true,true,true => rowid: 86","v":1}
{"level":30,"time":1589725316711,"pid":31086,"hostname":"localhost.localdomain","msg":"Executed insert: INSERT INTO DEVICE_TYPE_CLUSTER (DEVICE_TYPE_REF, CLUSTER_NAME, INCLUDE_CLIENT, INCLUDE_SERVER, LOCK_CLIENT, LOCK_SERVER) VALUES (?,?,?,?,?,?): 31,Groups,false,true,true,true => rowid: 87","v":1}
{"level":30,"time":1589725316711,"pid":31086,"hostname":"localhost.localdomain","msg":"Executed insert: INSERT INTO DEVICE_TYPE_CLUSTER (DEVICE_TYPE_REF, CLUSTER_NAME, INCLUDE_CLIENT, INCLUDE_SERVER, LOCK_CLIENT, LOCK_SERVER) VALUES (?,?,?,?,?,?): 31,Scenes,false,true,true,true => rowid: 88","v":1}
{"level":30,"time":1589725316711,"pid":31086,"hostname":"localhost.localdomain","msg":"Executed insert: INSERT INTO DEVICE_TYPE_CLUSTER (DEVICE_TYPE_REF, CLUSTER_NAME, INCLUDE_CLIENT, INCLUDE_SERVER, LOCK_CLIENT, LOCK_SERVER) VALUES (?,?,?,?,?,?): 31,On/Off,false,true,true,true => rowid: 89","v":1}
{"level":30,"time":1589725316711,"pid":31086,"hostname":"localhost.localdomain","msg":"Executed insert: INSERT INTO DEVICE_TYPE_CLUSTER (DEVICE_TYPE_REF, CLUSTER_NAME, INCLUDE_CLIENT, INCLUDE_SERVER, LOCK_CLIENT, LOCK_SERVER) VALUES (?,?,?,?,?,?): 31,Level Control,false,true,true,true => rowid: 90","v":1}
{"level":30,"time":1589725316711,"pid":31086,"hostname":"localhost.localdomain","msg":"Executed insert: INSERT INTO DEVICE_TYPE_CLUSTER (DEVICE_TYPE_REF, CLUSTER_NAME, INCLUDE_CLIENT, INCLUDE_SERVER, LOCK_CLIENT, LOCK_SERVER) VALUES (?,?,?,?,?,?): 31,Over the Air Bootloading,false,false,false,false => rowid: 91","v":1}
{"level":30,"time":1589725316711,"pid":31086,"hostname":"localhost.localdomain","msg":"Preparing statement: INSERT INTO DEVICE_TYPE_ATTRIBUTE (DEVICE_TYPE_CLUSTER_REF, ATTRIBUTE_NAME) VALUES (?, ?) to insert 22 records.","v":1}
{"level":30,"time":1589725316711,"pid":31086,"hostname":"localhost.localdomain","msg":"Preparing statement: INSERT INTO DEVICE_TYPE_COMMAND (DEVICE_TYPE_CLUSTER_REF, COMMAND_NAME) VALUES (?, ?) to insert 51 records.","v":1}
{"level":30,"time":1589725316712,"pid":31086,"hostname":"localhost.localdomain","msg":"Executed insert: INSERT INTO DEVICE_TYPE_CLUSTER (DEVICE_TYPE_REF, CLUSTER_NAME, INCLUDE_CLIENT, INCLUDE_SERVER, LOCK_CLIENT, LOCK_SERVER) VALUES (?,?,?,?,?,?): 37,Basic,false,true,true,true => rowid: 92","v":1}
{"level":30,"time":1589725316712,"pid":31086,"hostname":"localhost.localdomain","msg":"Executed insert: INSERT INTO DEVICE_TYPE_CLUSTER (DEVICE_TYPE_REF, CLUSTER_NAME, INCLUDE_CLIENT, INCLUDE_SERVER, LOCK_CLIENT, LOCK_SERVER) VALUES (?,?,?,?,?,?): 37,ZLL Commissioning,true,true,true,true => rowid: 93","v":1}
{"level":30,"time":1589725316712,"pid":31086,"hostname":"localhost.localdomain","msg":"Executed insert: INSERT INTO DEVICE_TYPE_CLUSTER (DEVICE_TYPE_REF, CLUSTER_NAME, INCLUDE_CLIENT, INCLUDE_SERVER, LOCK_CLIENT, LOCK_SERVER) VALUES (?,?,?,?,?,?): 37,Identify,false,true,true,true => rowid: 94","v":1}
{"level":30,"time":1589725316712,"pid":31086,"hostname":"localhost.localdomain","msg":"Executed insert: INSERT INTO DEVICE_TYPE_CLUSTER (DEVICE_TYPE_REF, CLUSTER_NAME, INCLUDE_CLIENT, INCLUDE_SERVER, LOCK_CLIENT, LOCK_SERVER) VALUES (?,?,?,?,?,?): 37,Groups,false,true,true,true => rowid: 95","v":1}
{"level":30,"time":1589725316712,"pid":31086,"hostname":"localhost.localdomain","msg":"Executed insert: INSERT INTO DEVICE_TYPE_CLUSTER (DEVICE_TYPE_REF, CLUSTER_NAME, INCLUDE_CLIENT, INCLUDE_SERVER, LOCK_CLIENT, LOCK_SERVER) VALUES (?,?,?,?,?,?): 18,Identify,false,true,true,true => rowid: 96","v":1}
{"level":30,"time":1589725316712,"pid":31086,"hostname":"localhost.localdomain","msg":"Preparing statement: INSERT INTO DEVICE_TYPE_ATTRIBUTE (DEVICE_TYPE_CLUSTER_REF, ATTRIBUTE_NAME) VALUES (?, ?) to insert 22 records.","v":1}
{"level":30,"time":1589725316713,"pid":31086,"hostname":"localhost.localdomain","msg":"Preparing statement: INSERT INTO DEVICE_TYPE_COMMAND (DEVICE_TYPE_CLUSTER_REF, COMMAND_NAME) VALUES (?, ?) to insert 51 records.","v":1}
{"level":30,"time":1589725316713,"pid":31086,"hostname":"localhost.localdomain","msg":"Executed insert: INSERT INTO DEVICE_TYPE_CLUSTER (DEVICE_TYPE_REF, CLUSTER_NAME, INCLUDE_CLIENT, INCLUDE_SERVER, LOCK_CLIENT, LOCK_SERVER) VALUES (?,?,?,?,?,?): 37,Over the Air Bootloading,false,false,false,false => rowid: 97","v":1}
{"level":30,"time":1589725316713,"pid":31086,"hostname":"localhost.localdomain","msg":"Executed insert: INSERT INTO DEVICE_TYPE_CLUSTER (DEVICE_TYPE_REF, CLUSTER_NAME, INCLUDE_CLIENT, INCLUDE_SERVER, LOCK_CLIENT, LOCK_SERVER) VALUES (?,?,?,?,?,?): 43,Basic,false,true,true,true => rowid: 98","v":1}
{"level":30,"time":1589725316713,"pid":31086,"hostname":"localhost.localdomain","msg":"Executed insert: INSERT INTO DEVICE_TYPE_CLUSTER (DEVICE_TYPE_REF, CLUSTER_NAME, INCLUDE_CLIENT, INCLUDE_SERVER, LOCK_CLIENT, LOCK_SERVER) VALUES (?,?,?,?,?,?): 43,ZLL Commissioning,true,true,true,true => rowid: 99","v":1}
{"level":30,"time":1589725316713,"pid":31086,"hostname":"localhost.localdomain","msg":"Executed insert: INSERT INTO DEVICE_TYPE_CLUSTER (DEVICE_TYPE_REF, CLUSTER_NAME, INCLUDE_CLIENT, INCLUDE_SERVER, LOCK_CLIENT, LOCK_SERVER) VALUES (?,?,?,?,?,?): 43,Identify,false,true,true,true => rowid: 100","v":1}
{"level":30,"time":1589725316713,"pid":31086,"hostname":"localhost.localdomain","msg":"Executed insert: INSERT INTO DEVICE_TYPE_CLUSTER (DEVICE_TYPE_REF, CLUSTER_NAME, INCLUDE_CLIENT, INCLUDE_SERVER, LOCK_CLIENT, LOCK_SERVER) VALUES (?,?,?,?,?,?): 43,Groups,false,true,true,true => rowid: 101","v":1}
{"level":30,"time":1589725316713,"pid":31086,"hostname":"localhost.localdomain","msg":"Executed insert: INSERT INTO DEVICE_TYPE_CLUSTER (DEVICE_TYPE_REF, CLUSTER_NAME, INCLUDE_CLIENT, INCLUDE_SERVER, LOCK_CLIENT, LOCK_SERVER) VALUES (?,?,?,?,?,?): 43,Scenes,false,true,true,true => rowid: 102","v":1}
{"level":30,"time":1589725316713,"pid":31086,"hostname":"localhost.localdomain","msg":"Executed insert: INSERT INTO DEVICE_TYPE_CLUSTER (DEVICE_TYPE_REF, CLUSTER_NAME, INCLUDE_CLIENT, INCLUDE_SERVER, LOCK_CLIENT, LOCK_SERVER) VALUES (?,?,?,?,?,?): 43,On/Off,false,true,true,true => rowid: 103","v":1}
{"level":30,"time":1589725316713,"pid":31086,"hostname":"localhost.localdomain","msg":"Executed insert: INSERT INTO DEVICE_TYPE_CLUSTER (DEVICE_TYPE_REF, CLUSTER_NAME, INCLUDE_CLIENT, INCLUDE_SERVER, LOCK_CLIENT, LOCK_SERVER) VALUES (?,?,?,?,?,?): 43,Level Control,false,true,true,true => rowid: 104","v":1}
{"level":30,"time":1589725316714,"pid":31086,"hostname":"localhost.localdomain","msg":"Executed insert: INSERT INTO DEVICE_TYPE_CLUSTER (DEVICE_TYPE_REF, CLUSTER_NAME, INCLUDE_CLIENT, INCLUDE_SERVER, LOCK_CLIENT, LOCK_SERVER) VALUES (?,?,?,?,?,?): 43,Color Control,false,true,true,true => rowid: 105","v":1}
{"level":30,"time":1589725316714,"pid":31086,"hostname":"localhost.localdomain","msg":"Executed insert: INSERT INTO DEVICE_TYPE_CLUSTER (DEVICE_TYPE_REF, CLUSTER_NAME, INCLUDE_CLIENT, INCLUDE_SERVER, LOCK_CLIENT, LOCK_SERVER) VALUES (?,?,?,?,?,?): 43,Over the Air Bootloading,false,false,false,false => rowid: 106","v":1}
{"level":30,"time":1589725316714,"pid":31086,"hostname":"localhost.localdomain","msg":"Preparing statement: INSERT INTO DEVICE_TYPE_ATTRIBUTE (DEVICE_TYPE_CLUSTER_REF, ATTRIBUTE_NAME) VALUES (?, ?) to insert 58 records.","v":1}
{"level":30,"time":1589725316714,"pid":31086,"hostname":"localhost.localdomain","msg":"Preparing statement: INSERT INTO DEVICE_TYPE_COMMAND (DEVICE_TYPE_CLUSTER_REF, COMMAND_NAME) VALUES (?, ?) to insert 70 records.","v":1}
{"level":30,"time":1589725316714,"pid":31086,"hostname":"localhost.localdomain","msg":"Executed insert: INSERT INTO DEVICE_TYPE_CLUSTER (DEVICE_TYPE_REF, CLUSTER_NAME, INCLUDE_CLIENT, INCLUDE_SERVER, LOCK_CLIENT, LOCK_SERVER) VALUES (?,?,?,?,?,?): 48,Basic,false,true,true,true => rowid: 107","v":1}
{"level":30,"time":1589725316714,"pid":31086,"hostname":"localhost.localdomain","msg":"Executed insert: INSERT INTO DEVICE_TYPE_CLUSTER (DEVICE_TYPE_REF, CLUSTER_NAME, INCLUDE_CLIENT, INCLUDE_SERVER, LOCK_CLIENT, LOCK_SERVER) VALUES (?,?,?,?,?,?): 48,ZLL Commissioning,true,true,true,true => rowid: 108","v":1}
{"level":30,"time":1589725316714,"pid":31086,"hostname":"localhost.localdomain","msg":"Executed insert: INSERT INTO DEVICE_TYPE_CLUSTER (DEVICE_TYPE_REF, CLUSTER_NAME, INCLUDE_CLIENT, INCLUDE_SERVER, LOCK_CLIENT, LOCK_SERVER) VALUES (?,?,?,?,?,?): 48,Identify,false,true,true,true => rowid: 109","v":1}
{"level":30,"time":1589725316714,"pid":31086,"hostname":"localhost.localdomain","msg":"Executed insert: INSERT INTO DEVICE_TYPE_CLUSTER (DEVICE_TYPE_REF, CLUSTER_NAME, INCLUDE_CLIENT, INCLUDE_SERVER, LOCK_CLIENT, LOCK_SERVER) VALUES (?,?,?,?,?,?): 48,Groups,false,true,true,true => rowid: 110","v":1}
{"level":30,"time":1589725316714,"pid":31086,"hostname":"localhost.localdomain","msg":"Executed insert: INSERT INTO DEVICE_TYPE_CLUSTER (DEVICE_TYPE_REF, CLUSTER_NAME, INCLUDE_CLIENT, INCLUDE_SERVER, LOCK_CLIENT, LOCK_SERVER) VALUES (?,?,?,?,?,?): 48,Scenes,false,true,true,true => rowid: 111","v":1}
{"level":30,"time":1589725316714,"pid":31086,"hostname":"localhost.localdomain","msg":"Executed insert: INSERT INTO DEVICE_TYPE_CLUSTER (DEVICE_TYPE_REF, CLUSTER_NAME, INCLUDE_CLIENT, INCLUDE_SERVER, LOCK_CLIENT, LOCK_SERVER) VALUES (?,?,?,?,?,?): 48,On/Off,false,true,true,true => rowid: 112","v":1}
{"level":30,"time":1589725316714,"pid":31086,"hostname":"localhost.localdomain","msg":"Executed insert: INSERT INTO DEVICE_TYPE_CLUSTER (DEVICE_TYPE_REF, CLUSTER_NAME, INCLUDE_CLIENT, INCLUDE_SERVER, LOCK_CLIENT, LOCK_SERVER) VALUES (?,?,?,?,?,?): 48,Level Control,false,true,true,true => rowid: 113","v":1}
{"level":30,"time":1589725316714,"pid":31086,"hostname":"localhost.localdomain","msg":"Executed insert: INSERT INTO DEVICE_TYPE_CLUSTER (DEVICE_TYPE_REF, CLUSTER_NAME, INCLUDE_CLIENT, INCLUDE_SERVER, LOCK_CLIENT, LOCK_SERVER) VALUES (?,?,?,?,?,?): 48,Color Control,false,true,true,true => rowid: 114","v":1}
{"level":30,"time":1589725316715,"pid":31086,"hostname":"localhost.localdomain","msg":"Executed insert: INSERT INTO DEVICE_TYPE_CLUSTER (DEVICE_TYPE_REF, CLUSTER_NAME, INCLUDE_CLIENT, INCLUDE_SERVER, LOCK_CLIENT, LOCK_SERVER) VALUES (?,?,?,?,?,?): 48,Over the Air Bootloading,false,false,false,false => rowid: 115","v":1}
{"level":30,"time":1589725316715,"pid":31086,"hostname":"localhost.localdomain","msg":"Preparing statement: INSERT INTO DEVICE_TYPE_ATTRIBUTE (DEVICE_TYPE_CLUSTER_REF, ATTRIBUTE_NAME) VALUES (?, ?) to insert 58 records.","v":1}
{"level":30,"time":1589725316715,"pid":31086,"hostname":"localhost.localdomain","msg":"Preparing statement: INSERT INTO DEVICE_TYPE_COMMAND (DEVICE_TYPE_CLUSTER_REF, COMMAND_NAME) VALUES (?, ?) to insert 70 records.","v":1}
{"level":30,"time":1589725316715,"pid":31086,"hostname":"localhost.localdomain","msg":"Executed insert: INSERT INTO DEVICE_TYPE_CLUSTER (DEVICE_TYPE_REF, CLUSTER_NAME, INCLUDE_CLIENT, INCLUDE_SERVER, LOCK_CLIENT, LOCK_SERVER) VALUES (?,?,?,?,?,?): 53,Basic,false,true,true,true => rowid: 116","v":1}
{"level":30,"time":1589725316715,"pid":31086,"hostname":"localhost.localdomain","msg":"Executed insert: INSERT INTO DEVICE_TYPE_CLUSTER (DEVICE_TYPE_REF, CLUSTER_NAME, INCLUDE_CLIENT, INCLUDE_SERVER, LOCK_CLIENT, LOCK_SERVER) VALUES (?,?,?,?,?,?): 53,ZLL Commissioning,true,true,true,true => rowid: 117","v":1}
{"level":30,"time":1589725316715,"pid":31086,"hostname":"localhost.localdomain","msg":"Executed insert: INSERT INTO DEVICE_TYPE_CLUSTER (DEVICE_TYPE_REF, CLUSTER_NAME, INCLUDE_CLIENT, INCLUDE_SERVER, LOCK_CLIENT, LOCK_SERVER) VALUES (?,?,?,?,?,?): 53,Identify,false,true,true,true => rowid: 118","v":1}
{"level":30,"time":1589725316715,"pid":31086,"hostname":"localhost.localdomain","msg":"Executed insert: INSERT INTO DEVICE_TYPE_CLUSTER (DEVICE_TYPE_REF, CLUSTER_NAME, INCLUDE_CLIENT, INCLUDE_SERVER, LOCK_CLIENT, LOCK_SERVER) VALUES (?,?,?,?,?,?): 53,Groups,false,true,true,true => rowid: 119","v":1}
{"level":30,"time":1589725316715,"pid":31086,"hostname":"localhost.localdomain","msg":"Executed insert: INSERT INTO DEVICE_TYPE_CLUSTER (DEVICE_TYPE_REF, CLUSTER_NAME, INCLUDE_CLIENT, INCLUDE_SERVER, LOCK_CLIENT, LOCK_SERVER) VALUES (?,?,?,?,?,?): 53,Scenes,false,true,true,true => rowid: 120","v":1}
{"level":30,"time":1589725316715,"pid":31086,"hostname":"localhost.localdomain","msg":"Executed insert: INSERT INTO DEVICE_TYPE_CLUSTER (DEVICE_TYPE_REF, CLUSTER_NAME, INCLUDE_CLIENT, INCLUDE_SERVER, LOCK_CLIENT, LOCK_SERVER) VALUES (?,?,?,?,?,?): 53,On/Off,false,true,true,true => rowid: 121","v":1}
{"level":30,"time":1589725316715,"pid":31086,"hostname":"localhost.localdomain","msg":"Executed insert: INSERT INTO DEVICE_TYPE_CLUSTER (DEVICE_TYPE_REF, CLUSTER_NAME, INCLUDE_CLIENT, INCLUDE_SERVER, LOCK_CLIENT, LOCK_SERVER) VALUES (?,?,?,?,?,?): 53,Color Control,false,true,true,true => rowid: 122","v":1}
{"level":30,"time":1589725316715,"pid":31086,"hostname":"localhost.localdomain","msg":"Executed insert: INSERT INTO DEVICE_TYPE_CLUSTER (DEVICE_TYPE_REF, CLUSTER_NAME, INCLUDE_CLIENT, INCLUDE_SERVER, LOCK_CLIENT, LOCK_SERVER) VALUES (?,?,?,?,?,?): 53,Over the Air Bootloading,false,false,false,false => rowid: 123","v":1}
{"level":30,"time":1589725316715,"pid":31086,"hostname":"localhost.localdomain","msg":"Executed insert: INSERT INTO DEVICE_TYPE_CLUSTER (DEVICE_TYPE_REF, CLUSTER_NAME, INCLUDE_CLIENT, INCLUDE_SERVER, LOCK_CLIENT, LOCK_SERVER) VALUES (?,?,?,?,?,?): 53,Level Control,false,true,true,true => rowid: 124","v":1}
{"level":30,"time":1589725316716,"pid":31086,"hostname":"localhost.localdomain","msg":"Preparing statement: INSERT INTO DEVICE_TYPE_ATTRIBUTE (DEVICE_TYPE_CLUSTER_REF, ATTRIBUTE_NAME) VALUES (?, ?) to insert 58 records.","v":1}
{"level":30,"time":1589725316716,"pid":31086,"hostname":"localhost.localdomain","msg":"Preparing statement: INSERT INTO DEVICE_TYPE_COMMAND (DEVICE_TYPE_CLUSTER_REF, COMMAND_NAME) VALUES (?, ?) to insert 70 records.","v":1}
{"level":30,"time":1589725316716,"pid":31086,"hostname":"localhost.localdomain","msg":"Executed insert: INSERT INTO DEVICE_TYPE_CLUSTER (DEVICE_TYPE_REF, CLUSTER_NAME, INCLUDE_CLIENT, INCLUDE_SERVER, LOCK_CLIENT, LOCK_SERVER) VALUES (?,?,?,?,?,?): 58,Basic,false,true,true,true => rowid: 125","v":1}
{"level":30,"time":1589725316716,"pid":31086,"hostname":"localhost.localdomain","msg":"Executed insert: INSERT INTO DEVICE_TYPE_CLUSTER (DEVICE_TYPE_REF, CLUSTER_NAME, INCLUDE_CLIENT, INCLUDE_SERVER, LOCK_CLIENT, LOCK_SERVER) VALUES (?,?,?,?,?,?): 58,ZLL Commissioning,true,true,true,true => rowid: 126","v":1}
{"level":30,"time":1589725316716,"pid":31086,"hostname":"localhost.localdomain","msg":"Executed insert: INSERT INTO DEVICE_TYPE_CLUSTER (DEVICE_TYPE_REF, CLUSTER_NAME, INCLUDE_CLIENT, INCLUDE_SERVER, LOCK_CLIENT, LOCK_SERVER) VALUES (?,?,?,?,?,?): 58,Identify,true,false,true,true => rowid: 127","v":1}
{"level":30,"time":1589725316716,"pid":31086,"hostname":"localhost.localdomain","msg":"Executed insert: INSERT INTO DEVICE_TYPE_CLUSTER (DEVICE_TYPE_REF, CLUSTER_NAME, INCLUDE_CLIENT, INCLUDE_SERVER, LOCK_CLIENT, LOCK_SERVER) VALUES (?,?,?,?,?,?): 58,Groups,true,false,true,true => rowid: 128","v":1}
{"level":30,"time":1589725316716,"pid":31086,"hostname":"localhost.localdomain","msg":"Executed insert: INSERT INTO DEVICE_TYPE_CLUSTER (DEVICE_TYPE_REF, CLUSTER_NAME, INCLUDE_CLIENT, INCLUDE_SERVER, LOCK_CLIENT, LOCK_SERVER) VALUES (?,?,?,?,?,?): 58,On/Off,true,false,true,true => rowid: 129","v":1}
{"level":30,"time":1589725316716,"pid":31086,"hostname":"localhost.localdomain","msg":"Executed insert: INSERT INTO DEVICE_TYPE_CLUSTER (DEVICE_TYPE_REF, CLUSTER_NAME, INCLUDE_CLIENT, INCLUDE_SERVER, LOCK_CLIENT, LOCK_SERVER) VALUES (?,?,?,?,?,?): 58,Level Control,true,false,true,true => rowid: 130","v":1}
{"level":30,"time":1589725316716,"pid":31086,"hostname":"localhost.localdomain","msg":"Executed insert: INSERT INTO DEVICE_TYPE_CLUSTER (DEVICE_TYPE_REF, CLUSTER_NAME, INCLUDE_CLIENT, INCLUDE_SERVER, LOCK_CLIENT, LOCK_SERVER) VALUES (?,?,?,?,?,?): 58,Color Control,true,false,true,true => rowid: 131","v":1}
{"level":30,"time":1589725316716,"pid":31086,"hostname":"localhost.localdomain","msg":"Executed insert: INSERT INTO DEVICE_TYPE_CLUSTER (DEVICE_TYPE_REF, CLUSTER_NAME, INCLUDE_CLIENT, INCLUDE_SERVER, LOCK_CLIENT, LOCK_SERVER) VALUES (?,?,?,?,?,?): 58,Over the Air Bootloading,false,false,false,false => rowid: 132","v":1}
{"level":30,"time":1589725316716,"pid":31086,"hostname":"localhost.localdomain","msg":"Preparing statement: INSERT INTO DEVICE_TYPE_ATTRIBUTE (DEVICE_TYPE_CLUSTER_REF, ATTRIBUTE_NAME) VALUES (?, ?) to insert 9 records.","v":1}
{"level":30,"time":1589725316717,"pid":31086,"hostname":"localhost.localdomain","msg":"Preparing statement: INSERT INTO DEVICE_TYPE_COMMAND (DEVICE_TYPE_CLUSTER_REF, COMMAND_NAME) VALUES (?, ?) to insert 23 records.","v":1}
{"level":30,"time":1589725316717,"pid":31086,"hostname":"localhost.localdomain","msg":"Executed insert: INSERT INTO DEVICE_TYPE_CLUSTER (DEVICE_TYPE_REF, CLUSTER_NAME, INCLUDE_CLIENT, INCLUDE_SERVER, LOCK_CLIENT, LOCK_SERVER) VALUES (?,?,?,?,?,?): 63,Basic,false,true,true,true => rowid: 133","v":1}
{"level":30,"time":1589725316717,"pid":31086,"hostname":"localhost.localdomain","msg":"Executed insert: INSERT INTO DEVICE_TYPE_CLUSTER (DEVICE_TYPE_REF, CLUSTER_NAME, INCLUDE_CLIENT, INCLUDE_SERVER, LOCK_CLIENT, LOCK_SERVER) VALUES (?,?,?,?,?,?): 63,ZLL Commissioning,true,true,true,true => rowid: 134","v":1}
{"level":30,"time":1589725316717,"pid":31086,"hostname":"localhost.localdomain","msg":"Executed insert: INSERT INTO DEVICE_TYPE_CLUSTER (DEVICE_TYPE_REF, CLUSTER_NAME, INCLUDE_CLIENT, INCLUDE_SERVER, LOCK_CLIENT, LOCK_SERVER) VALUES (?,?,?,?,?,?): 63,Identify,true,false,true,true => rowid: 135","v":1}
{"level":30,"time":1589725316717,"pid":31086,"hostname":"localhost.localdomain","msg":"Executed insert: INSERT INTO DEVICE_TYPE_CLUSTER (DEVICE_TYPE_REF, CLUSTER_NAME, INCLUDE_CLIENT, INCLUDE_SERVER, LOCK_CLIENT, LOCK_SERVER) VALUES (?,?,?,?,?,?): 63,Groups,true,false,true,true => rowid: 136","v":1}
{"level":30,"time":1589725316717,"pid":31086,"hostname":"localhost.localdomain","msg":"Executed insert: INSERT INTO DEVICE_TYPE_CLUSTER (DEVICE_TYPE_REF, CLUSTER_NAME, INCLUDE_CLIENT, INCLUDE_SERVER, LOCK_CLIENT, LOCK_SERVER) VALUES (?,?,?,?,?,?): 63,Scenes,true,false,true,true => rowid: 137","v":1}
{"level":30,"time":1589725316717,"pid":31086,"hostname":"localhost.localdomain","msg":"Executed insert: INSERT INTO DEVICE_TYPE_CLUSTER (DEVICE_TYPE_REF, CLUSTER_NAME, INCLUDE_CLIENT, INCLUDE_SERVER, LOCK_CLIENT, LOCK_SERVER) VALUES (?,?,?,?,?,?): 63,On/Off,true,false,true,true => rowid: 138","v":1}
{"level":30,"time":1589725316717,"pid":31086,"hostname":"localhost.localdomain","msg":"Executed insert: INSERT INTO DEVICE_TYPE_CLUSTER (DEVICE_TYPE_REF, CLUSTER_NAME, INCLUDE_CLIENT, INCLUDE_SERVER, LOCK_CLIENT, LOCK_SERVER) VALUES (?,?,?,?,?,?): 63,Level Control,true,false,true,true => rowid: 139","v":1}
{"level":30,"time":1589725316717,"pid":31086,"hostname":"localhost.localdomain","msg":"Executed insert: INSERT INTO DEVICE_TYPE_CLUSTER (DEVICE_TYPE_REF, CLUSTER_NAME, INCLUDE_CLIENT, INCLUDE_SERVER, LOCK_CLIENT, LOCK_SERVER) VALUES (?,?,?,?,?,?): 63,Color Control,true,false,true,true => rowid: 140","v":1}
{"level":30,"time":1589725316717,"pid":31086,"hostname":"localhost.localdomain","msg":"Executed insert: INSERT INTO DEVICE_TYPE_CLUSTER (DEVICE_TYPE_REF, CLUSTER_NAME, INCLUDE_CLIENT, INCLUDE_SERVER, LOCK_CLIENT, LOCK_SERVER) VALUES (?,?,?,?,?,?): 63,Over the Air Bootloading,false,false,false,false => rowid: 141","v":1}
{"level":30,"time":1589725316717,"pid":31086,"hostname":"localhost.localdomain","msg":"Preparing statement: INSERT INTO DEVICE_TYPE_ATTRIBUTE (DEVICE_TYPE_CLUSTER_REF, ATTRIBUTE_NAME) VALUES (?, ?) to insert 9 records.","v":1}
{"level":30,"time":1589725316717,"pid":31086,"hostname":"localhost.localdomain","msg":"Preparing statement: INSERT INTO DEVICE_TYPE_COMMAND (DEVICE_TYPE_CLUSTER_REF, COMMAND_NAME) VALUES (?, ?) to insert 32 records.","v":1}
{"level":30,"time":1589725316717,"pid":31086,"hostname":"localhost.localdomain","msg":"Executed insert: INSERT INTO DEVICE_TYPE_CLUSTER (DEVICE_TYPE_REF, CLUSTER_NAME, INCLUDE_CLIENT, INCLUDE_SERVER, LOCK_CLIENT, LOCK_SERVER) VALUES (?,?,?,?,?,?): 68,Basic,false,true,true,true => rowid: 142","v":1}
{"level":30,"time":1589725316718,"pid":31086,"hostname":"localhost.localdomain","msg":"Executed insert: INSERT INTO DEVICE_TYPE_CLUSTER (DEVICE_TYPE_REF, CLUSTER_NAME, INCLUDE_CLIENT, INCLUDE_SERVER, LOCK_CLIENT, LOCK_SERVER) VALUES (?,?,?,?,?,?): 68,ZLL Commissioning,true,true,true,true => rowid: 143","v":1}
{"level":30,"time":1589725316718,"pid":31086,"hostname":"localhost.localdomain","msg":"Executed insert: INSERT INTO DEVICE_TYPE_CLUSTER (DEVICE_TYPE_REF, CLUSTER_NAME, INCLUDE_CLIENT, INCLUDE_SERVER, LOCK_CLIENT, LOCK_SERVER) VALUES (?,?,?,?,?,?): 68,Identify,true,false,true,true => rowid: 144","v":1}
{"level":30,"time":1589725316718,"pid":31086,"hostname":"localhost.localdomain","msg":"Executed insert: INSERT INTO DEVICE_TYPE_CLUSTER (DEVICE_TYPE_REF, CLUSTER_NAME, INCLUDE_CLIENT, INCLUDE_SERVER, LOCK_CLIENT, LOCK_SERVER) VALUES (?,?,?,?,?,?): 68,Groups,true,false,true,true => rowid: 145","v":1}
{"level":30,"time":1589725316718,"pid":31086,"hostname":"localhost.localdomain","msg":"Executed insert: INSERT INTO DEVICE_TYPE_CLUSTER (DEVICE_TYPE_REF, CLUSTER_NAME, INCLUDE_CLIENT, INCLUDE_SERVER, LOCK_CLIENT, LOCK_SERVER) VALUES (?,?,?,?,?,?): 68,On/Off,true,false,true,true => rowid: 146","v":1}
{"level":30,"time":1589725316718,"pid":31086,"hostname":"localhost.localdomain","msg":"Executed insert: INSERT INTO DEVICE_TYPE_CLUSTER (DEVICE_TYPE_REF, CLUSTER_NAME, INCLUDE_CLIENT, INCLUDE_SERVER, LOCK_CLIENT, LOCK_SERVER) VALUES (?,?,?,?,?,?): 68,Level Control,true,false,true,true => rowid: 147","v":1}
{"level":30,"time":1589725316718,"pid":31086,"hostname":"localhost.localdomain","msg":"Executed insert: INSERT INTO DEVICE_TYPE_CLUSTER (DEVICE_TYPE_REF, CLUSTER_NAME, INCLUDE_CLIENT, INCLUDE_SERVER, LOCK_CLIENT, LOCK_SERVER) VALUES (?,?,?,?,?,?): 68,Over the Air Bootloading,false,false,false,false => rowid: 148","v":1}
{"level":30,"time":1589725316718,"pid":31086,"hostname":"localhost.localdomain","msg":"Preparing statement: INSERT INTO DEVICE_TYPE_ATTRIBUTE (DEVICE_TYPE_CLUSTER_REF, ATTRIBUTE_NAME) VALUES (?, ?) to insert 9 records.","v":1}
{"level":30,"time":1589725316718,"pid":31086,"hostname":"localhost.localdomain","msg":"Preparing statement: INSERT INTO DEVICE_TYPE_COMMAND (DEVICE_TYPE_CLUSTER_REF, COMMAND_NAME) VALUES (?, ?) to insert 23 records.","v":1}
{"level":30,"time":1589725316718,"pid":31086,"hostname":"localhost.localdomain","msg":"Executed insert: INSERT INTO DEVICE_TYPE_CLUSTER (DEVICE_TYPE_REF, CLUSTER_NAME, INCLUDE_CLIENT, INCLUDE_SERVER, LOCK_CLIENT, LOCK_SERVER) VALUES (?,?,?,?,?,?): 73,Basic,false,true,true,true => rowid: 149","v":1}
{"level":30,"time":1589725316718,"pid":31086,"hostname":"localhost.localdomain","msg":"Executed insert: INSERT INTO DEVICE_TYPE_CLUSTER (DEVICE_TYPE_REF, CLUSTER_NAME, INCLUDE_CLIENT, INCLUDE_SERVER, LOCK_CLIENT, LOCK_SERVER) VALUES (?,?,?,?,?,?): 73,ZLL Commissioning,true,true,true,true => rowid: 150","v":1}
{"level":30,"time":1589725316718,"pid":31086,"hostname":"localhost.localdomain","msg":"Executed insert: INSERT INTO DEVICE_TYPE_CLUSTER (DEVICE_TYPE_REF, CLUSTER_NAME, INCLUDE_CLIENT, INCLUDE_SERVER, LOCK_CLIENT, LOCK_SERVER) VALUES (?,?,?,?,?,?): 73,Identify,true,false,true,true => rowid: 151","v":1}
{"level":30,"time":1589725316719,"pid":31086,"hostname":"localhost.localdomain","msg":"Executed insert: INSERT INTO DEVICE_TYPE_CLUSTER (DEVICE_TYPE_REF, CLUSTER_NAME, INCLUDE_CLIENT, INCLUDE_SERVER, LOCK_CLIENT, LOCK_SERVER) VALUES (?,?,?,?,?,?): 73,Groups,true,false,true,true => rowid: 152","v":1}
{"level":30,"time":1589725316719,"pid":31086,"hostname":"localhost.localdomain","msg":"Executed insert: INSERT INTO DEVICE_TYPE_CLUSTER (DEVICE_TYPE_REF, CLUSTER_NAME, INCLUDE_CLIENT, INCLUDE_SERVER, LOCK_CLIENT, LOCK_SERVER) VALUES (?,?,?,?,?,?): 73,Scenes,true,false,true,true => rowid: 153","v":1}
{"level":30,"time":1589725316719,"pid":31086,"hostname":"localhost.localdomain","msg":"Executed insert: INSERT INTO DEVICE_TYPE_CLUSTER (DEVICE_TYPE_REF, CLUSTER_NAME, INCLUDE_CLIENT, INCLUDE_SERVER, LOCK_CLIENT, LOCK_SERVER) VALUES (?,?,?,?,?,?): 73,On/Off,true,false,true,true => rowid: 154","v":1}
{"level":30,"time":1589725316719,"pid":31086,"hostname":"localhost.localdomain","msg":"Executed insert: INSERT INTO DEVICE_TYPE_CLUSTER (DEVICE_TYPE_REF, CLUSTER_NAME, INCLUDE_CLIENT, INCLUDE_SERVER, LOCK_CLIENT, LOCK_SERVER) VALUES (?,?,?,?,?,?): 37,On/Off,false,true,true,true => rowid: 155","v":1}
{"level":30,"time":1589725316719,"pid":31086,"hostname":"localhost.localdomain","msg":"Executed insert: INSERT INTO DEVICE_TYPE_CLUSTER (DEVICE_TYPE_REF, CLUSTER_NAME, INCLUDE_CLIENT, INCLUDE_SERVER, LOCK_CLIENT, LOCK_SERVER) VALUES (?,?,?,?,?,?): 73,Over the Air Bootloading,false,false,false,false => rowid: 156","v":1}
{"level":30,"time":1589725316719,"pid":31086,"hostname":"localhost.localdomain","msg":"Executed insert: INSERT INTO DEVICE_TYPE_CLUSTER (DEVICE_TYPE_REF, CLUSTER_NAME, INCLUDE_CLIENT, INCLUDE_SERVER, LOCK_CLIENT, LOCK_SERVER) VALUES (?,?,?,?,?,?): 78,Basic,false,true,true,true => rowid: 157","v":1}
{"level":30,"time":1589725316719,"pid":31086,"hostname":"localhost.localdomain","msg":"Executed insert: INSERT INTO DEVICE_TYPE_CLUSTER (DEVICE_TYPE_REF, CLUSTER_NAME, INCLUDE_CLIENT, INCLUDE_SERVER, LOCK_CLIENT, LOCK_SERVER) VALUES (?,?,?,?,?,?): 78,ZLL Commissioning,true,true,true,true => rowid: 158","v":1}
{"level":30,"time":1589725316719,"pid":31086,"hostname":"localhost.localdomain","msg":"Executed insert: INSERT INTO DEVICE_TYPE_CLUSTER (DEVICE_TYPE_REF, CLUSTER_NAME, INCLUDE_CLIENT, INCLUDE_SERVER, LOCK_CLIENT, LOCK_SERVER) VALUES (?,?,?,?,?,?): 78,Identify,true,false,true,true => rowid: 159","v":1}
{"level":30,"time":1589725316719,"pid":31086,"hostname":"localhost.localdomain","msg":"Executed insert: INSERT INTO DEVICE_TYPE_CLUSTER (DEVICE_TYPE_REF, CLUSTER_NAME, INCLUDE_CLIENT, INCLUDE_SERVER, LOCK_CLIENT, LOCK_SERVER) VALUES (?,?,?,?,?,?): 78,Groups,true,false,true,true => rowid: 160","v":1}
{"level":30,"time":1589725316720,"pid":31086,"hostname":"localhost.localdomain","msg":"Executed insert: INSERT INTO DEVICE_TYPE_CLUSTER (DEVICE_TYPE_REF, CLUSTER_NAME, INCLUDE_CLIENT, INCLUDE_SERVER, LOCK_CLIENT, LOCK_SERVER) VALUES (?,?,?,?,?,?): 78,On/Off,true,false,true,true => rowid: 161","v":1}
{"level":30,"time":1589725316720,"pid":31086,"hostname":"localhost.localdomain","msg":"Executed insert: INSERT INTO DEVICE_TYPE_CLUSTER (DEVICE_TYPE_REF, CLUSTER_NAME, INCLUDE_CLIENT, INCLUDE_SERVER, LOCK_CLIENT, LOCK_SERVER) VALUES (?,?,?,?,?,?): 78,Level Control,true,false,true,true => rowid: 162","v":1}
{"level":30,"time":1589725316720,"pid":31086,"hostname":"localhost.localdomain","msg":"Executed insert: INSERT INTO DEVICE_TYPE_CLUSTER (DEVICE_TYPE_REF, CLUSTER_NAME, INCLUDE_CLIENT, INCLUDE_SERVER, LOCK_CLIENT, LOCK_SERVER) VALUES (?,?,?,?,?,?): 78,Scenes,true,false,true,true => rowid: 163","v":1}
{"level":30,"time":1589725316720,"pid":31086,"hostname":"localhost.localdomain","msg":"Executed insert: INSERT INTO DEVICE_TYPE_CLUSTER (DEVICE_TYPE_REF, CLUSTER_NAME, INCLUDE_CLIENT, INCLUDE_SERVER, LOCK_CLIENT, LOCK_SERVER) VALUES (?,?,?,?,?,?): 78,Color Control,true,false,true,true => rowid: 164","v":1}
{"level":30,"time":1589725316720,"pid":31086,"hostname":"localhost.localdomain","msg":"Executed insert: INSERT INTO DEVICE_TYPE_CLUSTER (DEVICE_TYPE_REF, CLUSTER_NAME, INCLUDE_CLIENT, INCLUDE_SERVER, LOCK_CLIENT, LOCK_SERVER) VALUES (?,?,?,?,?,?): 78,Over the Air Bootloading,false,false,false,false => rowid: 165","v":1}
{"level":30,"time":1589725316720,"pid":31086,"hostname":"localhost.localdomain","msg":"Preparing statement: INSERT INTO DEVICE_TYPE_ATTRIBUTE (DEVICE_TYPE_CLUSTER_REF, ATTRIBUTE_NAME) VALUES (?, ?) to insert 9 records.","v":1}
{"level":30,"time":1589725316720,"pid":31086,"hostname":"localhost.localdomain","msg":"Preparing statement: INSERT INTO DEVICE_TYPE_COMMAND (DEVICE_TYPE_CLUSTER_REF, COMMAND_NAME) VALUES (?, ?) to insert 32 records.","v":1}
{"level":30,"time":1589725316720,"pid":31086,"hostname":"localhost.localdomain","msg":"Executed insert: INSERT INTO DEVICE_TYPE_CLUSTER (DEVICE_TYPE_REF, CLUSTER_NAME, INCLUDE_CLIENT, INCLUDE_SERVER, LOCK_CLIENT, LOCK_SERVER) VALUES (?,?,?,?,?,?): 83,Basic,false,true,true,true => rowid: 166","v":1}
{"level":30,"time":1589725316720,"pid":31086,"hostname":"localhost.localdomain","msg":"Executed insert: INSERT INTO DEVICE_TYPE_CLUSTER (DEVICE_TYPE_REF, CLUSTER_NAME, INCLUDE_CLIENT, INCLUDE_SERVER, LOCK_CLIENT, LOCK_SERVER) VALUES (?,?,?,?,?,?): 83,ZLL Commissioning,true,true,true,true => rowid: 167","v":1}
{"level":30,"time":1589725316720,"pid":31086,"hostname":"localhost.localdomain","msg":"Executed insert: INSERT INTO DEVICE_TYPE_CLUSTER (DEVICE_TYPE_REF, CLUSTER_NAME, INCLUDE_CLIENT, INCLUDE_SERVER, LOCK_CLIENT, LOCK_SERVER) VALUES (?,?,?,?,?,?): 83,Identify,true,false,true,true => rowid: 168","v":1}
{"level":30,"time":1589725316720,"pid":31086,"hostname":"localhost.localdomain","msg":"Executed insert: INSERT INTO DEVICE_TYPE_CLUSTER (DEVICE_TYPE_REF, CLUSTER_NAME, INCLUDE_CLIENT, INCLUDE_SERVER, LOCK_CLIENT, LOCK_SERVER) VALUES (?,?,?,?,?,?): 83,Groups,true,false,true,true => rowid: 169","v":1}
{"level":30,"time":1589725316720,"pid":31086,"hostname":"localhost.localdomain","msg":"Executed insert: INSERT INTO DEVICE_TYPE_CLUSTER (DEVICE_TYPE_REF, CLUSTER_NAME, INCLUDE_CLIENT, INCLUDE_SERVER, LOCK_CLIENT, LOCK_SERVER) VALUES (?,?,?,?,?,?): 83,Scenes,true,false,true,true => rowid: 170","v":1}
{"level":30,"time":1589725316721,"pid":31086,"hostname":"localhost.localdomain","msg":"Executed insert: INSERT INTO DEVICE_TYPE_CLUSTER (DEVICE_TYPE_REF, CLUSTER_NAME, INCLUDE_CLIENT, INCLUDE_SERVER, LOCK_CLIENT, LOCK_SERVER) VALUES (?,?,?,?,?,?): 83,On/Off,true,false,true,true => rowid: 171","v":1}
{"level":30,"time":1589725316721,"pid":31086,"hostname":"localhost.localdomain","msg":"Executed insert: INSERT INTO DEVICE_TYPE_CLUSTER (DEVICE_TYPE_REF, CLUSTER_NAME, INCLUDE_CLIENT, INCLUDE_SERVER, LOCK_CLIENT, LOCK_SERVER) VALUES (?,?,?,?,?,?): 83,Level Control,true,false,true,true => rowid: 172","v":1}
{"level":30,"time":1589725316721,"pid":31086,"hostname":"localhost.localdomain","msg":"Executed insert: INSERT INTO DEVICE_TYPE_CLUSTER (DEVICE_TYPE_REF, CLUSTER_NAME, INCLUDE_CLIENT, INCLUDE_SERVER, LOCK_CLIENT, LOCK_SERVER) VALUES (?,?,?,?,?,?): 83,Color Control,true,false,true,true => rowid: 173","v":1}
{"level":30,"time":1589725316721,"pid":31086,"hostname":"localhost.localdomain","msg":"Executed insert: INSERT INTO DEVICE_TYPE_CLUSTER (DEVICE_TYPE_REF, CLUSTER_NAME, INCLUDE_CLIENT, INCLUDE_SERVER, LOCK_CLIENT, LOCK_SERVER) VALUES (?,?,?,?,?,?): 83,Over the Air Bootloading,false,false,false,false => rowid: 174","v":1}
{"level":30,"time":1589725316721,"pid":31086,"hostname":"localhost.localdomain","msg":"Preparing statement: INSERT INTO DEVICE_TYPE_ATTRIBUTE (DEVICE_TYPE_CLUSTER_REF, ATTRIBUTE_NAME) VALUES (?, ?) to insert 9 records.","v":1}
{"level":30,"time":1589725316721,"pid":31086,"hostname":"localhost.localdomain","msg":"Preparing statement: INSERT INTO DEVICE_TYPE_COMMAND (DEVICE_TYPE_CLUSTER_REF, COMMAND_NAME) VALUES (?, ?) to insert 32 records.","v":1}
{"level":30,"time":1589725316723,"pid":31086,"hostname":"localhost.localdomain","msg":"Executed insert: INSERT INTO DEVICE_TYPE_CLUSTER (DEVICE_TYPE_REF, CLUSTER_NAME, INCLUDE_CLIENT, INCLUDE_SERVER, LOCK_CLIENT, LOCK_SERVER) VALUES (?,?,?,?,?,?): 37,Level Control,false,true,true,true => rowid: 175","v":1}
{"level":30,"time":1589725316723,"pid":31086,"hostname":"localhost.localdomain","msg":"Executed insert: INSERT INTO DEVICE_TYPE_CLUSTER (DEVICE_TYPE_REF, CLUSTER_NAME, INCLUDE_CLIENT, INCLUDE_SERVER, LOCK_CLIENT, LOCK_SERVER) VALUES (?,?,?,?,?,?): 73,Level Control,true,false,true,true => rowid: 176","v":1}
{"level":30,"time":1589725316723,"pid":31086,"hostname":"localhost.localdomain","msg":"Preparing statement: INSERT INTO DEVICE_TYPE_ATTRIBUTE (DEVICE_TYPE_CLUSTER_REF, ATTRIBUTE_NAME) VALUES (?, ?) to insert 9 records.","v":1}
{"level":30,"time":1589725316723,"pid":31086,"hostname":"localhost.localdomain","msg":"Preparing statement: INSERT INTO DEVICE_TYPE_COMMAND (DEVICE_TYPE_CLUSTER_REF, COMMAND_NAME) VALUES (?, ?) to insert 32 records.","v":1}
{"level":30,"time":1589725316723,"pid":31086,"hostname":"localhost.localdomain","msg":"Executed insert: INSERT INTO DEVICE_TYPE_CLUSTER (DEVICE_TYPE_REF, CLUSTER_NAME, INCLUDE_CLIENT, INCLUDE_SERVER, LOCK_CLIENT, LOCK_SERVER) VALUES (?,?,?,?,?,?): 37,Scenes,false,true,true,true => rowid: 177","v":1}
{"level":30,"time":1589725316723,"pid":31086,"hostname":"localhost.localdomain","msg":"Preparing statement: INSERT INTO DEVICE_TYPE_ATTRIBUTE (DEVICE_TYPE_CLUSTER_REF, ATTRIBUTE_NAME) VALUES (?, ?) to insert 22 records.","v":1}
{"level":30,"time":1589725316723,"pid":31086,"hostname":"localhost.localdomain","msg":"Preparing statement: INSERT INTO DEVICE_TYPE_COMMAND (DEVICE_TYPE_CLUSTER_REF, COMMAND_NAME) VALUES (?, ?) to insert 51 records.","v":1}
{"level":30,"time":1589725316727,"pid":31086,"hostname":"localhost.localdomain","msg":"Preparing statement: INSERT INTO COMMAND_ARG (COMMAND_REF, NAME, TYPE, IS_ARRAY) VALUES (?,?,?,?) to insert 106 records.","v":1}
{"level":30,"time":1589725316734,"pid":31086,"hostname":"localhost.localdomain","msg":"Preparing statement: INSERT INTO COMMAND_ARG (COMMAND_REF, NAME, TYPE, IS_ARRAY) VALUES (?,?,?,?) to insert 123 records.","v":1}
{"level":30,"time":1589725316736,"pid":31086,"hostname":"localhost.localdomain","msg":"Executed insert: INSERT INTO DEVICE_TYPE_CLUSTER (DEVICE_TYPE_REF, CLUSTER_NAME, INCLUDE_CLIENT, INCLUDE_SERVER, LOCK_CLIENT, LOCK_SERVER) VALUES (?,?,?,?,?,?): 4,Basic,true,true,true,true => rowid: 178","v":1}
{"level":30,"time":1589725316736,"pid":31086,"hostname":"localhost.localdomain","msg":"Executed insert: INSERT INTO DEVICE_TYPE_CLUSTER (DEVICE_TYPE_REF, CLUSTER_NAME, INCLUDE_CLIENT, INCLUDE_SERVER, LOCK_CLIENT, LOCK_SERVER) VALUES (?,?,?,?,?,?): 4,Groups,false,false,true,false => rowid: 179","v":1}
{"level":30,"time":1589725316736,"pid":31086,"hostname":"localhost.localdomain","msg":"Executed insert: INSERT INTO DEVICE_TYPE_CLUSTER (DEVICE_TYPE_REF, CLUSTER_NAME, INCLUDE_CLIENT, INCLUDE_SERVER, LOCK_CLIENT, LOCK_SERVER) VALUES (?,?,?,?,?,?): 4,Commissioning,false,false,true,false => rowid: 180","v":1}
{"level":30,"time":1589725316736,"pid":31086,"hostname":"localhost.localdomain","msg":"Executed insert: INSERT INTO DEVICE_TYPE_CLUSTER (DEVICE_TYPE_REF, CLUSTER_NAME, INCLUDE_CLIENT, INCLUDE_SERVER, LOCK_CLIENT, LOCK_SERVER) VALUES (?,?,?,?,?,?): 4,Identify,true,false,true,false => rowid: 181","v":1}
{"level":30,"time":1589725316736,"pid":31086,"hostname":"localhost.localdomain","msg":"Executed insert: INSERT INTO DEVICE_TYPE_CLUSTER (DEVICE_TYPE_REF, CLUSTER_NAME, INCLUDE_CLIENT, INCLUDE_SERVER, LOCK_CLIENT, LOCK_SERVER) VALUES (?,?,?,?,?,?): 4,ISO 7816 Protocol Tunnel,true,false,true,false => rowid: 182","v":1}
{"level":30,"time":1589725316737,"pid":31086,"hostname":"localhost.localdomain","msg":"Executed insert: INSERT INTO DEVICE_TYPE_CLUSTER (DEVICE_TYPE_REF, CLUSTER_NAME, INCLUDE_CLIENT, INCLUDE_SERVER, LOCK_CLIENT, LOCK_SERVER) VALUES (?,?,?,?,?,?): 4,Information,false,false,false,false => rowid: 183","v":1}
{"level":30,"time":1589725316737,"pid":31086,"hostname":"localhost.localdomain","msg":"Executed insert: INSERT INTO DEVICE_TYPE_CLUSTER (DEVICE_TYPE_REF, CLUSTER_NAME, INCLUDE_CLIENT, INCLUDE_SERVER, LOCK_CLIENT, LOCK_SERVER) VALUES (?,?,?,?,?,?): 4,Payment,false,false,false,false => rowid: 184","v":1}
{"level":30,"time":1589725316737,"pid":31086,"hostname":"localhost.localdomain","msg":"Executed insert: INSERT INTO DEVICE_TYPE_CLUSTER (DEVICE_TYPE_REF, CLUSTER_NAME, INCLUDE_CLIENT, INCLUDE_SERVER, LOCK_CLIENT, LOCK_SERVER) VALUES (?,?,?,?,?,?): 4,Billing,false,false,false,true => rowid: 185","v":1}
{"level":30,"time":1589725316737,"pid":31086,"hostname":"localhost.localdomain","msg":"Executed insert: INSERT INTO DEVICE_TYPE_CLUSTER (DEVICE_TYPE_REF, CLUSTER_NAME, INCLUDE_CLIENT, INCLUDE_SERVER, LOCK_CLIENT, LOCK_SERVER) VALUES (?,?,?,?,?,?): 4,Data Sharing,false,false,false,false => rowid: 186","v":1}
{"level":30,"time":1589725316737,"pid":31086,"hostname":"localhost.localdomain","msg":"Executed insert: INSERT INTO DEVICE_TYPE_CLUSTER (DEVICE_TYPE_REF, CLUSTER_NAME, INCLUDE_CLIENT, INCLUDE_SERVER, LOCK_CLIENT, LOCK_SERVER) VALUES (?,?,?,?,?,?): 4,Voice over ZigBee,false,false,false,false => rowid: 187","v":1}
{"level":30,"time":1589725316737,"pid":31086,"hostname":"localhost.localdomain","msg":"Executed insert: INSERT INTO DEVICE_TYPE_CLUSTER (DEVICE_TYPE_REF, CLUSTER_NAME, INCLUDE_CLIENT, INCLUDE_SERVER, LOCK_CLIENT, LOCK_SERVER) VALUES (?,?,?,?,?,?): 4,Data Rate Control,false,false,false,false => rowid: 188","v":1}
{"level":30,"time":1589725316737,"pid":31086,"hostname":"localhost.localdomain","msg":"Executed insert: INSERT INTO DEVICE_TYPE_CLUSTER (DEVICE_TYPE_REF, CLUSTER_NAME, INCLUDE_CLIENT, INCLUDE_SERVER, LOCK_CLIENT, LOCK_SERVER) VALUES (?,?,?,?,?,?): 4,Chatting,false,false,false,false => rowid: 189","v":1}
{"level":30,"time":1589725316737,"pid":31086,"hostname":"localhost.localdomain","msg":"Executed insert: INSERT INTO DEVICE_TYPE_CLUSTER (DEVICE_TYPE_REF, CLUSTER_NAME, INCLUDE_CLIENT, INCLUDE_SERVER, LOCK_CLIENT, LOCK_SERVER) VALUES (?,?,?,?,?,?): 4,RSSI Location,false,false,true,false => rowid: 190","v":1}
{"level":30,"time":1589725316737,"pid":31086,"hostname":"localhost.localdomain","msg":"Preparing statement: INSERT INTO DEVICE_TYPE_ATTRIBUTE (DEVICE_TYPE_CLUSTER_REF, ATTRIBUTE_NAME) VALUES (?, ?) to insert 0 records.","v":1}
{"level":30,"time":1589725316737,"pid":31086,"hostname":"localhost.localdomain","msg":"Preparing statement: INSERT INTO DEVICE_TYPE_COMMAND (DEVICE_TYPE_CLUSTER_REF, COMMAND_NAME) VALUES (?, ?) to insert 0 records.","v":1}
{"level":30,"time":1589725316737,"pid":31086,"hostname":"localhost.localdomain","msg":"Executed insert: INSERT INTO DEVICE_TYPE_CLUSTER (DEVICE_TYPE_REF, CLUSTER_NAME, INCLUDE_CLIENT, INCLUDE_SERVER, LOCK_CLIENT, LOCK_SERVER) VALUES (?,?,?,?,?,?): 7,Basic,true,true,true,true => rowid: 191","v":1}
{"level":30,"time":1589725316737,"pid":31086,"hostname":"localhost.localdomain","msg":"Executed insert: INSERT INTO DEVICE_TYPE_CLUSTER (DEVICE_TYPE_REF, CLUSTER_NAME, INCLUDE_CLIENT, INCLUDE_SERVER, LOCK_CLIENT, LOCK_SERVER) VALUES (?,?,?,?,?,?): 7,Groups,false,false,true,false => rowid: 192","v":1}
{"level":30,"time":1589725316737,"pid":31086,"hostname":"localhost.localdomain","msg":"Executed insert: INSERT INTO DEVICE_TYPE_CLUSTER (DEVICE_TYPE_REF, CLUSTER_NAME, INCLUDE_CLIENT, INCLUDE_SERVER, LOCK_CLIENT, LOCK_SERVER) VALUES (?,?,?,?,?,?): 7,Commissioning,false,false,true,false => rowid: 193","v":1}
{"level":30,"time":1589725316738,"pid":31086,"hostname":"localhost.localdomain","msg":"Executed insert: INSERT INTO DEVICE_TYPE_CLUSTER (DEVICE_TYPE_REF, CLUSTER_NAME, INCLUDE_CLIENT, INCLUDE_SERVER, LOCK_CLIENT, LOCK_SERVER) VALUES (?,?,?,?,?,?): 7,Identify,true,false,true,false => rowid: 194","v":1}
{"level":30,"time":1589725316738,"pid":31086,"hostname":"localhost.localdomain","msg":"Executed insert: INSERT INTO DEVICE_TYPE_CLUSTER (DEVICE_TYPE_REF, CLUSTER_NAME, INCLUDE_CLIENT, INCLUDE_SERVER, LOCK_CLIENT, LOCK_SERVER) VALUES (?,?,?,?,?,?): 7,Data Sharing,false,false,false,false => rowid: 195","v":1}
{"level":30,"time":1589725316738,"pid":31086,"hostname":"localhost.localdomain","msg":"Executed insert: INSERT INTO DEVICE_TYPE_CLUSTER (DEVICE_TYPE_REF, CLUSTER_NAME, INCLUDE_CLIENT, INCLUDE_SERVER, LOCK_CLIENT, LOCK_SERVER) VALUES (?,?,?,?,?,?): 7,Data Rate Control,false,false,false,false => rowid: 196","v":1}
{"level":30,"time":1589725316738,"pid":31086,"hostname":"localhost.localdomain","msg":"Executed insert: INSERT INTO DEVICE_TYPE_CLUSTER (DEVICE_TYPE_REF, CLUSTER_NAME, INCLUDE_CLIENT, INCLUDE_SERVER, LOCK_CLIENT, LOCK_SERVER) VALUES (?,?,?,?,?,?): 7,Voice over ZigBee,false,false,false,false => rowid: 197","v":1}
{"level":30,"time":1589725316738,"pid":31086,"hostname":"localhost.localdomain","msg":"Executed insert: INSERT INTO DEVICE_TYPE_CLUSTER (DEVICE_TYPE_REF, CLUSTER_NAME, INCLUDE_CLIENT, INCLUDE_SERVER, LOCK_CLIENT, LOCK_SERVER) VALUES (?,?,?,?,?,?): 7,Gaming,false,false,false,false => rowid: 198","v":1}
{"level":30,"time":1589725316738,"pid":31086,"hostname":"localhost.localdomain","msg":"Executed insert: INSERT INTO DEVICE_TYPE_CLUSTER (DEVICE_TYPE_REF, CLUSTER_NAME, INCLUDE_CLIENT, INCLUDE_SERVER, LOCK_CLIENT, LOCK_SERVER) VALUES (?,?,?,?,?,?): 7,Chatting,false,false,false,false => rowid: 199","v":1}
{"level":30,"time":1589725316738,"pid":31086,"hostname":"localhost.localdomain","msg":"Executed insert: INSERT INTO DEVICE_TYPE_CLUSTER (DEVICE_TYPE_REF, CLUSTER_NAME, INCLUDE_CLIENT, INCLUDE_SERVER, LOCK_CLIENT, LOCK_SERVER) VALUES (?,?,?,?,?,?): 7,ISO 7816 Protocol Tunnel,false,false,false,false => rowid: 200","v":1}
{"level":30,"time":1589725316738,"pid":31086,"hostname":"localhost.localdomain","msg":"Executed insert: INSERT INTO DEVICE_TYPE_CLUSTER (DEVICE_TYPE_REF, CLUSTER_NAME, INCLUDE_CLIENT, INCLUDE_SERVER, LOCK_CLIENT, LOCK_SERVER) VALUES (?,?,?,?,?,?): 7,Partition,false,false,false,false => rowid: 201","v":1}
{"level":30,"time":1589725316738,"pid":31086,"hostname":"localhost.localdomain","msg":"Executed insert: INSERT INTO DEVICE_TYPE_CLUSTER (DEVICE_TYPE_REF, CLUSTER_NAME, INCLUDE_CLIENT, INCLUDE_SERVER, LOCK_CLIENT, LOCK_SERVER) VALUES (?,?,?,?,?,?): 7,RSSI Location,false,false,true,false => rowid: 202","v":1}
{"level":30,"time":1589725316738,"pid":31086,"hostname":"localhost.localdomain","msg":"Executed insert: INSERT INTO DEVICE_TYPE_CLUSTER (DEVICE_TYPE_REF, CLUSTER_NAME, INCLUDE_CLIENT, INCLUDE_SERVER, LOCK_CLIENT, LOCK_SERVER) VALUES (?,?,?,?,?,?): 12,Basic,true,true,true,true => rowid: 203","v":1}
{"level":30,"time":1589725316738,"pid":31086,"hostname":"localhost.localdomain","msg":"Executed insert: INSERT INTO DEVICE_TYPE_CLUSTER (DEVICE_TYPE_REF, CLUSTER_NAME, INCLUDE_CLIENT, INCLUDE_SERVER, LOCK_CLIENT, LOCK_SERVER) VALUES (?,?,?,?,?,?): 12,Groups,true,false,true,false => rowid: 204","v":1}
{"level":30,"time":1589725316738,"pid":31086,"hostname":"localhost.localdomain","msg":"Executed insert: INSERT INTO DEVICE_TYPE_CLUSTER (DEVICE_TYPE_REF, CLUSTER_NAME, INCLUDE_CLIENT, INCLUDE_SERVER, LOCK_CLIENT, LOCK_SERVER) VALUES (?,?,?,?,?,?): 12,Commissioning,false,false,true,false => rowid: 205","v":1}
{"level":30,"time":1589725316739,"pid":31086,"hostname":"localhost.localdomain","msg":"Executed insert: INSERT INTO DEVICE_TYPE_CLUSTER (DEVICE_TYPE_REF, CLUSTER_NAME, INCLUDE_CLIENT, INCLUDE_SERVER, LOCK_CLIENT, LOCK_SERVER) VALUES (?,?,?,?,?,?): 12,Identify,true,false,true,false => rowid: 206","v":1}
{"level":30,"time":1589725316739,"pid":31086,"hostname":"localhost.localdomain","msg":"Executed insert: INSERT INTO DEVICE_TYPE_CLUSTER (DEVICE_TYPE_REF, CLUSTER_NAME, INCLUDE_CLIENT, INCLUDE_SERVER, LOCK_CLIENT, LOCK_SERVER) VALUES (?,?,?,?,?,?): 12,Information,false,false,false,true => rowid: 207","v":1}
{"level":30,"time":1589725316739,"pid":31086,"hostname":"localhost.localdomain","msg":"Executed insert: INSERT INTO DEVICE_TYPE_CLUSTER (DEVICE_TYPE_REF, CLUSTER_NAME, INCLUDE_CLIENT, INCLUDE_SERVER, LOCK_CLIENT, LOCK_SERVER) VALUES (?,?,?,?,?,?): 12,Data Rate Control,false,false,false,true => rowid: 208","v":1}
{"level":30,"time":1589725316739,"pid":31086,"hostname":"localhost.localdomain","msg":"Executed insert: INSERT INTO DEVICE_TYPE_CLUSTER (DEVICE_TYPE_REF, CLUSTER_NAME, INCLUDE_CLIENT, INCLUDE_SERVER, LOCK_CLIENT, LOCK_SERVER) VALUES (?,?,?,?,?,?): 12,Data Sharing,false,false,false,true => rowid: 209","v":1}
{"level":30,"time":1589725316739,"pid":31086,"hostname":"localhost.localdomain","msg":"Executed insert: INSERT INTO DEVICE_TYPE_CLUSTER (DEVICE_TYPE_REF, CLUSTER_NAME, INCLUDE_CLIENT, INCLUDE_SERVER, LOCK_CLIENT, LOCK_SERVER) VALUES (?,?,?,?,?,?): 12,Payment,false,false,false,true => rowid: 210","v":1}
{"level":30,"time":1589725316739,"pid":31086,"hostname":"localhost.localdomain","msg":"Executed insert: INSERT INTO DEVICE_TYPE_CLUSTER (DEVICE_TYPE_REF, CLUSTER_NAME, INCLUDE_CLIENT, INCLUDE_SERVER, LOCK_CLIENT, LOCK_SERVER) VALUES (?,?,?,?,?,?): 12,Billing,false,false,false,true => rowid: 211","v":1}
{"level":30,"time":1589725316739,"pid":31086,"hostname":"localhost.localdomain","msg":"Executed insert: INSERT INTO DEVICE_TYPE_CLUSTER (DEVICE_TYPE_REF, CLUSTER_NAME, INCLUDE_CLIENT, INCLUDE_SERVER, LOCK_CLIENT, LOCK_SERVER) VALUES (?,?,?,?,?,?): 12,Voice over ZigBee,false,false,false,true => rowid: 212","v":1}
{"level":30,"time":1589725316739,"pid":31086,"hostname":"localhost.localdomain","msg":"Executed insert: INSERT INTO DEVICE_TYPE_CLUSTER (DEVICE_TYPE_REF, CLUSTER_NAME, INCLUDE_CLIENT, INCLUDE_SERVER, LOCK_CLIENT, LOCK_SERVER) VALUES (?,?,?,?,?,?): 12,RSSI Location,false,false,false,true => rowid: 213","v":1}
{"level":30,"time":1589725316739,"pid":31086,"hostname":"localhost.localdomain","msg":"Executed insert: INSERT INTO DEVICE_TYPE_CLUSTER (DEVICE_TYPE_REF, CLUSTER_NAME, INCLUDE_CLIENT, INCLUDE_SERVER, LOCK_CLIENT, LOCK_SERVER) VALUES (?,?,?,?,?,?): 12,Partition,false,false,false,true => rowid: 214","v":1}
{"level":30,"time":1589725316739,"pid":31086,"hostname":"localhost.localdomain","msg":"Preparing statement: INSERT INTO DEVICE_TYPE_ATTRIBUTE (DEVICE_TYPE_CLUSTER_REF, ATTRIBUTE_NAME) VALUES (?, ?) to insert 0 records.","v":1}
{"level":30,"time":1589725316739,"pid":31086,"hostname":"localhost.localdomain","msg":"Preparing statement: INSERT INTO DEVICE_TYPE_COMMAND (DEVICE_TYPE_CLUSTER_REF, COMMAND_NAME) VALUES (?, ?) to insert 0 records.","v":1}
{"level":30,"time":1589725316739,"pid":31086,"hostname":"localhost.localdomain","msg":"Executed insert: INSERT INTO DEVICE_TYPE_CLUSTER (DEVICE_TYPE_REF, CLUSTER_NAME, INCLUDE_CLIENT, INCLUDE_SERVER, LOCK_CLIENT, LOCK_SERVER) VALUES (?,?,?,?,?,?): 19,Basic,false,true,true,true => rowid: 215","v":1}
{"level":30,"time":1589725316740,"pid":31086,"hostname":"localhost.localdomain","msg":"Executed insert: INSERT INTO DEVICE_TYPE_CLUSTER (DEVICE_TYPE_REF, CLUSTER_NAME, INCLUDE_CLIENT, INCLUDE_SERVER, LOCK_CLIENT, LOCK_SERVER) VALUES (?,?,?,?,?,?): 19,Groups,false,false,true,false => rowid: 216","v":1}
{"level":30,"time":1589725316740,"pid":31086,"hostname":"localhost.localdomain","msg":"Executed insert: INSERT INTO DEVICE_TYPE_CLUSTER (DEVICE_TYPE_REF, CLUSTER_NAME, INCLUDE_CLIENT, INCLUDE_SERVER, LOCK_CLIENT, LOCK_SERVER) VALUES (?,?,?,?,?,?): 19,Commissioning,false,false,true,false => rowid: 217","v":1}
{"level":30,"time":1589725316740,"pid":31086,"hostname":"localhost.localdomain","msg":"Executed insert: INSERT INTO DEVICE_TYPE_CLUSTER (DEVICE_TYPE_REF, CLUSTER_NAME, INCLUDE_CLIENT, INCLUDE_SERVER, LOCK_CLIENT, LOCK_SERVER) VALUES (?,?,?,?,?,?): 19,Identify,false,false,true,false => rowid: 218","v":1}
{"level":30,"time":1589725316740,"pid":31086,"hostname":"localhost.localdomain","msg":"Preparing statement: INSERT INTO DEVICE_TYPE_ATTRIBUTE (DEVICE_TYPE_CLUSTER_REF, ATTRIBUTE_NAME) VALUES (?, ?) to insert 0 records.","v":1}
{"level":30,"time":1589725316740,"pid":31086,"hostname":"localhost.localdomain","msg":"Preparing statement: INSERT INTO DEVICE_TYPE_COMMAND (DEVICE_TYPE_CLUSTER_REF, COMMAND_NAME) VALUES (?, ?) to insert 0 records.","v":1}
{"level":30,"time":1589725316740,"pid":31086,"hostname":"localhost.localdomain","msg":"Executed insert: INSERT INTO DEVICE_TYPE_CLUSTER (DEVICE_TYPE_REF, CLUSTER_NAME, INCLUDE_CLIENT, INCLUDE_SERVER, LOCK_CLIENT, LOCK_SERVER) VALUES (?,?,?,?,?,?): 26,Basic,false,true,true,true => rowid: 219","v":1}
{"level":30,"time":1589725316740,"pid":31086,"hostname":"localhost.localdomain","msg":"Executed insert: INSERT INTO DEVICE_TYPE_CLUSTER (DEVICE_TYPE_REF, CLUSTER_NAME, INCLUDE_CLIENT, INCLUDE_SERVER, LOCK_CLIENT, LOCK_SERVER) VALUES (?,?,?,?,?,?): 26,Groups,false,false,true,false => rowid: 220","v":1}
{"level":30,"time":1589725316740,"pid":31086,"hostname":"localhost.localdomain","msg":"Executed insert: INSERT INTO DEVICE_TYPE_CLUSTER (DEVICE_TYPE_REF, CLUSTER_NAME, INCLUDE_CLIENT, INCLUDE_SERVER, LOCK_CLIENT, LOCK_SERVER) VALUES (?,?,?,?,?,?): 26,Commissioning,false,false,true,false => rowid: 221","v":1}
{"level":30,"time":1589725316740,"pid":31086,"hostname":"localhost.localdomain","msg":"Executed insert: INSERT INTO DEVICE_TYPE_CLUSTER (DEVICE_TYPE_REF, CLUSTER_NAME, INCLUDE_CLIENT, INCLUDE_SERVER, LOCK_CLIENT, LOCK_SERVER) VALUES (?,?,?,?,?,?): 26,Identify,false,false,true,false => rowid: 222","v":1}
{"level":30,"time":1589725316740,"pid":31086,"hostname":"localhost.localdomain","msg":"Executed insert: INSERT INTO DEVICE_TYPE_CLUSTER (DEVICE_TYPE_REF, CLUSTER_NAME, INCLUDE_CLIENT, INCLUDE_SERVER, LOCK_CLIENT, LOCK_SERVER) VALUES (?,?,?,?,?,?): 26,Information,true,true,true,true => rowid: 223","v":1}
{"level":30,"time":1589725316740,"pid":31086,"hostname":"localhost.localdomain","msg":"Executed insert: INSERT INTO DEVICE_TYPE_CLUSTER (DEVICE_TYPE_REF, CLUSTER_NAME, INCLUDE_CLIENT, INCLUDE_SERVER, LOCK_CLIENT, LOCK_SERVER) VALUES (?,?,?,?,?,?): 26,Payment,false,false,false,false => rowid: 224","v":1}
{"level":30,"time":1589725316740,"pid":31086,"hostname":"localhost.localdomain","msg":"Executed insert: INSERT INTO DEVICE_TYPE_CLUSTER (DEVICE_TYPE_REF, CLUSTER_NAME, INCLUDE_CLIENT, INCLUDE_SERVER, LOCK_CLIENT, LOCK_SERVER) VALUES (?,?,?,?,?,?): 26,Billing,false,false,false,false => rowid: 225","v":1}
{"level":30,"time":1589725316741,"pid":31086,"hostname":"localhost.localdomain","msg":"Preparing statement: INSERT INTO DEVICE_TYPE_ATTRIBUTE (DEVICE_TYPE_CLUSTER_REF, ATTRIBUTE_NAME) VALUES (?, ?) to insert 0 records.","v":1}
{"level":30,"time":1589725316741,"pid":31086,"hostname":"localhost.localdomain","msg":"Preparing statement: INSERT INTO DEVICE_TYPE_COMMAND (DEVICE_TYPE_CLUSTER_REF, COMMAND_NAME) VALUES (?, ?) to insert 0 records.","v":1}
{"level":30,"time":1589725316741,"pid":31086,"hostname":"localhost.localdomain","msg":"Executed insert: INSERT INTO DEVICE_TYPE_CLUSTER (DEVICE_TYPE_REF, CLUSTER_NAME, INCLUDE_CLIENT, INCLUDE_SERVER, LOCK_CLIENT, LOCK_SERVER) VALUES (?,?,?,?,?,?): 32,Basic,false,true,true,true => rowid: 226","v":1}
{"level":30,"time":1589725316741,"pid":31086,"hostname":"localhost.localdomain","msg":"Executed insert: INSERT INTO DEVICE_TYPE_CLUSTER (DEVICE_TYPE_REF, CLUSTER_NAME, INCLUDE_CLIENT, INCLUDE_SERVER, LOCK_CLIENT, LOCK_SERVER) VALUES (?,?,?,?,?,?): 32,Groups,false,false,true,false => rowid: 227","v":1}
{"level":30,"time":1589725316741,"pid":31086,"hostname":"localhost.localdomain","msg":"Executed insert: INSERT INTO DEVICE_TYPE_CLUSTER (DEVICE_TYPE_REF, CLUSTER_NAME, INCLUDE_CLIENT, INCLUDE_SERVER, LOCK_CLIENT, LOCK_SERVER) VALUES (?,?,?,?,?,?): 32,Commissioning,false,false,true,false => rowid: 228","v":1}
{"level":30,"time":1589725316741,"pid":31086,"hostname":"localhost.localdomain","msg":"Executed insert: INSERT INTO DEVICE_TYPE_CLUSTER (DEVICE_TYPE_REF, CLUSTER_NAME, INCLUDE_CLIENT, INCLUDE_SERVER, LOCK_CLIENT, LOCK_SERVER) VALUES (?,?,?,?,?,?): 32,Identify,false,false,true,false => rowid: 229","v":1}
{"level":30,"time":1589725316741,"pid":31086,"hostname":"localhost.localdomain","msg":"Executed insert: INSERT INTO DEVICE_TYPE_CLUSTER (DEVICE_TYPE_REF, CLUSTER_NAME, INCLUDE_CLIENT, INCLUDE_SERVER, LOCK_CLIENT, LOCK_SERVER) VALUES (?,?,?,?,?,?): 32,Information,false,true,false,true => rowid: 230","v":1}
{"level":30,"time":1589725316741,"pid":31086,"hostname":"localhost.localdomain","msg":"Executed insert: INSERT INTO DEVICE_TYPE_CLUSTER (DEVICE_TYPE_REF, CLUSTER_NAME, INCLUDE_CLIENT, INCLUDE_SERVER, LOCK_CLIENT, LOCK_SERVER) VALUES (?,?,?,?,?,?): 32,Billing,false,false,true,false => rowid: 231","v":1}
{"level":30,"time":1589725316742,"pid":31086,"hostname":"localhost.localdomain","msg":"Preparing statement: INSERT INTO DEVICE_TYPE_ATTRIBUTE (DEVICE_TYPE_CLUSTER_REF, ATTRIBUTE_NAME) VALUES (?, ?) to insert 0 records.","v":1}
{"level":30,"time":1589725316742,"pid":31086,"hostname":"localhost.localdomain","msg":"Preparing statement: INSERT INTO DEVICE_TYPE_COMMAND (DEVICE_TYPE_CLUSTER_REF, COMMAND_NAME) VALUES (?, ?) to insert 0 records.","v":1}
{"level":30,"time":1589725316742,"pid":31086,"hostname":"localhost.localdomain","msg":"Executed insert: INSERT INTO DEVICE_TYPE_CLUSTER (DEVICE_TYPE_REF, CLUSTER_NAME, INCLUDE_CLIENT, INCLUDE_SERVER, LOCK_CLIENT, LOCK_SERVER) VALUES (?,?,?,?,?,?): 38,Basic,false,true,true,true => rowid: 232","v":1}
{"level":30,"time":1589725316742,"pid":31086,"hostname":"localhost.localdomain","msg":"Executed insert: INSERT INTO DEVICE_TYPE_CLUSTER (DEVICE_TYPE_REF, CLUSTER_NAME, INCLUDE_CLIENT, INCLUDE_SERVER, LOCK_CLIENT, LOCK_SERVER) VALUES (?,?,?,?,?,?): 38,Groups,false,false,true,false => rowid: 233","v":1}
{"level":30,"time":1589725316742,"pid":31086,"hostname":"localhost.localdomain","msg":"Executed insert: INSERT INTO DEVICE_TYPE_CLUSTER (DEVICE_TYPE_REF, CLUSTER_NAME, INCLUDE_CLIENT, INCLUDE_SERVER, LOCK_CLIENT, LOCK_SERVER) VALUES (?,?,?,?,?,?): 38,Commissioning,false,false,true,false => rowid: 234","v":1}
{"level":30,"time":1589725316742,"pid":31086,"hostname":"localhost.localdomain","msg":"Executed insert: INSERT INTO DEVICE_TYPE_CLUSTER (DEVICE_TYPE_REF, CLUSTER_NAME, INCLUDE_CLIENT, INCLUDE_SERVER, LOCK_CLIENT, LOCK_SERVER) VALUES (?,?,?,?,?,?): 38,Identify,false,false,true,false => rowid: 235","v":1}
{"level":30,"time":1589725316742,"pid":31086,"hostname":"localhost.localdomain","msg":"Executed insert: INSERT INTO DEVICE_TYPE_CLUSTER (DEVICE_TYPE_REF, CLUSTER_NAME, INCLUDE_CLIENT, INCLUDE_SERVER, LOCK_CLIENT, LOCK_SERVER) VALUES (?,?,?,?,?,?): 38,Information,true,false,true,true => rowid: 236","v":1}
{"level":30,"time":1589725316742,"pid":31086,"hostname":"localhost.localdomain","msg":"Preparing statement: INSERT INTO DEVICE_TYPE_ATTRIBUTE (DEVICE_TYPE_CLUSTER_REF, ATTRIBUTE_NAME) VALUES (?, ?) to insert 0 records.","v":1}
{"level":30,"time":1589725316742,"pid":31086,"hostname":"localhost.localdomain","msg":"Preparing statement: INSERT INTO DEVICE_TYPE_COMMAND (DEVICE_TYPE_CLUSTER_REF, COMMAND_NAME) VALUES (?, ?) to insert 0 records.","v":1}
{"level":30,"time":1589725316742,"pid":31086,"hostname":"localhost.localdomain","msg":"Executed insert: INSERT INTO DEVICE_TYPE_CLUSTER (DEVICE_TYPE_REF, CLUSTER_NAME, INCLUDE_CLIENT, INCLUDE_SERVER, LOCK_CLIENT, LOCK_SERVER) VALUES (?,?,?,?,?,?): 44,Basic,false,true,true,true => rowid: 237","v":1}
{"level":30,"time":1589725316742,"pid":31086,"hostname":"localhost.localdomain","msg":"Executed insert: INSERT INTO DEVICE_TYPE_CLUSTER (DEVICE_TYPE_REF, CLUSTER_NAME, INCLUDE_CLIENT, INCLUDE_SERVER, LOCK_CLIENT, LOCK_SERVER) VALUES (?,?,?,?,?,?): 44,Groups,false,false,true,false => rowid: 238","v":1}
{"level":30,"time":1589725316742,"pid":31086,"hostname":"localhost.localdomain","msg":"Executed insert: INSERT INTO DEVICE_TYPE_CLUSTER (DEVICE_TYPE_REF, CLUSTER_NAME, INCLUDE_CLIENT, INCLUDE_SERVER, LOCK_CLIENT, LOCK_SERVER) VALUES (?,?,?,?,?,?): 44,Commissioning,false,false,true,false => rowid: 239","v":1}
{"level":30,"time":1589725316742,"pid":31086,"hostname":"localhost.localdomain","msg":"Executed insert: INSERT INTO DEVICE_TYPE_CLUSTER (DEVICE_TYPE_REF, CLUSTER_NAME, INCLUDE_CLIENT, INCLUDE_SERVER, LOCK_CLIENT, LOCK_SERVER) VALUES (?,?,?,?,?,?): 44,Identify,false,false,true,false => rowid: 240","v":1}
{"level":30,"time":1589725316743,"pid":31086,"hostname":"localhost.localdomain","msg":"Executed insert: INSERT INTO DEVICE_TYPE_CLUSTER (DEVICE_TYPE_REF, CLUSTER_NAME, INCLUDE_CLIENT, INCLUDE_SERVER, LOCK_CLIENT, LOCK_SERVER) VALUES (?,?,?,?,?,?): 44,Information,false,true,true,true => rowid: 241","v":1}
{"level":30,"time":1589725316743,"pid":31086,"hostname":"localhost.localdomain","msg":"Executed insert: INSERT INTO DEVICE_TYPE_CLUSTER (DEVICE_TYPE_REF, CLUSTER_NAME, INCLUDE_CLIENT, INCLUDE_SERVER, LOCK_CLIENT, LOCK_SERVER) VALUES (?,?,?,?,?,?): 44,Payment,false,true,true,true => rowid: 242","v":1}
{"level":30,"time":1589725316743,"pid":31086,"hostname":"localhost.localdomain","msg":"Preparing statement: INSERT INTO DEVICE_TYPE_ATTRIBUTE (DEVICE_TYPE_CLUSTER_REF, ATTRIBUTE_NAME) VALUES (?, ?) to insert 0 records.","v":1}
{"level":30,"time":1589725316743,"pid":31086,"hostname":"localhost.localdomain","msg":"Preparing statement: INSERT INTO DEVICE_TYPE_COMMAND (DEVICE_TYPE_CLUSTER_REF, COMMAND_NAME) VALUES (?, ?) to insert 0 records.","v":1}
{"level":30,"time":1589725316743,"pid":31086,"hostname":"localhost.localdomain","msg":"Executed insert: INSERT INTO DEVICE_TYPE_CLUSTER (DEVICE_TYPE_REF, CLUSTER_NAME, INCLUDE_CLIENT, INCLUDE_SERVER, LOCK_CLIENT, LOCK_SERVER) VALUES (?,?,?,?,?,?): 49,Basic,false,true,true,true => rowid: 243","v":1}
{"level":30,"time":1589725316743,"pid":31086,"hostname":"localhost.localdomain","msg":"Executed insert: INSERT INTO DEVICE_TYPE_CLUSTER (DEVICE_TYPE_REF, CLUSTER_NAME, INCLUDE_CLIENT, INCLUDE_SERVER, LOCK_CLIENT, LOCK_SERVER) VALUES (?,?,?,?,?,?): 49,Groups,false,false,true,false => rowid: 244","v":1}
{"level":30,"time":1589725316743,"pid":31086,"hostname":"localhost.localdomain","msg":"Executed insert: INSERT INTO DEVICE_TYPE_CLUSTER (DEVICE_TYPE_REF, CLUSTER_NAME, INCLUDE_CLIENT, INCLUDE_SERVER, LOCK_CLIENT, LOCK_SERVER) VALUES (?,?,?,?,?,?): 49,Commissioning,false,false,true,false => rowid: 245","v":1}
{"level":30,"time":1589725316743,"pid":31086,"hostname":"localhost.localdomain","msg":"Executed insert: INSERT INTO DEVICE_TYPE_CLUSTER (DEVICE_TYPE_REF, CLUSTER_NAME, INCLUDE_CLIENT, INCLUDE_SERVER, LOCK_CLIENT, LOCK_SERVER) VALUES (?,?,?,?,?,?): 49,Identify,false,false,true,false => rowid: 246","v":1}
{"level":30,"time":1589725316743,"pid":31086,"hostname":"localhost.localdomain","msg":"Executed insert: INSERT INTO DEVICE_TYPE_CLUSTER (DEVICE_TYPE_REF, CLUSTER_NAME, INCLUDE_CLIENT, INCLUDE_SERVER, LOCK_CLIENT, LOCK_SERVER) VALUES (?,?,?,?,?,?): 49,Information,false,true,true,true => rowid: 247","v":1}
{"level":30,"time":1589725316743,"pid":31086,"hostname":"localhost.localdomain","msg":"Executed insert: INSERT INTO DEVICE_TYPE_CLUSTER (DEVICE_TYPE_REF, CLUSTER_NAME, INCLUDE_CLIENT, INCLUDE_SERVER, LOCK_CLIENT, LOCK_SERVER) VALUES (?,?,?,?,?,?): 49,Payment,false,true,true,true => rowid: 248","v":1}
{"level":30,"time":1589725316743,"pid":31086,"hostname":"localhost.localdomain","msg":"Preparing statement: INSERT INTO DEVICE_TYPE_ATTRIBUTE (DEVICE_TYPE_CLUSTER_REF, ATTRIBUTE_NAME) VALUES (?, ?) to insert 0 records.","v":1}
{"level":30,"time":1589725316743,"pid":31086,"hostname":"localhost.localdomain","msg":"Preparing statement: INSERT INTO DEVICE_TYPE_COMMAND (DEVICE_TYPE_CLUSTER_REF, COMMAND_NAME) VALUES (?, ?) to insert 0 records.","v":1}
{"level":30,"time":1589725316744,"pid":31086,"hostname":"localhost.localdomain","msg":"Executed insert: INSERT INTO DEVICE_TYPE_CLUSTER (DEVICE_TYPE_REF, CLUSTER_NAME, INCLUDE_CLIENT, INCLUDE_SERVER, LOCK_CLIENT, LOCK_SERVER) VALUES (?,?,?,?,?,?): 54,Basic,false,true,true,true => rowid: 249","v":1}
{"level":30,"time":1589725316744,"pid":31086,"hostname":"localhost.localdomain","msg":"Executed insert: INSERT INTO DEVICE_TYPE_CLUSTER (DEVICE_TYPE_REF, CLUSTER_NAME, INCLUDE_CLIENT, INCLUDE_SERVER, LOCK_CLIENT, LOCK_SERVER) VALUES (?,?,?,?,?,?): 54,Groups,false,false,true,false => rowid: 250","v":1}
{"level":30,"time":1589725316744,"pid":31086,"hostname":"localhost.localdomain","msg":"Executed insert: INSERT INTO DEVICE_TYPE_CLUSTER (DEVICE_TYPE_REF, CLUSTER_NAME, INCLUDE_CLIENT, INCLUDE_SERVER, LOCK_CLIENT, LOCK_SERVER) VALUES (?,?,?,?,?,?): 54,Commissioning,false,false,true,false => rowid: 251","v":1}
{"level":30,"time":1589725316744,"pid":31086,"hostname":"localhost.localdomain","msg":"Executed insert: INSERT INTO DEVICE_TYPE_CLUSTER (DEVICE_TYPE_REF, CLUSTER_NAME, INCLUDE_CLIENT, INCLUDE_SERVER, LOCK_CLIENT, LOCK_SERVER) VALUES (?,?,?,?,?,?): 54,Identify,false,false,true,false => rowid: 252","v":1}
{"level":30,"time":1589725316744,"pid":31086,"hostname":"localhost.localdomain","msg":"Executed insert: INSERT INTO DEVICE_TYPE_CLUSTER (DEVICE_TYPE_REF, CLUSTER_NAME, INCLUDE_CLIENT, INCLUDE_SERVER, LOCK_CLIENT, LOCK_SERVER) VALUES (?,?,?,?,?,?): 54,Information,true,true,true,true => rowid: 253","v":1}
{"level":30,"time":1589725316744,"pid":31086,"hostname":"localhost.localdomain","msg":"Executed insert: INSERT INTO DEVICE_TYPE_CLUSTER (DEVICE_TYPE_REF, CLUSTER_NAME, INCLUDE_CLIENT, INCLUDE_SERVER, LOCK_CLIENT, LOCK_SERVER) VALUES (?,?,?,?,?,?): 54,Payment,false,false,false,false => rowid: 254","v":1}
{"level":30,"time":1589725316744,"pid":31086,"hostname":"localhost.localdomain","msg":"Preparing statement: INSERT INTO DEVICE_TYPE_ATTRIBUTE (DEVICE_TYPE_CLUSTER_REF, ATTRIBUTE_NAME) VALUES (?, ?) to insert 0 records.","v":1}
{"level":30,"time":1589725316744,"pid":31086,"hostname":"localhost.localdomain","msg":"Preparing statement: INSERT INTO DEVICE_TYPE_COMMAND (DEVICE_TYPE_CLUSTER_REF, COMMAND_NAME) VALUES (?, ?) to insert 0 records.","v":1}
{"level":30,"time":1589725316744,"pid":31086,"hostname":"localhost.localdomain","msg":"Executed insert: INSERT INTO DEVICE_TYPE_CLUSTER (DEVICE_TYPE_REF, CLUSTER_NAME, INCLUDE_CLIENT, INCLUDE_SERVER, LOCK_CLIENT, LOCK_SERVER) VALUES (?,?,?,?,?,?): 59,Basic,false,true,true,true => rowid: 255","v":1}
{"level":30,"time":1589725316744,"pid":31086,"hostname":"localhost.localdomain","msg":"Executed insert: INSERT INTO DEVICE_TYPE_CLUSTER (DEVICE_TYPE_REF, CLUSTER_NAME, INCLUDE_CLIENT, INCLUDE_SERVER, LOCK_CLIENT, LOCK_SERVER) VALUES (?,?,?,?,?,?): 59,Groups,false,false,true,false => rowid: 256","v":1}
{"level":30,"time":1589725316744,"pid":31086,"hostname":"localhost.localdomain","msg":"Executed insert: INSERT INTO DEVICE_TYPE_CLUSTER (DEVICE_TYPE_REF, CLUSTER_NAME, INCLUDE_CLIENT, INCLUDE_SERVER, LOCK_CLIENT, LOCK_SERVER) VALUES (?,?,?,?,?,?): 59,Commissioning,false,false,true,false => rowid: 257","v":1}
{"level":30,"time":1589725316744,"pid":31086,"hostname":"localhost.localdomain","msg":"Executed insert: INSERT INTO DEVICE_TYPE_CLUSTER (DEVICE_TYPE_REF, CLUSTER_NAME, INCLUDE_CLIENT, INCLUDE_SERVER, LOCK_CLIENT, LOCK_SERVER) VALUES (?,?,?,?,?,?): 59,Identify,false,false,true,false => rowid: 258","v":1}
{"level":30,"time":1589725316744,"pid":31086,"hostname":"localhost.localdomain","msg":"Executed insert: INSERT INTO DEVICE_TYPE_CLUSTER (DEVICE_TYPE_REF, CLUSTER_NAME, INCLUDE_CLIENT, INCLUDE_SERVER, LOCK_CLIENT, LOCK_SERVER) VALUES (?,?,?,?,?,?): 59,Information,true,true,true,true => rowid: 259","v":1}
{"level":30,"time":1589725316745,"pid":31086,"hostname":"localhost.localdomain","msg":"Executed insert: INSERT INTO DEVICE_TYPE_CLUSTER (DEVICE_TYPE_REF, CLUSTER_NAME, INCLUDE_CLIENT, INCLUDE_SERVER, LOCK_CLIENT, LOCK_SERVER) VALUES (?,?,?,?,?,?): 59,Billing,true,true,true,true => rowid: 260","v":1}
{"level":30,"time":1589725316745,"pid":31086,"hostname":"localhost.localdomain","msg":"Preparing statement: INSERT INTO DEVICE_TYPE_ATTRIBUTE (DEVICE_TYPE_CLUSTER_REF, ATTRIBUTE_NAME) VALUES (?, ?) to insert 0 records.","v":1}
{"level":30,"time":1589725316745,"pid":31086,"hostname":"localhost.localdomain","msg":"Preparing statement: INSERT INTO DEVICE_TYPE_COMMAND (DEVICE_TYPE_CLUSTER_REF, COMMAND_NAME) VALUES (?, ?) to insert 0 records.","v":1}
{"level":30,"time":1589725316745,"pid":31086,"hostname":"localhost.localdomain","msg":"Executed insert: INSERT INTO DEVICE_TYPE_CLUSTER (DEVICE_TYPE_REF, CLUSTER_NAME, INCLUDE_CLIENT, INCLUDE_SERVER, LOCK_CLIENT, LOCK_SERVER) VALUES (?,?,?,?,?,?): 64,Basic,false,true,true,true => rowid: 261","v":1}
{"level":30,"time":1589725316745,"pid":31086,"hostname":"localhost.localdomain","msg":"Executed insert: INSERT INTO DEVICE_TYPE_CLUSTER (DEVICE_TYPE_REF, CLUSTER_NAME, INCLUDE_CLIENT, INCLUDE_SERVER, LOCK_CLIENT, LOCK_SERVER) VALUES (?,?,?,?,?,?): 64,Groups,false,false,true,false => rowid: 262","v":1}
{"level":30,"time":1589725316745,"pid":31086,"hostname":"localhost.localdomain","msg":"Executed insert: INSERT INTO DEVICE_TYPE_CLUSTER (DEVICE_TYPE_REF, CLUSTER_NAME, INCLUDE_CLIENT, INCLUDE_SERVER, LOCK_CLIENT, LOCK_SERVER) VALUES (?,?,?,?,?,?): 64,Commissioning,false,false,true,false => rowid: 263","v":1}
{"level":30,"time":1589725316745,"pid":31086,"hostname":"localhost.localdomain","msg":"Executed insert: INSERT INTO DEVICE_TYPE_CLUSTER (DEVICE_TYPE_REF, CLUSTER_NAME, INCLUDE_CLIENT, INCLUDE_SERVER, LOCK_CLIENT, LOCK_SERVER) VALUES (?,?,?,?,?,?): 64,Identify,false,false,true,false => rowid: 264","v":1}
{"level":30,"time":1589725316745,"pid":31086,"hostname":"localhost.localdomain","msg":"Executed insert: INSERT INTO DEVICE_TYPE_CLUSTER (DEVICE_TYPE_REF, CLUSTER_NAME, INCLUDE_CLIENT, INCLUDE_SERVER, LOCK_CLIENT, LOCK_SERVER) VALUES (?,?,?,?,?,?): 64,Information,true,true,true,true => rowid: 265","v":1}
{"level":30,"time":1589725316745,"pid":31086,"hostname":"localhost.localdomain","msg":"Executed insert: INSERT INTO DEVICE_TYPE_CLUSTER (DEVICE_TYPE_REF, CLUSTER_NAME, INCLUDE_CLIENT, INCLUDE_SERVER, LOCK_CLIENT, LOCK_SERVER) VALUES (?,?,?,?,?,?): 64,Billing,true,true,true,true => rowid: 266","v":1}
{"level":30,"time":1589725316745,"pid":31086,"hostname":"localhost.localdomain","msg":"Preparing statement: INSERT INTO DEVICE_TYPE_ATTRIBUTE (DEVICE_TYPE_CLUSTER_REF, ATTRIBUTE_NAME) VALUES (?, ?) to insert 0 records.","v":1}
{"level":30,"time":1589725316745,"pid":31086,"hostname":"localhost.localdomain","msg":"Preparing statement: INSERT INTO DEVICE_TYPE_COMMAND (DEVICE_TYPE_CLUSTER_REF, COMMAND_NAME) VALUES (?, ?) to insert 0 records.","v":1}
{"level":30,"time":1589725316745,"pid":31086,"hostname":"localhost.localdomain","msg":"Executed insert: INSERT INTO DEVICE_TYPE_CLUSTER (DEVICE_TYPE_REF, CLUSTER_NAME, INCLUDE_CLIENT, INCLUDE_SERVER, LOCK_CLIENT, LOCK_SERVER) VALUES (?,?,?,?,?,?): 69,Basic,false,true,true,true => rowid: 267","v":1}
{"level":30,"time":1589725316746,"pid":31086,"hostname":"localhost.localdomain","msg":"Executed insert: INSERT INTO DEVICE_TYPE_CLUSTER (DEVICE_TYPE_REF, CLUSTER_NAME, INCLUDE_CLIENT, INCLUDE_SERVER, LOCK_CLIENT, LOCK_SERVER) VALUES (?,?,?,?,?,?): 69,Groups,false,false,true,false => rowid: 268","v":1}
{"level":30,"time":1589725316746,"pid":31086,"hostname":"localhost.localdomain","msg":"Executed insert: INSERT INTO DEVICE_TYPE_CLUSTER (DEVICE_TYPE_REF, CLUSTER_NAME, INCLUDE_CLIENT, INCLUDE_SERVER, LOCK_CLIENT, LOCK_SERVER) VALUES (?,?,?,?,?,?): 69,Commissioning,false,false,true,false => rowid: 269","v":1}
{"level":30,"time":1589725316746,"pid":31086,"hostname":"localhost.localdomain","msg":"Executed insert: INSERT INTO DEVICE_TYPE_CLUSTER (DEVICE_TYPE_REF, CLUSTER_NAME, INCLUDE_CLIENT, INCLUDE_SERVER, LOCK_CLIENT, LOCK_SERVER) VALUES (?,?,?,?,?,?): 69,Identify,false,false,true,false => rowid: 270","v":1}
{"level":30,"time":1589725316746,"pid":31086,"hostname":"localhost.localdomain","msg":"Executed insert: INSERT INTO DEVICE_TYPE_CLUSTER (DEVICE_TYPE_REF, CLUSTER_NAME, INCLUDE_CLIENT, INCLUDE_SERVER, LOCK_CLIENT, LOCK_SERVER) VALUES (?,?,?,?,?,?): 69,On/Off,false,true,true,true => rowid: 271","v":1}
{"level":30,"time":1589725316746,"pid":31086,"hostname":"localhost.localdomain","msg":"Executed insert: INSERT INTO DEVICE_TYPE_CLUSTER (DEVICE_TYPE_REF, CLUSTER_NAME, INCLUDE_CLIENT, INCLUDE_SERVER, LOCK_CLIENT, LOCK_SERVER) VALUES (?,?,?,?,?,?): 69,Data Sharing,false,false,false,false => rowid: 272","v":1}
{"level":30,"time":1589725316746,"pid":31086,"hostname":"localhost.localdomain","msg":"Executed insert: INSERT INTO DEVICE_TYPE_CLUSTER (DEVICE_TYPE_REF, CLUSTER_NAME, INCLUDE_CLIENT, INCLUDE_SERVER, LOCK_CLIENT, LOCK_SERVER) VALUES (?,?,?,?,?,?): 69,Data Rate Control,false,false,false,false => rowid: 273","v":1}
{"level":30,"time":1589725316746,"pid":31086,"hostname":"localhost.localdomain","msg":"Executed insert: INSERT INTO DEVICE_TYPE_CLUSTER (DEVICE_TYPE_REF, CLUSTER_NAME, INCLUDE_CLIENT, INCLUDE_SERVER, LOCK_CLIENT, LOCK_SERVER) VALUES (?,?,?,?,?,?): 69,Information,false,false,true,false => rowid: 274","v":1}
{"level":30,"time":1589725316746,"pid":31086,"hostname":"localhost.localdomain","msg":"Executed insert: INSERT INTO DEVICE_TYPE_CLUSTER (DEVICE_TYPE_REF, CLUSTER_NAME, INCLUDE_CLIENT, INCLUDE_SERVER, LOCK_CLIENT, LOCK_SERVER) VALUES (?,?,?,?,?,?): 69,Partition,false,false,false,false => rowid: 275","v":1}
{"level":30,"time":1589725316746,"pid":31086,"hostname":"localhost.localdomain","msg":"Preparing statement: INSERT INTO DEVICE_TYPE_ATTRIBUTE (DEVICE_TYPE_CLUSTER_REF, ATTRIBUTE_NAME) VALUES (?, ?) to insert 0 records.","v":1}
{"level":30,"time":1589725316746,"pid":31086,"hostname":"localhost.localdomain","msg":"Preparing statement: INSERT INTO DEVICE_TYPE_COMMAND (DEVICE_TYPE_CLUSTER_REF, COMMAND_NAME) VALUES (?, ?) to insert 0 records.","v":1}
{"level":30,"time":1589725316746,"pid":31086,"hostname":"localhost.localdomain","msg":"Executed insert: INSERT INTO DEVICE_TYPE_CLUSTER (DEVICE_TYPE_REF, CLUSTER_NAME, INCLUDE_CLIENT, INCLUDE_SERVER, LOCK_CLIENT, LOCK_SERVER) VALUES (?,?,?,?,?,?): 74,Basic,false,true,true,true => rowid: 276","v":1}
{"level":30,"time":1589725316746,"pid":31086,"hostname":"localhost.localdomain","msg":"Executed insert: INSERT INTO DEVICE_TYPE_CLUSTER (DEVICE_TYPE_REF, CLUSTER_NAME, INCLUDE_CLIENT, INCLUDE_SERVER, LOCK_CLIENT, LOCK_SERVER) VALUES (?,?,?,?,?,?): 74,Groups,false,false,true,false => rowid: 277","v":1}
{"level":30,"time":1589725316747,"pid":31086,"hostname":"localhost.localdomain","msg":"Executed insert: INSERT INTO DEVICE_TYPE_CLUSTER (DEVICE_TYPE_REF, CLUSTER_NAME, INCLUDE_CLIENT, INCLUDE_SERVER, LOCK_CLIENT, LOCK_SERVER) VALUES (?,?,?,?,?,?): 74,Commissioning,false,false,true,false => rowid: 278","v":1}
{"level":30,"time":1589725316747,"pid":31086,"hostname":"localhost.localdomain","msg":"Executed insert: INSERT INTO DEVICE_TYPE_CLUSTER (DEVICE_TYPE_REF, CLUSTER_NAME, INCLUDE_CLIENT, INCLUDE_SERVER, LOCK_CLIENT, LOCK_SERVER) VALUES (?,?,?,?,?,?): 74,Identify,false,false,true,false => rowid: 279","v":1}
{"level":30,"time":1589725316747,"pid":31086,"hostname":"localhost.localdomain","msg":"Executed insert: INSERT INTO DEVICE_TYPE_CLUSTER (DEVICE_TYPE_REF, CLUSTER_NAME, INCLUDE_CLIENT, INCLUDE_SERVER, LOCK_CLIENT, LOCK_SERVER) VALUES (?,?,?,?,?,?): 74,ISO 7816 Protocol Tunnel,false,true,true,true => rowid: 280","v":1}
{"level":30,"time":1589725316747,"pid":31086,"hostname":"localhost.localdomain","msg":"Preparing statement: INSERT INTO DEVICE_TYPE_ATTRIBUTE (DEVICE_TYPE_CLUSTER_REF, ATTRIBUTE_NAME) VALUES (?, ?) to insert 0 records.","v":1}
{"level":30,"time":1589725316747,"pid":31086,"hostname":"localhost.localdomain","msg":"Preparing statement: INSERT INTO DEVICE_TYPE_COMMAND (DEVICE_TYPE_CLUSTER_REF, COMMAND_NAME) VALUES (?, ?) to insert 0 records.","v":1}
{"level":30,"time":1589725316747,"pid":31086,"hostname":"localhost.localdomain","msg":"Executed insert: INSERT INTO DEVICE_TYPE_CLUSTER (DEVICE_TYPE_REF, CLUSTER_NAME, INCLUDE_CLIENT, INCLUDE_SERVER, LOCK_CLIENT, LOCK_SERVER) VALUES (?,?,?,?,?,?): 79,Basic,false,true,true,true => rowid: 281","v":1}
{"level":30,"time":1589725316747,"pid":31086,"hostname":"localhost.localdomain","msg":"Executed insert: INSERT INTO DEVICE_TYPE_CLUSTER (DEVICE_TYPE_REF, CLUSTER_NAME, INCLUDE_CLIENT, INCLUDE_SERVER, LOCK_CLIENT, LOCK_SERVER) VALUES (?,?,?,?,?,?): 79,Groups,false,false,true,false => rowid: 282","v":1}
{"level":30,"time":1589725316747,"pid":31086,"hostname":"localhost.localdomain","msg":"Executed insert: INSERT INTO DEVICE_TYPE_CLUSTER (DEVICE_TYPE_REF, CLUSTER_NAME, INCLUDE_CLIENT, INCLUDE_SERVER, LOCK_CLIENT, LOCK_SERVER) VALUES (?,?,?,?,?,?): 79,Commissioning,false,false,true,false => rowid: 283","v":1}
{"level":30,"time":1589725316747,"pid":31086,"hostname":"localhost.localdomain","msg":"Executed insert: INSERT INTO DEVICE_TYPE_CLUSTER (DEVICE_TYPE_REF, CLUSTER_NAME, INCLUDE_CLIENT, INCLUDE_SERVER, LOCK_CLIENT, LOCK_SERVER) VALUES (?,?,?,?,?,?): 79,Identify,false,false,true,false => rowid: 284","v":1}
{"level":30,"time":1589725316747,"pid":31073,"hostname":"localhost.localdomain","msg":"Temporarily, we are forcibly deleting the sqlite file every time we start up the app. This goes away after a while, obviously.","v":1}
{"level":30,"time":1589725316747,"pid":31086,"hostname":"localhost.localdomain","msg":"Executed insert: INSERT INTO DEVICE_TYPE_CLUSTER (DEVICE_TYPE_REF, CLUSTER_NAME, INCLUDE_CLIENT, INCLUDE_SERVER, LOCK_CLIENT, LOCK_SERVER) VALUES (?,?,?,?,?,?): 79,Voice over ZigBee,true,true,true,true => rowid: 285","v":1}
{"level":30,"time":1589725316747,"pid":31086,"hostname":"localhost.localdomain","msg":"Preparing statement: INSERT INTO DEVICE_TYPE_ATTRIBUTE (DEVICE_TYPE_CLUSTER_REF, ATTRIBUTE_NAME) VALUES (?, ?) to insert 0 records.","v":1}
{"level":30,"time":1589725316747,"pid":31086,"hostname":"localhost.localdomain","msg":"Preparing statement: INSERT INTO DEVICE_TYPE_COMMAND (DEVICE_TYPE_CLUSTER_REF, COMMAND_NAME) VALUES (?, ?) to insert 0 records.","v":1}
{"level":30,"time":1589725316748,"pid":31086,"hostname":"localhost.localdomain","msg":"Executed insert: INSERT INTO DEVICE_TYPE_CLUSTER (DEVICE_TYPE_REF, CLUSTER_NAME, INCLUDE_CLIENT, INCLUDE_SERVER, LOCK_CLIENT, LOCK_SERVER) VALUES (?,?,?,?,?,?): 84,Basic,false,true,true,true => rowid: 286","v":1}
{"level":30,"time":1589725316748,"pid":31086,"hostname":"localhost.localdomain","msg":"Executed insert: INSERT INTO DEVICE_TYPE_CLUSTER (DEVICE_TYPE_REF, CLUSTER_NAME, INCLUDE_CLIENT, INCLUDE_SERVER, LOCK_CLIENT, LOCK_SERVER) VALUES (?,?,?,?,?,?): 84,Groups,false,false,true,false => rowid: 287","v":1}
{"level":30,"time":1589725316748,"pid":31086,"hostname":"localhost.localdomain","msg":"Executed insert: INSERT INTO DEVICE_TYPE_CLUSTER (DEVICE_TYPE_REF, CLUSTER_NAME, INCLUDE_CLIENT, INCLUDE_SERVER, LOCK_CLIENT, LOCK_SERVER) VALUES (?,?,?,?,?,?): 84,Commissioning,false,false,true,false => rowid: 288","v":1}
{"level":30,"time":1589725316748,"pid":31086,"hostname":"localhost.localdomain","msg":"Executed insert: INSERT INTO DEVICE_TYPE_CLUSTER (DEVICE_TYPE_REF, CLUSTER_NAME, INCLUDE_CLIENT, INCLUDE_SERVER, LOCK_CLIENT, LOCK_SERVER) VALUES (?,?,?,?,?,?): 84,Identify,false,false,true,false => rowid: 289","v":1}
{"level":30,"time":1589725316748,"pid":31086,"hostname":"localhost.localdomain","msg":"Executed insert: INSERT INTO DEVICE_TYPE_CLUSTER (DEVICE_TYPE_REF, CLUSTER_NAME, INCLUDE_CLIENT, INCLUDE_SERVER, LOCK_CLIENT, LOCK_SERVER) VALUES (?,?,?,?,?,?): 84,Voice over ZigBee,true,false,true,true => rowid: 290","v":1}
{"level":30,"time":1589725316748,"pid":31086,"hostname":"localhost.localdomain","msg":"Preparing statement: INSERT INTO DEVICE_TYPE_ATTRIBUTE (DEVICE_TYPE_CLUSTER_REF, ATTRIBUTE_NAME) VALUES (?, ?) to insert 0 records.","v":1}
{"level":30,"time":1589725316748,"pid":31086,"hostname":"localhost.localdomain","msg":"Preparing statement: INSERT INTO DEVICE_TYPE_COMMAND (DEVICE_TYPE_CLUSTER_REF, COMMAND_NAME) VALUES (?, ?) to insert 0 records.","v":1}
{"level":30,"time":1589725316748,"pid":31086,"hostname":"localhost.localdomain","msg":"Executed insert: INSERT INTO DEVICE_TYPE_CLUSTER (DEVICE_TYPE_REF, CLUSTER_NAME, INCLUDE_CLIENT, INCLUDE_SERVER, LOCK_CLIENT, LOCK_SERVER) VALUES (?,?,?,?,?,?): 88,Groups,false,false,true,false => rowid: 291","v":1}
{"level":30,"time":1589725316748,"pid":31086,"hostname":"localhost.localdomain","msg":"Executed insert: INSERT INTO DEVICE_TYPE_CLUSTER (DEVICE_TYPE_REF, CLUSTER_NAME, INCLUDE_CLIENT, INCLUDE_SERVER, LOCK_CLIENT, LOCK_SERVER) VALUES (?,?,?,?,?,?): 88,Identify,false,false,true,false => rowid: 292","v":1}
{"level":30,"time":1589725316748,"pid":31086,"hostname":"localhost.localdomain","msg":"Executed insert: INSERT INTO DEVICE_TYPE_CLUSTER (DEVICE_TYPE_REF, CLUSTER_NAME, INCLUDE_CLIENT, INCLUDE_SERVER, LOCK_CLIENT, LOCK_SERVER) VALUES (?,?,?,?,?,?): 88,Commissioning,false,false,true,false => rowid: 293","v":1}
{"level":30,"time":1589725316748,"pid":31086,"hostname":"localhost.localdomain","msg":"Executed insert: INSERT INTO DEVICE_TYPE_CLUSTER (DEVICE_TYPE_REF, CLUSTER_NAME, INCLUDE_CLIENT, INCLUDE_SERVER, LOCK_CLIENT, LOCK_SERVER) VALUES (?,?,?,?,?,?): 88,Basic,false,true,true,true => rowid: 294","v":1}
{"level":30,"time":1589725316748,"pid":31086,"hostname":"localhost.localdomain","msg":"Executed insert: INSERT INTO DEVICE_TYPE_CLUSTER (DEVICE_TYPE_REF, CLUSTER_NAME, INCLUDE_CLIENT, INCLUDE_SERVER, LOCK_CLIENT, LOCK_SERVER) VALUES (?,?,?,?,?,?): 88,Voice over ZigBee,false,true,true,true => rowid: 295","v":1}
{"level":30,"time":1589725316749,"pid":31086,"hostname":"localhost.localdomain","msg":"Preparing statement: INSERT INTO DEVICE_TYPE_ATTRIBUTE (DEVICE_TYPE_CLUSTER_REF, ATTRIBUTE_NAME) VALUES (?, ?) to insert 0 records.","v":1}
{"level":30,"time":1589725316749,"pid":31086,"hostname":"localhost.localdomain","msg":"Preparing statement: INSERT INTO DEVICE_TYPE_COMMAND (DEVICE_TYPE_CLUSTER_REF, COMMAND_NAME) VALUES (?, ?) to insert 0 records.","v":1}
{"level":30,"time":1589725316749,"pid":31086,"hostname":"localhost.localdomain","msg":"Executed insert: INSERT INTO DEVICE_TYPE_CLUSTER (DEVICE_TYPE_REF, CLUSTER_NAME, INCLUDE_CLIENT, INCLUDE_SERVER, LOCK_CLIENT, LOCK_SERVER) VALUES (?,?,?,?,?,?): 92,Basic,false,true,true,true => rowid: 296","v":1}
{"level":30,"time":1589725316749,"pid":31086,"hostname":"localhost.localdomain","msg":"Executed insert: INSERT INTO DEVICE_TYPE_CLUSTER (DEVICE_TYPE_REF, CLUSTER_NAME, INCLUDE_CLIENT, INCLUDE_SERVER, LOCK_CLIENT, LOCK_SERVER) VALUES (?,?,?,?,?,?): 92,Groups,false,false,true,false => rowid: 297","v":1}
{"level":30,"time":1589725316749,"pid":31086,"hostname":"localhost.localdomain","msg":"Executed insert: INSERT INTO DEVICE_TYPE_CLUSTER (DEVICE_TYPE_REF, CLUSTER_NAME, INCLUDE_CLIENT, INCLUDE_SERVER, LOCK_CLIENT, LOCK_SERVER) VALUES (?,?,?,?,?,?): 92,Commissioning,false,false,true,false => rowid: 298","v":1}
{"level":30,"time":1589725316749,"pid":31086,"hostname":"localhost.localdomain","msg":"Executed insert: INSERT INTO DEVICE_TYPE_CLUSTER (DEVICE_TYPE_REF, CLUSTER_NAME, INCLUDE_CLIENT, INCLUDE_SERVER, LOCK_CLIENT, LOCK_SERVER) VALUES (?,?,?,?,?,?): 92,Identify,false,false,true,false => rowid: 299","v":1}
{"level":30,"time":1589725316749,"pid":31086,"hostname":"localhost.localdomain","msg":"Executed insert: INSERT INTO DEVICE_TYPE_CLUSTER (DEVICE_TYPE_REF, CLUSTER_NAME, INCLUDE_CLIENT, INCLUDE_SERVER, LOCK_CLIENT, LOCK_SERVER) VALUES (?,?,?,?,?,?): 92,RSSI Location,true,false,true,true => rowid: 300","v":1}
{"level":30,"time":1589725316749,"pid":31086,"hostname":"localhost.localdomain","msg":"Preparing statement: INSERT INTO DEVICE_TYPE_ATTRIBUTE (DEVICE_TYPE_CLUSTER_REF, ATTRIBUTE_NAME) VALUES (?, ?) to insert 0 records.","v":1}
{"level":30,"time":1589725316749,"pid":31086,"hostname":"localhost.localdomain","msg":"Preparing statement: INSERT INTO DEVICE_TYPE_COMMAND (DEVICE_TYPE_CLUSTER_REF, COMMAND_NAME) VALUES (?, ?) to insert 0 records.","v":1}
{"level":30,"time":1589725316749,"pid":31086,"hostname":"localhost.localdomain","msg":"Executed insert: INSERT INTO DEVICE_TYPE_CLUSTER (DEVICE_TYPE_REF, CLUSTER_NAME, INCLUDE_CLIENT, INCLUDE_SERVER, LOCK_CLIENT, LOCK_SERVER) VALUES (?,?,?,?,?,?): 96,Basic,false,true,true,true => rowid: 301","v":1}
{"level":30,"time":1589725316749,"pid":31086,"hostname":"localhost.localdomain","msg":"Executed insert: INSERT INTO DEVICE_TYPE_CLUSTER (DEVICE_TYPE_REF, CLUSTER_NAME, INCLUDE_CLIENT, INCLUDE_SERVER, LOCK_CLIENT, LOCK_SERVER) VALUES (?,?,?,?,?,?): 96,Groups,false,false,true,false => rowid: 302","v":1}
{"level":30,"time":1589725316749,"pid":31073,"hostname":"localhost.localdomain","msg":"Connected to the database at: /home/timotej/.silabs/zap/test-1.sqlite","v":1}
{"level":30,"time":1589725316749,"pid":31086,"hostname":"localhost.localdomain","msg":"Executed insert: INSERT INTO DEVICE_TYPE_CLUSTER (DEVICE_TYPE_REF, CLUSTER_NAME, INCLUDE_CLIENT, INCLUDE_SERVER, LOCK_CLIENT, LOCK_SERVER) VALUES (?,?,?,?,?,?): 96,Commissioning,false,false,true,false => rowid: 303","v":1}
{"level":30,"time":1589725316749,"pid":31086,"hostname":"localhost.localdomain","msg":"Executed insert: INSERT INTO DEVICE_TYPE_CLUSTER (DEVICE_TYPE_REF, CLUSTER_NAME, INCLUDE_CLIENT, INCLUDE_SERVER, LOCK_CLIENT, LOCK_SERVER) VALUES (?,?,?,?,?,?): 96,Identify,false,false,true,false => rowid: 304","v":1}
{"level":30,"time":1589725316750,"pid":31086,"hostname":"localhost.localdomain","msg":"Executed insert: INSERT INTO DEVICE_TYPE_CLUSTER (DEVICE_TYPE_REF, CLUSTER_NAME, INCLUDE_CLIENT, INCLUDE_SERVER, LOCK_CLIENT, LOCK_SERVER) VALUES (?,?,?,?,?,?): 96,RSSI Location,false,true,true,true => rowid: 305","v":1}
{"level":30,"time":1589725316750,"pid":31086,"hostname":"localhost.localdomain","msg":"Preparing statement: INSERT INTO DEVICE_TYPE_ATTRIBUTE (DEVICE_TYPE_CLUSTER_REF, ATTRIBUTE_NAME) VALUES (?, ?) to insert 0 records.","v":1}
{"level":30,"time":1589725316750,"pid":31086,"hostname":"localhost.localdomain","msg":"Preparing statement: INSERT INTO DEVICE_TYPE_COMMAND (DEVICE_TYPE_CLUSTER_REF, COMMAND_NAME) VALUES (?, ?) to insert 0 records.","v":1}
{"level":30,"time":1589725316750,"pid":31086,"hostname":"localhost.localdomain","msg":"Executed insert: INSERT INTO DEVICE_TYPE_CLUSTER (DEVICE_TYPE_REF, CLUSTER_NAME, INCLUDE_CLIENT, INCLUDE_SERVER, LOCK_CLIENT, LOCK_SERVER) VALUES (?,?,?,?,?,?): 100,Basic,false,true,true,true => rowid: 306","v":1}
{"level":30,"time":1589725316750,"pid":31086,"hostname":"localhost.localdomain","msg":"Executed insert: INSERT INTO DEVICE_TYPE_CLUSTER (DEVICE_TYPE_REF, CLUSTER_NAME, INCLUDE_CLIENT, INCLUDE_SERVER, LOCK_CLIENT, LOCK_SERVER) VALUES (?,?,?,?,?,?): 100,Groups,false,false,true,false => rowid: 307","v":1}
{"level":30,"time":1589725316750,"pid":31086,"hostname":"localhost.localdomain","msg":"Executed insert: INSERT INTO DEVICE_TYPE_CLUSTER (DEVICE_TYPE_REF, CLUSTER_NAME, INCLUDE_CLIENT, INCLUDE_SERVER, LOCK_CLIENT, LOCK_SERVER) VALUES (?,?,?,?,?,?): 100,Commissioning,false,false,true,false => rowid: 308","v":1}
{"level":30,"time":1589725316750,"pid":31086,"hostname":"localhost.localdomain","msg":"Executed insert: INSERT INTO DEVICE_TYPE_CLUSTER (DEVICE_TYPE_REF, CLUSTER_NAME, INCLUDE_CLIENT, INCLUDE_SERVER, LOCK_CLIENT, LOCK_SERVER) VALUES (?,?,?,?,?,?): 100,Identify,false,false,true,false => rowid: 309","v":1}
{"level":30,"time":1589725316750,"pid":31086,"hostname":"localhost.localdomain","msg":"Executed insert: INSERT INTO DEVICE_TYPE_CLUSTER (DEVICE_TYPE_REF, CLUSTER_NAME, INCLUDE_CLIENT, INCLUDE_SERVER, LOCK_CLIENT, LOCK_SERVER) VALUES (?,?,?,?,?,?): 100,RSSI Location,true,false,true,true => rowid: 310","v":1}
{"level":30,"time":1589725316750,"pid":31086,"hostname":"localhost.localdomain","msg":"Preparing statement: INSERT INTO DEVICE_TYPE_ATTRIBUTE (DEVICE_TYPE_CLUSTER_REF, ATTRIBUTE_NAME) VALUES (?, ?) to insert 0 records.","v":1}
{"level":30,"time":1589725316750,"pid":31086,"hostname":"localhost.localdomain","msg":"Preparing statement: INSERT INTO DEVICE_TYPE_COMMAND (DEVICE_TYPE_CLUSTER_REF, COMMAND_NAME) VALUES (?, ?) to insert 0 records.","v":1}
{"level":30,"time":1589725316750,"pid":31086,"hostname":"localhost.localdomain","msg":"Executed insert: INSERT INTO DEVICE_TYPE_CLUSTER (DEVICE_TYPE_REF, CLUSTER_NAME, INCLUDE_CLIENT, INCLUDE_SERVER, LOCK_CLIENT, LOCK_SERVER) VALUES (?,?,?,?,?,?): 104,Basic,false,true,true,true => rowid: 311","v":1}
{"level":30,"time":1589725316750,"pid":31086,"hostname":"localhost.localdomain","msg":"Executed insert: INSERT INTO DEVICE_TYPE_CLUSTER (DEVICE_TYPE_REF, CLUSTER_NAME, INCLUDE_CLIENT, INCLUDE_SERVER, LOCK_CLIENT, LOCK_SERVER) VALUES (?,?,?,?,?,?): 104,Groups,false,false,true,false => rowid: 312","v":1}
{"level":30,"time":1589725316750,"pid":31086,"hostname":"localhost.localdomain","msg":"Executed insert: INSERT INTO DEVICE_TYPE_CLUSTER (DEVICE_TYPE_REF, CLUSTER_NAME, INCLUDE_CLIENT, INCLUDE_SERVER, LOCK_CLIENT, LOCK_SERVER) VALUES (?,?,?,?,?,?): 104,Commissioning,false,false,true,false => rowid: 313","v":1}
{"level":30,"time":1589725316751,"pid":31086,"hostname":"localhost.localdomain","msg":"Executed insert: INSERT INTO DEVICE_TYPE_CLUSTER (DEVICE_TYPE_REF, CLUSTER_NAME, INCLUDE_CLIENT, INCLUDE_SERVER, LOCK_CLIENT, LOCK_SERVER) VALUES (?,?,?,?,?,?): 104,Identify,false,false,true,false => rowid: 314","v":1}
{"level":30,"time":1589725316751,"pid":31086,"hostname":"localhost.localdomain","msg":"Executed insert: INSERT INTO DEVICE_TYPE_CLUSTER (DEVICE_TYPE_REF, CLUSTER_NAME, INCLUDE_CLIENT, INCLUDE_SERVER, LOCK_CLIENT, LOCK_SERVER) VALUES (?,?,?,?,?,?): 104,Chatting,true,true,true,true => rowid: 315","v":1}
{"level":30,"time":1589725316751,"pid":31086,"hostname":"localhost.localdomain","msg":"Preparing statement: INSERT INTO DEVICE_TYPE_ATTRIBUTE (DEVICE_TYPE_CLUSTER_REF, ATTRIBUTE_NAME) VALUES (?, ?) to insert 0 records.","v":1}
{"level":30,"time":1589725316751,"pid":31086,"hostname":"localhost.localdomain","msg":"Preparing statement: INSERT INTO DEVICE_TYPE_COMMAND (DEVICE_TYPE_CLUSTER_REF, COMMAND_NAME) VALUES (?, ?) to insert 0 records.","v":1}
{"level":30,"time":1589725316751,"pid":31086,"hostname":"localhost.localdomain","msg":"Executed insert: INSERT INTO DEVICE_TYPE_CLUSTER (DEVICE_TYPE_REF, CLUSTER_NAME, INCLUDE_CLIENT, INCLUDE_SERVER, LOCK_CLIENT, LOCK_SERVER) VALUES (?,?,?,?,?,?): 108,Basic,false,true,true,true => rowid: 316","v":1}
{"level":30,"time":1589725316751,"pid":31086,"hostname":"localhost.localdomain","msg":"Executed insert: INSERT INTO DEVICE_TYPE_CLUSTER (DEVICE_TYPE_REF, CLUSTER_NAME, INCLUDE_CLIENT, INCLUDE_SERVER, LOCK_CLIENT, LOCK_SERVER) VALUES (?,?,?,?,?,?): 108,Groups,false,false,true,false => rowid: 317","v":1}
{"level":30,"time":1589725316751,"pid":31086,"hostname":"localhost.localdomain","msg":"Executed insert: INSERT INTO DEVICE_TYPE_CLUSTER (DEVICE_TYPE_REF, CLUSTER_NAME, INCLUDE_CLIENT, INCLUDE_SERVER, LOCK_CLIENT, LOCK_SERVER) VALUES (?,?,?,?,?,?): 108,Chatting,false,true,true,true => rowid: 318","v":1}
{"level":30,"time":1589725316751,"pid":31073,"hostname":"localhost.localdomain","msg":"Populate schema.","v":1}
{"level":30,"time":1589725316752,"pid":31086,"hostname":"localhost.localdomain","msg":"Executed insert: INSERT INTO DEVICE_TYPE_CLUSTER (DEVICE_TYPE_REF, CLUSTER_NAME, INCLUDE_CLIENT, INCLUDE_SERVER, LOCK_CLIENT, LOCK_SERVER) VALUES (?,?,?,?,?,?): 108,Commissioning,false,false,true,false => rowid: 319","v":1}
{"level":30,"time":1589725316752,"pid":31086,"hostname":"localhost.localdomain","msg":"Executed insert: INSERT INTO DEVICE_TYPE_CLUSTER (DEVICE_TYPE_REF, CLUSTER_NAME, INCLUDE_CLIENT, INCLUDE_SERVER, LOCK_CLIENT, LOCK_SERVER) VALUES (?,?,?,?,?,?): 108,Identify,false,false,true,false => rowid: 320","v":1}
{"level":30,"time":1589725316752,"pid":31086,"hostname":"localhost.localdomain","msg":"Preparing statement: INSERT INTO DEVICE_TYPE_ATTRIBUTE (DEVICE_TYPE_CLUSTER_REF, ATTRIBUTE_NAME) VALUES (?, ?) to insert 0 records.","v":1}
{"level":30,"time":1589725316752,"pid":31086,"hostname":"localhost.localdomain","msg":"Preparing statement: INSERT INTO DEVICE_TYPE_COMMAND (DEVICE_TYPE_CLUSTER_REF, COMMAND_NAME) VALUES (?, ?) to insert 0 records.","v":1}
{"level":30,"time":1589725316752,"pid":31086,"hostname":"localhost.localdomain","msg":"Executed insert: INSERT INTO DEVICE_TYPE_CLUSTER (DEVICE_TYPE_REF, CLUSTER_NAME, INCLUDE_CLIENT, INCLUDE_SERVER, LOCK_CLIENT, LOCK_SERVER) VALUES (?,?,?,?,?,?): 7,Information,false,false,false,false => rowid: 321","v":1}
{"level":30,"time":1589725316752,"pid":31086,"hostname":"localhost.localdomain","msg":"Executed insert: INSERT INTO DEVICE_TYPE_CLUSTER (DEVICE_TYPE_REF, CLUSTER_NAME, INCLUDE_CLIENT, INCLUDE_SERVER, LOCK_CLIENT, LOCK_SERVER) VALUES (?,?,?,?,?,?): 7,Billing,false,false,false,true => rowid: 322","v":1}
{"level":30,"time":1589725316752,"pid":31086,"hostname":"localhost.localdomain","msg":"Executed insert: INSERT INTO DEVICE_TYPE_CLUSTER (DEVICE_TYPE_REF, CLUSTER_NAME, INCLUDE_CLIENT, INCLUDE_SERVER, LOCK_CLIENT, LOCK_SERVER) VALUES (?,?,?,?,?,?): 7,Payment,false,false,false,false => rowid: 323","v":1}
{"level":30,"time":1589725316752,"pid":31086,"hostname":"localhost.localdomain","msg":"Preparing statement: INSERT INTO DEVICE_TYPE_ATTRIBUTE (DEVICE_TYPE_CLUSTER_REF, ATTRIBUTE_NAME) VALUES (?, ?) to insert 0 records.","v":1}
{"level":30,"time":1589725316753,"pid":31086,"hostname":"localhost.localdomain","msg":"Preparing statement: INSERT INTO DEVICE_TYPE_COMMAND (DEVICE_TYPE_CLUSTER_REF, COMMAND_NAME) VALUES (?, ?) to insert 0 records.","v":1}
{"level":30,"time":1589725316753,"pid":31086,"hostname":"localhost.localdomain","msg":"Preparing statement: INSERT INTO STRUCT_ITEM (STRUCT_REF, NAME, TYPE) VALUES (?,?,?) to insert 90 records.","v":1}
{"level":30,"time":1589725316753,"pid":31086,"hostname":"localhost.localdomain","msg":"Preparing statement: INSERT INTO COMMAND_ARG (COMMAND_REF, NAME, TYPE, IS_ARRAY) VALUES (?,?,?,?) to insert 32 records.","v":1}
{"level":30,"time":1589725316770,"pid":31086,"hostname":"localhost.localdomain","msg":"Preparing statement: INSERT INTO BITMAP_FIELD (BITMAP_REF, NAME, MASK) VALUES (?, ?, ?) to insert 185 records.","v":1}
{"level":30,"time":1589725316772,"pid":31086,"hostname":"localhost.localdomain","msg":"Preparing statement: INSERT INTO BITMAP_FIELD (BITMAP_REF, NAME, MASK) VALUES (?, ?, ?) to insert 126 records.","v":1}
{"level":30,"time":1589725316773,"pid":31086,"hostname":"localhost.localdomain","msg":"Executed insert: INSERT INTO DEVICE_TYPE_CLUSTER (DEVICE_TYPE_REF, CLUSTER_NAME, INCLUDE_CLIENT, INCLUDE_SERVER, LOCK_CLIENT, LOCK_SERVER) VALUES (?,?,?,?,?,?): 8,Basic,false,true,true,true => rowid: 324","v":1}
{"level":30,"time":1589725316774,"pid":31086,"hostname":"localhost.localdomain","msg":"Executed insert: INSERT INTO DEVICE_TYPE_CLUSTER (DEVICE_TYPE_REF, CLUSTER_NAME, INCLUDE_CLIENT, INCLUDE_SERVER, LOCK_CLIENT, LOCK_SERVER) VALUES (?,?,?,?,?,?): 8,Identify,false,true,true,true => rowid: 325","v":1}
{"level":30,"time":1589725316775,"pid":31086,"hostname":"localhost.localdomain","msg":"Executed insert: INSERT INTO DEVICE_TYPE_CLUSTER (DEVICE_TYPE_REF, CLUSTER_NAME, INCLUDE_CLIENT, INCLUDE_SERVER, LOCK_CLIENT, LOCK_SERVER) VALUES (?,?,?,?,?,?): 8,Power Configuration,false,true,true,false => rowid: 326","v":1}
{"level":30,"time":1589725316775,"pid":31086,"hostname":"localhost.localdomain","msg":"Executed insert: INSERT INTO DEVICE_TYPE_CLUSTER (DEVICE_TYPE_REF, CLUSTER_NAME, INCLUDE_CLIENT, INCLUDE_SERVER, LOCK_CLIENT, LOCK_SERVER) VALUES (?,?,?,?,?,?): 8,Alarms,false,true,true,false => rowid: 327","v":1}
{"level":30,"time":1589725316775,"pid":31086,"hostname":"localhost.localdomain","msg":"Executed insert: INSERT INTO DEVICE_TYPE_CLUSTER (DEVICE_TYPE_REF, CLUSTER_NAME, INCLUDE_CLIENT, INCLUDE_SERVER, LOCK_CLIENT, LOCK_SERVER) VALUES (?,?,?,?,?,?): 8,Time,false,true,true,false => rowid: 328","v":1}
{"level":30,"time":1589725316775,"pid":31086,"hostname":"localhost.localdomain","msg":"Executed insert: INSERT INTO DEVICE_TYPE_CLUSTER (DEVICE_TYPE_REF, CLUSTER_NAME, INCLUDE_CLIENT, INCLUDE_SERVER, LOCK_CLIENT, LOCK_SERVER) VALUES (?,?,?,?,?,?): 13,Basic,false,true,true,true => rowid: 329","v":1}
{"level":30,"time":1589725316775,"pid":31086,"hostname":"localhost.localdomain","msg":"Executed insert: INSERT INTO DEVICE_TYPE_CLUSTER (DEVICE_TYPE_REF, CLUSTER_NAME, INCLUDE_CLIENT, INCLUDE_SERVER, LOCK_CLIENT, LOCK_SERVER) VALUES (?,?,?,?,?,?): 13,Identify,false,true,true,true => rowid: 330","v":1}
{"level":30,"time":1589725316775,"pid":31086,"hostname":"localhost.localdomain","msg":"Executed insert: INSERT INTO DEVICE_TYPE_CLUSTER (DEVICE_TYPE_REF, CLUSTER_NAME, INCLUDE_CLIENT, INCLUDE_SERVER, LOCK_CLIENT, LOCK_SERVER) VALUES (?,?,?,?,?,?): 13,Generic Tunnel,false,true,true,true => rowid: 331","v":1}
{"level":30,"time":1589725316775,"pid":31086,"hostname":"localhost.localdomain","msg":"Executed insert: INSERT INTO DEVICE_TYPE_CLUSTER (DEVICE_TYPE_REF, CLUSTER_NAME, INCLUDE_CLIENT, INCLUDE_SERVER, LOCK_CLIENT, LOCK_SERVER) VALUES (?,?,?,?,?,?): 13,11073 Protocol Tunnel,true,true,true,true => rowid: 332","v":1}
{"level":30,"time":1589725316775,"pid":31086,"hostname":"localhost.localdomain","msg":"Executed insert: INSERT INTO DEVICE_TYPE_CLUSTER (DEVICE_TYPE_REF, CLUSTER_NAME, INCLUDE_CLIENT, INCLUDE_SERVER, LOCK_CLIENT, LOCK_SERVER) VALUES (?,?,?,?,?,?): 13,Power Configuration,false,true,true,false => rowid: 333","v":1}
{"level":30,"time":1589725316775,"pid":31086,"hostname":"localhost.localdomain","msg":"Executed insert: INSERT INTO DEVICE_TYPE_CLUSTER (DEVICE_TYPE_REF, CLUSTER_NAME, INCLUDE_CLIENT, INCLUDE_SERVER, LOCK_CLIENT, LOCK_SERVER) VALUES (?,?,?,?,?,?): 13,Alarms,false,true,true,false => rowid: 334","v":1}
{"level":30,"time":1589725316775,"pid":31086,"hostname":"localhost.localdomain","msg":"Executed insert: INSERT INTO DEVICE_TYPE_CLUSTER (DEVICE_TYPE_REF, CLUSTER_NAME, INCLUDE_CLIENT, INCLUDE_SERVER, LOCK_CLIENT, LOCK_SERVER) VALUES (?,?,?,?,?,?): 13,Time,false,true,true,false => rowid: 335","v":1}
{"level":30,"time":1589725316775,"pid":31086,"hostname":"localhost.localdomain","msg":"Preparing statement: INSERT INTO DEVICE_TYPE_ATTRIBUTE (DEVICE_TYPE_CLUSTER_REF, ATTRIBUTE_NAME) VALUES (?, ?) to insert 0 records.","v":1}
{"level":30,"time":1589725316775,"pid":31086,"hostname":"localhost.localdomain","msg":"Preparing statement: INSERT INTO DEVICE_TYPE_COMMAND (DEVICE_TYPE_CLUSTER_REF, COMMAND_NAME) VALUES (?, ?) to insert 0 records.","v":1}
{"level":30,"time":1589725316775,"pid":31086,"hostname":"localhost.localdomain","msg":"Executed insert: INSERT INTO DEVICE_TYPE_CLUSTER (DEVICE_TYPE_REF, CLUSTER_NAME, INCLUDE_CLIENT, INCLUDE_SERVER, LOCK_CLIENT, LOCK_SERVER) VALUES (?,?,?,?,?,?): 20,Basic,false,true,true,true => rowid: 336","v":1}
{"level":30,"time":1589725316775,"pid":31086,"hostname":"localhost.localdomain","msg":"Executed insert: INSERT INTO DEVICE_TYPE_CLUSTER (DEVICE_TYPE_REF, CLUSTER_NAME, INCLUDE_CLIENT, INCLUDE_SERVER, LOCK_CLIENT, LOCK_SERVER) VALUES (?,?,?,?,?,?): 20,Identify,false,true,true,true => rowid: 337","v":1}
{"level":30,"time":1589725316775,"pid":31086,"hostname":"localhost.localdomain","msg":"Executed insert: INSERT INTO DEVICE_TYPE_CLUSTER (DEVICE_TYPE_REF, CLUSTER_NAME, INCLUDE_CLIENT, INCLUDE_SERVER, LOCK_CLIENT, LOCK_SERVER) VALUES (?,?,?,?,?,?): 20,Generic Tunnel,false,true,true,true => rowid: 338","v":1}
{"level":30,"time":1589725316775,"pid":31086,"hostname":"localhost.localdomain","msg":"Executed insert: INSERT INTO DEVICE_TYPE_CLUSTER (DEVICE_TYPE_REF, CLUSTER_NAME, INCLUDE_CLIENT, INCLUDE_SERVER, LOCK_CLIENT, LOCK_SERVER) VALUES (?,?,?,?,?,?): 20,11073 Protocol Tunnel,true,true,true,true => rowid: 339","v":1}
{"level":30,"time":1589725316775,"pid":31086,"hostname":"localhost.localdomain","msg":"Executed insert: INSERT INTO DEVICE_TYPE_CLUSTER (DEVICE_TYPE_REF, CLUSTER_NAME, INCLUDE_CLIENT, INCLUDE_SERVER, LOCK_CLIENT, LOCK_SERVER) VALUES (?,?,?,?,?,?): 20,Power Configuration,false,true,true,false => rowid: 340","v":1}
{"level":30,"time":1589725316776,"pid":31086,"hostname":"localhost.localdomain","msg":"Executed insert: INSERT INTO DEVICE_TYPE_CLUSTER (DEVICE_TYPE_REF, CLUSTER_NAME, INCLUDE_CLIENT, INCLUDE_SERVER, LOCK_CLIENT, LOCK_SERVER) VALUES (?,?,?,?,?,?): 20,Alarms,false,true,true,false => rowid: 341","v":1}
{"level":30,"time":1589725316776,"pid":31086,"hostname":"localhost.localdomain","msg":"Executed insert: INSERT INTO DEVICE_TYPE_CLUSTER (DEVICE_TYPE_REF, CLUSTER_NAME, INCLUDE_CLIENT, INCLUDE_SERVER, LOCK_CLIENT, LOCK_SERVER) VALUES (?,?,?,?,?,?): 20,Time,false,true,true,false => rowid: 342","v":1}
{"level":30,"time":1589725316776,"pid":31086,"hostname":"localhost.localdomain","msg":"Preparing statement: INSERT INTO DEVICE_TYPE_ATTRIBUTE (DEVICE_TYPE_CLUSTER_REF, ATTRIBUTE_NAME) VALUES (?, ?) to insert 0 records.","v":1}
{"level":30,"time":1589725316776,"pid":31086,"hostname":"localhost.localdomain","msg":"Preparing statement: INSERT INTO DEVICE_TYPE_COMMAND (DEVICE_TYPE_CLUSTER_REF, COMMAND_NAME) VALUES (?, ?) to insert 0 records.","v":1}
{"level":30,"time":1589725316776,"pid":31086,"hostname":"localhost.localdomain","msg":"Executed insert: INSERT INTO DEVICE_TYPE_CLUSTER (DEVICE_TYPE_REF, CLUSTER_NAME, INCLUDE_CLIENT, INCLUDE_SERVER, LOCK_CLIENT, LOCK_SERVER) VALUES (?,?,?,?,?,?): 27,Basic,false,true,true,true => rowid: 343","v":1}
{"level":30,"time":1589725316776,"pid":31086,"hostname":"localhost.localdomain","msg":"Executed insert: INSERT INTO DEVICE_TYPE_CLUSTER (DEVICE_TYPE_REF, CLUSTER_NAME, INCLUDE_CLIENT, INCLUDE_SERVER, LOCK_CLIENT, LOCK_SERVER) VALUES (?,?,?,?,?,?): 27,Identify,false,true,true,true => rowid: 344","v":1}
{"level":30,"time":1589725316776,"pid":31086,"hostname":"localhost.localdomain","msg":"Executed insert: INSERT INTO DEVICE_TYPE_CLUSTER (DEVICE_TYPE_REF, CLUSTER_NAME, INCLUDE_CLIENT, INCLUDE_SERVER, LOCK_CLIENT, LOCK_SERVER) VALUES (?,?,?,?,?,?): 27,Generic Tunnel,false,true,true,true => rowid: 345","v":1}
{"level":30,"time":1589725316776,"pid":31086,"hostname":"localhost.localdomain","msg":"Executed insert: INSERT INTO DEVICE_TYPE_CLUSTER (DEVICE_TYPE_REF, CLUSTER_NAME, INCLUDE_CLIENT, INCLUDE_SERVER, LOCK_CLIENT, LOCK_SERVER) VALUES (?,?,?,?,?,?): 27,11073 Protocol Tunnel,true,true,true,true => rowid: 346","v":1}
{"level":30,"time":1589725316776,"pid":31086,"hostname":"localhost.localdomain","msg":"Executed insert: INSERT INTO DEVICE_TYPE_CLUSTER (DEVICE_TYPE_REF, CLUSTER_NAME, INCLUDE_CLIENT, INCLUDE_SERVER, LOCK_CLIENT, LOCK_SERVER) VALUES (?,?,?,?,?,?): 27,Power Configuration,false,true,true,false => rowid: 347","v":1}
{"level":30,"time":1589725316776,"pid":31086,"hostname":"localhost.localdomain","msg":"Executed insert: INSERT INTO DEVICE_TYPE_CLUSTER (DEVICE_TYPE_REF, CLUSTER_NAME, INCLUDE_CLIENT, INCLUDE_SERVER, LOCK_CLIENT, LOCK_SERVER) VALUES (?,?,?,?,?,?): 27,Alarms,false,true,true,false => rowid: 348","v":1}
{"level":30,"time":1589725316776,"pid":31086,"hostname":"localhost.localdomain","msg":"Executed insert: INSERT INTO DEVICE_TYPE_CLUSTER (DEVICE_TYPE_REF, CLUSTER_NAME, INCLUDE_CLIENT, INCLUDE_SERVER, LOCK_CLIENT, LOCK_SERVER) VALUES (?,?,?,?,?,?): 27,Time,false,true,true,false => rowid: 349","v":1}
{"level":30,"time":1589725316776,"pid":31086,"hostname":"localhost.localdomain","msg":"Preparing statement: INSERT INTO DEVICE_TYPE_ATTRIBUTE (DEVICE_TYPE_CLUSTER_REF, ATTRIBUTE_NAME) VALUES (?, ?) to insert 0 records.","v":1}
{"level":30,"time":1589725316776,"pid":31086,"hostname":"localhost.localdomain","msg":"Preparing statement: INSERT INTO DEVICE_TYPE_COMMAND (DEVICE_TYPE_CLUSTER_REF, COMMAND_NAME) VALUES (?, ?) to insert 0 records.","v":1}
{"level":30,"time":1589725316776,"pid":31086,"hostname":"localhost.localdomain","msg":"Executed insert: INSERT INTO DEVICE_TYPE_CLUSTER (DEVICE_TYPE_REF, CLUSTER_NAME, INCLUDE_CLIENT, INCLUDE_SERVER, LOCK_CLIENT, LOCK_SERVER) VALUES (?,?,?,?,?,?): 33,Basic,false,true,true,true => rowid: 350","v":1}
{"level":30,"time":1589725316776,"pid":31086,"hostname":"localhost.localdomain","msg":"Executed insert: INSERT INTO DEVICE_TYPE_CLUSTER (DEVICE_TYPE_REF, CLUSTER_NAME, INCLUDE_CLIENT, INCLUDE_SERVER, LOCK_CLIENT, LOCK_SERVER) VALUES (?,?,?,?,?,?): 33,Identify,false,true,true,true => rowid: 351","v":1}
{"level":30,"time":1589725316776,"pid":31086,"hostname":"localhost.localdomain","msg":"Executed insert: INSERT INTO DEVICE_TYPE_CLUSTER (DEVICE_TYPE_REF, CLUSTER_NAME, INCLUDE_CLIENT, INCLUDE_SERVER, LOCK_CLIENT, LOCK_SERVER) VALUES (?,?,?,?,?,?): 33,Generic Tunnel,false,true,true,true => rowid: 352","v":1}
{"level":30,"time":1589725316776,"pid":31086,"hostname":"localhost.localdomain","msg":"Executed insert: INSERT INTO DEVICE_TYPE_CLUSTER (DEVICE_TYPE_REF, CLUSTER_NAME, INCLUDE_CLIENT, INCLUDE_SERVER, LOCK_CLIENT, LOCK_SERVER) VALUES (?,?,?,?,?,?): 33,11073 Protocol Tunnel,true,true,true,true => rowid: 353","v":1}
{"level":30,"time":1589725316776,"pid":31086,"hostname":"localhost.localdomain","msg":"Executed insert: INSERT INTO DEVICE_TYPE_CLUSTER (DEVICE_TYPE_REF, CLUSTER_NAME, INCLUDE_CLIENT, INCLUDE_SERVER, LOCK_CLIENT, LOCK_SERVER) VALUES (?,?,?,?,?,?): 33,Power Configuration,false,true,true,false => rowid: 354","v":1}
{"level":30,"time":1589725316776,"pid":31086,"hostname":"localhost.localdomain","msg":"Executed insert: INSERT INTO DEVICE_TYPE_CLUSTER (DEVICE_TYPE_REF, CLUSTER_NAME, INCLUDE_CLIENT, INCLUDE_SERVER, LOCK_CLIENT, LOCK_SERVER) VALUES (?,?,?,?,?,?): 33,Alarms,false,true,true,false => rowid: 355","v":1}
{"level":30,"time":1589725316776,"pid":31086,"hostname":"localhost.localdomain","msg":"Executed insert: INSERT INTO DEVICE_TYPE_CLUSTER (DEVICE_TYPE_REF, CLUSTER_NAME, INCLUDE_CLIENT, INCLUDE_SERVER, LOCK_CLIENT, LOCK_SERVER) VALUES (?,?,?,?,?,?): 33,Time,false,true,true,false => rowid: 356","v":1}
{"level":30,"time":1589725316776,"pid":31086,"hostname":"localhost.localdomain","msg":"Preparing statement: INSERT INTO DEVICE_TYPE_ATTRIBUTE (DEVICE_TYPE_CLUSTER_REF, ATTRIBUTE_NAME) VALUES (?, ?) to insert 0 records.","v":1}
{"level":30,"time":1589725316777,"pid":31086,"hostname":"localhost.localdomain","msg":"Preparing statement: INSERT INTO DEVICE_TYPE_COMMAND (DEVICE_TYPE_CLUSTER_REF, COMMAND_NAME) VALUES (?, ?) to insert 0 records.","v":1}
{"level":30,"time":1589725316777,"pid":31086,"hostname":"localhost.localdomain","msg":"Executed insert: INSERT INTO DEVICE_TYPE_CLUSTER (DEVICE_TYPE_REF, CLUSTER_NAME, INCLUDE_CLIENT, INCLUDE_SERVER, LOCK_CLIENT, LOCK_SERVER) VALUES (?,?,?,?,?,?): 39,Basic,false,true,true,true => rowid: 357","v":1}
{"level":30,"time":1589725316777,"pid":31086,"hostname":"localhost.localdomain","msg":"Executed insert: INSERT INTO DEVICE_TYPE_CLUSTER (DEVICE_TYPE_REF, CLUSTER_NAME, INCLUDE_CLIENT, INCLUDE_SERVER, LOCK_CLIENT, LOCK_SERVER) VALUES (?,?,?,?,?,?): 39,Identify,false,true,true,true => rowid: 358","v":1}
{"level":30,"time":1589725316777,"pid":31086,"hostname":"localhost.localdomain","msg":"Executed insert: INSERT INTO DEVICE_TYPE_CLUSTER (DEVICE_TYPE_REF, CLUSTER_NAME, INCLUDE_CLIENT, INCLUDE_SERVER, LOCK_CLIENT, LOCK_SERVER) VALUES (?,?,?,?,?,?): 39,Generic Tunnel,false,true,true,true => rowid: 359","v":1}
{"level":30,"time":1589725316777,"pid":31086,"hostname":"localhost.localdomain","msg":"Executed insert: INSERT INTO DEVICE_TYPE_CLUSTER (DEVICE_TYPE_REF, CLUSTER_NAME, INCLUDE_CLIENT, INCLUDE_SERVER, LOCK_CLIENT, LOCK_SERVER) VALUES (?,?,?,?,?,?): 39,11073 Protocol Tunnel,true,true,true,true => rowid: 360","v":1}
{"level":30,"time":1589725316777,"pid":31086,"hostname":"localhost.localdomain","msg":"Executed insert: INSERT INTO DEVICE_TYPE_CLUSTER (DEVICE_TYPE_REF, CLUSTER_NAME, INCLUDE_CLIENT, INCLUDE_SERVER, LOCK_CLIENT, LOCK_SERVER) VALUES (?,?,?,?,?,?): 39,Power Configuration,false,true,true,false => rowid: 361","v":1}
{"level":30,"time":1589725316777,"pid":31086,"hostname":"localhost.localdomain","msg":"Executed insert: INSERT INTO DEVICE_TYPE_CLUSTER (DEVICE_TYPE_REF, CLUSTER_NAME, INCLUDE_CLIENT, INCLUDE_SERVER, LOCK_CLIENT, LOCK_SERVER) VALUES (?,?,?,?,?,?): 39,Alarms,false,true,true,false => rowid: 362","v":1}
{"level":30,"time":1589725316777,"pid":31086,"hostname":"localhost.localdomain","msg":"Executed insert: INSERT INTO DEVICE_TYPE_CLUSTER (DEVICE_TYPE_REF, CLUSTER_NAME, INCLUDE_CLIENT, INCLUDE_SERVER, LOCK_CLIENT, LOCK_SERVER) VALUES (?,?,?,?,?,?): 39,Time,false,true,true,false => rowid: 363","v":1}
{"level":30,"time":1589725316777,"pid":31086,"hostname":"localhost.localdomain","msg":"Preparing statement: INSERT INTO DEVICE_TYPE_ATTRIBUTE (DEVICE_TYPE_CLUSTER_REF, ATTRIBUTE_NAME) VALUES (?, ?) to insert 0 records.","v":1}
{"level":30,"time":1589725316777,"pid":31086,"hostname":"localhost.localdomain","msg":"Preparing statement: INSERT INTO DEVICE_TYPE_COMMAND (DEVICE_TYPE_CLUSTER_REF, COMMAND_NAME) VALUES (?, ?) to insert 0 records.","v":1}
{"level":30,"time":1589725316777,"pid":31086,"hostname":"localhost.localdomain","msg":"Executed insert: INSERT INTO DEVICE_TYPE_CLUSTER (DEVICE_TYPE_REF, CLUSTER_NAME, INCLUDE_CLIENT, INCLUDE_SERVER, LOCK_CLIENT, LOCK_SERVER) VALUES (?,?,?,?,?,?): 45,Basic,false,true,true,true => rowid: 364","v":1}
{"level":30,"time":1589725316777,"pid":31086,"hostname":"localhost.localdomain","msg":"Executed insert: INSERT INTO DEVICE_TYPE_CLUSTER (DEVICE_TYPE_REF, CLUSTER_NAME, INCLUDE_CLIENT, INCLUDE_SERVER, LOCK_CLIENT, LOCK_SERVER) VALUES (?,?,?,?,?,?): 45,Identify,false,true,true,true => rowid: 365","v":1}
{"level":30,"time":1589725316777,"pid":31086,"hostname":"localhost.localdomain","msg":"Executed insert: INSERT INTO DEVICE_TYPE_CLUSTER (DEVICE_TYPE_REF, CLUSTER_NAME, INCLUDE_CLIENT, INCLUDE_SERVER, LOCK_CLIENT, LOCK_SERVER) VALUES (?,?,?,?,?,?): 45,Generic Tunnel,false,true,true,true => rowid: 366","v":1}
{"level":30,"time":1589725316777,"pid":31086,"hostname":"localhost.localdomain","msg":"Executed insert: INSERT INTO DEVICE_TYPE_CLUSTER (DEVICE_TYPE_REF, CLUSTER_NAME, INCLUDE_CLIENT, INCLUDE_SERVER, LOCK_CLIENT, LOCK_SERVER) VALUES (?,?,?,?,?,?): 45,11073 Protocol Tunnel,true,true,true,true => rowid: 367","v":1}
{"level":30,"time":1589725316777,"pid":31086,"hostname":"localhost.localdomain","msg":"Executed insert: INSERT INTO DEVICE_TYPE_CLUSTER (DEVICE_TYPE_REF, CLUSTER_NAME, INCLUDE_CLIENT, INCLUDE_SERVER, LOCK_CLIENT, LOCK_SERVER) VALUES (?,?,?,?,?,?): 45,Power Configuration,false,true,true,false => rowid: 368","v":1}
{"level":30,"time":1589725316777,"pid":31086,"hostname":"localhost.localdomain","msg":"Executed insert: INSERT INTO DEVICE_TYPE_CLUSTER (DEVICE_TYPE_REF, CLUSTER_NAME, INCLUDE_CLIENT, INCLUDE_SERVER, LOCK_CLIENT, LOCK_SERVER) VALUES (?,?,?,?,?,?): 45,Alarms,false,true,true,false => rowid: 369","v":1}
{"level":30,"time":1589725316777,"pid":31086,"hostname":"localhost.localdomain","msg":"Executed insert: INSERT INTO DEVICE_TYPE_CLUSTER (DEVICE_TYPE_REF, CLUSTER_NAME, INCLUDE_CLIENT, INCLUDE_SERVER, LOCK_CLIENT, LOCK_SERVER) VALUES (?,?,?,?,?,?): 45,Time,false,true,true,false => rowid: 370","v":1}
{"level":30,"time":1589725316777,"pid":31086,"hostname":"localhost.localdomain","msg":"Preparing statement: INSERT INTO DEVICE_TYPE_ATTRIBUTE (DEVICE_TYPE_CLUSTER_REF, ATTRIBUTE_NAME) VALUES (?, ?) to insert 0 records.","v":1}
{"level":30,"time":1589725316778,"pid":31086,"hostname":"localhost.localdomain","msg":"Preparing statement: INSERT INTO DEVICE_TYPE_COMMAND (DEVICE_TYPE_CLUSTER_REF, COMMAND_NAME) VALUES (?, ?) to insert 0 records.","v":1}
{"level":30,"time":1589725316778,"pid":31086,"hostname":"localhost.localdomain","msg":"Executed insert: INSERT INTO DEVICE_TYPE_CLUSTER (DEVICE_TYPE_REF, CLUSTER_NAME, INCLUDE_CLIENT, INCLUDE_SERVER, LOCK_CLIENT, LOCK_SERVER) VALUES (?,?,?,?,?,?): 50,Basic,false,true,true,true => rowid: 371","v":1}
{"level":30,"time":1589725316778,"pid":31086,"hostname":"localhost.localdomain","msg":"Executed insert: INSERT INTO DEVICE_TYPE_CLUSTER (DEVICE_TYPE_REF, CLUSTER_NAME, INCLUDE_CLIENT, INCLUDE_SERVER, LOCK_CLIENT, LOCK_SERVER) VALUES (?,?,?,?,?,?): 50,Identify,false,true,true,true => rowid: 372","v":1}
{"level":30,"time":1589725316778,"pid":31086,"hostname":"localhost.localdomain","msg":"Executed insert: INSERT INTO DEVICE_TYPE_CLUSTER (DEVICE_TYPE_REF, CLUSTER_NAME, INCLUDE_CLIENT, INCLUDE_SERVER, LOCK_CLIENT, LOCK_SERVER) VALUES (?,?,?,?,?,?): 50,Generic Tunnel,false,true,true,true => rowid: 373","v":1}
{"level":30,"time":1589725316778,"pid":31086,"hostname":"localhost.localdomain","msg":"Executed insert: INSERT INTO DEVICE_TYPE_CLUSTER (DEVICE_TYPE_REF, CLUSTER_NAME, INCLUDE_CLIENT, INCLUDE_SERVER, LOCK_CLIENT, LOCK_SERVER) VALUES (?,?,?,?,?,?): 8,Generic Tunnel,false,true,true,true => rowid: 374","v":1}
{"level":30,"time":1589725316778,"pid":31086,"hostname":"localhost.localdomain","msg":"Executed insert: INSERT INTO DEVICE_TYPE_CLUSTER (DEVICE_TYPE_REF, CLUSTER_NAME, INCLUDE_CLIENT, INCLUDE_SERVER, LOCK_CLIENT, LOCK_SERVER) VALUES (?,?,?,?,?,?): 50,Power Configuration,false,true,true,false => rowid: 375","v":1}
{"level":30,"time":1589725316783,"pid":31086,"hostname":"localhost.localdomain","msg":"Executed insert: INSERT INTO DEVICE_TYPE_CLUSTER (DEVICE_TYPE_REF, CLUSTER_NAME, INCLUDE_CLIENT, INCLUDE_SERVER, LOCK_CLIENT, LOCK_SERVER) VALUES (?,?,?,?,?,?): 50,Time,false,true,true,false => rowid: 376","v":1}
{"level":30,"time":1589725316783,"pid":31086,"hostname":"localhost.localdomain","msg":"Executed insert: INSERT INTO DEVICE_TYPE_CLUSTER (DEVICE_TYPE_REF, CLUSTER_NAME, INCLUDE_CLIENT, INCLUDE_SERVER, LOCK_CLIENT, LOCK_SERVER) VALUES (?,?,?,?,?,?): 55,Basic,false,true,true,true => rowid: 377","v":1}
{"level":30,"time":1589725316783,"pid":31086,"hostname":"localhost.localdomain","msg":"Executed insert: INSERT INTO DEVICE_TYPE_CLUSTER (DEVICE_TYPE_REF, CLUSTER_NAME, INCLUDE_CLIENT, INCLUDE_SERVER, LOCK_CLIENT, LOCK_SERVER) VALUES (?,?,?,?,?,?): 55,Identify,false,true,true,true => rowid: 378","v":1}
{"level":30,"time":1589725316783,"pid":31086,"hostname":"localhost.localdomain","msg":"Executed insert: INSERT INTO DEVICE_TYPE_CLUSTER (DEVICE_TYPE_REF, CLUSTER_NAME, INCLUDE_CLIENT, INCLUDE_SERVER, LOCK_CLIENT, LOCK_SERVER) VALUES (?,?,?,?,?,?): 55,Generic Tunnel,false,true,true,true => rowid: 379","v":1}
{"level":30,"time":1589725316783,"pid":31086,"hostname":"localhost.localdomain","msg":"Executed insert: INSERT INTO DEVICE_TYPE_CLUSTER (DEVICE_TYPE_REF, CLUSTER_NAME, INCLUDE_CLIENT, INCLUDE_SERVER, LOCK_CLIENT, LOCK_SERVER) VALUES (?,?,?,?,?,?): 55,11073 Protocol Tunnel,true,true,true,true => rowid: 380","v":1}
{"level":30,"time":1589725316783,"pid":31086,"hostname":"localhost.localdomain","msg":"Executed insert: INSERT INTO DEVICE_TYPE_CLUSTER (DEVICE_TYPE_REF, CLUSTER_NAME, INCLUDE_CLIENT, INCLUDE_SERVER, LOCK_CLIENT, LOCK_SERVER) VALUES (?,?,?,?,?,?): 55,Power Configuration,false,true,true,false => rowid: 381","v":1}
{"level":30,"time":1589725316783,"pid":31086,"hostname":"localhost.localdomain","msg":"Executed insert: INSERT INTO DEVICE_TYPE_CLUSTER (DEVICE_TYPE_REF, CLUSTER_NAME, INCLUDE_CLIENT, INCLUDE_SERVER, LOCK_CLIENT, LOCK_SERVER) VALUES (?,?,?,?,?,?): 55,Alarms,false,true,true,false => rowid: 382","v":1}
{"level":30,"time":1589725316783,"pid":31086,"hostname":"localhost.localdomain","msg":"Executed insert: INSERT INTO DEVICE_TYPE_CLUSTER (DEVICE_TYPE_REF, CLUSTER_NAME, INCLUDE_CLIENT, INCLUDE_SERVER, LOCK_CLIENT, LOCK_SERVER) VALUES (?,?,?,?,?,?): 55,Time,false,true,true,false => rowid: 383","v":1}
{"level":30,"time":1589725316783,"pid":31086,"hostname":"localhost.localdomain","msg":"Preparing statement: INSERT INTO DEVICE_TYPE_ATTRIBUTE (DEVICE_TYPE_CLUSTER_REF, ATTRIBUTE_NAME) VALUES (?, ?) to insert 0 records.","v":1}
{"level":30,"time":1589725316783,"pid":31086,"hostname":"localhost.localdomain","msg":"Preparing statement: INSERT INTO DEVICE_TYPE_COMMAND (DEVICE_TYPE_CLUSTER_REF, COMMAND_NAME) VALUES (?, ?) to insert 0 records.","v":1}
{"level":30,"time":1589725316783,"pid":31086,"hostname":"localhost.localdomain","msg":"Executed insert: INSERT INTO DEVICE_TYPE_CLUSTER (DEVICE_TYPE_REF, CLUSTER_NAME, INCLUDE_CLIENT, INCLUDE_SERVER, LOCK_CLIENT, LOCK_SERVER) VALUES (?,?,?,?,?,?): 60,Basic,false,true,true,true => rowid: 384","v":1}
{"level":30,"time":1589725316784,"pid":31086,"hostname":"localhost.localdomain","msg":"Executed insert: INSERT INTO DEVICE_TYPE_CLUSTER (DEVICE_TYPE_REF, CLUSTER_NAME, INCLUDE_CLIENT, INCLUDE_SERVER, LOCK_CLIENT, LOCK_SERVER) VALUES (?,?,?,?,?,?): 60,Identify,false,true,true,true => rowid: 385","v":1}
{"level":30,"time":1589725316784,"pid":31086,"hostname":"localhost.localdomain","msg":"Executed insert: INSERT INTO DEVICE_TYPE_CLUSTER (DEVICE_TYPE_REF, CLUSTER_NAME, INCLUDE_CLIENT, INCLUDE_SERVER, LOCK_CLIENT, LOCK_SERVER) VALUES (?,?,?,?,?,?): 60,Generic Tunnel,false,true,true,true => rowid: 386","v":1}
{"level":30,"time":1589725316784,"pid":31086,"hostname":"localhost.localdomain","msg":"Executed insert: INSERT INTO DEVICE_TYPE_CLUSTER (DEVICE_TYPE_REF, CLUSTER_NAME, INCLUDE_CLIENT, INCLUDE_SERVER, LOCK_CLIENT, LOCK_SERVER) VALUES (?,?,?,?,?,?): 60,11073 Protocol Tunnel,true,true,true,true => rowid: 387","v":1}
{"level":30,"time":1589725316784,"pid":31086,"hostname":"localhost.localdomain","msg":"Executed insert: INSERT INTO DEVICE_TYPE_CLUSTER (DEVICE_TYPE_REF, CLUSTER_NAME, INCLUDE_CLIENT, INCLUDE_SERVER, LOCK_CLIENT, LOCK_SERVER) VALUES (?,?,?,?,?,?): 60,Power Configuration,false,true,true,false => rowid: 388","v":1}
{"level":30,"time":1589725316784,"pid":31086,"hostname":"localhost.localdomain","msg":"Executed insert: INSERT INTO DEVICE_TYPE_CLUSTER (DEVICE_TYPE_REF, CLUSTER_NAME, INCLUDE_CLIENT, INCLUDE_SERVER, LOCK_CLIENT, LOCK_SERVER) VALUES (?,?,?,?,?,?): 60,Alarms,false,true,true,false => rowid: 389","v":1}
{"level":30,"time":1589725316784,"pid":31086,"hostname":"localhost.localdomain","msg":"Executed insert: INSERT INTO DEVICE_TYPE_CLUSTER (DEVICE_TYPE_REF, CLUSTER_NAME, INCLUDE_CLIENT, INCLUDE_SERVER, LOCK_CLIENT, LOCK_SERVER) VALUES (?,?,?,?,?,?): 60,Time,false,true,true,false => rowid: 390","v":1}
{"level":30,"time":1589725316784,"pid":31086,"hostname":"localhost.localdomain","msg":"Preparing statement: INSERT INTO DEVICE_TYPE_ATTRIBUTE (DEVICE_TYPE_CLUSTER_REF, ATTRIBUTE_NAME) VALUES (?, ?) to insert 0 records.","v":1}
{"level":30,"time":1589725316784,"pid":31086,"hostname":"localhost.localdomain","msg":"Preparing statement: INSERT INTO DEVICE_TYPE_COMMAND (DEVICE_TYPE_CLUSTER_REF, COMMAND_NAME) VALUES (?, ?) to insert 0 records.","v":1}
{"level":30,"time":1589725316784,"pid":31086,"hostname":"localhost.localdomain","msg":"Executed insert: INSERT INTO DEVICE_TYPE_CLUSTER (DEVICE_TYPE_REF, CLUSTER_NAME, INCLUDE_CLIENT, INCLUDE_SERVER, LOCK_CLIENT, LOCK_SERVER) VALUES (?,?,?,?,?,?): 65,Basic,false,true,true,true => rowid: 391","v":1}
{"level":30,"time":1589725316784,"pid":31086,"hostname":"localhost.localdomain","msg":"Executed insert: INSERT INTO DEVICE_TYPE_CLUSTER (DEVICE_TYPE_REF, CLUSTER_NAME, INCLUDE_CLIENT, INCLUDE_SERVER, LOCK_CLIENT, LOCK_SERVER) VALUES (?,?,?,?,?,?): 65,Identify,false,true,true,true => rowid: 392","v":1}
{"level":30,"time":1589725316784,"pid":31086,"hostname":"localhost.localdomain","msg":"Executed insert: INSERT INTO DEVICE_TYPE_CLUSTER (DEVICE_TYPE_REF, CLUSTER_NAME, INCLUDE_CLIENT, INCLUDE_SERVER, LOCK_CLIENT, LOCK_SERVER) VALUES (?,?,?,?,?,?): 65,Generic Tunnel,false,true,true,true => rowid: 393","v":1}
{"level":30,"time":1589725316784,"pid":31086,"hostname":"localhost.localdomain","msg":"Executed insert: INSERT INTO DEVICE_TYPE_CLUSTER (DEVICE_TYPE_REF, CLUSTER_NAME, INCLUDE_CLIENT, INCLUDE_SERVER, LOCK_CLIENT, LOCK_SERVER) VALUES (?,?,?,?,?,?): 65,11073 Protocol Tunnel,true,true,true,true => rowid: 394","v":1}
{"level":30,"time":1589725316784,"pid":31086,"hostname":"localhost.localdomain","msg":"Executed insert: INSERT INTO DEVICE_TYPE_CLUSTER (DEVICE_TYPE_REF, CLUSTER_NAME, INCLUDE_CLIENT, INCLUDE_SERVER, LOCK_CLIENT, LOCK_SERVER) VALUES (?,?,?,?,?,?): 65,Power Configuration,false,true,true,false => rowid: 395","v":1}
{"level":30,"time":1589725316784,"pid":31086,"hostname":"localhost.localdomain","msg":"Executed insert: INSERT INTO DEVICE_TYPE_CLUSTER (DEVICE_TYPE_REF, CLUSTER_NAME, INCLUDE_CLIENT, INCLUDE_SERVER, LOCK_CLIENT, LOCK_SERVER) VALUES (?,?,?,?,?,?): 65,Alarms,false,true,true,false => rowid: 396","v":1}
{"level":30,"time":1589725316784,"pid":31086,"hostname":"localhost.localdomain","msg":"Executed insert: INSERT INTO DEVICE_TYPE_CLUSTER (DEVICE_TYPE_REF, CLUSTER_NAME, INCLUDE_CLIENT, INCLUDE_SERVER, LOCK_CLIENT, LOCK_SERVER) VALUES (?,?,?,?,?,?): 50,11073 Protocol Tunnel,true,true,true,true => rowid: 397","v":1}
{"level":30,"time":1589725316784,"pid":31086,"hostname":"localhost.localdomain","msg":"Executed insert: INSERT INTO DEVICE_TYPE_CLUSTER (DEVICE_TYPE_REF, CLUSTER_NAME, INCLUDE_CLIENT, INCLUDE_SERVER, LOCK_CLIENT, LOCK_SERVER) VALUES (?,?,?,?,?,?): 70,Basic,false,true,true,true => rowid: 398","v":1}
{"level":30,"time":1589725316784,"pid":31086,"hostname":"localhost.localdomain","msg":"Executed insert: INSERT INTO DEVICE_TYPE_CLUSTER (DEVICE_TYPE_REF, CLUSTER_NAME, INCLUDE_CLIENT, INCLUDE_SERVER, LOCK_CLIENT, LOCK_SERVER) VALUES (?,?,?,?,?,?): 70,Identify,false,true,true,true => rowid: 399","v":1}
{"level":30,"time":1589725316784,"pid":31086,"hostname":"localhost.localdomain","msg":"Executed insert: INSERT INTO DEVICE_TYPE_CLUSTER (DEVICE_TYPE_REF, CLUSTER_NAME, INCLUDE_CLIENT, INCLUDE_SERVER, LOCK_CLIENT, LOCK_SERVER) VALUES (?,?,?,?,?,?): 70,Generic Tunnel,false,true,true,true => rowid: 400","v":1}
{"level":30,"time":1589725316785,"pid":31086,"hostname":"localhost.localdomain","msg":"Executed insert: INSERT INTO DEVICE_TYPE_CLUSTER (DEVICE_TYPE_REF, CLUSTER_NAME, INCLUDE_CLIENT, INCLUDE_SERVER, LOCK_CLIENT, LOCK_SERVER) VALUES (?,?,?,?,?,?): 70,11073 Protocol Tunnel,true,true,true,true => rowid: 401","v":1}
{"level":30,"time":1589725316785,"pid":31086,"hostname":"localhost.localdomain","msg":"Executed insert: INSERT INTO DEVICE_TYPE_CLUSTER (DEVICE_TYPE_REF, CLUSTER_NAME, INCLUDE_CLIENT, INCLUDE_SERVER, LOCK_CLIENT, LOCK_SERVER) VALUES (?,?,?,?,?,?): 70,Power Configuration,false,true,true,false => rowid: 402","v":1}
{"level":30,"time":1589725316785,"pid":31086,"hostname":"localhost.localdomain","msg":"Executed insert: INSERT INTO DEVICE_TYPE_CLUSTER (DEVICE_TYPE_REF, CLUSTER_NAME, INCLUDE_CLIENT, INCLUDE_SERVER, LOCK_CLIENT, LOCK_SERVER) VALUES (?,?,?,?,?,?): 70,Alarms,false,true,true,false => rowid: 403","v":1}
{"level":30,"time":1589725316785,"pid":31086,"hostname":"localhost.localdomain","msg":"Executed insert: INSERT INTO DEVICE_TYPE_CLUSTER (DEVICE_TYPE_REF, CLUSTER_NAME, INCLUDE_CLIENT, INCLUDE_SERVER, LOCK_CLIENT, LOCK_SERVER) VALUES (?,?,?,?,?,?): 70,Time,false,true,true,false => rowid: 404","v":1}
{"level":30,"time":1589725316785,"pid":31086,"hostname":"localhost.localdomain","msg":"Preparing statement: INSERT INTO DEVICE_TYPE_ATTRIBUTE (DEVICE_TYPE_CLUSTER_REF, ATTRIBUTE_NAME) VALUES (?, ?) to insert 0 records.","v":1}
{"level":30,"time":1589725316785,"pid":31086,"hostname":"localhost.localdomain","msg":"Preparing statement: INSERT INTO DEVICE_TYPE_COMMAND (DEVICE_TYPE_CLUSTER_REF, COMMAND_NAME) VALUES (?, ?) to insert 0 records.","v":1}
{"level":30,"time":1589725316785,"pid":31086,"hostname":"localhost.localdomain","msg":"Executed insert: INSERT INTO DEVICE_TYPE_CLUSTER (DEVICE_TYPE_REF, CLUSTER_NAME, INCLUDE_CLIENT, INCLUDE_SERVER, LOCK_CLIENT, LOCK_SERVER) VALUES (?,?,?,?,?,?): 75,Basic,false,true,true,true => rowid: 405","v":1}
{"level":30,"time":1589725316785,"pid":31086,"hostname":"localhost.localdomain","msg":"Executed insert: INSERT INTO DEVICE_TYPE_CLUSTER (DEVICE_TYPE_REF, CLUSTER_NAME, INCLUDE_CLIENT, INCLUDE_SERVER, LOCK_CLIENT, LOCK_SERVER) VALUES (?,?,?,?,?,?): 75,Identify,false,true,true,true => rowid: 406","v":1}
{"level":30,"time":1589725316785,"pid":31086,"hostname":"localhost.localdomain","msg":"Executed insert: INSERT INTO DEVICE_TYPE_CLUSTER (DEVICE_TYPE_REF, CLUSTER_NAME, INCLUDE_CLIENT, INCLUDE_SERVER, LOCK_CLIENT, LOCK_SERVER) VALUES (?,?,?,?,?,?): 75,Generic Tunnel,false,true,true,true => rowid: 407","v":1}
{"level":30,"time":1589725316785,"pid":31086,"hostname":"localhost.localdomain","msg":"Executed insert: INSERT INTO DEVICE_TYPE_CLUSTER (DEVICE_TYPE_REF, CLUSTER_NAME, INCLUDE_CLIENT, INCLUDE_SERVER, LOCK_CLIENT, LOCK_SERVER) VALUES (?,?,?,?,?,?): 75,11073 Protocol Tunnel,true,true,true,true => rowid: 408","v":1}
{"level":30,"time":1589725316785,"pid":31086,"hostname":"localhost.localdomain","msg":"Executed insert: INSERT INTO DEVICE_TYPE_CLUSTER (DEVICE_TYPE_REF, CLUSTER_NAME, INCLUDE_CLIENT, INCLUDE_SERVER, LOCK_CLIENT, LOCK_SERVER) VALUES (?,?,?,?,?,?): 75,Power Configuration,false,true,true,false => rowid: 409","v":1}
{"level":30,"time":1589725316785,"pid":31086,"hostname":"localhost.localdomain","msg":"Executed insert: INSERT INTO DEVICE_TYPE_CLUSTER (DEVICE_TYPE_REF, CLUSTER_NAME, INCLUDE_CLIENT, INCLUDE_SERVER, LOCK_CLIENT, LOCK_SERVER) VALUES (?,?,?,?,?,?): 75,Alarms,false,true,true,false => rowid: 410","v":1}
{"level":30,"time":1589725316785,"pid":31086,"hostname":"localhost.localdomain","msg":"Executed insert: INSERT INTO DEVICE_TYPE_CLUSTER (DEVICE_TYPE_REF, CLUSTER_NAME, INCLUDE_CLIENT, INCLUDE_SERVER, LOCK_CLIENT, LOCK_SERVER) VALUES (?,?,?,?,?,?): 75,Time,false,true,true,false => rowid: 411","v":1}
{"level":30,"time":1589725316785,"pid":31086,"hostname":"localhost.localdomain","msg":"Preparing statement: INSERT INTO DEVICE_TYPE_ATTRIBUTE (DEVICE_TYPE_CLUSTER_REF, ATTRIBUTE_NAME) VALUES (?, ?) to insert 0 records.","v":1}
{"level":30,"time":1589725316785,"pid":31086,"hostname":"localhost.localdomain","msg":"Preparing statement: INSERT INTO DEVICE_TYPE_COMMAND (DEVICE_TYPE_CLUSTER_REF, COMMAND_NAME) VALUES (?, ?) to insert 0 records.","v":1}
{"level":30,"time":1589725316785,"pid":31086,"hostname":"localhost.localdomain","msg":"Executed insert: INSERT INTO DEVICE_TYPE_CLUSTER (DEVICE_TYPE_REF, CLUSTER_NAME, INCLUDE_CLIENT, INCLUDE_SERVER, LOCK_CLIENT, LOCK_SERVER) VALUES (?,?,?,?,?,?): 80,Basic,false,true,true,true => rowid: 412","v":1}
{"level":30,"time":1589725316785,"pid":31086,"hostname":"localhost.localdomain","msg":"Executed insert: INSERT INTO DEVICE_TYPE_CLUSTER (DEVICE_TYPE_REF, CLUSTER_NAME, INCLUDE_CLIENT, INCLUDE_SERVER, LOCK_CLIENT, LOCK_SERVER) VALUES (?,?,?,?,?,?): 80,Identify,false,true,true,true => rowid: 413","v":1}
{"level":30,"time":1589725316785,"pid":31086,"hostname":"localhost.localdomain","msg":"Executed insert: INSERT INTO DEVICE_TYPE_CLUSTER (DEVICE_TYPE_REF, CLUSTER_NAME, INCLUDE_CLIENT, INCLUDE_SERVER, LOCK_CLIENT, LOCK_SERVER) VALUES (?,?,?,?,?,?): 80,Generic Tunnel,false,true,true,true => rowid: 414","v":1}
{"level":30,"time":1589725316786,"pid":31086,"hostname":"localhost.localdomain","msg":"Executed insert: INSERT INTO DEVICE_TYPE_CLUSTER (DEVICE_TYPE_REF, CLUSTER_NAME, INCLUDE_CLIENT, INCLUDE_SERVER, LOCK_CLIENT, LOCK_SERVER) VALUES (?,?,?,?,?,?): 80,11073 Protocol Tunnel,true,true,true,true => rowid: 415","v":1}
{"level":30,"time":1589725316786,"pid":31086,"hostname":"localhost.localdomain","msg":"Executed insert: INSERT INTO DEVICE_TYPE_CLUSTER (DEVICE_TYPE_REF, CLUSTER_NAME, INCLUDE_CLIENT, INCLUDE_SERVER, LOCK_CLIENT, LOCK_SERVER) VALUES (?,?,?,?,?,?): 80,Power Configuration,false,true,true,false => rowid: 416","v":1}
{"level":30,"time":1589725316786,"pid":31086,"hostname":"localhost.localdomain","msg":"Executed insert: INSERT INTO DEVICE_TYPE_CLUSTER (DEVICE_TYPE_REF, CLUSTER_NAME, INCLUDE_CLIENT, INCLUDE_SERVER, LOCK_CLIENT, LOCK_SERVER) VALUES (?,?,?,?,?,?): 80,Alarms,false,true,true,false => rowid: 417","v":1}
{"level":30,"time":1589725316786,"pid":31086,"hostname":"localhost.localdomain","msg":"Executed insert: INSERT INTO DEVICE_TYPE_CLUSTER (DEVICE_TYPE_REF, CLUSTER_NAME, INCLUDE_CLIENT, INCLUDE_SERVER, LOCK_CLIENT, LOCK_SERVER) VALUES (?,?,?,?,?,?): 80,Time,false,true,true,false => rowid: 418","v":1}
{"level":30,"time":1589725316786,"pid":31086,"hostname":"localhost.localdomain","msg":"Preparing statement: INSERT INTO DEVICE_TYPE_ATTRIBUTE (DEVICE_TYPE_CLUSTER_REF, ATTRIBUTE_NAME) VALUES (?, ?) to insert 0 records.","v":1}
{"level":30,"time":1589725316786,"pid":31086,"hostname":"localhost.localdomain","msg":"Preparing statement: INSERT INTO DEVICE_TYPE_COMMAND (DEVICE_TYPE_CLUSTER_REF, COMMAND_NAME) VALUES (?, ?) to insert 0 records.","v":1}
{"level":30,"time":1589725316786,"pid":31086,"hostname":"localhost.localdomain","msg":"Executed insert: INSERT INTO DEVICE_TYPE_CLUSTER (DEVICE_TYPE_REF, CLUSTER_NAME, INCLUDE_CLIENT, INCLUDE_SERVER, LOCK_CLIENT, LOCK_SERVER) VALUES (?,?,?,?,?,?): 85,Basic,false,true,true,true => rowid: 419","v":1}
{"level":30,"time":1589725316786,"pid":31086,"hostname":"localhost.localdomain","msg":"Executed insert: INSERT INTO DEVICE_TYPE_CLUSTER (DEVICE_TYPE_REF, CLUSTER_NAME, INCLUDE_CLIENT, INCLUDE_SERVER, LOCK_CLIENT, LOCK_SERVER) VALUES (?,?,?,?,?,?): 85,Identify,false,true,true,true => rowid: 420","v":1}
{"level":30,"time":1589725316786,"pid":31086,"hostname":"localhost.localdomain","msg":"Executed insert: INSERT INTO DEVICE_TYPE_CLUSTER (DEVICE_TYPE_REF, CLUSTER_NAME, INCLUDE_CLIENT, INCLUDE_SERVER, LOCK_CLIENT, LOCK_SERVER) VALUES (?,?,?,?,?,?): 85,Generic Tunnel,false,true,true,true => rowid: 421","v":1}
{"level":30,"time":1589725316786,"pid":31086,"hostname":"localhost.localdomain","msg":"Executed insert: INSERT INTO DEVICE_TYPE_CLUSTER (DEVICE_TYPE_REF, CLUSTER_NAME, INCLUDE_CLIENT, INCLUDE_SERVER, LOCK_CLIENT, LOCK_SERVER) VALUES (?,?,?,?,?,?): 85,11073 Protocol Tunnel,true,true,true,true => rowid: 422","v":1}
{"level":30,"time":1589725316786,"pid":31086,"hostname":"localhost.localdomain","msg":"Executed insert: INSERT INTO DEVICE_TYPE_CLUSTER (DEVICE_TYPE_REF, CLUSTER_NAME, INCLUDE_CLIENT, INCLUDE_SERVER, LOCK_CLIENT, LOCK_SERVER) VALUES (?,?,?,?,?,?): 85,Power Configuration,false,true,true,false => rowid: 423","v":1}
{"level":30,"time":1589725316786,"pid":31086,"hostname":"localhost.localdomain","msg":"Executed insert: INSERT INTO DEVICE_TYPE_CLUSTER (DEVICE_TYPE_REF, CLUSTER_NAME, INCLUDE_CLIENT, INCLUDE_SERVER, LOCK_CLIENT, LOCK_SERVER) VALUES (?,?,?,?,?,?): 85,Alarms,false,true,true,false => rowid: 424","v":1}
{"level":30,"time":1589725316786,"pid":31086,"hostname":"localhost.localdomain","msg":"Executed insert: INSERT INTO DEVICE_TYPE_CLUSTER (DEVICE_TYPE_REF, CLUSTER_NAME, INCLUDE_CLIENT, INCLUDE_SERVER, LOCK_CLIENT, LOCK_SERVER) VALUES (?,?,?,?,?,?): 85,Time,false,true,true,false => rowid: 425","v":1}
{"level":30,"time":1589725316787,"pid":31086,"hostname":"localhost.localdomain","msg":"Preparing statement: INSERT INTO DEVICE_TYPE_ATTRIBUTE (DEVICE_TYPE_CLUSTER_REF, ATTRIBUTE_NAME) VALUES (?, ?) to insert 0 records.","v":1}
{"level":30,"time":1589725316787,"pid":31086,"hostname":"localhost.localdomain","msg":"Preparing statement: INSERT INTO DEVICE_TYPE_COMMAND (DEVICE_TYPE_CLUSTER_REF, COMMAND_NAME) VALUES (?, ?) to insert 0 records.","v":1}
{"level":30,"time":1589725316787,"pid":31086,"hostname":"localhost.localdomain","msg":"Executed insert: INSERT INTO DEVICE_TYPE_CLUSTER (DEVICE_TYPE_REF, CLUSTER_NAME, INCLUDE_CLIENT, INCLUDE_SERVER, LOCK_CLIENT, LOCK_SERVER) VALUES (?,?,?,?,?,?): 89,Basic,false,true,true,true => rowid: 426","v":1}
{"level":30,"time":1589725316787,"pid":31086,"hostname":"localhost.localdomain","msg":"Executed insert: INSERT INTO DEVICE_TYPE_CLUSTER (DEVICE_TYPE_REF, CLUSTER_NAME, INCLUDE_CLIENT, INCLUDE_SERVER, LOCK_CLIENT, LOCK_SERVER) VALUES (?,?,?,?,?,?): 89,Identify,false,true,true,true => rowid: 427","v":1}
{"level":30,"time":1589725316787,"pid":31086,"hostname":"localhost.localdomain","msg":"Executed insert: INSERT INTO DEVICE_TYPE_CLUSTER (DEVICE_TYPE_REF, CLUSTER_NAME, INCLUDE_CLIENT, INCLUDE_SERVER, LOCK_CLIENT, LOCK_SERVER) VALUES (?,?,?,?,?,?): 89,Generic Tunnel,false,true,true,true => rowid: 428","v":1}
{"level":30,"time":1589725316787,"pid":31086,"hostname":"localhost.localdomain","msg":"Executed insert: INSERT INTO DEVICE_TYPE_CLUSTER (DEVICE_TYPE_REF, CLUSTER_NAME, INCLUDE_CLIENT, INCLUDE_SERVER, LOCK_CLIENT, LOCK_SERVER) VALUES (?,?,?,?,?,?): 89,11073 Protocol Tunnel,true,true,true,true => rowid: 429","v":1}
{"level":30,"time":1589725316787,"pid":31086,"hostname":"localhost.localdomain","msg":"Executed insert: INSERT INTO DEVICE_TYPE_CLUSTER (DEVICE_TYPE_REF, CLUSTER_NAME, INCLUDE_CLIENT, INCLUDE_SERVER, LOCK_CLIENT, LOCK_SERVER) VALUES (?,?,?,?,?,?): 89,Power Configuration,false,true,true,false => rowid: 430","v":1}
{"level":30,"time":1589725316787,"pid":31086,"hostname":"localhost.localdomain","msg":"Executed insert: INSERT INTO DEVICE_TYPE_CLUSTER (DEVICE_TYPE_REF, CLUSTER_NAME, INCLUDE_CLIENT, INCLUDE_SERVER, LOCK_CLIENT, LOCK_SERVER) VALUES (?,?,?,?,?,?): 89,Alarms,false,true,true,false => rowid: 431","v":1}
{"level":30,"time":1589725316787,"pid":31086,"hostname":"localhost.localdomain","msg":"Executed insert: INSERT INTO DEVICE_TYPE_CLUSTER (DEVICE_TYPE_REF, CLUSTER_NAME, INCLUDE_CLIENT, INCLUDE_SERVER, LOCK_CLIENT, LOCK_SERVER) VALUES (?,?,?,?,?,?): 89,Time,false,true,true,false => rowid: 432","v":1}
{"level":30,"time":1589725316787,"pid":31086,"hostname":"localhost.localdomain","msg":"Preparing statement: INSERT INTO DEVICE_TYPE_ATTRIBUTE (DEVICE_TYPE_CLUSTER_REF, ATTRIBUTE_NAME) VALUES (?, ?) to insert 0 records.","v":1}
{"level":30,"time":1589725316787,"pid":31086,"hostname":"localhost.localdomain","msg":"Preparing statement: INSERT INTO DEVICE_TYPE_COMMAND (DEVICE_TYPE_CLUSTER_REF, COMMAND_NAME) VALUES (?, ?) to insert 0 records.","v":1}
{"level":30,"time":1589725316787,"pid":31086,"hostname":"localhost.localdomain","msg":"Executed insert: INSERT INTO DEVICE_TYPE_CLUSTER (DEVICE_TYPE_REF, CLUSTER_NAME, INCLUDE_CLIENT, INCLUDE_SERVER, LOCK_CLIENT, LOCK_SERVER) VALUES (?,?,?,?,?,?): 93,Basic,false,true,true,true => rowid: 433","v":1}
{"level":30,"time":1589725316787,"pid":31086,"hostname":"localhost.localdomain","msg":"Executed insert: INSERT INTO DEVICE_TYPE_CLUSTER (DEVICE_TYPE_REF, CLUSTER_NAME, INCLUDE_CLIENT, INCLUDE_SERVER, LOCK_CLIENT, LOCK_SERVER) VALUES (?,?,?,?,?,?): 93,Identify,false,true,true,true => rowid: 434","v":1}
{"level":30,"time":1589725316787,"pid":31086,"hostname":"localhost.localdomain","msg":"Executed insert: INSERT INTO DEVICE_TYPE_CLUSTER (DEVICE_TYPE_REF, CLUSTER_NAME, INCLUDE_CLIENT, INCLUDE_SERVER, LOCK_CLIENT, LOCK_SERVER) VALUES (?,?,?,?,?,?): 93,Generic Tunnel,false,true,true,true => rowid: 435","v":1}
{"level":30,"time":1589725316787,"pid":31086,"hostname":"localhost.localdomain","msg":"Executed insert: INSERT INTO DEVICE_TYPE_CLUSTER (DEVICE_TYPE_REF, CLUSTER_NAME, INCLUDE_CLIENT, INCLUDE_SERVER, LOCK_CLIENT, LOCK_SERVER) VALUES (?,?,?,?,?,?): 93,11073 Protocol Tunnel,true,true,true,true => rowid: 436","v":1}
{"level":30,"time":1589725316787,"pid":31086,"hostname":"localhost.localdomain","msg":"Executed insert: INSERT INTO DEVICE_TYPE_CLUSTER (DEVICE_TYPE_REF, CLUSTER_NAME, INCLUDE_CLIENT, INCLUDE_SERVER, LOCK_CLIENT, LOCK_SERVER) VALUES (?,?,?,?,?,?): 93,Power Configuration,false,true,true,false => rowid: 437","v":1}
{"level":30,"time":1589725316787,"pid":31086,"hostname":"localhost.localdomain","msg":"Executed insert: INSERT INTO DEVICE_TYPE_CLUSTER (DEVICE_TYPE_REF, CLUSTER_NAME, INCLUDE_CLIENT, INCLUDE_SERVER, LOCK_CLIENT, LOCK_SERVER) VALUES (?,?,?,?,?,?): 93,Alarms,false,true,true,false => rowid: 438","v":1}
{"level":30,"time":1589725316787,"pid":31086,"hostname":"localhost.localdomain","msg":"Executed insert: INSERT INTO DEVICE_TYPE_CLUSTER (DEVICE_TYPE_REF, CLUSTER_NAME, INCLUDE_CLIENT, INCLUDE_SERVER, LOCK_CLIENT, LOCK_SERVER) VALUES (?,?,?,?,?,?): 93,Time,false,true,true,false => rowid: 439","v":1}
{"level":30,"time":1589725316788,"pid":31086,"hostname":"localhost.localdomain","msg":"Preparing statement: INSERT INTO DEVICE_TYPE_ATTRIBUTE (DEVICE_TYPE_CLUSTER_REF, ATTRIBUTE_NAME) VALUES (?, ?) to insert 0 records.","v":1}
{"level":30,"time":1589725316788,"pid":31086,"hostname":"localhost.localdomain","msg":"Preparing statement: INSERT INTO DEVICE_TYPE_COMMAND (DEVICE_TYPE_CLUSTER_REF, COMMAND_NAME) VALUES (?, ?) to insert 0 records.","v":1}
{"level":30,"time":1589725316788,"pid":31086,"hostname":"localhost.localdomain","msg":"Executed insert: INSERT INTO DEVICE_TYPE_CLUSTER (DEVICE_TYPE_REF, CLUSTER_NAME, INCLUDE_CLIENT, INCLUDE_SERVER, LOCK_CLIENT, LOCK_SERVER) VALUES (?,?,?,?,?,?): 97,Basic,false,true,true,true => rowid: 440","v":1}
{"level":30,"time":1589725316788,"pid":31086,"hostname":"localhost.localdomain","msg":"Executed insert: INSERT INTO DEVICE_TYPE_CLUSTER (DEVICE_TYPE_REF, CLUSTER_NAME, INCLUDE_CLIENT, INCLUDE_SERVER, LOCK_CLIENT, LOCK_SERVER) VALUES (?,?,?,?,?,?): 97,Identify,false,true,true,true => rowid: 441","v":1}
{"level":30,"time":1589725316788,"pid":31086,"hostname":"localhost.localdomain","msg":"Executed insert: INSERT INTO DEVICE_TYPE_CLUSTER (DEVICE_TYPE_REF, CLUSTER_NAME, INCLUDE_CLIENT, INCLUDE_SERVER, LOCK_CLIENT, LOCK_SERVER) VALUES (?,?,?,?,?,?): 97,Generic Tunnel,false,true,true,true => rowid: 442","v":1}
{"level":30,"time":1589725316788,"pid":31086,"hostname":"localhost.localdomain","msg":"Executed insert: INSERT INTO DEVICE_TYPE_CLUSTER (DEVICE_TYPE_REF, CLUSTER_NAME, INCLUDE_CLIENT, INCLUDE_SERVER, LOCK_CLIENT, LOCK_SERVER) VALUES (?,?,?,?,?,?): 97,11073 Protocol Tunnel,true,true,true,true => rowid: 443","v":1}
{"level":30,"time":1589725316788,"pid":31086,"hostname":"localhost.localdomain","msg":"Executed insert: INSERT INTO DEVICE_TYPE_CLUSTER (DEVICE_TYPE_REF, CLUSTER_NAME, INCLUDE_CLIENT, INCLUDE_SERVER, LOCK_CLIENT, LOCK_SERVER) VALUES (?,?,?,?,?,?): 97,Power Configuration,false,true,true,false => rowid: 444","v":1}
{"level":30,"time":1589725316788,"pid":31086,"hostname":"localhost.localdomain","msg":"Executed insert: INSERT INTO DEVICE_TYPE_CLUSTER (DEVICE_TYPE_REF, CLUSTER_NAME, INCLUDE_CLIENT, INCLUDE_SERVER, LOCK_CLIENT, LOCK_SERVER) VALUES (?,?,?,?,?,?): 97,Alarms,false,true,true,false => rowid: 445","v":1}
{"level":30,"time":1589725316788,"pid":31086,"hostname":"localhost.localdomain","msg":"Executed insert: INSERT INTO DEVICE_TYPE_CLUSTER (DEVICE_TYPE_REF, CLUSTER_NAME, INCLUDE_CLIENT, INCLUDE_SERVER, LOCK_CLIENT, LOCK_SERVER) VALUES (?,?,?,?,?,?): 97,Time,false,true,true,false => rowid: 446","v":1}
{"level":30,"time":1589725316788,"pid":31086,"hostname":"localhost.localdomain","msg":"Preparing statement: INSERT INTO DEVICE_TYPE_ATTRIBUTE (DEVICE_TYPE_CLUSTER_REF, ATTRIBUTE_NAME) VALUES (?, ?) to insert 0 records.","v":1}
{"level":30,"time":1589725316788,"pid":31086,"hostname":"localhost.localdomain","msg":"Preparing statement: INSERT INTO DEVICE_TYPE_COMMAND (DEVICE_TYPE_CLUSTER_REF, COMMAND_NAME) VALUES (?, ?) to insert 0 records.","v":1}
{"level":30,"time":1589725316788,"pid":31086,"hostname":"localhost.localdomain","msg":"Executed insert: INSERT INTO DEVICE_TYPE_CLUSTER (DEVICE_TYPE_REF, CLUSTER_NAME, INCLUDE_CLIENT, INCLUDE_SERVER, LOCK_CLIENT, LOCK_SERVER) VALUES (?,?,?,?,?,?): 101,Basic,false,true,true,true => rowid: 447","v":1}
{"level":30,"time":1589725316788,"pid":31086,"hostname":"localhost.localdomain","msg":"Executed insert: INSERT INTO DEVICE_TYPE_CLUSTER (DEVICE_TYPE_REF, CLUSTER_NAME, INCLUDE_CLIENT, INCLUDE_SERVER, LOCK_CLIENT, LOCK_SERVER) VALUES (?,?,?,?,?,?): 101,Identify,false,true,true,true => rowid: 448","v":1}
{"level":30,"time":1589725316788,"pid":31086,"hostname":"localhost.localdomain","msg":"Executed insert: INSERT INTO DEVICE_TYPE_CLUSTER (DEVICE_TYPE_REF, CLUSTER_NAME, INCLUDE_CLIENT, INCLUDE_SERVER, LOCK_CLIENT, LOCK_SERVER) VALUES (?,?,?,?,?,?): 101,Generic Tunnel,false,true,true,true => rowid: 449","v":1}
{"level":30,"time":1589725316788,"pid":31086,"hostname":"localhost.localdomain","msg":"Executed insert: INSERT INTO DEVICE_TYPE_CLUSTER (DEVICE_TYPE_REF, CLUSTER_NAME, INCLUDE_CLIENT, INCLUDE_SERVER, LOCK_CLIENT, LOCK_SERVER) VALUES (?,?,?,?,?,?): 101,11073 Protocol Tunnel,true,true,true,true => rowid: 450","v":1}
{"level":30,"time":1589725316788,"pid":31086,"hostname":"localhost.localdomain","msg":"Executed insert: INSERT INTO DEVICE_TYPE_CLUSTER (DEVICE_TYPE_REF, CLUSTER_NAME, INCLUDE_CLIENT, INCLUDE_SERVER, LOCK_CLIENT, LOCK_SERVER) VALUES (?,?,?,?,?,?): 101,Power Configuration,false,true,true,false => rowid: 451","v":1}
{"level":30,"time":1589725316788,"pid":31086,"hostname":"localhost.localdomain","msg":"Executed insert: INSERT INTO DEVICE_TYPE_CLUSTER (DEVICE_TYPE_REF, CLUSTER_NAME, INCLUDE_CLIENT, INCLUDE_SERVER, LOCK_CLIENT, LOCK_SERVER) VALUES (?,?,?,?,?,?): 101,Alarms,false,true,true,false => rowid: 452","v":1}
{"level":30,"time":1589725316788,"pid":31086,"hostname":"localhost.localdomain","msg":"Executed insert: INSERT INTO DEVICE_TYPE_CLUSTER (DEVICE_TYPE_REF, CLUSTER_NAME, INCLUDE_CLIENT, INCLUDE_SERVER, LOCK_CLIENT, LOCK_SERVER) VALUES (?,?,?,?,?,?): 101,Time,false,true,true,false => rowid: 453","v":1}
{"level":30,"time":1589725316789,"pid":31086,"hostname":"localhost.localdomain","msg":"Preparing statement: INSERT INTO DEVICE_TYPE_ATTRIBUTE (DEVICE_TYPE_CLUSTER_REF, ATTRIBUTE_NAME) VALUES (?, ?) to insert 0 records.","v":1}
{"level":30,"time":1589725316789,"pid":31086,"hostname":"localhost.localdomain","msg":"Preparing statement: INSERT INTO DEVICE_TYPE_COMMAND (DEVICE_TYPE_CLUSTER_REF, COMMAND_NAME) VALUES (?, ?) to insert 0 records.","v":1}
{"level":30,"time":1589725316789,"pid":31086,"hostname":"localhost.localdomain","msg":"Executed insert: INSERT INTO DEVICE_TYPE_CLUSTER (DEVICE_TYPE_REF, CLUSTER_NAME, INCLUDE_CLIENT, INCLUDE_SERVER, LOCK_CLIENT, LOCK_SERVER) VALUES (?,?,?,?,?,?): 105,Basic,false,true,true,true => rowid: 454","v":1}
{"level":30,"time":1589725316789,"pid":31086,"hostname":"localhost.localdomain","msg":"Executed insert: INSERT INTO DEVICE_TYPE_CLUSTER (DEVICE_TYPE_REF, CLUSTER_NAME, INCLUDE_CLIENT, INCLUDE_SERVER, LOCK_CLIENT, LOCK_SERVER) VALUES (?,?,?,?,?,?): 105,Identify,false,true,true,true => rowid: 455","v":1}
{"level":30,"time":1589725316789,"pid":31086,"hostname":"localhost.localdomain","msg":"Executed insert: INSERT INTO DEVICE_TYPE_CLUSTER (DEVICE_TYPE_REF, CLUSTER_NAME, INCLUDE_CLIENT, INCLUDE_SERVER, LOCK_CLIENT, LOCK_SERVER) VALUES (?,?,?,?,?,?): 105,Generic Tunnel,false,true,true,true => rowid: 456","v":1}
{"level":30,"time":1589725316789,"pid":31086,"hostname":"localhost.localdomain","msg":"Executed insert: INSERT INTO DEVICE_TYPE_CLUSTER (DEVICE_TYPE_REF, CLUSTER_NAME, INCLUDE_CLIENT, INCLUDE_SERVER, LOCK_CLIENT, LOCK_SERVER) VALUES (?,?,?,?,?,?): 105,11073 Protocol Tunnel,true,true,true,true => rowid: 457","v":1}
{"level":30,"time":1589725316789,"pid":31086,"hostname":"localhost.localdomain","msg":"Executed insert: INSERT INTO DEVICE_TYPE_CLUSTER (DEVICE_TYPE_REF, CLUSTER_NAME, INCLUDE_CLIENT, INCLUDE_SERVER, LOCK_CLIENT, LOCK_SERVER) VALUES (?,?,?,?,?,?): 105,Power Configuration,false,true,true,false => rowid: 458","v":1}
{"level":30,"time":1589725316789,"pid":31086,"hostname":"localhost.localdomain","msg":"Executed insert: INSERT INTO DEVICE_TYPE_CLUSTER (DEVICE_TYPE_REF, CLUSTER_NAME, INCLUDE_CLIENT, INCLUDE_SERVER, LOCK_CLIENT, LOCK_SERVER) VALUES (?,?,?,?,?,?): 105,Alarms,false,true,true,false => rowid: 459","v":1}
{"level":30,"time":1589725316789,"pid":31086,"hostname":"localhost.localdomain","msg":"Executed insert: INSERT INTO DEVICE_TYPE_CLUSTER (DEVICE_TYPE_REF, CLUSTER_NAME, INCLUDE_CLIENT, INCLUDE_SERVER, LOCK_CLIENT, LOCK_SERVER) VALUES (?,?,?,?,?,?): 105,Time,false,true,true,false => rowid: 460","v":1}
{"level":30,"time":1589725316789,"pid":31086,"hostname":"localhost.localdomain","msg":"Preparing statement: INSERT INTO DEVICE_TYPE_ATTRIBUTE (DEVICE_TYPE_CLUSTER_REF, ATTRIBUTE_NAME) VALUES (?, ?) to insert 0 records.","v":1}
{"level":30,"time":1589725316789,"pid":31086,"hostname":"localhost.localdomain","msg":"Preparing statement: INSERT INTO DEVICE_TYPE_COMMAND (DEVICE_TYPE_CLUSTER_REF, COMMAND_NAME) VALUES (?, ?) to insert 0 records.","v":1}
{"level":30,"time":1589725316789,"pid":31086,"hostname":"localhost.localdomain","msg":"Executed insert: INSERT INTO DEVICE_TYPE_CLUSTER (DEVICE_TYPE_REF, CLUSTER_NAME, INCLUDE_CLIENT, INCLUDE_SERVER, LOCK_CLIENT, LOCK_SERVER) VALUES (?,?,?,?,?,?): 109,Basic,false,true,true,true => rowid: 461","v":1}
{"level":30,"time":1589725316789,"pid":31086,"hostname":"localhost.localdomain","msg":"Executed insert: INSERT INTO DEVICE_TYPE_CLUSTER (DEVICE_TYPE_REF, CLUSTER_NAME, INCLUDE_CLIENT, INCLUDE_SERVER, LOCK_CLIENT, LOCK_SERVER) VALUES (?,?,?,?,?,?): 109,Identify,false,true,true,true => rowid: 462","v":1}
{"level":30,"time":1589725316789,"pid":31086,"hostname":"localhost.localdomain","msg":"Executed insert: INSERT INTO DEVICE_TYPE_CLUSTER (DEVICE_TYPE_REF, CLUSTER_NAME, INCLUDE_CLIENT, INCLUDE_SERVER, LOCK_CLIENT, LOCK_SERVER) VALUES (?,?,?,?,?,?): 109,Generic Tunnel,false,true,true,true => rowid: 463","v":1}
{"level":30,"time":1589725316790,"pid":31086,"hostname":"localhost.localdomain","msg":"Executed insert: INSERT INTO DEVICE_TYPE_CLUSTER (DEVICE_TYPE_REF, CLUSTER_NAME, INCLUDE_CLIENT, INCLUDE_SERVER, LOCK_CLIENT, LOCK_SERVER) VALUES (?,?,?,?,?,?): 109,11073 Protocol Tunnel,true,true,true,true => rowid: 464","v":1}
{"level":30,"time":1589725316790,"pid":31086,"hostname":"localhost.localdomain","msg":"Executed insert: INSERT INTO DEVICE_TYPE_CLUSTER (DEVICE_TYPE_REF, CLUSTER_NAME, INCLUDE_CLIENT, INCLUDE_SERVER, LOCK_CLIENT, LOCK_SERVER) VALUES (?,?,?,?,?,?): 109,Power Configuration,false,true,true,false => rowid: 465","v":1}
{"level":30,"time":1589725316790,"pid":31086,"hostname":"localhost.localdomain","msg":"Executed insert: INSERT INTO DEVICE_TYPE_CLUSTER (DEVICE_TYPE_REF, CLUSTER_NAME, INCLUDE_CLIENT, INCLUDE_SERVER, LOCK_CLIENT, LOCK_SERVER) VALUES (?,?,?,?,?,?): 109,Alarms,false,true,true,false => rowid: 466","v":1}
{"level":30,"time":1589725316790,"pid":31086,"hostname":"localhost.localdomain","msg":"Executed insert: INSERT INTO DEVICE_TYPE_CLUSTER (DEVICE_TYPE_REF, CLUSTER_NAME, INCLUDE_CLIENT, INCLUDE_SERVER, LOCK_CLIENT, LOCK_SERVER) VALUES (?,?,?,?,?,?): 109,Time,false,true,true,false => rowid: 467","v":1}
{"level":30,"time":1589725316790,"pid":31086,"hostname":"localhost.localdomain","msg":"Preparing statement: INSERT INTO DEVICE_TYPE_ATTRIBUTE (DEVICE_TYPE_CLUSTER_REF, ATTRIBUTE_NAME) VALUES (?, ?) to insert 0 records.","v":1}
{"level":30,"time":1589725316790,"pid":31086,"hostname":"localhost.localdomain","msg":"Preparing statement: INSERT INTO DEVICE_TYPE_COMMAND (DEVICE_TYPE_CLUSTER_REF, COMMAND_NAME) VALUES (?, ?) to insert 0 records.","v":1}
{"level":30,"time":1589725316790,"pid":31086,"hostname":"localhost.localdomain","msg":"Executed insert: INSERT INTO DEVICE_TYPE_CLUSTER (DEVICE_TYPE_REF, CLUSTER_NAME, INCLUDE_CLIENT, INCLUDE_SERVER, LOCK_CLIENT, LOCK_SERVER) VALUES (?,?,?,?,?,?): 112,Basic,false,true,true,true => rowid: 468","v":1}
{"level":30,"time":1589725316790,"pid":31086,"hostname":"localhost.localdomain","msg":"Executed insert: INSERT INTO DEVICE_TYPE_CLUSTER (DEVICE_TYPE_REF, CLUSTER_NAME, INCLUDE_CLIENT, INCLUDE_SERVER, LOCK_CLIENT, LOCK_SERVER) VALUES (?,?,?,?,?,?): 112,Identify,false,true,true,true => rowid: 469","v":1}
{"level":30,"time":1589725316790,"pid":31086,"hostname":"localhost.localdomain","msg":"Executed insert: INSERT INTO DEVICE_TYPE_CLUSTER (DEVICE_TYPE_REF, CLUSTER_NAME, INCLUDE_CLIENT, INCLUDE_SERVER, LOCK_CLIENT, LOCK_SERVER) VALUES (?,?,?,?,?,?): 112,Generic Tunnel,false,true,true,true => rowid: 470","v":1}
{"level":30,"time":1589725316790,"pid":31086,"hostname":"localhost.localdomain","msg":"Executed insert: INSERT INTO DEVICE_TYPE_CLUSTER (DEVICE_TYPE_REF, CLUSTER_NAME, INCLUDE_CLIENT, INCLUDE_SERVER, LOCK_CLIENT, LOCK_SERVER) VALUES (?,?,?,?,?,?): 112,11073 Protocol Tunnel,true,true,true,true => rowid: 471","v":1}
{"level":30,"time":1589725316790,"pid":31086,"hostname":"localhost.localdomain","msg":"Executed insert: INSERT INTO DEVICE_TYPE_CLUSTER (DEVICE_TYPE_REF, CLUSTER_NAME, INCLUDE_CLIENT, INCLUDE_SERVER, LOCK_CLIENT, LOCK_SERVER) VALUES (?,?,?,?,?,?): 112,Power Configuration,false,true,true,false => rowid: 472","v":1}
{"level":30,"time":1589725316790,"pid":31086,"hostname":"localhost.localdomain","msg":"Executed insert: INSERT INTO DEVICE_TYPE_CLUSTER (DEVICE_TYPE_REF, CLUSTER_NAME, INCLUDE_CLIENT, INCLUDE_SERVER, LOCK_CLIENT, LOCK_SERVER) VALUES (?,?,?,?,?,?): 112,Alarms,false,true,true,false => rowid: 473","v":1}
{"level":30,"time":1589725316790,"pid":31086,"hostname":"localhost.localdomain","msg":"Executed insert: INSERT INTO DEVICE_TYPE_CLUSTER (DEVICE_TYPE_REF, CLUSTER_NAME, INCLUDE_CLIENT, INCLUDE_SERVER, LOCK_CLIENT, LOCK_SERVER) VALUES (?,?,?,?,?,?): 112,Time,false,true,true,false => rowid: 474","v":1}
{"level":30,"time":1589725316790,"pid":31086,"hostname":"localhost.localdomain","msg":"Preparing statement: INSERT INTO DEVICE_TYPE_ATTRIBUTE (DEVICE_TYPE_CLUSTER_REF, ATTRIBUTE_NAME) VALUES (?, ?) to insert 0 records.","v":1}
{"level":30,"time":1589725316790,"pid":31086,"hostname":"localhost.localdomain","msg":"Preparing statement: INSERT INTO DEVICE_TYPE_COMMAND (DEVICE_TYPE_CLUSTER_REF, COMMAND_NAME) VALUES (?, ?) to insert 0 records.","v":1}
{"level":30,"time":1589725316790,"pid":31086,"hostname":"localhost.localdomain","msg":"Executed insert: INSERT INTO DEVICE_TYPE_CLUSTER (DEVICE_TYPE_REF, CLUSTER_NAME, INCLUDE_CLIENT, INCLUDE_SERVER, LOCK_CLIENT, LOCK_SERVER) VALUES (?,?,?,?,?,?): 115,Basic,false,true,true,true => rowid: 475","v":1}
{"level":30,"time":1589725316790,"pid":31086,"hostname":"localhost.localdomain","msg":"Executed insert: INSERT INTO DEVICE_TYPE_CLUSTER (DEVICE_TYPE_REF, CLUSTER_NAME, INCLUDE_CLIENT, INCLUDE_SERVER, LOCK_CLIENT, LOCK_SERVER) VALUES (?,?,?,?,?,?): 115,Identify,false,true,true,true => rowid: 476","v":1}
{"level":30,"time":1589725316791,"pid":31086,"hostname":"localhost.localdomain","msg":"Executed insert: INSERT INTO DEVICE_TYPE_CLUSTER (DEVICE_TYPE_REF, CLUSTER_NAME, INCLUDE_CLIENT, INCLUDE_SERVER, LOCK_CLIENT, LOCK_SERVER) VALUES (?,?,?,?,?,?): 115,Generic Tunnel,false,true,true,true => rowid: 477","v":1}
{"level":30,"time":1589725316791,"pid":31086,"hostname":"localhost.localdomain","msg":"Executed insert: INSERT INTO DEVICE_TYPE_CLUSTER (DEVICE_TYPE_REF, CLUSTER_NAME, INCLUDE_CLIENT, INCLUDE_SERVER, LOCK_CLIENT, LOCK_SERVER) VALUES (?,?,?,?,?,?): 115,11073 Protocol Tunnel,true,true,true,true => rowid: 478","v":1}
{"level":30,"time":1589725316791,"pid":31086,"hostname":"localhost.localdomain","msg":"Executed insert: INSERT INTO DEVICE_TYPE_CLUSTER (DEVICE_TYPE_REF, CLUSTER_NAME, INCLUDE_CLIENT, INCLUDE_SERVER, LOCK_CLIENT, LOCK_SERVER) VALUES (?,?,?,?,?,?): 115,Time,false,true,true,false => rowid: 479","v":1}
{"level":30,"time":1589725316791,"pid":31086,"hostname":"localhost.localdomain","msg":"Executed insert: INSERT INTO DEVICE_TYPE_CLUSTER (DEVICE_TYPE_REF, CLUSTER_NAME, INCLUDE_CLIENT, INCLUDE_SERVER, LOCK_CLIENT, LOCK_SERVER) VALUES (?,?,?,?,?,?): 115,Alarms,false,true,true,false => rowid: 480","v":1}
{"level":30,"time":1589725316791,"pid":31086,"hostname":"localhost.localdomain","msg":"Executed insert: INSERT INTO DEVICE_TYPE_CLUSTER (DEVICE_TYPE_REF, CLUSTER_NAME, INCLUDE_CLIENT, INCLUDE_SERVER, LOCK_CLIENT, LOCK_SERVER) VALUES (?,?,?,?,?,?): 118,Basic,false,true,true,true => rowid: 481","v":1}
{"level":30,"time":1589725316791,"pid":31086,"hostname":"localhost.localdomain","msg":"Executed insert: INSERT INTO DEVICE_TYPE_CLUSTER (DEVICE_TYPE_REF, CLUSTER_NAME, INCLUDE_CLIENT, INCLUDE_SERVER, LOCK_CLIENT, LOCK_SERVER) VALUES (?,?,?,?,?,?): 115,Power Configuration,false,true,true,false => rowid: 482","v":1}
{"level":30,"time":1589725316791,"pid":31086,"hostname":"localhost.localdomain","msg":"Preparing statement: INSERT INTO DEVICE_TYPE_ATTRIBUTE (DEVICE_TYPE_CLUSTER_REF, ATTRIBUTE_NAME) VALUES (?, ?) to insert 0 records.","v":1}
{"level":30,"time":1589725316791,"pid":31086,"hostname":"localhost.localdomain","msg":"Preparing statement: INSERT INTO DEVICE_TYPE_COMMAND (DEVICE_TYPE_CLUSTER_REF, COMMAND_NAME) VALUES (?, ?) to insert 0 records.","v":1}
{"level":30,"time":1589725316791,"pid":31086,"hostname":"localhost.localdomain","msg":"Executed insert: INSERT INTO DEVICE_TYPE_CLUSTER (DEVICE_TYPE_REF, CLUSTER_NAME, INCLUDE_CLIENT, INCLUDE_SERVER, LOCK_CLIENT, LOCK_SERVER) VALUES (?,?,?,?,?,?): 118,Generic Tunnel,false,true,true,true => rowid: 483","v":1}
{"level":30,"time":1589725316791,"pid":31086,"hostname":"localhost.localdomain","msg":"Executed insert: INSERT INTO DEVICE_TYPE_CLUSTER (DEVICE_TYPE_REF, CLUSTER_NAME, INCLUDE_CLIENT, INCLUDE_SERVER, LOCK_CLIENT, LOCK_SERVER) VALUES (?,?,?,?,?,?): 118,Identify,false,true,true,true => rowid: 484","v":1}
{"level":30,"time":1589725316791,"pid":31086,"hostname":"localhost.localdomain","msg":"Executed insert: INSERT INTO DEVICE_TYPE_CLUSTER (DEVICE_TYPE_REF, CLUSTER_NAME, INCLUDE_CLIENT, INCLUDE_SERVER, LOCK_CLIENT, LOCK_SERVER) VALUES (?,?,?,?,?,?): 118,11073 Protocol Tunnel,true,true,true,true => rowid: 485","v":1}
{"level":30,"time":1589725316791,"pid":31086,"hostname":"localhost.localdomain","msg":"Executed insert: INSERT INTO DEVICE_TYPE_CLUSTER (DEVICE_TYPE_REF, CLUSTER_NAME, INCLUDE_CLIENT, INCLUDE_SERVER, LOCK_CLIENT, LOCK_SERVER) VALUES (?,?,?,?,?,?): 118,Power Configuration,false,true,true,false => rowid: 486","v":1}
{"level":30,"time":1589725316791,"pid":31086,"hostname":"localhost.localdomain","msg":"Executed insert: INSERT INTO DEVICE_TYPE_CLUSTER (DEVICE_TYPE_REF, CLUSTER_NAME, INCLUDE_CLIENT, INCLUDE_SERVER, LOCK_CLIENT, LOCK_SERVER) VALUES (?,?,?,?,?,?): 118,Alarms,false,true,true,false => rowid: 487","v":1}
{"level":30,"time":1589725316791,"pid":31086,"hostname":"localhost.localdomain","msg":"Executed insert: INSERT INTO DEVICE_TYPE_CLUSTER (DEVICE_TYPE_REF, CLUSTER_NAME, INCLUDE_CLIENT, INCLUDE_SERVER, LOCK_CLIENT, LOCK_SERVER) VALUES (?,?,?,?,?,?): 118,Time,false,true,true,false => rowid: 488","v":1}
{"level":30,"time":1589725316791,"pid":31086,"hostname":"localhost.localdomain","msg":"Preparing statement: INSERT INTO DEVICE_TYPE_ATTRIBUTE (DEVICE_TYPE_CLUSTER_REF, ATTRIBUTE_NAME) VALUES (?, ?) to insert 0 records.","v":1}
{"level":30,"time":1589725316791,"pid":31086,"hostname":"localhost.localdomain","msg":"Preparing statement: INSERT INTO DEVICE_TYPE_COMMAND (DEVICE_TYPE_CLUSTER_REF, COMMAND_NAME) VALUES (?, ?) to insert 0 records.","v":1}
{"level":30,"time":1589725316791,"pid":31086,"hostname":"localhost.localdomain","msg":"Executed insert: INSERT INTO DEVICE_TYPE_CLUSTER (DEVICE_TYPE_REF, CLUSTER_NAME, INCLUDE_CLIENT, INCLUDE_SERVER, LOCK_CLIENT, LOCK_SERVER) VALUES (?,?,?,?,?,?): 121,Basic,false,true,true,true => rowid: 489","v":1}
{"level":30,"time":1589725316792,"pid":31086,"hostname":"localhost.localdomain","msg":"Executed insert: INSERT INTO DEVICE_TYPE_CLUSTER (DEVICE_TYPE_REF, CLUSTER_NAME, INCLUDE_CLIENT, INCLUDE_SERVER, LOCK_CLIENT, LOCK_SERVER) VALUES (?,?,?,?,?,?): 121,Identify,false,true,true,true => rowid: 490","v":1}
{"level":30,"time":1589725316792,"pid":31086,"hostname":"localhost.localdomain","msg":"Executed insert: INSERT INTO DEVICE_TYPE_CLUSTER (DEVICE_TYPE_REF, CLUSTER_NAME, INCLUDE_CLIENT, INCLUDE_SERVER, LOCK_CLIENT, LOCK_SERVER) VALUES (?,?,?,?,?,?): 121,Generic Tunnel,false,true,true,true => rowid: 491","v":1}
{"level":30,"time":1589725316792,"pid":31086,"hostname":"localhost.localdomain","msg":"Executed insert: INSERT INTO DEVICE_TYPE_CLUSTER (DEVICE_TYPE_REF, CLUSTER_NAME, INCLUDE_CLIENT, INCLUDE_SERVER, LOCK_CLIENT, LOCK_SERVER) VALUES (?,?,?,?,?,?): 121,11073 Protocol Tunnel,true,true,true,true => rowid: 492","v":1}
{"level":30,"time":1589725316792,"pid":31086,"hostname":"localhost.localdomain","msg":"Executed insert: INSERT INTO DEVICE_TYPE_CLUSTER (DEVICE_TYPE_REF, CLUSTER_NAME, INCLUDE_CLIENT, INCLUDE_SERVER, LOCK_CLIENT, LOCK_SERVER) VALUES (?,?,?,?,?,?): 121,Power Configuration,false,true,true,false => rowid: 493","v":1}
{"level":30,"time":1589725316792,"pid":31086,"hostname":"localhost.localdomain","msg":"Executed insert: INSERT INTO DEVICE_TYPE_CLUSTER (DEVICE_TYPE_REF, CLUSTER_NAME, INCLUDE_CLIENT, INCLUDE_SERVER, LOCK_CLIENT, LOCK_SERVER) VALUES (?,?,?,?,?,?): 121,Alarms,false,true,true,false => rowid: 494","v":1}
{"level":30,"time":1589725316792,"pid":31086,"hostname":"localhost.localdomain","msg":"Executed insert: INSERT INTO DEVICE_TYPE_CLUSTER (DEVICE_TYPE_REF, CLUSTER_NAME, INCLUDE_CLIENT, INCLUDE_SERVER, LOCK_CLIENT, LOCK_SERVER) VALUES (?,?,?,?,?,?): 121,Time,false,true,true,false => rowid: 495","v":1}
{"level":30,"time":1589725316792,"pid":31086,"hostname":"localhost.localdomain","msg":"Preparing statement: INSERT INTO DEVICE_TYPE_ATTRIBUTE (DEVICE_TYPE_CLUSTER_REF, ATTRIBUTE_NAME) VALUES (?, ?) to insert 0 records.","v":1}
{"level":30,"time":1589725316792,"pid":31086,"hostname":"localhost.localdomain","msg":"Preparing statement: INSERT INTO DEVICE_TYPE_COMMAND (DEVICE_TYPE_CLUSTER_REF, COMMAND_NAME) VALUES (?, ?) to insert 0 records.","v":1}
{"level":30,"time":1589725316792,"pid":31086,"hostname":"localhost.localdomain","msg":"Executed insert: INSERT INTO DEVICE_TYPE_CLUSTER (DEVICE_TYPE_REF, CLUSTER_NAME, INCLUDE_CLIENT, INCLUDE_SERVER, LOCK_CLIENT, LOCK_SERVER) VALUES (?,?,?,?,?,?): 124,Basic,false,true,true,true => rowid: 496","v":1}
{"level":30,"time":1589725316792,"pid":31086,"hostname":"localhost.localdomain","msg":"Executed insert: INSERT INTO DEVICE_TYPE_CLUSTER (DEVICE_TYPE_REF, CLUSTER_NAME, INCLUDE_CLIENT, INCLUDE_SERVER, LOCK_CLIENT, LOCK_SERVER) VALUES (?,?,?,?,?,?): 124,Identify,false,true,true,true => rowid: 497","v":1}
{"level":30,"time":1589725316792,"pid":31086,"hostname":"localhost.localdomain","msg":"Executed insert: INSERT INTO DEVICE_TYPE_CLUSTER (DEVICE_TYPE_REF, CLUSTER_NAME, INCLUDE_CLIENT, INCLUDE_SERVER, LOCK_CLIENT, LOCK_SERVER) VALUES (?,?,?,?,?,?): 124,Generic Tunnel,false,true,true,true => rowid: 498","v":1}
{"level":30,"time":1589725316792,"pid":31086,"hostname":"localhost.localdomain","msg":"Executed insert: INSERT INTO DEVICE_TYPE_CLUSTER (DEVICE_TYPE_REF, CLUSTER_NAME, INCLUDE_CLIENT, INCLUDE_SERVER, LOCK_CLIENT, LOCK_SERVER) VALUES (?,?,?,?,?,?): 124,11073 Protocol Tunnel,true,true,true,true => rowid: 499","v":1}
{"level":30,"time":1589725316792,"pid":31086,"hostname":"localhost.localdomain","msg":"Executed insert: INSERT INTO DEVICE_TYPE_CLUSTER (DEVICE_TYPE_REF, CLUSTER_NAME, INCLUDE_CLIENT, INCLUDE_SERVER, LOCK_CLIENT, LOCK_SERVER) VALUES (?,?,?,?,?,?): 124,Power Configuration,false,true,true,false => rowid: 500","v":1}
{"level":30,"time":1589725316794,"pid":31086,"hostname":"localhost.localdomain","msg":"Executed insert: INSERT INTO DEVICE_TYPE_CLUSTER (DEVICE_TYPE_REF, CLUSTER_NAME, INCLUDE_CLIENT, INCLUDE_SERVER, LOCK_CLIENT, LOCK_SERVER) VALUES (?,?,?,?,?,?): 124,Alarms,false,true,true,false => rowid: 501","v":1}
{"level":30,"time":1589725316794,"pid":31086,"hostname":"localhost.localdomain","msg":"Executed insert: INSERT INTO DEVICE_TYPE_CLUSTER (DEVICE_TYPE_REF, CLUSTER_NAME, INCLUDE_CLIENT, INCLUDE_SERVER, LOCK_CLIENT, LOCK_SERVER) VALUES (?,?,?,?,?,?): 124,Time,false,true,true,false => rowid: 502","v":1}
{"level":30,"time":1589725316795,"pid":31086,"hostname":"localhost.localdomain","msg":"Preparing statement: INSERT INTO DEVICE_TYPE_ATTRIBUTE (DEVICE_TYPE_CLUSTER_REF, ATTRIBUTE_NAME) VALUES (?, ?) to insert 0 records.","v":1}
{"level":30,"time":1589725316795,"pid":31086,"hostname":"localhost.localdomain","msg":"Preparing statement: INSERT INTO DEVICE_TYPE_COMMAND (DEVICE_TYPE_CLUSTER_REF, COMMAND_NAME) VALUES (?, ?) to insert 0 records.","v":1}
{"level":30,"time":1589725316795,"pid":31086,"hostname":"localhost.localdomain","msg":"Executed insert: INSERT INTO DEVICE_TYPE_CLUSTER (DEVICE_TYPE_REF, CLUSTER_NAME, INCLUDE_CLIENT, INCLUDE_SERVER, LOCK_CLIENT, LOCK_SERVER) VALUES (?,?,?,?,?,?): 127,Basic,false,true,true,true => rowid: 503","v":1}
{"level":30,"time":1589725316795,"pid":31086,"hostname":"localhost.localdomain","msg":"Executed insert: INSERT INTO DEVICE_TYPE_CLUSTER (DEVICE_TYPE_REF, CLUSTER_NAME, INCLUDE_CLIENT, INCLUDE_SERVER, LOCK_CLIENT, LOCK_SERVER) VALUES (?,?,?,?,?,?): 127,Identify,false,true,true,true => rowid: 504","v":1}
{"level":30,"time":1589725316795,"pid":31086,"hostname":"localhost.localdomain","msg":"Executed insert: INSERT INTO DEVICE_TYPE_CLUSTER (DEVICE_TYPE_REF, CLUSTER_NAME, INCLUDE_CLIENT, INCLUDE_SERVER, LOCK_CLIENT, LOCK_SERVER) VALUES (?,?,?,?,?,?): 127,Generic Tunnel,false,true,true,true => rowid: 505","v":1}
{"level":30,"time":1589725316795,"pid":31086,"hostname":"localhost.localdomain","msg":"Executed insert: INSERT INTO DEVICE_TYPE_CLUSTER (DEVICE_TYPE_REF, CLUSTER_NAME, INCLUDE_CLIENT, INCLUDE_SERVER, LOCK_CLIENT, LOCK_SERVER) VALUES (?,?,?,?,?,?): 127,11073 Protocol Tunnel,true,true,true,true => rowid: 506","v":1}
{"level":30,"time":1589725316795,"pid":31086,"hostname":"localhost.localdomain","msg":"Executed insert: INSERT INTO DEVICE_TYPE_CLUSTER (DEVICE_TYPE_REF, CLUSTER_NAME, INCLUDE_CLIENT, INCLUDE_SERVER, LOCK_CLIENT, LOCK_SERVER) VALUES (?,?,?,?,?,?): 127,Power Configuration,false,true,true,false => rowid: 507","v":1}
{"level":30,"time":1589725316795,"pid":31086,"hostname":"localhost.localdomain","msg":"Executed insert: INSERT INTO DEVICE_TYPE_CLUSTER (DEVICE_TYPE_REF, CLUSTER_NAME, INCLUDE_CLIENT, INCLUDE_SERVER, LOCK_CLIENT, LOCK_SERVER) VALUES (?,?,?,?,?,?): 127,Alarms,false,true,true,false => rowid: 508","v":1}
{"level":30,"time":1589725316795,"pid":31086,"hostname":"localhost.localdomain","msg":"Executed insert: INSERT INTO DEVICE_TYPE_CLUSTER (DEVICE_TYPE_REF, CLUSTER_NAME, INCLUDE_CLIENT, INCLUDE_SERVER, LOCK_CLIENT, LOCK_SERVER) VALUES (?,?,?,?,?,?): 127,Time,false,true,true,false => rowid: 509","v":1}
{"level":30,"time":1589725316795,"pid":31086,"hostname":"localhost.localdomain","msg":"Preparing statement: INSERT INTO DEVICE_TYPE_ATTRIBUTE (DEVICE_TYPE_CLUSTER_REF, ATTRIBUTE_NAME) VALUES (?, ?) to insert 0 records.","v":1}
{"level":30,"time":1589725316795,"pid":31086,"hostname":"localhost.localdomain","msg":"Preparing statement: INSERT INTO DEVICE_TYPE_COMMAND (DEVICE_TYPE_CLUSTER_REF, COMMAND_NAME) VALUES (?, ?) to insert 0 records.","v":1}
{"level":30,"time":1589725316796,"pid":31086,"hostname":"localhost.localdomain","msg":"Executed insert: INSERT INTO DEVICE_TYPE_CLUSTER (DEVICE_TYPE_REF, CLUSTER_NAME, INCLUDE_CLIENT, INCLUDE_SERVER, LOCK_CLIENT, LOCK_SERVER) VALUES (?,?,?,?,?,?): 131,Basic,false,true,true,true => rowid: 510","v":1}
{"level":30,"time":1589725316796,"pid":31086,"hostname":"localhost.localdomain","msg":"Executed insert: INSERT INTO DEVICE_TYPE_CLUSTER (DEVICE_TYPE_REF, CLUSTER_NAME, INCLUDE_CLIENT, INCLUDE_SERVER, LOCK_CLIENT, LOCK_SERVER) VALUES (?,?,?,?,?,?): 131,Identify,false,true,true,true => rowid: 511","v":1}
{"level":30,"time":1589725316796,"pid":31086,"hostname":"localhost.localdomain","msg":"Executed insert: INSERT INTO DEVICE_TYPE_CLUSTER (DEVICE_TYPE_REF, CLUSTER_NAME, INCLUDE_CLIENT, INCLUDE_SERVER, LOCK_CLIENT, LOCK_SERVER) VALUES (?,?,?,?,?,?): 131,Generic Tunnel,false,true,true,true => rowid: 512","v":1}
{"level":30,"time":1589725316796,"pid":31086,"hostname":"localhost.localdomain","msg":"Executed insert: INSERT INTO DEVICE_TYPE_CLUSTER (DEVICE_TYPE_REF, CLUSTER_NAME, INCLUDE_CLIENT, INCLUDE_SERVER, LOCK_CLIENT, LOCK_SERVER) VALUES (?,?,?,?,?,?): 131,11073 Protocol Tunnel,true,true,true,true => rowid: 513","v":1}
{"level":30,"time":1589725316796,"pid":31086,"hostname":"localhost.localdomain","msg":"Executed insert: INSERT INTO DEVICE_TYPE_CLUSTER (DEVICE_TYPE_REF, CLUSTER_NAME, INCLUDE_CLIENT, INCLUDE_SERVER, LOCK_CLIENT, LOCK_SERVER) VALUES (?,?,?,?,?,?): 131,Power Configuration,false,true,true,false => rowid: 514","v":1}
{"level":30,"time":1589725316796,"pid":31086,"hostname":"localhost.localdomain","msg":"Executed insert: INSERT INTO DEVICE_TYPE_CLUSTER (DEVICE_TYPE_REF, CLUSTER_NAME, INCLUDE_CLIENT, INCLUDE_SERVER, LOCK_CLIENT, LOCK_SERVER) VALUES (?,?,?,?,?,?): 131,Alarms,false,true,true,false => rowid: 515","v":1}
{"level":30,"time":1589725316796,"pid":31086,"hostname":"localhost.localdomain","msg":"Executed insert: INSERT INTO DEVICE_TYPE_CLUSTER (DEVICE_TYPE_REF, CLUSTER_NAME, INCLUDE_CLIENT, INCLUDE_SERVER, LOCK_CLIENT, LOCK_SERVER) VALUES (?,?,?,?,?,?): 131,Time,false,true,true,false => rowid: 516","v":1}
{"level":30,"time":1589725316796,"pid":31086,"hostname":"localhost.localdomain","msg":"Preparing statement: INSERT INTO DEVICE_TYPE_ATTRIBUTE (DEVICE_TYPE_CLUSTER_REF, ATTRIBUTE_NAME) VALUES (?, ?) to insert 0 records.","v":1}
{"level":30,"time":1589725316796,"pid":31086,"hostname":"localhost.localdomain","msg":"Preparing statement: INSERT INTO DEVICE_TYPE_COMMAND (DEVICE_TYPE_CLUSTER_REF, COMMAND_NAME) VALUES (?, ?) to insert 0 records.","v":1}
{"level":30,"time":1589725316796,"pid":31086,"hostname":"localhost.localdomain","msg":"Executed insert: INSERT INTO DEVICE_TYPE_CLUSTER (DEVICE_TYPE_REF, CLUSTER_NAME, INCLUDE_CLIENT, INCLUDE_SERVER, LOCK_CLIENT, LOCK_SERVER) VALUES (?,?,?,?,?,?): 134,Basic,false,true,true,true => rowid: 517","v":1}
{"level":30,"time":1589725316796,"pid":31086,"hostname":"localhost.localdomain","msg":"Executed insert: INSERT INTO DEVICE_TYPE_CLUSTER (DEVICE_TYPE_REF, CLUSTER_NAME, INCLUDE_CLIENT, INCLUDE_SERVER, LOCK_CLIENT, LOCK_SERVER) VALUES (?,?,?,?,?,?): 134,Identify,false,true,true,true => rowid: 518","v":1}
{"level":30,"time":1589725316796,"pid":31086,"hostname":"localhost.localdomain","msg":"Executed insert: INSERT INTO DEVICE_TYPE_CLUSTER (DEVICE_TYPE_REF, CLUSTER_NAME, INCLUDE_CLIENT, INCLUDE_SERVER, LOCK_CLIENT, LOCK_SERVER) VALUES (?,?,?,?,?,?): 134,Generic Tunnel,false,true,true,true => rowid: 519","v":1}
{"level":30,"time":1589725316796,"pid":31086,"hostname":"localhost.localdomain","msg":"Executed insert: INSERT INTO DEVICE_TYPE_CLUSTER (DEVICE_TYPE_REF, CLUSTER_NAME, INCLUDE_CLIENT, INCLUDE_SERVER, LOCK_CLIENT, LOCK_SERVER) VALUES (?,?,?,?,?,?): 134,11073 Protocol Tunnel,true,true,true,true => rowid: 520","v":1}
{"level":30,"time":1589725316796,"pid":31086,"hostname":"localhost.localdomain","msg":"Executed insert: INSERT INTO DEVICE_TYPE_CLUSTER (DEVICE_TYPE_REF, CLUSTER_NAME, INCLUDE_CLIENT, INCLUDE_SERVER, LOCK_CLIENT, LOCK_SERVER) VALUES (?,?,?,?,?,?): 134,Power Configuration,false,true,true,false => rowid: 521","v":1}
{"level":30,"time":1589725316796,"pid":31086,"hostname":"localhost.localdomain","msg":"Executed insert: INSERT INTO DEVICE_TYPE_CLUSTER (DEVICE_TYPE_REF, CLUSTER_NAME, INCLUDE_CLIENT, INCLUDE_SERVER, LOCK_CLIENT, LOCK_SERVER) VALUES (?,?,?,?,?,?): 134,Alarms,false,true,true,false => rowid: 522","v":1}
{"level":30,"time":1589725316796,"pid":31086,"hostname":"localhost.localdomain","msg":"Executed insert: INSERT INTO DEVICE_TYPE_CLUSTER (DEVICE_TYPE_REF, CLUSTER_NAME, INCLUDE_CLIENT, INCLUDE_SERVER, LOCK_CLIENT, LOCK_SERVER) VALUES (?,?,?,?,?,?): 134,Time,false,true,true,false => rowid: 523","v":1}
{"level":30,"time":1589725316797,"pid":31086,"hostname":"localhost.localdomain","msg":"Preparing statement: INSERT INTO DEVICE_TYPE_ATTRIBUTE (DEVICE_TYPE_CLUSTER_REF, ATTRIBUTE_NAME) VALUES (?, ?) to insert 0 records.","v":1}
{"level":30,"time":1589725316797,"pid":31086,"hostname":"localhost.localdomain","msg":"Preparing statement: INSERT INTO DEVICE_TYPE_COMMAND (DEVICE_TYPE_CLUSTER_REF, COMMAND_NAME) VALUES (?, ?) to insert 0 records.","v":1}
{"level":30,"time":1589725316797,"pid":31086,"hostname":"localhost.localdomain","msg":"Executed insert: INSERT INTO DEVICE_TYPE_CLUSTER (DEVICE_TYPE_REF, CLUSTER_NAME, INCLUDE_CLIENT, INCLUDE_SERVER, LOCK_CLIENT, LOCK_SERVER) VALUES (?,?,?,?,?,?): 137,Basic,false,true,true,true => rowid: 524","v":1}
{"level":30,"time":1589725316797,"pid":31086,"hostname":"localhost.localdomain","msg":"Executed insert: INSERT INTO DEVICE_TYPE_CLUSTER (DEVICE_TYPE_REF, CLUSTER_NAME, INCLUDE_CLIENT, INCLUDE_SERVER, LOCK_CLIENT, LOCK_SERVER) VALUES (?,?,?,?,?,?): 137,Identify,false,true,true,true => rowid: 525","v":1}
{"level":30,"time":1589725316797,"pid":31086,"hostname":"localhost.localdomain","msg":"Executed insert: INSERT INTO DEVICE_TYPE_CLUSTER (DEVICE_TYPE_REF, CLUSTER_NAME, INCLUDE_CLIENT, INCLUDE_SERVER, LOCK_CLIENT, LOCK_SERVER) VALUES (?,?,?,?,?,?): 137,Generic Tunnel,false,true,true,true => rowid: 526","v":1}
{"level":30,"time":1589725316797,"pid":31086,"hostname":"localhost.localdomain","msg":"Executed insert: INSERT INTO DEVICE_TYPE_CLUSTER (DEVICE_TYPE_REF, CLUSTER_NAME, INCLUDE_CLIENT, INCLUDE_SERVER, LOCK_CLIENT, LOCK_SERVER) VALUES (?,?,?,?,?,?): 137,11073 Protocol Tunnel,true,true,true,true => rowid: 527","v":1}
{"level":30,"time":1589725316797,"pid":31086,"hostname":"localhost.localdomain","msg":"Executed insert: INSERT INTO DEVICE_TYPE_CLUSTER (DEVICE_TYPE_REF, CLUSTER_NAME, INCLUDE_CLIENT, INCLUDE_SERVER, LOCK_CLIENT, LOCK_SERVER) VALUES (?,?,?,?,?,?): 137,Power Configuration,false,true,true,false => rowid: 528","v":1}
{"level":30,"time":1589725316797,"pid":31086,"hostname":"localhost.localdomain","msg":"Executed insert: INSERT INTO DEVICE_TYPE_CLUSTER (DEVICE_TYPE_REF, CLUSTER_NAME, INCLUDE_CLIENT, INCLUDE_SERVER, LOCK_CLIENT, LOCK_SERVER) VALUES (?,?,?,?,?,?): 137,Alarms,false,true,true,false => rowid: 529","v":1}
{"level":30,"time":1589725316797,"pid":31086,"hostname":"localhost.localdomain","msg":"Executed insert: INSERT INTO DEVICE_TYPE_CLUSTER (DEVICE_TYPE_REF, CLUSTER_NAME, INCLUDE_CLIENT, INCLUDE_SERVER, LOCK_CLIENT, LOCK_SERVER) VALUES (?,?,?,?,?,?): 137,Time,false,true,true,false => rowid: 530","v":1}
{"level":30,"time":1589725316797,"pid":31086,"hostname":"localhost.localdomain","msg":"Preparing statement: INSERT INTO DEVICE_TYPE_ATTRIBUTE (DEVICE_TYPE_CLUSTER_REF, ATTRIBUTE_NAME) VALUES (?, ?) to insert 0 records.","v":1}
{"level":30,"time":1589725316797,"pid":31086,"hostname":"localhost.localdomain","msg":"Preparing statement: INSERT INTO DEVICE_TYPE_COMMAND (DEVICE_TYPE_CLUSTER_REF, COMMAND_NAME) VALUES (?, ?) to insert 0 records.","v":1}
{"level":30,"time":1589725316798,"pid":31086,"hostname":"localhost.localdomain","msg":"Executed insert: INSERT INTO DEVICE_TYPE_CLUSTER (DEVICE_TYPE_REF, CLUSTER_NAME, INCLUDE_CLIENT, INCLUDE_SERVER, LOCK_CLIENT, LOCK_SERVER) VALUES (?,?,?,?,?,?): 140,Basic,false,true,true,true => rowid: 531","v":1}
{"level":30,"time":1589725316798,"pid":31086,"hostname":"localhost.localdomain","msg":"Executed insert: INSERT INTO DEVICE_TYPE_CLUSTER (DEVICE_TYPE_REF, CLUSTER_NAME, INCLUDE_CLIENT, INCLUDE_SERVER, LOCK_CLIENT, LOCK_SERVER) VALUES (?,?,?,?,?,?): 140,Identify,false,true,true,true => rowid: 532","v":1}
{"level":30,"time":1589725316798,"pid":31086,"hostname":"localhost.localdomain","msg":"Executed insert: INSERT INTO DEVICE_TYPE_CLUSTER (DEVICE_TYPE_REF, CLUSTER_NAME, INCLUDE_CLIENT, INCLUDE_SERVER, LOCK_CLIENT, LOCK_SERVER) VALUES (?,?,?,?,?,?): 140,Generic Tunnel,false,true,true,true => rowid: 533","v":1}
{"level":30,"time":1589725316798,"pid":31086,"hostname":"localhost.localdomain","msg":"Executed insert: INSERT INTO DEVICE_TYPE_CLUSTER (DEVICE_TYPE_REF, CLUSTER_NAME, INCLUDE_CLIENT, INCLUDE_SERVER, LOCK_CLIENT, LOCK_SERVER) VALUES (?,?,?,?,?,?): 140,11073 Protocol Tunnel,true,true,true,true => rowid: 534","v":1}
{"level":30,"time":1589725316798,"pid":31086,"hostname":"localhost.localdomain","msg":"Executed insert: INSERT INTO DEVICE_TYPE_CLUSTER (DEVICE_TYPE_REF, CLUSTER_NAME, INCLUDE_CLIENT, INCLUDE_SERVER, LOCK_CLIENT, LOCK_SERVER) VALUES (?,?,?,?,?,?): 140,Power Configuration,false,true,true,false => rowid: 535","v":1}
{"level":30,"time":1589725316798,"pid":31086,"hostname":"localhost.localdomain","msg":"Executed insert: INSERT INTO DEVICE_TYPE_CLUSTER (DEVICE_TYPE_REF, CLUSTER_NAME, INCLUDE_CLIENT, INCLUDE_SERVER, LOCK_CLIENT, LOCK_SERVER) VALUES (?,?,?,?,?,?): 140,Alarms,false,true,true,false => rowid: 536","v":1}
{"level":30,"time":1589725316798,"pid":31086,"hostname":"localhost.localdomain","msg":"Executed insert: INSERT INTO DEVICE_TYPE_CLUSTER (DEVICE_TYPE_REF, CLUSTER_NAME, INCLUDE_CLIENT, INCLUDE_SERVER, LOCK_CLIENT, LOCK_SERVER) VALUES (?,?,?,?,?,?): 140,Time,false,true,true,false => rowid: 537","v":1}
{"level":30,"time":1589725316798,"pid":31086,"hostname":"localhost.localdomain","msg":"Preparing statement: INSERT INTO DEVICE_TYPE_ATTRIBUTE (DEVICE_TYPE_CLUSTER_REF, ATTRIBUTE_NAME) VALUES (?, ?) to insert 0 records.","v":1}
{"level":30,"time":1589725316798,"pid":31086,"hostname":"localhost.localdomain","msg":"Preparing statement: INSERT INTO DEVICE_TYPE_COMMAND (DEVICE_TYPE_CLUSTER_REF, COMMAND_NAME) VALUES (?, ?) to insert 0 records.","v":1}
{"level":30,"time":1589725316798,"pid":31086,"hostname":"localhost.localdomain","msg":"Executed insert: INSERT INTO DEVICE_TYPE_CLUSTER (DEVICE_TYPE_REF, CLUSTER_NAME, INCLUDE_CLIENT, INCLUDE_SERVER, LOCK_CLIENT, LOCK_SERVER) VALUES (?,?,?,?,?,?): 50,Alarms,false,true,true,false => rowid: 538","v":1}
{"level":30,"time":1589725316798,"pid":31086,"hostname":"localhost.localdomain","msg":"Preparing statement: INSERT INTO DEVICE_TYPE_ATTRIBUTE (DEVICE_TYPE_CLUSTER_REF, ATTRIBUTE_NAME) VALUES (?, ?) to insert 0 records.","v":1}
{"level":30,"time":1589725316798,"pid":31086,"hostname":"localhost.localdomain","msg":"Preparing statement: INSERT INTO DEVICE_TYPE_COMMAND (DEVICE_TYPE_CLUSTER_REF, COMMAND_NAME) VALUES (?, ?) to insert 0 records.","v":1}
{"level":30,"time":1589725316798,"pid":31086,"hostname":"localhost.localdomain","msg":"Executed insert: INSERT INTO DEVICE_TYPE_CLUSTER (DEVICE_TYPE_REF, CLUSTER_NAME, INCLUDE_CLIENT, INCLUDE_SERVER, LOCK_CLIENT, LOCK_SERVER) VALUES (?,?,?,?,?,?): 8,11073 Protocol Tunnel,true,true,true,true => rowid: 539","v":1}
{"level":30,"time":1589725316798,"pid":31086,"hostname":"localhost.localdomain","msg":"Preparing statement: INSERT INTO DEVICE_TYPE_ATTRIBUTE (DEVICE_TYPE_CLUSTER_REF, ATTRIBUTE_NAME) VALUES (?, ?) to insert 0 records.","v":1}
{"level":30,"time":1589725316798,"pid":31086,"hostname":"localhost.localdomain","msg":"Preparing statement: INSERT INTO DEVICE_TYPE_COMMAND (DEVICE_TYPE_CLUSTER_REF, COMMAND_NAME) VALUES (?, ?) to insert 0 records.","v":1}
{"level":30,"time":1589725316798,"pid":31086,"hostname":"localhost.localdomain","msg":"Executed insert: INSERT INTO DEVICE_TYPE_CLUSTER (DEVICE_TYPE_REF, CLUSTER_NAME, INCLUDE_CLIENT, INCLUDE_SERVER, LOCK_CLIENT, LOCK_SERVER) VALUES (?,?,?,?,?,?): 65,Time,false,true,true,false => rowid: 540","v":1}
{"level":30,"time":1589725316798,"pid":31086,"hostname":"localhost.localdomain","msg":"Preparing statement: INSERT INTO DEVICE_TYPE_ATTRIBUTE (DEVICE_TYPE_CLUSTER_REF, ATTRIBUTE_NAME) VALUES (?, ?) to insert 0 records.","v":1}
{"level":30,"time":1589725316798,"pid":31086,"hostname":"localhost.localdomain","msg":"Preparing statement: INSERT INTO DEVICE_TYPE_COMMAND (DEVICE_TYPE_CLUSTER_REF, COMMAND_NAME) VALUES (?, ?) to insert 0 records.","v":1}
{"level":30,"time":1589725316798,"pid":31086,"hostname":"localhost.localdomain","msg":"Executed insert: INSERT INTO DEVICE_TYPE_CLUSTER (DEVICE_TYPE_REF, CLUSTER_NAME, INCLUDE_CLIENT, INCLUDE_SERVER, LOCK_CLIENT, LOCK_SERVER) VALUES (?,?,?,?,?,?): 11,Key Establishment,true,true,true,true => rowid: 541","v":1}
{"level":30,"time":1589725316798,"pid":31086,"hostname":"localhost.localdomain","msg":"Executed insert: INSERT INTO DEVICE_TYPE_CLUSTER (DEVICE_TYPE_REF, CLUSTER_NAME, INCLUDE_CLIENT, INCLUDE_SERVER, LOCK_CLIENT, LOCK_SERVER) VALUES (?,?,?,?,?,?): 11,Commissioning,false,false,false,false => rowid: 542","v":1}
{"level":30,"time":1589725316798,"pid":31086,"hostname":"localhost.localdomain","msg":"Executed insert: INSERT INTO DEVICE_TYPE_CLUSTER (DEVICE_TYPE_REF, CLUSTER_NAME, INCLUDE_CLIENT, INCLUDE_SERVER, LOCK_CLIENT, LOCK_SERVER) VALUES (?,?,?,?,?,?): 11,Identify,false,false,true,false => rowid: 543","v":1}
{"level":30,"time":1589725316799,"pid":31086,"hostname":"localhost.localdomain","msg":"Executed insert: INSERT INTO DEVICE_TYPE_CLUSTER (DEVICE_TYPE_REF, CLUSTER_NAME, INCLUDE_CLIENT, INCLUDE_SERVER, LOCK_CLIENT, LOCK_SERVER) VALUES (?,?,?,?,?,?): 11,Over the Air Bootloading,false,false,false,false => rowid: 544","v":1}
{"level":30,"time":1589725316799,"pid":31086,"hostname":"localhost.localdomain","msg":"Executed insert: INSERT INTO DEVICE_TYPE_CLUSTER (DEVICE_TYPE_REF, CLUSTER_NAME, INCLUDE_CLIENT, INCLUDE_SERVER, LOCK_CLIENT, LOCK_SERVER) VALUES (?,?,?,?,?,?): 11,Tunneling,false,false,false,false => rowid: 545","v":1}
{"level":30,"time":1589725316799,"pid":31086,"hostname":"localhost.localdomain","msg":"Executed insert: INSERT INTO DEVICE_TYPE_CLUSTER (DEVICE_TYPE_REF, CLUSTER_NAME, INCLUDE_CLIENT, INCLUDE_SERVER, LOCK_CLIENT, LOCK_SERVER) VALUES (?,?,?,?,?,?): 11,Generic Tunnel,false,false,false,false => rowid: 546","v":1}
{"level":30,"time":1589725316799,"pid":31086,"hostname":"localhost.localdomain","msg":"Executed insert: INSERT INTO DEVICE_TYPE_CLUSTER (DEVICE_TYPE_REF, CLUSTER_NAME, INCLUDE_CLIENT, INCLUDE_SERVER, LOCK_CLIENT, LOCK_SERVER) VALUES (?,?,?,?,?,?): 11,Keep-Alive,false,false,false,false => rowid: 547","v":1}
{"level":30,"time":1589725316799,"pid":31086,"hostname":"localhost.localdomain","msg":"Executed insert: INSERT INTO DEVICE_TYPE_CLUSTER (DEVICE_TYPE_REF, CLUSTER_NAME, INCLUDE_CLIENT, INCLUDE_SERVER, LOCK_CLIENT, LOCK_SERVER) VALUES (?,?,?,?,?,?): 17,Basic,false,true,true,true => rowid: 548","v":1}
{"level":30,"time":1589725316799,"pid":31086,"hostname":"localhost.localdomain","msg":"Executed insert: INSERT INTO DEVICE_TYPE_CLUSTER (DEVICE_TYPE_REF, CLUSTER_NAME, INCLUDE_CLIENT, INCLUDE_SERVER, LOCK_CLIENT, LOCK_SERVER) VALUES (?,?,?,?,?,?): 17,Key Establishment,true,true,true,true => rowid: 549","v":1}
{"level":30,"time":1589725316799,"pid":31086,"hostname":"localhost.localdomain","msg":"Executed insert: INSERT INTO DEVICE_TYPE_CLUSTER (DEVICE_TYPE_REF, CLUSTER_NAME, INCLUDE_CLIENT, INCLUDE_SERVER, LOCK_CLIENT, LOCK_SERVER) VALUES (?,?,?,?,?,?): 17,Power Configuration,false,false,true,false => rowid: 550","v":1}
{"level":30,"time":1589725316799,"pid":31086,"hostname":"localhost.localdomain","msg":"Executed insert: INSERT INTO DEVICE_TYPE_CLUSTER (DEVICE_TYPE_REF, CLUSTER_NAME, INCLUDE_CLIENT, INCLUDE_SERVER, LOCK_CLIENT, LOCK_SERVER) VALUES (?,?,?,?,?,?): 17,Alarms,false,false,true,false => rowid: 551","v":1}
{"level":30,"time":1589725316799,"pid":31086,"hostname":"localhost.localdomain","msg":"Executed insert: INSERT INTO DEVICE_TYPE_CLUSTER (DEVICE_TYPE_REF, CLUSTER_NAME, INCLUDE_CLIENT, INCLUDE_SERVER, LOCK_CLIENT, LOCK_SERVER) VALUES (?,?,?,?,?,?): 17,Commissioning,false,false,false,false => rowid: 552","v":1}
{"level":30,"time":1589725316799,"pid":31086,"hostname":"localhost.localdomain","msg":"Executed insert: INSERT INTO DEVICE_TYPE_CLUSTER (DEVICE_TYPE_REF, CLUSTER_NAME, INCLUDE_CLIENT, INCLUDE_SERVER, LOCK_CLIENT, LOCK_SERVER) VALUES (?,?,?,?,?,?): 17,Identify,false,false,true,false => rowid: 553","v":1}
{"level":30,"time":1589725316799,"pid":31086,"hostname":"localhost.localdomain","msg":"Executed insert: INSERT INTO DEVICE_TYPE_CLUSTER (DEVICE_TYPE_REF, CLUSTER_NAME, INCLUDE_CLIENT, INCLUDE_SERVER, LOCK_CLIENT, LOCK_SERVER) VALUES (?,?,?,?,?,?): 17,Over the Air Bootloading,false,false,false,false => rowid: 554","v":1}
{"level":30,"time":1589725316799,"pid":31086,"hostname":"localhost.localdomain","msg":"Executed insert: INSERT INTO DEVICE_TYPE_CLUSTER (DEVICE_TYPE_REF, CLUSTER_NAME, INCLUDE_CLIENT, INCLUDE_SERVER, LOCK_CLIENT, LOCK_SERVER) VALUES (?,?,?,?,?,?): 17,Tunneling,false,false,false,false => rowid: 555","v":1}
{"level":30,"time":1589725316799,"pid":31086,"hostname":"localhost.localdomain","msg":"Executed insert: INSERT INTO DEVICE_TYPE_CLUSTER (DEVICE_TYPE_REF, CLUSTER_NAME, INCLUDE_CLIENT, INCLUDE_SERVER, LOCK_CLIENT, LOCK_SERVER) VALUES (?,?,?,?,?,?): 17,Generic Tunnel,false,false,false,false => rowid: 556","v":1}
{"level":30,"time":1589725316799,"pid":31086,"hostname":"localhost.localdomain","msg":"Executed insert: INSERT INTO DEVICE_TYPE_CLUSTER (DEVICE_TYPE_REF, CLUSTER_NAME, INCLUDE_CLIENT, INCLUDE_SERVER, LOCK_CLIENT, LOCK_SERVER) VALUES (?,?,?,?,?,?): 17,Messaging,false,true,true,true => rowid: 557","v":1}
{"level":30,"time":1589725316799,"pid":31086,"hostname":"localhost.localdomain","msg":"Executed insert: INSERT INTO DEVICE_TYPE_CLUSTER (DEVICE_TYPE_REF, CLUSTER_NAME, INCLUDE_CLIENT, INCLUDE_SERVER, LOCK_CLIENT, LOCK_SERVER) VALUES (?,?,?,?,?,?): 17,Price,false,true,false,true => rowid: 558","v":1}
{"level":30,"time":1589725316799,"pid":31086,"hostname":"localhost.localdomain","msg":"Executed insert: INSERT INTO DEVICE_TYPE_CLUSTER (DEVICE_TYPE_REF, CLUSTER_NAME, INCLUDE_CLIENT, INCLUDE_SERVER, LOCK_CLIENT, LOCK_SERVER) VALUES (?,?,?,?,?,?): 17,Demand Response and Load Control,false,true,true,true => rowid: 559","v":1}
{"level":30,"time":1589725316799,"pid":31086,"hostname":"localhost.localdomain","msg":"Executed insert: INSERT INTO DEVICE_TYPE_CLUSTER (DEVICE_TYPE_REF, CLUSTER_NAME, INCLUDE_CLIENT, INCLUDE_SERVER, LOCK_CLIENT, LOCK_SERVER) VALUES (?,?,?,?,?,?): 17,Time,false,true,true,true => rowid: 560","v":1}
{"level":30,"time":1589725316799,"pid":31086,"hostname":"localhost.localdomain","msg":"Executed insert: INSERT INTO DEVICE_TYPE_CLUSTER (DEVICE_TYPE_REF, CLUSTER_NAME, INCLUDE_CLIENT, INCLUDE_SERVER, LOCK_CLIENT, LOCK_SERVER) VALUES (?,?,?,?,?,?): 17,Simple Metering,false,false,false,false => rowid: 561","v":1}
{"level":30,"time":1589725316799,"pid":31086,"hostname":"localhost.localdomain","msg":"Executed insert: INSERT INTO DEVICE_TYPE_CLUSTER (DEVICE_TYPE_REF, CLUSTER_NAME, INCLUDE_CLIENT, INCLUDE_SERVER, LOCK_CLIENT, LOCK_SERVER) VALUES (?,?,?,?,?,?): 17,Keep-Alive,false,false,false,false => rowid: 562","v":1}
{"level":30,"time":1589725316799,"pid":31086,"hostname":"localhost.localdomain","msg":"Preparing statement: INSERT INTO DEVICE_TYPE_ATTRIBUTE (DEVICE_TYPE_CLUSTER_REF, ATTRIBUTE_NAME) VALUES (?, ?) to insert 0 records.","v":1}
{"level":30,"time":1589725316799,"pid":31086,"hostname":"localhost.localdomain","msg":"Preparing statement: INSERT INTO DEVICE_TYPE_COMMAND (DEVICE_TYPE_CLUSTER_REF, COMMAND_NAME) VALUES (?, ?) to insert 0 records.","v":1}
{"level":30,"time":1589725316799,"pid":31086,"hostname":"localhost.localdomain","msg":"Executed insert: INSERT INTO DEVICE_TYPE_CLUSTER (DEVICE_TYPE_REF, CLUSTER_NAME, INCLUDE_CLIENT, INCLUDE_SERVER, LOCK_CLIENT, LOCK_SERVER) VALUES (?,?,?,?,?,?): 24,Basic,false,true,true,true => rowid: 563","v":1}
{"level":30,"time":1589725316799,"pid":31086,"hostname":"localhost.localdomain","msg":"Executed insert: INSERT INTO DEVICE_TYPE_CLUSTER (DEVICE_TYPE_REF, CLUSTER_NAME, INCLUDE_CLIENT, INCLUDE_SERVER, LOCK_CLIENT, LOCK_SERVER) VALUES (?,?,?,?,?,?): 24,Key Establishment,true,true,true,true => rowid: 564","v":1}
{"level":30,"time":1589725316799,"pid":31086,"hostname":"localhost.localdomain","msg":"Executed insert: INSERT INTO DEVICE_TYPE_CLUSTER (DEVICE_TYPE_REF, CLUSTER_NAME, INCLUDE_CLIENT, INCLUDE_SERVER, LOCK_CLIENT, LOCK_SERVER) VALUES (?,?,?,?,?,?): 24,Power Configuration,false,false,true,false => rowid: 565","v":1}
{"level":30,"time":1589725316799,"pid":31086,"hostname":"localhost.localdomain","msg":"Executed insert: INSERT INTO DEVICE_TYPE_CLUSTER (DEVICE_TYPE_REF, CLUSTER_NAME, INCLUDE_CLIENT, INCLUDE_SERVER, LOCK_CLIENT, LOCK_SERVER) VALUES (?,?,?,?,?,?): 24,Alarms,false,false,true,false => rowid: 566","v":1}
{"level":30,"time":1589725316799,"pid":31086,"hostname":"localhost.localdomain","msg":"Executed insert: INSERT INTO DEVICE_TYPE_CLUSTER (DEVICE_TYPE_REF, CLUSTER_NAME, INCLUDE_CLIENT, INCLUDE_SERVER, LOCK_CLIENT, LOCK_SERVER) VALUES (?,?,?,?,?,?): 24,Commissioning,false,false,false,false => rowid: 567","v":1}
{"level":30,"time":1589725316799,"pid":31086,"hostname":"localhost.localdomain","msg":"Executed insert: INSERT INTO DEVICE_TYPE_CLUSTER (DEVICE_TYPE_REF, CLUSTER_NAME, INCLUDE_CLIENT, INCLUDE_SERVER, LOCK_CLIENT, LOCK_SERVER) VALUES (?,?,?,?,?,?): 24,Identify,false,false,true,false => rowid: 568","v":1}
{"level":30,"time":1589725316799,"pid":31086,"hostname":"localhost.localdomain","msg":"Executed insert: INSERT INTO DEVICE_TYPE_CLUSTER (DEVICE_TYPE_REF, CLUSTER_NAME, INCLUDE_CLIENT, INCLUDE_SERVER, LOCK_CLIENT, LOCK_SERVER) VALUES (?,?,?,?,?,?): 24,Over the Air Bootloading,false,false,false,false => rowid: 569","v":1}
{"level":30,"time":1589725316799,"pid":31086,"hostname":"localhost.localdomain","msg":"Executed insert: INSERT INTO DEVICE_TYPE_CLUSTER (DEVICE_TYPE_REF, CLUSTER_NAME, INCLUDE_CLIENT, INCLUDE_SERVER, LOCK_CLIENT, LOCK_SERVER) VALUES (?,?,?,?,?,?): 24,Tunneling,false,false,false,false => rowid: 570","v":1}
{"level":30,"time":1589725316800,"pid":31086,"hostname":"localhost.localdomain","msg":"Executed insert: INSERT INTO DEVICE_TYPE_CLUSTER (DEVICE_TYPE_REF, CLUSTER_NAME, INCLUDE_CLIENT, INCLUDE_SERVER, LOCK_CLIENT, LOCK_SERVER) VALUES (?,?,?,?,?,?): 24,Generic Tunnel,false,false,false,false => rowid: 571","v":1}
{"level":30,"time":1589725316800,"pid":31086,"hostname":"localhost.localdomain","msg":"Executed insert: INSERT INTO DEVICE_TYPE_CLUSTER (DEVICE_TYPE_REF, CLUSTER_NAME, INCLUDE_CLIENT, INCLUDE_SERVER, LOCK_CLIENT, LOCK_SERVER) VALUES (?,?,?,?,?,?): 24,Simple Metering,false,true,true,true => rowid: 572","v":1}
{"level":30,"time":1589725316800,"pid":31086,"hostname":"localhost.localdomain","msg":"Executed insert: INSERT INTO DEVICE_TYPE_CLUSTER (DEVICE_TYPE_REF, CLUSTER_NAME, INCLUDE_CLIENT, INCLUDE_SERVER, LOCK_CLIENT, LOCK_SERVER) VALUES (?,?,?,?,?,?): 24,Time,false,false,false,true => rowid: 573","v":1}
{"level":30,"time":1589725316800,"pid":31086,"hostname":"localhost.localdomain","msg":"Executed insert: INSERT INTO DEVICE_TYPE_CLUSTER (DEVICE_TYPE_REF, CLUSTER_NAME, INCLUDE_CLIENT, INCLUDE_SERVER, LOCK_CLIENT, LOCK_SERVER) VALUES (?,?,?,?,?,?): 24,Price,false,false,false,true => rowid: 574","v":1}
{"level":30,"time":1589725316800,"pid":31086,"hostname":"localhost.localdomain","msg":"Executed insert: INSERT INTO DEVICE_TYPE_CLUSTER (DEVICE_TYPE_REF, CLUSTER_NAME, INCLUDE_CLIENT, INCLUDE_SERVER, LOCK_CLIENT, LOCK_SERVER) VALUES (?,?,?,?,?,?): 24,Messaging,false,false,false,true => rowid: 575","v":1}
{"level":30,"time":1589725316800,"pid":31086,"hostname":"localhost.localdomain","msg":"Executed insert: INSERT INTO DEVICE_TYPE_CLUSTER (DEVICE_TYPE_REF, CLUSTER_NAME, INCLUDE_CLIENT, INCLUDE_SERVER, LOCK_CLIENT, LOCK_SERVER) VALUES (?,?,?,?,?,?): 24,Keep-Alive,false,false,false,false => rowid: 576","v":1}
{"level":30,"time":1589725316800,"pid":31086,"hostname":"localhost.localdomain","msg":"Preparing statement: INSERT INTO DEVICE_TYPE_ATTRIBUTE (DEVICE_TYPE_CLUSTER_REF, ATTRIBUTE_NAME) VALUES (?, ?) to insert 0 records.","v":1}
{"level":30,"time":1589725316800,"pid":31086,"hostname":"localhost.localdomain","msg":"Preparing statement: INSERT INTO DEVICE_TYPE_COMMAND (DEVICE_TYPE_CLUSTER_REF, COMMAND_NAME) VALUES (?, ?) to insert 0 records.","v":1}
{"level":30,"time":1589725316800,"pid":31086,"hostname":"localhost.localdomain","msg":"Executed insert: INSERT INTO DEVICE_TYPE_CLUSTER (DEVICE_TYPE_REF, CLUSTER_NAME, INCLUDE_CLIENT, INCLUDE_SERVER, LOCK_CLIENT, LOCK_SERVER) VALUES (?,?,?,?,?,?): 30,Basic,false,true,true,true => rowid: 577","v":1}
{"level":30,"time":1589725316800,"pid":31086,"hostname":"localhost.localdomain","msg":"Executed insert: INSERT INTO DEVICE_TYPE_CLUSTER (DEVICE_TYPE_REF, CLUSTER_NAME, INCLUDE_CLIENT, INCLUDE_SERVER, LOCK_CLIENT, LOCK_SERVER) VALUES (?,?,?,?,?,?): 30,Key Establishment,true,true,true,true => rowid: 578","v":1}
{"level":30,"time":1589725316800,"pid":31086,"hostname":"localhost.localdomain","msg":"Executed insert: INSERT INTO DEVICE_TYPE_CLUSTER (DEVICE_TYPE_REF, CLUSTER_NAME, INCLUDE_CLIENT, INCLUDE_SERVER, LOCK_CLIENT, LOCK_SERVER) VALUES (?,?,?,?,?,?): 30,Power Configuration,false,false,true,false => rowid: 579","v":1}
{"level":30,"time":1589725316800,"pid":31086,"hostname":"localhost.localdomain","msg":"Executed insert: INSERT INTO DEVICE_TYPE_CLUSTER (DEVICE_TYPE_REF, CLUSTER_NAME, INCLUDE_CLIENT, INCLUDE_SERVER, LOCK_CLIENT, LOCK_SERVER) VALUES (?,?,?,?,?,?): 30,Alarms,false,false,true,false => rowid: 580","v":1}
{"level":30,"time":1589725316800,"pid":31086,"hostname":"localhost.localdomain","msg":"Executed insert: INSERT INTO DEVICE_TYPE_CLUSTER (DEVICE_TYPE_REF, CLUSTER_NAME, INCLUDE_CLIENT, INCLUDE_SERVER, LOCK_CLIENT, LOCK_SERVER) VALUES (?,?,?,?,?,?): 30,Commissioning,false,false,false,false => rowid: 581","v":1}
{"level":30,"time":1589725316800,"pid":31086,"hostname":"localhost.localdomain","msg":"Executed insert: INSERT INTO DEVICE_TYPE_CLUSTER (DEVICE_TYPE_REF, CLUSTER_NAME, INCLUDE_CLIENT, INCLUDE_SERVER, LOCK_CLIENT, LOCK_SERVER) VALUES (?,?,?,?,?,?): 30,Identify,false,false,true,false => rowid: 582","v":1}
{"level":30,"time":1589725316800,"pid":31086,"hostname":"localhost.localdomain","msg":"Executed insert: INSERT INTO DEVICE_TYPE_CLUSTER (DEVICE_TYPE_REF, CLUSTER_NAME, INCLUDE_CLIENT, INCLUDE_SERVER, LOCK_CLIENT, LOCK_SERVER) VALUES (?,?,?,?,?,?): 30,Over the Air Bootloading,false,false,false,false => rowid: 583","v":1}
{"level":30,"time":1589725316800,"pid":31086,"hostname":"localhost.localdomain","msg":"Executed insert: INSERT INTO DEVICE_TYPE_CLUSTER (DEVICE_TYPE_REF, CLUSTER_NAME, INCLUDE_CLIENT, INCLUDE_SERVER, LOCK_CLIENT, LOCK_SERVER) VALUES (?,?,?,?,?,?): 30,Tunneling,false,false,false,false => rowid: 584","v":1}
{"level":30,"time":1589725316800,"pid":31086,"hostname":"localhost.localdomain","msg":"Executed insert: INSERT INTO DEVICE_TYPE_CLUSTER (DEVICE_TYPE_REF, CLUSTER_NAME, INCLUDE_CLIENT, INCLUDE_SERVER, LOCK_CLIENT, LOCK_SERVER) VALUES (?,?,?,?,?,?): 30,Generic Tunnel,false,false,false,false => rowid: 585","v":1}
{"level":30,"time":1589725316800,"pid":31086,"hostname":"localhost.localdomain","msg":"Executed insert: INSERT INTO DEVICE_TYPE_CLUSTER (DEVICE_TYPE_REF, CLUSTER_NAME, INCLUDE_CLIENT, INCLUDE_SERVER, LOCK_CLIENT, LOCK_SERVER) VALUES (?,?,?,?,?,?): 30,Simple Metering,false,true,true,true => rowid: 586","v":1}
{"level":30,"time":1589725316800,"pid":31086,"hostname":"localhost.localdomain","msg":"Executed insert: INSERT INTO DEVICE_TYPE_CLUSTER (DEVICE_TYPE_REF, CLUSTER_NAME, INCLUDE_CLIENT, INCLUDE_SERVER, LOCK_CLIENT, LOCK_SERVER) VALUES (?,?,?,?,?,?): 30,Time,false,false,false,true => rowid: 587","v":1}
{"level":30,"time":1589725316800,"pid":31086,"hostname":"localhost.localdomain","msg":"Executed insert: INSERT INTO DEVICE_TYPE_CLUSTER (DEVICE_TYPE_REF, CLUSTER_NAME, INCLUDE_CLIENT, INCLUDE_SERVER, LOCK_CLIENT, LOCK_SERVER) VALUES (?,?,?,?,?,?): 30,Price,false,false,false,true => rowid: 588","v":1}
{"level":30,"time":1589725316800,"pid":31086,"hostname":"localhost.localdomain","msg":"Executed insert: INSERT INTO DEVICE_TYPE_CLUSTER (DEVICE_TYPE_REF, CLUSTER_NAME, INCLUDE_CLIENT, INCLUDE_SERVER, LOCK_CLIENT, LOCK_SERVER) VALUES (?,?,?,?,?,?): 30,Messaging,false,false,false,true => rowid: 589","v":1}
{"level":30,"time":1589725316800,"pid":31086,"hostname":"localhost.localdomain","msg":"Executed insert: INSERT INTO DEVICE_TYPE_CLUSTER (DEVICE_TYPE_REF, CLUSTER_NAME, INCLUDE_CLIENT, INCLUDE_SERVER, LOCK_CLIENT, LOCK_SERVER) VALUES (?,?,?,?,?,?): 30,Keep-Alive,false,false,false,false => rowid: 590","v":1}
{"level":30,"time":1589725316800,"pid":31086,"hostname":"localhost.localdomain","msg":"Preparing statement: INSERT INTO DEVICE_TYPE_ATTRIBUTE (DEVICE_TYPE_CLUSTER_REF, ATTRIBUTE_NAME) VALUES (?, ?) to insert 0 records.","v":1}
{"level":30,"time":1589725316805,"pid":31086,"hostname":"localhost.localdomain","msg":"Preparing statement: INSERT INTO DEVICE_TYPE_COMMAND (DEVICE_TYPE_CLUSTER_REF, COMMAND_NAME) VALUES (?, ?) to insert 0 records.","v":1}
{"level":30,"time":1589725316805,"pid":31086,"hostname":"localhost.localdomain","msg":"Executed insert: INSERT INTO DEVICE_TYPE_CLUSTER (DEVICE_TYPE_REF, CLUSTER_NAME, INCLUDE_CLIENT, INCLUDE_SERVER, LOCK_CLIENT, LOCK_SERVER) VALUES (?,?,?,?,?,?): 36,Basic,false,true,true,true => rowid: 591","v":1}
{"level":30,"time":1589725316805,"pid":31086,"hostname":"localhost.localdomain","msg":"Executed insert: INSERT INTO DEVICE_TYPE_CLUSTER (DEVICE_TYPE_REF, CLUSTER_NAME, INCLUDE_CLIENT, INCLUDE_SERVER, LOCK_CLIENT, LOCK_SERVER) VALUES (?,?,?,?,?,?): 36,Key Establishment,true,true,true,true => rowid: 592","v":1}
{"level":30,"time":1589725316805,"pid":31086,"hostname":"localhost.localdomain","msg":"Executed insert: INSERT INTO DEVICE_TYPE_CLUSTER (DEVICE_TYPE_REF, CLUSTER_NAME, INCLUDE_CLIENT, INCLUDE_SERVER, LOCK_CLIENT, LOCK_SERVER) VALUES (?,?,?,?,?,?): 36,Power Configuration,false,false,true,false => rowid: 593","v":1}
{"level":30,"time":1589725316805,"pid":31086,"hostname":"localhost.localdomain","msg":"Executed insert: INSERT INTO DEVICE_TYPE_CLUSTER (DEVICE_TYPE_REF, CLUSTER_NAME, INCLUDE_CLIENT, INCLUDE_SERVER, LOCK_CLIENT, LOCK_SERVER) VALUES (?,?,?,?,?,?): 36,Alarms,false,false,true,false => rowid: 594","v":1}
{"level":30,"time":1589725316805,"pid":31086,"hostname":"localhost.localdomain","msg":"Executed insert: INSERT INTO DEVICE_TYPE_CLUSTER (DEVICE_TYPE_REF, CLUSTER_NAME, INCLUDE_CLIENT, INCLUDE_SERVER, LOCK_CLIENT, LOCK_SERVER) VALUES (?,?,?,?,?,?): 36,Commissioning,false,false,false,false => rowid: 595","v":1}
{"level":30,"time":1589725316805,"pid":31086,"hostname":"localhost.localdomain","msg":"Executed insert: INSERT INTO DEVICE_TYPE_CLUSTER (DEVICE_TYPE_REF, CLUSTER_NAME, INCLUDE_CLIENT, INCLUDE_SERVER, LOCK_CLIENT, LOCK_SERVER) VALUES (?,?,?,?,?,?): 36,Identify,false,false,true,false => rowid: 596","v":1}
{"level":30,"time":1589725316805,"pid":31086,"hostname":"localhost.localdomain","msg":"Executed insert: INSERT INTO DEVICE_TYPE_CLUSTER (DEVICE_TYPE_REF, CLUSTER_NAME, INCLUDE_CLIENT, INCLUDE_SERVER, LOCK_CLIENT, LOCK_SERVER) VALUES (?,?,?,?,?,?): 36,Over the Air Bootloading,false,false,false,false => rowid: 597","v":1}
{"level":30,"time":1589725316805,"pid":31086,"hostname":"localhost.localdomain","msg":"Executed insert: INSERT INTO DEVICE_TYPE_CLUSTER (DEVICE_TYPE_REF, CLUSTER_NAME, INCLUDE_CLIENT, INCLUDE_SERVER, LOCK_CLIENT, LOCK_SERVER) VALUES (?,?,?,?,?,?): 36,Tunneling,false,false,false,false => rowid: 598","v":1}
{"level":30,"time":1589725316805,"pid":31086,"hostname":"localhost.localdomain","msg":"Executed insert: INSERT INTO DEVICE_TYPE_CLUSTER (DEVICE_TYPE_REF, CLUSTER_NAME, INCLUDE_CLIENT, INCLUDE_SERVER, LOCK_CLIENT, LOCK_SERVER) VALUES (?,?,?,?,?,?): 36,Generic Tunnel,false,false,false,false => rowid: 599","v":1}
{"level":30,"time":1589725316805,"pid":31086,"hostname":"localhost.localdomain","msg":"Executed insert: INSERT INTO DEVICE_TYPE_CLUSTER (DEVICE_TYPE_REF, CLUSTER_NAME, INCLUDE_CLIENT, INCLUDE_SERVER, LOCK_CLIENT, LOCK_SERVER) VALUES (?,?,?,?,?,?): 36,Demand Response and Load Control,false,false,false,true => rowid: 600","v":1}
{"level":30,"time":1589725316805,"pid":31086,"hostname":"localhost.localdomain","msg":"Executed insert: INSERT INTO DEVICE_TYPE_CLUSTER (DEVICE_TYPE_REF, CLUSTER_NAME, INCLUDE_CLIENT, INCLUDE_SERVER, LOCK_CLIENT, LOCK_SERVER) VALUES (?,?,?,?,?,?): 36,Time,false,false,false,true => rowid: 601","v":1}
{"level":30,"time":1589725316805,"pid":31086,"hostname":"localhost.localdomain","msg":"Executed insert: INSERT INTO DEVICE_TYPE_CLUSTER (DEVICE_TYPE_REF, CLUSTER_NAME, INCLUDE_CLIENT, INCLUDE_SERVER, LOCK_CLIENT, LOCK_SERVER) VALUES (?,?,?,?,?,?): 36,Price,false,false,false,true => rowid: 602","v":1}
{"level":30,"time":1589725316806,"pid":31086,"hostname":"localhost.localdomain","msg":"Executed insert: INSERT INTO DEVICE_TYPE_CLUSTER (DEVICE_TYPE_REF, CLUSTER_NAME, INCLUDE_CLIENT, INCLUDE_SERVER, LOCK_CLIENT, LOCK_SERVER) VALUES (?,?,?,?,?,?): 36,Simple Metering,false,false,false,true => rowid: 603","v":1}
{"level":30,"time":1589725316806,"pid":31086,"hostname":"localhost.localdomain","msg":"Executed insert: INSERT INTO DEVICE_TYPE_CLUSTER (DEVICE_TYPE_REF, CLUSTER_NAME, INCLUDE_CLIENT, INCLUDE_SERVER, LOCK_CLIENT, LOCK_SERVER) VALUES (?,?,?,?,?,?): 36,Messaging,false,false,false,true => rowid: 604","v":1}
{"level":30,"time":1589725316806,"pid":31086,"hostname":"localhost.localdomain","msg":"Executed insert: INSERT INTO DEVICE_TYPE_CLUSTER (DEVICE_TYPE_REF, CLUSTER_NAME, INCLUDE_CLIENT, INCLUDE_SERVER, LOCK_CLIENT, LOCK_SERVER) VALUES (?,?,?,?,?,?): 36,Keep-Alive,false,false,false,false => rowid: 605","v":1}
{"level":30,"time":1589725316806,"pid":31086,"hostname":"localhost.localdomain","msg":"Preparing statement: INSERT INTO DEVICE_TYPE_ATTRIBUTE (DEVICE_TYPE_CLUSTER_REF, ATTRIBUTE_NAME) VALUES (?, ?) to insert 0 records.","v":1}
{"level":30,"time":1589725316806,"pid":31086,"hostname":"localhost.localdomain","msg":"Preparing statement: INSERT INTO DEVICE_TYPE_COMMAND (DEVICE_TYPE_CLUSTER_REF, COMMAND_NAME) VALUES (?, ?) to insert 0 records.","v":1}
{"level":30,"time":1589725316807,"pid":31086,"hostname":"localhost.localdomain","msg":"Executed insert: INSERT INTO DEVICE_TYPE_CLUSTER (DEVICE_TYPE_REF, CLUSTER_NAME, INCLUDE_CLIENT, INCLUDE_SERVER, LOCK_CLIENT, LOCK_SERVER) VALUES (?,?,?,?,?,?): 42,Basic,false,true,true,true => rowid: 606","v":1}
{"level":30,"time":1589725316807,"pid":31086,"hostname":"localhost.localdomain","msg":"Executed insert: INSERT INTO DEVICE_TYPE_CLUSTER (DEVICE_TYPE_REF, CLUSTER_NAME, INCLUDE_CLIENT, INCLUDE_SERVER, LOCK_CLIENT, LOCK_SERVER) VALUES (?,?,?,?,?,?): 42,Key Establishment,true,true,true,true => rowid: 607","v":1}
{"level":30,"time":1589725316808,"pid":31086,"hostname":"localhost.localdomain","msg":"Executed insert: INSERT INTO DEVICE_TYPE_CLUSTER (DEVICE_TYPE_REF, CLUSTER_NAME, INCLUDE_CLIENT, INCLUDE_SERVER, LOCK_CLIENT, LOCK_SERVER) VALUES (?,?,?,?,?,?): 42,Power Configuration,false,false,true,false => rowid: 608","v":1}
{"level":30,"time":1589725316808,"pid":31086,"hostname":"localhost.localdomain","msg":"Executed insert: INSERT INTO DEVICE_TYPE_CLUSTER (DEVICE_TYPE_REF, CLUSTER_NAME, INCLUDE_CLIENT, INCLUDE_SERVER, LOCK_CLIENT, LOCK_SERVER) VALUES (?,?,?,?,?,?): 42,Alarms,false,false,true,false => rowid: 609","v":1}
{"level":30,"time":1589725316808,"pid":31086,"hostname":"localhost.localdomain","msg":"Executed insert: INSERT INTO DEVICE_TYPE_CLUSTER (DEVICE_TYPE_REF, CLUSTER_NAME, INCLUDE_CLIENT, INCLUDE_SERVER, LOCK_CLIENT, LOCK_SERVER) VALUES (?,?,?,?,?,?): 42,Commissioning,false,false,false,false => rowid: 610","v":1}
{"level":30,"time":1589725316808,"pid":31086,"hostname":"localhost.localdomain","msg":"Executed insert: INSERT INTO DEVICE_TYPE_CLUSTER (DEVICE_TYPE_REF, CLUSTER_NAME, INCLUDE_CLIENT, INCLUDE_SERVER, LOCK_CLIENT, LOCK_SERVER) VALUES (?,?,?,?,?,?): 42,Identify,false,false,true,false => rowid: 611","v":1}
{"level":30,"time":1589725316808,"pid":31086,"hostname":"localhost.localdomain","msg":"Executed insert: INSERT INTO DEVICE_TYPE_CLUSTER (DEVICE_TYPE_REF, CLUSTER_NAME, INCLUDE_CLIENT, INCLUDE_SERVER, LOCK_CLIENT, LOCK_SERVER) VALUES (?,?,?,?,?,?): 42,Over the Air Bootloading,false,false,false,false => rowid: 612","v":1}
{"level":30,"time":1589725316809,"pid":31086,"hostname":"localhost.localdomain","msg":"Executed insert: INSERT INTO DEVICE_TYPE_CLUSTER (DEVICE_TYPE_REF, CLUSTER_NAME, INCLUDE_CLIENT, INCLUDE_SERVER, LOCK_CLIENT, LOCK_SERVER) VALUES (?,?,?,?,?,?): 42,Tunneling,false,false,false,false => rowid: 613","v":1}
{"level":30,"time":1589725316809,"pid":31086,"hostname":"localhost.localdomain","msg":"Executed insert: INSERT INTO DEVICE_TYPE_CLUSTER (DEVICE_TYPE_REF, CLUSTER_NAME, INCLUDE_CLIENT, INCLUDE_SERVER, LOCK_CLIENT, LOCK_SERVER) VALUES (?,?,?,?,?,?): 42,Generic Tunnel,false,false,false,false => rowid: 614","v":1}
{"level":30,"time":1589725316809,"pid":31086,"hostname":"localhost.localdomain","msg":"Executed insert: INSERT INTO DEVICE_TYPE_CLUSTER (DEVICE_TYPE_REF, CLUSTER_NAME, INCLUDE_CLIENT, INCLUDE_SERVER, LOCK_CLIENT, LOCK_SERVER) VALUES (?,?,?,?,?,?): 42,Demand Response and Load Control,true,false,true,true => rowid: 615","v":1}
{"level":30,"time":1589725316809,"pid":31086,"hostname":"localhost.localdomain","msg":"Executed insert: INSERT INTO DEVICE_TYPE_CLUSTER (DEVICE_TYPE_REF, CLUSTER_NAME, INCLUDE_CLIENT, INCLUDE_SERVER, LOCK_CLIENT, LOCK_SERVER) VALUES (?,?,?,?,?,?): 42,Price,false,false,false,true => rowid: 616","v":1}
{"level":30,"time":1589725316809,"pid":31086,"hostname":"localhost.localdomain","msg":"Executed insert: INSERT INTO DEVICE_TYPE_CLUSTER (DEVICE_TYPE_REF, CLUSTER_NAME, INCLUDE_CLIENT, INCLUDE_SERVER, LOCK_CLIENT, LOCK_SERVER) VALUES (?,?,?,?,?,?): 42,Time,true,false,true,true => rowid: 617","v":1}
{"level":30,"time":1589725316809,"pid":31086,"hostname":"localhost.localdomain","msg":"Executed insert: INSERT INTO DEVICE_TYPE_CLUSTER (DEVICE_TYPE_REF, CLUSTER_NAME, INCLUDE_CLIENT, INCLUDE_SERVER, LOCK_CLIENT, LOCK_SERVER) VALUES (?,?,?,?,?,?): 42,Simple Metering,false,false,false,true => rowid: 618","v":1}
{"level":30,"time":1589725316810,"pid":31086,"hostname":"localhost.localdomain","msg":"Executed insert: INSERT INTO DEVICE_TYPE_CLUSTER (DEVICE_TYPE_REF, CLUSTER_NAME, INCLUDE_CLIENT, INCLUDE_SERVER, LOCK_CLIENT, LOCK_SERVER) VALUES (?,?,?,?,?,?): 42,Messaging,false,false,false,true => rowid: 619","v":1}
{"level":30,"time":1589725316810,"pid":31086,"hostname":"localhost.localdomain","msg":"Executed insert: INSERT INTO DEVICE_TYPE_CLUSTER (DEVICE_TYPE_REF, CLUSTER_NAME, INCLUDE_CLIENT, INCLUDE_SERVER, LOCK_CLIENT, LOCK_SERVER) VALUES (?,?,?,?,?,?): 42,Keep-Alive,false,false,false,false => rowid: 620","v":1}
{"level":30,"time":1589725316810,"pid":31086,"hostname":"localhost.localdomain","msg":"Preparing statement: INSERT INTO DEVICE_TYPE_ATTRIBUTE (DEVICE_TYPE_CLUSTER_REF, ATTRIBUTE_NAME) VALUES (?, ?) to insert 0 records.","v":1}
{"level":30,"time":1589725316810,"pid":31086,"hostname":"localhost.localdomain","msg":"Preparing statement: INSERT INTO DEVICE_TYPE_COMMAND (DEVICE_TYPE_CLUSTER_REF, COMMAND_NAME) VALUES (?, ?) to insert 0 records.","v":1}
{"level":30,"time":1589725316810,"pid":31086,"hostname":"localhost.localdomain","msg":"Executed insert: INSERT INTO DEVICE_TYPE_CLUSTER (DEVICE_TYPE_REF, CLUSTER_NAME, INCLUDE_CLIENT, INCLUDE_SERVER, LOCK_CLIENT, LOCK_SERVER) VALUES (?,?,?,?,?,?): 47,Basic,false,true,true,true => rowid: 621","v":1}
{"level":30,"time":1589725316810,"pid":31086,"hostname":"localhost.localdomain","msg":"Executed insert: INSERT INTO DEVICE_TYPE_CLUSTER (DEVICE_TYPE_REF, CLUSTER_NAME, INCLUDE_CLIENT, INCLUDE_SERVER, LOCK_CLIENT, LOCK_SERVER) VALUES (?,?,?,?,?,?): 47,Key Establishment,true,true,true,true => rowid: 622","v":1}
{"level":30,"time":1589725316810,"pid":31086,"hostname":"localhost.localdomain","msg":"Executed insert: INSERT INTO DEVICE_TYPE_CLUSTER (DEVICE_TYPE_REF, CLUSTER_NAME, INCLUDE_CLIENT, INCLUDE_SERVER, LOCK_CLIENT, LOCK_SERVER) VALUES (?,?,?,?,?,?): 47,Power Configuration,false,false,true,false => rowid: 623","v":1}
{"level":30,"time":1589725316810,"pid":31086,"hostname":"localhost.localdomain","msg":"Executed insert: INSERT INTO DEVICE_TYPE_CLUSTER (DEVICE_TYPE_REF, CLUSTER_NAME, INCLUDE_CLIENT, INCLUDE_SERVER, LOCK_CLIENT, LOCK_SERVER) VALUES (?,?,?,?,?,?): 47,Alarms,false,false,true,false => rowid: 624","v":1}
{"level":30,"time":1589725316810,"pid":31086,"hostname":"localhost.localdomain","msg":"Executed insert: INSERT INTO DEVICE_TYPE_CLUSTER (DEVICE_TYPE_REF, CLUSTER_NAME, INCLUDE_CLIENT, INCLUDE_SERVER, LOCK_CLIENT, LOCK_SERVER) VALUES (?,?,?,?,?,?): 47,Commissioning,false,false,false,false => rowid: 625","v":1}
{"level":30,"time":1589725316810,"pid":31086,"hostname":"localhost.localdomain","msg":"Executed insert: INSERT INTO DEVICE_TYPE_CLUSTER (DEVICE_TYPE_REF, CLUSTER_NAME, INCLUDE_CLIENT, INCLUDE_SERVER, LOCK_CLIENT, LOCK_SERVER) VALUES (?,?,?,?,?,?): 47,Identify,false,false,true,false => rowid: 626","v":1}
{"level":30,"time":1589725316810,"pid":31086,"hostname":"localhost.localdomain","msg":"Executed insert: INSERT INTO DEVICE_TYPE_CLUSTER (DEVICE_TYPE_REF, CLUSTER_NAME, INCLUDE_CLIENT, INCLUDE_SERVER, LOCK_CLIENT, LOCK_SERVER) VALUES (?,?,?,?,?,?): 47,Over the Air Bootloading,false,false,false,false => rowid: 627","v":1}
{"level":30,"time":1589725316810,"pid":31086,"hostname":"localhost.localdomain","msg":"Executed insert: INSERT INTO DEVICE_TYPE_CLUSTER (DEVICE_TYPE_REF, CLUSTER_NAME, INCLUDE_CLIENT, INCLUDE_SERVER, LOCK_CLIENT, LOCK_SERVER) VALUES (?,?,?,?,?,?): 47,Tunneling,false,false,false,false => rowid: 628","v":1}
{"level":30,"time":1589725316810,"pid":31086,"hostname":"localhost.localdomain","msg":"Executed insert: INSERT INTO DEVICE_TYPE_CLUSTER (DEVICE_TYPE_REF, CLUSTER_NAME, INCLUDE_CLIENT, INCLUDE_SERVER, LOCK_CLIENT, LOCK_SERVER) VALUES (?,?,?,?,?,?): 47,Generic Tunnel,false,false,false,false => rowid: 629","v":1}
{"level":30,"time":1589725316810,"pid":31086,"hostname":"localhost.localdomain","msg":"Executed insert: INSERT INTO DEVICE_TYPE_CLUSTER (DEVICE_TYPE_REF, CLUSTER_NAME, INCLUDE_CLIENT, INCLUDE_SERVER, LOCK_CLIENT, LOCK_SERVER) VALUES (?,?,?,?,?,?): 47,Demand Response and Load Control,true,false,true,true => rowid: 630","v":1}
{"level":30,"time":1589725316810,"pid":31086,"hostname":"localhost.localdomain","msg":"Executed insert: INSERT INTO DEVICE_TYPE_CLUSTER (DEVICE_TYPE_REF, CLUSTER_NAME, INCLUDE_CLIENT, INCLUDE_SERVER, LOCK_CLIENT, LOCK_SERVER) VALUES (?,?,?,?,?,?): 47,Time,true,false,true,true => rowid: 631","v":1}
{"level":30,"time":1589725316810,"pid":31086,"hostname":"localhost.localdomain","msg":"Executed insert: INSERT INTO DEVICE_TYPE_CLUSTER (DEVICE_TYPE_REF, CLUSTER_NAME, INCLUDE_CLIENT, INCLUDE_SERVER, LOCK_CLIENT, LOCK_SERVER) VALUES (?,?,?,?,?,?): 47,Price,false,false,false,true => rowid: 632","v":1}
{"level":30,"time":1589725316811,"pid":31086,"hostname":"localhost.localdomain","msg":"Executed insert: INSERT INTO DEVICE_TYPE_CLUSTER (DEVICE_TYPE_REF, CLUSTER_NAME, INCLUDE_CLIENT, INCLUDE_SERVER, LOCK_CLIENT, LOCK_SERVER) VALUES (?,?,?,?,?,?): 47,Keep-Alive,false,false,false,false => rowid: 633","v":1}
{"level":30,"time":1589725316811,"pid":31086,"hostname":"localhost.localdomain","msg":"Preparing statement: INSERT INTO DEVICE_TYPE_ATTRIBUTE (DEVICE_TYPE_CLUSTER_REF, ATTRIBUTE_NAME) VALUES (?, ?) to insert 0 records.","v":1}
{"level":30,"time":1589725316811,"pid":31086,"hostname":"localhost.localdomain","msg":"Preparing statement: INSERT INTO DEVICE_TYPE_COMMAND (DEVICE_TYPE_CLUSTER_REF, COMMAND_NAME) VALUES (?, ?) to insert 0 records.","v":1}
{"level":30,"time":1589725316811,"pid":31086,"hostname":"localhost.localdomain","msg":"Executed insert: INSERT INTO DEVICE_TYPE_CLUSTER (DEVICE_TYPE_REF, CLUSTER_NAME, INCLUDE_CLIENT, INCLUDE_SERVER, LOCK_CLIENT, LOCK_SERVER) VALUES (?,?,?,?,?,?): 52,Basic,false,true,true,true => rowid: 634","v":1}
{"level":30,"time":1589725316811,"pid":31086,"hostname":"localhost.localdomain","msg":"Executed insert: INSERT INTO DEVICE_TYPE_CLUSTER (DEVICE_TYPE_REF, CLUSTER_NAME, INCLUDE_CLIENT, INCLUDE_SERVER, LOCK_CLIENT, LOCK_SERVER) VALUES (?,?,?,?,?,?): 52,Key Establishment,true,true,true,true => rowid: 635","v":1}
{"level":30,"time":1589725316812,"pid":31086,"hostname":"localhost.localdomain","msg":"Executed insert: INSERT INTO DEVICE_TYPE_CLUSTER (DEVICE_TYPE_REF, CLUSTER_NAME, INCLUDE_CLIENT, INCLUDE_SERVER, LOCK_CLIENT, LOCK_SERVER) VALUES (?,?,?,?,?,?): 52,Power Configuration,false,false,true,false => rowid: 636","v":1}
{"level":30,"time":1589725316812,"pid":31086,"hostname":"localhost.localdomain","msg":"Executed insert: INSERT INTO DEVICE_TYPE_CLUSTER (DEVICE_TYPE_REF, CLUSTER_NAME, INCLUDE_CLIENT, INCLUDE_SERVER, LOCK_CLIENT, LOCK_SERVER) VALUES (?,?,?,?,?,?): 52,Alarms,false,false,true,false => rowid: 637","v":1}
{"level":30,"time":1589725316812,"pid":31086,"hostname":"localhost.localdomain","msg":"Executed insert: INSERT INTO DEVICE_TYPE_CLUSTER (DEVICE_TYPE_REF, CLUSTER_NAME, INCLUDE_CLIENT, INCLUDE_SERVER, LOCK_CLIENT, LOCK_SERVER) VALUES (?,?,?,?,?,?): 52,Commissioning,false,false,false,false => rowid: 638","v":1}
{"level":30,"time":1589725316812,"pid":31086,"hostname":"localhost.localdomain","msg":"Executed insert: INSERT INTO DEVICE_TYPE_CLUSTER (DEVICE_TYPE_REF, CLUSTER_NAME, INCLUDE_CLIENT, INCLUDE_SERVER, LOCK_CLIENT, LOCK_SERVER) VALUES (?,?,?,?,?,?): 52,Identify,false,false,true,false => rowid: 639","v":1}
{"level":30,"time":1589725316812,"pid":31086,"hostname":"localhost.localdomain","msg":"Executed insert: INSERT INTO DEVICE_TYPE_CLUSTER (DEVICE_TYPE_REF, CLUSTER_NAME, INCLUDE_CLIENT, INCLUDE_SERVER, LOCK_CLIENT, LOCK_SERVER) VALUES (?,?,?,?,?,?): 52,Over the Air Bootloading,false,false,false,false => rowid: 640","v":1}
{"level":30,"time":1589725316812,"pid":31086,"hostname":"localhost.localdomain","msg":"Executed insert: INSERT INTO DEVICE_TYPE_CLUSTER (DEVICE_TYPE_REF, CLUSTER_NAME, INCLUDE_CLIENT, INCLUDE_SERVER, LOCK_CLIENT, LOCK_SERVER) VALUES (?,?,?,?,?,?): 52,Tunneling,false,false,false,false => rowid: 641","v":1}
{"level":30,"time":1589725316812,"pid":31086,"hostname":"localhost.localdomain","msg":"Executed insert: INSERT INTO DEVICE_TYPE_CLUSTER (DEVICE_TYPE_REF, CLUSTER_NAME, INCLUDE_CLIENT, INCLUDE_SERVER, LOCK_CLIENT, LOCK_SERVER) VALUES (?,?,?,?,?,?): 52,Generic Tunnel,false,false,false,false => rowid: 642","v":1}
{"level":30,"time":1589725316812,"pid":31086,"hostname":"localhost.localdomain","msg":"Executed insert: INSERT INTO DEVICE_TYPE_CLUSTER (DEVICE_TYPE_REF, CLUSTER_NAME, INCLUDE_CLIENT, INCLUDE_SERVER, LOCK_CLIENT, LOCK_SERVER) VALUES (?,?,?,?,?,?): 52,Time,true,false,true,true => rowid: 643","v":1}
{"level":30,"time":1589725316813,"pid":31086,"hostname":"localhost.localdomain","msg":"Executed insert: INSERT INTO DEVICE_TYPE_CLUSTER (DEVICE_TYPE_REF, CLUSTER_NAME, INCLUDE_CLIENT, INCLUDE_SERVER, LOCK_CLIENT, LOCK_SERVER) VALUES (?,?,?,?,?,?): 52,Demand Response and Load Control,false,false,false,true => rowid: 644","v":1}
{"level":30,"time":1589725316813,"pid":31086,"hostname":"localhost.localdomain","msg":"Executed insert: INSERT INTO DEVICE_TYPE_CLUSTER (DEVICE_TYPE_REF, CLUSTER_NAME, INCLUDE_CLIENT, INCLUDE_SERVER, LOCK_CLIENT, LOCK_SERVER) VALUES (?,?,?,?,?,?): 52,Messaging,false,false,false,true => rowid: 645","v":1}
{"level":30,"time":1589725316813,"pid":31086,"hostname":"localhost.localdomain","msg":"Executed insert: INSERT INTO DEVICE_TYPE_CLUSTER (DEVICE_TYPE_REF, CLUSTER_NAME, INCLUDE_CLIENT, INCLUDE_SERVER, LOCK_CLIENT, LOCK_SERVER) VALUES (?,?,?,?,?,?): 52,Price,true,false,true,true => rowid: 646","v":1}
{"level":30,"time":1589725316813,"pid":31086,"hostname":"localhost.localdomain","msg":"Executed insert: INSERT INTO DEVICE_TYPE_CLUSTER (DEVICE_TYPE_REF, CLUSTER_NAME, INCLUDE_CLIENT, INCLUDE_SERVER, LOCK_CLIENT, LOCK_SERVER) VALUES (?,?,?,?,?,?): 52,Keep-Alive,false,false,false,false => rowid: 647","v":1}
{"level":30,"time":1589725316813,"pid":31086,"hostname":"localhost.localdomain","msg":"Preparing statement: INSERT INTO DEVICE_TYPE_ATTRIBUTE (DEVICE_TYPE_CLUSTER_REF, ATTRIBUTE_NAME) VALUES (?, ?) to insert 0 records.","v":1}
{"level":30,"time":1589725316813,"pid":31086,"hostname":"localhost.localdomain","msg":"Preparing statement: INSERT INTO DEVICE_TYPE_COMMAND (DEVICE_TYPE_CLUSTER_REF, COMMAND_NAME) VALUES (?, ?) to insert 0 records.","v":1}
{"level":30,"time":1589725316813,"pid":31086,"hostname":"localhost.localdomain","msg":"Executed insert: INSERT INTO DEVICE_TYPE_CLUSTER (DEVICE_TYPE_REF, CLUSTER_NAME, INCLUDE_CLIENT, INCLUDE_SERVER, LOCK_CLIENT, LOCK_SERVER) VALUES (?,?,?,?,?,?): 57,Basic,false,true,true,true => rowid: 648","v":1}
{"level":30,"time":1589725316813,"pid":31086,"hostname":"localhost.localdomain","msg":"Executed insert: INSERT INTO DEVICE_TYPE_CLUSTER (DEVICE_TYPE_REF, CLUSTER_NAME, INCLUDE_CLIENT, INCLUDE_SERVER, LOCK_CLIENT, LOCK_SERVER) VALUES (?,?,?,?,?,?): 57,Key Establishment,true,true,true,true => rowid: 649","v":1}
{"level":30,"time":1589725316813,"pid":31086,"hostname":"localhost.localdomain","msg":"Executed insert: INSERT INTO DEVICE_TYPE_CLUSTER (DEVICE_TYPE_REF, CLUSTER_NAME, INCLUDE_CLIENT, INCLUDE_SERVER, LOCK_CLIENT, LOCK_SERVER) VALUES (?,?,?,?,?,?): 57,Power Configuration,false,false,true,false => rowid: 650","v":1}
{"level":30,"time":1589725316813,"pid":31086,"hostname":"localhost.localdomain","msg":"Executed insert: INSERT INTO DEVICE_TYPE_CLUSTER (DEVICE_TYPE_REF, CLUSTER_NAME, INCLUDE_CLIENT, INCLUDE_SERVER, LOCK_CLIENT, LOCK_SERVER) VALUES (?,?,?,?,?,?): 57,Alarms,false,false,true,false => rowid: 651","v":1}
{"level":30,"time":1589725316813,"pid":31086,"hostname":"localhost.localdomain","msg":"Executed insert: INSERT INTO DEVICE_TYPE_CLUSTER (DEVICE_TYPE_REF, CLUSTER_NAME, INCLUDE_CLIENT, INCLUDE_SERVER, LOCK_CLIENT, LOCK_SERVER) VALUES (?,?,?,?,?,?): 57,Commissioning,false,false,false,false => rowid: 652","v":1}
{"level":30,"time":1589725316813,"pid":31086,"hostname":"localhost.localdomain","msg":"Executed insert: INSERT INTO DEVICE_TYPE_CLUSTER (DEVICE_TYPE_REF, CLUSTER_NAME, INCLUDE_CLIENT, INCLUDE_SERVER, LOCK_CLIENT, LOCK_SERVER) VALUES (?,?,?,?,?,?): 57,Identify,false,false,true,false => rowid: 653","v":1}
{"level":30,"time":1589725316813,"pid":31086,"hostname":"localhost.localdomain","msg":"Executed insert: INSERT INTO DEVICE_TYPE_CLUSTER (DEVICE_TYPE_REF, CLUSTER_NAME, INCLUDE_CLIENT, INCLUDE_SERVER, LOCK_CLIENT, LOCK_SERVER) VALUES (?,?,?,?,?,?): 57,Over the Air Bootloading,false,false,false,false => rowid: 654","v":1}
{"level":30,"time":1589725316813,"pid":31086,"hostname":"localhost.localdomain","msg":"Executed insert: INSERT INTO DEVICE_TYPE_CLUSTER (DEVICE_TYPE_REF, CLUSTER_NAME, INCLUDE_CLIENT, INCLUDE_SERVER, LOCK_CLIENT, LOCK_SERVER) VALUES (?,?,?,?,?,?): 57,Tunneling,false,false,false,false => rowid: 655","v":1}
{"level":30,"time":1589725316813,"pid":31086,"hostname":"localhost.localdomain","msg":"Executed insert: INSERT INTO DEVICE_TYPE_CLUSTER (DEVICE_TYPE_REF, CLUSTER_NAME, INCLUDE_CLIENT, INCLUDE_SERVER, LOCK_CLIENT, LOCK_SERVER) VALUES (?,?,?,?,?,?): 57,Generic Tunnel,false,false,false,false => rowid: 656","v":1}
{"level":30,"time":1589725316813,"pid":31086,"hostname":"localhost.localdomain","msg":"Executed insert: INSERT INTO DEVICE_TYPE_CLUSTER (DEVICE_TYPE_REF, CLUSTER_NAME, INCLUDE_CLIENT, INCLUDE_SERVER, LOCK_CLIENT, LOCK_SERVER) VALUES (?,?,?,?,?,?): 57,Price,true,false,true,true => rowid: 657","v":1}
{"level":30,"time":1589725316813,"pid":31086,"hostname":"localhost.localdomain","msg":"Executed insert: INSERT INTO DEVICE_TYPE_CLUSTER (DEVICE_TYPE_REF, CLUSTER_NAME, INCLUDE_CLIENT, INCLUDE_SERVER, LOCK_CLIENT, LOCK_SERVER) VALUES (?,?,?,?,?,?): 57,Time,true,false,true,true => rowid: 658","v":1}
{"level":30,"time":1589725316813,"pid":31086,"hostname":"localhost.localdomain","msg":"Executed insert: INSERT INTO DEVICE_TYPE_CLUSTER (DEVICE_TYPE_REF, CLUSTER_NAME, INCLUDE_CLIENT, INCLUDE_SERVER, LOCK_CLIENT, LOCK_SERVER) VALUES (?,?,?,?,?,?): 57,Prepayment,true,true,true,true => rowid: 659","v":1}
{"level":30,"time":1589725316813,"pid":31086,"hostname":"localhost.localdomain","msg":"Executed insert: INSERT INTO DEVICE_TYPE_CLUSTER (DEVICE_TYPE_REF, CLUSTER_NAME, INCLUDE_CLIENT, INCLUDE_SERVER, LOCK_CLIENT, LOCK_SERVER) VALUES (?,?,?,?,?,?): 57,Demand Response and Load Control,false,false,false,true => rowid: 660","v":1}
{"level":30,"time":1589725316813,"pid":31086,"hostname":"localhost.localdomain","msg":"Executed insert: INSERT INTO DEVICE_TYPE_CLUSTER (DEVICE_TYPE_REF, CLUSTER_NAME, INCLUDE_CLIENT, INCLUDE_SERVER, LOCK_CLIENT, LOCK_SERVER) VALUES (?,?,?,?,?,?): 57,Simple Metering,false,false,false,true => rowid: 661","v":1}
{"level":30,"time":1589725316814,"pid":31086,"hostname":"localhost.localdomain","msg":"Executed insert: INSERT INTO DEVICE_TYPE_CLUSTER (DEVICE_TYPE_REF, CLUSTER_NAME, INCLUDE_CLIENT, INCLUDE_SERVER, LOCK_CLIENT, LOCK_SERVER) VALUES (?,?,?,?,?,?): 57,Calendar,false,false,false,true => rowid: 662","v":1}
{"level":30,"time":1589725316814,"pid":31086,"hostname":"localhost.localdomain","msg":"Executed insert: INSERT INTO DEVICE_TYPE_CLUSTER (DEVICE_TYPE_REF, CLUSTER_NAME, INCLUDE_CLIENT, INCLUDE_SERVER, LOCK_CLIENT, LOCK_SERVER) VALUES (?,?,?,?,?,?): 57,Device Management,false,false,false,true => rowid: 663","v":1}
{"level":30,"time":1589725316814,"pid":31086,"hostname":"localhost.localdomain","msg":"Executed insert: INSERT INTO DEVICE_TYPE_CLUSTER (DEVICE_TYPE_REF, CLUSTER_NAME, INCLUDE_CLIENT, INCLUDE_SERVER, LOCK_CLIENT, LOCK_SERVER) VALUES (?,?,?,?,?,?): 57,Messaging,false,false,false,true => rowid: 664","v":1}
{"level":30,"time":1589725316814,"pid":31086,"hostname":"localhost.localdomain","msg":"Executed insert: INSERT INTO DEVICE_TYPE_CLUSTER (DEVICE_TYPE_REF, CLUSTER_NAME, INCLUDE_CLIENT, INCLUDE_SERVER, LOCK_CLIENT, LOCK_SERVER) VALUES (?,?,?,?,?,?): 57,Events,false,false,true,false => rowid: 665","v":1}
{"level":30,"time":1589725316814,"pid":31086,"hostname":"localhost.localdomain","msg":"Executed insert: INSERT INTO DEVICE_TYPE_CLUSTER (DEVICE_TYPE_REF, CLUSTER_NAME, INCLUDE_CLIENT, INCLUDE_SERVER, LOCK_CLIENT, LOCK_SERVER) VALUES (?,?,?,?,?,?): 57,Keep-Alive,false,false,false,false => rowid: 666","v":1}
{"level":30,"time":1589725316814,"pid":31086,"hostname":"localhost.localdomain","msg":"Preparing statement: INSERT INTO DEVICE_TYPE_ATTRIBUTE (DEVICE_TYPE_CLUSTER_REF, ATTRIBUTE_NAME) VALUES (?, ?) to insert 0 records.","v":1}
{"level":30,"time":1589725316814,"pid":31086,"hostname":"localhost.localdomain","msg":"Preparing statement: INSERT INTO DEVICE_TYPE_COMMAND (DEVICE_TYPE_CLUSTER_REF, COMMAND_NAME) VALUES (?, ?) to insert 0 records.","v":1}
{"level":30,"time":1589725316814,"pid":31086,"hostname":"localhost.localdomain","msg":"Executed insert: INSERT INTO DEVICE_TYPE_CLUSTER (DEVICE_TYPE_REF, CLUSTER_NAME, INCLUDE_CLIENT, INCLUDE_SERVER, LOCK_CLIENT, LOCK_SERVER) VALUES (?,?,?,?,?,?): 62,Basic,false,true,true,true => rowid: 667","v":1}
{"level":30,"time":1589725316814,"pid":31086,"hostname":"localhost.localdomain","msg":"Executed insert: INSERT INTO DEVICE_TYPE_CLUSTER (DEVICE_TYPE_REF, CLUSTER_NAME, INCLUDE_CLIENT, INCLUDE_SERVER, LOCK_CLIENT, LOCK_SERVER) VALUES (?,?,?,?,?,?): 62,Key Establishment,true,true,true,true => rowid: 668","v":1}
{"level":30,"time":1589725316814,"pid":31086,"hostname":"localhost.localdomain","msg":"Executed insert: INSERT INTO DEVICE_TYPE_CLUSTER (DEVICE_TYPE_REF, CLUSTER_NAME, INCLUDE_CLIENT, INCLUDE_SERVER, LOCK_CLIENT, LOCK_SERVER) VALUES (?,?,?,?,?,?): 62,Power Configuration,false,false,true,false => rowid: 669","v":1}
{"level":30,"time":1589725316814,"pid":31086,"hostname":"localhost.localdomain","msg":"Executed insert: INSERT INTO DEVICE_TYPE_CLUSTER (DEVICE_TYPE_REF, CLUSTER_NAME, INCLUDE_CLIENT, INCLUDE_SERVER, LOCK_CLIENT, LOCK_SERVER) VALUES (?,?,?,?,?,?): 62,Commissioning,false,false,false,false => rowid: 670","v":1}
{"level":30,"time":1589725316814,"pid":31086,"hostname":"localhost.localdomain","msg":"Executed insert: INSERT INTO DEVICE_TYPE_CLUSTER (DEVICE_TYPE_REF, CLUSTER_NAME, INCLUDE_CLIENT, INCLUDE_SERVER, LOCK_CLIENT, LOCK_SERVER) VALUES (?,?,?,?,?,?): 62,Identify,false,false,true,false => rowid: 671","v":1}
{"level":30,"time":1589725316814,"pid":31086,"hostname":"localhost.localdomain","msg":"Executed insert: INSERT INTO DEVICE_TYPE_CLUSTER (DEVICE_TYPE_REF, CLUSTER_NAME, INCLUDE_CLIENT, INCLUDE_SERVER, LOCK_CLIENT, LOCK_SERVER) VALUES (?,?,?,?,?,?): 62,Over the Air Bootloading,false,false,false,false => rowid: 672","v":1}
{"level":30,"time":1589725316814,"pid":31086,"hostname":"localhost.localdomain","msg":"Executed insert: INSERT INTO DEVICE_TYPE_CLUSTER (DEVICE_TYPE_REF, CLUSTER_NAME, INCLUDE_CLIENT, INCLUDE_SERVER, LOCK_CLIENT, LOCK_SERVER) VALUES (?,?,?,?,?,?): 62,Events,false,false,true,false => rowid: 673","v":1}
{"level":30,"time":1589725316814,"pid":31086,"hostname":"localhost.localdomain","msg":"Preparing statement: INSERT INTO DEVICE_TYPE_ATTRIBUTE (DEVICE_TYPE_CLUSTER_REF, ATTRIBUTE_NAME) VALUES (?, ?) to insert 0 records.","v":1}
{"level":30,"time":1589725316814,"pid":31086,"hostname":"localhost.localdomain","msg":"Preparing statement: INSERT INTO DEVICE_TYPE_COMMAND (DEVICE_TYPE_CLUSTER_REF, COMMAND_NAME) VALUES (?, ?) to insert 0 records.","v":1}
{"level":30,"time":1589725316814,"pid":31086,"hostname":"localhost.localdomain","msg":"Executed insert: INSERT INTO DEVICE_TYPE_CLUSTER (DEVICE_TYPE_REF, CLUSTER_NAME, INCLUDE_CLIENT, INCLUDE_SERVER, LOCK_CLIENT, LOCK_SERVER) VALUES (?,?,?,?,?,?): 67,Basic,false,true,true,true => rowid: 674","v":1}
{"level":30,"time":1589725316815,"pid":31086,"hostname":"localhost.localdomain","msg":"Executed insert: INSERT INTO DEVICE_TYPE_CLUSTER (DEVICE_TYPE_REF, CLUSTER_NAME, INCLUDE_CLIENT, INCLUDE_SERVER, LOCK_CLIENT, LOCK_SERVER) VALUES (?,?,?,?,?,?): 67,Key Establishment,true,true,true,true => rowid: 675","v":1}
{"level":30,"time":1589725316815,"pid":31086,"hostname":"localhost.localdomain","msg":"Executed insert: INSERT INTO DEVICE_TYPE_CLUSTER (DEVICE_TYPE_REF, CLUSTER_NAME, INCLUDE_CLIENT, INCLUDE_SERVER, LOCK_CLIENT, LOCK_SERVER) VALUES (?,?,?,?,?,?): 67,Power Configuration,false,false,true,false => rowid: 676","v":1}
{"level":30,"time":1589725316815,"pid":31086,"hostname":"localhost.localdomain","msg":"Executed insert: INSERT INTO DEVICE_TYPE_CLUSTER (DEVICE_TYPE_REF, CLUSTER_NAME, INCLUDE_CLIENT, INCLUDE_SERVER, LOCK_CLIENT, LOCK_SERVER) VALUES (?,?,?,?,?,?): 67,Commissioning,false,false,false,false => rowid: 677","v":1}
{"level":30,"time":1589725316815,"pid":31086,"hostname":"localhost.localdomain","msg":"Executed insert: INSERT INTO DEVICE_TYPE_CLUSTER (DEVICE_TYPE_REF, CLUSTER_NAME, INCLUDE_CLIENT, INCLUDE_SERVER, LOCK_CLIENT, LOCK_SERVER) VALUES (?,?,?,?,?,?): 67,Identify,false,false,true,false => rowid: 678","v":1}
{"level":30,"time":1589725316815,"pid":31086,"hostname":"localhost.localdomain","msg":"Executed insert: INSERT INTO DEVICE_TYPE_CLUSTER (DEVICE_TYPE_REF, CLUSTER_NAME, INCLUDE_CLIENT, INCLUDE_SERVER, LOCK_CLIENT, LOCK_SERVER) VALUES (?,?,?,?,?,?): 67,Events,false,false,false,false => rowid: 679","v":1}
{"level":30,"time":1589725316815,"pid":31086,"hostname":"localhost.localdomain","msg":"Executed insert: INSERT INTO DEVICE_TYPE_CLUSTER (DEVICE_TYPE_REF, CLUSTER_NAME, INCLUDE_CLIENT, INCLUDE_SERVER, LOCK_CLIENT, LOCK_SERVER) VALUES (?,?,?,?,?,?): 67,Over the Air Bootloading,false,false,false,false => rowid: 680","v":1}
{"level":30,"time":1589725316815,"pid":31086,"hostname":"localhost.localdomain","msg":"Executed insert: INSERT INTO DEVICE_TYPE_CLUSTER (DEVICE_TYPE_REF, CLUSTER_NAME, INCLUDE_CLIENT, INCLUDE_SERVER, LOCK_CLIENT, LOCK_SERVER) VALUES (?,?,?,?,?,?): 67,Messaging,false,true,true,true => rowid: 681","v":1}
{"level":30,"time":1589725316815,"pid":31086,"hostname":"localhost.localdomain","msg":"Executed insert: INSERT INTO DEVICE_TYPE_CLUSTER (DEVICE_TYPE_REF, CLUSTER_NAME, INCLUDE_CLIENT, INCLUDE_SERVER, LOCK_CLIENT, LOCK_SERVER) VALUES (?,?,?,?,?,?): 67,Demand Response and Load Control,false,true,true,true => rowid: 682","v":1}
{"level":30,"time":1589725316815,"pid":31086,"hostname":"localhost.localdomain","msg":"Executed insert: INSERT INTO DEVICE_TYPE_CLUSTER (DEVICE_TYPE_REF, CLUSTER_NAME, INCLUDE_CLIENT, INCLUDE_SERVER, LOCK_CLIENT, LOCK_SERVER) VALUES (?,?,?,?,?,?): 11,Alarms,false,false,true,false => rowid: 683","v":1}
{"level":30,"time":1589725316815,"pid":31086,"hostname":"localhost.localdomain","msg":"Executed insert: INSERT INTO DEVICE_TYPE_CLUSTER (DEVICE_TYPE_REF, CLUSTER_NAME, INCLUDE_CLIENT, INCLUDE_SERVER, LOCK_CLIENT, LOCK_SERVER) VALUES (?,?,?,?,?,?): 67,Time,false,true,false,true => rowid: 684","v":1}
{"level":30,"time":1589725316815,"pid":31086,"hostname":"localhost.localdomain","msg":"Executed insert: INSERT INTO DEVICE_TYPE_CLUSTER (DEVICE_TYPE_REF, CLUSTER_NAME, INCLUDE_CLIENT, INCLUDE_SERVER, LOCK_CLIENT, LOCK_SERVER) VALUES (?,?,?,?,?,?): 67,Prepayment,false,false,false,false => rowid: 685","v":1}
{"level":30,"time":1589725316815,"pid":31086,"hostname":"localhost.localdomain","msg":"Executed insert: INSERT INTO DEVICE_TYPE_CLUSTER (DEVICE_TYPE_REF, CLUSTER_NAME, INCLUDE_CLIENT, INCLUDE_SERVER, LOCK_CLIENT, LOCK_SERVER) VALUES (?,?,?,?,?,?): 67,Device Management,false,false,false,false => rowid: 686","v":1}
{"level":30,"time":1589725316815,"pid":31086,"hostname":"localhost.localdomain","msg":"Executed insert: INSERT INTO DEVICE_TYPE_CLUSTER (DEVICE_TYPE_REF, CLUSTER_NAME, INCLUDE_CLIENT, INCLUDE_SERVER, LOCK_CLIENT, LOCK_SERVER) VALUES (?,?,?,?,?,?): 67,Alarms,false,false,true,false => rowid: 687","v":1}
{"level":30,"time":1589725316815,"pid":31086,"hostname":"localhost.localdomain","msg":"Executed insert: INSERT INTO DEVICE_TYPE_CLUSTER (DEVICE_TYPE_REF, CLUSTER_NAME, INCLUDE_CLIENT, INCLUDE_SERVER, LOCK_CLIENT, LOCK_SERVER) VALUES (?,?,?,?,?,?): 67,Simple Metering,false,false,false,false => rowid: 688","v":1}
{"level":30,"time":1589725316815,"pid":31086,"hostname":"localhost.localdomain","msg":"Executed insert: INSERT INTO DEVICE_TYPE_CLUSTER (DEVICE_TYPE_REF, CLUSTER_NAME, INCLUDE_CLIENT, INCLUDE_SERVER, LOCK_CLIENT, LOCK_SERVER) VALUES (?,?,?,?,?,?): 67,Tunneling,false,false,false,false => rowid: 689","v":1}
{"level":30,"time":1589725316815,"pid":31086,"hostname":"localhost.localdomain","msg":"Executed insert: INSERT INTO DEVICE_TYPE_CLUSTER (DEVICE_TYPE_REF, CLUSTER_NAME, INCLUDE_CLIENT, INCLUDE_SERVER, LOCK_CLIENT, LOCK_SERVER) VALUES (?,?,?,?,?,?): 67,Keep-Alive,false,false,false,false => rowid: 690","v":1}
{"level":30,"time":1589725316815,"pid":31086,"hostname":"localhost.localdomain","msg":"Executed insert: INSERT INTO DEVICE_TYPE_CLUSTER (DEVICE_TYPE_REF, CLUSTER_NAME, INCLUDE_CLIENT, INCLUDE_SERVER, LOCK_CLIENT, LOCK_SERVER) VALUES (?,?,?,?,?,?): 67,Energy Management,false,false,false,true => rowid: 691","v":1}
{"level":30,"time":1589725316815,"pid":31086,"hostname":"localhost.localdomain","msg":"Executed insert: INSERT INTO DEVICE_TYPE_CLUSTER (DEVICE_TYPE_REF, CLUSTER_NAME, INCLUDE_CLIENT, INCLUDE_SERVER, LOCK_CLIENT, LOCK_SERVER) VALUES (?,?,?,?,?,?): 67,MDU Pairing,false,false,false,false => rowid: 692","v":1}
{"level":30,"time":1589725316815,"pid":31086,"hostname":"localhost.localdomain","msg":"Executed insert: INSERT INTO DEVICE_TYPE_CLUSTER (DEVICE_TYPE_REF, CLUSTER_NAME, INCLUDE_CLIENT, INCLUDE_SERVER, LOCK_CLIENT, LOCK_SERVER) VALUES (?,?,?,?,?,?): 67,Calendar,false,false,true,false => rowid: 693","v":1}
{"level":30,"time":1589725316815,"pid":31086,"hostname":"localhost.localdomain","msg":"Executed insert: INSERT INTO DEVICE_TYPE_CLUSTER (DEVICE_TYPE_REF, CLUSTER_NAME, INCLUDE_CLIENT, INCLUDE_SERVER, LOCK_CLIENT, LOCK_SERVER) VALUES (?,?,?,?,?,?): 72,Basic,false,true,true,true => rowid: 694","v":1}
{"level":30,"time":1589725316815,"pid":31086,"hostname":"localhost.localdomain","msg":"Executed insert: INSERT INTO DEVICE_TYPE_CLUSTER (DEVICE_TYPE_REF, CLUSTER_NAME, INCLUDE_CLIENT, INCLUDE_SERVER, LOCK_CLIENT, LOCK_SERVER) VALUES (?,?,?,?,?,?): 72,Commissioning,false,false,false,false => rowid: 695","v":1}
{"level":30,"time":1589725316815,"pid":31086,"hostname":"localhost.localdomain","msg":"Executed insert: INSERT INTO DEVICE_TYPE_CLUSTER (DEVICE_TYPE_REF, CLUSTER_NAME, INCLUDE_CLIENT, INCLUDE_SERVER, LOCK_CLIENT, LOCK_SERVER) VALUES (?,?,?,?,?,?): 72,Power Configuration,false,false,true,false => rowid: 696","v":1}
{"level":30,"time":1589725316815,"pid":31086,"hostname":"localhost.localdomain","msg":"Executed insert: INSERT INTO DEVICE_TYPE_CLUSTER (DEVICE_TYPE_REF, CLUSTER_NAME, INCLUDE_CLIENT, INCLUDE_SERVER, LOCK_CLIENT, LOCK_SERVER) VALUES (?,?,?,?,?,?): 72,Over the Air Bootloading,false,false,false,false => rowid: 697","v":1}
{"level":30,"time":1589725316815,"pid":31086,"hostname":"localhost.localdomain","msg":"Executed insert: INSERT INTO DEVICE_TYPE_CLUSTER (DEVICE_TYPE_REF, CLUSTER_NAME, INCLUDE_CLIENT, INCLUDE_SERVER, LOCK_CLIENT, LOCK_SERVER) VALUES (?,?,?,?,?,?): 72,Identify,false,false,true,false => rowid: 698","v":1}
{"level":30,"time":1589725316815,"pid":31086,"hostname":"localhost.localdomain","msg":"Executed insert: INSERT INTO DEVICE_TYPE_CLUSTER (DEVICE_TYPE_REF, CLUSTER_NAME, INCLUDE_CLIENT, INCLUDE_SERVER, LOCK_CLIENT, LOCK_SERVER) VALUES (?,?,?,?,?,?): 72,Events,false,false,true,false => rowid: 699","v":1}
{"level":30,"time":1589725316815,"pid":31086,"hostname":"localhost.localdomain","msg":"Executed insert: INSERT INTO DEVICE_TYPE_CLUSTER (DEVICE_TYPE_REF, CLUSTER_NAME, INCLUDE_CLIENT, INCLUDE_SERVER, LOCK_CLIENT, LOCK_SERVER) VALUES (?,?,?,?,?,?): 72,Prepayment,false,false,true,false => rowid: 700","v":1}
{"level":30,"time":1589725316815,"pid":31086,"hostname":"localhost.localdomain","msg":"Executed insert: INSERT INTO DEVICE_TYPE_CLUSTER (DEVICE_TYPE_REF, CLUSTER_NAME, INCLUDE_CLIENT, INCLUDE_SERVER, LOCK_CLIENT, LOCK_SERVER) VALUES (?,?,?,?,?,?): 72,Price,false,false,false,true => rowid: 701","v":1}
{"level":30,"time":1589725316815,"pid":31086,"hostname":"localhost.localdomain","msg":"Executed insert: INSERT INTO DEVICE_TYPE_CLUSTER (DEVICE_TYPE_REF, CLUSTER_NAME, INCLUDE_CLIENT, INCLUDE_SERVER, LOCK_CLIENT, LOCK_SERVER) VALUES (?,?,?,?,?,?): 72,Calendar,false,false,false,true => rowid: 702","v":1}
{"level":30,"time":1589725316815,"pid":31086,"hostname":"localhost.localdomain","msg":"Executed insert: INSERT INTO DEVICE_TYPE_CLUSTER (DEVICE_TYPE_REF, CLUSTER_NAME, INCLUDE_CLIENT, INCLUDE_SERVER, LOCK_CLIENT, LOCK_SERVER) VALUES (?,?,?,?,?,?): 72,Messaging,false,false,false,true => rowid: 703","v":1}
{"level":30,"time":1589725316815,"pid":31086,"hostname":"localhost.localdomain","msg":"Executed insert: INSERT INTO DEVICE_TYPE_CLUSTER (DEVICE_TYPE_REF, CLUSTER_NAME, INCLUDE_CLIENT, INCLUDE_SERVER, LOCK_CLIENT, LOCK_SERVER) VALUES (?,?,?,?,?,?): 67,Price,false,true,false,true => rowid: 704","v":1}
{"level":30,"time":1589725316815,"pid":31086,"hostname":"localhost.localdomain","msg":"Preparing statement: INSERT INTO DEVICE_TYPE_ATTRIBUTE (DEVICE_TYPE_CLUSTER_REF, ATTRIBUTE_NAME) VALUES (?, ?) to insert 0 records.","v":1}
{"level":30,"time":1589725316815,"pid":31086,"hostname":"localhost.localdomain","msg":"Preparing statement: INSERT INTO DEVICE_TYPE_COMMAND (DEVICE_TYPE_CLUSTER_REF, COMMAND_NAME) VALUES (?, ?) to insert 0 records.","v":1}
{"level":30,"time":1589725316816,"pid":31086,"hostname":"localhost.localdomain","msg":"Executed insert: INSERT INTO DEVICE_TYPE_CLUSTER (DEVICE_TYPE_REF, CLUSTER_NAME, INCLUDE_CLIENT, INCLUDE_SERVER, LOCK_CLIENT, LOCK_SERVER) VALUES (?,?,?,?,?,?): 72,MDU Pairing,false,false,false,true => rowid: 705","v":1}
{"level":30,"time":1589725316816,"pid":31086,"hostname":"localhost.localdomain","msg":"Executed insert: INSERT INTO DEVICE_TYPE_CLUSTER (DEVICE_TYPE_REF, CLUSTER_NAME, INCLUDE_CLIENT, INCLUDE_SERVER, LOCK_CLIENT, LOCK_SERVER) VALUES (?,?,?,?,?,?): 72,Alarms,false,false,true,false => rowid: 706","v":1}
{"level":30,"time":1589725316816,"pid":31086,"hostname":"localhost.localdomain","msg":"Executed insert: INSERT INTO DEVICE_TYPE_CLUSTER (DEVICE_TYPE_REF, CLUSTER_NAME, INCLUDE_CLIENT, INCLUDE_SERVER, LOCK_CLIENT, LOCK_SERVER) VALUES (?,?,?,?,?,?): 72,Tunneling,false,false,false,false => rowid: 707","v":1}
{"level":30,"time":1589725316816,"pid":31086,"hostname":"localhost.localdomain","msg":"Executed insert: INSERT INTO DEVICE_TYPE_CLUSTER (DEVICE_TYPE_REF, CLUSTER_NAME, INCLUDE_CLIENT, INCLUDE_SERVER, LOCK_CLIENT, LOCK_SERVER) VALUES (?,?,?,?,?,?): 72,Keep-Alive,false,false,false,false => rowid: 708","v":1}
{"level":30,"time":1589725316816,"pid":31086,"hostname":"localhost.localdomain","msg":"Executed insert: INSERT INTO DEVICE_TYPE_CLUSTER (DEVICE_TYPE_REF, CLUSTER_NAME, INCLUDE_CLIENT, INCLUDE_SERVER, LOCK_CLIENT, LOCK_SERVER) VALUES (?,?,?,?,?,?): 72,Key Establishment,true,true,true,true => rowid: 709","v":1}
{"level":30,"time":1589725316816,"pid":31086,"hostname":"localhost.localdomain","msg":"Executed insert: INSERT INTO DEVICE_TYPE_CLUSTER (DEVICE_TYPE_REF, CLUSTER_NAME, INCLUDE_CLIENT, INCLUDE_SERVER, LOCK_CLIENT, LOCK_SERVER) VALUES (?,?,?,?,?,?): 72,Simple Metering,false,true,true,true => rowid: 710","v":1}
{"level":30,"time":1589725316816,"pid":31086,"hostname":"localhost.localdomain","msg":"Executed insert: INSERT INTO DEVICE_TYPE_CLUSTER (DEVICE_TYPE_REF, CLUSTER_NAME, INCLUDE_CLIENT, INCLUDE_SERVER, LOCK_CLIENT, LOCK_SERVER) VALUES (?,?,?,?,?,?): 77,Power Configuration,false,false,true,false => rowid: 711","v":1}
{"level":30,"time":1589725316816,"pid":31086,"hostname":"localhost.localdomain","msg":"Executed insert: INSERT INTO DEVICE_TYPE_CLUSTER (DEVICE_TYPE_REF, CLUSTER_NAME, INCLUDE_CLIENT, INCLUDE_SERVER, LOCK_CLIENT, LOCK_SERVER) VALUES (?,?,?,?,?,?): 77,Commissioning,false,false,false,false => rowid: 712","v":1}
{"level":30,"time":1589725316816,"pid":31086,"hostname":"localhost.localdomain","msg":"Executed insert: INSERT INTO DEVICE_TYPE_CLUSTER (DEVICE_TYPE_REF, CLUSTER_NAME, INCLUDE_CLIENT, INCLUDE_SERVER, LOCK_CLIENT, LOCK_SERVER) VALUES (?,?,?,?,?,?): 77,Identify,false,false,true,false => rowid: 713","v":1}
{"level":30,"time":1589725316816,"pid":31086,"hostname":"localhost.localdomain","msg":"Executed insert: INSERT INTO DEVICE_TYPE_CLUSTER (DEVICE_TYPE_REF, CLUSTER_NAME, INCLUDE_CLIENT, INCLUDE_SERVER, LOCK_CLIENT, LOCK_SERVER) VALUES (?,?,?,?,?,?): 77,Events,false,false,false,false => rowid: 714","v":1}
{"level":30,"time":1589725316816,"pid":31086,"hostname":"localhost.localdomain","msg":"Executed insert: INSERT INTO DEVICE_TYPE_CLUSTER (DEVICE_TYPE_REF, CLUSTER_NAME, INCLUDE_CLIENT, INCLUDE_SERVER, LOCK_CLIENT, LOCK_SERVER) VALUES (?,?,?,?,?,?): 77,Over the Air Bootloading,false,false,false,false => rowid: 715","v":1}
{"level":30,"time":1589725316816,"pid":31086,"hostname":"localhost.localdomain","msg":"Executed insert: INSERT INTO DEVICE_TYPE_CLUSTER (DEVICE_TYPE_REF, CLUSTER_NAME, INCLUDE_CLIENT, INCLUDE_SERVER, LOCK_CLIENT, LOCK_SERVER) VALUES (?,?,?,?,?,?): 77,Simple Metering,false,true,false,true => rowid: 716","v":1}
{"level":30,"time":1589725316816,"pid":31086,"hostname":"localhost.localdomain","msg":"Executed insert: INSERT INTO DEVICE_TYPE_CLUSTER (DEVICE_TYPE_REF, CLUSTER_NAME, INCLUDE_CLIENT, INCLUDE_SERVER, LOCK_CLIENT, LOCK_SERVER) VALUES (?,?,?,?,?,?): 77,Time,false,false,false,true => rowid: 717","v":1}
{"level":30,"time":1589725316816,"pid":31086,"hostname":"localhost.localdomain","msg":"Executed insert: INSERT INTO DEVICE_TYPE_CLUSTER (DEVICE_TYPE_REF, CLUSTER_NAME, INCLUDE_CLIENT, INCLUDE_SERVER, LOCK_CLIENT, LOCK_SERVER) VALUES (?,?,?,?,?,?): 77,Prepayment,false,false,false,false => rowid: 718","v":1}
{"level":30,"time":1589725316816,"pid":31086,"hostname":"localhost.localdomain","msg":"Executed insert: INSERT INTO DEVICE_TYPE_CLUSTER (DEVICE_TYPE_REF, CLUSTER_NAME, INCLUDE_CLIENT, INCLUDE_SERVER, LOCK_CLIENT, LOCK_SERVER) VALUES (?,?,?,?,?,?): 77,Price,false,false,false,true => rowid: 719","v":1}
{"level":30,"time":1589725316816,"pid":31086,"hostname":"localhost.localdomain","msg":"Executed insert: INSERT INTO DEVICE_TYPE_CLUSTER (DEVICE_TYPE_REF, CLUSTER_NAME, INCLUDE_CLIENT, INCLUDE_SERVER, LOCK_CLIENT, LOCK_SERVER) VALUES (?,?,?,?,?,?): 77,Calendar,false,false,false,true => rowid: 720","v":1}
{"level":30,"time":1589725316816,"pid":31086,"hostname":"localhost.localdomain","msg":"Executed insert: INSERT INTO DEVICE_TYPE_CLUSTER (DEVICE_TYPE_REF, CLUSTER_NAME, INCLUDE_CLIENT, INCLUDE_SERVER, LOCK_CLIENT, LOCK_SERVER) VALUES (?,?,?,?,?,?): 77,Messaging,false,false,false,true => rowid: 721","v":1}
{"level":30,"time":1589725316816,"pid":31086,"hostname":"localhost.localdomain","msg":"Executed insert: INSERT INTO DEVICE_TYPE_CLUSTER (DEVICE_TYPE_REF, CLUSTER_NAME, INCLUDE_CLIENT, INCLUDE_SERVER, LOCK_CLIENT, LOCK_SERVER) VALUES (?,?,?,?,?,?): 77,Device Management,false,false,false,true => rowid: 722","v":1}
{"level":30,"time":1589725316816,"pid":31086,"hostname":"localhost.localdomain","msg":"Executed insert: INSERT INTO DEVICE_TYPE_CLUSTER (DEVICE_TYPE_REF, CLUSTER_NAME, INCLUDE_CLIENT, INCLUDE_SERVER, LOCK_CLIENT, LOCK_SERVER) VALUES (?,?,?,?,?,?): 77,MDU Pairing,false,false,false,true => rowid: 723","v":1}
{"level":30,"time":1589725316816,"pid":31086,"hostname":"localhost.localdomain","msg":"Executed insert: INSERT INTO DEVICE_TYPE_CLUSTER (DEVICE_TYPE_REF, CLUSTER_NAME, INCLUDE_CLIENT, INCLUDE_SERVER, LOCK_CLIENT, LOCK_SERVER) VALUES (?,?,?,?,?,?): 77,Alarms,false,false,true,false => rowid: 724","v":1}
{"level":30,"time":1589725316816,"pid":31086,"hostname":"localhost.localdomain","msg":"Executed insert: INSERT INTO DEVICE_TYPE_CLUSTER (DEVICE_TYPE_REF, CLUSTER_NAME, INCLUDE_CLIENT, INCLUDE_SERVER, LOCK_CLIENT, LOCK_SERVER) VALUES (?,?,?,?,?,?): 77,Tunneling,false,false,false,false => rowid: 725","v":1}
{"level":30,"time":1589725316816,"pid":31086,"hostname":"localhost.localdomain","msg":"Executed insert: INSERT INTO DEVICE_TYPE_CLUSTER (DEVICE_TYPE_REF, CLUSTER_NAME, INCLUDE_CLIENT, INCLUDE_SERVER, LOCK_CLIENT, LOCK_SERVER) VALUES (?,?,?,?,?,?): 77,Keep-Alive,false,false,false,false => rowid: 726","v":1}
{"level":30,"time":1589725316816,"pid":31086,"hostname":"localhost.localdomain","msg":"Executed insert: INSERT INTO DEVICE_TYPE_CLUSTER (DEVICE_TYPE_REF, CLUSTER_NAME, INCLUDE_CLIENT, INCLUDE_SERVER, LOCK_CLIENT, LOCK_SERVER) VALUES (?,?,?,?,?,?): 77,Basic,false,true,true,true => rowid: 727","v":1}
{"level":30,"time":1589725316816,"pid":31086,"hostname":"localhost.localdomain","msg":"Executed insert: INSERT INTO DEVICE_TYPE_CLUSTER (DEVICE_TYPE_REF, CLUSTER_NAME, INCLUDE_CLIENT, INCLUDE_SERVER, LOCK_CLIENT, LOCK_SERVER) VALUES (?,?,?,?,?,?): 77,Key Establishment,true,true,true,true => rowid: 728","v":1}
{"level":30,"time":1589725316816,"pid":31086,"hostname":"localhost.localdomain","msg":"Preparing statement: INSERT INTO DEVICE_TYPE_ATTRIBUTE (DEVICE_TYPE_CLUSTER_REF, ATTRIBUTE_NAME) VALUES (?, ?) to insert 0 records.","v":1}
{"level":30,"time":1589725316816,"pid":31086,"hostname":"localhost.localdomain","msg":"Preparing statement: INSERT INTO DEVICE_TYPE_COMMAND (DEVICE_TYPE_CLUSTER_REF, COMMAND_NAME) VALUES (?, ?) to insert 0 records.","v":1}
{"level":30,"time":1589725316816,"pid":31086,"hostname":"localhost.localdomain","msg":"Executed insert: INSERT INTO DEVICE_TYPE_CLUSTER (DEVICE_TYPE_REF, CLUSTER_NAME, INCLUDE_CLIENT, INCLUDE_SERVER, LOCK_CLIENT, LOCK_SERVER) VALUES (?,?,?,?,?,?): 72,Time,false,false,false,true => rowid: 729","v":1}
{"level":30,"time":1589725316816,"pid":31086,"hostname":"localhost.localdomain","msg":"Executed insert: INSERT INTO DEVICE_TYPE_CLUSTER (DEVICE_TYPE_REF, CLUSTER_NAME, INCLUDE_CLIENT, INCLUDE_SERVER, LOCK_CLIENT, LOCK_SERVER) VALUES (?,?,?,?,?,?): 82,Basic,false,true,true,true => rowid: 730","v":1}
{"level":30,"time":1589725316816,"pid":31086,"hostname":"localhost.localdomain","msg":"Executed insert: INSERT INTO DEVICE_TYPE_CLUSTER (DEVICE_TYPE_REF, CLUSTER_NAME, INCLUDE_CLIENT, INCLUDE_SERVER, LOCK_CLIENT, LOCK_SERVER) VALUES (?,?,?,?,?,?): 82,Key Establishment,true,true,true,true => rowid: 731","v":1}
{"level":30,"time":1589725316816,"pid":31086,"hostname":"localhost.localdomain","msg":"Executed insert: INSERT INTO DEVICE_TYPE_CLUSTER (DEVICE_TYPE_REF, CLUSTER_NAME, INCLUDE_CLIENT, INCLUDE_SERVER, LOCK_CLIENT, LOCK_SERVER) VALUES (?,?,?,?,?,?): 82,Power Configuration,false,false,true,false => rowid: 732","v":1}
{"level":30,"time":1589725316816,"pid":31086,"hostname":"localhost.localdomain","msg":"Executed insert: INSERT INTO DEVICE_TYPE_CLUSTER (DEVICE_TYPE_REF, CLUSTER_NAME, INCLUDE_CLIENT, INCLUDE_SERVER, LOCK_CLIENT, LOCK_SERVER) VALUES (?,?,?,?,?,?): 82,Identify,false,false,true,false => rowid: 733","v":1}
{"level":30,"time":1589725316817,"pid":31086,"hostname":"localhost.localdomain","msg":"Executed insert: INSERT INTO DEVICE_TYPE_CLUSTER (DEVICE_TYPE_REF, CLUSTER_NAME, INCLUDE_CLIENT, INCLUDE_SERVER, LOCK_CLIENT, LOCK_SERVER) VALUES (?,?,?,?,?,?): 82,Events,false,false,false,false => rowid: 734","v":1}
{"level":30,"time":1589725316817,"pid":31086,"hostname":"localhost.localdomain","msg":"Executed insert: INSERT INTO DEVICE_TYPE_CLUSTER (DEVICE_TYPE_REF, CLUSTER_NAME, INCLUDE_CLIENT, INCLUDE_SERVER, LOCK_CLIENT, LOCK_SERVER) VALUES (?,?,?,?,?,?): 82,Over the Air Bootloading,false,false,false,false => rowid: 735","v":1}
{"level":30,"time":1589725316817,"pid":31086,"hostname":"localhost.localdomain","msg":"Executed insert: INSERT INTO DEVICE_TYPE_CLUSTER (DEVICE_TYPE_REF, CLUSTER_NAME, INCLUDE_CLIENT, INCLUDE_SERVER, LOCK_CLIENT, LOCK_SERVER) VALUES (?,?,?,?,?,?): 82,Demand Response and Load Control,false,false,false,true => rowid: 736","v":1}
{"level":30,"time":1589725316817,"pid":31086,"hostname":"localhost.localdomain","msg":"Executed insert: INSERT INTO DEVICE_TYPE_CLUSTER (DEVICE_TYPE_REF, CLUSTER_NAME, INCLUDE_CLIENT, INCLUDE_SERVER, LOCK_CLIENT, LOCK_SERVER) VALUES (?,?,?,?,?,?): 82,Time,false,false,false,true => rowid: 737","v":1}
{"level":30,"time":1589725316817,"pid":31086,"hostname":"localhost.localdomain","msg":"Executed insert: INSERT INTO DEVICE_TYPE_CLUSTER (DEVICE_TYPE_REF, CLUSTER_NAME, INCLUDE_CLIENT, INCLUDE_SERVER, LOCK_CLIENT, LOCK_SERVER) VALUES (?,?,?,?,?,?): 82,Prepayment,false,false,false,true => rowid: 738","v":1}
{"level":30,"time":1589725316817,"pid":31086,"hostname":"localhost.localdomain","msg":"Executed insert: INSERT INTO DEVICE_TYPE_CLUSTER (DEVICE_TYPE_REF, CLUSTER_NAME, INCLUDE_CLIENT, INCLUDE_SERVER, LOCK_CLIENT, LOCK_SERVER) VALUES (?,?,?,?,?,?): 82,Price,false,false,false,true => rowid: 739","v":1}
{"level":30,"time":1589725316817,"pid":31086,"hostname":"localhost.localdomain","msg":"Executed insert: INSERT INTO DEVICE_TYPE_CLUSTER (DEVICE_TYPE_REF, CLUSTER_NAME, INCLUDE_CLIENT, INCLUDE_SERVER, LOCK_CLIENT, LOCK_SERVER) VALUES (?,?,?,?,?,?): 82,Calendar,false,false,false,true => rowid: 740","v":1}
{"level":30,"time":1589725316817,"pid":31086,"hostname":"localhost.localdomain","msg":"Executed insert: INSERT INTO DEVICE_TYPE_CLUSTER (DEVICE_TYPE_REF, CLUSTER_NAME, INCLUDE_CLIENT, INCLUDE_SERVER, LOCK_CLIENT, LOCK_SERVER) VALUES (?,?,?,?,?,?): 82,Commissioning,false,false,false,false => rowid: 741","v":1}
{"level":30,"time":1589725316817,"pid":31086,"hostname":"localhost.localdomain","msg":"Executed insert: INSERT INTO DEVICE_TYPE_CLUSTER (DEVICE_TYPE_REF, CLUSTER_NAME, INCLUDE_CLIENT, INCLUDE_SERVER, LOCK_CLIENT, LOCK_SERVER) VALUES (?,?,?,?,?,?): 82,Simple Metering,false,false,false,true => rowid: 742","v":1}
{"level":30,"time":1589725316817,"pid":31086,"hostname":"localhost.localdomain","msg":"Executed insert: INSERT INTO DEVICE_TYPE_CLUSTER (DEVICE_TYPE_REF, CLUSTER_NAME, INCLUDE_CLIENT, INCLUDE_SERVER, LOCK_CLIENT, LOCK_SERVER) VALUES (?,?,?,?,?,?): 82,Energy Management,false,false,false,true => rowid: 743","v":1}
{"level":30,"time":1589725316817,"pid":31086,"hostname":"localhost.localdomain","msg":"Executed insert: INSERT INTO DEVICE_TYPE_CLUSTER (DEVICE_TYPE_REF, CLUSTER_NAME, INCLUDE_CLIENT, INCLUDE_SERVER, LOCK_CLIENT, LOCK_SERVER) VALUES (?,?,?,?,?,?): 82,Device Management,false,false,false,true => rowid: 744","v":1}
{"level":30,"time":1589725316817,"pid":31086,"hostname":"localhost.localdomain","msg":"Executed insert: INSERT INTO DEVICE_TYPE_CLUSTER (DEVICE_TYPE_REF, CLUSTER_NAME, INCLUDE_CLIENT, INCLUDE_SERVER, LOCK_CLIENT, LOCK_SERVER) VALUES (?,?,?,?,?,?): 82,MDU Pairing,false,false,false,true => rowid: 745","v":1}
{"level":30,"time":1589725316817,"pid":31086,"hostname":"localhost.localdomain","msg":"Executed insert: INSERT INTO DEVICE_TYPE_CLUSTER (DEVICE_TYPE_REF, CLUSTER_NAME, INCLUDE_CLIENT, INCLUDE_SERVER, LOCK_CLIENT, LOCK_SERVER) VALUES (?,?,?,?,?,?): 82,Messaging,false,false,false,true => rowid: 746","v":1}
{"level":30,"time":1589725316817,"pid":31086,"hostname":"localhost.localdomain","msg":"Executed insert: INSERT INTO DEVICE_TYPE_CLUSTER (DEVICE_TYPE_REF, CLUSTER_NAME, INCLUDE_CLIENT, INCLUDE_SERVER, LOCK_CLIENT, LOCK_SERVER) VALUES (?,?,?,?,?,?): 82,Alarms,false,false,true,false => rowid: 747","v":1}
{"level":30,"time":1589725316817,"pid":31086,"hostname":"localhost.localdomain","msg":"Executed insert: INSERT INTO DEVICE_TYPE_CLUSTER (DEVICE_TYPE_REF, CLUSTER_NAME, INCLUDE_CLIENT, INCLUDE_SERVER, LOCK_CLIENT, LOCK_SERVER) VALUES (?,?,?,?,?,?): 82,Tunneling,false,false,false,false => rowid: 748","v":1}
{"level":30,"time":1589725316817,"pid":31086,"hostname":"localhost.localdomain","msg":"Executed insert: INSERT INTO DEVICE_TYPE_CLUSTER (DEVICE_TYPE_REF, CLUSTER_NAME, INCLUDE_CLIENT, INCLUDE_SERVER, LOCK_CLIENT, LOCK_SERVER) VALUES (?,?,?,?,?,?): 82,Keep-Alive,false,false,false,false => rowid: 749","v":1}
{"level":30,"time":1589725316817,"pid":31086,"hostname":"localhost.localdomain","msg":"Preparing statement: INSERT INTO DEVICE_TYPE_ATTRIBUTE (DEVICE_TYPE_CLUSTER_REF, ATTRIBUTE_NAME) VALUES (?, ?) to insert 0 records.","v":1}
{"level":30,"time":1589725316817,"pid":31086,"hostname":"localhost.localdomain","msg":"Preparing statement: INSERT INTO DEVICE_TYPE_COMMAND (DEVICE_TYPE_CLUSTER_REF, COMMAND_NAME) VALUES (?, ?) to insert 0 records.","v":1}
{"level":30,"time":1589725316817,"pid":31086,"hostname":"localhost.localdomain","msg":"Executed insert: INSERT INTO DEVICE_TYPE_CLUSTER (DEVICE_TYPE_REF, CLUSTER_NAME, INCLUDE_CLIENT, INCLUDE_SERVER, LOCK_CLIENT, LOCK_SERVER) VALUES (?,?,?,?,?,?): 87,Basic,false,true,true,true => rowid: 750","v":1}
{"level":30,"time":1589725316817,"pid":31086,"hostname":"localhost.localdomain","msg":"Executed insert: INSERT INTO DEVICE_TYPE_CLUSTER (DEVICE_TYPE_REF, CLUSTER_NAME, INCLUDE_CLIENT, INCLUDE_SERVER, LOCK_CLIENT, LOCK_SERVER) VALUES (?,?,?,?,?,?): 87,Key Establishment,true,true,true,true => rowid: 751","v":1}
{"level":30,"time":1589725316817,"pid":31086,"hostname":"localhost.localdomain","msg":"Executed insert: INSERT INTO DEVICE_TYPE_CLUSTER (DEVICE_TYPE_REF, CLUSTER_NAME, INCLUDE_CLIENT, INCLUDE_SERVER, LOCK_CLIENT, LOCK_SERVER) VALUES (?,?,?,?,?,?): 87,Power Configuration,false,false,true,false => rowid: 752","v":1}
{"level":30,"time":1589725316817,"pid":31086,"hostname":"localhost.localdomain","msg":"Executed insert: INSERT INTO DEVICE_TYPE_CLUSTER (DEVICE_TYPE_REF, CLUSTER_NAME, INCLUDE_CLIENT, INCLUDE_SERVER, LOCK_CLIENT, LOCK_SERVER) VALUES (?,?,?,?,?,?): 87,Commissioning,false,false,false,false => rowid: 753","v":1}
{"level":30,"time":1589725316818,"pid":31086,"hostname":"localhost.localdomain","msg":"Executed insert: INSERT INTO DEVICE_TYPE_CLUSTER (DEVICE_TYPE_REF, CLUSTER_NAME, INCLUDE_CLIENT, INCLUDE_SERVER, LOCK_CLIENT, LOCK_SERVER) VALUES (?,?,?,?,?,?): 87,Identify,false,false,true,false => rowid: 754","v":1}
{"level":30,"time":1589725316818,"pid":31086,"hostname":"localhost.localdomain","msg":"Executed insert: INSERT INTO DEVICE_TYPE_CLUSTER (DEVICE_TYPE_REF, CLUSTER_NAME, INCLUDE_CLIENT, INCLUDE_SERVER, LOCK_CLIENT, LOCK_SERVER) VALUES (?,?,?,?,?,?): 87,Events,false,false,true,false => rowid: 755","v":1}
{"level":30,"time":1589725316818,"pid":31086,"hostname":"localhost.localdomain","msg":"Executed insert: INSERT INTO DEVICE_TYPE_CLUSTER (DEVICE_TYPE_REF, CLUSTER_NAME, INCLUDE_CLIENT, INCLUDE_SERVER, LOCK_CLIENT, LOCK_SERVER) VALUES (?,?,?,?,?,?): 87,Over the Air Bootloading,false,false,false,false => rowid: 756","v":1}
{"level":30,"time":1589725316818,"pid":31086,"hostname":"localhost.localdomain","msg":"Executed insert: INSERT INTO DEVICE_TYPE_CLUSTER (DEVICE_TYPE_REF, CLUSTER_NAME, INCLUDE_CLIENT, INCLUDE_SERVER, LOCK_CLIENT, LOCK_SERVER) VALUES (?,?,?,?,?,?): 87,Demand Response and Load Control,true,false,true,true => rowid: 757","v":1}
{"level":30,"time":1589725316818,"pid":31086,"hostname":"localhost.localdomain","msg":"Executed insert: INSERT INTO DEVICE_TYPE_CLUSTER (DEVICE_TYPE_REF, CLUSTER_NAME, INCLUDE_CLIENT, INCLUDE_SERVER, LOCK_CLIENT, LOCK_SERVER) VALUES (?,?,?,?,?,?): 87,Time,true,false,true,true => rowid: 758","v":1}
{"level":30,"time":1589725316818,"pid":31086,"hostname":"localhost.localdomain","msg":"Executed insert: INSERT INTO DEVICE_TYPE_CLUSTER (DEVICE_TYPE_REF, CLUSTER_NAME, INCLUDE_CLIENT, INCLUDE_SERVER, LOCK_CLIENT, LOCK_SERVER) VALUES (?,?,?,?,?,?): 87,Prepayment,false,false,false,true => rowid: 759","v":1}
{"level":30,"time":1589725316818,"pid":31086,"hostname":"localhost.localdomain","msg":"Executed insert: INSERT INTO DEVICE_TYPE_CLUSTER (DEVICE_TYPE_REF, CLUSTER_NAME, INCLUDE_CLIENT, INCLUDE_SERVER, LOCK_CLIENT, LOCK_SERVER) VALUES (?,?,?,?,?,?): 87,Price,false,false,false,true => rowid: 760","v":1}
{"level":30,"time":1589725316818,"pid":31086,"hostname":"localhost.localdomain","msg":"Executed insert: INSERT INTO DEVICE_TYPE_CLUSTER (DEVICE_TYPE_REF, CLUSTER_NAME, INCLUDE_CLIENT, INCLUDE_SERVER, LOCK_CLIENT, LOCK_SERVER) VALUES (?,?,?,?,?,?): 87,Calendar,false,false,false,true => rowid: 761","v":1}
{"level":30,"time":1589725316818,"pid":31086,"hostname":"localhost.localdomain","msg":"Executed insert: INSERT INTO DEVICE_TYPE_CLUSTER (DEVICE_TYPE_REF, CLUSTER_NAME, INCLUDE_CLIENT, INCLUDE_SERVER, LOCK_CLIENT, LOCK_SERVER) VALUES (?,?,?,?,?,?): 87,Simple Metering,false,false,false,true => rowid: 762","v":1}
{"level":30,"time":1589725316818,"pid":31086,"hostname":"localhost.localdomain","msg":"Executed insert: INSERT INTO DEVICE_TYPE_CLUSTER (DEVICE_TYPE_REF, CLUSTER_NAME, INCLUDE_CLIENT, INCLUDE_SERVER, LOCK_CLIENT, LOCK_SERVER) VALUES (?,?,?,?,?,?): 87,Messaging,false,false,false,true => rowid: 763","v":1}
{"level":30,"time":1589725316818,"pid":31086,"hostname":"localhost.localdomain","msg":"Executed insert: INSERT INTO DEVICE_TYPE_CLUSTER (DEVICE_TYPE_REF, CLUSTER_NAME, INCLUDE_CLIENT, INCLUDE_SERVER, LOCK_CLIENT, LOCK_SERVER) VALUES (?,?,?,?,?,?): 87,Device Management,false,false,false,true => rowid: 764","v":1}
{"level":30,"time":1589725316818,"pid":31086,"hostname":"localhost.localdomain","msg":"Executed insert: INSERT INTO DEVICE_TYPE_CLUSTER (DEVICE_TYPE_REF, CLUSTER_NAME, INCLUDE_CLIENT, INCLUDE_SERVER, LOCK_CLIENT, LOCK_SERVER) VALUES (?,?,?,?,?,?): 87,MDU Pairing,false,false,false,true => rowid: 765","v":1}
{"level":30,"time":1589725316818,"pid":31086,"hostname":"localhost.localdomain","msg":"Executed insert: INSERT INTO DEVICE_TYPE_CLUSTER (DEVICE_TYPE_REF, CLUSTER_NAME, INCLUDE_CLIENT, INCLUDE_SERVER, LOCK_CLIENT, LOCK_SERVER) VALUES (?,?,?,?,?,?): 87,Energy Management,false,false,true,false => rowid: 766","v":1}
{"level":30,"time":1589725316818,"pid":31086,"hostname":"localhost.localdomain","msg":"Executed insert: INSERT INTO DEVICE_TYPE_CLUSTER (DEVICE_TYPE_REF, CLUSTER_NAME, INCLUDE_CLIENT, INCLUDE_SERVER, LOCK_CLIENT, LOCK_SERVER) VALUES (?,?,?,?,?,?): 87,Alarms,false,false,true,false => rowid: 767","v":1}
{"level":30,"time":1589725316818,"pid":31086,"hostname":"localhost.localdomain","msg":"Executed insert: INSERT INTO DEVICE_TYPE_CLUSTER (DEVICE_TYPE_REF, CLUSTER_NAME, INCLUDE_CLIENT, INCLUDE_SERVER, LOCK_CLIENT, LOCK_SERVER) VALUES (?,?,?,?,?,?): 87,Tunneling,false,false,false,false => rowid: 768","v":1}
{"level":30,"time":1589725316818,"pid":31086,"hostname":"localhost.localdomain","msg":"Executed insert: INSERT INTO DEVICE_TYPE_CLUSTER (DEVICE_TYPE_REF, CLUSTER_NAME, INCLUDE_CLIENT, INCLUDE_SERVER, LOCK_CLIENT, LOCK_SERVER) VALUES (?,?,?,?,?,?): 87,Keep-Alive,false,false,false,false => rowid: 769","v":1}
{"level":30,"time":1589725316818,"pid":31086,"hostname":"localhost.localdomain","msg":"Preparing statement: INSERT INTO DEVICE_TYPE_ATTRIBUTE (DEVICE_TYPE_CLUSTER_REF, ATTRIBUTE_NAME) VALUES (?, ?) to insert 0 records.","v":1}
{"level":30,"time":1589725316818,"pid":31086,"hostname":"localhost.localdomain","msg":"Preparing statement: INSERT INTO DEVICE_TYPE_COMMAND (DEVICE_TYPE_CLUSTER_REF, COMMAND_NAME) VALUES (?, ?) to insert 0 records.","v":1}
{"level":30,"time":1589725316818,"pid":31086,"hostname":"localhost.localdomain","msg":"Executed insert: INSERT INTO DEVICE_TYPE_CLUSTER (DEVICE_TYPE_REF, CLUSTER_NAME, INCLUDE_CLIENT, INCLUDE_SERVER, LOCK_CLIENT, LOCK_SERVER) VALUES (?,?,?,?,?,?): 91,Basic,false,true,true,true => rowid: 770","v":1}
{"level":30,"time":1589725316818,"pid":31086,"hostname":"localhost.localdomain","msg":"Executed insert: INSERT INTO DEVICE_TYPE_CLUSTER (DEVICE_TYPE_REF, CLUSTER_NAME, INCLUDE_CLIENT, INCLUDE_SERVER, LOCK_CLIENT, LOCK_SERVER) VALUES (?,?,?,?,?,?): 91,Key Establishment,true,true,true,true => rowid: 771","v":1}
{"level":30,"time":1589725316819,"pid":31086,"hostname":"localhost.localdomain","msg":"Executed insert: INSERT INTO DEVICE_TYPE_CLUSTER (DEVICE_TYPE_REF, CLUSTER_NAME, INCLUDE_CLIENT, INCLUDE_SERVER, LOCK_CLIENT, LOCK_SERVER) VALUES (?,?,?,?,?,?): 91,Power Configuration,false,false,true,false => rowid: 772","v":1}
{"level":30,"time":1589725316819,"pid":31086,"hostname":"localhost.localdomain","msg":"Executed insert: INSERT INTO DEVICE_TYPE_CLUSTER (DEVICE_TYPE_REF, CLUSTER_NAME, INCLUDE_CLIENT, INCLUDE_SERVER, LOCK_CLIENT, LOCK_SERVER) VALUES (?,?,?,?,?,?): 91,Commissioning,false,false,false,false => rowid: 773","v":1}
{"level":30,"time":1589725316819,"pid":31086,"hostname":"localhost.localdomain","msg":"Executed insert: INSERT INTO DEVICE_TYPE_CLUSTER (DEVICE_TYPE_REF, CLUSTER_NAME, INCLUDE_CLIENT, INCLUDE_SERVER, LOCK_CLIENT, LOCK_SERVER) VALUES (?,?,?,?,?,?): 91,Identify,false,false,true,false => rowid: 774","v":1}
{"level":30,"time":1589725316819,"pid":31086,"hostname":"localhost.localdomain","msg":"Executed insert: INSERT INTO DEVICE_TYPE_CLUSTER (DEVICE_TYPE_REF, CLUSTER_NAME, INCLUDE_CLIENT, INCLUDE_SERVER, LOCK_CLIENT, LOCK_SERVER) VALUES (?,?,?,?,?,?): 91,Events,false,false,true,false => rowid: 775","v":1}
{"level":30,"time":1589725316819,"pid":31086,"hostname":"localhost.localdomain","msg":"Executed insert: INSERT INTO DEVICE_TYPE_CLUSTER (DEVICE_TYPE_REF, CLUSTER_NAME, INCLUDE_CLIENT, INCLUDE_SERVER, LOCK_CLIENT, LOCK_SERVER) VALUES (?,?,?,?,?,?): 91,Over the Air Bootloading,false,false,false,false => rowid: 776","v":1}
{"level":30,"time":1589725316819,"pid":31086,"hostname":"localhost.localdomain","msg":"Executed insert: INSERT INTO DEVICE_TYPE_CLUSTER (DEVICE_TYPE_REF, CLUSTER_NAME, INCLUDE_CLIENT, INCLUDE_SERVER, LOCK_CLIENT, LOCK_SERVER) VALUES (?,?,?,?,?,?): 91,Demand Response and Load Control,true,false,true,true => rowid: 777","v":1}
{"level":30,"time":1589725316819,"pid":31086,"hostname":"localhost.localdomain","msg":"Executed insert: INSERT INTO DEVICE_TYPE_CLUSTER (DEVICE_TYPE_REF, CLUSTER_NAME, INCLUDE_CLIENT, INCLUDE_SERVER, LOCK_CLIENT, LOCK_SERVER) VALUES (?,?,?,?,?,?): 91,Time,true,false,true,true => rowid: 778","v":1}
{"level":30,"time":1589725316819,"pid":31086,"hostname":"localhost.localdomain","msg":"Executed insert: INSERT INTO DEVICE_TYPE_CLUSTER (DEVICE_TYPE_REF, CLUSTER_NAME, INCLUDE_CLIENT, INCLUDE_SERVER, LOCK_CLIENT, LOCK_SERVER) VALUES (?,?,?,?,?,?): 91,Price,false,false,false,true => rowid: 779","v":1}
{"level":30,"time":1589725316819,"pid":31086,"hostname":"localhost.localdomain","msg":"Executed insert: INSERT INTO DEVICE_TYPE_CLUSTER (DEVICE_TYPE_REF, CLUSTER_NAME, INCLUDE_CLIENT, INCLUDE_SERVER, LOCK_CLIENT, LOCK_SERVER) VALUES (?,?,?,?,?,?): 91,Calendar,false,false,false,true => rowid: 780","v":1}
{"level":30,"time":1589725316819,"pid":31086,"hostname":"localhost.localdomain","msg":"Executed insert: INSERT INTO DEVICE_TYPE_CLUSTER (DEVICE_TYPE_REF, CLUSTER_NAME, INCLUDE_CLIENT, INCLUDE_SERVER, LOCK_CLIENT, LOCK_SERVER) VALUES (?,?,?,?,?,?): 91,Device Management,false,false,false,true => rowid: 781","v":1}
{"level":30,"time":1589725316819,"pid":31086,"hostname":"localhost.localdomain","msg":"Executed insert: INSERT INTO DEVICE_TYPE_CLUSTER (DEVICE_TYPE_REF, CLUSTER_NAME, INCLUDE_CLIENT, INCLUDE_SERVER, LOCK_CLIENT, LOCK_SERVER) VALUES (?,?,?,?,?,?): 91,MDU Pairing,false,false,false,true => rowid: 782","v":1}
{"level":30,"time":1589725316819,"pid":31086,"hostname":"localhost.localdomain","msg":"Executed insert: INSERT INTO DEVICE_TYPE_CLUSTER (DEVICE_TYPE_REF, CLUSTER_NAME, INCLUDE_CLIENT, INCLUDE_SERVER, LOCK_CLIENT, LOCK_SERVER) VALUES (?,?,?,?,?,?): 91,Energy Management,false,false,true,false => rowid: 783","v":1}
{"level":30,"time":1589725316819,"pid":31086,"hostname":"localhost.localdomain","msg":"Executed insert: INSERT INTO DEVICE_TYPE_CLUSTER (DEVICE_TYPE_REF, CLUSTER_NAME, INCLUDE_CLIENT, INCLUDE_SERVER, LOCK_CLIENT, LOCK_SERVER) VALUES (?,?,?,?,?,?): 91,Alarms,false,false,true,false => rowid: 784","v":1}
{"level":30,"time":1589725316819,"pid":31086,"hostname":"localhost.localdomain","msg":"Executed insert: INSERT INTO DEVICE_TYPE_CLUSTER (DEVICE_TYPE_REF, CLUSTER_NAME, INCLUDE_CLIENT, INCLUDE_SERVER, LOCK_CLIENT, LOCK_SERVER) VALUES (?,?,?,?,?,?): 91,Tunneling,false,false,false,false => rowid: 785","v":1}
{"level":30,"time":1589725316819,"pid":31086,"hostname":"localhost.localdomain","msg":"Executed insert: INSERT INTO DEVICE_TYPE_CLUSTER (DEVICE_TYPE_REF, CLUSTER_NAME, INCLUDE_CLIENT, INCLUDE_SERVER, LOCK_CLIENT, LOCK_SERVER) VALUES (?,?,?,?,?,?): 91,Keep-Alive,false,false,false,false => rowid: 786","v":1}
{"level":30,"time":1589725316819,"pid":31086,"hostname":"localhost.localdomain","msg":"Preparing statement: INSERT INTO DEVICE_TYPE_ATTRIBUTE (DEVICE_TYPE_CLUSTER_REF, ATTRIBUTE_NAME) VALUES (?, ?) to insert 0 records.","v":1}
{"level":30,"time":1589725316819,"pid":31086,"hostname":"localhost.localdomain","msg":"Preparing statement: INSERT INTO DEVICE_TYPE_COMMAND (DEVICE_TYPE_CLUSTER_REF, COMMAND_NAME) VALUES (?, ?) to insert 0 records.","v":1}
{"level":30,"time":1589725316819,"pid":31086,"hostname":"localhost.localdomain","msg":"Executed insert: INSERT INTO DEVICE_TYPE_CLUSTER (DEVICE_TYPE_REF, CLUSTER_NAME, INCLUDE_CLIENT, INCLUDE_SERVER, LOCK_CLIENT, LOCK_SERVER) VALUES (?,?,?,?,?,?): 95,Basic,false,true,true,true => rowid: 787","v":1}
{"level":30,"time":1589725316819,"pid":31086,"hostname":"localhost.localdomain","msg":"Executed insert: INSERT INTO DEVICE_TYPE_CLUSTER (DEVICE_TYPE_REF, CLUSTER_NAME, INCLUDE_CLIENT, INCLUDE_SERVER, LOCK_CLIENT, LOCK_SERVER) VALUES (?,?,?,?,?,?): 95,Key Establishment,true,true,true,true => rowid: 788","v":1}
{"level":30,"time":1589725316819,"pid":31086,"hostname":"localhost.localdomain","msg":"Executed insert: INSERT INTO DEVICE_TYPE_CLUSTER (DEVICE_TYPE_REF, CLUSTER_NAME, INCLUDE_CLIENT, INCLUDE_SERVER, LOCK_CLIENT, LOCK_SERVER) VALUES (?,?,?,?,?,?): 95,Power Configuration,false,false,true,false => rowid: 789","v":1}
{"level":30,"time":1589725316820,"pid":31086,"hostname":"localhost.localdomain","msg":"Executed insert: INSERT INTO DEVICE_TYPE_CLUSTER (DEVICE_TYPE_REF, CLUSTER_NAME, INCLUDE_CLIENT, INCLUDE_SERVER, LOCK_CLIENT, LOCK_SERVER) VALUES (?,?,?,?,?,?): 95,Commissioning,false,false,false,false => rowid: 790","v":1}
{"level":30,"time":1589725316820,"pid":31086,"hostname":"localhost.localdomain","msg":"Executed insert: INSERT INTO DEVICE_TYPE_CLUSTER (DEVICE_TYPE_REF, CLUSTER_NAME, INCLUDE_CLIENT, INCLUDE_SERVER, LOCK_CLIENT, LOCK_SERVER) VALUES (?,?,?,?,?,?): 95,Identify,false,false,true,false => rowid: 791","v":1}
{"level":30,"time":1589725316820,"pid":31086,"hostname":"localhost.localdomain","msg":"Executed insert: INSERT INTO DEVICE_TYPE_CLUSTER (DEVICE_TYPE_REF, CLUSTER_NAME, INCLUDE_CLIENT, INCLUDE_SERVER, LOCK_CLIENT, LOCK_SERVER) VALUES (?,?,?,?,?,?): 95,Events,false,false,true,false => rowid: 792","v":1}
{"level":30,"time":1589725316820,"pid":31086,"hostname":"localhost.localdomain","msg":"Executed insert: INSERT INTO DEVICE_TYPE_CLUSTER (DEVICE_TYPE_REF, CLUSTER_NAME, INCLUDE_CLIENT, INCLUDE_SERVER, LOCK_CLIENT, LOCK_SERVER) VALUES (?,?,?,?,?,?): 95,Over the Air Bootloading,false,false,false,false => rowid: 793","v":1}
{"level":30,"time":1589725316820,"pid":31086,"hostname":"localhost.localdomain","msg":"Executed insert: INSERT INTO DEVICE_TYPE_CLUSTER (DEVICE_TYPE_REF, CLUSTER_NAME, INCLUDE_CLIENT, INCLUDE_SERVER, LOCK_CLIENT, LOCK_SERVER) VALUES (?,?,?,?,?,?): 95,Price,true,false,true,true => rowid: 794","v":1}
{"level":30,"time":1589725316820,"pid":31086,"hostname":"localhost.localdomain","msg":"Executed insert: INSERT INTO DEVICE_TYPE_CLUSTER (DEVICE_TYPE_REF, CLUSTER_NAME, INCLUDE_CLIENT, INCLUDE_SERVER, LOCK_CLIENT, LOCK_SERVER) VALUES (?,?,?,?,?,?): 95,Time,true,false,true,true => rowid: 795","v":1}
{"level":30,"time":1589725316820,"pid":31086,"hostname":"localhost.localdomain","msg":"Executed insert: INSERT INTO DEVICE_TYPE_CLUSTER (DEVICE_TYPE_REF, CLUSTER_NAME, INCLUDE_CLIENT, INCLUDE_SERVER, LOCK_CLIENT, LOCK_SERVER) VALUES (?,?,?,?,?,?): 95,Demand Response and Load Control,false,false,false,true => rowid: 796","v":1}
{"level":30,"time":1589725316820,"pid":31086,"hostname":"localhost.localdomain","msg":"Executed insert: INSERT INTO DEVICE_TYPE_CLUSTER (DEVICE_TYPE_REF, CLUSTER_NAME, INCLUDE_CLIENT, INCLUDE_SERVER, LOCK_CLIENT, LOCK_SERVER) VALUES (?,?,?,?,?,?): 95,Messaging,false,false,false,true => rowid: 797","v":1}
{"level":30,"time":1589725316820,"pid":31086,"hostname":"localhost.localdomain","msg":"Executed insert: INSERT INTO DEVICE_TYPE_CLUSTER (DEVICE_TYPE_REF, CLUSTER_NAME, INCLUDE_CLIENT, INCLUDE_SERVER, LOCK_CLIENT, LOCK_SERVER) VALUES (?,?,?,?,?,?): 95,Calendar,false,false,false,true => rowid: 798","v":1}
{"level":30,"time":1589725316820,"pid":31086,"hostname":"localhost.localdomain","msg":"Executed insert: INSERT INTO DEVICE_TYPE_CLUSTER (DEVICE_TYPE_REF, CLUSTER_NAME, INCLUDE_CLIENT, INCLUDE_SERVER, LOCK_CLIENT, LOCK_SERVER) VALUES (?,?,?,?,?,?): 95,Device Management,false,false,false,true => rowid: 799","v":1}
{"level":30,"time":1589725316820,"pid":31086,"hostname":"localhost.localdomain","msg":"Executed insert: INSERT INTO DEVICE_TYPE_CLUSTER (DEVICE_TYPE_REF, CLUSTER_NAME, INCLUDE_CLIENT, INCLUDE_SERVER, LOCK_CLIENT, LOCK_SERVER) VALUES (?,?,?,?,?,?): 95,MDU Pairing,false,false,false,true => rowid: 800","v":1}
{"level":30,"time":1589725316820,"pid":31086,"hostname":"localhost.localdomain","msg":"Executed insert: INSERT INTO DEVICE_TYPE_CLUSTER (DEVICE_TYPE_REF, CLUSTER_NAME, INCLUDE_CLIENT, INCLUDE_SERVER, LOCK_CLIENT, LOCK_SERVER) VALUES (?,?,?,?,?,?): 95,Energy Management,false,false,true,false => rowid: 801","v":1}
{"level":30,"time":1589725316820,"pid":31086,"hostname":"localhost.localdomain","msg":"Executed insert: INSERT INTO DEVICE_TYPE_CLUSTER (DEVICE_TYPE_REF, CLUSTER_NAME, INCLUDE_CLIENT, INCLUDE_SERVER, LOCK_CLIENT, LOCK_SERVER) VALUES (?,?,?,?,?,?): 95,Alarms,false,false,true,false => rowid: 802","v":1}
{"level":30,"time":1589725316820,"pid":31086,"hostname":"localhost.localdomain","msg":"Executed insert: INSERT INTO DEVICE_TYPE_CLUSTER (DEVICE_TYPE_REF, CLUSTER_NAME, INCLUDE_CLIENT, INCLUDE_SERVER, LOCK_CLIENT, LOCK_SERVER) VALUES (?,?,?,?,?,?): 95,Tunneling,false,false,false,false => rowid: 803","v":1}
{"level":30,"time":1589725316820,"pid":31086,"hostname":"localhost.localdomain","msg":"Executed insert: INSERT INTO DEVICE_TYPE_CLUSTER (DEVICE_TYPE_REF, CLUSTER_NAME, INCLUDE_CLIENT, INCLUDE_SERVER, LOCK_CLIENT, LOCK_SERVER) VALUES (?,?,?,?,?,?): 95,Keep-Alive,false,false,false,false => rowid: 804","v":1}
{"level":30,"time":1589725316820,"pid":31086,"hostname":"localhost.localdomain","msg":"Preparing statement: INSERT INTO DEVICE_TYPE_ATTRIBUTE (DEVICE_TYPE_CLUSTER_REF, ATTRIBUTE_NAME) VALUES (?, ?) to insert 0 records.","v":1}
{"level":30,"time":1589725316820,"pid":31086,"hostname":"localhost.localdomain","msg":"Preparing statement: INSERT INTO DEVICE_TYPE_COMMAND (DEVICE_TYPE_CLUSTER_REF, COMMAND_NAME) VALUES (?, ?) to insert 0 records.","v":1}
{"level":30,"time":1589725316820,"pid":31086,"hostname":"localhost.localdomain","msg":"Executed insert: INSERT INTO DEVICE_TYPE_CLUSTER (DEVICE_TYPE_REF, CLUSTER_NAME, INCLUDE_CLIENT, INCLUDE_SERVER, LOCK_CLIENT, LOCK_SERVER) VALUES (?,?,?,?,?,?): 99,Basic,false,true,true,true => rowid: 805","v":1}
{"level":30,"time":1589725316820,"pid":31086,"hostname":"localhost.localdomain","msg":"Executed insert: INSERT INTO DEVICE_TYPE_CLUSTER (DEVICE_TYPE_REF, CLUSTER_NAME, INCLUDE_CLIENT, INCLUDE_SERVER, LOCK_CLIENT, LOCK_SERVER) VALUES (?,?,?,?,?,?): 99,Key Establishment,true,true,true,true => rowid: 806","v":1}
{"level":30,"time":1589725316820,"pid":31086,"hostname":"localhost.localdomain","msg":"Executed insert: INSERT INTO DEVICE_TYPE_CLUSTER (DEVICE_TYPE_REF, CLUSTER_NAME, INCLUDE_CLIENT, INCLUDE_SERVER, LOCK_CLIENT, LOCK_SERVER) VALUES (?,?,?,?,?,?): 99,Power Configuration,false,false,true,false => rowid: 807","v":1}
{"level":30,"time":1589725316820,"pid":31086,"hostname":"localhost.localdomain","msg":"Executed insert: INSERT INTO DEVICE_TYPE_CLUSTER (DEVICE_TYPE_REF, CLUSTER_NAME, INCLUDE_CLIENT, INCLUDE_SERVER, LOCK_CLIENT, LOCK_SERVER) VALUES (?,?,?,?,?,?): 99,Commissioning,false,false,false,false => rowid: 808","v":1}
{"level":30,"time":1589725316821,"pid":31086,"hostname":"localhost.localdomain","msg":"Executed insert: INSERT INTO DEVICE_TYPE_CLUSTER (DEVICE_TYPE_REF, CLUSTER_NAME, INCLUDE_CLIENT, INCLUDE_SERVER, LOCK_CLIENT, LOCK_SERVER) VALUES (?,?,?,?,?,?): 99,Identify,false,false,true,false => rowid: 809","v":1}
{"level":30,"time":1589725316821,"pid":31086,"hostname":"localhost.localdomain","msg":"Executed insert: INSERT INTO DEVICE_TYPE_CLUSTER (DEVICE_TYPE_REF, CLUSTER_NAME, INCLUDE_CLIENT, INCLUDE_SERVER, LOCK_CLIENT, LOCK_SERVER) VALUES (?,?,?,?,?,?): 99,Events,false,false,true,false => rowid: 810","v":1}
{"level":30,"time":1589725316821,"pid":31086,"hostname":"localhost.localdomain","msg":"Executed insert: INSERT INTO DEVICE_TYPE_CLUSTER (DEVICE_TYPE_REF, CLUSTER_NAME, INCLUDE_CLIENT, INCLUDE_SERVER, LOCK_CLIENT, LOCK_SERVER) VALUES (?,?,?,?,?,?): 99,Over the Air Bootloading,false,false,false,false => rowid: 811","v":1}
{"level":30,"time":1589725316821,"pid":31086,"hostname":"localhost.localdomain","msg":"Executed insert: INSERT INTO DEVICE_TYPE_CLUSTER (DEVICE_TYPE_REF, CLUSTER_NAME, INCLUDE_CLIENT, INCLUDE_SERVER, LOCK_CLIENT, LOCK_SERVER) VALUES (?,?,?,?,?,?): 99,Tunneling,false,false,false,false => rowid: 812","v":1}
{"level":30,"time":1589725316821,"pid":31086,"hostname":"localhost.localdomain","msg":"Executed insert: INSERT INTO DEVICE_TYPE_CLUSTER (DEVICE_TYPE_REF, CLUSTER_NAME, INCLUDE_CLIENT, INCLUDE_SERVER, LOCK_CLIENT, LOCK_SERVER) VALUES (?,?,?,?,?,?): 99,Price,true,false,true,true => rowid: 813","v":1}
{"level":30,"time":1589725316821,"pid":31086,"hostname":"localhost.localdomain","msg":"Executed insert: INSERT INTO DEVICE_TYPE_CLUSTER (DEVICE_TYPE_REF, CLUSTER_NAME, INCLUDE_CLIENT, INCLUDE_SERVER, LOCK_CLIENT, LOCK_SERVER) VALUES (?,?,?,?,?,?): 99,Time,true,false,true,true => rowid: 814","v":1}
{"level":30,"time":1589725316821,"pid":31086,"hostname":"localhost.localdomain","msg":"Executed insert: INSERT INTO DEVICE_TYPE_CLUSTER (DEVICE_TYPE_REF, CLUSTER_NAME, INCLUDE_CLIENT, INCLUDE_SERVER, LOCK_CLIENT, LOCK_SERVER) VALUES (?,?,?,?,?,?): 99,Prepayment,true,true,true,true => rowid: 815","v":1}
{"level":30,"time":1589725316821,"pid":31086,"hostname":"localhost.localdomain","msg":"Executed insert: INSERT INTO DEVICE_TYPE_CLUSTER (DEVICE_TYPE_REF, CLUSTER_NAME, INCLUDE_CLIENT, INCLUDE_SERVER, LOCK_CLIENT, LOCK_SERVER) VALUES (?,?,?,?,?,?): 99,Demand Response and Load Control,false,false,false,true => rowid: 816","v":1}
{"level":30,"time":1589725316821,"pid":31086,"hostname":"localhost.localdomain","msg":"Executed insert: INSERT INTO DEVICE_TYPE_CLUSTER (DEVICE_TYPE_REF, CLUSTER_NAME, INCLUDE_CLIENT, INCLUDE_SERVER, LOCK_CLIENT, LOCK_SERVER) VALUES (?,?,?,?,?,?): 99,Calendar,false,false,false,true => rowid: 817","v":1}
{"level":30,"time":1589725316821,"pid":31086,"hostname":"localhost.localdomain","msg":"Executed insert: INSERT INTO DEVICE_TYPE_CLUSTER (DEVICE_TYPE_REF, CLUSTER_NAME, INCLUDE_CLIENT, INCLUDE_SERVER, LOCK_CLIENT, LOCK_SERVER) VALUES (?,?,?,?,?,?): 99,Simple Metering,false,false,false,true => rowid: 818","v":1}
{"level":30,"time":1589725316821,"pid":31086,"hostname":"localhost.localdomain","msg":"Executed insert: INSERT INTO DEVICE_TYPE_CLUSTER (DEVICE_TYPE_REF, CLUSTER_NAME, INCLUDE_CLIENT, INCLUDE_SERVER, LOCK_CLIENT, LOCK_SERVER) VALUES (?,?,?,?,?,?): 99,Messaging,false,false,false,true => rowid: 819","v":1}
{"level":30,"time":1589725316821,"pid":31086,"hostname":"localhost.localdomain","msg":"Executed insert: INSERT INTO DEVICE_TYPE_CLUSTER (DEVICE_TYPE_REF, CLUSTER_NAME, INCLUDE_CLIENT, INCLUDE_SERVER, LOCK_CLIENT, LOCK_SERVER) VALUES (?,?,?,?,?,?): 99,Device Management,false,false,false,true => rowid: 820","v":1}
{"level":30,"time":1589725316821,"pid":31086,"hostname":"localhost.localdomain","msg":"Executed insert: INSERT INTO DEVICE_TYPE_CLUSTER (DEVICE_TYPE_REF, CLUSTER_NAME, INCLUDE_CLIENT, INCLUDE_SERVER, LOCK_CLIENT, LOCK_SERVER) VALUES (?,?,?,?,?,?): 99,MDU Pairing,false,false,false,true => rowid: 821","v":1}
{"level":30,"time":1589725316821,"pid":31086,"hostname":"localhost.localdomain","msg":"Executed insert: INSERT INTO DEVICE_TYPE_CLUSTER (DEVICE_TYPE_REF, CLUSTER_NAME, INCLUDE_CLIENT, INCLUDE_SERVER, LOCK_CLIENT, LOCK_SERVER) VALUES (?,?,?,?,?,?): 99,Energy Management,false,false,false,true => rowid: 822","v":1}
{"level":30,"time":1589725316821,"pid":31086,"hostname":"localhost.localdomain","msg":"Executed insert: INSERT INTO DEVICE_TYPE_CLUSTER (DEVICE_TYPE_REF, CLUSTER_NAME, INCLUDE_CLIENT, INCLUDE_SERVER, LOCK_CLIENT, LOCK_SERVER) VALUES (?,?,?,?,?,?): 99,Tunneling,false,false,false,false => rowid: 823","v":1}
{"level":30,"time":1589725316821,"pid":31086,"hostname":"localhost.localdomain","msg":"Executed insert: INSERT INTO DEVICE_TYPE_CLUSTER (DEVICE_TYPE_REF, CLUSTER_NAME, INCLUDE_CLIENT, INCLUDE_SERVER, LOCK_CLIENT, LOCK_SERVER) VALUES (?,?,?,?,?,?): 99,Keep-Alive,false,false,false,false => rowid: 824","v":1}
{"level":30,"time":1589725316821,"pid":31086,"hostname":"localhost.localdomain","msg":"Executed insert: INSERT INTO DEVICE_TYPE_CLUSTER (DEVICE_TYPE_REF, CLUSTER_NAME, INCLUDE_CLIENT, INCLUDE_SERVER, LOCK_CLIENT, LOCK_SERVER) VALUES (?,?,?,?,?,?): 99,Alarms,false,false,true,false => rowid: 825","v":1}
{"level":30,"time":1589725316821,"pid":31086,"hostname":"localhost.localdomain","msg":"Preparing statement: INSERT INTO DEVICE_TYPE_ATTRIBUTE (DEVICE_TYPE_CLUSTER_REF, ATTRIBUTE_NAME) VALUES (?, ?) to insert 0 records.","v":1}
{"level":30,"time":1589725316821,"pid":31086,"hostname":"localhost.localdomain","msg":"Preparing statement: INSERT INTO DEVICE_TYPE_COMMAND (DEVICE_TYPE_CLUSTER_REF, COMMAND_NAME) VALUES (?, ?) to insert 0 records.","v":1}
{"level":30,"time":1589725316821,"pid":31086,"hostname":"localhost.localdomain","msg":"Executed insert: INSERT INTO DEVICE_TYPE_CLUSTER (DEVICE_TYPE_REF, CLUSTER_NAME, INCLUDE_CLIENT, INCLUDE_SERVER, LOCK_CLIENT, LOCK_SERVER) VALUES (?,?,?,?,?,?): 103,Basic,false,true,true,true => rowid: 826","v":1}
{"level":30,"time":1589725316821,"pid":31086,"hostname":"localhost.localdomain","msg":"Executed insert: INSERT INTO DEVICE_TYPE_CLUSTER (DEVICE_TYPE_REF, CLUSTER_NAME, INCLUDE_CLIENT, INCLUDE_SERVER, LOCK_CLIENT, LOCK_SERVER) VALUES (?,?,?,?,?,?): 103,Key Establishment,true,true,true,true => rowid: 827","v":1}
{"level":30,"time":1589725316821,"pid":31086,"hostname":"localhost.localdomain","msg":"Executed insert: INSERT INTO DEVICE_TYPE_CLUSTER (DEVICE_TYPE_REF, CLUSTER_NAME, INCLUDE_CLIENT, INCLUDE_SERVER, LOCK_CLIENT, LOCK_SERVER) VALUES (?,?,?,?,?,?): 103,Power Configuration,false,false,true,false => rowid: 828","v":1}
{"level":30,"time":1589725316821,"pid":31086,"hostname":"localhost.localdomain","msg":"Executed insert: INSERT INTO DEVICE_TYPE_CLUSTER (DEVICE_TYPE_REF, CLUSTER_NAME, INCLUDE_CLIENT, INCLUDE_SERVER, LOCK_CLIENT, LOCK_SERVER) VALUES (?,?,?,?,?,?): 103,Commissioning,false,false,false,false => rowid: 829","v":1}
{"level":30,"time":1589725316821,"pid":31086,"hostname":"localhost.localdomain","msg":"Executed insert: INSERT INTO DEVICE_TYPE_CLUSTER (DEVICE_TYPE_REF, CLUSTER_NAME, INCLUDE_CLIENT, INCLUDE_SERVER, LOCK_CLIENT, LOCK_SERVER) VALUES (?,?,?,?,?,?): 103,Identify,false,false,true,false => rowid: 830","v":1}
{"level":30,"time":1589725316822,"pid":31086,"hostname":"localhost.localdomain","msg":"Executed insert: INSERT INTO DEVICE_TYPE_CLUSTER (DEVICE_TYPE_REF, CLUSTER_NAME, INCLUDE_CLIENT, INCLUDE_SERVER, LOCK_CLIENT, LOCK_SERVER) VALUES (?,?,?,?,?,?): 103,Events,false,false,true,false => rowid: 831","v":1}
{"level":30,"time":1589725316822,"pid":31086,"hostname":"localhost.localdomain","msg":"Executed insert: INSERT INTO DEVICE_TYPE_CLUSTER (DEVICE_TYPE_REF, CLUSTER_NAME, INCLUDE_CLIENT, INCLUDE_SERVER, LOCK_CLIENT, LOCK_SERVER) VALUES (?,?,?,?,?,?): 103,Over the Air Bootloading,false,false,false,false => rowid: 832","v":1}
{"level":30,"time":1589725316822,"pid":31086,"hostname":"localhost.localdomain","msg":"Executed insert: INSERT INTO DEVICE_TYPE_CLUSTER (DEVICE_TYPE_REF, CLUSTER_NAME, INCLUDE_CLIENT, INCLUDE_SERVER, LOCK_CLIENT, LOCK_SERVER) VALUES (?,?,?,?,?,?): 103,Keep-Alive,false,false,false,false => rowid: 833","v":1}
{"level":30,"time":1589725316822,"pid":31086,"hostname":"localhost.localdomain","msg":"Preparing statement: INSERT INTO DEVICE_TYPE_ATTRIBUTE (DEVICE_TYPE_CLUSTER_REF, ATTRIBUTE_NAME) VALUES (?, ?) to insert 0 records.","v":1}
{"level":30,"time":1589725316822,"pid":31086,"hostname":"localhost.localdomain","msg":"Preparing statement: INSERT INTO DEVICE_TYPE_COMMAND (DEVICE_TYPE_CLUSTER_REF, COMMAND_NAME) VALUES (?, ?) to insert 0 records.","v":1}
{"level":30,"time":1589725316822,"pid":31086,"hostname":"localhost.localdomain","msg":"Executed insert: INSERT INTO DEVICE_TYPE_CLUSTER (DEVICE_TYPE_REF, CLUSTER_NAME, INCLUDE_CLIENT, INCLUDE_SERVER, LOCK_CLIENT, LOCK_SERVER) VALUES (?,?,?,?,?,?): 107,Basic,false,true,true,true => rowid: 834","v":1}
{"level":30,"time":1589725316822,"pid":31086,"hostname":"localhost.localdomain","msg":"Executed insert: INSERT INTO DEVICE_TYPE_CLUSTER (DEVICE_TYPE_REF, CLUSTER_NAME, INCLUDE_CLIENT, INCLUDE_SERVER, LOCK_CLIENT, LOCK_SERVER) VALUES (?,?,?,?,?,?): 107,Key Establishment,true,true,true,true => rowid: 835","v":1}
{"level":30,"time":1589725316822,"pid":31086,"hostname":"localhost.localdomain","msg":"Executed insert: INSERT INTO DEVICE_TYPE_CLUSTER (DEVICE_TYPE_REF, CLUSTER_NAME, INCLUDE_CLIENT, INCLUDE_SERVER, LOCK_CLIENT, LOCK_SERVER) VALUES (?,?,?,?,?,?): 107,Power Configuration,false,false,true,false => rowid: 836","v":1}
{"level":30,"time":1589725316822,"pid":31086,"hostname":"localhost.localdomain","msg":"Executed insert: INSERT INTO DEVICE_TYPE_CLUSTER (DEVICE_TYPE_REF, CLUSTER_NAME, INCLUDE_CLIENT, INCLUDE_SERVER, LOCK_CLIENT, LOCK_SERVER) VALUES (?,?,?,?,?,?): 107,Commissioning,false,false,false,false => rowid: 837","v":1}
{"level":30,"time":1589725316822,"pid":31086,"hostname":"localhost.localdomain","msg":"Executed insert: INSERT INTO DEVICE_TYPE_CLUSTER (DEVICE_TYPE_REF, CLUSTER_NAME, INCLUDE_CLIENT, INCLUDE_SERVER, LOCK_CLIENT, LOCK_SERVER) VALUES (?,?,?,?,?,?): 107,Events,false,false,true,false => rowid: 838","v":1}
{"level":30,"time":1589725316822,"pid":31086,"hostname":"localhost.localdomain","msg":"Executed insert: INSERT INTO DEVICE_TYPE_CLUSTER (DEVICE_TYPE_REF, CLUSTER_NAME, INCLUDE_CLIENT, INCLUDE_SERVER, LOCK_CLIENT, LOCK_SERVER) VALUES (?,?,?,?,?,?): 107,Identify,false,false,true,false => rowid: 839","v":1}
{"level":30,"time":1589725316822,"pid":31086,"hostname":"localhost.localdomain","msg":"Executed insert: INSERT INTO DEVICE_TYPE_CLUSTER (DEVICE_TYPE_REF, CLUSTER_NAME, INCLUDE_CLIENT, INCLUDE_SERVER, LOCK_CLIENT, LOCK_SERVER) VALUES (?,?,?,?,?,?): 107,Over the Air Bootloading,false,false,false,false => rowid: 840","v":1}
{"level":30,"time":1589725316822,"pid":31086,"hostname":"localhost.localdomain","msg":"Executed insert: INSERT INTO DEVICE_TYPE_CLUSTER (DEVICE_TYPE_REF, CLUSTER_NAME, INCLUDE_CLIENT, INCLUDE_SERVER, LOCK_CLIENT, LOCK_SERVER) VALUES (?,?,?,?,?,?): 107,Time,false,false,true,false => rowid: 841","v":1}
{"level":30,"time":1589725316822,"pid":31086,"hostname":"localhost.localdomain","msg":"Executed insert: INSERT INTO DEVICE_TYPE_CLUSTER (DEVICE_TYPE_REF, CLUSTER_NAME, INCLUDE_CLIENT, INCLUDE_SERVER, LOCK_CLIENT, LOCK_SERVER) VALUES (?,?,?,?,?,?): 107,Tunneling,false,false,false,false => rowid: 842","v":1}
{"level":30,"time":1589725316822,"pid":31086,"hostname":"localhost.localdomain","msg":"Executed insert: INSERT INTO DEVICE_TYPE_CLUSTER (DEVICE_TYPE_REF, CLUSTER_NAME, INCLUDE_CLIENT, INCLUDE_SERVER, LOCK_CLIENT, LOCK_SERVER) VALUES (?,?,?,?,?,?): 107,Keep-Alive,false,false,false,false => rowid: 843","v":1}
{"level":30,"time":1589725316822,"pid":31086,"hostname":"localhost.localdomain","msg":"Preparing statement: INSERT INTO DEVICE_TYPE_ATTRIBUTE (DEVICE_TYPE_CLUSTER_REF, ATTRIBUTE_NAME) VALUES (?, ?) to insert 0 records.","v":1}
{"level":30,"time":1589725316822,"pid":31086,"hostname":"localhost.localdomain","msg":"Preparing statement: INSERT INTO DEVICE_TYPE_COMMAND (DEVICE_TYPE_CLUSTER_REF, COMMAND_NAME) VALUES (?, ?) to insert 0 records.","v":1}
{"level":30,"time":1589725316822,"pid":31086,"hostname":"localhost.localdomain","msg":"Executed insert: INSERT INTO DEVICE_TYPE_CLUSTER (DEVICE_TYPE_REF, CLUSTER_NAME, INCLUDE_CLIENT, INCLUDE_SERVER, LOCK_CLIENT, LOCK_SERVER) VALUES (?,?,?,?,?,?): 111,Basic,false,true,true,true => rowid: 844","v":1}
{"level":30,"time":1589725316822,"pid":31086,"hostname":"localhost.localdomain","msg":"Executed insert: INSERT INTO DEVICE_TYPE_CLUSTER (DEVICE_TYPE_REF, CLUSTER_NAME, INCLUDE_CLIENT, INCLUDE_SERVER, LOCK_CLIENT, LOCK_SERVER) VALUES (?,?,?,?,?,?): 111,Key Establishment,true,true,true,true => rowid: 845","v":1}
{"level":30,"time":1589725316822,"pid":31086,"hostname":"localhost.localdomain","msg":"Executed insert: INSERT INTO DEVICE_TYPE_CLUSTER (DEVICE_TYPE_REF, CLUSTER_NAME, INCLUDE_CLIENT, INCLUDE_SERVER, LOCK_CLIENT, LOCK_SERVER) VALUES (?,?,?,?,?,?): 111,Power Configuration,false,false,true,false => rowid: 846","v":1}
{"level":30,"time":1589725316822,"pid":31086,"hostname":"localhost.localdomain","msg":"Executed insert: INSERT INTO DEVICE_TYPE_CLUSTER (DEVICE_TYPE_REF, CLUSTER_NAME, INCLUDE_CLIENT, INCLUDE_SERVER, LOCK_CLIENT, LOCK_SERVER) VALUES (?,?,?,?,?,?): 111,Commissioning,false,false,false,false => rowid: 847","v":1}
{"level":30,"time":1589725316822,"pid":31086,"hostname":"localhost.localdomain","msg":"Executed insert: INSERT INTO DEVICE_TYPE_CLUSTER (DEVICE_TYPE_REF, CLUSTER_NAME, INCLUDE_CLIENT, INCLUDE_SERVER, LOCK_CLIENT, LOCK_SERVER) VALUES (?,?,?,?,?,?): 111,Identify,false,false,true,false => rowid: 848","v":1}
{"level":30,"time":1589725316822,"pid":31086,"hostname":"localhost.localdomain","msg":"Executed insert: INSERT INTO DEVICE_TYPE_CLUSTER (DEVICE_TYPE_REF, CLUSTER_NAME, INCLUDE_CLIENT, INCLUDE_SERVER, LOCK_CLIENT, LOCK_SERVER) VALUES (?,?,?,?,?,?): 111,Events,false,false,true,false => rowid: 849","v":1}
{"level":30,"time":1589725316822,"pid":31086,"hostname":"localhost.localdomain","msg":"Executed insert: INSERT INTO DEVICE_TYPE_CLUSTER (DEVICE_TYPE_REF, CLUSTER_NAME, INCLUDE_CLIENT, INCLUDE_SERVER, LOCK_CLIENT, LOCK_SERVER) VALUES (?,?,?,?,?,?): 111,Over the Air Bootloading,false,false,false,false => rowid: 850","v":1}
{"level":30,"time":1589725316822,"pid":31086,"hostname":"localhost.localdomain","msg":"Executed insert: INSERT INTO DEVICE_TYPE_CLUSTER (DEVICE_TYPE_REF, CLUSTER_NAME, INCLUDE_CLIENT, INCLUDE_SERVER, LOCK_CLIENT, LOCK_SERVER) VALUES (?,?,?,?,?,?): 111,Sub-GHz,false,false,false,true => rowid: 851","v":1}
{"level":30,"time":1589725316822,"pid":31086,"hostname":"localhost.localdomain","msg":"Preparing statement: INSERT INTO DEVICE_TYPE_ATTRIBUTE (DEVICE_TYPE_CLUSTER_REF, ATTRIBUTE_NAME) VALUES (?, ?) to insert 0 records.","v":1}
{"level":30,"time":1589725316822,"pid":31086,"hostname":"localhost.localdomain","msg":"Preparing statement: INSERT INTO DEVICE_TYPE_COMMAND (DEVICE_TYPE_CLUSTER_REF, COMMAND_NAME) VALUES (?, ?) to insert 0 records.","v":1}
{"level":30,"time":1589725316822,"pid":31086,"hostname":"localhost.localdomain","msg":"Executed insert: INSERT INTO DEVICE_TYPE_CLUSTER (DEVICE_TYPE_REF, CLUSTER_NAME, INCLUDE_CLIENT, INCLUDE_SERVER, LOCK_CLIENT, LOCK_SERVER) VALUES (?,?,?,?,?,?): 114,Basic,false,true,true,true => rowid: 852","v":1}
{"level":30,"time":1589725316822,"pid":31086,"hostname":"localhost.localdomain","msg":"Executed insert: INSERT INTO DEVICE_TYPE_CLUSTER (DEVICE_TYPE_REF, CLUSTER_NAME, INCLUDE_CLIENT, INCLUDE_SERVER, LOCK_CLIENT, LOCK_SERVER) VALUES (?,?,?,?,?,?): 114,Key Establishment,true,true,true,true => rowid: 853","v":1}
{"level":30,"time":1589725316822,"pid":31086,"hostname":"localhost.localdomain","msg":"Executed insert: INSERT INTO DEVICE_TYPE_CLUSTER (DEVICE_TYPE_REF, CLUSTER_NAME, INCLUDE_CLIENT, INCLUDE_SERVER, LOCK_CLIENT, LOCK_SERVER) VALUES (?,?,?,?,?,?): 114,Power Configuration,false,false,true,false => rowid: 854","v":1}
{"level":30,"time":1589725316822,"pid":31086,"hostname":"localhost.localdomain","msg":"Executed insert: INSERT INTO DEVICE_TYPE_CLUSTER (DEVICE_TYPE_REF, CLUSTER_NAME, INCLUDE_CLIENT, INCLUDE_SERVER, LOCK_CLIENT, LOCK_SERVER) VALUES (?,?,?,?,?,?): 114,Commissioning,false,false,false,false => rowid: 855","v":1}
{"level":30,"time":1589725316822,"pid":31086,"hostname":"localhost.localdomain","msg":"Executed insert: INSERT INTO DEVICE_TYPE_CLUSTER (DEVICE_TYPE_REF, CLUSTER_NAME, INCLUDE_CLIENT, INCLUDE_SERVER, LOCK_CLIENT, LOCK_SERVER) VALUES (?,?,?,?,?,?): 114,Identify,false,false,true,false => rowid: 856","v":1}
{"level":30,"time":1589725316822,"pid":31086,"hostname":"localhost.localdomain","msg":"Executed insert: INSERT INTO DEVICE_TYPE_CLUSTER (DEVICE_TYPE_REF, CLUSTER_NAME, INCLUDE_CLIENT, INCLUDE_SERVER, LOCK_CLIENT, LOCK_SERVER) VALUES (?,?,?,?,?,?): 114,Events,false,false,false,false => rowid: 857","v":1}
{"level":30,"time":1589725316823,"pid":31086,"hostname":"localhost.localdomain","msg":"Executed insert: INSERT INTO DEVICE_TYPE_CLUSTER (DEVICE_TYPE_REF, CLUSTER_NAME, INCLUDE_CLIENT, INCLUDE_SERVER, LOCK_CLIENT, LOCK_SERVER) VALUES (?,?,?,?,?,?): 114,Over the Air Bootloading,false,false,false,false => rowid: 858","v":1}
{"level":30,"time":1589725316823,"pid":31086,"hostname":"localhost.localdomain","msg":"Executed insert: INSERT INTO DEVICE_TYPE_CLUSTER (DEVICE_TYPE_REF, CLUSTER_NAME, INCLUDE_CLIENT, INCLUDE_SERVER, LOCK_CLIENT, LOCK_SERVER) VALUES (?,?,?,?,?,?): 114,Messaging,false,true,true,true => rowid: 859","v":1}
{"level":30,"time":1589725316823,"pid":31086,"hostname":"localhost.localdomain","msg":"Executed insert: INSERT INTO DEVICE_TYPE_CLUSTER (DEVICE_TYPE_REF, CLUSTER_NAME, INCLUDE_CLIENT, INCLUDE_SERVER, LOCK_CLIENT, LOCK_SERVER) VALUES (?,?,?,?,?,?): 114,Price,false,true,false,true => rowid: 860","v":1}
{"level":30,"time":1589725316823,"pid":31086,"hostname":"localhost.localdomain","msg":"Executed insert: INSERT INTO DEVICE_TYPE_CLUSTER (DEVICE_TYPE_REF, CLUSTER_NAME, INCLUDE_CLIENT, INCLUDE_SERVER, LOCK_CLIENT, LOCK_SERVER) VALUES (?,?,?,?,?,?): 114,Demand Response and Load Control,false,true,true,true => rowid: 861","v":1}
{"level":30,"time":1589725316823,"pid":31086,"hostname":"localhost.localdomain","msg":"Executed insert: INSERT INTO DEVICE_TYPE_CLUSTER (DEVICE_TYPE_REF, CLUSTER_NAME, INCLUDE_CLIENT, INCLUDE_SERVER, LOCK_CLIENT, LOCK_SERVER) VALUES (?,?,?,?,?,?): 114,Time,false,true,false,true => rowid: 862","v":1}
{"level":30,"time":1589725316823,"pid":31086,"hostname":"localhost.localdomain","msg":"Executed insert: INSERT INTO DEVICE_TYPE_CLUSTER (DEVICE_TYPE_REF, CLUSTER_NAME, INCLUDE_CLIENT, INCLUDE_SERVER, LOCK_CLIENT, LOCK_SERVER) VALUES (?,?,?,?,?,?): 114,Calendar,false,false,true,false => rowid: 863","v":1}
{"level":30,"time":1589725316823,"pid":31086,"hostname":"localhost.localdomain","msg":"Executed insert: INSERT INTO DEVICE_TYPE_CLUSTER (DEVICE_TYPE_REF, CLUSTER_NAME, INCLUDE_CLIENT, INCLUDE_SERVER, LOCK_CLIENT, LOCK_SERVER) VALUES (?,?,?,?,?,?): 114,Simple Metering,false,false,false,false => rowid: 864","v":1}
{"level":30,"time":1589725316823,"pid":31086,"hostname":"localhost.localdomain","msg":"Executed insert: INSERT INTO DEVICE_TYPE_CLUSTER (DEVICE_TYPE_REF, CLUSTER_NAME, INCLUDE_CLIENT, INCLUDE_SERVER, LOCK_CLIENT, LOCK_SERVER) VALUES (?,?,?,?,?,?): 114,Prepayment,false,false,false,false => rowid: 865","v":1}
{"level":30,"time":1589725316823,"pid":31086,"hostname":"localhost.localdomain","msg":"Executed insert: INSERT INTO DEVICE_TYPE_CLUSTER (DEVICE_TYPE_REF, CLUSTER_NAME, INCLUDE_CLIENT, INCLUDE_SERVER, LOCK_CLIENT, LOCK_SERVER) VALUES (?,?,?,?,?,?): 114,Device Management,false,false,false,false => rowid: 866","v":1}
{"level":30,"time":1589725316823,"pid":31086,"hostname":"localhost.localdomain","msg":"Executed insert: INSERT INTO DEVICE_TYPE_CLUSTER (DEVICE_TYPE_REF, CLUSTER_NAME, INCLUDE_CLIENT, INCLUDE_SERVER, LOCK_CLIENT, LOCK_SERVER) VALUES (?,?,?,?,?,?): 114,Alarms,false,false,true,false => rowid: 867","v":1}
{"level":30,"time":1589725316823,"pid":31086,"hostname":"localhost.localdomain","msg":"Executed insert: INSERT INTO DEVICE_TYPE_CLUSTER (DEVICE_TYPE_REF, CLUSTER_NAME, INCLUDE_CLIENT, INCLUDE_SERVER, LOCK_CLIENT, LOCK_SERVER) VALUES (?,?,?,?,?,?): 114,MDU Pairing,false,false,false,false => rowid: 868","v":1}
{"level":30,"time":1589725316823,"pid":31086,"hostname":"localhost.localdomain","msg":"Executed insert: INSERT INTO DEVICE_TYPE_CLUSTER (DEVICE_TYPE_REF, CLUSTER_NAME, INCLUDE_CLIENT, INCLUDE_SERVER, LOCK_CLIENT, LOCK_SERVER) VALUES (?,?,?,?,?,?): 114,Energy Management,false,false,false,true => rowid: 869","v":1}
{"level":30,"time":1589725316823,"pid":31086,"hostname":"localhost.localdomain","msg":"Executed insert: INSERT INTO DEVICE_TYPE_CLUSTER (DEVICE_TYPE_REF, CLUSTER_NAME, INCLUDE_CLIENT, INCLUDE_SERVER, LOCK_CLIENT, LOCK_SERVER) VALUES (?,?,?,?,?,?): 114,Tunneling,false,false,false,false => rowid: 870","v":1}
{"level":30,"time":1589725316823,"pid":31086,"hostname":"localhost.localdomain","msg":"Executed insert: INSERT INTO DEVICE_TYPE_CLUSTER (DEVICE_TYPE_REF, CLUSTER_NAME, INCLUDE_CLIENT, INCLUDE_SERVER, LOCK_CLIENT, LOCK_SERVER) VALUES (?,?,?,?,?,?): 114,Keep-Alive,false,false,false,false => rowid: 871","v":1}
{"level":30,"time":1589725316823,"pid":31086,"hostname":"localhost.localdomain","msg":"Executed insert: INSERT INTO DEVICE_TYPE_CLUSTER (DEVICE_TYPE_REF, CLUSTER_NAME, INCLUDE_CLIENT, INCLUDE_SERVER, LOCK_CLIENT, LOCK_SERVER) VALUES (?,?,?,?,?,?): 114,Sub-GHz,false,false,false,false => rowid: 872","v":1}
{"level":30,"time":1589725316823,"pid":31086,"hostname":"localhost.localdomain","msg":"Preparing statement: INSERT INTO DEVICE_TYPE_ATTRIBUTE (DEVICE_TYPE_CLUSTER_REF, ATTRIBUTE_NAME) VALUES (?, ?) to insert 0 records.","v":1}
{"level":30,"time":1589725316823,"pid":31086,"hostname":"localhost.localdomain","msg":"Preparing statement: INSERT INTO DEVICE_TYPE_COMMAND (DEVICE_TYPE_CLUSTER_REF, COMMAND_NAME) VALUES (?, ?) to insert 0 records.","v":1}
{"level":30,"time":1589725316823,"pid":31086,"hostname":"localhost.localdomain","msg":"Executed insert: INSERT INTO DEVICE_TYPE_CLUSTER (DEVICE_TYPE_REF, CLUSTER_NAME, INCLUDE_CLIENT, INCLUDE_SERVER, LOCK_CLIENT, LOCK_SERVER) VALUES (?,?,?,?,?,?): 117,Basic,false,true,true,true => rowid: 873","v":1}
{"level":30,"time":1589725316823,"pid":31086,"hostname":"localhost.localdomain","msg":"Executed insert: INSERT INTO DEVICE_TYPE_CLUSTER (DEVICE_TYPE_REF, CLUSTER_NAME, INCLUDE_CLIENT, INCLUDE_SERVER, LOCK_CLIENT, LOCK_SERVER) VALUES (?,?,?,?,?,?): 117,Key Establishment,true,true,true,true => rowid: 874","v":1}
{"level":30,"time":1589725316823,"pid":31086,"hostname":"localhost.localdomain","msg":"Executed insert: INSERT INTO DEVICE_TYPE_CLUSTER (DEVICE_TYPE_REF, CLUSTER_NAME, INCLUDE_CLIENT, INCLUDE_SERVER, LOCK_CLIENT, LOCK_SERVER) VALUES (?,?,?,?,?,?): 117,Power Configuration,false,false,true,false => rowid: 875","v":1}
{"level":30,"time":1589725316823,"pid":31086,"hostname":"localhost.localdomain","msg":"Executed insert: INSERT INTO DEVICE_TYPE_CLUSTER (DEVICE_TYPE_REF, CLUSTER_NAME, INCLUDE_CLIENT, INCLUDE_SERVER, LOCK_CLIENT, LOCK_SERVER) VALUES (?,?,?,?,?,?): 117,Commissioning,false,false,false,false => rowid: 876","v":1}
{"level":30,"time":1589725316824,"pid":31086,"hostname":"localhost.localdomain","msg":"Executed insert: INSERT INTO DEVICE_TYPE_CLUSTER (DEVICE_TYPE_REF, CLUSTER_NAME, INCLUDE_CLIENT, INCLUDE_SERVER, LOCK_CLIENT, LOCK_SERVER) VALUES (?,?,?,?,?,?): 117,Identify,false,false,true,false => rowid: 877","v":1}
{"level":30,"time":1589725316824,"pid":31086,"hostname":"localhost.localdomain","msg":"Executed insert: INSERT INTO DEVICE_TYPE_CLUSTER (DEVICE_TYPE_REF, CLUSTER_NAME, INCLUDE_CLIENT, INCLUDE_SERVER, LOCK_CLIENT, LOCK_SERVER) VALUES (?,?,?,?,?,?): 117,Events,false,false,true,false => rowid: 878","v":1}
{"level":30,"time":1589725316824,"pid":31086,"hostname":"localhost.localdomain","msg":"Executed insert: INSERT INTO DEVICE_TYPE_CLUSTER (DEVICE_TYPE_REF, CLUSTER_NAME, INCLUDE_CLIENT, INCLUDE_SERVER, LOCK_CLIENT, LOCK_SERVER) VALUES (?,?,?,?,?,?): 117,Over the Air Bootloading,false,false,false,false => rowid: 879","v":1}
{"level":30,"time":1589725316824,"pid":31086,"hostname":"localhost.localdomain","msg":"Executed insert: INSERT INTO DEVICE_TYPE_CLUSTER (DEVICE_TYPE_REF, CLUSTER_NAME, INCLUDE_CLIENT, INCLUDE_SERVER, LOCK_CLIENT, LOCK_SERVER) VALUES (?,?,?,?,?,?): 117,Simple Metering,false,true,true,true => rowid: 880","v":1}
{"level":30,"time":1589725316824,"pid":31086,"hostname":"localhost.localdomain","msg":"Executed insert: INSERT INTO DEVICE_TYPE_CLUSTER (DEVICE_TYPE_REF, CLUSTER_NAME, INCLUDE_CLIENT, INCLUDE_SERVER, LOCK_CLIENT, LOCK_SERVER) VALUES (?,?,?,?,?,?): 117,Time,false,false,false,true => rowid: 881","v":1}
{"level":30,"time":1589725316824,"pid":31086,"hostname":"localhost.localdomain","msg":"Executed insert: INSERT INTO DEVICE_TYPE_CLUSTER (DEVICE_TYPE_REF, CLUSTER_NAME, INCLUDE_CLIENT, INCLUDE_SERVER, LOCK_CLIENT, LOCK_SERVER) VALUES (?,?,?,?,?,?): 117,Prepayment,false,false,true,false => rowid: 882","v":1}
{"level":30,"time":1589725316824,"pid":31086,"hostname":"localhost.localdomain","msg":"Executed insert: INSERT INTO DEVICE_TYPE_CLUSTER (DEVICE_TYPE_REF, CLUSTER_NAME, INCLUDE_CLIENT, INCLUDE_SERVER, LOCK_CLIENT, LOCK_SERVER) VALUES (?,?,?,?,?,?): 117,Price,false,false,false,true => rowid: 883","v":1}
{"level":30,"time":1589725316824,"pid":31086,"hostname":"localhost.localdomain","msg":"Executed insert: INSERT INTO DEVICE_TYPE_CLUSTER (DEVICE_TYPE_REF, CLUSTER_NAME, INCLUDE_CLIENT, INCLUDE_SERVER, LOCK_CLIENT, LOCK_SERVER) VALUES (?,?,?,?,?,?): 117,Device Management,false,false,false,true => rowid: 884","v":1}
{"level":30,"time":1589725316824,"pid":31086,"hostname":"localhost.localdomain","msg":"Executed insert: INSERT INTO DEVICE_TYPE_CLUSTER (DEVICE_TYPE_REF, CLUSTER_NAME, INCLUDE_CLIENT, INCLUDE_SERVER, LOCK_CLIENT, LOCK_SERVER) VALUES (?,?,?,?,?,?): 117,MDU Pairing,false,false,false,true => rowid: 885","v":1}
{"level":30,"time":1589725316824,"pid":31086,"hostname":"localhost.localdomain","msg":"Executed insert: INSERT INTO DEVICE_TYPE_CLUSTER (DEVICE_TYPE_REF, CLUSTER_NAME, INCLUDE_CLIENT, INCLUDE_SERVER, LOCK_CLIENT, LOCK_SERVER) VALUES (?,?,?,?,?,?): 117,Alarms,false,false,true,false => rowid: 886","v":1}
{"level":30,"time":1589725316824,"pid":31086,"hostname":"localhost.localdomain","msg":"Executed insert: INSERT INTO DEVICE_TYPE_CLUSTER (DEVICE_TYPE_REF, CLUSTER_NAME, INCLUDE_CLIENT, INCLUDE_SERVER, LOCK_CLIENT, LOCK_SERVER) VALUES (?,?,?,?,?,?): 117,Tunneling,false,false,false,false => rowid: 887","v":1}
{"level":30,"time":1589725316824,"pid":31086,"hostname":"localhost.localdomain","msg":"Executed insert: INSERT INTO DEVICE_TYPE_CLUSTER (DEVICE_TYPE_REF, CLUSTER_NAME, INCLUDE_CLIENT, INCLUDE_SERVER, LOCK_CLIENT, LOCK_SERVER) VALUES (?,?,?,?,?,?): 117,Messaging,false,false,false,true => rowid: 888","v":1}
{"level":30,"time":1589725316824,"pid":31086,"hostname":"localhost.localdomain","msg":"Executed insert: INSERT INTO DEVICE_TYPE_CLUSTER (DEVICE_TYPE_REF, CLUSTER_NAME, INCLUDE_CLIENT, INCLUDE_SERVER, LOCK_CLIENT, LOCK_SERVER) VALUES (?,?,?,?,?,?): 117,Sub-GHz,false,false,false,true => rowid: 889","v":1}
{"level":30,"time":1589725316824,"pid":31086,"hostname":"localhost.localdomain","msg":"Executed insert: INSERT INTO DEVICE_TYPE_CLUSTER (DEVICE_TYPE_REF, CLUSTER_NAME, INCLUDE_CLIENT, INCLUDE_SERVER, LOCK_CLIENT, LOCK_SERVER) VALUES (?,?,?,?,?,?): 117,Calendar,false,false,false,true => rowid: 890","v":1}
{"level":30,"time":1589725316824,"pid":31086,"hostname":"localhost.localdomain","msg":"Executed insert: INSERT INTO DEVICE_TYPE_CLUSTER (DEVICE_TYPE_REF, CLUSTER_NAME, INCLUDE_CLIENT, INCLUDE_SERVER, LOCK_CLIENT, LOCK_SERVER) VALUES (?,?,?,?,?,?): 117,Keep-Alive,false,false,false,false => rowid: 891","v":1}
{"level":30,"time":1589725316824,"pid":31086,"hostname":"localhost.localdomain","msg":"Preparing statement: INSERT INTO DEVICE_TYPE_ATTRIBUTE (DEVICE_TYPE_CLUSTER_REF, ATTRIBUTE_NAME) VALUES (?, ?) to insert 0 records.","v":1}
{"level":30,"time":1589725316824,"pid":31086,"hostname":"localhost.localdomain","msg":"Preparing statement: INSERT INTO DEVICE_TYPE_COMMAND (DEVICE_TYPE_CLUSTER_REF, COMMAND_NAME) VALUES (?, ?) to insert 0 records.","v":1}
{"level":30,"time":1589725316824,"pid":31086,"hostname":"localhost.localdomain","msg":"Executed insert: INSERT INTO DEVICE_TYPE_CLUSTER (DEVICE_TYPE_REF, CLUSTER_NAME, INCLUDE_CLIENT, INCLUDE_SERVER, LOCK_CLIENT, LOCK_SERVER) VALUES (?,?,?,?,?,?): 120,Basic,false,true,true,true => rowid: 892","v":1}
{"level":30,"time":1589725316824,"pid":31086,"hostname":"localhost.localdomain","msg":"Executed insert: INSERT INTO DEVICE_TYPE_CLUSTER (DEVICE_TYPE_REF, CLUSTER_NAME, INCLUDE_CLIENT, INCLUDE_SERVER, LOCK_CLIENT, LOCK_SERVER) VALUES (?,?,?,?,?,?): 120,Key Establishment,true,true,true,true => rowid: 893","v":1}
{"level":30,"time":1589725316825,"pid":31086,"hostname":"localhost.localdomain","msg":"Executed insert: INSERT INTO DEVICE_TYPE_CLUSTER (DEVICE_TYPE_REF, CLUSTER_NAME, INCLUDE_CLIENT, INCLUDE_SERVER, LOCK_CLIENT, LOCK_SERVER) VALUES (?,?,?,?,?,?): 120,Power Configuration,false,false,true,false => rowid: 894","v":1}
{"level":30,"time":1589725316825,"pid":31086,"hostname":"localhost.localdomain","msg":"Executed insert: INSERT INTO DEVICE_TYPE_CLUSTER (DEVICE_TYPE_REF, CLUSTER_NAME, INCLUDE_CLIENT, INCLUDE_SERVER, LOCK_CLIENT, LOCK_SERVER) VALUES (?,?,?,?,?,?): 120,Commissioning,false,false,false,false => rowid: 895","v":1}
{"level":30,"time":1589725316825,"pid":31086,"hostname":"localhost.localdomain","msg":"Executed insert: INSERT INTO DEVICE_TYPE_CLUSTER (DEVICE_TYPE_REF, CLUSTER_NAME, INCLUDE_CLIENT, INCLUDE_SERVER, LOCK_CLIENT, LOCK_SERVER) VALUES (?,?,?,?,?,?): 120,Identify,false,false,true,false => rowid: 896","v":1}
{"level":30,"time":1589725316825,"pid":31086,"hostname":"localhost.localdomain","msg":"Executed insert: INSERT INTO DEVICE_TYPE_CLUSTER (DEVICE_TYPE_REF, CLUSTER_NAME, INCLUDE_CLIENT, INCLUDE_SERVER, LOCK_CLIENT, LOCK_SERVER) VALUES (?,?,?,?,?,?): 120,Simple Metering,false,true,false,true => rowid: 897","v":1}
{"level":30,"time":1589725316825,"pid":31086,"hostname":"localhost.localdomain","msg":"Executed insert: INSERT INTO DEVICE_TYPE_CLUSTER (DEVICE_TYPE_REF, CLUSTER_NAME, INCLUDE_CLIENT, INCLUDE_SERVER, LOCK_CLIENT, LOCK_SERVER) VALUES (?,?,?,?,?,?): 120,Events,false,false,false,false => rowid: 898","v":1}
{"level":30,"time":1589725316825,"pid":31086,"hostname":"localhost.localdomain","msg":"Executed insert: INSERT INTO DEVICE_TYPE_CLUSTER (DEVICE_TYPE_REF, CLUSTER_NAME, INCLUDE_CLIENT, INCLUDE_SERVER, LOCK_CLIENT, LOCK_SERVER) VALUES (?,?,?,?,?,?): 120,Time,false,false,false,true => rowid: 899","v":1}
{"level":30,"time":1589725316825,"pid":31086,"hostname":"localhost.localdomain","msg":"Executed insert: INSERT INTO DEVICE_TYPE_CLUSTER (DEVICE_TYPE_REF, CLUSTER_NAME, INCLUDE_CLIENT, INCLUDE_SERVER, LOCK_CLIENT, LOCK_SERVER) VALUES (?,?,?,?,?,?): 120,Price,false,false,false,true => rowid: 900","v":1}
{"level":30,"time":1589725316825,"pid":31086,"hostname":"localhost.localdomain","msg":"Executed insert: INSERT INTO DEVICE_TYPE_CLUSTER (DEVICE_TYPE_REF, CLUSTER_NAME, INCLUDE_CLIENT, INCLUDE_SERVER, LOCK_CLIENT, LOCK_SERVER) VALUES (?,?,?,?,?,?): 120,Calendar,false,false,false,true => rowid: 901","v":1}
{"level":30,"time":1589725316825,"pid":31086,"hostname":"localhost.localdomain","msg":"Executed insert: INSERT INTO DEVICE_TYPE_CLUSTER (DEVICE_TYPE_REF, CLUSTER_NAME, INCLUDE_CLIENT, INCLUDE_SERVER, LOCK_CLIENT, LOCK_SERVER) VALUES (?,?,?,?,?,?): 120,Messaging,false,false,false,true => rowid: 902","v":1}
{"level":30,"time":1589725316825,"pid":31086,"hostname":"localhost.localdomain","msg":"Executed insert: INSERT INTO DEVICE_TYPE_CLUSTER (DEVICE_TYPE_REF, CLUSTER_NAME, INCLUDE_CLIENT, INCLUDE_SERVER, LOCK_CLIENT, LOCK_SERVER) VALUES (?,?,?,?,?,?): 120,Device Management,false,false,false,true => rowid: 903","v":1}
{"level":30,"time":1589725316825,"pid":31086,"hostname":"localhost.localdomain","msg":"Executed insert: INSERT INTO DEVICE_TYPE_CLUSTER (DEVICE_TYPE_REF, CLUSTER_NAME, INCLUDE_CLIENT, INCLUDE_SERVER, LOCK_CLIENT, LOCK_SERVER) VALUES (?,?,?,?,?,?): 120,MDU Pairing,false,false,false,true => rowid: 904","v":1}
{"level":30,"time":1589725316825,"pid":31086,"hostname":"localhost.localdomain","msg":"Executed insert: INSERT INTO DEVICE_TYPE_CLUSTER (DEVICE_TYPE_REF, CLUSTER_NAME, INCLUDE_CLIENT, INCLUDE_SERVER, LOCK_CLIENT, LOCK_SERVER) VALUES (?,?,?,?,?,?): 120,Alarms,false,false,true,false => rowid: 905","v":1}
{"level":30,"time":1589725316825,"pid":31086,"hostname":"localhost.localdomain","msg":"Executed insert: INSERT INTO DEVICE_TYPE_CLUSTER (DEVICE_TYPE_REF, CLUSTER_NAME, INCLUDE_CLIENT, INCLUDE_SERVER, LOCK_CLIENT, LOCK_SERVER) VALUES (?,?,?,?,?,?): 120,Tunneling,false,false,false,false => rowid: 906","v":1}
{"level":30,"time":1589725316825,"pid":31086,"hostname":"localhost.localdomain","msg":"Executed insert: INSERT INTO DEVICE_TYPE_CLUSTER (DEVICE_TYPE_REF, CLUSTER_NAME, INCLUDE_CLIENT, INCLUDE_SERVER, LOCK_CLIENT, LOCK_SERVER) VALUES (?,?,?,?,?,?): 120,Keep-Alive,false,false,false,false => rowid: 907","v":1}
{"level":30,"time":1589725316825,"pid":31086,"hostname":"localhost.localdomain","msg":"Executed insert: INSERT INTO DEVICE_TYPE_CLUSTER (DEVICE_TYPE_REF, CLUSTER_NAME, INCLUDE_CLIENT, INCLUDE_SERVER, LOCK_CLIENT, LOCK_SERVER) VALUES (?,?,?,?,?,?): 120,Sub-GHz,false,false,false,true => rowid: 908","v":1}
{"level":30,"time":1589725316825,"pid":31086,"hostname":"localhost.localdomain","msg":"Executed insert: INSERT INTO DEVICE_TYPE_CLUSTER (DEVICE_TYPE_REF, CLUSTER_NAME, INCLUDE_CLIENT, INCLUDE_SERVER, LOCK_CLIENT, LOCK_SERVER) VALUES (?,?,?,?,?,?): 120,Over the Air Bootloading,false,false,false,false => rowid: 909","v":1}
{"level":30,"time":1589725316825,"pid":31086,"hostname":"localhost.localdomain","msg":"Executed insert: INSERT INTO DEVICE_TYPE_CLUSTER (DEVICE_TYPE_REF, CLUSTER_NAME, INCLUDE_CLIENT, INCLUDE_SERVER, LOCK_CLIENT, LOCK_SERVER) VALUES (?,?,?,?,?,?): 120,Prepayment,false,false,false,false => rowid: 910","v":1}
{"level":30,"time":1589725316825,"pid":31086,"hostname":"localhost.localdomain","msg":"Preparing statement: INSERT INTO DEVICE_TYPE_ATTRIBUTE (DEVICE_TYPE_CLUSTER_REF, ATTRIBUTE_NAME) VALUES (?, ?) to insert 0 records.","v":1}
{"level":30,"time":1589725316825,"pid":31086,"hostname":"localhost.localdomain","msg":"Preparing statement: INSERT INTO DEVICE_TYPE_COMMAND (DEVICE_TYPE_CLUSTER_REF, COMMAND_NAME) VALUES (?, ?) to insert 0 records.","v":1}
{"level":30,"time":1589725316825,"pid":31086,"hostname":"localhost.localdomain","msg":"Executed insert: INSERT INTO DEVICE_TYPE_CLUSTER (DEVICE_TYPE_REF, CLUSTER_NAME, INCLUDE_CLIENT, INCLUDE_SERVER, LOCK_CLIENT, LOCK_SERVER) VALUES (?,?,?,?,?,?): 123,Basic,false,true,true,true => rowid: 911","v":1}
{"level":30,"time":1589725316825,"pid":31086,"hostname":"localhost.localdomain","msg":"Executed insert: INSERT INTO DEVICE_TYPE_CLUSTER (DEVICE_TYPE_REF, CLUSTER_NAME, INCLUDE_CLIENT, INCLUDE_SERVER, LOCK_CLIENT, LOCK_SERVER) VALUES (?,?,?,?,?,?): 123,Key Establishment,true,true,true,true => rowid: 912","v":1}
{"level":30,"time":1589725316826,"pid":31086,"hostname":"localhost.localdomain","msg":"Executed insert: INSERT INTO DEVICE_TYPE_CLUSTER (DEVICE_TYPE_REF, CLUSTER_NAME, INCLUDE_CLIENT, INCLUDE_SERVER, LOCK_CLIENT, LOCK_SERVER) VALUES (?,?,?,?,?,?): 123,Identify,false,false,true,false => rowid: 913","v":1}
{"level":30,"time":1589725316826,"pid":31086,"hostname":"localhost.localdomain","msg":"Executed insert: INSERT INTO DEVICE_TYPE_CLUSTER (DEVICE_TYPE_REF, CLUSTER_NAME, INCLUDE_CLIENT, INCLUDE_SERVER, LOCK_CLIENT, LOCK_SERVER) VALUES (?,?,?,?,?,?): 123,Events,false,false,false,false => rowid: 914","v":1}
{"level":30,"time":1589725316826,"pid":31086,"hostname":"localhost.localdomain","msg":"Executed insert: INSERT INTO DEVICE_TYPE_CLUSTER (DEVICE_TYPE_REF, CLUSTER_NAME, INCLUDE_CLIENT, INCLUDE_SERVER, LOCK_CLIENT, LOCK_SERVER) VALUES (?,?,?,?,?,?): 123,Power Configuration,false,false,true,false => rowid: 915","v":1}
{"level":30,"time":1589725316826,"pid":31086,"hostname":"localhost.localdomain","msg":"Executed insert: INSERT INTO DEVICE_TYPE_CLUSTER (DEVICE_TYPE_REF, CLUSTER_NAME, INCLUDE_CLIENT, INCLUDE_SERVER, LOCK_CLIENT, LOCK_SERVER) VALUES (?,?,?,?,?,?): 123,Commissioning,false,false,false,false => rowid: 916","v":1}
{"level":30,"time":1589725316826,"pid":31086,"hostname":"localhost.localdomain","msg":"Executed insert: INSERT INTO DEVICE_TYPE_CLUSTER (DEVICE_TYPE_REF, CLUSTER_NAME, INCLUDE_CLIENT, INCLUDE_SERVER, LOCK_CLIENT, LOCK_SERVER) VALUES (?,?,?,?,?,?): 123,Over the Air Bootloading,false,false,false,false => rowid: 917","v":1}
{"level":30,"time":1589725316826,"pid":31086,"hostname":"localhost.localdomain","msg":"Executed insert: INSERT INTO DEVICE_TYPE_CLUSTER (DEVICE_TYPE_REF, CLUSTER_NAME, INCLUDE_CLIENT, INCLUDE_SERVER, LOCK_CLIENT, LOCK_SERVER) VALUES (?,?,?,?,?,?): 123,Demand Response and Load Control,false,false,false,true => rowid: 918","v":1}
{"level":30,"time":1589725316826,"pid":31086,"hostname":"localhost.localdomain","msg":"Executed insert: INSERT INTO DEVICE_TYPE_CLUSTER (DEVICE_TYPE_REF, CLUSTER_NAME, INCLUDE_CLIENT, INCLUDE_SERVER, LOCK_CLIENT, LOCK_SERVER) VALUES (?,?,?,?,?,?): 123,Time,false,false,false,true => rowid: 919","v":1}
{"level":30,"time":1589725316826,"pid":31086,"hostname":"localhost.localdomain","msg":"Executed insert: INSERT INTO DEVICE_TYPE_CLUSTER (DEVICE_TYPE_REF, CLUSTER_NAME, INCLUDE_CLIENT, INCLUDE_SERVER, LOCK_CLIENT, LOCK_SERVER) VALUES (?,?,?,?,?,?): 123,Prepayment,false,false,false,true => rowid: 920","v":1}
{"level":30,"time":1589725316826,"pid":31086,"hostname":"localhost.localdomain","msg":"Executed insert: INSERT INTO DEVICE_TYPE_CLUSTER (DEVICE_TYPE_REF, CLUSTER_NAME, INCLUDE_CLIENT, INCLUDE_SERVER, LOCK_CLIENT, LOCK_SERVER) VALUES (?,?,?,?,?,?): 123,Price,false,false,false,true => rowid: 921","v":1}
{"level":30,"time":1589725316826,"pid":31086,"hostname":"localhost.localdomain","msg":"Executed insert: INSERT INTO DEVICE_TYPE_CLUSTER (DEVICE_TYPE_REF, CLUSTER_NAME, INCLUDE_CLIENT, INCLUDE_SERVER, LOCK_CLIENT, LOCK_SERVER) VALUES (?,?,?,?,?,?): 123,Calendar,false,false,false,true => rowid: 922","v":1}
{"level":30,"time":1589725316826,"pid":31086,"hostname":"localhost.localdomain","msg":"Executed insert: INSERT INTO DEVICE_TYPE_CLUSTER (DEVICE_TYPE_REF, CLUSTER_NAME, INCLUDE_CLIENT, INCLUDE_SERVER, LOCK_CLIENT, LOCK_SERVER) VALUES (?,?,?,?,?,?): 123,Simple Metering,false,false,false,true => rowid: 923","v":1}
{"level":30,"time":1589725316826,"pid":31086,"hostname":"localhost.localdomain","msg":"Executed insert: INSERT INTO DEVICE_TYPE_CLUSTER (DEVICE_TYPE_REF, CLUSTER_NAME, INCLUDE_CLIENT, INCLUDE_SERVER, LOCK_CLIENT, LOCK_SERVER) VALUES (?,?,?,?,?,?): 123,Messaging,false,false,false,true => rowid: 924","v":1}
{"level":30,"time":1589725316826,"pid":31086,"hostname":"localhost.localdomain","msg":"Executed insert: INSERT INTO DEVICE_TYPE_CLUSTER (DEVICE_TYPE_REF, CLUSTER_NAME, INCLUDE_CLIENT, INCLUDE_SERVER, LOCK_CLIENT, LOCK_SERVER) VALUES (?,?,?,?,?,?): 123,Device Management,false,false,false,true => rowid: 925","v":1}
{"level":30,"time":1589725316826,"pid":31086,"hostname":"localhost.localdomain","msg":"Executed insert: INSERT INTO DEVICE_TYPE_CLUSTER (DEVICE_TYPE_REF, CLUSTER_NAME, INCLUDE_CLIENT, INCLUDE_SERVER, LOCK_CLIENT, LOCK_SERVER) VALUES (?,?,?,?,?,?): 123,MDU Pairing,false,false,false,true => rowid: 926","v":1}
{"level":30,"time":1589725316826,"pid":31086,"hostname":"localhost.localdomain","msg":"Executed insert: INSERT INTO DEVICE_TYPE_CLUSTER (DEVICE_TYPE_REF, CLUSTER_NAME, INCLUDE_CLIENT, INCLUDE_SERVER, LOCK_CLIENT, LOCK_SERVER) VALUES (?,?,?,?,?,?): 123,Energy Management,false,false,false,true => rowid: 927","v":1}
{"level":30,"time":1589725316826,"pid":31086,"hostname":"localhost.localdomain","msg":"Executed insert: INSERT INTO DEVICE_TYPE_CLUSTER (DEVICE_TYPE_REF, CLUSTER_NAME, INCLUDE_CLIENT, INCLUDE_SERVER, LOCK_CLIENT, LOCK_SERVER) VALUES (?,?,?,?,?,?): 123,Alarms,false,false,true,false => rowid: 928","v":1}
{"level":30,"time":1589725316826,"pid":31086,"hostname":"localhost.localdomain","msg":"Executed insert: INSERT INTO DEVICE_TYPE_CLUSTER (DEVICE_TYPE_REF, CLUSTER_NAME, INCLUDE_CLIENT, INCLUDE_SERVER, LOCK_CLIENT, LOCK_SERVER) VALUES (?,?,?,?,?,?): 123,Tunneling,false,false,false,false => rowid: 929","v":1}
{"level":30,"time":1589725316826,"pid":31086,"hostname":"localhost.localdomain","msg":"Executed insert: INSERT INTO DEVICE_TYPE_CLUSTER (DEVICE_TYPE_REF, CLUSTER_NAME, INCLUDE_CLIENT, INCLUDE_SERVER, LOCK_CLIENT, LOCK_SERVER) VALUES (?,?,?,?,?,?): 123,Keep-Alive,false,false,false,false => rowid: 930","v":1}
{"level":30,"time":1589725316826,"pid":31086,"hostname":"localhost.localdomain","msg":"Executed insert: INSERT INTO DEVICE_TYPE_CLUSTER (DEVICE_TYPE_REF, CLUSTER_NAME, INCLUDE_CLIENT, INCLUDE_SERVER, LOCK_CLIENT, LOCK_SERVER) VALUES (?,?,?,?,?,?): 123,Sub-GHz,false,false,false,true => rowid: 931","v":1}
{"level":30,"time":1589725316826,"pid":31086,"hostname":"localhost.localdomain","msg":"Preparing statement: INSERT INTO DEVICE_TYPE_ATTRIBUTE (DEVICE_TYPE_CLUSTER_REF, ATTRIBUTE_NAME) VALUES (?, ?) to insert 0 records.","v":1}
{"level":30,"time":1589725316826,"pid":31086,"hostname":"localhost.localdomain","msg":"Preparing statement: INSERT INTO DEVICE_TYPE_COMMAND (DEVICE_TYPE_CLUSTER_REF, COMMAND_NAME) VALUES (?, ?) to insert 0 records.","v":1}
{"level":30,"time":1589725316826,"pid":31086,"hostname":"localhost.localdomain","msg":"Executed insert: INSERT INTO DEVICE_TYPE_CLUSTER (DEVICE_TYPE_REF, CLUSTER_NAME, INCLUDE_CLIENT, INCLUDE_SERVER, LOCK_CLIENT, LOCK_SERVER) VALUES (?,?,?,?,?,?): 126,Basic,false,true,true,true => rowid: 932","v":1}
{"level":30,"time":1589725316826,"pid":31086,"hostname":"localhost.localdomain","msg":"Executed insert: INSERT INTO DEVICE_TYPE_CLUSTER (DEVICE_TYPE_REF, CLUSTER_NAME, INCLUDE_CLIENT, INCLUDE_SERVER, LOCK_CLIENT, LOCK_SERVER) VALUES (?,?,?,?,?,?): 126,Key Establishment,true,true,true,true => rowid: 933","v":1}
{"level":30,"time":1589725316826,"pid":31086,"hostname":"localhost.localdomain","msg":"Executed insert: INSERT INTO DEVICE_TYPE_CLUSTER (DEVICE_TYPE_REF, CLUSTER_NAME, INCLUDE_CLIENT, INCLUDE_SERVER, LOCK_CLIENT, LOCK_SERVER) VALUES (?,?,?,?,?,?): 126,Power Configuration,false,false,true,false => rowid: 934","v":1}
{"level":30,"time":1589725316826,"pid":31086,"hostname":"localhost.localdomain","msg":"Executed insert: INSERT INTO DEVICE_TYPE_CLUSTER (DEVICE_TYPE_REF, CLUSTER_NAME, INCLUDE_CLIENT, INCLUDE_SERVER, LOCK_CLIENT, LOCK_SERVER) VALUES (?,?,?,?,?,?): 126,Commissioning,false,false,false,false => rowid: 935","v":1}
{"level":30,"time":1589725316826,"pid":31086,"hostname":"localhost.localdomain","msg":"Executed insert: INSERT INTO DEVICE_TYPE_CLUSTER (DEVICE_TYPE_REF, CLUSTER_NAME, INCLUDE_CLIENT, INCLUDE_SERVER, LOCK_CLIENT, LOCK_SERVER) VALUES (?,?,?,?,?,?): 126,Identify,false,false,true,false => rowid: 936","v":1}
{"level":30,"time":1589725316826,"pid":31086,"hostname":"localhost.localdomain","msg":"Executed insert: INSERT INTO DEVICE_TYPE_CLUSTER (DEVICE_TYPE_REF, CLUSTER_NAME, INCLUDE_CLIENT, INCLUDE_SERVER, LOCK_CLIENT, LOCK_SERVER) VALUES (?,?,?,?,?,?): 126,Events,false,false,true,false => rowid: 937","v":1}
{"level":30,"time":1589725316826,"pid":31086,"hostname":"localhost.localdomain","msg":"Executed insert: INSERT INTO DEVICE_TYPE_CLUSTER (DEVICE_TYPE_REF, CLUSTER_NAME, INCLUDE_CLIENT, INCLUDE_SERVER, LOCK_CLIENT, LOCK_SERVER) VALUES (?,?,?,?,?,?): 126,Over the Air Bootloading,false,false,false,false => rowid: 938","v":1}
{"level":30,"time":1589725316826,"pid":31086,"hostname":"localhost.localdomain","msg":"Executed insert: INSERT INTO DEVICE_TYPE_CLUSTER (DEVICE_TYPE_REF, CLUSTER_NAME, INCLUDE_CLIENT, INCLUDE_SERVER, LOCK_CLIENT, LOCK_SERVER) VALUES (?,?,?,?,?,?): 126,Demand Response and Load Control,true,false,true,true => rowid: 939","v":1}
{"level":30,"time":1589725316826,"pid":31086,"hostname":"localhost.localdomain","msg":"Executed insert: INSERT INTO DEVICE_TYPE_CLUSTER (DEVICE_TYPE_REF, CLUSTER_NAME, INCLUDE_CLIENT, INCLUDE_SERVER, LOCK_CLIENT, LOCK_SERVER) VALUES (?,?,?,?,?,?): 126,Time,true,false,true,true => rowid: 940","v":1}
{"level":30,"time":1589725316826,"pid":31086,"hostname":"localhost.localdomain","msg":"Executed insert: INSERT INTO DEVICE_TYPE_CLUSTER (DEVICE_TYPE_REF, CLUSTER_NAME, INCLUDE_CLIENT, INCLUDE_SERVER, LOCK_CLIENT, LOCK_SERVER) VALUES (?,?,?,?,?,?): 126,Prepayment,false,false,false,true => rowid: 941","v":1}
{"level":30,"time":1589725316827,"pid":31086,"hostname":"localhost.localdomain","msg":"Executed insert: INSERT INTO DEVICE_TYPE_CLUSTER (DEVICE_TYPE_REF, CLUSTER_NAME, INCLUDE_CLIENT, INCLUDE_SERVER, LOCK_CLIENT, LOCK_SERVER) VALUES (?,?,?,?,?,?): 126,Price,false,false,false,true => rowid: 942","v":1}
{"level":30,"time":1589725316827,"pid":31086,"hostname":"localhost.localdomain","msg":"Executed insert: INSERT INTO DEVICE_TYPE_CLUSTER (DEVICE_TYPE_REF, CLUSTER_NAME, INCLUDE_CLIENT, INCLUDE_SERVER, LOCK_CLIENT, LOCK_SERVER) VALUES (?,?,?,?,?,?): 126,Calendar,false,false,false,true => rowid: 943","v":1}
{"level":30,"time":1589725316827,"pid":31086,"hostname":"localhost.localdomain","msg":"Executed insert: INSERT INTO DEVICE_TYPE_CLUSTER (DEVICE_TYPE_REF, CLUSTER_NAME, INCLUDE_CLIENT, INCLUDE_SERVER, LOCK_CLIENT, LOCK_SERVER) VALUES (?,?,?,?,?,?): 126,Simple Metering,false,false,false,true => rowid: 944","v":1}
{"level":30,"time":1589725316827,"pid":31086,"hostname":"localhost.localdomain","msg":"Executed insert: INSERT INTO DEVICE_TYPE_CLUSTER (DEVICE_TYPE_REF, CLUSTER_NAME, INCLUDE_CLIENT, INCLUDE_SERVER, LOCK_CLIENT, LOCK_SERVER) VALUES (?,?,?,?,?,?): 126,Messaging,false,false,false,true => rowid: 945","v":1}
{"level":30,"time":1589725316827,"pid":31086,"hostname":"localhost.localdomain","msg":"Executed insert: INSERT INTO DEVICE_TYPE_CLUSTER (DEVICE_TYPE_REF, CLUSTER_NAME, INCLUDE_CLIENT, INCLUDE_SERVER, LOCK_CLIENT, LOCK_SERVER) VALUES (?,?,?,?,?,?): 126,Device Management,false,false,false,true => rowid: 946","v":1}
{"level":30,"time":1589725316827,"pid":31086,"hostname":"localhost.localdomain","msg":"Executed insert: INSERT INTO DEVICE_TYPE_CLUSTER (DEVICE_TYPE_REF, CLUSTER_NAME, INCLUDE_CLIENT, INCLUDE_SERVER, LOCK_CLIENT, LOCK_SERVER) VALUES (?,?,?,?,?,?): 126,MDU Pairing,false,false,false,true => rowid: 947","v":1}
{"level":30,"time":1589725316827,"pid":31086,"hostname":"localhost.localdomain","msg":"Executed insert: INSERT INTO DEVICE_TYPE_CLUSTER (DEVICE_TYPE_REF, CLUSTER_NAME, INCLUDE_CLIENT, INCLUDE_SERVER, LOCK_CLIENT, LOCK_SERVER) VALUES (?,?,?,?,?,?): 126,Energy Management,false,false,true,false => rowid: 948","v":1}
{"level":30,"time":1589725316827,"pid":31086,"hostname":"localhost.localdomain","msg":"Executed insert: INSERT INTO DEVICE_TYPE_CLUSTER (DEVICE_TYPE_REF, CLUSTER_NAME, INCLUDE_CLIENT, INCLUDE_SERVER, LOCK_CLIENT, LOCK_SERVER) VALUES (?,?,?,?,?,?): 126,Alarms,false,false,true,false => rowid: 949","v":1}
{"level":30,"time":1589725316827,"pid":31086,"hostname":"localhost.localdomain","msg":"Executed insert: INSERT INTO DEVICE_TYPE_CLUSTER (DEVICE_TYPE_REF, CLUSTER_NAME, INCLUDE_CLIENT, INCLUDE_SERVER, LOCK_CLIENT, LOCK_SERVER) VALUES (?,?,?,?,?,?): 126,Tunneling,false,false,false,false => rowid: 950","v":1}
{"level":30,"time":1589725316827,"pid":31086,"hostname":"localhost.localdomain","msg":"Executed insert: INSERT INTO DEVICE_TYPE_CLUSTER (DEVICE_TYPE_REF, CLUSTER_NAME, INCLUDE_CLIENT, INCLUDE_SERVER, LOCK_CLIENT, LOCK_SERVER) VALUES (?,?,?,?,?,?): 126,Keep-Alive,false,false,false,false => rowid: 951","v":1}
{"level":30,"time":1589725316827,"pid":31086,"hostname":"localhost.localdomain","msg":"Executed insert: INSERT INTO DEVICE_TYPE_CLUSTER (DEVICE_TYPE_REF, CLUSTER_NAME, INCLUDE_CLIENT, INCLUDE_SERVER, LOCK_CLIENT, LOCK_SERVER) VALUES (?,?,?,?,?,?): 126,Sub-GHz,false,false,false,true => rowid: 952","v":1}
{"level":30,"time":1589725316828,"pid":31086,"hostname":"localhost.localdomain","msg":"Preparing statement: INSERT INTO DEVICE_TYPE_ATTRIBUTE (DEVICE_TYPE_CLUSTER_REF, ATTRIBUTE_NAME) VALUES (?, ?) to insert 0 records.","v":1}
{"level":30,"time":1589725316828,"pid":31086,"hostname":"localhost.localdomain","msg":"Preparing statement: INSERT INTO DEVICE_TYPE_COMMAND (DEVICE_TYPE_CLUSTER_REF, COMMAND_NAME) VALUES (?, ?) to insert 0 records.","v":1}
{"level":30,"time":1589725316828,"pid":31086,"hostname":"localhost.localdomain","msg":"Executed insert: INSERT INTO DEVICE_TYPE_CLUSTER (DEVICE_TYPE_REF, CLUSTER_NAME, INCLUDE_CLIENT, INCLUDE_SERVER, LOCK_CLIENT, LOCK_SERVER) VALUES (?,?,?,?,?,?): 129,Basic,false,true,true,true => rowid: 953","v":1}
{"level":30,"time":1589725316828,"pid":31086,"hostname":"localhost.localdomain","msg":"Executed insert: INSERT INTO DEVICE_TYPE_CLUSTER (DEVICE_TYPE_REF, CLUSTER_NAME, INCLUDE_CLIENT, INCLUDE_SERVER, LOCK_CLIENT, LOCK_SERVER) VALUES (?,?,?,?,?,?): 129,Key Establishment,true,true,true,true => rowid: 954","v":1}
{"level":30,"time":1589725316828,"pid":31086,"hostname":"localhost.localdomain","msg":"Executed insert: INSERT INTO DEVICE_TYPE_CLUSTER (DEVICE_TYPE_REF, CLUSTER_NAME, INCLUDE_CLIENT, INCLUDE_SERVER, LOCK_CLIENT, LOCK_SERVER) VALUES (?,?,?,?,?,?): 129,Power Configuration,false,false,true,false => rowid: 955","v":1}
{"level":30,"time":1589725316828,"pid":31086,"hostname":"localhost.localdomain","msg":"Executed insert: INSERT INTO DEVICE_TYPE_CLUSTER (DEVICE_TYPE_REF, CLUSTER_NAME, INCLUDE_CLIENT, INCLUDE_SERVER, LOCK_CLIENT, LOCK_SERVER) VALUES (?,?,?,?,?,?): 129,Commissioning,false,false,false,false => rowid: 956","v":1}
{"level":30,"time":1589725316828,"pid":31086,"hostname":"localhost.localdomain","msg":"Executed insert: INSERT INTO DEVICE_TYPE_CLUSTER (DEVICE_TYPE_REF, CLUSTER_NAME, INCLUDE_CLIENT, INCLUDE_SERVER, LOCK_CLIENT, LOCK_SERVER) VALUES (?,?,?,?,?,?): 129,Identify,false,false,true,false => rowid: 957","v":1}
{"level":30,"time":1589725316829,"pid":31086,"hostname":"localhost.localdomain","msg":"Executed insert: INSERT INTO DEVICE_TYPE_CLUSTER (DEVICE_TYPE_REF, CLUSTER_NAME, INCLUDE_CLIENT, INCLUDE_SERVER, LOCK_CLIENT, LOCK_SERVER) VALUES (?,?,?,?,?,?): 129,Events,false,false,true,false => rowid: 958","v":1}
{"level":30,"time":1589725316830,"pid":31086,"hostname":"localhost.localdomain","msg":"Executed insert: INSERT INTO DEVICE_TYPE_CLUSTER (DEVICE_TYPE_REF, CLUSTER_NAME, INCLUDE_CLIENT, INCLUDE_SERVER, LOCK_CLIENT, LOCK_SERVER) VALUES (?,?,?,?,?,?): 129,Over the Air Bootloading,false,false,false,false => rowid: 959","v":1}
{"level":30,"time":1589725316830,"pid":31086,"hostname":"localhost.localdomain","msg":"Executed insert: INSERT INTO DEVICE_TYPE_CLUSTER (DEVICE_TYPE_REF, CLUSTER_NAME, INCLUDE_CLIENT, INCLUDE_SERVER, LOCK_CLIENT, LOCK_SERVER) VALUES (?,?,?,?,?,?): 129,Price,false,false,false,true => rowid: 960","v":1}
{"level":30,"time":1589725316830,"pid":31086,"hostname":"localhost.localdomain","msg":"Executed insert: INSERT INTO DEVICE_TYPE_CLUSTER (DEVICE_TYPE_REF, CLUSTER_NAME, INCLUDE_CLIENT, INCLUDE_SERVER, LOCK_CLIENT, LOCK_SERVER) VALUES (?,?,?,?,?,?): 129,Time,true,false,true,true => rowid: 961","v":1}
{"level":30,"time":1589725316830,"pid":31086,"hostname":"localhost.localdomain","msg":"Executed insert: INSERT INTO DEVICE_TYPE_CLUSTER (DEVICE_TYPE_REF, CLUSTER_NAME, INCLUDE_CLIENT, INCLUDE_SERVER, LOCK_CLIENT, LOCK_SERVER) VALUES (?,?,?,?,?,?): 129,Demand Response and Load Control,true,false,true,true => rowid: 962","v":1}
{"level":30,"time":1589725316830,"pid":31086,"hostname":"localhost.localdomain","msg":"Executed insert: INSERT INTO DEVICE_TYPE_CLUSTER (DEVICE_TYPE_REF, CLUSTER_NAME, INCLUDE_CLIENT, INCLUDE_SERVER, LOCK_CLIENT, LOCK_SERVER) VALUES (?,?,?,?,?,?): 129,Calendar,false,false,false,true => rowid: 963","v":1}
{"level":30,"time":1589725316830,"pid":31086,"hostname":"localhost.localdomain","msg":"Executed insert: INSERT INTO DEVICE_TYPE_CLUSTER (DEVICE_TYPE_REF, CLUSTER_NAME, INCLUDE_CLIENT, INCLUDE_SERVER, LOCK_CLIENT, LOCK_SERVER) VALUES (?,?,?,?,?,?): 129,Energy Management,false,false,true,false => rowid: 964","v":1}
{"level":30,"time":1589725316830,"pid":31086,"hostname":"localhost.localdomain","msg":"Executed insert: INSERT INTO DEVICE_TYPE_CLUSTER (DEVICE_TYPE_REF, CLUSTER_NAME, INCLUDE_CLIENT, INCLUDE_SERVER, LOCK_CLIENT, LOCK_SERVER) VALUES (?,?,?,?,?,?): 129,Alarms,false,false,true,false => rowid: 965","v":1}
{"level":30,"time":1589725316830,"pid":31086,"hostname":"localhost.localdomain","msg":"Executed insert: INSERT INTO DEVICE_TYPE_CLUSTER (DEVICE_TYPE_REF, CLUSTER_NAME, INCLUDE_CLIENT, INCLUDE_SERVER, LOCK_CLIENT, LOCK_SERVER) VALUES (?,?,?,?,?,?): 129,Tunneling,false,false,false,false => rowid: 966","v":1}
{"level":30,"time":1589725316830,"pid":31086,"hostname":"localhost.localdomain","msg":"Executed insert: INSERT INTO DEVICE_TYPE_CLUSTER (DEVICE_TYPE_REF, CLUSTER_NAME, INCLUDE_CLIENT, INCLUDE_SERVER, LOCK_CLIENT, LOCK_SERVER) VALUES (?,?,?,?,?,?): 129,Keep-Alive,false,false,false,false => rowid: 967","v":1}
{"level":30,"time":1589725316830,"pid":31086,"hostname":"localhost.localdomain","msg":"Executed insert: INSERT INTO DEVICE_TYPE_CLUSTER (DEVICE_TYPE_REF, CLUSTER_NAME, INCLUDE_CLIENT, INCLUDE_SERVER, LOCK_CLIENT, LOCK_SERVER) VALUES (?,?,?,?,?,?): 129,Sub-GHz,false,false,false,true => rowid: 968","v":1}
{"level":30,"time":1589725316830,"pid":31086,"hostname":"localhost.localdomain","msg":"Executed insert: INSERT INTO DEVICE_TYPE_CLUSTER (DEVICE_TYPE_REF, CLUSTER_NAME, INCLUDE_CLIENT, INCLUDE_SERVER, LOCK_CLIENT, LOCK_SERVER) VALUES (?,?,?,?,?,?): 129,MDU Pairing,false,false,false,true => rowid: 969","v":1}
{"level":30,"time":1589725316830,"pid":31086,"hostname":"localhost.localdomain","msg":"Executed insert: INSERT INTO DEVICE_TYPE_CLUSTER (DEVICE_TYPE_REF, CLUSTER_NAME, INCLUDE_CLIENT, INCLUDE_SERVER, LOCK_CLIENT, LOCK_SERVER) VALUES (?,?,?,?,?,?): 129,Device Management,false,false,false,true => rowid: 970","v":1}
{"level":30,"time":1589725316830,"pid":31086,"hostname":"localhost.localdomain","msg":"Preparing statement: INSERT INTO DEVICE_TYPE_ATTRIBUTE (DEVICE_TYPE_CLUSTER_REF, ATTRIBUTE_NAME) VALUES (?, ?) to insert 0 records.","v":1}
{"level":30,"time":1589725316830,"pid":31086,"hostname":"localhost.localdomain","msg":"Preparing statement: INSERT INTO DEVICE_TYPE_COMMAND (DEVICE_TYPE_CLUSTER_REF, COMMAND_NAME) VALUES (?, ?) to insert 0 records.","v":1}
{"level":30,"time":1589725316830,"pid":31086,"hostname":"localhost.localdomain","msg":"Executed insert: INSERT INTO DEVICE_TYPE_CLUSTER (DEVICE_TYPE_REF, CLUSTER_NAME, INCLUDE_CLIENT, INCLUDE_SERVER, LOCK_CLIENT, LOCK_SERVER) VALUES (?,?,?,?,?,?): 132,Basic,false,true,true,true => rowid: 971","v":1}
{"level":30,"time":1589725316830,"pid":31086,"hostname":"localhost.localdomain","msg":"Executed insert: INSERT INTO DEVICE_TYPE_CLUSTER (DEVICE_TYPE_REF, CLUSTER_NAME, INCLUDE_CLIENT, INCLUDE_SERVER, LOCK_CLIENT, LOCK_SERVER) VALUES (?,?,?,?,?,?): 132,Key Establishment,true,true,true,true => rowid: 972","v":1}
{"level":30,"time":1589725316830,"pid":31086,"hostname":"localhost.localdomain","msg":"Executed insert: INSERT INTO DEVICE_TYPE_CLUSTER (DEVICE_TYPE_REF, CLUSTER_NAME, INCLUDE_CLIENT, INCLUDE_SERVER, LOCK_CLIENT, LOCK_SERVER) VALUES (?,?,?,?,?,?): 132,Power Configuration,false,false,true,false => rowid: 973","v":1}
{"level":30,"time":1589725316830,"pid":31086,"hostname":"localhost.localdomain","msg":"Executed insert: INSERT INTO DEVICE_TYPE_CLUSTER (DEVICE_TYPE_REF, CLUSTER_NAME, INCLUDE_CLIENT, INCLUDE_SERVER, LOCK_CLIENT, LOCK_SERVER) VALUES (?,?,?,?,?,?): 132,Commissioning,false,false,false,false => rowid: 974","v":1}
{"level":30,"time":1589725316830,"pid":31086,"hostname":"localhost.localdomain","msg":"Executed insert: INSERT INTO DEVICE_TYPE_CLUSTER (DEVICE_TYPE_REF, CLUSTER_NAME, INCLUDE_CLIENT, INCLUDE_SERVER, LOCK_CLIENT, LOCK_SERVER) VALUES (?,?,?,?,?,?): 132,Identify,false,false,true,false => rowid: 975","v":1}
{"level":30,"time":1589725316830,"pid":31086,"hostname":"localhost.localdomain","msg":"Executed insert: INSERT INTO DEVICE_TYPE_CLUSTER (DEVICE_TYPE_REF, CLUSTER_NAME, INCLUDE_CLIENT, INCLUDE_SERVER, LOCK_CLIENT, LOCK_SERVER) VALUES (?,?,?,?,?,?): 132,Events,false,false,true,false => rowid: 976","v":1}
{"level":30,"time":1589725316830,"pid":31086,"hostname":"localhost.localdomain","msg":"Executed insert: INSERT INTO DEVICE_TYPE_CLUSTER (DEVICE_TYPE_REF, CLUSTER_NAME, INCLUDE_CLIENT, INCLUDE_SERVER, LOCK_CLIENT, LOCK_SERVER) VALUES (?,?,?,?,?,?): 132,Over the Air Bootloading,false,false,false,false => rowid: 977","v":1}
{"level":30,"time":1589725316830,"pid":31086,"hostname":"localhost.localdomain","msg":"Executed insert: INSERT INTO DEVICE_TYPE_CLUSTER (DEVICE_TYPE_REF, CLUSTER_NAME, INCLUDE_CLIENT, INCLUDE_SERVER, LOCK_CLIENT, LOCK_SERVER) VALUES (?,?,?,?,?,?): 132,Price,true,false,true,true => rowid: 978","v":1}
{"level":30,"time":1589725316831,"pid":31086,"hostname":"localhost.localdomain","msg":"Executed insert: INSERT INTO DEVICE_TYPE_CLUSTER (DEVICE_TYPE_REF, CLUSTER_NAME, INCLUDE_CLIENT, INCLUDE_SERVER, LOCK_CLIENT, LOCK_SERVER) VALUES (?,?,?,?,?,?): 132,Time,true,false,true,true => rowid: 979","v":1}
{"level":30,"time":1589725316831,"pid":31086,"hostname":"localhost.localdomain","msg":"Executed insert: INSERT INTO DEVICE_TYPE_CLUSTER (DEVICE_TYPE_REF, CLUSTER_NAME, INCLUDE_CLIENT, INCLUDE_SERVER, LOCK_CLIENT, LOCK_SERVER) VALUES (?,?,?,?,?,?): 132,Demand Response and Load Control,false,false,false,true => rowid: 980","v":1}
{"level":30,"time":1589725316831,"pid":31086,"hostname":"localhost.localdomain","msg":"Executed insert: INSERT INTO DEVICE_TYPE_CLUSTER (DEVICE_TYPE_REF, CLUSTER_NAME, INCLUDE_CLIENT, INCLUDE_SERVER, LOCK_CLIENT, LOCK_SERVER) VALUES (?,?,?,?,?,?): 132,Messaging,false,false,false,true => rowid: 981","v":1}
{"level":30,"time":1589725316831,"pid":31086,"hostname":"localhost.localdomain","msg":"Executed insert: INSERT INTO DEVICE_TYPE_CLUSTER (DEVICE_TYPE_REF, CLUSTER_NAME, INCLUDE_CLIENT, INCLUDE_SERVER, LOCK_CLIENT, LOCK_SERVER) VALUES (?,?,?,?,?,?): 132,Calendar,false,false,false,true => rowid: 982","v":1}
{"level":30,"time":1589725316831,"pid":31086,"hostname":"localhost.localdomain","msg":"Executed insert: INSERT INTO DEVICE_TYPE_CLUSTER (DEVICE_TYPE_REF, CLUSTER_NAME, INCLUDE_CLIENT, INCLUDE_SERVER, LOCK_CLIENT, LOCK_SERVER) VALUES (?,?,?,?,?,?): 132,Device Management,false,false,false,true => rowid: 983","v":1}
{"level":30,"time":1589725316831,"pid":31086,"hostname":"localhost.localdomain","msg":"Executed insert: INSERT INTO DEVICE_TYPE_CLUSTER (DEVICE_TYPE_REF, CLUSTER_NAME, INCLUDE_CLIENT, INCLUDE_SERVER, LOCK_CLIENT, LOCK_SERVER) VALUES (?,?,?,?,?,?): 132,MDU Pairing,false,false,false,true => rowid: 984","v":1}
{"level":30,"time":1589725316831,"pid":31086,"hostname":"localhost.localdomain","msg":"Executed insert: INSERT INTO DEVICE_TYPE_CLUSTER (DEVICE_TYPE_REF, CLUSTER_NAME, INCLUDE_CLIENT, INCLUDE_SERVER, LOCK_CLIENT, LOCK_SERVER) VALUES (?,?,?,?,?,?): 132,Energy Management,false,false,true,false => rowid: 985","v":1}
{"level":30,"time":1589725316831,"pid":31086,"hostname":"localhost.localdomain","msg":"Executed insert: INSERT INTO DEVICE_TYPE_CLUSTER (DEVICE_TYPE_REF, CLUSTER_NAME, INCLUDE_CLIENT, INCLUDE_SERVER, LOCK_CLIENT, LOCK_SERVER) VALUES (?,?,?,?,?,?): 132,Alarms,false,false,true,false => rowid: 986","v":1}
{"level":30,"time":1589725316831,"pid":31086,"hostname":"localhost.localdomain","msg":"Executed insert: INSERT INTO DEVICE_TYPE_CLUSTER (DEVICE_TYPE_REF, CLUSTER_NAME, INCLUDE_CLIENT, INCLUDE_SERVER, LOCK_CLIENT, LOCK_SERVER) VALUES (?,?,?,?,?,?): 132,Tunneling,false,false,false,false => rowid: 987","v":1}
{"level":30,"time":1589725316831,"pid":31086,"hostname":"localhost.localdomain","msg":"Executed insert: INSERT INTO DEVICE_TYPE_CLUSTER (DEVICE_TYPE_REF, CLUSTER_NAME, INCLUDE_CLIENT, INCLUDE_SERVER, LOCK_CLIENT, LOCK_SERVER) VALUES (?,?,?,?,?,?): 132,Keep-Alive,false,false,false,false => rowid: 988","v":1}
{"level":30,"time":1589725316831,"pid":31086,"hostname":"localhost.localdomain","msg":"Executed insert: INSERT INTO DEVICE_TYPE_CLUSTER (DEVICE_TYPE_REF, CLUSTER_NAME, INCLUDE_CLIENT, INCLUDE_SERVER, LOCK_CLIENT, LOCK_SERVER) VALUES (?,?,?,?,?,?): 132,Sub-GHz,false,false,false,true => rowid: 989","v":1}
{"level":30,"time":1589725316831,"pid":31086,"hostname":"localhost.localdomain","msg":"Preparing statement: INSERT INTO DEVICE_TYPE_ATTRIBUTE (DEVICE_TYPE_CLUSTER_REF, ATTRIBUTE_NAME) VALUES (?, ?) to insert 0 records.","v":1}
{"level":30,"time":1589725316831,"pid":31086,"hostname":"localhost.localdomain","msg":"Preparing statement: INSERT INTO DEVICE_TYPE_COMMAND (DEVICE_TYPE_CLUSTER_REF, COMMAND_NAME) VALUES (?, ?) to insert 0 records.","v":1}
{"level":30,"time":1589725316832,"pid":31086,"hostname":"localhost.localdomain","msg":"Executed insert: INSERT INTO DEVICE_TYPE_CLUSTER (DEVICE_TYPE_REF, CLUSTER_NAME, INCLUDE_CLIENT, INCLUDE_SERVER, LOCK_CLIENT, LOCK_SERVER) VALUES (?,?,?,?,?,?): 135,Basic,false,true,true,true => rowid: 990","v":1}
{"level":30,"time":1589725316832,"pid":31086,"hostname":"localhost.localdomain","msg":"Executed insert: INSERT INTO DEVICE_TYPE_CLUSTER (DEVICE_TYPE_REF, CLUSTER_NAME, INCLUDE_CLIENT, INCLUDE_SERVER, LOCK_CLIENT, LOCK_SERVER) VALUES (?,?,?,?,?,?): 135,Key Establishment,true,true,true,true => rowid: 991","v":1}
{"level":30,"time":1589725316832,"pid":31086,"hostname":"localhost.localdomain","msg":"Executed insert: INSERT INTO DEVICE_TYPE_CLUSTER (DEVICE_TYPE_REF, CLUSTER_NAME, INCLUDE_CLIENT, INCLUDE_SERVER, LOCK_CLIENT, LOCK_SERVER) VALUES (?,?,?,?,?,?): 135,Power Configuration,false,false,true,false => rowid: 992","v":1}
{"level":30,"time":1589725316832,"pid":31086,"hostname":"localhost.localdomain","msg":"Executed insert: INSERT INTO DEVICE_TYPE_CLUSTER (DEVICE_TYPE_REF, CLUSTER_NAME, INCLUDE_CLIENT, INCLUDE_SERVER, LOCK_CLIENT, LOCK_SERVER) VALUES (?,?,?,?,?,?): 135,Commissioning,false,false,false,false => rowid: 993","v":1}
{"level":30,"time":1589725316832,"pid":31086,"hostname":"localhost.localdomain","msg":"Executed insert: INSERT INTO DEVICE_TYPE_CLUSTER (DEVICE_TYPE_REF, CLUSTER_NAME, INCLUDE_CLIENT, INCLUDE_SERVER, LOCK_CLIENT, LOCK_SERVER) VALUES (?,?,?,?,?,?): 135,Identify,false,false,true,false => rowid: 994","v":1}
{"level":30,"time":1589725316832,"pid":31086,"hostname":"localhost.localdomain","msg":"Executed insert: INSERT INTO DEVICE_TYPE_CLUSTER (DEVICE_TYPE_REF, CLUSTER_NAME, INCLUDE_CLIENT, INCLUDE_SERVER, LOCK_CLIENT, LOCK_SERVER) VALUES (?,?,?,?,?,?): 135,Events,false,false,true,false => rowid: 995","v":1}
{"level":30,"time":1589725316832,"pid":31086,"hostname":"localhost.localdomain","msg":"Executed insert: INSERT INTO DEVICE_TYPE_CLUSTER (DEVICE_TYPE_REF, CLUSTER_NAME, INCLUDE_CLIENT, INCLUDE_SERVER, LOCK_CLIENT, LOCK_SERVER) VALUES (?,?,?,?,?,?): 135,Over the Air Bootloading,false,false,false,false => rowid: 996","v":1}
{"level":30,"time":1589725316832,"pid":31086,"hostname":"localhost.localdomain","msg":"Executed insert: INSERT INTO DEVICE_TYPE_CLUSTER (DEVICE_TYPE_REF, CLUSTER_NAME, INCLUDE_CLIENT, INCLUDE_SERVER, LOCK_CLIENT, LOCK_SERVER) VALUES (?,?,?,?,?,?): 135,Tunneling,false,false,false,false => rowid: 997","v":1}
{"level":30,"time":1589725316832,"pid":31086,"hostname":"localhost.localdomain","msg":"Executed insert: INSERT INTO DEVICE_TYPE_CLUSTER (DEVICE_TYPE_REF, CLUSTER_NAME, INCLUDE_CLIENT, INCLUDE_SERVER, LOCK_CLIENT, LOCK_SERVER) VALUES (?,?,?,?,?,?): 135,Price,true,false,true,true => rowid: 998","v":1}
{"level":30,"time":1589725316832,"pid":31086,"hostname":"localhost.localdomain","msg":"Executed insert: INSERT INTO DEVICE_TYPE_CLUSTER (DEVICE_TYPE_REF, CLUSTER_NAME, INCLUDE_CLIENT, INCLUDE_SERVER, LOCK_CLIENT, LOCK_SERVER) VALUES (?,?,?,?,?,?): 135,Time,true,false,true,true => rowid: 999","v":1}
{"level":30,"time":1589725316832,"pid":31086,"hostname":"localhost.localdomain","msg":"Executed insert: INSERT INTO DEVICE_TYPE_CLUSTER (DEVICE_TYPE_REF, CLUSTER_NAME, INCLUDE_CLIENT, INCLUDE_SERVER, LOCK_CLIENT, LOCK_SERVER) VALUES (?,?,?,?,?,?): 11,Basic,false,true,true,true => rowid: 1000","v":1}
{"level":30,"time":1589725316832,"pid":31086,"hostname":"localhost.localdomain","msg":"Executed insert: INSERT INTO DEVICE_TYPE_CLUSTER (DEVICE_TYPE_REF, CLUSTER_NAME, INCLUDE_CLIENT, INCLUDE_SERVER, LOCK_CLIENT, LOCK_SERVER) VALUES (?,?,?,?,?,?): 135,Demand Response and Load Control,false,false,false,true => rowid: 1001","v":1}
{"level":30,"time":1589725316832,"pid":31086,"hostname":"localhost.localdomain","msg":"Executed insert: INSERT INTO DEVICE_TYPE_CLUSTER (DEVICE_TYPE_REF, CLUSTER_NAME, INCLUDE_CLIENT, INCLUDE_SERVER, LOCK_CLIENT, LOCK_SERVER) VALUES (?,?,?,?,?,?): 135,Calendar,false,false,false,true => rowid: 1002","v":1}
{"level":30,"time":1589725316832,"pid":31086,"hostname":"localhost.localdomain","msg":"Executed insert: INSERT INTO DEVICE_TYPE_CLUSTER (DEVICE_TYPE_REF, CLUSTER_NAME, INCLUDE_CLIENT, INCLUDE_SERVER, LOCK_CLIENT, LOCK_SERVER) VALUES (?,?,?,?,?,?): 135,Device Management,false,false,false,true => rowid: 1003","v":1}
{"level":30,"time":1589725316832,"pid":31086,"hostname":"localhost.localdomain","msg":"Executed insert: INSERT INTO DEVICE_TYPE_CLUSTER (DEVICE_TYPE_REF, CLUSTER_NAME, INCLUDE_CLIENT, INCLUDE_SERVER, LOCK_CLIENT, LOCK_SERVER) VALUES (?,?,?,?,?,?): 135,MDU Pairing,false,false,false,true => rowid: 1004","v":1}
{"level":30,"time":1589725316832,"pid":31086,"hostname":"localhost.localdomain","msg":"Executed insert: INSERT INTO DEVICE_TYPE_CLUSTER (DEVICE_TYPE_REF, CLUSTER_NAME, INCLUDE_CLIENT, INCLUDE_SERVER, LOCK_CLIENT, LOCK_SERVER) VALUES (?,?,?,?,?,?): 135,Simple Metering,false,false,false,true => rowid: 1005","v":1}
{"level":30,"time":1589725316832,"pid":31086,"hostname":"localhost.localdomain","msg":"Executed insert: INSERT INTO DEVICE_TYPE_CLUSTER (DEVICE_TYPE_REF, CLUSTER_NAME, INCLUDE_CLIENT, INCLUDE_SERVER, LOCK_CLIENT, LOCK_SERVER) VALUES (?,?,?,?,?,?): 135,Alarms,false,false,true,false => rowid: 1006","v":1}
{"level":30,"time":1589725316832,"pid":31086,"hostname":"localhost.localdomain","msg":"Executed insert: INSERT INTO DEVICE_TYPE_CLUSTER (DEVICE_TYPE_REF, CLUSTER_NAME, INCLUDE_CLIENT, INCLUDE_SERVER, LOCK_CLIENT, LOCK_SERVER) VALUES (?,?,?,?,?,?): 135,Tunneling,false,false,false,false => rowid: 1007","v":1}
{"level":30,"time":1589725316832,"pid":31086,"hostname":"localhost.localdomain","msg":"Executed insert: INSERT INTO DEVICE_TYPE_CLUSTER (DEVICE_TYPE_REF, CLUSTER_NAME, INCLUDE_CLIENT, INCLUDE_SERVER, LOCK_CLIENT, LOCK_SERVER) VALUES (?,?,?,?,?,?): 135,Messaging,false,false,false,true => rowid: 1008","v":1}
{"level":30,"time":1589725316832,"pid":31086,"hostname":"localhost.localdomain","msg":"Executed insert: INSERT INTO DEVICE_TYPE_CLUSTER (DEVICE_TYPE_REF, CLUSTER_NAME, INCLUDE_CLIENT, INCLUDE_SERVER, LOCK_CLIENT, LOCK_SERVER) VALUES (?,?,?,?,?,?): 135,Energy Management,false,false,false,true => rowid: 1009","v":1}
{"level":30,"time":1589725316833,"pid":31086,"hostname":"localhost.localdomain","msg":"Executed insert: INSERT INTO DEVICE_TYPE_CLUSTER (DEVICE_TYPE_REF, CLUSTER_NAME, INCLUDE_CLIENT, INCLUDE_SERVER, LOCK_CLIENT, LOCK_SERVER) VALUES (?,?,?,?,?,?): 135,Keep-Alive,false,false,false,false => rowid: 1010","v":1}
{"level":30,"time":1589725316833,"pid":31086,"hostname":"localhost.localdomain","msg":"Executed insert: INSERT INTO DEVICE_TYPE_CLUSTER (DEVICE_TYPE_REF, CLUSTER_NAME, INCLUDE_CLIENT, INCLUDE_SERVER, LOCK_CLIENT, LOCK_SERVER) VALUES (?,?,?,?,?,?): 135,Sub-GHz,false,false,false,true => rowid: 1011","v":1}
{"level":30,"time":1589725316833,"pid":31086,"hostname":"localhost.localdomain","msg":"Executed insert: INSERT INTO DEVICE_TYPE_CLUSTER (DEVICE_TYPE_REF, CLUSTER_NAME, INCLUDE_CLIENT, INCLUDE_SERVER, LOCK_CLIENT, LOCK_SERVER) VALUES (?,?,?,?,?,?): 138,Basic,false,true,true,true => rowid: 1012","v":1}
{"level":30,"time":1589725316833,"pid":31086,"hostname":"localhost.localdomain","msg":"Executed insert: INSERT INTO DEVICE_TYPE_CLUSTER (DEVICE_TYPE_REF, CLUSTER_NAME, INCLUDE_CLIENT, INCLUDE_SERVER, LOCK_CLIENT, LOCK_SERVER) VALUES (?,?,?,?,?,?): 138,Key Establishment,true,true,true,true => rowid: 1013","v":1}
{"level":30,"time":1589725316833,"pid":31086,"hostname":"localhost.localdomain","msg":"Executed insert: INSERT INTO DEVICE_TYPE_CLUSTER (DEVICE_TYPE_REF, CLUSTER_NAME, INCLUDE_CLIENT, INCLUDE_SERVER, LOCK_CLIENT, LOCK_SERVER) VALUES (?,?,?,?,?,?): 138,Power Configuration,false,false,true,false => rowid: 1014","v":1}
{"level":30,"time":1589725316833,"pid":31086,"hostname":"localhost.localdomain","msg":"Executed insert: INSERT INTO DEVICE_TYPE_CLUSTER (DEVICE_TYPE_REF, CLUSTER_NAME, INCLUDE_CLIENT, INCLUDE_SERVER, LOCK_CLIENT, LOCK_SERVER) VALUES (?,?,?,?,?,?): 138,Commissioning,false,false,false,false => rowid: 1015","v":1}
{"level":30,"time":1589725316833,"pid":31086,"hostname":"localhost.localdomain","msg":"Executed insert: INSERT INTO DEVICE_TYPE_CLUSTER (DEVICE_TYPE_REF, CLUSTER_NAME, INCLUDE_CLIENT, INCLUDE_SERVER, LOCK_CLIENT, LOCK_SERVER) VALUES (?,?,?,?,?,?): 138,Identify,false,false,true,false => rowid: 1016","v":1}
{"level":30,"time":1589725316833,"pid":31086,"hostname":"localhost.localdomain","msg":"Executed insert: INSERT INTO DEVICE_TYPE_CLUSTER (DEVICE_TYPE_REF, CLUSTER_NAME, INCLUDE_CLIENT, INCLUDE_SERVER, LOCK_CLIENT, LOCK_SERVER) VALUES (?,?,?,?,?,?): 138,Events,false,false,true,false => rowid: 1017","v":1}
{"level":30,"time":1589725316833,"pid":31086,"hostname":"localhost.localdomain","msg":"Executed insert: INSERT INTO DEVICE_TYPE_CLUSTER (DEVICE_TYPE_REF, CLUSTER_NAME, INCLUDE_CLIENT, INCLUDE_SERVER, LOCK_CLIENT, LOCK_SERVER) VALUES (?,?,?,?,?,?): 138,Over the Air Bootloading,false,false,false,false => rowid: 1018","v":1}
{"level":30,"time":1589725316833,"pid":31086,"hostname":"localhost.localdomain","msg":"Executed insert: INSERT INTO DEVICE_TYPE_CLUSTER (DEVICE_TYPE_REF, CLUSTER_NAME, INCLUDE_CLIENT, INCLUDE_SERVER, LOCK_CLIENT, LOCK_SERVER) VALUES (?,?,?,?,?,?): 138,Keep-Alive,false,false,false,false => rowid: 1019","v":1}
{"level":30,"time":1589725316833,"pid":31086,"hostname":"localhost.localdomain","msg":"Executed insert: INSERT INTO DEVICE_TYPE_CLUSTER (DEVICE_TYPE_REF, CLUSTER_NAME, INCLUDE_CLIENT, INCLUDE_SERVER, LOCK_CLIENT, LOCK_SERVER) VALUES (?,?,?,?,?,?): 138,Sub-GHz,false,false,false,true => rowid: 1020","v":1}
{"level":30,"time":1589725316833,"pid":31086,"hostname":"localhost.localdomain","msg":"Preparing statement: INSERT INTO DEVICE_TYPE_ATTRIBUTE (DEVICE_TYPE_CLUSTER_REF, ATTRIBUTE_NAME) VALUES (?, ?) to insert 0 records.","v":1}
{"level":30,"time":1589725316833,"pid":31086,"hostname":"localhost.localdomain","msg":"Preparing statement: INSERT INTO DEVICE_TYPE_COMMAND (DEVICE_TYPE_CLUSTER_REF, COMMAND_NAME) VALUES (?, ?) to insert 0 records.","v":1}
{"level":30,"time":1589725316833,"pid":31086,"hostname":"localhost.localdomain","msg":"Executed insert: INSERT INTO DEVICE_TYPE_CLUSTER (DEVICE_TYPE_REF, CLUSTER_NAME, INCLUDE_CLIENT, INCLUDE_SERVER, LOCK_CLIENT, LOCK_SERVER) VALUES (?,?,?,?,?,?): 141,Basic,false,true,true,true => rowid: 1021","v":1}
{"level":30,"time":1589725316833,"pid":31086,"hostname":"localhost.localdomain","msg":"Executed insert: INSERT INTO DEVICE_TYPE_CLUSTER (DEVICE_TYPE_REF, CLUSTER_NAME, INCLUDE_CLIENT, INCLUDE_SERVER, LOCK_CLIENT, LOCK_SERVER) VALUES (?,?,?,?,?,?): 141,Key Establishment,true,true,true,true => rowid: 1022","v":1}
{"level":30,"time":1589725316833,"pid":31086,"hostname":"localhost.localdomain","msg":"Executed insert: INSERT INTO DEVICE_TYPE_CLUSTER (DEVICE_TYPE_REF, CLUSTER_NAME, INCLUDE_CLIENT, INCLUDE_SERVER, LOCK_CLIENT, LOCK_SERVER) VALUES (?,?,?,?,?,?): 141,Power Configuration,false,false,true,false => rowid: 1023","v":1}
{"level":30,"time":1589725316833,"pid":31086,"hostname":"localhost.localdomain","msg":"Executed insert: INSERT INTO DEVICE_TYPE_CLUSTER (DEVICE_TYPE_REF, CLUSTER_NAME, INCLUDE_CLIENT, INCLUDE_SERVER, LOCK_CLIENT, LOCK_SERVER) VALUES (?,?,?,?,?,?): 141,Commissioning,false,false,false,false => rowid: 1024","v":1}
{"level":30,"time":1589725316833,"pid":31086,"hostname":"localhost.localdomain","msg":"Executed insert: INSERT INTO DEVICE_TYPE_CLUSTER (DEVICE_TYPE_REF, CLUSTER_NAME, INCLUDE_CLIENT, INCLUDE_SERVER, LOCK_CLIENT, LOCK_SERVER) VALUES (?,?,?,?,?,?): 141,Identify,false,false,true,false => rowid: 1025","v":1}
{"level":30,"time":1589725316833,"pid":31086,"hostname":"localhost.localdomain","msg":"Executed insert: INSERT INTO DEVICE_TYPE_CLUSTER (DEVICE_TYPE_REF, CLUSTER_NAME, INCLUDE_CLIENT, INCLUDE_SERVER, LOCK_CLIENT, LOCK_SERVER) VALUES (?,?,?,?,?,?): 141,Events,false,false,true,false => rowid: 1026","v":1}
{"level":30,"time":1589725316833,"pid":31086,"hostname":"localhost.localdomain","msg":"Executed insert: INSERT INTO DEVICE_TYPE_CLUSTER (DEVICE_TYPE_REF, CLUSTER_NAME, INCLUDE_CLIENT, INCLUDE_SERVER, LOCK_CLIENT, LOCK_SERVER) VALUES (?,?,?,?,?,?): 141,Over the Air Bootloading,false,false,false,false => rowid: 1027","v":1}
{"level":30,"time":1589725316833,"pid":31086,"hostname":"localhost.localdomain","msg":"Executed insert: INSERT INTO DEVICE_TYPE_CLUSTER (DEVICE_TYPE_REF, CLUSTER_NAME, INCLUDE_CLIENT, INCLUDE_SERVER, LOCK_CLIENT, LOCK_SERVER) VALUES (?,?,?,?,?,?): 141,Tunneling,false,false,false,false => rowid: 1028","v":1}
{"level":30,"time":1589725316833,"pid":31086,"hostname":"localhost.localdomain","msg":"Executed insert: INSERT INTO DEVICE_TYPE_CLUSTER (DEVICE_TYPE_REF, CLUSTER_NAME, INCLUDE_CLIENT, INCLUDE_SERVER, LOCK_CLIENT, LOCK_SERVER) VALUES (?,?,?,?,?,?): 141,Time,false,false,true,false => rowid: 1029","v":1}
{"level":30,"time":1589725316833,"pid":31086,"hostname":"localhost.localdomain","msg":"Executed insert: INSERT INTO DEVICE_TYPE_CLUSTER (DEVICE_TYPE_REF, CLUSTER_NAME, INCLUDE_CLIENT, INCLUDE_SERVER, LOCK_CLIENT, LOCK_SERVER) VALUES (?,?,?,?,?,?): 141,Keep-Alive,false,false,false,false => rowid: 1030","v":1}
{"level":30,"time":1589725316833,"pid":31086,"hostname":"localhost.localdomain","msg":"Executed insert: INSERT INTO DEVICE_TYPE_CLUSTER (DEVICE_TYPE_REF, CLUSTER_NAME, INCLUDE_CLIENT, INCLUDE_SERVER, LOCK_CLIENT, LOCK_SERVER) VALUES (?,?,?,?,?,?): 141,Sub-GHz,false,false,true,false => rowid: 1031","v":1}
{"level":30,"time":1589725316833,"pid":31086,"hostname":"localhost.localdomain","msg":"Preparing statement: INSERT INTO DEVICE_TYPE_ATTRIBUTE (DEVICE_TYPE_CLUSTER_REF, ATTRIBUTE_NAME) VALUES (?, ?) to insert 0 records.","v":1}
{"level":30,"time":1589725316833,"pid":31086,"hostname":"localhost.localdomain","msg":"Preparing statement: INSERT INTO DEVICE_TYPE_COMMAND (DEVICE_TYPE_CLUSTER_REF, COMMAND_NAME) VALUES (?, ?) to insert 0 records.","v":1}
{"level":30,"time":1589725316833,"pid":31086,"hostname":"localhost.localdomain","msg":"Executed insert: INSERT INTO DEVICE_TYPE_CLUSTER (DEVICE_TYPE_REF, CLUSTER_NAME, INCLUDE_CLIENT, INCLUDE_SERVER, LOCK_CLIENT, LOCK_SERVER) VALUES (?,?,?,?,?,?): 135,Prepayment,true,true,true,true => rowid: 1032","v":1}
{"level":30,"time":1589725316833,"pid":31086,"hostname":"localhost.localdomain","msg":"Preparing statement: INSERT INTO DEVICE_TYPE_ATTRIBUTE (DEVICE_TYPE_CLUSTER_REF, ATTRIBUTE_NAME) VALUES (?, ?) to insert 0 records.","v":1}
{"level":30,"time":1589725316833,"pid":31086,"hostname":"localhost.localdomain","msg":"Preparing statement: INSERT INTO DEVICE_TYPE_COMMAND (DEVICE_TYPE_CLUSTER_REF, COMMAND_NAME) VALUES (?, ?) to insert 0 records.","v":1}
{"level":30,"time":1589725316834,"pid":31086,"hostname":"localhost.localdomain","msg":"Executed insert: INSERT INTO DEVICE_TYPE_CLUSTER (DEVICE_TYPE_REF, CLUSTER_NAME, INCLUDE_CLIENT, INCLUDE_SERVER, LOCK_CLIENT, LOCK_SERVER) VALUES (?,?,?,?,?,?): 11,Power Configuration,false,false,true,false => rowid: 1033","v":1}
{"level":30,"time":1589725316834,"pid":31086,"hostname":"localhost.localdomain","msg":"Preparing statement: INSERT INTO DEVICE_TYPE_ATTRIBUTE (DEVICE_TYPE_CLUSTER_REF, ATTRIBUTE_NAME) VALUES (?, ?) to insert 0 records.","v":1}
{"level":30,"time":1589725316834,"pid":31086,"hostname":"localhost.localdomain","msg":"Preparing statement: INSERT INTO DEVICE_TYPE_COMMAND (DEVICE_TYPE_CLUSTER_REF, COMMAND_NAME) VALUES (?, ?) to insert 0 records.","v":1}
{"level":30,"time":1589725316834,"pid":31086,"hostname":"localhost.localdomain","msg":"Executed insert: INSERT INTO DEVICE_TYPE_CLUSTER (DEVICE_TYPE_REF, CLUSTER_NAME, INCLUDE_CLIENT, INCLUDE_SERVER, LOCK_CLIENT, LOCK_SERVER) VALUES (?,?,?,?,?,?): 72,Device Management,false,false,false,true => rowid: 1034","v":1}
{"level":30,"time":1589725316834,"pid":31086,"hostname":"localhost.localdomain","msg":"Preparing statement: INSERT INTO DEVICE_TYPE_ATTRIBUTE (DEVICE_TYPE_CLUSTER_REF, ATTRIBUTE_NAME) VALUES (?, ?) to insert 0 records.","v":1}
{"level":30,"time":1589725316834,"pid":31086,"hostname":"localhost.localdomain","msg":"Preparing statement: INSERT INTO DEVICE_TYPE_COMMAND (DEVICE_TYPE_CLUSTER_REF, COMMAND_NAME) VALUES (?, ?) to insert 0 records.","v":1}
{"level":30,"time":1589725316844,"pid":31086,"hostname":"localhost.localdomain","msg":"For file: zcl/ami.xml, got CRC: 1984946673","v":1}
{"level":30,"time":1589725316845,"pid":31086,"hostname":"localhost.localdomain","msg":"Executed get: SELECT PACKAGE_ID, PATH, CRC FROM PACKAGE WHERE PATH = ?: zcl/ami.xml","v":1}
{"level":30,"time":1589725316845,"pid":31086,"hostname":"localhost.localdomain","msg":"No CRC in the database for file zcl/ami.xml, parsing.","v":1}
{"level":30,"time":1589725316846,"pid":31086,"hostname":"localhost.localdomain","msg":"Executed insert: INSERT INTO PACKAGE ( PATH, CRC ) VALUES (?, ?): zcl/ami.xml,1984946673 => rowid: 18","v":1}
{"level":30,"time":1589725316952,"pid":31086,"hostname":"localhost.localdomain","msg":"zcl/ami.xml, 18: 50 bitmaps.","v":1}
{"level":30,"time":1589725316952,"pid":31086,"hostname":"localhost.localdomain","msg":"Preparing statement: INSERT INTO BITMAP (PACKAGE_REF, NAME, TYPE) VALUES (?, ?, ?) to insert 50 records.","v":1}
{"level":30,"time":1589725316952,"pid":31086,"hostname":"localhost.localdomain","msg":"zcl/ami.xml, 18: 14 clusters.","v":1}
{"level":30,"time":1589725316955,"pid":31086,"hostname":"localhost.localdomain","msg":"Preparing statement: INSERT INTO CLUSTER (PACKAGE_REF, CODE, NAME, DESCRIPTION, DEFINE) VALUES (?, ?, ?, ?, ?) to insert 14 records.","v":1}
{"level":30,"time":1589725316955,"pid":31086,"hostname":"localhost.localdomain","msg":"zcl/ami.xml, 18: 1 domains.","v":1}
{"level":30,"time":1589725316956,"pid":31086,"hostname":"localhost.localdomain","msg":"Preparing statement: INSERT INTO DOMAIN (PACKAGE_REF, NAME) VALUES (?, ?) to insert 1 records.","v":1}
{"level":30,"time":1589725316956,"pid":31086,"hostname":"localhost.localdomain","msg":"zcl/ami.xml, 18: 88 enums.","v":1}
{"level":30,"time":1589725316956,"pid":31086,"hostname":"localhost.localdomain","msg":"Preparing statement: INSERT INTO ENUM (PACKAGE_REF, NAME, TYPE) VALUES (?, ?, ?) to insert 88 records.","v":1}
{"level":30,"time":1589725316956,"pid":31086,"hostname":"localhost.localdomain","msg":"zcl/ami.xml, 18: 20 structs.","v":1}
{"level":30,"time":1589725316957,"pid":31086,"hostname":"localhost.localdomain","msg":"Preparing statement: INSERT INTO STRUCT (PACKAGE_REF, NAME) VALUES (?, ?) to insert 20 records.","v":1}
{"level":30,"time":1589725316970,"pid":31086,"hostname":"localhost.localdomain","msg":"Executed insert: INSERT INTO DEVICE_TYPE_CLUSTER (DEVICE_TYPE_REF, CLUSTER_NAME, INCLUDE_CLIENT, INCLUDE_SERVER, LOCK_CLIENT, LOCK_SERVER) VALUES (?,?,?,?,?,?): 15,Basic,false,true,true,true => rowid: 1035","v":1}
{"level":30,"time":1589725316972,"pid":31086,"hostname":"localhost.localdomain","msg":"Executed insert: INSERT INTO DEVICE_TYPE_CLUSTER (DEVICE_TYPE_REF, CLUSTER_NAME, INCLUDE_CLIENT, INCLUDE_SERVER, LOCK_CLIENT, LOCK_SERVER) VALUES (?,?,?,?,?,?): 15,Power Configuration,false,false,true,false => rowid: 1036","v":1}
{"level":30,"time":1589725316972,"pid":31086,"hostname":"localhost.localdomain","msg":"Executed insert: INSERT INTO DEVICE_TYPE_CLUSTER (DEVICE_TYPE_REF, CLUSTER_NAME, INCLUDE_CLIENT, INCLUDE_SERVER, LOCK_CLIENT, LOCK_SERVER) VALUES (?,?,?,?,?,?): 15,Device Temperature Configuration,false,false,true,false => rowid: 1037","v":1}
{"level":30,"time":1589725316972,"pid":31086,"hostname":"localhost.localdomain","msg":"Executed insert: INSERT INTO DEVICE_TYPE_CLUSTER (DEVICE_TYPE_REF, CLUSTER_NAME, INCLUDE_CLIENT, INCLUDE_SERVER, LOCK_CLIENT, LOCK_SERVER) VALUES (?,?,?,?,?,?): 15,Scenes,false,false,false,true => rowid: 1038","v":1}
{"level":30,"time":1589725316972,"pid":31086,"hostname":"localhost.localdomain","msg":"Executed insert: INSERT INTO DEVICE_TYPE_CLUSTER (DEVICE_TYPE_REF, CLUSTER_NAME, INCLUDE_CLIENT, INCLUDE_SERVER, LOCK_CLIENT, LOCK_SERVER) VALUES (?,?,?,?,?,?): 15,Groups,false,false,false,true => rowid: 1039","v":1}
{"level":30,"time":1589725316972,"pid":31086,"hostname":"localhost.localdomain","msg":"Executed insert: INSERT INTO DEVICE_TYPE_CLUSTER (DEVICE_TYPE_REF, CLUSTER_NAME, INCLUDE_CLIENT, INCLUDE_SERVER, LOCK_CLIENT, LOCK_SERVER) VALUES (?,?,?,?,?,?): 15,On/Off Switch Configuration,false,false,true,false => rowid: 1040","v":1}
{"level":30,"time":1589725316972,"pid":31086,"hostname":"localhost.localdomain","msg":"Executed insert: INSERT INTO DEVICE_TYPE_CLUSTER (DEVICE_TYPE_REF, CLUSTER_NAME, INCLUDE_CLIENT, INCLUDE_SERVER, LOCK_CLIENT, LOCK_SERVER) VALUES (?,?,?,?,?,?): 15,Poll Control,false,false,true,false => rowid: 1041","v":1}
{"level":30,"time":1589725316972,"pid":31086,"hostname":"localhost.localdomain","msg":"Executed insert: INSERT INTO DEVICE_TYPE_CLUSTER (DEVICE_TYPE_REF, CLUSTER_NAME, INCLUDE_CLIENT, INCLUDE_SERVER, LOCK_CLIENT, LOCK_SERVER) VALUES (?,?,?,?,?,?): 15,Electrical Measurement,false,false,true,false => rowid: 1042","v":1}
{"level":30,"time":1589725316972,"pid":31086,"hostname":"localhost.localdomain","msg":"Executed insert: INSERT INTO DEVICE_TYPE_CLUSTER (DEVICE_TYPE_REF, CLUSTER_NAME, INCLUDE_CLIENT, INCLUDE_SERVER, LOCK_CLIENT, LOCK_SERVER) VALUES (?,?,?,?,?,?): 15,Time,false,false,false,true => rowid: 1043","v":1}
{"level":30,"time":1589725316972,"pid":31086,"hostname":"localhost.localdomain","msg":"Executed insert: INSERT INTO DEVICE_TYPE_CLUSTER (DEVICE_TYPE_REF, CLUSTER_NAME, INCLUDE_CLIENT, INCLUDE_SERVER, LOCK_CLIENT, LOCK_SERVER) VALUES (?,?,?,?,?,?): 15,Over the Air Bootloading,false,false,false,false => rowid: 1044","v":1}
{"level":30,"time":1589725316972,"pid":31086,"hostname":"localhost.localdomain","msg":"Executed insert: INSERT INTO DEVICE_TYPE_CLUSTER (DEVICE_TYPE_REF, CLUSTER_NAME, INCLUDE_CLIENT, INCLUDE_SERVER, LOCK_CLIENT, LOCK_SERVER) VALUES (?,?,?,?,?,?): 15,Partition,false,false,false,false => rowid: 1045","v":1}
{"level":30,"time":1589725316972,"pid":31086,"hostname":"localhost.localdomain","msg":"Executed insert: INSERT INTO DEVICE_TYPE_CLUSTER (DEVICE_TYPE_REF, CLUSTER_NAME, INCLUDE_CLIENT, INCLUDE_SERVER, LOCK_CLIENT, LOCK_SERVER) VALUES (?,?,?,?,?,?): 22,Basic,false,true,true,true => rowid: 1046","v":1}
{"level":30,"time":1589725316972,"pid":31086,"hostname":"localhost.localdomain","msg":"Executed insert: INSERT INTO DEVICE_TYPE_CLUSTER (DEVICE_TYPE_REF, CLUSTER_NAME, INCLUDE_CLIENT, INCLUDE_SERVER, LOCK_CLIENT, LOCK_SERVER) VALUES (?,?,?,?,?,?): 22,Identify,true,true,true,true => rowid: 1047","v":1}
{"level":30,"time":1589725316972,"pid":31086,"hostname":"localhost.localdomain","msg":"Executed insert: INSERT INTO DEVICE_TYPE_CLUSTER (DEVICE_TYPE_REF, CLUSTER_NAME, INCLUDE_CLIENT, INCLUDE_SERVER, LOCK_CLIENT, LOCK_SERVER) VALUES (?,?,?,?,?,?): 22,Power Configuration,false,false,true,false => rowid: 1048","v":1}
{"level":30,"time":1589725316972,"pid":31086,"hostname":"localhost.localdomain","msg":"Executed insert: INSERT INTO DEVICE_TYPE_CLUSTER (DEVICE_TYPE_REF, CLUSTER_NAME, INCLUDE_CLIENT, INCLUDE_SERVER, LOCK_CLIENT, LOCK_SERVER) VALUES (?,?,?,?,?,?): 22,Device Temperature Configuration,false,false,true,false => rowid: 1049","v":1}
{"level":30,"time":1589725316972,"pid":31086,"hostname":"localhost.localdomain","msg":"Executed insert: INSERT INTO DEVICE_TYPE_CLUSTER (DEVICE_TYPE_REF, CLUSTER_NAME, INCLUDE_CLIENT, INCLUDE_SERVER, LOCK_CLIENT, LOCK_SERVER) VALUES (?,?,?,?,?,?): 22,Alarms,false,false,true,false => rowid: 1050","v":1}
{"level":30,"time":1589725316972,"pid":31086,"hostname":"localhost.localdomain","msg":"Executed insert: INSERT INTO DEVICE_TYPE_CLUSTER (DEVICE_TYPE_REF, CLUSTER_NAME, INCLUDE_CLIENT, INCLUDE_SERVER, LOCK_CLIENT, LOCK_SERVER) VALUES (?,?,?,?,?,?): 22,On/off,true,false,true,true => rowid: 1051","v":1}
{"level":30,"time":1589725316972,"pid":31086,"hostname":"localhost.localdomain","msg":"Executed insert: INSERT INTO DEVICE_TYPE_CLUSTER (DEVICE_TYPE_REF, CLUSTER_NAME, INCLUDE_CLIENT, INCLUDE_SERVER, LOCK_CLIENT, LOCK_SERVER) VALUES (?,?,?,?,?,?): 22,Level control,true,false,true,true => rowid: 1052","v":1}
{"level":30,"time":1589725316972,"pid":31086,"hostname":"localhost.localdomain","msg":"Executed insert: INSERT INTO DEVICE_TYPE_CLUSTER (DEVICE_TYPE_REF, CLUSTER_NAME, INCLUDE_CLIENT, INCLUDE_SERVER, LOCK_CLIENT, LOCK_SERVER) VALUES (?,?,?,?,?,?): 22,On/Off Switch Configuration,false,false,true,false => rowid: 1053","v":1}
{"level":30,"time":1589725316972,"pid":31086,"hostname":"localhost.localdomain","msg":"Executed insert: INSERT INTO DEVICE_TYPE_CLUSTER (DEVICE_TYPE_REF, CLUSTER_NAME, INCLUDE_CLIENT, INCLUDE_SERVER, LOCK_CLIENT, LOCK_SERVER) VALUES (?,?,?,?,?,?): 22,Scenes,false,false,false,true => rowid: 1054","v":1}
{"level":30,"time":1589725316972,"pid":31086,"hostname":"localhost.localdomain","msg":"Executed insert: INSERT INTO DEVICE_TYPE_CLUSTER (DEVICE_TYPE_REF, CLUSTER_NAME, INCLUDE_CLIENT, INCLUDE_SERVER, LOCK_CLIENT, LOCK_SERVER) VALUES (?,?,?,?,?,?): 22,Groups,false,false,false,true => rowid: 1055","v":1}
{"level":30,"time":1589725316972,"pid":31086,"hostname":"localhost.localdomain","msg":"Executed insert: INSERT INTO DEVICE_TYPE_CLUSTER (DEVICE_TYPE_REF, CLUSTER_NAME, INCLUDE_CLIENT, INCLUDE_SERVER, LOCK_CLIENT, LOCK_SERVER) VALUES (?,?,?,?,?,?): 22,Poll Control,false,false,true,false => rowid: 1056","v":1}
{"level":30,"time":1589725316972,"pid":31086,"hostname":"localhost.localdomain","msg":"Executed insert: INSERT INTO DEVICE_TYPE_CLUSTER (DEVICE_TYPE_REF, CLUSTER_NAME, INCLUDE_CLIENT, INCLUDE_SERVER, LOCK_CLIENT, LOCK_SERVER) VALUES (?,?,?,?,?,?): 22,Electrical Measurement,false,false,true,false => rowid: 1057","v":1}
{"level":30,"time":1589725316972,"pid":31086,"hostname":"localhost.localdomain","msg":"Executed insert: INSERT INTO DEVICE_TYPE_CLUSTER (DEVICE_TYPE_REF, CLUSTER_NAME, INCLUDE_CLIENT, INCLUDE_SERVER, LOCK_CLIENT, LOCK_SERVER) VALUES (?,?,?,?,?,?): 22,Time,false,false,false,true => rowid: 1058","v":1}
{"level":30,"time":1589725316972,"pid":31086,"hostname":"localhost.localdomain","msg":"Executed insert: INSERT INTO DEVICE_TYPE_CLUSTER (DEVICE_TYPE_REF, CLUSTER_NAME, INCLUDE_CLIENT, INCLUDE_SERVER, LOCK_CLIENT, LOCK_SERVER) VALUES (?,?,?,?,?,?): 22,Over the Air Bootloading,false,false,false,false => rowid: 1059","v":1}
{"level":30,"time":1589725316972,"pid":31086,"hostname":"localhost.localdomain","msg":"Executed insert: INSERT INTO DEVICE_TYPE_CLUSTER (DEVICE_TYPE_REF, CLUSTER_NAME, INCLUDE_CLIENT, INCLUDE_SERVER, LOCK_CLIENT, LOCK_SERVER) VALUES (?,?,?,?,?,?): 22,Partition,false,false,false,false => rowid: 1060","v":1}
{"level":30,"time":1589725316972,"pid":31086,"hostname":"localhost.localdomain","msg":"Preparing statement: INSERT INTO DEVICE_TYPE_ATTRIBUTE (DEVICE_TYPE_CLUSTER_REF, ATTRIBUTE_NAME) VALUES (?, ?) to insert 0 records.","v":1}
{"level":30,"time":1589725316972,"pid":31086,"hostname":"localhost.localdomain","msg":"Preparing statement: INSERT INTO DEVICE_TYPE_COMMAND (DEVICE_TYPE_CLUSTER_REF, COMMAND_NAME) VALUES (?, ?) to insert 0 records.","v":1}
{"level":30,"time":1589725316972,"pid":31086,"hostname":"localhost.localdomain","msg":"Executed insert: INSERT INTO DEVICE_TYPE_CLUSTER (DEVICE_TYPE_REF, CLUSTER_NAME, INCLUDE_CLIENT, INCLUDE_SERVER, LOCK_CLIENT, LOCK_SERVER) VALUES (?,?,?,?,?,?): 29,Basic,false,true,true,true => rowid: 1061","v":1}
{"level":30,"time":1589725316972,"pid":31086,"hostname":"localhost.localdomain","msg":"Executed insert: INSERT INTO DEVICE_TYPE_CLUSTER (DEVICE_TYPE_REF, CLUSTER_NAME, INCLUDE_CLIENT, INCLUDE_SERVER, LOCK_CLIENT, LOCK_SERVER) VALUES (?,?,?,?,?,?): 29,Identify,true,true,true,true => rowid: 1062","v":1}
{"level":30,"time":1589725316972,"pid":31086,"hostname":"localhost.localdomain","msg":"Executed insert: INSERT INTO DEVICE_TYPE_CLUSTER (DEVICE_TYPE_REF, CLUSTER_NAME, INCLUDE_CLIENT, INCLUDE_SERVER, LOCK_CLIENT, LOCK_SERVER) VALUES (?,?,?,?,?,?): 29,Power Configuration,false,false,true,false => rowid: 1063","v":1}
{"level":30,"time":1589725316972,"pid":31086,"hostname":"localhost.localdomain","msg":"Executed insert: INSERT INTO DEVICE_TYPE_CLUSTER (DEVICE_TYPE_REF, CLUSTER_NAME, INCLUDE_CLIENT, INCLUDE_SERVER, LOCK_CLIENT, LOCK_SERVER) VALUES (?,?,?,?,?,?): 29,Device Temperature Configuration,false,false,true,false => rowid: 1064","v":1}
{"level":30,"time":1589725316972,"pid":31086,"hostname":"localhost.localdomain","msg":"Executed insert: INSERT INTO DEVICE_TYPE_CLUSTER (DEVICE_TYPE_REF, CLUSTER_NAME, INCLUDE_CLIENT, INCLUDE_SERVER, LOCK_CLIENT, LOCK_SERVER) VALUES (?,?,?,?,?,?): 29,Alarms,false,false,true,false => rowid: 1065","v":1}
{"level":30,"time":1589725316972,"pid":31086,"hostname":"localhost.localdomain","msg":"Executed insert: INSERT INTO DEVICE_TYPE_CLUSTER (DEVICE_TYPE_REF, CLUSTER_NAME, INCLUDE_CLIENT, INCLUDE_SERVER, LOCK_CLIENT, LOCK_SERVER) VALUES (?,?,?,?,?,?): 29,On/off,false,true,true,true => rowid: 1066","v":1}
{"level":30,"time":1589725316973,"pid":31086,"hostname":"localhost.localdomain","msg":"Executed insert: INSERT INTO DEVICE_TYPE_CLUSTER (DEVICE_TYPE_REF, CLUSTER_NAME, INCLUDE_CLIENT, INCLUDE_SERVER, LOCK_CLIENT, LOCK_SERVER) VALUES (?,?,?,?,?,?): 29,Scenes,false,true,true,true => rowid: 1067","v":1}
{"level":30,"time":1589725316973,"pid":31086,"hostname":"localhost.localdomain","msg":"Executed insert: INSERT INTO DEVICE_TYPE_CLUSTER (DEVICE_TYPE_REF, CLUSTER_NAME, INCLUDE_CLIENT, INCLUDE_SERVER, LOCK_CLIENT, LOCK_SERVER) VALUES (?,?,?,?,?,?): 29,Groups,false,true,true,true => rowid: 1068","v":1}
{"level":30,"time":1589725316973,"pid":31086,"hostname":"localhost.localdomain","msg":"Executed insert: INSERT INTO DEVICE_TYPE_CLUSTER (DEVICE_TYPE_REF, CLUSTER_NAME, INCLUDE_CLIENT, INCLUDE_SERVER, LOCK_CLIENT, LOCK_SERVER) VALUES (?,?,?,?,?,?): 29,Poll Control,false,false,true,false => rowid: 1069","v":1}
{"level":30,"time":1589725316973,"pid":31086,"hostname":"localhost.localdomain","msg":"Executed insert: INSERT INTO DEVICE_TYPE_CLUSTER (DEVICE_TYPE_REF, CLUSTER_NAME, INCLUDE_CLIENT, INCLUDE_SERVER, LOCK_CLIENT, LOCK_SERVER) VALUES (?,?,?,?,?,?): 29,Electrical Measurement,false,false,true,false => rowid: 1070","v":1}
{"level":30,"time":1589725316973,"pid":31086,"hostname":"localhost.localdomain","msg":"Executed insert: INSERT INTO DEVICE_TYPE_CLUSTER (DEVICE_TYPE_REF, CLUSTER_NAME, INCLUDE_CLIENT, INCLUDE_SERVER, LOCK_CLIENT, LOCK_SERVER) VALUES (?,?,?,?,?,?): 15,Alarms,false,false,true,false => rowid: 1071","v":1}
{"level":30,"time":1589725316973,"pid":31086,"hostname":"localhost.localdomain","msg":"Executed insert: INSERT INTO DEVICE_TYPE_CLUSTER (DEVICE_TYPE_REF, CLUSTER_NAME, INCLUDE_CLIENT, INCLUDE_SERVER, LOCK_CLIENT, LOCK_SERVER) VALUES (?,?,?,?,?,?): 29,Over the Air Bootloading,false,false,false,false => rowid: 1072","v":1}
{"level":30,"time":1589725316973,"pid":31086,"hostname":"localhost.localdomain","msg":"Executed insert: INSERT INTO DEVICE_TYPE_CLUSTER (DEVICE_TYPE_REF, CLUSTER_NAME, INCLUDE_CLIENT, INCLUDE_SERVER, LOCK_CLIENT, LOCK_SERVER) VALUES (?,?,?,?,?,?): 29,Partition,false,false,false,false => rowid: 1073","v":1}
{"level":30,"time":1589725316973,"pid":31086,"hostname":"localhost.localdomain","msg":"Executed insert: INSERT INTO DEVICE_TYPE_CLUSTER (DEVICE_TYPE_REF, CLUSTER_NAME, INCLUDE_CLIENT, INCLUDE_SERVER, LOCK_CLIENT, LOCK_SERVER) VALUES (?,?,?,?,?,?): 35,Basic,false,true,true,true => rowid: 1074","v":1}
{"level":30,"time":1589725316973,"pid":31086,"hostname":"localhost.localdomain","msg":"Executed insert: INSERT INTO DEVICE_TYPE_CLUSTER (DEVICE_TYPE_REF, CLUSTER_NAME, INCLUDE_CLIENT, INCLUDE_SERVER, LOCK_CLIENT, LOCK_SERVER) VALUES (?,?,?,?,?,?): 35,Identify,true,true,true,true => rowid: 1075","v":1}
{"level":30,"time":1589725316973,"pid":31086,"hostname":"localhost.localdomain","msg":"Executed insert: INSERT INTO DEVICE_TYPE_CLUSTER (DEVICE_TYPE_REF, CLUSTER_NAME, INCLUDE_CLIENT, INCLUDE_SERVER, LOCK_CLIENT, LOCK_SERVER) VALUES (?,?,?,?,?,?): 35,Power Configuration,false,false,true,false => rowid: 1076","v":1}
{"level":30,"time":1589725316973,"pid":31086,"hostname":"localhost.localdomain","msg":"Executed insert: INSERT INTO DEVICE_TYPE_CLUSTER (DEVICE_TYPE_REF, CLUSTER_NAME, INCLUDE_CLIENT, INCLUDE_SERVER, LOCK_CLIENT, LOCK_SERVER) VALUES (?,?,?,?,?,?): 35,Device Temperature Configuration,false,false,true,false => rowid: 1077","v":1}
{"level":30,"time":1589725316973,"pid":31086,"hostname":"localhost.localdomain","msg":"Executed insert: INSERT INTO DEVICE_TYPE_CLUSTER (DEVICE_TYPE_REF, CLUSTER_NAME, INCLUDE_CLIENT, INCLUDE_SERVER, LOCK_CLIENT, LOCK_SERVER) VALUES (?,?,?,?,?,?): 35,Alarms,false,false,true,false => rowid: 1078","v":1}
{"level":30,"time":1589725316974,"pid":31086,"hostname":"localhost.localdomain","msg":"Executed insert: INSERT INTO DEVICE_TYPE_CLUSTER (DEVICE_TYPE_REF, CLUSTER_NAME, INCLUDE_CLIENT, INCLUDE_SERVER, LOCK_CLIENT, LOCK_SERVER) VALUES (?,?,?,?,?,?): 35,On/off,false,true,true,true => rowid: 1079","v":1}
{"level":30,"time":1589725316974,"pid":31086,"hostname":"localhost.localdomain","msg":"Executed insert: INSERT INTO DEVICE_TYPE_CLUSTER (DEVICE_TYPE_REF, CLUSTER_NAME, INCLUDE_CLIENT, INCLUDE_SERVER, LOCK_CLIENT, LOCK_SERVER) VALUES (?,?,?,?,?,?): 35,Level control,false,true,true,true => rowid: 1080","v":1}
{"level":30,"time":1589725316974,"pid":31086,"hostname":"localhost.localdomain","msg":"Executed insert: INSERT INTO DEVICE_TYPE_CLUSTER (DEVICE_TYPE_REF, CLUSTER_NAME, INCLUDE_CLIENT, INCLUDE_SERVER, LOCK_CLIENT, LOCK_SERVER) VALUES (?,?,?,?,?,?): 35,Scenes,false,true,true,true => rowid: 1081","v":1}
{"level":30,"time":1589725316974,"pid":31086,"hostname":"localhost.localdomain","msg":"Executed insert: INSERT INTO DEVICE_TYPE_CLUSTER (DEVICE_TYPE_REF, CLUSTER_NAME, INCLUDE_CLIENT, INCLUDE_SERVER, LOCK_CLIENT, LOCK_SERVER) VALUES (?,?,?,?,?,?): 35,Groups,false,true,true,true => rowid: 1082","v":1}
{"level":30,"time":1589725316974,"pid":31086,"hostname":"localhost.localdomain","msg":"Executed insert: INSERT INTO DEVICE_TYPE_CLUSTER (DEVICE_TYPE_REF, CLUSTER_NAME, INCLUDE_CLIENT, INCLUDE_SERVER, LOCK_CLIENT, LOCK_SERVER) VALUES (?,?,?,?,?,?): 35,Poll Control,false,false,false,true => rowid: 1083","v":1}
{"level":30,"time":1589725316974,"pid":31086,"hostname":"localhost.localdomain","msg":"Executed insert: INSERT INTO DEVICE_TYPE_CLUSTER (DEVICE_TYPE_REF, CLUSTER_NAME, INCLUDE_CLIENT, INCLUDE_SERVER, LOCK_CLIENT, LOCK_SERVER) VALUES (?,?,?,?,?,?): 35,Electrical Measurement,false,false,true,false => rowid: 1084","v":1}
{"level":30,"time":1589725316974,"pid":31086,"hostname":"localhost.localdomain","msg":"Executed insert: INSERT INTO DEVICE_TYPE_CLUSTER (DEVICE_TYPE_REF, CLUSTER_NAME, INCLUDE_CLIENT, INCLUDE_SERVER, LOCK_CLIENT, LOCK_SERVER) VALUES (?,?,?,?,?,?): 35,Time,false,false,false,true => rowid: 1085","v":1}
{"level":30,"time":1589725316974,"pid":31086,"hostname":"localhost.localdomain","msg":"Executed insert: INSERT INTO DEVICE_TYPE_CLUSTER (DEVICE_TYPE_REF, CLUSTER_NAME, INCLUDE_CLIENT, INCLUDE_SERVER, LOCK_CLIENT, LOCK_SERVER) VALUES (?,?,?,?,?,?): 35,Over the Air Bootloading,false,false,false,false => rowid: 1086","v":1}
{"level":30,"time":1589725316974,"pid":31086,"hostname":"localhost.localdomain","msg":"Executed insert: INSERT INTO DEVICE_TYPE_CLUSTER (DEVICE_TYPE_REF, CLUSTER_NAME, INCLUDE_CLIENT, INCLUDE_SERVER, LOCK_CLIENT, LOCK_SERVER) VALUES (?,?,?,?,?,?): 35,Partition,false,false,false,false => rowid: 1087","v":1}
{"level":30,"time":1589725316976,"pid":31086,"hostname":"localhost.localdomain","msg":"Preparing statement: INSERT INTO DEVICE_TYPE_ATTRIBUTE (DEVICE_TYPE_CLUSTER_REF, ATTRIBUTE_NAME) VALUES (?, ?) to insert 0 records.","v":1}
{"level":30,"time":1589725316976,"pid":31086,"hostname":"localhost.localdomain","msg":"Preparing statement: INSERT INTO DEVICE_TYPE_COMMAND (DEVICE_TYPE_CLUSTER_REF, COMMAND_NAME) VALUES (?, ?) to insert 0 records.","v":1}
{"level":30,"time":1589725316976,"pid":31086,"hostname":"localhost.localdomain","msg":"Executed insert: INSERT INTO DEVICE_TYPE_CLUSTER (DEVICE_TYPE_REF, CLUSTER_NAME, INCLUDE_CLIENT, INCLUDE_SERVER, LOCK_CLIENT, LOCK_SERVER) VALUES (?,?,?,?,?,?): 41,Basic,false,true,true,true => rowid: 1088","v":1}
{"level":30,"time":1589725316976,"pid":31086,"hostname":"localhost.localdomain","msg":"Executed insert: INSERT INTO DEVICE_TYPE_CLUSTER (DEVICE_TYPE_REF, CLUSTER_NAME, INCLUDE_CLIENT, INCLUDE_SERVER, LOCK_CLIENT, LOCK_SERVER) VALUES (?,?,?,?,?,?): 41,Identify,true,true,true,true => rowid: 1089","v":1}
{"level":30,"time":1589725316976,"pid":31086,"hostname":"localhost.localdomain","msg":"Executed insert: INSERT INTO DEVICE_TYPE_CLUSTER (DEVICE_TYPE_REF, CLUSTER_NAME, INCLUDE_CLIENT, INCLUDE_SERVER, LOCK_CLIENT, LOCK_SERVER) VALUES (?,?,?,?,?,?): 41,Power Configuration,false,false,true,false => rowid: 1090","v":1}
{"level":30,"time":1589725316976,"pid":31086,"hostname":"localhost.localdomain","msg":"Executed insert: INSERT INTO DEVICE_TYPE_CLUSTER (DEVICE_TYPE_REF, CLUSTER_NAME, INCLUDE_CLIENT, INCLUDE_SERVER, LOCK_CLIENT, LOCK_SERVER) VALUES (?,?,?,?,?,?): 41,Device Temperature Configuration,false,false,true,false => rowid: 1091","v":1}
{"level":30,"time":1589725316976,"pid":31086,"hostname":"localhost.localdomain","msg":"Executed insert: INSERT INTO DEVICE_TYPE_CLUSTER (DEVICE_TYPE_REF, CLUSTER_NAME, INCLUDE_CLIENT, INCLUDE_SERVER, LOCK_CLIENT, LOCK_SERVER) VALUES (?,?,?,?,?,?): 41,Alarms,false,false,true,false => rowid: 1092","v":1}
{"level":30,"time":1589725316976,"pid":31086,"hostname":"localhost.localdomain","msg":"Executed insert: INSERT INTO DEVICE_TYPE_CLUSTER (DEVICE_TYPE_REF, CLUSTER_NAME, INCLUDE_CLIENT, INCLUDE_SERVER, LOCK_CLIENT, LOCK_SERVER) VALUES (?,?,?,?,?,?): 41,Scenes,true,false,true,true => rowid: 1093","v":1}
{"level":30,"time":1589725316976,"pid":31086,"hostname":"localhost.localdomain","msg":"Executed insert: INSERT INTO DEVICE_TYPE_CLUSTER (DEVICE_TYPE_REF, CLUSTER_NAME, INCLUDE_CLIENT, INCLUDE_SERVER, LOCK_CLIENT, LOCK_SERVER) VALUES (?,?,?,?,?,?): 41,Groups,true,false,true,true => rowid: 1094","v":1}
{"level":30,"time":1589725316976,"pid":31086,"hostname":"localhost.localdomain","msg":"Executed insert: INSERT INTO DEVICE_TYPE_CLUSTER (DEVICE_TYPE_REF, CLUSTER_NAME, INCLUDE_CLIENT, INCLUDE_SERVER, LOCK_CLIENT, LOCK_SERVER) VALUES (?,?,?,?,?,?): 41,Poll Control,false,false,true,false => rowid: 1095","v":1}
{"level":30,"time":1589725316976,"pid":31086,"hostname":"localhost.localdomain","msg":"Executed insert: INSERT INTO DEVICE_TYPE_CLUSTER (DEVICE_TYPE_REF, CLUSTER_NAME, INCLUDE_CLIENT, INCLUDE_SERVER, LOCK_CLIENT, LOCK_SERVER) VALUES (?,?,?,?,?,?): 41,Electrical Measurement,false,false,true,false => rowid: 1096","v":1}
{"level":30,"time":1589725316976,"pid":31086,"hostname":"localhost.localdomain","msg":"Executed insert: INSERT INTO DEVICE_TYPE_CLUSTER (DEVICE_TYPE_REF, CLUSTER_NAME, INCLUDE_CLIENT, INCLUDE_SERVER, LOCK_CLIENT, LOCK_SERVER) VALUES (?,?,?,?,?,?): 41,Time,false,false,false,true => rowid: 1097","v":1}
{"level":30,"time":1589725316976,"pid":31086,"hostname":"localhost.localdomain","msg":"Executed insert: INSERT INTO DEVICE_TYPE_CLUSTER (DEVICE_TYPE_REF, CLUSTER_NAME, INCLUDE_CLIENT, INCLUDE_SERVER, LOCK_CLIENT, LOCK_SERVER) VALUES (?,?,?,?,?,?): 41,Over the Air Bootloading,false,false,false,false => rowid: 1098","v":1}
{"level":30,"time":1589725316976,"pid":31086,"hostname":"localhost.localdomain","msg":"Executed insert: INSERT INTO DEVICE_TYPE_CLUSTER (DEVICE_TYPE_REF, CLUSTER_NAME, INCLUDE_CLIENT, INCLUDE_SERVER, LOCK_CLIENT, LOCK_SERVER) VALUES (?,?,?,?,?,?): 41,Partition,false,false,false,false => rowid: 1099","v":1}
{"level":30,"time":1589725316976,"pid":31086,"hostname":"localhost.localdomain","msg":"Preparing statement: INSERT INTO DEVICE_TYPE_ATTRIBUTE (DEVICE_TYPE_CLUSTER_REF, ATTRIBUTE_NAME) VALUES (?, ?) to insert 0 records.","v":1}
{"level":30,"time":1589725316976,"pid":31086,"hostname":"localhost.localdomain","msg":"Preparing statement: INSERT INTO DEVICE_TYPE_COMMAND (DEVICE_TYPE_CLUSTER_REF, COMMAND_NAME) VALUES (?, ?) to insert 0 records.","v":1}
{"level":30,"time":1589725316976,"pid":31086,"hostname":"localhost.localdomain","msg":"Executed insert: INSERT INTO DEVICE_TYPE_CLUSTER (DEVICE_TYPE_REF, CLUSTER_NAME, INCLUDE_CLIENT, INCLUDE_SERVER, LOCK_CLIENT, LOCK_SERVER) VALUES (?,?,?,?,?,?): 46,Basic,false,true,false,true => rowid: 1100","v":1}
{"level":30,"time":1589725316976,"pid":31086,"hostname":"localhost.localdomain","msg":"Executed insert: INSERT INTO DEVICE_TYPE_CLUSTER (DEVICE_TYPE_REF, CLUSTER_NAME, INCLUDE_CLIENT, INCLUDE_SERVER, LOCK_CLIENT, LOCK_SERVER) VALUES (?,?,?,?,?,?): 46,Identify,true,true,true,true => rowid: 1101","v":1}
{"level":30,"time":1589725316976,"pid":31086,"hostname":"localhost.localdomain","msg":"Executed insert: INSERT INTO DEVICE_TYPE_CLUSTER (DEVICE_TYPE_REF, CLUSTER_NAME, INCLUDE_CLIENT, INCLUDE_SERVER, LOCK_CLIENT, LOCK_SERVER) VALUES (?,?,?,?,?,?): 46,Power Configuration,false,false,true,false => rowid: 1102","v":1}
{"level":30,"time":1589725316976,"pid":31086,"hostname":"localhost.localdomain","msg":"Executed insert: INSERT INTO DEVICE_TYPE_CLUSTER (DEVICE_TYPE_REF, CLUSTER_NAME, INCLUDE_CLIENT, INCLUDE_SERVER, LOCK_CLIENT, LOCK_SERVER) VALUES (?,?,?,?,?,?): 46,Device Temperature Configuration,false,false,true,false => rowid: 1103","v":1}
{"level":30,"time":1589725316977,"pid":31086,"hostname":"localhost.localdomain","msg":"Executed insert: INSERT INTO DEVICE_TYPE_CLUSTER (DEVICE_TYPE_REF, CLUSTER_NAME, INCLUDE_CLIENT, INCLUDE_SERVER, LOCK_CLIENT, LOCK_SERVER) VALUES (?,?,?,?,?,?): 46,Alarms,false,false,true,false => rowid: 1104","v":1}
{"level":30,"time":1589725316977,"pid":31086,"hostname":"localhost.localdomain","msg":"Executed insert: INSERT INTO DEVICE_TYPE_CLUSTER (DEVICE_TYPE_REF, CLUSTER_NAME, INCLUDE_CLIENT, INCLUDE_SERVER, LOCK_CLIENT, LOCK_SERVER) VALUES (?,?,?,?,?,?): 46,Groups,false,false,false,true => rowid: 1105","v":1}
{"level":30,"time":1589725316977,"pid":31086,"hostname":"localhost.localdomain","msg":"Executed insert: INSERT INTO DEVICE_TYPE_CLUSTER (DEVICE_TYPE_REF, CLUSTER_NAME, INCLUDE_CLIENT, INCLUDE_SERVER, LOCK_CLIENT, LOCK_SERVER) VALUES (?,?,?,?,?,?): 46,Scenes,false,false,false,true => rowid: 1106","v":1}
{"level":30,"time":1589725316977,"pid":31086,"hostname":"localhost.localdomain","msg":"Executed insert: INSERT INTO DEVICE_TYPE_CLUSTER (DEVICE_TYPE_REF, CLUSTER_NAME, INCLUDE_CLIENT, INCLUDE_SERVER, LOCK_CLIENT, LOCK_SERVER) VALUES (?,?,?,?,?,?): 46,Illuminance Level Sensing,false,false,false,true => rowid: 1107","v":1}
{"level":30,"time":1589725316977,"pid":31086,"hostname":"localhost.localdomain","msg":"Executed insert: INSERT INTO DEVICE_TYPE_CLUSTER (DEVICE_TYPE_REF, CLUSTER_NAME, INCLUDE_CLIENT, INCLUDE_SERVER, LOCK_CLIENT, LOCK_SERVER) VALUES (?,?,?,?,?,?): 46,Temperature Measurement,false,false,false,true => rowid: 1108","v":1}
{"level":30,"time":1589725316977,"pid":31086,"hostname":"localhost.localdomain","msg":"Executed insert: INSERT INTO DEVICE_TYPE_CLUSTER (DEVICE_TYPE_REF, CLUSTER_NAME, INCLUDE_CLIENT, INCLUDE_SERVER, LOCK_CLIENT, LOCK_SERVER) VALUES (?,?,?,?,?,?): 46,Pressure Measurement,false,false,false,true => rowid: 1109","v":1}
{"level":30,"time":1589725316977,"pid":31086,"hostname":"localhost.localdomain","msg":"Executed insert: INSERT INTO DEVICE_TYPE_CLUSTER (DEVICE_TYPE_REF, CLUSTER_NAME, INCLUDE_CLIENT, INCLUDE_SERVER, LOCK_CLIENT, LOCK_SERVER) VALUES (?,?,?,?,?,?): 46,Flow Measurement,false,false,false,true => rowid: 1110","v":1}
{"level":30,"time":1589725316977,"pid":31086,"hostname":"localhost.localdomain","msg":"Executed insert: INSERT INTO DEVICE_TYPE_CLUSTER (DEVICE_TYPE_REF, CLUSTER_NAME, INCLUDE_CLIENT, INCLUDE_SERVER, LOCK_CLIENT, LOCK_SERVER) VALUES (?,?,?,?,?,?): 46,Occupancy Sensing,false,false,false,true => rowid: 1111","v":1}
{"level":30,"time":1589725316977,"pid":31086,"hostname":"localhost.localdomain","msg":"Executed insert: INSERT INTO DEVICE_TYPE_CLUSTER (DEVICE_TYPE_REF, CLUSTER_NAME, INCLUDE_CLIENT, INCLUDE_SERVER, LOCK_CLIENT, LOCK_SERVER) VALUES (?,?,?,?,?,?): 46,Pump Configuration and Control,false,false,false,true => rowid: 1112","v":1}
{"level":30,"time":1589725316977,"pid":31086,"hostname":"localhost.localdomain","msg":"Executed insert: INSERT INTO DEVICE_TYPE_CLUSTER (DEVICE_TYPE_REF, CLUSTER_NAME, INCLUDE_CLIENT, INCLUDE_SERVER, LOCK_CLIENT, LOCK_SERVER) VALUES (?,?,?,?,?,?): 46,Shade Configuration,false,false,false,true => rowid: 1113","v":1}
{"level":30,"time":1589725316977,"pid":31086,"hostname":"localhost.localdomain","msg":"Executed insert: INSERT INTO DEVICE_TYPE_CLUSTER (DEVICE_TYPE_REF, CLUSTER_NAME, INCLUDE_CLIENT, INCLUDE_SERVER, LOCK_CLIENT, LOCK_SERVER) VALUES (?,?,?,?,?,?): 46,Thermostat User Interface Configuration,false,false,false,true => rowid: 1114","v":1}
{"level":30,"time":1589725316977,"pid":31086,"hostname":"localhost.localdomain","msg":"Executed insert: INSERT INTO DEVICE_TYPE_CLUSTER (DEVICE_TYPE_REF, CLUSTER_NAME, INCLUDE_CLIENT, INCLUDE_SERVER, LOCK_CLIENT, LOCK_SERVER) VALUES (?,?,?,?,?,?): 46,Poll Control,false,false,true,false => rowid: 1115","v":1}
{"level":30,"time":1589725316977,"pid":31086,"hostname":"localhost.localdomain","msg":"Executed insert: INSERT INTO DEVICE_TYPE_CLUSTER (DEVICE_TYPE_REF, CLUSTER_NAME, INCLUDE_CLIENT, INCLUDE_SERVER, LOCK_CLIENT, LOCK_SERVER) VALUES (?,?,?,?,?,?): 46,Electrical Measurement,false,false,true,false => rowid: 1116","v":1}
{"level":30,"time":1589725316977,"pid":31086,"hostname":"localhost.localdomain","msg":"Executed insert: INSERT INTO DEVICE_TYPE_CLUSTER (DEVICE_TYPE_REF, CLUSTER_NAME, INCLUDE_CLIENT, INCLUDE_SERVER, LOCK_CLIENT, LOCK_SERVER) VALUES (?,?,?,?,?,?): 46,Time,false,false,false,true => rowid: 1117","v":1}
{"level":30,"time":1589725316977,"pid":31086,"hostname":"localhost.localdomain","msg":"Executed insert: INSERT INTO DEVICE_TYPE_CLUSTER (DEVICE_TYPE_REF, CLUSTER_NAME, INCLUDE_CLIENT, INCLUDE_SERVER, LOCK_CLIENT, LOCK_SERVER) VALUES (?,?,?,?,?,?): 46,Over the Air Bootloading,false,false,false,false => rowid: 1118","v":1}
{"level":30,"time":1589725316977,"pid":31086,"hostname":"localhost.localdomain","msg":"Executed insert: INSERT INTO DEVICE_TYPE_CLUSTER (DEVICE_TYPE_REF, CLUSTER_NAME, INCLUDE_CLIENT, INCLUDE_SERVER, LOCK_CLIENT, LOCK_SERVER) VALUES (?,?,?,?,?,?): 46,Partition,false,false,false,false => rowid: 1119","v":1}
{"level":30,"time":1589725316977,"pid":31086,"hostname":"localhost.localdomain","msg":"Preparing statement: INSERT INTO DEVICE_TYPE_ATTRIBUTE (DEVICE_TYPE_CLUSTER_REF, ATTRIBUTE_NAME) VALUES (?, ?) to insert 0 records.","v":1}
{"level":30,"time":1589725316977,"pid":31086,"hostname":"localhost.localdomain","msg":"Preparing statement: INSERT INTO DEVICE_TYPE_COMMAND (DEVICE_TYPE_CLUSTER_REF, COMMAND_NAME) VALUES (?, ?) to insert 0 records.","v":1}
{"level":30,"time":1589725316977,"pid":31086,"hostname":"localhost.localdomain","msg":"Executed insert: INSERT INTO DEVICE_TYPE_CLUSTER (DEVICE_TYPE_REF, CLUSTER_NAME, INCLUDE_CLIENT, INCLUDE_SERVER, LOCK_CLIENT, LOCK_SERVER) VALUES (?,?,?,?,?,?): 51,Basic,false,true,false,true => rowid: 1120","v":1}
{"level":30,"time":1589725316977,"pid":31086,"hostname":"localhost.localdomain","msg":"Executed insert: INSERT INTO DEVICE_TYPE_CLUSTER (DEVICE_TYPE_REF, CLUSTER_NAME, INCLUDE_CLIENT, INCLUDE_SERVER, LOCK_CLIENT, LOCK_SERVER) VALUES (?,?,?,?,?,?): 51,Identify,true,true,true,true => rowid: 1121","v":1}
{"level":30,"time":1589725316977,"pid":31086,"hostname":"localhost.localdomain","msg":"Executed insert: INSERT INTO DEVICE_TYPE_CLUSTER (DEVICE_TYPE_REF, CLUSTER_NAME, INCLUDE_CLIENT, INCLUDE_SERVER, LOCK_CLIENT, LOCK_SERVER) VALUES (?,?,?,?,?,?): 51,Power Configuration,false,false,false,true => rowid: 1122","v":1}
{"level":30,"time":1589725316977,"pid":31086,"hostname":"localhost.localdomain","msg":"Executed insert: INSERT INTO DEVICE_TYPE_CLUSTER (DEVICE_TYPE_REF, CLUSTER_NAME, INCLUDE_CLIENT, INCLUDE_SERVER, LOCK_CLIENT, LOCK_SERVER) VALUES (?,?,?,?,?,?): 51,Device Temperature Configuration,false,false,false,true => rowid: 1123","v":1}
{"level":30,"time":1589725316977,"pid":31086,"hostname":"localhost.localdomain","msg":"Executed insert: INSERT INTO DEVICE_TYPE_CLUSTER (DEVICE_TYPE_REF, CLUSTER_NAME, INCLUDE_CLIENT, INCLUDE_SERVER, LOCK_CLIENT, LOCK_SERVER) VALUES (?,?,?,?,?,?): 51,Alarms,false,false,false,true => rowid: 1124","v":1}
{"level":30,"time":1589725316977,"pid":31086,"hostname":"localhost.localdomain","msg":"Executed insert: INSERT INTO DEVICE_TYPE_CLUSTER (DEVICE_TYPE_REF, CLUSTER_NAME, INCLUDE_CLIENT, INCLUDE_SERVER, LOCK_CLIENT, LOCK_SERVER) VALUES (?,?,?,?,?,?): 51,Simple Metering,false,false,false,false => rowid: 1125","v":1}
{"level":30,"time":1589725316977,"pid":31086,"hostname":"localhost.localdomain","msg":"Executed insert: INSERT INTO DEVICE_TYPE_CLUSTER (DEVICE_TYPE_REF, CLUSTER_NAME, INCLUDE_CLIENT, INCLUDE_SERVER, LOCK_CLIENT, LOCK_SERVER) VALUES (?,?,?,?,?,?): 51,On/off,false,false,false,true => rowid: 1126","v":1}
{"level":30,"time":1589725316977,"pid":31086,"hostname":"localhost.localdomain","msg":"Executed insert: INSERT INTO DEVICE_TYPE_CLUSTER (DEVICE_TYPE_REF, CLUSTER_NAME, INCLUDE_CLIENT, INCLUDE_SERVER, LOCK_CLIENT, LOCK_SERVER) VALUES (?,?,?,?,?,?): 51,Level control,false,false,false,true => rowid: 1127","v":1}
{"level":30,"time":1589725316978,"pid":31086,"hostname":"localhost.localdomain","msg":"Executed insert: INSERT INTO DEVICE_TYPE_CLUSTER (DEVICE_TYPE_REF, CLUSTER_NAME, INCLUDE_CLIENT, INCLUDE_SERVER, LOCK_CLIENT, LOCK_SERVER) VALUES (?,?,?,?,?,?): 51,Groups,false,false,false,true => rowid: 1128","v":1}
{"level":30,"time":1589725316978,"pid":31086,"hostname":"localhost.localdomain","msg":"Executed insert: INSERT INTO DEVICE_TYPE_CLUSTER (DEVICE_TYPE_REF, CLUSTER_NAME, INCLUDE_CLIENT, INCLUDE_SERVER, LOCK_CLIENT, LOCK_SERVER) VALUES (?,?,?,?,?,?): 51,Scenes,false,false,false,true => rowid: 1129","v":1}
{"level":30,"time":1589725316978,"pid":31086,"hostname":"localhost.localdomain","msg":"Executed insert: INSERT INTO DEVICE_TYPE_CLUSTER (DEVICE_TYPE_REF, CLUSTER_NAME, INCLUDE_CLIENT, INCLUDE_SERVER, LOCK_CLIENT, LOCK_SERVER) VALUES (?,?,?,?,?,?): 51,Color control,false,false,false,true => rowid: 1130","v":1}
{"level":30,"time":1589725316978,"pid":31086,"hostname":"localhost.localdomain","msg":"Executed insert: INSERT INTO DEVICE_TYPE_CLUSTER (DEVICE_TYPE_REF, CLUSTER_NAME, INCLUDE_CLIENT, INCLUDE_SERVER, LOCK_CLIENT, LOCK_SERVER) VALUES (?,?,?,?,?,?): 51,Pump Configuration and Control,false,false,false,true => rowid: 1131","v":1}
{"level":30,"time":1589725316978,"pid":31086,"hostname":"localhost.localdomain","msg":"Executed insert: INSERT INTO DEVICE_TYPE_CLUSTER (DEVICE_TYPE_REF, CLUSTER_NAME, INCLUDE_CLIENT, INCLUDE_SERVER, LOCK_CLIENT, LOCK_SERVER) VALUES (?,?,?,?,?,?): 51,Shade Configuration,false,false,false,true => rowid: 1132","v":1}
{"level":30,"time":1589725316978,"pid":31086,"hostname":"localhost.localdomain","msg":"Executed insert: INSERT INTO DEVICE_TYPE_CLUSTER (DEVICE_TYPE_REF, CLUSTER_NAME, INCLUDE_CLIENT, INCLUDE_SERVER, LOCK_CLIENT, LOCK_SERVER) VALUES (?,?,?,?,?,?): 51,On/Off Switch Configuration,false,false,false,true => rowid: 1133","v":1}
{"level":30,"time":1589725316978,"pid":31086,"hostname":"localhost.localdomain","msg":"Executed insert: INSERT INTO DEVICE_TYPE_CLUSTER (DEVICE_TYPE_REF, CLUSTER_NAME, INCLUDE_CLIENT, INCLUDE_SERVER, LOCK_CLIENT, LOCK_SERVER) VALUES (?,?,?,?,?,?): 51,Temperature Measurement,false,false,false,true => rowid: 1134","v":1}
{"level":30,"time":1589725316978,"pid":31086,"hostname":"localhost.localdomain","msg":"Executed insert: INSERT INTO DEVICE_TYPE_CLUSTER (DEVICE_TYPE_REF, CLUSTER_NAME, INCLUDE_CLIENT, INCLUDE_SERVER, LOCK_CLIENT, LOCK_SERVER) VALUES (?,?,?,?,?,?): 51,Window Covering,false,false,false,true => rowid: 1135","v":1}
{"level":30,"time":1589725316978,"pid":31086,"hostname":"localhost.localdomain","msg":"Executed insert: INSERT INTO DEVICE_TYPE_CLUSTER (DEVICE_TYPE_REF, CLUSTER_NAME, INCLUDE_CLIENT, INCLUDE_SERVER, LOCK_CLIENT, LOCK_SERVER) VALUES (?,?,?,?,?,?): 51,Door Lock,false,false,false,true => rowid: 1136","v":1}
{"level":30,"time":1589725316978,"pid":31086,"hostname":"localhost.localdomain","msg":"Executed insert: INSERT INTO DEVICE_TYPE_CLUSTER (DEVICE_TYPE_REF, CLUSTER_NAME, INCLUDE_CLIENT, INCLUDE_SERVER, LOCK_CLIENT, LOCK_SERVER) VALUES (?,?,?,?,?,?): 51,Illuminance Measurement,false,false,false,true => rowid: 1137","v":1}
{"level":30,"time":1589725316978,"pid":31086,"hostname":"localhost.localdomain","msg":"Executed insert: INSERT INTO DEVICE_TYPE_CLUSTER (DEVICE_TYPE_REF, CLUSTER_NAME, INCLUDE_CLIENT, INCLUDE_SERVER, LOCK_CLIENT, LOCK_SERVER) VALUES (?,?,?,?,?,?): 51,Illuminance Level Sensing,false,false,false,true => rowid: 1138","v":1}
{"level":30,"time":1589725316978,"pid":31086,"hostname":"localhost.localdomain","msg":"Executed insert: INSERT INTO DEVICE_TYPE_CLUSTER (DEVICE_TYPE_REF, CLUSTER_NAME, INCLUDE_CLIENT, INCLUDE_SERVER, LOCK_CLIENT, LOCK_SERVER) VALUES (?,?,?,?,?,?): 51,Thermostat,false,false,false,true => rowid: 1139","v":1}
{"level":30,"time":1589725316978,"pid":31086,"hostname":"localhost.localdomain","msg":"Executed insert: INSERT INTO DEVICE_TYPE_CLUSTER (DEVICE_TYPE_REF, CLUSTER_NAME, INCLUDE_CLIENT, INCLUDE_SERVER, LOCK_CLIENT, LOCK_SERVER) VALUES (?,?,?,?,?,?): 51,Poll Control,false,false,true,false => rowid: 1140","v":1}
{"level":30,"time":1589725316978,"pid":31086,"hostname":"localhost.localdomain","msg":"Executed insert: INSERT INTO DEVICE_TYPE_CLUSTER (DEVICE_TYPE_REF, CLUSTER_NAME, INCLUDE_CLIENT, INCLUDE_SERVER, LOCK_CLIENT, LOCK_SERVER) VALUES (?,?,?,?,?,?): 51,Over the Air Bootloading,false,false,false,false => rowid: 1141","v":1}
{"level":30,"time":1589725316978,"pid":31086,"hostname":"localhost.localdomain","msg":"Executed insert: INSERT INTO DEVICE_TYPE_CLUSTER (DEVICE_TYPE_REF, CLUSTER_NAME, INCLUDE_CLIENT, INCLUDE_SERVER, LOCK_CLIENT, LOCK_SERVER) VALUES (?,?,?,?,?,?): 51,Time,false,false,false,true => rowid: 1142","v":1}
{"level":30,"time":1589725316978,"pid":31086,"hostname":"localhost.localdomain","msg":"Executed insert: INSERT INTO DEVICE_TYPE_CLUSTER (DEVICE_TYPE_REF, CLUSTER_NAME, INCLUDE_CLIENT, INCLUDE_SERVER, LOCK_CLIENT, LOCK_SERVER) VALUES (?,?,?,?,?,?): 51,Partition,false,false,false,false => rowid: 1143","v":1}
{"level":30,"time":1589725316978,"pid":31086,"hostname":"localhost.localdomain","msg":"Executed insert: INSERT INTO DEVICE_TYPE_CLUSTER (DEVICE_TYPE_REF, CLUSTER_NAME, INCLUDE_CLIENT, INCLUDE_SERVER, LOCK_CLIENT, LOCK_SERVER) VALUES (?,?,?,?,?,?): 51,Electrical Measurement,false,false,true,false => rowid: 1144","v":1}
{"level":30,"time":1589725316978,"pid":31086,"hostname":"localhost.localdomain","msg":"Preparing statement: INSERT INTO DEVICE_TYPE_ATTRIBUTE (DEVICE_TYPE_CLUSTER_REF, ATTRIBUTE_NAME) VALUES (?, ?) to insert 0 records.","v":1}
{"level":30,"time":1589725316978,"pid":31086,"hostname":"localhost.localdomain","msg":"Preparing statement: INSERT INTO DEVICE_TYPE_COMMAND (DEVICE_TYPE_CLUSTER_REF, COMMAND_NAME) VALUES (?, ?) to insert 0 records.","v":1}
{"level":30,"time":1589725316978,"pid":31086,"hostname":"localhost.localdomain","msg":"Executed insert: INSERT INTO DEVICE_TYPE_CLUSTER (DEVICE_TYPE_REF, CLUSTER_NAME, INCLUDE_CLIENT, INCLUDE_SERVER, LOCK_CLIENT, LOCK_SERVER) VALUES (?,?,?,?,?,?): 56,Basic,false,true,false,true => rowid: 1145","v":1}
{"level":30,"time":1589725316978,"pid":31086,"hostname":"localhost.localdomain","msg":"Executed insert: INSERT INTO DEVICE_TYPE_CLUSTER (DEVICE_TYPE_REF, CLUSTER_NAME, INCLUDE_CLIENT, INCLUDE_SERVER, LOCK_CLIENT, LOCK_SERVER) VALUES (?,?,?,?,?,?): 56,Identify,true,true,true,true => rowid: 1146","v":1}
{"level":30,"time":1589725316978,"pid":31086,"hostname":"localhost.localdomain","msg":"Executed insert: INSERT INTO DEVICE_TYPE_CLUSTER (DEVICE_TYPE_REF, CLUSTER_NAME, INCLUDE_CLIENT, INCLUDE_SERVER, LOCK_CLIENT, LOCK_SERVER) VALUES (?,?,?,?,?,?): 56,Power Configuration,false,false,true,false => rowid: 1147","v":1}
{"level":30,"time":1589725316978,"pid":31086,"hostname":"localhost.localdomain","msg":"Executed insert: INSERT INTO DEVICE_TYPE_CLUSTER (DEVICE_TYPE_REF, CLUSTER_NAME, INCLUDE_CLIENT, INCLUDE_SERVER, LOCK_CLIENT, LOCK_SERVER) VALUES (?,?,?,?,?,?): 56,Device Temperature Configuration,false,false,true,false => rowid: 1148","v":1}
{"level":30,"time":1589725316978,"pid":31086,"hostname":"localhost.localdomain","msg":"Executed insert: INSERT INTO DEVICE_TYPE_CLUSTER (DEVICE_TYPE_REF, CLUSTER_NAME, INCLUDE_CLIENT, INCLUDE_SERVER, LOCK_CLIENT, LOCK_SERVER) VALUES (?,?,?,?,?,?): 56,Alarms,false,false,true,false => rowid: 1149","v":1}
{"level":30,"time":1589725316978,"pid":31086,"hostname":"localhost.localdomain","msg":"Executed insert: INSERT INTO DEVICE_TYPE_CLUSTER (DEVICE_TYPE_REF, CLUSTER_NAME, INCLUDE_CLIENT, INCLUDE_SERVER, LOCK_CLIENT, LOCK_SERVER) VALUES (?,?,?,?,?,?): 56,Color control,false,false,false,true => rowid: 1150","v":1}
{"level":30,"time":1589725316978,"pid":31086,"hostname":"localhost.localdomain","msg":"Executed insert: INSERT INTO DEVICE_TYPE_CLUSTER (DEVICE_TYPE_REF, CLUSTER_NAME, INCLUDE_CLIENT, INCLUDE_SERVER, LOCK_CLIENT, LOCK_SERVER) VALUES (?,?,?,?,?,?): 56,Pump Configuration and Control,false,false,false,true => rowid: 1151","v":1}
{"level":30,"time":1589725316978,"pid":31086,"hostname":"localhost.localdomain","msg":"Executed insert: INSERT INTO DEVICE_TYPE_CLUSTER (DEVICE_TYPE_REF, CLUSTER_NAME, INCLUDE_CLIENT, INCLUDE_SERVER, LOCK_CLIENT, LOCK_SERVER) VALUES (?,?,?,?,?,?): 56,Shade Configuration,false,false,false,true => rowid: 1152","v":1}
{"level":30,"time":1589725316978,"pid":31086,"hostname":"localhost.localdomain","msg":"Executed insert: INSERT INTO DEVICE_TYPE_CLUSTER (DEVICE_TYPE_REF, CLUSTER_NAME, INCLUDE_CLIENT, INCLUDE_SERVER, LOCK_CLIENT, LOCK_SERVER) VALUES (?,?,?,?,?,?): 56,On/Off Switch Configuration,false,false,false,true => rowid: 1153","v":1}
{"level":30,"time":1589725316978,"pid":31086,"hostname":"localhost.localdomain","msg":"Executed insert: INSERT INTO DEVICE_TYPE_CLUSTER (DEVICE_TYPE_REF, CLUSTER_NAME, INCLUDE_CLIENT, INCLUDE_SERVER, LOCK_CLIENT, LOCK_SERVER) VALUES (?,?,?,?,?,?): 56,Temperature Measurement,false,false,false,true => rowid: 1154","v":1}
{"level":30,"time":1589725316978,"pid":31086,"hostname":"localhost.localdomain","msg":"Executed insert: INSERT INTO DEVICE_TYPE_CLUSTER (DEVICE_TYPE_REF, CLUSTER_NAME, INCLUDE_CLIENT, INCLUDE_SERVER, LOCK_CLIENT, LOCK_SERVER) VALUES (?,?,?,?,?,?): 56,Illuminance Level Sensing,false,false,false,true => rowid: 1155","v":1}
{"level":30,"time":1589725316978,"pid":31086,"hostname":"localhost.localdomain","msg":"Executed insert: INSERT INTO DEVICE_TYPE_CLUSTER (DEVICE_TYPE_REF, CLUSTER_NAME, INCLUDE_CLIENT, INCLUDE_SERVER, LOCK_CLIENT, LOCK_SERVER) VALUES (?,?,?,?,?,?): 56,Illuminance Measurement,false,false,false,true => rowid: 1156","v":1}
{"level":30,"time":1589725316978,"pid":31086,"hostname":"localhost.localdomain","msg":"Executed insert: INSERT INTO DEVICE_TYPE_CLUSTER (DEVICE_TYPE_REF, CLUSTER_NAME, INCLUDE_CLIENT, INCLUDE_SERVER, LOCK_CLIENT, LOCK_SERVER) VALUES (?,?,?,?,?,?): 56,Thermostat User Interface Configuration,false,false,false,true => rowid: 1157","v":1}
{"level":30,"time":1589725316978,"pid":31086,"hostname":"localhost.localdomain","msg":"Executed insert: INSERT INTO DEVICE_TYPE_CLUSTER (DEVICE_TYPE_REF, CLUSTER_NAME, INCLUDE_CLIENT, INCLUDE_SERVER, LOCK_CLIENT, LOCK_SERVER) VALUES (?,?,?,?,?,?): 56,Level control,false,false,false,true => rowid: 1158","v":1}
{"level":30,"time":1589725316978,"pid":31086,"hostname":"localhost.localdomain","msg":"Executed insert: INSERT INTO DEVICE_TYPE_CLUSTER (DEVICE_TYPE_REF, CLUSTER_NAME, INCLUDE_CLIENT, INCLUDE_SERVER, LOCK_CLIENT, LOCK_SERVER) VALUES (?,?,?,?,?,?): 56,Groups,false,false,false,true => rowid: 1159","v":1}
{"level":30,"time":1589725316978,"pid":31086,"hostname":"localhost.localdomain","msg":"Executed insert: INSERT INTO DEVICE_TYPE_CLUSTER (DEVICE_TYPE_REF, CLUSTER_NAME, INCLUDE_CLIENT, INCLUDE_SERVER, LOCK_CLIENT, LOCK_SERVER) VALUES (?,?,?,?,?,?): 56,Scenes,false,false,false,true => rowid: 1160","v":1}
{"level":30,"time":1589725316978,"pid":31086,"hostname":"localhost.localdomain","msg":"Executed insert: INSERT INTO DEVICE_TYPE_CLUSTER (DEVICE_TYPE_REF, CLUSTER_NAME, INCLUDE_CLIENT, INCLUDE_SERVER, LOCK_CLIENT, LOCK_SERVER) VALUES (?,?,?,?,?,?): 56,Window Covering,false,false,false,true => rowid: 1161","v":1}
{"level":30,"time":1589725316978,"pid":31086,"hostname":"localhost.localdomain","msg":"Executed insert: INSERT INTO DEVICE_TYPE_CLUSTER (DEVICE_TYPE_REF, CLUSTER_NAME, INCLUDE_CLIENT, INCLUDE_SERVER, LOCK_CLIENT, LOCK_SERVER) VALUES (?,?,?,?,?,?): 56,Door Lock,false,false,false,true => rowid: 1162","v":1}
{"level":30,"time":1589725316979,"pid":31086,"hostname":"localhost.localdomain","msg":"Executed insert: INSERT INTO DEVICE_TYPE_CLUSTER (DEVICE_TYPE_REF, CLUSTER_NAME, INCLUDE_CLIENT, INCLUDE_SERVER, LOCK_CLIENT, LOCK_SERVER) VALUES (?,?,?,?,?,?): 56,Thermostat,false,false,false,true => rowid: 1163","v":1}
{"level":30,"time":1589725316979,"pid":31086,"hostname":"localhost.localdomain","msg":"Executed insert: INSERT INTO DEVICE_TYPE_CLUSTER (DEVICE_TYPE_REF, CLUSTER_NAME, INCLUDE_CLIENT, INCLUDE_SERVER, LOCK_CLIENT, LOCK_SERVER) VALUES (?,?,?,?,?,?): 56,On/off,false,false,false,true => rowid: 1164","v":1}
{"level":30,"time":1589725316979,"pid":31086,"hostname":"localhost.localdomain","msg":"Executed insert: INSERT INTO DEVICE_TYPE_CLUSTER (DEVICE_TYPE_REF, CLUSTER_NAME, INCLUDE_CLIENT, INCLUDE_SERVER, LOCK_CLIENT, LOCK_SERVER) VALUES (?,?,?,?,?,?): 56,Poll Control,false,false,true,false => rowid: 1165","v":1}
{"level":30,"time":1589725316979,"pid":31086,"hostname":"localhost.localdomain","msg":"Executed insert: INSERT INTO DEVICE_TYPE_CLUSTER (DEVICE_TYPE_REF, CLUSTER_NAME, INCLUDE_CLIENT, INCLUDE_SERVER, LOCK_CLIENT, LOCK_SERVER) VALUES (?,?,?,?,?,?): 15,Identify,true,true,true,true => rowid: 1166","v":1}
{"level":30,"time":1589725316979,"pid":31086,"hostname":"localhost.localdomain","msg":"Executed insert: INSERT INTO DEVICE_TYPE_CLUSTER (DEVICE_TYPE_REF, CLUSTER_NAME, INCLUDE_CLIENT, INCLUDE_SERVER, LOCK_CLIENT, LOCK_SERVER) VALUES (?,?,?,?,?,?): 56,Time,false,false,false,true => rowid: 1167","v":1}
{"level":30,"time":1589725316979,"pid":31086,"hostname":"localhost.localdomain","msg":"Executed insert: INSERT INTO DEVICE_TYPE_CLUSTER (DEVICE_TYPE_REF, CLUSTER_NAME, INCLUDE_CLIENT, INCLUDE_SERVER, LOCK_CLIENT, LOCK_SERVER) VALUES (?,?,?,?,?,?): 56,Over the Air Bootloading,false,false,false,false => rowid: 1168","v":1}
{"level":30,"time":1589725316979,"pid":31086,"hostname":"localhost.localdomain","msg":"Executed insert: INSERT INTO DEVICE_TYPE_CLUSTER (DEVICE_TYPE_REF, CLUSTER_NAME, INCLUDE_CLIENT, INCLUDE_SERVER, LOCK_CLIENT, LOCK_SERVER) VALUES (?,?,?,?,?,?): 56,Partition,false,false,false,false => rowid: 1169","v":1}
{"level":30,"time":1589725316979,"pid":31086,"hostname":"localhost.localdomain","msg":"Executed insert: INSERT INTO DEVICE_TYPE_CLUSTER (DEVICE_TYPE_REF, CLUSTER_NAME, INCLUDE_CLIENT, INCLUDE_SERVER, LOCK_CLIENT, LOCK_SERVER) VALUES (?,?,?,?,?,?): 61,Basic,false,true,true,true => rowid: 1170","v":1}
{"level":30,"time":1589725316979,"pid":31086,"hostname":"localhost.localdomain","msg":"Executed insert: INSERT INTO DEVICE_TYPE_CLUSTER (DEVICE_TYPE_REF, CLUSTER_NAME, INCLUDE_CLIENT, INCLUDE_SERVER, LOCK_CLIENT, LOCK_SERVER) VALUES (?,?,?,?,?,?): 61,Identify,true,true,true,true => rowid: 1171","v":1}
{"level":30,"time":1589725316979,"pid":31086,"hostname":"localhost.localdomain","msg":"Executed insert: INSERT INTO DEVICE_TYPE_CLUSTER (DEVICE_TYPE_REF, CLUSTER_NAME, INCLUDE_CLIENT, INCLUDE_SERVER, LOCK_CLIENT, LOCK_SERVER) VALUES (?,?,?,?,?,?): 61,Power Configuration,false,false,true,false => rowid: 1172","v":1}
{"level":30,"time":1589725316979,"pid":31086,"hostname":"localhost.localdomain","msg":"Executed insert: INSERT INTO DEVICE_TYPE_CLUSTER (DEVICE_TYPE_REF, CLUSTER_NAME, INCLUDE_CLIENT, INCLUDE_SERVER, LOCK_CLIENT, LOCK_SERVER) VALUES (?,?,?,?,?,?): 61,Device Temperature Configuration,false,false,true,false => rowid: 1173","v":1}
{"level":30,"time":1589725316979,"pid":31086,"hostname":"localhost.localdomain","msg":"Executed insert: INSERT INTO DEVICE_TYPE_CLUSTER (DEVICE_TYPE_REF, CLUSTER_NAME, INCLUDE_CLIENT, INCLUDE_SERVER, LOCK_CLIENT, LOCK_SERVER) VALUES (?,?,?,?,?,?): 61,Alarms,false,false,true,false => rowid: 1174","v":1}
{"level":30,"time":1589725316979,"pid":31086,"hostname":"localhost.localdomain","msg":"Executed insert: INSERT INTO DEVICE_TYPE_CLUSTER (DEVICE_TYPE_REF, CLUSTER_NAME, INCLUDE_CLIENT, INCLUDE_SERVER, LOCK_CLIENT, LOCK_SERVER) VALUES (?,?,?,?,?,?): 61,Poll Control,false,false,true,false => rowid: 1175","v":1}
{"level":30,"time":1589725316979,"pid":31086,"hostname":"localhost.localdomain","msg":"Executed insert: INSERT INTO DEVICE_TYPE_CLUSTER (DEVICE_TYPE_REF, CLUSTER_NAME, INCLUDE_CLIENT, INCLUDE_SERVER, LOCK_CLIENT, LOCK_SERVER) VALUES (?,?,?,?,?,?): 61,Electrical Measurement,false,false,true,false => rowid: 1176","v":1}
{"level":30,"time":1589725316979,"pid":31086,"hostname":"localhost.localdomain","msg":"Executed insert: INSERT INTO DEVICE_TYPE_CLUSTER (DEVICE_TYPE_REF, CLUSTER_NAME, INCLUDE_CLIENT, INCLUDE_SERVER, LOCK_CLIENT, LOCK_SERVER) VALUES (?,?,?,?,?,?): 61,Time,false,false,false,true => rowid: 1177","v":1}
{"level":30,"time":1589725316979,"pid":31086,"hostname":"localhost.localdomain","msg":"Executed insert: INSERT INTO DEVICE_TYPE_CLUSTER (DEVICE_TYPE_REF, CLUSTER_NAME, INCLUDE_CLIENT, INCLUDE_SERVER, LOCK_CLIENT, LOCK_SERVER) VALUES (?,?,?,?,?,?): 61,Over the Air Bootloading,false,false,false,false => rowid: 1178","v":1}
{"level":30,"time":1589725316979,"pid":31086,"hostname":"localhost.localdomain","msg":"Executed insert: INSERT INTO DEVICE_TYPE_CLUSTER (DEVICE_TYPE_REF, CLUSTER_NAME, INCLUDE_CLIENT, INCLUDE_SERVER, LOCK_CLIENT, LOCK_SERVER) VALUES (?,?,?,?,?,?): 61,Partition,false,false,false,false => rowid: 1179","v":1}
{"level":30,"time":1589725316979,"pid":31086,"hostname":"localhost.localdomain","msg":"Preparing statement: INSERT INTO DEVICE_TYPE_ATTRIBUTE (DEVICE_TYPE_CLUSTER_REF, ATTRIBUTE_NAME) VALUES (?, ?) to insert 0 records.","v":1}
{"level":30,"time":1589725316979,"pid":31086,"hostname":"localhost.localdomain","msg":"Preparing statement: INSERT INTO DEVICE_TYPE_COMMAND (DEVICE_TYPE_CLUSTER_REF, COMMAND_NAME) VALUES (?, ?) to insert 0 records.","v":1}
{"level":30,"time":1589725316979,"pid":31086,"hostname":"localhost.localdomain","msg":"Executed insert: INSERT INTO DEVICE_TYPE_CLUSTER (DEVICE_TYPE_REF, CLUSTER_NAME, INCLUDE_CLIENT, INCLUDE_SERVER, LOCK_CLIENT, LOCK_SERVER) VALUES (?,?,?,?,?,?): 66,Basic,false,true,true,true => rowid: 1180","v":1}
{"level":30,"time":1589725316979,"pid":31086,"hostname":"localhost.localdomain","msg":"Executed insert: INSERT INTO DEVICE_TYPE_CLUSTER (DEVICE_TYPE_REF, CLUSTER_NAME, INCLUDE_CLIENT, INCLUDE_SERVER, LOCK_CLIENT, LOCK_SERVER) VALUES (?,?,?,?,?,?): 66,Identify,true,true,true,true => rowid: 1181","v":1}
{"level":30,"time":1589725316979,"pid":31086,"hostname":"localhost.localdomain","msg":"Executed insert: INSERT INTO DEVICE_TYPE_CLUSTER (DEVICE_TYPE_REF, CLUSTER_NAME, INCLUDE_CLIENT, INCLUDE_SERVER, LOCK_CLIENT, LOCK_SERVER) VALUES (?,?,?,?,?,?): 66,Power Configuration,false,false,true,false => rowid: 1182","v":1}
{"level":30,"time":1589725316979,"pid":31086,"hostname":"localhost.localdomain","msg":"Executed insert: INSERT INTO DEVICE_TYPE_CLUSTER (DEVICE_TYPE_REF, CLUSTER_NAME, INCLUDE_CLIENT, INCLUDE_SERVER, LOCK_CLIENT, LOCK_SERVER) VALUES (?,?,?,?,?,?): 66,On/off,false,true,true,true => rowid: 1183","v":1}
{"level":30,"time":1589725316979,"pid":31086,"hostname":"localhost.localdomain","msg":"Executed insert: INSERT INTO DEVICE_TYPE_CLUSTER (DEVICE_TYPE_REF, CLUSTER_NAME, INCLUDE_CLIENT, INCLUDE_SERVER, LOCK_CLIENT, LOCK_SERVER) VALUES (?,?,?,?,?,?): 66,Scenes,false,true,true,true => rowid: 1184","v":1}
{"level":30,"time":1589725316979,"pid":31086,"hostname":"localhost.localdomain","msg":"Executed insert: INSERT INTO DEVICE_TYPE_CLUSTER (DEVICE_TYPE_REF, CLUSTER_NAME, INCLUDE_CLIENT, INCLUDE_SERVER, LOCK_CLIENT, LOCK_SERVER) VALUES (?,?,?,?,?,?): 66,Alarms,false,false,true,false => rowid: 1185","v":1}
{"level":30,"time":1589725316979,"pid":31086,"hostname":"localhost.localdomain","msg":"Executed insert: INSERT INTO DEVICE_TYPE_CLUSTER (DEVICE_TYPE_REF, CLUSTER_NAME, INCLUDE_CLIENT, INCLUDE_SERVER, LOCK_CLIENT, LOCK_SERVER) VALUES (?,?,?,?,?,?): 56,Electrical Measurement,false,false,true,false => rowid: 1186","v":1}
{"level":30,"time":1589725316979,"pid":31086,"hostname":"localhost.localdomain","msg":"Preparing statement: INSERT INTO DEVICE_TYPE_ATTRIBUTE (DEVICE_TYPE_CLUSTER_REF, ATTRIBUTE_NAME) VALUES (?, ?) to insert 0 records.","v":1}
{"level":30,"time":1589725316979,"pid":31086,"hostname":"localhost.localdomain","msg":"Preparing statement: INSERT INTO DEVICE_TYPE_COMMAND (DEVICE_TYPE_CLUSTER_REF, COMMAND_NAME) VALUES (?, ?) to insert 0 records.","v":1}
{"level":30,"time":1589725316979,"pid":31086,"hostname":"localhost.localdomain","msg":"Executed insert: INSERT INTO DEVICE_TYPE_CLUSTER (DEVICE_TYPE_REF, CLUSTER_NAME, INCLUDE_CLIENT, INCLUDE_SERVER, LOCK_CLIENT, LOCK_SERVER) VALUES (?,?,?,?,?,?): 66,Poll Control,false,false,true,false => rowid: 1187","v":1}
{"level":30,"time":1589725316979,"pid":31086,"hostname":"localhost.localdomain","msg":"Executed insert: INSERT INTO DEVICE_TYPE_CLUSTER (DEVICE_TYPE_REF, CLUSTER_NAME, INCLUDE_CLIENT, INCLUDE_SERVER, LOCK_CLIENT, LOCK_SERVER) VALUES (?,?,?,?,?,?): 66,Electrical Measurement,false,false,true,false => rowid: 1188","v":1}
{"level":30,"time":1589725316979,"pid":31086,"hostname":"localhost.localdomain","msg":"Executed insert: INSERT INTO DEVICE_TYPE_CLUSTER (DEVICE_TYPE_REF, CLUSTER_NAME, INCLUDE_CLIENT, INCLUDE_SERVER, LOCK_CLIENT, LOCK_SERVER) VALUES (?,?,?,?,?,?): 66,Device Temperature Configuration,false,false,true,false => rowid: 1189","v":1}
{"level":30,"time":1589725316979,"pid":31086,"hostname":"localhost.localdomain","msg":"Executed insert: INSERT INTO DEVICE_TYPE_CLUSTER (DEVICE_TYPE_REF, CLUSTER_NAME, INCLUDE_CLIENT, INCLUDE_SERVER, LOCK_CLIENT, LOCK_SERVER) VALUES (?,?,?,?,?,?): 66,Time,false,false,false,true => rowid: 1190","v":1}
{"level":30,"time":1589725316979,"pid":31086,"hostname":"localhost.localdomain","msg":"Executed insert: INSERT INTO DEVICE_TYPE_CLUSTER (DEVICE_TYPE_REF, CLUSTER_NAME, INCLUDE_CLIENT, INCLUDE_SERVER, LOCK_CLIENT, LOCK_SERVER) VALUES (?,?,?,?,?,?): 66,Over the Air Bootloading,false,false,false,false => rowid: 1191","v":1}
{"level":30,"time":1589725316979,"pid":31086,"hostname":"localhost.localdomain","msg":"Executed insert: INSERT INTO DEVICE_TYPE_CLUSTER (DEVICE_TYPE_REF, CLUSTER_NAME, INCLUDE_CLIENT, INCLUDE_SERVER, LOCK_CLIENT, LOCK_SERVER) VALUES (?,?,?,?,?,?): 66,Partition,false,false,false,false => rowid: 1192","v":1}
{"level":30,"time":1589725316980,"pid":31086,"hostname":"localhost.localdomain","msg":"Executed insert: INSERT INTO DEVICE_TYPE_CLUSTER (DEVICE_TYPE_REF, CLUSTER_NAME, INCLUDE_CLIENT, INCLUDE_SERVER, LOCK_CLIENT, LOCK_SERVER) VALUES (?,?,?,?,?,?): 71,Basic,false,true,true,true => rowid: 1193","v":1}
{"level":30,"time":1589725316980,"pid":31086,"hostname":"localhost.localdomain","msg":"Executed insert: INSERT INTO DEVICE_TYPE_CLUSTER (DEVICE_TYPE_REF, CLUSTER_NAME, INCLUDE_CLIENT, INCLUDE_SERVER, LOCK_CLIENT, LOCK_SERVER) VALUES (?,?,?,?,?,?): 71,Identify,true,true,true,true => rowid: 1194","v":1}
{"level":30,"time":1589725316980,"pid":31086,"hostname":"localhost.localdomain","msg":"Executed insert: INSERT INTO DEVICE_TYPE_CLUSTER (DEVICE_TYPE_REF, CLUSTER_NAME, INCLUDE_CLIENT, INCLUDE_SERVER, LOCK_CLIENT, LOCK_SERVER) VALUES (?,?,?,?,?,?): 71,Power Configuration,false,false,true,false => rowid: 1195","v":1}
{"level":30,"time":1589725316980,"pid":31086,"hostname":"localhost.localdomain","msg":"Executed insert: INSERT INTO DEVICE_TYPE_CLUSTER (DEVICE_TYPE_REF, CLUSTER_NAME, INCLUDE_CLIENT, INCLUDE_SERVER, LOCK_CLIENT, LOCK_SERVER) VALUES (?,?,?,?,?,?): 71,Device Temperature Configuration,false,false,true,false => rowid: 1196","v":1}
{"level":30,"time":1589725316980,"pid":31086,"hostname":"localhost.localdomain","msg":"Executed insert: INSERT INTO DEVICE_TYPE_CLUSTER (DEVICE_TYPE_REF, CLUSTER_NAME, INCLUDE_CLIENT, INCLUDE_SERVER, LOCK_CLIENT, LOCK_SERVER) VALUES (?,?,?,?,?,?): 71,Alarms,false,false,true,false => rowid: 1197","v":1}
{"level":30,"time":1589725316980,"pid":31086,"hostname":"localhost.localdomain","msg":"Executed insert: INSERT INTO DEVICE_TYPE_CLUSTER (DEVICE_TYPE_REF, CLUSTER_NAME, INCLUDE_CLIENT, INCLUDE_SERVER, LOCK_CLIENT, LOCK_SERVER) VALUES (?,?,?,?,?,?): 71,Door Lock,false,true,true,true => rowid: 1198","v":1}
{"level":30,"time":1589725316980,"pid":31086,"hostname":"localhost.localdomain","msg":"Executed insert: INSERT INTO DEVICE_TYPE_CLUSTER (DEVICE_TYPE_REF, CLUSTER_NAME, INCLUDE_CLIENT, INCLUDE_SERVER, LOCK_CLIENT, LOCK_SERVER) VALUES (?,?,?,?,?,?): 71,Scenes,false,true,true,true => rowid: 1199","v":1}
{"level":30,"time":1589725316980,"pid":31086,"hostname":"localhost.localdomain","msg":"Executed insert: INSERT INTO DEVICE_TYPE_CLUSTER (DEVICE_TYPE_REF, CLUSTER_NAME, INCLUDE_CLIENT, INCLUDE_SERVER, LOCK_CLIENT, LOCK_SERVER) VALUES (?,?,?,?,?,?): 71,Groups,false,true,true,true => rowid: 1200","v":1}
{"level":30,"time":1589725316980,"pid":31086,"hostname":"localhost.localdomain","msg":"Executed insert: INSERT INTO DEVICE_TYPE_CLUSTER (DEVICE_TYPE_REF, CLUSTER_NAME, INCLUDE_CLIENT, INCLUDE_SERVER, LOCK_CLIENT, LOCK_SERVER) VALUES (?,?,?,?,?,?): 71,Poll Control,false,false,true,false => rowid: 1201","v":1}
{"level":30,"time":1589725316980,"pid":31086,"hostname":"localhost.localdomain","msg":"Executed insert: INSERT INTO DEVICE_TYPE_CLUSTER (DEVICE_TYPE_REF, CLUSTER_NAME, INCLUDE_CLIENT, INCLUDE_SERVER, LOCK_CLIENT, LOCK_SERVER) VALUES (?,?,?,?,?,?): 71,Electrical Measurement,false,false,true,false => rowid: 1202","v":1}
{"level":30,"time":1589725316980,"pid":31086,"hostname":"localhost.localdomain","msg":"Executed insert: INSERT INTO DEVICE_TYPE_CLUSTER (DEVICE_TYPE_REF, CLUSTER_NAME, INCLUDE_CLIENT, INCLUDE_SERVER, LOCK_CLIENT, LOCK_SERVER) VALUES (?,?,?,?,?,?): 71,Time,false,false,false,true => rowid: 1203","v":1}
{"level":30,"time":1589725316980,"pid":31086,"hostname":"localhost.localdomain","msg":"Executed insert: INSERT INTO DEVICE_TYPE_CLUSTER (DEVICE_TYPE_REF, CLUSTER_NAME, INCLUDE_CLIENT, INCLUDE_SERVER, LOCK_CLIENT, LOCK_SERVER) VALUES (?,?,?,?,?,?): 71,Over the Air Bootloading,false,false,false,false => rowid: 1204","v":1}
{"level":30,"time":1589725316980,"pid":31086,"hostname":"localhost.localdomain","msg":"Executed insert: INSERT INTO DEVICE_TYPE_CLUSTER (DEVICE_TYPE_REF, CLUSTER_NAME, INCLUDE_CLIENT, INCLUDE_SERVER, LOCK_CLIENT, LOCK_SERVER) VALUES (?,?,?,?,?,?): 71,Partition,false,false,false,false => rowid: 1205","v":1}
{"level":30,"time":1589725316980,"pid":31086,"hostname":"localhost.localdomain","msg":"Preparing statement: INSERT INTO DEVICE_TYPE_ATTRIBUTE (DEVICE_TYPE_CLUSTER_REF, ATTRIBUTE_NAME) VALUES (?, ?) to insert 0 records.","v":1}
{"level":30,"time":1589725316980,"pid":31086,"hostname":"localhost.localdomain","msg":"Preparing statement: INSERT INTO DEVICE_TYPE_COMMAND (DEVICE_TYPE_CLUSTER_REF, COMMAND_NAME) VALUES (?, ?) to insert 0 records.","v":1}
{"level":30,"time":1589725316980,"pid":31086,"hostname":"localhost.localdomain","msg":"Executed insert: INSERT INTO DEVICE_TYPE_CLUSTER (DEVICE_TYPE_REF, CLUSTER_NAME, INCLUDE_CLIENT, INCLUDE_SERVER, LOCK_CLIENT, LOCK_SERVER) VALUES (?,?,?,?,?,?): 76,Basic,false,true,true,true => rowid: 1206","v":1}
{"level":30,"time":1589725316980,"pid":31086,"hostname":"localhost.localdomain","msg":"Executed insert: INSERT INTO DEVICE_TYPE_CLUSTER (DEVICE_TYPE_REF, CLUSTER_NAME, INCLUDE_CLIENT, INCLUDE_SERVER, LOCK_CLIENT, LOCK_SERVER) VALUES (?,?,?,?,?,?): 76,Identify,true,true,true,true => rowid: 1207","v":1}
{"level":30,"time":1589725316980,"pid":31086,"hostname":"localhost.localdomain","msg":"Executed insert: INSERT INTO DEVICE_TYPE_CLUSTER (DEVICE_TYPE_REF, CLUSTER_NAME, INCLUDE_CLIENT, INCLUDE_SERVER, LOCK_CLIENT, LOCK_SERVER) VALUES (?,?,?,?,?,?): 76,Power Configuration,false,false,true,false => rowid: 1208","v":1}
{"level":30,"time":1589725316980,"pid":31086,"hostname":"localhost.localdomain","msg":"Executed insert: INSERT INTO DEVICE_TYPE_CLUSTER (DEVICE_TYPE_REF, CLUSTER_NAME, INCLUDE_CLIENT, INCLUDE_SERVER, LOCK_CLIENT, LOCK_SERVER) VALUES (?,?,?,?,?,?): 76,Device Temperature Configuration,false,false,true,false => rowid: 1209","v":1}
{"level":30,"time":1589725316980,"pid":31086,"hostname":"localhost.localdomain","msg":"Executed insert: INSERT INTO DEVICE_TYPE_CLUSTER (DEVICE_TYPE_REF, CLUSTER_NAME, INCLUDE_CLIENT, INCLUDE_SERVER, LOCK_CLIENT, LOCK_SERVER) VALUES (?,?,?,?,?,?): 76,Alarms,false,false,true,false => rowid: 1210","v":1}
{"level":30,"time":1589725316980,"pid":31086,"hostname":"localhost.localdomain","msg":"Executed insert: INSERT INTO DEVICE_TYPE_CLUSTER (DEVICE_TYPE_REF, CLUSTER_NAME, INCLUDE_CLIENT, INCLUDE_SERVER, LOCK_CLIENT, LOCK_SERVER) VALUES (?,?,?,?,?,?): 76,Door Lock,true,false,true,true => rowid: 1211","v":1}
{"level":30,"time":1589725316980,"pid":31086,"hostname":"localhost.localdomain","msg":"Executed insert: INSERT INTO DEVICE_TYPE_CLUSTER (DEVICE_TYPE_REF, CLUSTER_NAME, INCLUDE_CLIENT, INCLUDE_SERVER, LOCK_CLIENT, LOCK_SERVER) VALUES (?,?,?,?,?,?): 76,Time,false,true,true,true => rowid: 1212","v":1}
{"level":30,"time":1589725316980,"pid":31086,"hostname":"localhost.localdomain","msg":"Executed insert: INSERT INTO DEVICE_TYPE_CLUSTER (DEVICE_TYPE_REF, CLUSTER_NAME, INCLUDE_CLIENT, INCLUDE_SERVER, LOCK_CLIENT, LOCK_SERVER) VALUES (?,?,?,?,?,?): 76,Scenes,true,false,true,true => rowid: 1213","v":1}
{"level":30,"time":1589725316980,"pid":31086,"hostname":"localhost.localdomain","msg":"Executed insert: INSERT INTO DEVICE_TYPE_CLUSTER (DEVICE_TYPE_REF, CLUSTER_NAME, INCLUDE_CLIENT, INCLUDE_SERVER, LOCK_CLIENT, LOCK_SERVER) VALUES (?,?,?,?,?,?): 76,Groups,true,false,true,true => rowid: 1214","v":1}
{"level":30,"time":1589725316980,"pid":31086,"hostname":"localhost.localdomain","msg":"Executed insert: INSERT INTO DEVICE_TYPE_CLUSTER (DEVICE_TYPE_REF, CLUSTER_NAME, INCLUDE_CLIENT, INCLUDE_SERVER, LOCK_CLIENT, LOCK_SERVER) VALUES (?,?,?,?,?,?): 76,Poll Control,false,false,true,false => rowid: 1215","v":1}
{"level":30,"time":1589725316980,"pid":31086,"hostname":"localhost.localdomain","msg":"Executed insert: INSERT INTO DEVICE_TYPE_CLUSTER (DEVICE_TYPE_REF, CLUSTER_NAME, INCLUDE_CLIENT, INCLUDE_SERVER, LOCK_CLIENT, LOCK_SERVER) VALUES (?,?,?,?,?,?): 76,Electrical Measurement,false,false,true,false => rowid: 1216","v":1}
{"level":30,"time":1589725316980,"pid":31086,"hostname":"localhost.localdomain","msg":"Executed insert: INSERT INTO DEVICE_TYPE_CLUSTER (DEVICE_TYPE_REF, CLUSTER_NAME, INCLUDE_CLIENT, INCLUDE_SERVER, LOCK_CLIENT, LOCK_SERVER) VALUES (?,?,?,?,?,?): 76,Time,false,false,false,true => rowid: 1217","v":1}
{"level":30,"time":1589725316980,"pid":31086,"hostname":"localhost.localdomain","msg":"Executed insert: INSERT INTO DEVICE_TYPE_CLUSTER (DEVICE_TYPE_REF, CLUSTER_NAME, INCLUDE_CLIENT, INCLUDE_SERVER, LOCK_CLIENT, LOCK_SERVER) VALUES (?,?,?,?,?,?): 76,Over the Air Bootloading,false,false,false,false => rowid: 1218","v":1}
{"level":30,"time":1589725316980,"pid":31086,"hostname":"localhost.localdomain","msg":"Executed insert: INSERT INTO DEVICE_TYPE_CLUSTER (DEVICE_TYPE_REF, CLUSTER_NAME, INCLUDE_CLIENT, INCLUDE_SERVER, LOCK_CLIENT, LOCK_SERVER) VALUES (?,?,?,?,?,?): 76,Partition,false,false,false,false => rowid: 1219","v":1}
{"level":30,"time":1589725316980,"pid":31086,"hostname":"localhost.localdomain","msg":"Preparing statement: INSERT INTO DEVICE_TYPE_ATTRIBUTE (DEVICE_TYPE_CLUSTER_REF, ATTRIBUTE_NAME) VALUES (?, ?) to insert 0 records.","v":1}
{"level":30,"time":1589725316980,"pid":31086,"hostname":"localhost.localdomain","msg":"Preparing statement: INSERT INTO DEVICE_TYPE_COMMAND (DEVICE_TYPE_CLUSTER_REF, COMMAND_NAME) VALUES (?, ?) to insert 0 records.","v":1}
{"level":30,"time":1589725316980,"pid":31086,"hostname":"localhost.localdomain","msg":"Executed insert: INSERT INTO DEVICE_TYPE_CLUSTER (DEVICE_TYPE_REF, CLUSTER_NAME, INCLUDE_CLIENT, INCLUDE_SERVER, LOCK_CLIENT, LOCK_SERVER) VALUES (?,?,?,?,?,?): 81,Basic,false,true,true,true => rowid: 1220","v":1}
{"level":30,"time":1589725316980,"pid":31086,"hostname":"localhost.localdomain","msg":"Executed insert: INSERT INTO DEVICE_TYPE_CLUSTER (DEVICE_TYPE_REF, CLUSTER_NAME, INCLUDE_CLIENT, INCLUDE_SERVER, LOCK_CLIENT, LOCK_SERVER) VALUES (?,?,?,?,?,?): 81,Identify,true,true,true,true => rowid: 1221","v":1}
{"level":30,"time":1589725316980,"pid":31086,"hostname":"localhost.localdomain","msg":"Executed insert: INSERT INTO DEVICE_TYPE_CLUSTER (DEVICE_TYPE_REF, CLUSTER_NAME, INCLUDE_CLIENT, INCLUDE_SERVER, LOCK_CLIENT, LOCK_SERVER) VALUES (?,?,?,?,?,?): 81,Power Configuration,false,false,true,false => rowid: 1222","v":1}
{"level":30,"time":1589725316980,"pid":31086,"hostname":"localhost.localdomain","msg":"Executed insert: INSERT INTO DEVICE_TYPE_CLUSTER (DEVICE_TYPE_REF, CLUSTER_NAME, INCLUDE_CLIENT, INCLUDE_SERVER, LOCK_CLIENT, LOCK_SERVER) VALUES (?,?,?,?,?,?): 81,Device Temperature Configuration,false,false,true,false => rowid: 1223","v":1}
{"level":30,"time":1589725316980,"pid":31086,"hostname":"localhost.localdomain","msg":"Executed insert: INSERT INTO DEVICE_TYPE_CLUSTER (DEVICE_TYPE_REF, CLUSTER_NAME, INCLUDE_CLIENT, INCLUDE_SERVER, LOCK_CLIENT, LOCK_SERVER) VALUES (?,?,?,?,?,?): 81,Alarms,false,false,true,false => rowid: 1224","v":1}
{"level":30,"time":1589725316980,"pid":31086,"hostname":"localhost.localdomain","msg":"Executed insert: INSERT INTO DEVICE_TYPE_CLUSTER (DEVICE_TYPE_REF, CLUSTER_NAME, INCLUDE_CLIENT, INCLUDE_SERVER, LOCK_CLIENT, LOCK_SERVER) VALUES (?,?,?,?,?,?): 81,Binary Input (Basic),false,true,true,true => rowid: 1225","v":1}
{"level":30,"time":1589725316980,"pid":31086,"hostname":"localhost.localdomain","msg":"Executed insert: INSERT INTO DEVICE_TYPE_CLUSTER (DEVICE_TYPE_REF, CLUSTER_NAME, INCLUDE_CLIENT, INCLUDE_SERVER, LOCK_CLIENT, LOCK_SERVER) VALUES (?,?,?,?,?,?): 81,Electrical Measurement,false,false,true,false => rowid: 1226","v":1}
{"level":30,"time":1589725316980,"pid":31086,"hostname":"localhost.localdomain","msg":"Executed insert: INSERT INTO DEVICE_TYPE_CLUSTER (DEVICE_TYPE_REF, CLUSTER_NAME, INCLUDE_CLIENT, INCLUDE_SERVER, LOCK_CLIENT, LOCK_SERVER) VALUES (?,?,?,?,?,?): 81,Poll Control,false,false,true,false => rowid: 1227","v":1}
{"level":30,"time":1589725316980,"pid":31086,"hostname":"localhost.localdomain","msg":"Executed insert: INSERT INTO DEVICE_TYPE_CLUSTER (DEVICE_TYPE_REF, CLUSTER_NAME, INCLUDE_CLIENT, INCLUDE_SERVER, LOCK_CLIENT, LOCK_SERVER) VALUES (?,?,?,?,?,?): 81,Time,false,false,false,true => rowid: 1228","v":1}
{"level":30,"time":1589725316980,"pid":31086,"hostname":"localhost.localdomain","msg":"Executed insert: INSERT INTO DEVICE_TYPE_CLUSTER (DEVICE_TYPE_REF, CLUSTER_NAME, INCLUDE_CLIENT, INCLUDE_SERVER, LOCK_CLIENT, LOCK_SERVER) VALUES (?,?,?,?,?,?): 81,Over the Air Bootloading,false,false,false,false => rowid: 1229","v":1}
{"level":30,"time":1589725316981,"pid":31086,"hostname":"localhost.localdomain","msg":"Executed insert: INSERT INTO DEVICE_TYPE_CLUSTER (DEVICE_TYPE_REF, CLUSTER_NAME, INCLUDE_CLIENT, INCLUDE_SERVER, LOCK_CLIENT, LOCK_SERVER) VALUES (?,?,?,?,?,?): 81,Partition,false,false,false,false => rowid: 1230","v":1}
{"level":30,"time":1589725316981,"pid":31086,"hostname":"localhost.localdomain","msg":"Preparing statement: INSERT INTO DEVICE_TYPE_ATTRIBUTE (DEVICE_TYPE_CLUSTER_REF, ATTRIBUTE_NAME) VALUES (?, ?) to insert 0 records.","v":1}
{"level":30,"time":1589725316981,"pid":31086,"hostname":"localhost.localdomain","msg":"Preparing statement: INSERT INTO DEVICE_TYPE_COMMAND (DEVICE_TYPE_CLUSTER_REF, COMMAND_NAME) VALUES (?, ?) to insert 0 records.","v":1}
{"level":30,"time":1589725316981,"pid":31086,"hostname":"localhost.localdomain","msg":"Executed insert: INSERT INTO DEVICE_TYPE_CLUSTER (DEVICE_TYPE_REF, CLUSTER_NAME, INCLUDE_CLIENT, INCLUDE_SERVER, LOCK_CLIENT, LOCK_SERVER) VALUES (?,?,?,?,?,?): 86,Basic,false,true,true,true => rowid: 1231","v":1}
{"level":30,"time":1589725316981,"pid":31086,"hostname":"localhost.localdomain","msg":"Executed insert: INSERT INTO DEVICE_TYPE_CLUSTER (DEVICE_TYPE_REF, CLUSTER_NAME, INCLUDE_CLIENT, INCLUDE_SERVER, LOCK_CLIENT, LOCK_SERVER) VALUES (?,?,?,?,?,?): 86,Identify,false,true,true,true => rowid: 1232","v":1}
{"level":30,"time":1589725316981,"pid":31086,"hostname":"localhost.localdomain","msg":"Executed insert: INSERT INTO DEVICE_TYPE_CLUSTER (DEVICE_TYPE_REF, CLUSTER_NAME, INCLUDE_CLIENT, INCLUDE_SERVER, LOCK_CLIENT, LOCK_SERVER) VALUES (?,?,?,?,?,?): 86,Power Configuration,false,false,true,false => rowid: 1233","v":1}
{"level":30,"time":1589725316981,"pid":31086,"hostname":"localhost.localdomain","msg":"Executed insert: INSERT INTO DEVICE_TYPE_CLUSTER (DEVICE_TYPE_REF, CLUSTER_NAME, INCLUDE_CLIENT, INCLUDE_SERVER, LOCK_CLIENT, LOCK_SERVER) VALUES (?,?,?,?,?,?): 86,Device Temperature Configuration,false,false,true,false => rowid: 1234","v":1}
{"level":30,"time":1589725316981,"pid":31086,"hostname":"localhost.localdomain","msg":"Executed insert: INSERT INTO DEVICE_TYPE_CLUSTER (DEVICE_TYPE_REF, CLUSTER_NAME, INCLUDE_CLIENT, INCLUDE_SERVER, LOCK_CLIENT, LOCK_SERVER) VALUES (?,?,?,?,?,?): 86,Alarms,false,false,true,false => rowid: 1235","v":1}
{"level":30,"time":1589725316981,"pid":31086,"hostname":"localhost.localdomain","msg":"Executed insert: INSERT INTO DEVICE_TYPE_CLUSTER (DEVICE_TYPE_REF, CLUSTER_NAME, INCLUDE_CLIENT, INCLUDE_SERVER, LOCK_CLIENT, LOCK_SERVER) VALUES (?,?,?,?,?,?): 86,On/off,false,true,true,true => rowid: 1236","v":1}
{"level":30,"time":1589725316981,"pid":31086,"hostname":"localhost.localdomain","msg":"Executed insert: INSERT INTO DEVICE_TYPE_CLUSTER (DEVICE_TYPE_REF, CLUSTER_NAME, INCLUDE_CLIENT, INCLUDE_SERVER, LOCK_CLIENT, LOCK_SERVER) VALUES (?,?,?,?,?,?): 86,Scenes,false,true,true,true => rowid: 1237","v":1}
{"level":30,"time":1589725316981,"pid":31086,"hostname":"localhost.localdomain","msg":"Executed insert: INSERT INTO DEVICE_TYPE_CLUSTER (DEVICE_TYPE_REF, CLUSTER_NAME, INCLUDE_CLIENT, INCLUDE_SERVER, LOCK_CLIENT, LOCK_SERVER) VALUES (?,?,?,?,?,?): 86,Groups,false,true,true,true => rowid: 1238","v":1}
{"level":30,"time":1589725316981,"pid":31086,"hostname":"localhost.localdomain","msg":"Executed insert: INSERT INTO DEVICE_TYPE_CLUSTER (DEVICE_TYPE_REF, CLUSTER_NAME, INCLUDE_CLIENT, INCLUDE_SERVER, LOCK_CLIENT, LOCK_SERVER) VALUES (?,?,?,?,?,?): 86,Occupancy Sensing,false,false,false,true => rowid: 1239","v":1}
{"level":30,"time":1589725316981,"pid":31086,"hostname":"localhost.localdomain","msg":"Executed insert: INSERT INTO DEVICE_TYPE_CLUSTER (DEVICE_TYPE_REF, CLUSTER_NAME, INCLUDE_CLIENT, INCLUDE_SERVER, LOCK_CLIENT, LOCK_SERVER) VALUES (?,?,?,?,?,?): 86,Poll Control,false,false,false,true => rowid: 1240","v":1}
{"level":30,"time":1589725316981,"pid":31086,"hostname":"localhost.localdomain","msg":"Executed insert: INSERT INTO DEVICE_TYPE_CLUSTER (DEVICE_TYPE_REF, CLUSTER_NAME, INCLUDE_CLIENT, INCLUDE_SERVER, LOCK_CLIENT, LOCK_SERVER) VALUES (?,?,?,?,?,?): 86,Electrical Measurement,false,false,true,false => rowid: 1241","v":1}
{"level":30,"time":1589725316981,"pid":31086,"hostname":"localhost.localdomain","msg":"Executed insert: INSERT INTO DEVICE_TYPE_CLUSTER (DEVICE_TYPE_REF, CLUSTER_NAME, INCLUDE_CLIENT, INCLUDE_SERVER, LOCK_CLIENT, LOCK_SERVER) VALUES (?,?,?,?,?,?): 86,Time,false,false,false,true => rowid: 1242","v":1}
{"level":30,"time":1589725316981,"pid":31086,"hostname":"localhost.localdomain","msg":"Executed insert: INSERT INTO DEVICE_TYPE_CLUSTER (DEVICE_TYPE_REF, CLUSTER_NAME, INCLUDE_CLIENT, INCLUDE_SERVER, LOCK_CLIENT, LOCK_SERVER) VALUES (?,?,?,?,?,?): 86,Over the Air Bootloading,false,false,false,false => rowid: 1243","v":1}
{"level":30,"time":1589725316981,"pid":31086,"hostname":"localhost.localdomain","msg":"Executed insert: INSERT INTO DEVICE_TYPE_CLUSTER (DEVICE_TYPE_REF, CLUSTER_NAME, INCLUDE_CLIENT, INCLUDE_SERVER, LOCK_CLIENT, LOCK_SERVER) VALUES (?,?,?,?,?,?): 86,Partition,false,false,false,false => rowid: 1244","v":1}
{"level":30,"time":1589725316981,"pid":31086,"hostname":"localhost.localdomain","msg":"Preparing statement: INSERT INTO DEVICE_TYPE_ATTRIBUTE (DEVICE_TYPE_CLUSTER_REF, ATTRIBUTE_NAME) VALUES (?, ?) to insert 0 records.","v":1}
{"level":30,"time":1589725316981,"pid":31086,"hostname":"localhost.localdomain","msg":"Preparing statement: INSERT INTO DEVICE_TYPE_COMMAND (DEVICE_TYPE_CLUSTER_REF, COMMAND_NAME) VALUES (?, ?) to insert 0 records.","v":1}
{"level":30,"time":1589725316981,"pid":31086,"hostname":"localhost.localdomain","msg":"Executed insert: INSERT INTO DEVICE_TYPE_CLUSTER (DEVICE_TYPE_REF, CLUSTER_NAME, INCLUDE_CLIENT, INCLUDE_SERVER, LOCK_CLIENT, LOCK_SERVER) VALUES (?,?,?,?,?,?): 90,Basic,false,true,true,true => rowid: 1245","v":1}
{"level":30,"time":1589725316981,"pid":31086,"hostname":"localhost.localdomain","msg":"Executed insert: INSERT INTO DEVICE_TYPE_CLUSTER (DEVICE_TYPE_REF, CLUSTER_NAME, INCLUDE_CLIENT, INCLUDE_SERVER, LOCK_CLIENT, LOCK_SERVER) VALUES (?,?,?,?,?,?): 90,Identify,false,true,true,true => rowid: 1246","v":1}
{"level":30,"time":1589725316981,"pid":31086,"hostname":"localhost.localdomain","msg":"Executed insert: INSERT INTO DEVICE_TYPE_CLUSTER (DEVICE_TYPE_REF, CLUSTER_NAME, INCLUDE_CLIENT, INCLUDE_SERVER, LOCK_CLIENT, LOCK_SERVER) VALUES (?,?,?,?,?,?): 90,Power Configuration,false,false,true,false => rowid: 1247","v":1}
{"level":30,"time":1589725316981,"pid":31086,"hostname":"localhost.localdomain","msg":"Executed insert: INSERT INTO DEVICE_TYPE_CLUSTER (DEVICE_TYPE_REF, CLUSTER_NAME, INCLUDE_CLIENT, INCLUDE_SERVER, LOCK_CLIENT, LOCK_SERVER) VALUES (?,?,?,?,?,?): 90,Device Temperature Configuration,false,false,true,false => rowid: 1248","v":1}
{"level":30,"time":1589725316981,"pid":31086,"hostname":"localhost.localdomain","msg":"Executed insert: INSERT INTO DEVICE_TYPE_CLUSTER (DEVICE_TYPE_REF, CLUSTER_NAME, INCLUDE_CLIENT, INCLUDE_SERVER, LOCK_CLIENT, LOCK_SERVER) VALUES (?,?,?,?,?,?): 90,Alarms,false,false,true,false => rowid: 1249","v":1}
{"level":30,"time":1589725316981,"pid":31086,"hostname":"localhost.localdomain","msg":"Executed insert: INSERT INTO DEVICE_TYPE_CLUSTER (DEVICE_TYPE_REF, CLUSTER_NAME, INCLUDE_CLIENT, INCLUDE_SERVER, LOCK_CLIENT, LOCK_SERVER) VALUES (?,?,?,?,?,?): 90,On/off,false,true,true,true => rowid: 1250","v":1}
{"level":30,"time":1589725316981,"pid":31086,"hostname":"localhost.localdomain","msg":"Executed insert: INSERT INTO DEVICE_TYPE_CLUSTER (DEVICE_TYPE_REF, CLUSTER_NAME, INCLUDE_CLIENT, INCLUDE_SERVER, LOCK_CLIENT, LOCK_SERVER) VALUES (?,?,?,?,?,?): 90,Level control,false,true,true,true => rowid: 1251","v":1}
{"level":30,"time":1589725316981,"pid":31086,"hostname":"localhost.localdomain","msg":"Executed insert: INSERT INTO DEVICE_TYPE_CLUSTER (DEVICE_TYPE_REF, CLUSTER_NAME, INCLUDE_CLIENT, INCLUDE_SERVER, LOCK_CLIENT, LOCK_SERVER) VALUES (?,?,?,?,?,?): 90,Scenes,false,true,true,true => rowid: 1252","v":1}
{"level":30,"time":1589725316981,"pid":31086,"hostname":"localhost.localdomain","msg":"Executed insert: INSERT INTO DEVICE_TYPE_CLUSTER (DEVICE_TYPE_REF, CLUSTER_NAME, INCLUDE_CLIENT, INCLUDE_SERVER, LOCK_CLIENT, LOCK_SERVER) VALUES (?,?,?,?,?,?): 90,Groups,false,true,true,true => rowid: 1253","v":1}
{"level":30,"time":1589725316981,"pid":31086,"hostname":"localhost.localdomain","msg":"Executed insert: INSERT INTO DEVICE_TYPE_CLUSTER (DEVICE_TYPE_REF, CLUSTER_NAME, INCLUDE_CLIENT, INCLUDE_SERVER, LOCK_CLIENT, LOCK_SERVER) VALUES (?,?,?,?,?,?): 90,Occupancy Sensing,false,false,false,true => rowid: 1254","v":1}
{"level":30,"time":1589725316981,"pid":31086,"hostname":"localhost.localdomain","msg":"Executed insert: INSERT INTO DEVICE_TYPE_CLUSTER (DEVICE_TYPE_REF, CLUSTER_NAME, INCLUDE_CLIENT, INCLUDE_SERVER, LOCK_CLIENT, LOCK_SERVER) VALUES (?,?,?,?,?,?): 90,Poll Control,false,false,false,true => rowid: 1255","v":1}
{"level":30,"time":1589725316981,"pid":31086,"hostname":"localhost.localdomain","msg":"Executed insert: INSERT INTO DEVICE_TYPE_CLUSTER (DEVICE_TYPE_REF, CLUSTER_NAME, INCLUDE_CLIENT, INCLUDE_SERVER, LOCK_CLIENT, LOCK_SERVER) VALUES (?,?,?,?,?,?): 90,Electrical Measurement,false,false,true,false => rowid: 1256","v":1}
{"level":30,"time":1589725316981,"pid":31086,"hostname":"localhost.localdomain","msg":"Executed insert: INSERT INTO DEVICE_TYPE_CLUSTER (DEVICE_TYPE_REF, CLUSTER_NAME, INCLUDE_CLIENT, INCLUDE_SERVER, LOCK_CLIENT, LOCK_SERVER) VALUES (?,?,?,?,?,?): 90,Time,false,false,false,true => rowid: 1257","v":1}
{"level":30,"time":1589725316981,"pid":31086,"hostname":"localhost.localdomain","msg":"Executed insert: INSERT INTO DEVICE_TYPE_CLUSTER (DEVICE_TYPE_REF, CLUSTER_NAME, INCLUDE_CLIENT, INCLUDE_SERVER, LOCK_CLIENT, LOCK_SERVER) VALUES (?,?,?,?,?,?): 90,Over the Air Bootloading,false,false,false,false => rowid: 1258","v":1}
{"level":30,"time":1589725316981,"pid":31086,"hostname":"localhost.localdomain","msg":"Executed insert: INSERT INTO DEVICE_TYPE_CLUSTER (DEVICE_TYPE_REF, CLUSTER_NAME, INCLUDE_CLIENT, INCLUDE_SERVER, LOCK_CLIENT, LOCK_SERVER) VALUES (?,?,?,?,?,?): 90,Partition,false,false,false,false => rowid: 1259","v":1}
{"level":30,"time":1589725316981,"pid":31086,"hostname":"localhost.localdomain","msg":"Preparing statement: INSERT INTO DEVICE_TYPE_ATTRIBUTE (DEVICE_TYPE_CLUSTER_REF, ATTRIBUTE_NAME) VALUES (?, ?) to insert 0 records.","v":1}
{"level":30,"time":1589725316981,"pid":31086,"hostname":"localhost.localdomain","msg":"Preparing statement: INSERT INTO DEVICE_TYPE_COMMAND (DEVICE_TYPE_CLUSTER_REF, COMMAND_NAME) VALUES (?, ?) to insert 0 records.","v":1}
{"level":30,"time":1589725316981,"pid":31086,"hostname":"localhost.localdomain","msg":"Executed insert: INSERT INTO DEVICE_TYPE_CLUSTER (DEVICE_TYPE_REF, CLUSTER_NAME, INCLUDE_CLIENT, INCLUDE_SERVER, LOCK_CLIENT, LOCK_SERVER) VALUES (?,?,?,?,?,?): 94,Basic,false,true,true,true => rowid: 1260","v":1}
{"level":30,"time":1589725316981,"pid":31086,"hostname":"localhost.localdomain","msg":"Executed insert: INSERT INTO DEVICE_TYPE_CLUSTER (DEVICE_TYPE_REF, CLUSTER_NAME, INCLUDE_CLIENT, INCLUDE_SERVER, LOCK_CLIENT, LOCK_SERVER) VALUES (?,?,?,?,?,?): 94,Identify,false,true,true,true => rowid: 1261","v":1}
{"level":30,"time":1589725316981,"pid":31086,"hostname":"localhost.localdomain","msg":"Executed insert: INSERT INTO DEVICE_TYPE_CLUSTER (DEVICE_TYPE_REF, CLUSTER_NAME, INCLUDE_CLIENT, INCLUDE_SERVER, LOCK_CLIENT, LOCK_SERVER) VALUES (?,?,?,?,?,?): 94,Power Configuration,false,false,true,false => rowid: 1262","v":1}
{"level":30,"time":1589725316982,"pid":31086,"hostname":"localhost.localdomain","msg":"Executed insert: INSERT INTO DEVICE_TYPE_CLUSTER (DEVICE_TYPE_REF, CLUSTER_NAME, INCLUDE_CLIENT, INCLUDE_SERVER, LOCK_CLIENT, LOCK_SERVER) VALUES (?,?,?,?,?,?): 94,Device Temperature Configuration,false,false,true,false => rowid: 1263","v":1}
{"level":30,"time":1589725316982,"pid":31086,"hostname":"localhost.localdomain","msg":"Executed insert: INSERT INTO DEVICE_TYPE_CLUSTER (DEVICE_TYPE_REF, CLUSTER_NAME, INCLUDE_CLIENT, INCLUDE_SERVER, LOCK_CLIENT, LOCK_SERVER) VALUES (?,?,?,?,?,?): 94,Alarms,false,false,true,false => rowid: 1264","v":1}
{"level":30,"time":1589725316982,"pid":31086,"hostname":"localhost.localdomain","msg":"Executed insert: INSERT INTO DEVICE_TYPE_CLUSTER (DEVICE_TYPE_REF, CLUSTER_NAME, INCLUDE_CLIENT, INCLUDE_SERVER, LOCK_CLIENT, LOCK_SERVER) VALUES (?,?,?,?,?,?): 94,On/off,false,true,true,true => rowid: 1265","v":1}
{"level":30,"time":1589725316982,"pid":31086,"hostname":"localhost.localdomain","msg":"Executed insert: INSERT INTO DEVICE_TYPE_CLUSTER (DEVICE_TYPE_REF, CLUSTER_NAME, INCLUDE_CLIENT, INCLUDE_SERVER, LOCK_CLIENT, LOCK_SERVER) VALUES (?,?,?,?,?,?): 94,Level control,false,true,true,true => rowid: 1266","v":1}
{"level":30,"time":1589725316982,"pid":31086,"hostname":"localhost.localdomain","msg":"Executed insert: INSERT INTO DEVICE_TYPE_CLUSTER (DEVICE_TYPE_REF, CLUSTER_NAME, INCLUDE_CLIENT, INCLUDE_SERVER, LOCK_CLIENT, LOCK_SERVER) VALUES (?,?,?,?,?,?): 94,Color control,false,true,true,true => rowid: 1267","v":1}
{"level":30,"time":1589725316982,"pid":31086,"hostname":"localhost.localdomain","msg":"Executed insert: INSERT INTO DEVICE_TYPE_CLUSTER (DEVICE_TYPE_REF, CLUSTER_NAME, INCLUDE_CLIENT, INCLUDE_SERVER, LOCK_CLIENT, LOCK_SERVER) VALUES (?,?,?,?,?,?): 94,Scenes,false,true,true,true => rowid: 1268","v":1}
{"level":30,"time":1589725316982,"pid":31086,"hostname":"localhost.localdomain","msg":"Executed insert: INSERT INTO DEVICE_TYPE_CLUSTER (DEVICE_TYPE_REF, CLUSTER_NAME, INCLUDE_CLIENT, INCLUDE_SERVER, LOCK_CLIENT, LOCK_SERVER) VALUES (?,?,?,?,?,?): 94,Groups,false,true,true,true => rowid: 1269","v":1}
{"level":30,"time":1589725316982,"pid":31086,"hostname":"localhost.localdomain","msg":"Executed insert: INSERT INTO DEVICE_TYPE_CLUSTER (DEVICE_TYPE_REF, CLUSTER_NAME, INCLUDE_CLIENT, INCLUDE_SERVER, LOCK_CLIENT, LOCK_SERVER) VALUES (?,?,?,?,?,?): 94,Occupancy Sensing,false,false,false,true => rowid: 1270","v":1}
{"level":30,"time":1589725316982,"pid":31086,"hostname":"localhost.localdomain","msg":"Executed insert: INSERT INTO DEVICE_TYPE_CLUSTER (DEVICE_TYPE_REF, CLUSTER_NAME, INCLUDE_CLIENT, INCLUDE_SERVER, LOCK_CLIENT, LOCK_SERVER) VALUES (?,?,?,?,?,?): 94,Poll Control,false,false,false,true => rowid: 1271","v":1}
{"level":30,"time":1589725316982,"pid":31086,"hostname":"localhost.localdomain","msg":"Executed insert: INSERT INTO DEVICE_TYPE_CLUSTER (DEVICE_TYPE_REF, CLUSTER_NAME, INCLUDE_CLIENT, INCLUDE_SERVER, LOCK_CLIENT, LOCK_SERVER) VALUES (?,?,?,?,?,?): 94,Electrical Measurement,false,false,true,false => rowid: 1272","v":1}
{"level":30,"time":1589725316982,"pid":31086,"hostname":"localhost.localdomain","msg":"Executed insert: INSERT INTO DEVICE_TYPE_CLUSTER (DEVICE_TYPE_REF, CLUSTER_NAME, INCLUDE_CLIENT, INCLUDE_SERVER, LOCK_CLIENT, LOCK_SERVER) VALUES (?,?,?,?,?,?): 94,Time,false,false,false,true => rowid: 1273","v":1}
{"level":30,"time":1589725316982,"pid":31086,"hostname":"localhost.localdomain","msg":"Executed insert: INSERT INTO DEVICE_TYPE_CLUSTER (DEVICE_TYPE_REF, CLUSTER_NAME, INCLUDE_CLIENT, INCLUDE_SERVER, LOCK_CLIENT, LOCK_SERVER) VALUES (?,?,?,?,?,?): 94,Over the Air Bootloading,false,false,false,false => rowid: 1274","v":1}
{"level":30,"time":1589725316982,"pid":31086,"hostname":"localhost.localdomain","msg":"Executed insert: INSERT INTO DEVICE_TYPE_CLUSTER (DEVICE_TYPE_REF, CLUSTER_NAME, INCLUDE_CLIENT, INCLUDE_SERVER, LOCK_CLIENT, LOCK_SERVER) VALUES (?,?,?,?,?,?): 94,Partition,false,false,false,false => rowid: 1275","v":1}
{"level":30,"time":1589725316982,"pid":31086,"hostname":"localhost.localdomain","msg":"Preparing statement: INSERT INTO DEVICE_TYPE_ATTRIBUTE (DEVICE_TYPE_CLUSTER_REF, ATTRIBUTE_NAME) VALUES (?, ?) to insert 0 records.","v":1}
{"level":30,"time":1589725316982,"pid":31086,"hostname":"localhost.localdomain","msg":"Preparing statement: INSERT INTO DEVICE_TYPE_COMMAND (DEVICE_TYPE_CLUSTER_REF, COMMAND_NAME) VALUES (?, ?) to insert 0 records.","v":1}
{"level":30,"time":1589725316982,"pid":31086,"hostname":"localhost.localdomain","msg":"Executed insert: INSERT INTO DEVICE_TYPE_CLUSTER (DEVICE_TYPE_REF, CLUSTER_NAME, INCLUDE_CLIENT, INCLUDE_SERVER, LOCK_CLIENT, LOCK_SERVER) VALUES (?,?,?,?,?,?): 98,Basic,false,true,true,true => rowid: 1276","v":1}
{"level":30,"time":1589725316982,"pid":31086,"hostname":"localhost.localdomain","msg":"Executed insert: INSERT INTO DEVICE_TYPE_CLUSTER (DEVICE_TYPE_REF, CLUSTER_NAME, INCLUDE_CLIENT, INCLUDE_SERVER, LOCK_CLIENT, LOCK_SERVER) VALUES (?,?,?,?,?,?): 98,Identify,true,true,true,true => rowid: 1277","v":1}
{"level":30,"time":1589725316982,"pid":31086,"hostname":"localhost.localdomain","msg":"Executed insert: INSERT INTO DEVICE_TYPE_CLUSTER (DEVICE_TYPE_REF, CLUSTER_NAME, INCLUDE_CLIENT, INCLUDE_SERVER, LOCK_CLIENT, LOCK_SERVER) VALUES (?,?,?,?,?,?): 98,Power Configuration,false,false,true,false => rowid: 1278","v":1}
{"level":30,"time":1589725316982,"pid":31086,"hostname":"localhost.localdomain","msg":"Executed insert: INSERT INTO DEVICE_TYPE_CLUSTER (DEVICE_TYPE_REF, CLUSTER_NAME, INCLUDE_CLIENT, INCLUDE_SERVER, LOCK_CLIENT, LOCK_SERVER) VALUES (?,?,?,?,?,?): 98,Device Temperature Configuration,false,false,true,false => rowid: 1279","v":1}
{"level":30,"time":1589725316982,"pid":31086,"hostname":"localhost.localdomain","msg":"Executed insert: INSERT INTO DEVICE_TYPE_CLUSTER (DEVICE_TYPE_REF, CLUSTER_NAME, INCLUDE_CLIENT, INCLUDE_SERVER, LOCK_CLIENT, LOCK_SERVER) VALUES (?,?,?,?,?,?): 98,Alarms,false,false,true,false => rowid: 1280","v":1}
{"level":30,"time":1589725316982,"pid":31086,"hostname":"localhost.localdomain","msg":"Executed insert: INSERT INTO DEVICE_TYPE_CLUSTER (DEVICE_TYPE_REF, CLUSTER_NAME, INCLUDE_CLIENT, INCLUDE_SERVER, LOCK_CLIENT, LOCK_SERVER) VALUES (?,?,?,?,?,?): 98,On/off,true,false,true,true => rowid: 1281","v":1}
{"level":30,"time":1589725316982,"pid":31086,"hostname":"localhost.localdomain","msg":"Executed insert: INSERT INTO DEVICE_TYPE_CLUSTER (DEVICE_TYPE_REF, CLUSTER_NAME, INCLUDE_CLIENT, INCLUDE_SERVER, LOCK_CLIENT, LOCK_SERVER) VALUES (?,?,?,?,?,?): 98,Scenes,false,false,false,true => rowid: 1282","v":1}
{"level":30,"time":1589725316982,"pid":31086,"hostname":"localhost.localdomain","msg":"Executed insert: INSERT INTO DEVICE_TYPE_CLUSTER (DEVICE_TYPE_REF, CLUSTER_NAME, INCLUDE_CLIENT, INCLUDE_SERVER, LOCK_CLIENT, LOCK_SERVER) VALUES (?,?,?,?,?,?): 98,Groups,false,false,false,true => rowid: 1283","v":1}
{"level":30,"time":1589725316982,"pid":31086,"hostname":"localhost.localdomain","msg":"Executed insert: INSERT INTO DEVICE_TYPE_CLUSTER (DEVICE_TYPE_REF, CLUSTER_NAME, INCLUDE_CLIENT, INCLUDE_SERVER, LOCK_CLIENT, LOCK_SERVER) VALUES (?,?,?,?,?,?): 98,On/Off Switch Configuration,false,false,true,false => rowid: 1284","v":1}
{"level":30,"time":1589725316982,"pid":31086,"hostname":"localhost.localdomain","msg":"Executed insert: INSERT INTO DEVICE_TYPE_CLUSTER (DEVICE_TYPE_REF, CLUSTER_NAME, INCLUDE_CLIENT, INCLUDE_SERVER, LOCK_CLIENT, LOCK_SERVER) VALUES (?,?,?,?,?,?): 98,Poll Control,false,false,true,false => rowid: 1285","v":1}
{"level":30,"time":1589725316982,"pid":31086,"hostname":"localhost.localdomain","msg":"Executed insert: INSERT INTO DEVICE_TYPE_CLUSTER (DEVICE_TYPE_REF, CLUSTER_NAME, INCLUDE_CLIENT, INCLUDE_SERVER, LOCK_CLIENT, LOCK_SERVER) VALUES (?,?,?,?,?,?): 98,Electrical Measurement,false,false,true,false => rowid: 1286","v":1}
{"level":30,"time":1589725316982,"pid":31086,"hostname":"localhost.localdomain","msg":"Executed insert: INSERT INTO DEVICE_TYPE_CLUSTER (DEVICE_TYPE_REF, CLUSTER_NAME, INCLUDE_CLIENT, INCLUDE_SERVER, LOCK_CLIENT, LOCK_SERVER) VALUES (?,?,?,?,?,?): 98,Time,false,false,false,true => rowid: 1287","v":1}
{"level":30,"time":1589725316982,"pid":31086,"hostname":"localhost.localdomain","msg":"Executed insert: INSERT INTO DEVICE_TYPE_CLUSTER (DEVICE_TYPE_REF, CLUSTER_NAME, INCLUDE_CLIENT, INCLUDE_SERVER, LOCK_CLIENT, LOCK_SERVER) VALUES (?,?,?,?,?,?): 98,Over the Air Bootloading,false,false,false,false => rowid: 1288","v":1}
{"level":30,"time":1589725316982,"pid":31086,"hostname":"localhost.localdomain","msg":"Executed insert: INSERT INTO DEVICE_TYPE_CLUSTER (DEVICE_TYPE_REF, CLUSTER_NAME, INCLUDE_CLIENT, INCLUDE_SERVER, LOCK_CLIENT, LOCK_SERVER) VALUES (?,?,?,?,?,?): 98,Partition,false,false,false,false => rowid: 1289","v":1}
{"level":30,"time":1589725316982,"pid":31086,"hostname":"localhost.localdomain","msg":"Preparing statement: INSERT INTO DEVICE_TYPE_ATTRIBUTE (DEVICE_TYPE_CLUSTER_REF, ATTRIBUTE_NAME) VALUES (?, ?) to insert 0 records.","v":1}
{"level":30,"time":1589725316982,"pid":31086,"hostname":"localhost.localdomain","msg":"Preparing statement: INSERT INTO DEVICE_TYPE_COMMAND (DEVICE_TYPE_CLUSTER_REF, COMMAND_NAME) VALUES (?, ?) to insert 0 records.","v":1}
{"level":30,"time":1589725316982,"pid":31086,"hostname":"localhost.localdomain","msg":"Executed insert: INSERT INTO DEVICE_TYPE_CLUSTER (DEVICE_TYPE_REF, CLUSTER_NAME, INCLUDE_CLIENT, INCLUDE_SERVER, LOCK_CLIENT, LOCK_SERVER) VALUES (?,?,?,?,?,?): 102,Basic,false,true,true,true => rowid: 1290","v":1}
{"level":30,"time":1589725316983,"pid":31086,"hostname":"localhost.localdomain","msg":"Executed insert: INSERT INTO DEVICE_TYPE_CLUSTER (DEVICE_TYPE_REF, CLUSTER_NAME, INCLUDE_CLIENT, INCLUDE_SERVER, LOCK_CLIENT, LOCK_SERVER) VALUES (?,?,?,?,?,?): 102,Identify,true,true,true,true => rowid: 1291","v":1}
{"level":30,"time":1589725316983,"pid":31086,"hostname":"localhost.localdomain","msg":"Executed insert: INSERT INTO DEVICE_TYPE_CLUSTER (DEVICE_TYPE_REF, CLUSTER_NAME, INCLUDE_CLIENT, INCLUDE_SERVER, LOCK_CLIENT, LOCK_SERVER) VALUES (?,?,?,?,?,?): 102,Power Configuration,false,false,true,false => rowid: 1292","v":1}
{"level":30,"time":1589725316983,"pid":31086,"hostname":"localhost.localdomain","msg":"Executed insert: INSERT INTO DEVICE_TYPE_CLUSTER (DEVICE_TYPE_REF, CLUSTER_NAME, INCLUDE_CLIENT, INCLUDE_SERVER, LOCK_CLIENT, LOCK_SERVER) VALUES (?,?,?,?,?,?): 102,Device Temperature Configuration,false,false,true,false => rowid: 1293","v":1}
{"level":30,"time":1589725316983,"pid":31086,"hostname":"localhost.localdomain","msg":"Executed insert: INSERT INTO DEVICE_TYPE_CLUSTER (DEVICE_TYPE_REF, CLUSTER_NAME, INCLUDE_CLIENT, INCLUDE_SERVER, LOCK_CLIENT, LOCK_SERVER) VALUES (?,?,?,?,?,?): 102,Alarms,false,false,true,false => rowid: 1294","v":1}
{"level":30,"time":1589725316983,"pid":31086,"hostname":"localhost.localdomain","msg":"Executed insert: INSERT INTO DEVICE_TYPE_CLUSTER (DEVICE_TYPE_REF, CLUSTER_NAME, INCLUDE_CLIENT, INCLUDE_SERVER, LOCK_CLIENT, LOCK_SERVER) VALUES (?,?,?,?,?,?): 102,On/off,true,false,true,true => rowid: 1295","v":1}
{"level":30,"time":1589725316983,"pid":31086,"hostname":"localhost.localdomain","msg":"Executed insert: INSERT INTO DEVICE_TYPE_CLUSTER (DEVICE_TYPE_REF, CLUSTER_NAME, INCLUDE_CLIENT, INCLUDE_SERVER, LOCK_CLIENT, LOCK_SERVER) VALUES (?,?,?,?,?,?): 102,Level control,true,false,true,true => rowid: 1296","v":1}
{"level":30,"time":1589725316983,"pid":31086,"hostname":"localhost.localdomain","msg":"Executed insert: INSERT INTO DEVICE_TYPE_CLUSTER (DEVICE_TYPE_REF, CLUSTER_NAME, INCLUDE_CLIENT, INCLUDE_SERVER, LOCK_CLIENT, LOCK_SERVER) VALUES (?,?,?,?,?,?): 102,Scenes,false,false,false,true => rowid: 1297","v":1}
{"level":30,"time":1589725316983,"pid":31086,"hostname":"localhost.localdomain","msg":"Executed insert: INSERT INTO DEVICE_TYPE_CLUSTER (DEVICE_TYPE_REF, CLUSTER_NAME, INCLUDE_CLIENT, INCLUDE_SERVER, LOCK_CLIENT, LOCK_SERVER) VALUES (?,?,?,?,?,?): 102,On/Off Switch Configuration,false,false,true,false => rowid: 1298","v":1}
{"level":30,"time":1589725316983,"pid":31086,"hostname":"localhost.localdomain","msg":"Executed insert: INSERT INTO DEVICE_TYPE_CLUSTER (DEVICE_TYPE_REF, CLUSTER_NAME, INCLUDE_CLIENT, INCLUDE_SERVER, LOCK_CLIENT, LOCK_SERVER) VALUES (?,?,?,?,?,?): 102,Groups,false,false,false,true => rowid: 1299","v":1}
{"level":30,"time":1589725316983,"pid":31086,"hostname":"localhost.localdomain","msg":"Executed insert: INSERT INTO DEVICE_TYPE_CLUSTER (DEVICE_TYPE_REF, CLUSTER_NAME, INCLUDE_CLIENT, INCLUDE_SERVER, LOCK_CLIENT, LOCK_SERVER) VALUES (?,?,?,?,?,?): 102,Poll Control,false,false,true,false => rowid: 1300","v":1}
{"level":30,"time":1589725316983,"pid":31086,"hostname":"localhost.localdomain","msg":"Executed insert: INSERT INTO DEVICE_TYPE_CLUSTER (DEVICE_TYPE_REF, CLUSTER_NAME, INCLUDE_CLIENT, INCLUDE_SERVER, LOCK_CLIENT, LOCK_SERVER) VALUES (?,?,?,?,?,?): 102,Electrical Measurement,false,false,true,false => rowid: 1301","v":1}
{"level":30,"time":1589725316983,"pid":31086,"hostname":"localhost.localdomain","msg":"Executed insert: INSERT INTO DEVICE_TYPE_CLUSTER (DEVICE_TYPE_REF, CLUSTER_NAME, INCLUDE_CLIENT, INCLUDE_SERVER, LOCK_CLIENT, LOCK_SERVER) VALUES (?,?,?,?,?,?): 102,Time,false,false,false,true => rowid: 1302","v":1}
{"level":30,"time":1589725316983,"pid":31086,"hostname":"localhost.localdomain","msg":"Executed insert: INSERT INTO DEVICE_TYPE_CLUSTER (DEVICE_TYPE_REF, CLUSTER_NAME, INCLUDE_CLIENT, INCLUDE_SERVER, LOCK_CLIENT, LOCK_SERVER) VALUES (?,?,?,?,?,?): 102,Over the Air Bootloading,false,false,false,false => rowid: 1303","v":1}
{"level":30,"time":1589725316983,"pid":31086,"hostname":"localhost.localdomain","msg":"Executed insert: INSERT INTO DEVICE_TYPE_CLUSTER (DEVICE_TYPE_REF, CLUSTER_NAME, INCLUDE_CLIENT, INCLUDE_SERVER, LOCK_CLIENT, LOCK_SERVER) VALUES (?,?,?,?,?,?): 102,Partition,false,false,false,false => rowid: 1304","v":1}
{"level":30,"time":1589725316983,"pid":31086,"hostname":"localhost.localdomain","msg":"Preparing statement: INSERT INTO DEVICE_TYPE_ATTRIBUTE (DEVICE_TYPE_CLUSTER_REF, ATTRIBUTE_NAME) VALUES (?, ?) to insert 0 records.","v":1}
{"level":30,"time":1589725316983,"pid":31086,"hostname":"localhost.localdomain","msg":"Preparing statement: INSERT INTO DEVICE_TYPE_COMMAND (DEVICE_TYPE_CLUSTER_REF, COMMAND_NAME) VALUES (?, ?) to insert 0 records.","v":1}
{"level":30,"time":1589725316983,"pid":31086,"hostname":"localhost.localdomain","msg":"Executed insert: INSERT INTO DEVICE_TYPE_CLUSTER (DEVICE_TYPE_REF, CLUSTER_NAME, INCLUDE_CLIENT, INCLUDE_SERVER, LOCK_CLIENT, LOCK_SERVER) VALUES (?,?,?,?,?,?): 106,Basic,false,true,true,true => rowid: 1305","v":1}
{"level":30,"time":1589725316983,"pid":31086,"hostname":"localhost.localdomain","msg":"Executed insert: INSERT INTO DEVICE_TYPE_CLUSTER (DEVICE_TYPE_REF, CLUSTER_NAME, INCLUDE_CLIENT, INCLUDE_SERVER, LOCK_CLIENT, LOCK_SERVER) VALUES (?,?,?,?,?,?): 106,Identify,true,true,true,true => rowid: 1306","v":1}
{"level":30,"time":1589725316983,"pid":31086,"hostname":"localhost.localdomain","msg":"Executed insert: INSERT INTO DEVICE_TYPE_CLUSTER (DEVICE_TYPE_REF, CLUSTER_NAME, INCLUDE_CLIENT, INCLUDE_SERVER, LOCK_CLIENT, LOCK_SERVER) VALUES (?,?,?,?,?,?): 106,Power Configuration,false,false,true,false => rowid: 1307","v":1}
{"level":30,"time":1589725316983,"pid":31086,"hostname":"localhost.localdomain","msg":"Executed insert: INSERT INTO DEVICE_TYPE_CLUSTER (DEVICE_TYPE_REF, CLUSTER_NAME, INCLUDE_CLIENT, INCLUDE_SERVER, LOCK_CLIENT, LOCK_SERVER) VALUES (?,?,?,?,?,?): 106,Device Temperature Configuration,false,false,true,false => rowid: 1308","v":1}
{"level":30,"time":1589725316983,"pid":31086,"hostname":"localhost.localdomain","msg":"Executed insert: INSERT INTO DEVICE_TYPE_CLUSTER (DEVICE_TYPE_REF, CLUSTER_NAME, INCLUDE_CLIENT, INCLUDE_SERVER, LOCK_CLIENT, LOCK_SERVER) VALUES (?,?,?,?,?,?): 106,Alarms,false,false,true,false => rowid: 1309","v":1}
{"level":30,"time":1589725316983,"pid":31086,"hostname":"localhost.localdomain","msg":"Executed insert: INSERT INTO DEVICE_TYPE_CLUSTER (DEVICE_TYPE_REF, CLUSTER_NAME, INCLUDE_CLIENT, INCLUDE_SERVER, LOCK_CLIENT, LOCK_SERVER) VALUES (?,?,?,?,?,?): 106,On/off,true,false,true,true => rowid: 1310","v":1}
{"level":30,"time":1589725316983,"pid":31086,"hostname":"localhost.localdomain","msg":"Executed insert: INSERT INTO DEVICE_TYPE_CLUSTER (DEVICE_TYPE_REF, CLUSTER_NAME, INCLUDE_CLIENT, INCLUDE_SERVER, LOCK_CLIENT, LOCK_SERVER) VALUES (?,?,?,?,?,?): 106,Level control,true,false,true,true => rowid: 1311","v":1}
{"level":30,"time":1589725316983,"pid":31086,"hostname":"localhost.localdomain","msg":"Executed insert: INSERT INTO DEVICE_TYPE_CLUSTER (DEVICE_TYPE_REF, CLUSTER_NAME, INCLUDE_CLIENT, INCLUDE_SERVER, LOCK_CLIENT, LOCK_SERVER) VALUES (?,?,?,?,?,?): 106,Color control,true,false,true,true => rowid: 1312","v":1}
{"level":30,"time":1589725316983,"pid":31086,"hostname":"localhost.localdomain","msg":"Executed insert: INSERT INTO DEVICE_TYPE_CLUSTER (DEVICE_TYPE_REF, CLUSTER_NAME, INCLUDE_CLIENT, INCLUDE_SERVER, LOCK_CLIENT, LOCK_SERVER) VALUES (?,?,?,?,?,?): 106,On/Off Switch Configuration,false,false,true,false => rowid: 1313","v":1}
{"level":30,"time":1589725316983,"pid":31086,"hostname":"localhost.localdomain","msg":"Executed insert: INSERT INTO DEVICE_TYPE_CLUSTER (DEVICE_TYPE_REF, CLUSTER_NAME, INCLUDE_CLIENT, INCLUDE_SERVER, LOCK_CLIENT, LOCK_SERVER) VALUES (?,?,?,?,?,?): 106,Scenes,false,false,false,true => rowid: 1314","v":1}
{"level":30,"time":1589725316983,"pid":31086,"hostname":"localhost.localdomain","msg":"Executed insert: INSERT INTO DEVICE_TYPE_CLUSTER (DEVICE_TYPE_REF, CLUSTER_NAME, INCLUDE_CLIENT, INCLUDE_SERVER, LOCK_CLIENT, LOCK_SERVER) VALUES (?,?,?,?,?,?): 106,Groups,false,false,false,true => rowid: 1315","v":1}
{"level":30,"time":1589725316983,"pid":31086,"hostname":"localhost.localdomain","msg":"Executed insert: INSERT INTO DEVICE_TYPE_CLUSTER (DEVICE_TYPE_REF, CLUSTER_NAME, INCLUDE_CLIENT, INCLUDE_SERVER, LOCK_CLIENT, LOCK_SERVER) VALUES (?,?,?,?,?,?): 106,Poll Control,false,false,true,false => rowid: 1316","v":1}
{"level":30,"time":1589725316983,"pid":31086,"hostname":"localhost.localdomain","msg":"Executed insert: INSERT INTO DEVICE_TYPE_CLUSTER (DEVICE_TYPE_REF, CLUSTER_NAME, INCLUDE_CLIENT, INCLUDE_SERVER, LOCK_CLIENT, LOCK_SERVER) VALUES (?,?,?,?,?,?): 106,Electrical Measurement,false,false,true,false => rowid: 1317","v":1}
{"level":30,"time":1589725316983,"pid":31086,"hostname":"localhost.localdomain","msg":"Executed insert: INSERT INTO DEVICE_TYPE_CLUSTER (DEVICE_TYPE_REF, CLUSTER_NAME, INCLUDE_CLIENT, INCLUDE_SERVER, LOCK_CLIENT, LOCK_SERVER) VALUES (?,?,?,?,?,?): 106,Time,false,false,false,true => rowid: 1318","v":1}
{"level":30,"time":1589725316983,"pid":31086,"hostname":"localhost.localdomain","msg":"Executed insert: INSERT INTO DEVICE_TYPE_CLUSTER (DEVICE_TYPE_REF, CLUSTER_NAME, INCLUDE_CLIENT, INCLUDE_SERVER, LOCK_CLIENT, LOCK_SERVER) VALUES (?,?,?,?,?,?): 106,Partition,false,false,false,false => rowid: 1319","v":1}
{"level":30,"time":1589725316983,"pid":31086,"hostname":"localhost.localdomain","msg":"Executed insert: INSERT INTO DEVICE_TYPE_CLUSTER (DEVICE_TYPE_REF, CLUSTER_NAME, INCLUDE_CLIENT, INCLUDE_SERVER, LOCK_CLIENT, LOCK_SERVER) VALUES (?,?,?,?,?,?): 106,Over the Air Bootloading,false,false,false,false => rowid: 1320","v":1}
{"level":30,"time":1589725316983,"pid":31086,"hostname":"localhost.localdomain","msg":"Preparing statement: INSERT INTO DEVICE_TYPE_ATTRIBUTE (DEVICE_TYPE_CLUSTER_REF, ATTRIBUTE_NAME) VALUES (?, ?) to insert 0 records.","v":1}
{"level":30,"time":1589725316983,"pid":31086,"hostname":"localhost.localdomain","msg":"Preparing statement: INSERT INTO DEVICE_TYPE_COMMAND (DEVICE_TYPE_CLUSTER_REF, COMMAND_NAME) VALUES (?, ?) to insert 0 records.","v":1}
{"level":30,"time":1589725316984,"pid":31086,"hostname":"localhost.localdomain","msg":"Executed insert: INSERT INTO DEVICE_TYPE_CLUSTER (DEVICE_TYPE_REF, CLUSTER_NAME, INCLUDE_CLIENT, INCLUDE_SERVER, LOCK_CLIENT, LOCK_SERVER) VALUES (?,?,?,?,?,?): 110,Basic,false,true,true,true => rowid: 1321","v":1}
{"level":30,"time":1589725316984,"pid":31086,"hostname":"localhost.localdomain","msg":"Executed insert: INSERT INTO DEVICE_TYPE_CLUSTER (DEVICE_TYPE_REF, CLUSTER_NAME, INCLUDE_CLIENT, INCLUDE_SERVER, LOCK_CLIENT, LOCK_SERVER) VALUES (?,?,?,?,?,?): 110,Identify,true,true,true,true => rowid: 1322","v":1}
{"level":30,"time":1589725316984,"pid":31086,"hostname":"localhost.localdomain","msg":"Executed insert: INSERT INTO DEVICE_TYPE_CLUSTER (DEVICE_TYPE_REF, CLUSTER_NAME, INCLUDE_CLIENT, INCLUDE_SERVER, LOCK_CLIENT, LOCK_SERVER) VALUES (?,?,?,?,?,?): 110,Power Configuration,false,false,true,false => rowid: 1323","v":1}
{"level":30,"time":1589725316984,"pid":31086,"hostname":"localhost.localdomain","msg":"Executed insert: INSERT INTO DEVICE_TYPE_CLUSTER (DEVICE_TYPE_REF, CLUSTER_NAME, INCLUDE_CLIENT, INCLUDE_SERVER, LOCK_CLIENT, LOCK_SERVER) VALUES (?,?,?,?,?,?): 110,Device Temperature Configuration,false,false,true,false => rowid: 1324","v":1}
{"level":30,"time":1589725316984,"pid":31086,"hostname":"localhost.localdomain","msg":"Executed insert: INSERT INTO DEVICE_TYPE_CLUSTER (DEVICE_TYPE_REF, CLUSTER_NAME, INCLUDE_CLIENT, INCLUDE_SERVER, LOCK_CLIENT, LOCK_SERVER) VALUES (?,?,?,?,?,?): 110,Alarms,false,false,true,false => rowid: 1325","v":1}
{"level":30,"time":1589725316984,"pid":31086,"hostname":"localhost.localdomain","msg":"Executed insert: INSERT INTO DEVICE_TYPE_CLUSTER (DEVICE_TYPE_REF, CLUSTER_NAME, INCLUDE_CLIENT, INCLUDE_SERVER, LOCK_CLIENT, LOCK_SERVER) VALUES (?,?,?,?,?,?): 110,Illuminance measurement,false,true,true,true => rowid: 1326","v":1}
{"level":30,"time":1589725316984,"pid":31086,"hostname":"localhost.localdomain","msg":"Executed insert: INSERT INTO DEVICE_TYPE_CLUSTER (DEVICE_TYPE_REF, CLUSTER_NAME, INCLUDE_CLIENT, INCLUDE_SERVER, LOCK_CLIENT, LOCK_SERVER) VALUES (?,?,?,?,?,?): 110,Groups,false,false,false,true => rowid: 1327","v":1}
{"level":30,"time":1589725316984,"pid":31086,"hostname":"localhost.localdomain","msg":"Executed insert: INSERT INTO DEVICE_TYPE_CLUSTER (DEVICE_TYPE_REF, CLUSTER_NAME, INCLUDE_CLIENT, INCLUDE_SERVER, LOCK_CLIENT, LOCK_SERVER) VALUES (?,?,?,?,?,?): 110,Poll Control,false,false,true,false => rowid: 1328","v":1}
{"level":30,"time":1589725316984,"pid":31086,"hostname":"localhost.localdomain","msg":"Executed insert: INSERT INTO DEVICE_TYPE_CLUSTER (DEVICE_TYPE_REF, CLUSTER_NAME, INCLUDE_CLIENT, INCLUDE_SERVER, LOCK_CLIENT, LOCK_SERVER) VALUES (?,?,?,?,?,?): 110,Electrical Measurement,false,false,true,false => rowid: 1329","v":1}
{"level":30,"time":1589725316984,"pid":31086,"hostname":"localhost.localdomain","msg":"Executed insert: INSERT INTO DEVICE_TYPE_CLUSTER (DEVICE_TYPE_REF, CLUSTER_NAME, INCLUDE_CLIENT, INCLUDE_SERVER, LOCK_CLIENT, LOCK_SERVER) VALUES (?,?,?,?,?,?): 110,Time,false,false,false,true => rowid: 1330","v":1}
{"level":30,"time":1589725316984,"pid":31086,"hostname":"localhost.localdomain","msg":"Executed insert: INSERT INTO DEVICE_TYPE_CLUSTER (DEVICE_TYPE_REF, CLUSTER_NAME, INCLUDE_CLIENT, INCLUDE_SERVER, LOCK_CLIENT, LOCK_SERVER) VALUES (?,?,?,?,?,?): 110,Over the Air Bootloading,false,false,false,false => rowid: 1331","v":1}
{"level":30,"time":1589725316984,"pid":31086,"hostname":"localhost.localdomain","msg":"Executed insert: INSERT INTO DEVICE_TYPE_CLUSTER (DEVICE_TYPE_REF, CLUSTER_NAME, INCLUDE_CLIENT, INCLUDE_SERVER, LOCK_CLIENT, LOCK_SERVER) VALUES (?,?,?,?,?,?): 113,Basic,false,true,true,true => rowid: 1332","v":1}
{"level":30,"time":1589725316984,"pid":31086,"hostname":"localhost.localdomain","msg":"Executed insert: INSERT INTO DEVICE_TYPE_CLUSTER (DEVICE_TYPE_REF, CLUSTER_NAME, INCLUDE_CLIENT, INCLUDE_SERVER, LOCK_CLIENT, LOCK_SERVER) VALUES (?,?,?,?,?,?): 113,Identify,true,true,true,true => rowid: 1333","v":1}
{"level":30,"time":1589725316984,"pid":31086,"hostname":"localhost.localdomain","msg":"Executed insert: INSERT INTO DEVICE_TYPE_CLUSTER (DEVICE_TYPE_REF, CLUSTER_NAME, INCLUDE_CLIENT, INCLUDE_SERVER, LOCK_CLIENT, LOCK_SERVER) VALUES (?,?,?,?,?,?): 113,Power Configuration,false,false,true,false => rowid: 1334","v":1}
{"level":30,"time":1589725316984,"pid":31086,"hostname":"localhost.localdomain","msg":"Executed insert: INSERT INTO DEVICE_TYPE_CLUSTER (DEVICE_TYPE_REF, CLUSTER_NAME, INCLUDE_CLIENT, INCLUDE_SERVER, LOCK_CLIENT, LOCK_SERVER) VALUES (?,?,?,?,?,?): 110,Partition,false,false,false,false => rowid: 1335","v":1}
{"level":30,"time":1589725316984,"pid":31086,"hostname":"localhost.localdomain","msg":"Preparing statement: INSERT INTO DEVICE_TYPE_ATTRIBUTE (DEVICE_TYPE_CLUSTER_REF, ATTRIBUTE_NAME) VALUES (?, ?) to insert 0 records.","v":1}
{"level":30,"time":1589725316984,"pid":31086,"hostname":"localhost.localdomain","msg":"Preparing statement: INSERT INTO DEVICE_TYPE_COMMAND (DEVICE_TYPE_CLUSTER_REF, COMMAND_NAME) VALUES (?, ?) to insert 0 records.","v":1}
{"level":30,"time":1589725316984,"pid":31086,"hostname":"localhost.localdomain","msg":"Executed insert: INSERT INTO DEVICE_TYPE_CLUSTER (DEVICE_TYPE_REF, CLUSTER_NAME, INCLUDE_CLIENT, INCLUDE_SERVER, LOCK_CLIENT, LOCK_SERVER) VALUES (?,?,?,?,?,?): 113,Device Temperature Configuration,false,false,true,false => rowid: 1336","v":1}
{"level":30,"time":1589725316984,"pid":31086,"hostname":"localhost.localdomain","msg":"Executed insert: INSERT INTO DEVICE_TYPE_CLUSTER (DEVICE_TYPE_REF, CLUSTER_NAME, INCLUDE_CLIENT, INCLUDE_SERVER, LOCK_CLIENT, LOCK_SERVER) VALUES (?,?,?,?,?,?): 113,Alarms,false,false,true,false => rowid: 1337","v":1}
{"level":30,"time":1589725316984,"pid":31086,"hostname":"localhost.localdomain","msg":"Executed insert: INSERT INTO DEVICE_TYPE_CLUSTER (DEVICE_TYPE_REF, CLUSTER_NAME, INCLUDE_CLIENT, INCLUDE_SERVER, LOCK_CLIENT, LOCK_SERVER) VALUES (?,?,?,?,?,?): 113,Occupancy Sensing,false,true,true,true => rowid: 1338","v":1}
{"level":30,"time":1589725316984,"pid":31086,"hostname":"localhost.localdomain","msg":"Executed insert: INSERT INTO DEVICE_TYPE_CLUSTER (DEVICE_TYPE_REF, CLUSTER_NAME, INCLUDE_CLIENT, INCLUDE_SERVER, LOCK_CLIENT, LOCK_SERVER) VALUES (?,?,?,?,?,?): 113,Groups,false,false,false,true => rowid: 1339","v":1}
{"level":30,"time":1589725316984,"pid":31086,"hostname":"localhost.localdomain","msg":"Executed insert: INSERT INTO DEVICE_TYPE_CLUSTER (DEVICE_TYPE_REF, CLUSTER_NAME, INCLUDE_CLIENT, INCLUDE_SERVER, LOCK_CLIENT, LOCK_SERVER) VALUES (?,?,?,?,?,?): 113,Time,false,false,false,true => rowid: 1340","v":1}
{"level":30,"time":1589725316984,"pid":31086,"hostname":"localhost.localdomain","msg":"Executed insert: INSERT INTO DEVICE_TYPE_CLUSTER (DEVICE_TYPE_REF, CLUSTER_NAME, INCLUDE_CLIENT, INCLUDE_SERVER, LOCK_CLIENT, LOCK_SERVER) VALUES (?,?,?,?,?,?): 113,Electrical Measurement,false,false,true,false => rowid: 1341","v":1}
{"level":30,"time":1589725316984,"pid":31086,"hostname":"localhost.localdomain","msg":"Executed insert: INSERT INTO DEVICE_TYPE_CLUSTER (DEVICE_TYPE_REF, CLUSTER_NAME, INCLUDE_CLIENT, INCLUDE_SERVER, LOCK_CLIENT, LOCK_SERVER) VALUES (?,?,?,?,?,?): 113,Poll Control,false,false,true,false => rowid: 1342","v":1}
{"level":30,"time":1589725316984,"pid":31086,"hostname":"localhost.localdomain","msg":"Executed insert: INSERT INTO DEVICE_TYPE_CLUSTER (DEVICE_TYPE_REF, CLUSTER_NAME, INCLUDE_CLIENT, INCLUDE_SERVER, LOCK_CLIENT, LOCK_SERVER) VALUES (?,?,?,?,?,?): 113,Over the Air Bootloading,false,false,false,false => rowid: 1343","v":1}
{"level":30,"time":1589725316984,"pid":31086,"hostname":"localhost.localdomain","msg":"Executed insert: INSERT INTO DEVICE_TYPE_CLUSTER (DEVICE_TYPE_REF, CLUSTER_NAME, INCLUDE_CLIENT, INCLUDE_SERVER, LOCK_CLIENT, LOCK_SERVER) VALUES (?,?,?,?,?,?): 113,Partition,false,false,false,false => rowid: 1344","v":1}
{"level":30,"time":1589725316984,"pid":31086,"hostname":"localhost.localdomain","msg":"Preparing statement: INSERT INTO DEVICE_TYPE_ATTRIBUTE (DEVICE_TYPE_CLUSTER_REF, ATTRIBUTE_NAME) VALUES (?, ?) to insert 0 records.","v":1}
{"level":30,"time":1589725316985,"pid":31086,"hostname":"localhost.localdomain","msg":"Preparing statement: INSERT INTO DEVICE_TYPE_COMMAND (DEVICE_TYPE_CLUSTER_REF, COMMAND_NAME) VALUES (?, ?) to insert 0 records.","v":1}
{"level":30,"time":1589725316985,"pid":31086,"hostname":"localhost.localdomain","msg":"Executed insert: INSERT INTO DEVICE_TYPE_CLUSTER (DEVICE_TYPE_REF, CLUSTER_NAME, INCLUDE_CLIENT, INCLUDE_SERVER, LOCK_CLIENT, LOCK_SERVER) VALUES (?,?,?,?,?,?): 116,Basic,false,true,true,true => rowid: 1345","v":1}
{"level":30,"time":1589725316985,"pid":31086,"hostname":"localhost.localdomain","msg":"Executed insert: INSERT INTO DEVICE_TYPE_CLUSTER (DEVICE_TYPE_REF, CLUSTER_NAME, INCLUDE_CLIENT, INCLUDE_SERVER, LOCK_CLIENT, LOCK_SERVER) VALUES (?,?,?,?,?,?): 116,Identify,true,true,true,true => rowid: 1346","v":1}
{"level":30,"time":1589725316985,"pid":31086,"hostname":"localhost.localdomain","msg":"Executed insert: INSERT INTO DEVICE_TYPE_CLUSTER (DEVICE_TYPE_REF, CLUSTER_NAME, INCLUDE_CLIENT, INCLUDE_SERVER, LOCK_CLIENT, LOCK_SERVER) VALUES (?,?,?,?,?,?): 116,Power Configuration,false,false,true,false => rowid: 1347","v":1}
{"level":30,"time":1589725316985,"pid":31086,"hostname":"localhost.localdomain","msg":"Executed insert: INSERT INTO DEVICE_TYPE_CLUSTER (DEVICE_TYPE_REF, CLUSTER_NAME, INCLUDE_CLIENT, INCLUDE_SERVER, LOCK_CLIENT, LOCK_SERVER) VALUES (?,?,?,?,?,?): 116,Device Temperature Configuration,false,false,true,false => rowid: 1348","v":1}
{"level":30,"time":1589725316985,"pid":31086,"hostname":"localhost.localdomain","msg":"Executed insert: INSERT INTO DEVICE_TYPE_CLUSTER (DEVICE_TYPE_REF, CLUSTER_NAME, INCLUDE_CLIENT, INCLUDE_SERVER, LOCK_CLIENT, LOCK_SERVER) VALUES (?,?,?,?,?,?): 116,Alarms,false,false,true,false => rowid: 1349","v":1}
{"level":30,"time":1589725316985,"pid":31086,"hostname":"localhost.localdomain","msg":"Executed insert: INSERT INTO DEVICE_TYPE_CLUSTER (DEVICE_TYPE_REF, CLUSTER_NAME, INCLUDE_CLIENT, INCLUDE_SERVER, LOCK_CLIENT, LOCK_SERVER) VALUES (?,?,?,?,?,?): 116,Shade configuration,false,true,true,true => rowid: 1350","v":1}
{"level":30,"time":1589725316985,"pid":31086,"hostname":"localhost.localdomain","msg":"Executed insert: INSERT INTO DEVICE_TYPE_CLUSTER (DEVICE_TYPE_REF, CLUSTER_NAME, INCLUDE_CLIENT, INCLUDE_SERVER, LOCK_CLIENT, LOCK_SERVER) VALUES (?,?,?,?,?,?): 116,On/off,false,true,true,true => rowid: 1351","v":1}
{"level":30,"time":1589725316985,"pid":31086,"hostname":"localhost.localdomain","msg":"Executed insert: INSERT INTO DEVICE_TYPE_CLUSTER (DEVICE_TYPE_REF, CLUSTER_NAME, INCLUDE_CLIENT, INCLUDE_SERVER, LOCK_CLIENT, LOCK_SERVER) VALUES (?,?,?,?,?,?): 116,Level control,false,true,true,true => rowid: 1352","v":1}
{"level":30,"time":1589725316985,"pid":31086,"hostname":"localhost.localdomain","msg":"Executed insert: INSERT INTO DEVICE_TYPE_CLUSTER (DEVICE_TYPE_REF, CLUSTER_NAME, INCLUDE_CLIENT, INCLUDE_SERVER, LOCK_CLIENT, LOCK_SERVER) VALUES (?,?,?,?,?,?): 116,Scenes,false,true,true,true => rowid: 1353","v":1}
{"level":30,"time":1589725316985,"pid":31086,"hostname":"localhost.localdomain","msg":"Executed insert: INSERT INTO DEVICE_TYPE_CLUSTER (DEVICE_TYPE_REF, CLUSTER_NAME, INCLUDE_CLIENT, INCLUDE_SERVER, LOCK_CLIENT, LOCK_SERVER) VALUES (?,?,?,?,?,?): 116,Groups,false,true,true,true => rowid: 1354","v":1}
{"level":30,"time":1589725316985,"pid":31086,"hostname":"localhost.localdomain","msg":"Executed insert: INSERT INTO DEVICE_TYPE_CLUSTER (DEVICE_TYPE_REF, CLUSTER_NAME, INCLUDE_CLIENT, INCLUDE_SERVER, LOCK_CLIENT, LOCK_SERVER) VALUES (?,?,?,?,?,?): 116,Poll Control,false,false,true,false => rowid: 1355","v":1}
{"level":30,"time":1589725316985,"pid":31086,"hostname":"localhost.localdomain","msg":"Executed insert: INSERT INTO DEVICE_TYPE_CLUSTER (DEVICE_TYPE_REF, CLUSTER_NAME, INCLUDE_CLIENT, INCLUDE_SERVER, LOCK_CLIENT, LOCK_SERVER) VALUES (?,?,?,?,?,?): 116,Electrical Measurement,false,false,true,false => rowid: 1356","v":1}
{"level":30,"time":1589725316985,"pid":31086,"hostname":"localhost.localdomain","msg":"Executed insert: INSERT INTO DEVICE_TYPE_CLUSTER (DEVICE_TYPE_REF, CLUSTER_NAME, INCLUDE_CLIENT, INCLUDE_SERVER, LOCK_CLIENT, LOCK_SERVER) VALUES (?,?,?,?,?,?): 116,Over the Air Bootloading,false,false,false,false => rowid: 1357","v":1}
{"level":30,"time":1589725316985,"pid":31086,"hostname":"localhost.localdomain","msg":"Executed insert: INSERT INTO DEVICE_TYPE_CLUSTER (DEVICE_TYPE_REF, CLUSTER_NAME, INCLUDE_CLIENT, INCLUDE_SERVER, LOCK_CLIENT, LOCK_SERVER) VALUES (?,?,?,?,?,?): 116,Time,false,false,false,true => rowid: 1358","v":1}
{"level":30,"time":1589725316985,"pid":31086,"hostname":"localhost.localdomain","msg":"Executed insert: INSERT INTO DEVICE_TYPE_CLUSTER (DEVICE_TYPE_REF, CLUSTER_NAME, INCLUDE_CLIENT, INCLUDE_SERVER, LOCK_CLIENT, LOCK_SERVER) VALUES (?,?,?,?,?,?): 116,Partition,false,false,false,false => rowid: 1359","v":1}
{"level":30,"time":1589725316985,"pid":31086,"hostname":"localhost.localdomain","msg":"Preparing statement: INSERT INTO DEVICE_TYPE_ATTRIBUTE (DEVICE_TYPE_CLUSTER_REF, ATTRIBUTE_NAME) VALUES (?, ?) to insert 0 records.","v":1}
{"level":30,"time":1589725316985,"pid":31086,"hostname":"localhost.localdomain","msg":"Preparing statement: INSERT INTO DEVICE_TYPE_COMMAND (DEVICE_TYPE_CLUSTER_REF, COMMAND_NAME) VALUES (?, ?) to insert 0 records.","v":1}
{"level":30,"time":1589725316985,"pid":31086,"hostname":"localhost.localdomain","msg":"Executed insert: INSERT INTO DEVICE_TYPE_CLUSTER (DEVICE_TYPE_REF, CLUSTER_NAME, INCLUDE_CLIENT, INCLUDE_SERVER, LOCK_CLIENT, LOCK_SERVER) VALUES (?,?,?,?,?,?): 119,Basic,false,true,true,true => rowid: 1360","v":1}
{"level":30,"time":1589725316985,"pid":31086,"hostname":"localhost.localdomain","msg":"Executed insert: INSERT INTO DEVICE_TYPE_CLUSTER (DEVICE_TYPE_REF, CLUSTER_NAME, INCLUDE_CLIENT, INCLUDE_SERVER, LOCK_CLIENT, LOCK_SERVER) VALUES (?,?,?,?,?,?): 119,Identify,true,true,true,true => rowid: 1361","v":1}
{"level":30,"time":1589725316985,"pid":31086,"hostname":"localhost.localdomain","msg":"Executed insert: INSERT INTO DEVICE_TYPE_CLUSTER (DEVICE_TYPE_REF, CLUSTER_NAME, INCLUDE_CLIENT, INCLUDE_SERVER, LOCK_CLIENT, LOCK_SERVER) VALUES (?,?,?,?,?,?): 119,Power Configuration,false,false,true,false => rowid: 1362","v":1}
{"level":30,"time":1589725316985,"pid":31086,"hostname":"localhost.localdomain","msg":"Executed insert: INSERT INTO DEVICE_TYPE_CLUSTER (DEVICE_TYPE_REF, CLUSTER_NAME, INCLUDE_CLIENT, INCLUDE_SERVER, LOCK_CLIENT, LOCK_SERVER) VALUES (?,?,?,?,?,?): 119,Device Temperature Configuration,false,false,true,false => rowid: 1363","v":1}
{"level":30,"time":1589725316985,"pid":31086,"hostname":"localhost.localdomain","msg":"Executed insert: INSERT INTO DEVICE_TYPE_CLUSTER (DEVICE_TYPE_REF, CLUSTER_NAME, INCLUDE_CLIENT, INCLUDE_SERVER, LOCK_CLIENT, LOCK_SERVER) VALUES (?,?,?,?,?,?): 119,Alarms,false,false,true,false => rowid: 1364","v":1}
{"level":30,"time":1589725316985,"pid":31086,"hostname":"localhost.localdomain","msg":"Executed insert: INSERT INTO DEVICE_TYPE_CLUSTER (DEVICE_TYPE_REF, CLUSTER_NAME, INCLUDE_CLIENT, INCLUDE_SERVER, LOCK_CLIENT, LOCK_SERVER) VALUES (?,?,?,?,?,?): 119,On/off,true,false,true,true => rowid: 1365","v":1}
{"level":30,"time":1589725316985,"pid":31086,"hostname":"localhost.localdomain","msg":"Executed insert: INSERT INTO DEVICE_TYPE_CLUSTER (DEVICE_TYPE_REF, CLUSTER_NAME, INCLUDE_CLIENT, INCLUDE_SERVER, LOCK_CLIENT, LOCK_SERVER) VALUES (?,?,?,?,?,?): 119,Level control,true,false,true,true => rowid: 1366","v":1}
{"level":30,"time":1589725316985,"pid":31086,"hostname":"localhost.localdomain","msg":"Executed insert: INSERT INTO DEVICE_TYPE_CLUSTER (DEVICE_TYPE_REF, CLUSTER_NAME, INCLUDE_CLIENT, INCLUDE_SERVER, LOCK_CLIENT, LOCK_SERVER) VALUES (?,?,?,?,?,?): 119,Shade configuration,false,false,false,true => rowid: 1367","v":1}
{"level":30,"time":1589725316985,"pid":31086,"hostname":"localhost.localdomain","msg":"Executed insert: INSERT INTO DEVICE_TYPE_CLUSTER (DEVICE_TYPE_REF, CLUSTER_NAME, INCLUDE_CLIENT, INCLUDE_SERVER, LOCK_CLIENT, LOCK_SERVER) VALUES (?,?,?,?,?,?): 119,Scenes,false,false,false,true => rowid: 1368","v":1}
{"level":30,"time":1589725316985,"pid":31086,"hostname":"localhost.localdomain","msg":"Executed insert: INSERT INTO DEVICE_TYPE_CLUSTER (DEVICE_TYPE_REF, CLUSTER_NAME, INCLUDE_CLIENT, INCLUDE_SERVER, LOCK_CLIENT, LOCK_SERVER) VALUES (?,?,?,?,?,?): 119,Groups,false,false,false,true => rowid: 1369","v":1}
{"level":30,"time":1589725316985,"pid":31086,"hostname":"localhost.localdomain","msg":"Executed insert: INSERT INTO DEVICE_TYPE_CLUSTER (DEVICE_TYPE_REF, CLUSTER_NAME, INCLUDE_CLIENT, INCLUDE_SERVER, LOCK_CLIENT, LOCK_SERVER) VALUES (?,?,?,?,?,?): 119,Poll Control,false,false,true,false => rowid: 1370","v":1}
{"level":30,"time":1589725316985,"pid":31086,"hostname":"localhost.localdomain","msg":"Executed insert: INSERT INTO DEVICE_TYPE_CLUSTER (DEVICE_TYPE_REF, CLUSTER_NAME, INCLUDE_CLIENT, INCLUDE_SERVER, LOCK_CLIENT, LOCK_SERVER) VALUES (?,?,?,?,?,?): 119,Electrical Measurement,false,false,true,false => rowid: 1371","v":1}
{"level":30,"time":1589725316985,"pid":31086,"hostname":"localhost.localdomain","msg":"Executed insert: INSERT INTO DEVICE_TYPE_CLUSTER (DEVICE_TYPE_REF, CLUSTER_NAME, INCLUDE_CLIENT, INCLUDE_SERVER, LOCK_CLIENT, LOCK_SERVER) VALUES (?,?,?,?,?,?): 119,Time,false,false,false,true => rowid: 1372","v":1}
{"level":30,"time":1589725316986,"pid":31086,"hostname":"localhost.localdomain","msg":"Executed insert: INSERT INTO DEVICE_TYPE_CLUSTER (DEVICE_TYPE_REF, CLUSTER_NAME, INCLUDE_CLIENT, INCLUDE_SERVER, LOCK_CLIENT, LOCK_SERVER) VALUES (?,?,?,?,?,?): 119,Over the Air Bootloading,false,false,false,false => rowid: 1373","v":1}
{"level":30,"time":1589725316986,"pid":31086,"hostname":"localhost.localdomain","msg":"Executed insert: INSERT INTO DEVICE_TYPE_CLUSTER (DEVICE_TYPE_REF, CLUSTER_NAME, INCLUDE_CLIENT, INCLUDE_SERVER, LOCK_CLIENT, LOCK_SERVER) VALUES (?,?,?,?,?,?): 119,Partition,false,false,false,false => rowid: 1374","v":1}
{"level":30,"time":1589725316986,"pid":31086,"hostname":"localhost.localdomain","msg":"Preparing statement: INSERT INTO DEVICE_TYPE_ATTRIBUTE (DEVICE_TYPE_CLUSTER_REF, ATTRIBUTE_NAME) VALUES (?, ?) to insert 0 records.","v":1}
{"level":30,"time":1589725316986,"pid":31086,"hostname":"localhost.localdomain","msg":"Preparing statement: INSERT INTO DEVICE_TYPE_COMMAND (DEVICE_TYPE_CLUSTER_REF, COMMAND_NAME) VALUES (?, ?) to insert 0 records.","v":1}
{"level":30,"time":1589725316986,"pid":31086,"hostname":"localhost.localdomain","msg":"Executed insert: INSERT INTO DEVICE_TYPE_CLUSTER (DEVICE_TYPE_REF, CLUSTER_NAME, INCLUDE_CLIENT, INCLUDE_SERVER, LOCK_CLIENT, LOCK_SERVER) VALUES (?,?,?,?,?,?): 122,Basic,false,true,true,true => rowid: 1375","v":1}
{"level":30,"time":1589725316986,"pid":31086,"hostname":"localhost.localdomain","msg":"Executed insert: INSERT INTO DEVICE_TYPE_CLUSTER (DEVICE_TYPE_REF, CLUSTER_NAME, INCLUDE_CLIENT, INCLUDE_SERVER, LOCK_CLIENT, LOCK_SERVER) VALUES (?,?,?,?,?,?): 122,Identify,true,true,true,true => rowid: 1376","v":1}
{"level":30,"time":1589725316986,"pid":31086,"hostname":"localhost.localdomain","msg":"Executed insert: INSERT INTO DEVICE_TYPE_CLUSTER (DEVICE_TYPE_REF, CLUSTER_NAME, INCLUDE_CLIENT, INCLUDE_SERVER, LOCK_CLIENT, LOCK_SERVER) VALUES (?,?,?,?,?,?): 122,Power Configuration,false,false,true,false => rowid: 1377","v":1}
{"level":30,"time":1589725316986,"pid":31086,"hostname":"localhost.localdomain","msg":"Executed insert: INSERT INTO DEVICE_TYPE_CLUSTER (DEVICE_TYPE_REF, CLUSTER_NAME, INCLUDE_CLIENT, INCLUDE_SERVER, LOCK_CLIENT, LOCK_SERVER) VALUES (?,?,?,?,?,?): 122,Device Temperature Configuration,false,false,true,false => rowid: 1378","v":1}
{"level":30,"time":1589725316986,"pid":31086,"hostname":"localhost.localdomain","msg":"Executed insert: INSERT INTO DEVICE_TYPE_CLUSTER (DEVICE_TYPE_REF, CLUSTER_NAME, INCLUDE_CLIENT, INCLUDE_SERVER, LOCK_CLIENT, LOCK_SERVER) VALUES (?,?,?,?,?,?): 122,Alarms,false,false,true,false => rowid: 1379","v":1}
{"level":30,"time":1589725316986,"pid":31086,"hostname":"localhost.localdomain","msg":"Executed insert: INSERT INTO DEVICE_TYPE_CLUSTER (DEVICE_TYPE_REF, CLUSTER_NAME, INCLUDE_CLIENT, INCLUDE_SERVER, LOCK_CLIENT, LOCK_SERVER) VALUES (?,?,?,?,?,?): 122,Window Covering,false,true,true,true => rowid: 1380","v":1}
{"level":30,"time":1589725316986,"pid":31086,"hostname":"localhost.localdomain","msg":"Executed insert: INSERT INTO DEVICE_TYPE_CLUSTER (DEVICE_TYPE_REF, CLUSTER_NAME, INCLUDE_CLIENT, INCLUDE_SERVER, LOCK_CLIENT, LOCK_SERVER) VALUES (?,?,?,?,?,?): 122,Scenes,false,true,true,true => rowid: 1381","v":1}
{"level":30,"time":1589725316986,"pid":31086,"hostname":"localhost.localdomain","msg":"Executed insert: INSERT INTO DEVICE_TYPE_CLUSTER (DEVICE_TYPE_REF, CLUSTER_NAME, INCLUDE_CLIENT, INCLUDE_SERVER, LOCK_CLIENT, LOCK_SERVER) VALUES (?,?,?,?,?,?): 122,Groups,false,true,true,true => rowid: 1382","v":1}
{"level":30,"time":1589725316986,"pid":31086,"hostname":"localhost.localdomain","msg":"Executed insert: INSERT INTO DEVICE_TYPE_CLUSTER (DEVICE_TYPE_REF, CLUSTER_NAME, INCLUDE_CLIENT, INCLUDE_SERVER, LOCK_CLIENT, LOCK_SERVER) VALUES (?,?,?,?,?,?): 122,Poll Control,false,false,true,false => rowid: 1383","v":1}
{"level":30,"time":1589725316986,"pid":31086,"hostname":"localhost.localdomain","msg":"Executed insert: INSERT INTO DEVICE_TYPE_CLUSTER (DEVICE_TYPE_REF, CLUSTER_NAME, INCLUDE_CLIENT, INCLUDE_SERVER, LOCK_CLIENT, LOCK_SERVER) VALUES (?,?,?,?,?,?): 122,Electrical Measurement,false,false,true,false => rowid: 1384","v":1}
{"level":30,"time":1589725316986,"pid":31086,"hostname":"localhost.localdomain","msg":"Executed insert: INSERT INTO DEVICE_TYPE_CLUSTER (DEVICE_TYPE_REF, CLUSTER_NAME, INCLUDE_CLIENT, INCLUDE_SERVER, LOCK_CLIENT, LOCK_SERVER) VALUES (?,?,?,?,?,?): 122,Time,false,false,false,true => rowid: 1385","v":1}
{"level":30,"time":1589725316986,"pid":31086,"hostname":"localhost.localdomain","msg":"Executed insert: INSERT INTO DEVICE_TYPE_CLUSTER (DEVICE_TYPE_REF, CLUSTER_NAME, INCLUDE_CLIENT, INCLUDE_SERVER, LOCK_CLIENT, LOCK_SERVER) VALUES (?,?,?,?,?,?): 122,Over the Air Bootloading,false,false,false,false => rowid: 1386","v":1}
{"level":30,"time":1589725316986,"pid":31086,"hostname":"localhost.localdomain","msg":"Executed insert: INSERT INTO DEVICE_TYPE_CLUSTER (DEVICE_TYPE_REF, CLUSTER_NAME, INCLUDE_CLIENT, INCLUDE_SERVER, LOCK_CLIENT, LOCK_SERVER) VALUES (?,?,?,?,?,?): 122,Partition,false,false,false,false => rowid: 1387","v":1}
{"level":30,"time":1589725316987,"pid":31086,"hostname":"localhost.localdomain","msg":"Preparing statement: INSERT INTO DEVICE_TYPE_ATTRIBUTE (DEVICE_TYPE_CLUSTER_REF, ATTRIBUTE_NAME) VALUES (?, ?) to insert 0 records.","v":1}
{"level":30,"time":1589725316987,"pid":31086,"hostname":"localhost.localdomain","msg":"Preparing statement: INSERT INTO DEVICE_TYPE_COMMAND (DEVICE_TYPE_CLUSTER_REF, COMMAND_NAME) VALUES (?, ?) to insert 0 records.","v":1}
{"level":30,"time":1589725316987,"pid":31086,"hostname":"localhost.localdomain","msg":"Executed insert: INSERT INTO DEVICE_TYPE_CLUSTER (DEVICE_TYPE_REF, CLUSTER_NAME, INCLUDE_CLIENT, INCLUDE_SERVER, LOCK_CLIENT, LOCK_SERVER) VALUES (?,?,?,?,?,?): 125,Basic,false,true,true,true => rowid: 1388","v":1}
{"level":30,"time":1589725316987,"pid":31086,"hostname":"localhost.localdomain","msg":"Executed insert: INSERT INTO DEVICE_TYPE_CLUSTER (DEVICE_TYPE_REF, CLUSTER_NAME, INCLUDE_CLIENT, INCLUDE_SERVER, LOCK_CLIENT, LOCK_SERVER) VALUES (?,?,?,?,?,?): 125,Identify,true,true,true,true => rowid: 1389","v":1}
{"level":30,"time":1589725316987,"pid":31086,"hostname":"localhost.localdomain","msg":"Executed insert: INSERT INTO DEVICE_TYPE_CLUSTER (DEVICE_TYPE_REF, CLUSTER_NAME, INCLUDE_CLIENT, INCLUDE_SERVER, LOCK_CLIENT, LOCK_SERVER) VALUES (?,?,?,?,?,?): 125,Power Configuration,false,false,true,false => rowid: 1390","v":1}
{"level":30,"time":1589725316987,"pid":31086,"hostname":"localhost.localdomain","msg":"Executed insert: INSERT INTO DEVICE_TYPE_CLUSTER (DEVICE_TYPE_REF, CLUSTER_NAME, INCLUDE_CLIENT, INCLUDE_SERVER, LOCK_CLIENT, LOCK_SERVER) VALUES (?,?,?,?,?,?): 125,Device Temperature Configuration,false,false,true,false => rowid: 1391","v":1}
{"level":30,"time":1589725316987,"pid":31086,"hostname":"localhost.localdomain","msg":"Executed insert: INSERT INTO DEVICE_TYPE_CLUSTER (DEVICE_TYPE_REF, CLUSTER_NAME, INCLUDE_CLIENT, INCLUDE_SERVER, LOCK_CLIENT, LOCK_SERVER) VALUES (?,?,?,?,?,?): 125,Alarms,false,false,true,false => rowid: 1392","v":1}
{"level":30,"time":1589725316987,"pid":31086,"hostname":"localhost.localdomain","msg":"Executed insert: INSERT INTO DEVICE_TYPE_CLUSTER (DEVICE_TYPE_REF, CLUSTER_NAME, INCLUDE_CLIENT, INCLUDE_SERVER, LOCK_CLIENT, LOCK_SERVER) VALUES (?,?,?,?,?,?): 125,Window Covering,true,false,true,true => rowid: 1393","v":1}
{"level":30,"time":1589725316987,"pid":31086,"hostname":"localhost.localdomain","msg":"Executed insert: INSERT INTO DEVICE_TYPE_CLUSTER (DEVICE_TYPE_REF, CLUSTER_NAME, INCLUDE_CLIENT, INCLUDE_SERVER, LOCK_CLIENT, LOCK_SERVER) VALUES (?,?,?,?,?,?): 125,Scenes,false,false,false,true => rowid: 1394","v":1}
{"level":30,"time":1589725316987,"pid":31086,"hostname":"localhost.localdomain","msg":"Executed insert: INSERT INTO DEVICE_TYPE_CLUSTER (DEVICE_TYPE_REF, CLUSTER_NAME, INCLUDE_CLIENT, INCLUDE_SERVER, LOCK_CLIENT, LOCK_SERVER) VALUES (?,?,?,?,?,?): 125,Groups,false,false,false,true => rowid: 1395","v":1}
{"level":30,"time":1589725316987,"pid":31086,"hostname":"localhost.localdomain","msg":"Executed insert: INSERT INTO DEVICE_TYPE_CLUSTER (DEVICE_TYPE_REF, CLUSTER_NAME, INCLUDE_CLIENT, INCLUDE_SERVER, LOCK_CLIENT, LOCK_SERVER) VALUES (?,?,?,?,?,?): 125,Poll Control,false,false,true,false => rowid: 1396","v":1}
{"level":30,"time":1589725316987,"pid":31086,"hostname":"localhost.localdomain","msg":"Executed insert: INSERT INTO DEVICE_TYPE_CLUSTER (DEVICE_TYPE_REF, CLUSTER_NAME, INCLUDE_CLIENT, INCLUDE_SERVER, LOCK_CLIENT, LOCK_SERVER) VALUES (?,?,?,?,?,?): 125,Electrical Measurement,false,false,true,false => rowid: 1397","v":1}
{"level":30,"time":1589725316987,"pid":31086,"hostname":"localhost.localdomain","msg":"Executed insert: INSERT INTO DEVICE_TYPE_CLUSTER (DEVICE_TYPE_REF, CLUSTER_NAME, INCLUDE_CLIENT, INCLUDE_SERVER, LOCK_CLIENT, LOCK_SERVER) VALUES (?,?,?,?,?,?): 125,Time,false,false,false,true => rowid: 1398","v":1}
{"level":30,"time":1589725316987,"pid":31086,"hostname":"localhost.localdomain","msg":"Executed insert: INSERT INTO DEVICE_TYPE_CLUSTER (DEVICE_TYPE_REF, CLUSTER_NAME, INCLUDE_CLIENT, INCLUDE_SERVER, LOCK_CLIENT, LOCK_SERVER) VALUES (?,?,?,?,?,?): 125,Over the Air Bootloading,false,false,false,false => rowid: 1399","v":1}
{"level":30,"time":1589725316987,"pid":31086,"hostname":"localhost.localdomain","msg":"Executed insert: INSERT INTO DEVICE_TYPE_CLUSTER (DEVICE_TYPE_REF, CLUSTER_NAME, INCLUDE_CLIENT, INCLUDE_SERVER, LOCK_CLIENT, LOCK_SERVER) VALUES (?,?,?,?,?,?): 125,Partition,false,false,false,false => rowid: 1400","v":1}
{"level":30,"time":1589725316987,"pid":31086,"hostname":"localhost.localdomain","msg":"Preparing statement: INSERT INTO DEVICE_TYPE_ATTRIBUTE (DEVICE_TYPE_CLUSTER_REF, ATTRIBUTE_NAME) VALUES (?, ?) to insert 0 records.","v":1}
{"level":30,"time":1589725316987,"pid":31086,"hostname":"localhost.localdomain","msg":"Preparing statement: INSERT INTO DEVICE_TYPE_COMMAND (DEVICE_TYPE_CLUSTER_REF, COMMAND_NAME) VALUES (?, ?) to insert 0 records.","v":1}
{"level":30,"time":1589725316987,"pid":31086,"hostname":"localhost.localdomain","msg":"Executed insert: INSERT INTO DEVICE_TYPE_CLUSTER (DEVICE_TYPE_REF, CLUSTER_NAME, INCLUDE_CLIENT, INCLUDE_SERVER, LOCK_CLIENT, LOCK_SERVER) VALUES (?,?,?,?,?,?): 128,Basic,false,true,true,true => rowid: 1401","v":1}
{"level":30,"time":1589725316987,"pid":31086,"hostname":"localhost.localdomain","msg":"Executed insert: INSERT INTO DEVICE_TYPE_CLUSTER (DEVICE_TYPE_REF, CLUSTER_NAME, INCLUDE_CLIENT, INCLUDE_SERVER, LOCK_CLIENT, LOCK_SERVER) VALUES (?,?,?,?,?,?): 128,Identify,true,true,true,true => rowid: 1402","v":1}
{"level":30,"time":1589725316987,"pid":31086,"hostname":"localhost.localdomain","msg":"Executed insert: INSERT INTO DEVICE_TYPE_CLUSTER (DEVICE_TYPE_REF, CLUSTER_NAME, INCLUDE_CLIENT, INCLUDE_SERVER, LOCK_CLIENT, LOCK_SERVER) VALUES (?,?,?,?,?,?): 128,Power Configuration,false,false,true,false => rowid: 1403","v":1}
{"level":30,"time":1589725316987,"pid":31086,"hostname":"localhost.localdomain","msg":"Executed insert: INSERT INTO DEVICE_TYPE_CLUSTER (DEVICE_TYPE_REF, CLUSTER_NAME, INCLUDE_CLIENT, INCLUDE_SERVER, LOCK_CLIENT, LOCK_SERVER) VALUES (?,?,?,?,?,?): 128,Device Temperature Configuration,false,false,true,false => rowid: 1404","v":1}
{"level":30,"time":1589725316987,"pid":31086,"hostname":"localhost.localdomain","msg":"Executed insert: INSERT INTO DEVICE_TYPE_CLUSTER (DEVICE_TYPE_REF, CLUSTER_NAME, INCLUDE_CLIENT, INCLUDE_SERVER, LOCK_CLIENT, LOCK_SERVER) VALUES (?,?,?,?,?,?): 128,Alarms,false,false,true,false => rowid: 1405","v":1}
{"level":30,"time":1589725316987,"pid":31086,"hostname":"localhost.localdomain","msg":"Executed insert: INSERT INTO DEVICE_TYPE_CLUSTER (DEVICE_TYPE_REF, CLUSTER_NAME, INCLUDE_CLIENT, INCLUDE_SERVER, LOCK_CLIENT, LOCK_SERVER) VALUES (?,?,?,?,?,?): 128,On/off,false,true,true,true => rowid: 1406","v":1}
{"level":30,"time":1589725316987,"pid":31086,"hostname":"localhost.localdomain","msg":"Executed insert: INSERT INTO DEVICE_TYPE_CLUSTER (DEVICE_TYPE_REF, CLUSTER_NAME, INCLUDE_CLIENT, INCLUDE_SERVER, LOCK_CLIENT, LOCK_SERVER) VALUES (?,?,?,?,?,?): 128,Thermostat,false,true,true,true => rowid: 1407","v":1}
{"level":30,"time":1589725316987,"pid":31086,"hostname":"localhost.localdomain","msg":"Executed insert: INSERT INTO DEVICE_TYPE_CLUSTER (DEVICE_TYPE_REF, CLUSTER_NAME, INCLUDE_CLIENT, INCLUDE_SERVER, LOCK_CLIENT, LOCK_SERVER) VALUES (?,?,?,?,?,?): 128,Fan control,false,false,true,false => rowid: 1408","v":1}
{"level":30,"time":1589725316987,"pid":31086,"hostname":"localhost.localdomain","msg":"Executed insert: INSERT INTO DEVICE_TYPE_CLUSTER (DEVICE_TYPE_REF, CLUSTER_NAME, INCLUDE_CLIENT, INCLUDE_SERVER, LOCK_CLIENT, LOCK_SERVER) VALUES (?,?,?,?,?,?): 128,Level control,false,false,true,false => rowid: 1409","v":1}
{"level":30,"time":1589725316987,"pid":31086,"hostname":"localhost.localdomain","msg":"Executed insert: INSERT INTO DEVICE_TYPE_CLUSTER (DEVICE_TYPE_REF, CLUSTER_NAME, INCLUDE_CLIENT, INCLUDE_SERVER, LOCK_CLIENT, LOCK_SERVER) VALUES (?,?,?,?,?,?): 128,Groups,false,false,true,false => rowid: 1410","v":1}
{"level":30,"time":1589725316987,"pid":31086,"hostname":"localhost.localdomain","msg":"Executed insert: INSERT INTO DEVICE_TYPE_CLUSTER (DEVICE_TYPE_REF, CLUSTER_NAME, INCLUDE_CLIENT, INCLUDE_SERVER, LOCK_CLIENT, LOCK_SERVER) VALUES (?,?,?,?,?,?): 128,Poll Control,false,false,true,false => rowid: 1411","v":1}
{"level":30,"time":1589725316987,"pid":31086,"hostname":"localhost.localdomain","msg":"Executed insert: INSERT INTO DEVICE_TYPE_CLUSTER (DEVICE_TYPE_REF, CLUSTER_NAME, INCLUDE_CLIENT, INCLUDE_SERVER, LOCK_CLIENT, LOCK_SERVER) VALUES (?,?,?,?,?,?): 128,Electrical Measurement,false,false,true,false => rowid: 1412","v":1}
{"level":30,"time":1589725316987,"pid":31086,"hostname":"localhost.localdomain","msg":"Executed insert: INSERT INTO DEVICE_TYPE_CLUSTER (DEVICE_TYPE_REF, CLUSTER_NAME, INCLUDE_CLIENT, INCLUDE_SERVER, LOCK_CLIENT, LOCK_SERVER) VALUES (?,?,?,?,?,?): 128,Time,false,false,false,true => rowid: 1413","v":1}
{"level":30,"time":1589725316987,"pid":31086,"hostname":"localhost.localdomain","msg":"Executed insert: INSERT INTO DEVICE_TYPE_CLUSTER (DEVICE_TYPE_REF, CLUSTER_NAME, INCLUDE_CLIENT, INCLUDE_SERVER, LOCK_CLIENT, LOCK_SERVER) VALUES (?,?,?,?,?,?): 128,Over the Air Bootloading,false,false,false,false => rowid: 1414","v":1}
{"level":30,"time":1589725316987,"pid":31086,"hostname":"localhost.localdomain","msg":"Executed insert: INSERT INTO DEVICE_TYPE_CLUSTER (DEVICE_TYPE_REF, CLUSTER_NAME, INCLUDE_CLIENT, INCLUDE_SERVER, LOCK_CLIENT, LOCK_SERVER) VALUES (?,?,?,?,?,?): 128,Partition,false,false,false,false => rowid: 1415","v":1}
{"level":30,"time":1589725316988,"pid":31086,"hostname":"localhost.localdomain","msg":"Preparing statement: INSERT INTO DEVICE_TYPE_ATTRIBUTE (DEVICE_TYPE_CLUSTER_REF, ATTRIBUTE_NAME) VALUES (?, ?) to insert 0 records.","v":1}
{"level":30,"time":1589725316988,"pid":31086,"hostname":"localhost.localdomain","msg":"Preparing statement: INSERT INTO DEVICE_TYPE_COMMAND (DEVICE_TYPE_CLUSTER_REF, COMMAND_NAME) VALUES (?, ?) to insert 0 records.","v":1}
{"level":30,"time":1589725316988,"pid":31086,"hostname":"localhost.localdomain","msg":"Executed insert: INSERT INTO DEVICE_TYPE_CLUSTER (DEVICE_TYPE_REF, CLUSTER_NAME, INCLUDE_CLIENT, INCLUDE_SERVER, LOCK_CLIENT, LOCK_SERVER) VALUES (?,?,?,?,?,?): 130,Basic,false,true,true,true => rowid: 1416","v":1}
{"level":30,"time":1589725316988,"pid":31086,"hostname":"localhost.localdomain","msg":"Executed insert: INSERT INTO DEVICE_TYPE_CLUSTER (DEVICE_TYPE_REF, CLUSTER_NAME, INCLUDE_CLIENT, INCLUDE_SERVER, LOCK_CLIENT, LOCK_SERVER) VALUES (?,?,?,?,?,?): 130,Identify,true,true,true,true => rowid: 1417","v":1}
{"level":30,"time":1589725316988,"pid":31086,"hostname":"localhost.localdomain","msg":"Executed insert: INSERT INTO DEVICE_TYPE_CLUSTER (DEVICE_TYPE_REF, CLUSTER_NAME, INCLUDE_CLIENT, INCLUDE_SERVER, LOCK_CLIENT, LOCK_SERVER) VALUES (?,?,?,?,?,?): 130,Power Configuration,false,false,true,false => rowid: 1418","v":1}
{"level":30,"time":1589725316988,"pid":31086,"hostname":"localhost.localdomain","msg":"Executed insert: INSERT INTO DEVICE_TYPE_CLUSTER (DEVICE_TYPE_REF, CLUSTER_NAME, INCLUDE_CLIENT, INCLUDE_SERVER, LOCK_CLIENT, LOCK_SERVER) VALUES (?,?,?,?,?,?): 130,Device Temperature Configuration,false,false,true,false => rowid: 1419","v":1}
{"level":30,"time":1589725316988,"pid":31086,"hostname":"localhost.localdomain","msg":"Executed insert: INSERT INTO DEVICE_TYPE_CLUSTER (DEVICE_TYPE_REF, CLUSTER_NAME, INCLUDE_CLIENT, INCLUDE_SERVER, LOCK_CLIENT, LOCK_SERVER) VALUES (?,?,?,?,?,?): 130,Alarms,false,false,true,false => rowid: 1420","v":1}
{"level":30,"time":1589725316988,"pid":31086,"hostname":"localhost.localdomain","msg":"Executed insert: INSERT INTO DEVICE_TYPE_CLUSTER (DEVICE_TYPE_REF, CLUSTER_NAME, INCLUDE_CLIENT, INCLUDE_SERVER, LOCK_CLIENT, LOCK_SERVER) VALUES (?,?,?,?,?,?): 130,Thermostat,false,true,true,true => rowid: 1421","v":1}
{"level":30,"time":1589725316988,"pid":31086,"hostname":"localhost.localdomain","msg":"Executed insert: INSERT INTO DEVICE_TYPE_CLUSTER (DEVICE_TYPE_REF, CLUSTER_NAME, INCLUDE_CLIENT, INCLUDE_SERVER, LOCK_CLIENT, LOCK_SERVER) VALUES (?,?,?,?,?,?): 130,Scenes,false,false,true,false => rowid: 1422","v":1}
{"level":30,"time":1589725316988,"pid":31086,"hostname":"localhost.localdomain","msg":"Executed insert: INSERT INTO DEVICE_TYPE_CLUSTER (DEVICE_TYPE_REF, CLUSTER_NAME, INCLUDE_CLIENT, INCLUDE_SERVER, LOCK_CLIENT, LOCK_SERVER) VALUES (?,?,?,?,?,?): 130,Groups,false,false,true,false => rowid: 1423","v":1}
{"level":30,"time":1589725316988,"pid":31086,"hostname":"localhost.localdomain","msg":"Executed insert: INSERT INTO DEVICE_TYPE_CLUSTER (DEVICE_TYPE_REF, CLUSTER_NAME, INCLUDE_CLIENT, INCLUDE_SERVER, LOCK_CLIENT, LOCK_SERVER) VALUES (?,?,?,?,?,?): 130,Thermostat User Interface Configuration,false,false,true,false => rowid: 1424","v":1}
{"level":30,"time":1589725316988,"pid":31086,"hostname":"localhost.localdomain","msg":"Executed insert: INSERT INTO DEVICE_TYPE_CLUSTER (DEVICE_TYPE_REF, CLUSTER_NAME, INCLUDE_CLIENT, INCLUDE_SERVER, LOCK_CLIENT, LOCK_SERVER) VALUES (?,?,?,?,?,?): 130,Fan control,false,false,false,false => rowid: 1425","v":1}
{"level":30,"time":1589725316988,"pid":31086,"hostname":"localhost.localdomain","msg":"Executed insert: INSERT INTO DEVICE_TYPE_CLUSTER (DEVICE_TYPE_REF, CLUSTER_NAME, INCLUDE_CLIENT, INCLUDE_SERVER, LOCK_CLIENT, LOCK_SERVER) VALUES (?,?,?,?,?,?): 130,Temperature measurement,false,false,false,false => rowid: 1426","v":1}
{"level":30,"time":1589725316988,"pid":31086,"hostname":"localhost.localdomain","msg":"Executed insert: INSERT INTO DEVICE_TYPE_CLUSTER (DEVICE_TYPE_REF, CLUSTER_NAME, INCLUDE_CLIENT, INCLUDE_SERVER, LOCK_CLIENT, LOCK_SERVER) VALUES (?,?,?,?,?,?): 130,Occupancy Sensing,false,false,false,false => rowid: 1427","v":1}
{"level":30,"time":1589725316988,"pid":31086,"hostname":"localhost.localdomain","msg":"Executed insert: INSERT INTO DEVICE_TYPE_CLUSTER (DEVICE_TYPE_REF, CLUSTER_NAME, INCLUDE_CLIENT, INCLUDE_SERVER, LOCK_CLIENT, LOCK_SERVER) VALUES (?,?,?,?,?,?): 130,Relative Humidity Measurement,false,false,false,false => rowid: 1428","v":1}
{"level":30,"time":1589725316988,"pid":31086,"hostname":"localhost.localdomain","msg":"Executed insert: INSERT INTO DEVICE_TYPE_CLUSTER (DEVICE_TYPE_REF, CLUSTER_NAME, INCLUDE_CLIENT, INCLUDE_SERVER, LOCK_CLIENT, LOCK_SERVER) VALUES (?,?,?,?,?,?): 130,Poll Control,false,false,true,false => rowid: 1429","v":1}
{"level":30,"time":1589725316988,"pid":31086,"hostname":"localhost.localdomain","msg":"Executed insert: INSERT INTO DEVICE_TYPE_CLUSTER (DEVICE_TYPE_REF, CLUSTER_NAME, INCLUDE_CLIENT, INCLUDE_SERVER, LOCK_CLIENT, LOCK_SERVER) VALUES (?,?,?,?,?,?): 130,Electrical Measurement,false,false,true,false => rowid: 1430","v":1}
{"level":30,"time":1589725316988,"pid":31086,"hostname":"localhost.localdomain","msg":"Executed insert: INSERT INTO DEVICE_TYPE_CLUSTER (DEVICE_TYPE_REF, CLUSTER_NAME, INCLUDE_CLIENT, INCLUDE_SERVER, LOCK_CLIENT, LOCK_SERVER) VALUES (?,?,?,?,?,?): 130,Time,false,false,false,true => rowid: 1431","v":1}
{"level":30,"time":1589725316988,"pid":31086,"hostname":"localhost.localdomain","msg":"Executed insert: INSERT INTO DEVICE_TYPE_CLUSTER (DEVICE_TYPE_REF, CLUSTER_NAME, INCLUDE_CLIENT, INCLUDE_SERVER, LOCK_CLIENT, LOCK_SERVER) VALUES (?,?,?,?,?,?): 130,Over the Air Bootloading,false,false,false,false => rowid: 1432","v":1}
{"level":30,"time":1589725316988,"pid":31086,"hostname":"localhost.localdomain","msg":"Executed insert: INSERT INTO DEVICE_TYPE_CLUSTER (DEVICE_TYPE_REF, CLUSTER_NAME, INCLUDE_CLIENT, INCLUDE_SERVER, LOCK_CLIENT, LOCK_SERVER) VALUES (?,?,?,?,?,?): 130,Partition,false,false,false,false => rowid: 1433","v":1}
{"level":30,"time":1589725316988,"pid":31086,"hostname":"localhost.localdomain","msg":"Preparing statement: INSERT INTO DEVICE_TYPE_ATTRIBUTE (DEVICE_TYPE_CLUSTER_REF, ATTRIBUTE_NAME) VALUES (?, ?) to insert 0 records.","v":1}
{"level":30,"time":1589725316988,"pid":31086,"hostname":"localhost.localdomain","msg":"Preparing statement: INSERT INTO DEVICE_TYPE_COMMAND (DEVICE_TYPE_CLUSTER_REF, COMMAND_NAME) VALUES (?, ?) to insert 0 records.","v":1}
{"level":30,"time":1589725316988,"pid":31086,"hostname":"localhost.localdomain","msg":"Executed insert: INSERT INTO DEVICE_TYPE_CLUSTER (DEVICE_TYPE_REF, CLUSTER_NAME, INCLUDE_CLIENT, INCLUDE_SERVER, LOCK_CLIENT, LOCK_SERVER) VALUES (?,?,?,?,?,?): 133,Identify,true,true,true,true => rowid: 1434","v":1}
{"level":30,"time":1589725316988,"pid":31086,"hostname":"localhost.localdomain","msg":"Executed insert: INSERT INTO DEVICE_TYPE_CLUSTER (DEVICE_TYPE_REF, CLUSTER_NAME, INCLUDE_CLIENT, INCLUDE_SERVER, LOCK_CLIENT, LOCK_SERVER) VALUES (?,?,?,?,?,?): 133,Power Configuration,false,false,true,false => rowid: 1435","v":1}
{"level":30,"time":1589725316988,"pid":31086,"hostname":"localhost.localdomain","msg":"Executed insert: INSERT INTO DEVICE_TYPE_CLUSTER (DEVICE_TYPE_REF, CLUSTER_NAME, INCLUDE_CLIENT, INCLUDE_SERVER, LOCK_CLIENT, LOCK_SERVER) VALUES (?,?,?,?,?,?): 133,Basic,false,true,true,true => rowid: 1436","v":1}
{"level":30,"time":1589725316988,"pid":31086,"hostname":"localhost.localdomain","msg":"Executed insert: INSERT INTO DEVICE_TYPE_CLUSTER (DEVICE_TYPE_REF, CLUSTER_NAME, INCLUDE_CLIENT, INCLUDE_SERVER, LOCK_CLIENT, LOCK_SERVER) VALUES (?,?,?,?,?,?): 133,Device Temperature Configuration,false,false,true,false => rowid: 1437","v":1}
{"level":30,"time":1589725316988,"pid":31086,"hostname":"localhost.localdomain","msg":"Executed insert: INSERT INTO DEVICE_TYPE_CLUSTER (DEVICE_TYPE_REF, CLUSTER_NAME, INCLUDE_CLIENT, INCLUDE_SERVER, LOCK_CLIENT, LOCK_SERVER) VALUES (?,?,?,?,?,?): 133,Alarms,false,false,true,false => rowid: 1438","v":1}
{"level":30,"time":1589725316988,"pid":31086,"hostname":"localhost.localdomain","msg":"Executed insert: INSERT INTO DEVICE_TYPE_CLUSTER (DEVICE_TYPE_REF, CLUSTER_NAME, INCLUDE_CLIENT, INCLUDE_SERVER, LOCK_CLIENT, LOCK_SERVER) VALUES (?,?,?,?,?,?): 133,Temperature measurement,false,true,true,true => rowid: 1439","v":1}
{"level":30,"time":1589725316988,"pid":31086,"hostname":"localhost.localdomain","msg":"Executed insert: INSERT INTO DEVICE_TYPE_CLUSTER (DEVICE_TYPE_REF, CLUSTER_NAME, INCLUDE_CLIENT, INCLUDE_SERVER, LOCK_CLIENT, LOCK_SERVER) VALUES (?,?,?,?,?,?): 133,Groups,false,false,false,true => rowid: 1440","v":1}
{"level":30,"time":1589725316988,"pid":31086,"hostname":"localhost.localdomain","msg":"Executed insert: INSERT INTO DEVICE_TYPE_CLUSTER (DEVICE_TYPE_REF, CLUSTER_NAME, INCLUDE_CLIENT, INCLUDE_SERVER, LOCK_CLIENT, LOCK_SERVER) VALUES (?,?,?,?,?,?): 133,Poll Control,false,false,true,false => rowid: 1441","v":1}
{"level":30,"time":1589725316988,"pid":31086,"hostname":"localhost.localdomain","msg":"Executed insert: INSERT INTO DEVICE_TYPE_CLUSTER (DEVICE_TYPE_REF, CLUSTER_NAME, INCLUDE_CLIENT, INCLUDE_SERVER, LOCK_CLIENT, LOCK_SERVER) VALUES (?,?,?,?,?,?): 133,Electrical Measurement,false,false,true,false => rowid: 1442","v":1}
{"level":30,"time":1589725316988,"pid":31086,"hostname":"localhost.localdomain","msg":"Executed insert: INSERT INTO DEVICE_TYPE_CLUSTER (DEVICE_TYPE_REF, CLUSTER_NAME, INCLUDE_CLIENT, INCLUDE_SERVER, LOCK_CLIENT, LOCK_SERVER) VALUES (?,?,?,?,?,?): 133,Time,false,false,false,true => rowid: 1443","v":1}
{"level":30,"time":1589725316988,"pid":31086,"hostname":"localhost.localdomain","msg":"Executed insert: INSERT INTO DEVICE_TYPE_CLUSTER (DEVICE_TYPE_REF, CLUSTER_NAME, INCLUDE_CLIENT, INCLUDE_SERVER, LOCK_CLIENT, LOCK_SERVER) VALUES (?,?,?,?,?,?): 133,Over the Air Bootloading,false,false,false,false => rowid: 1444","v":1}
{"level":30,"time":1589725316988,"pid":31086,"hostname":"localhost.localdomain","msg":"Executed insert: INSERT INTO DEVICE_TYPE_CLUSTER (DEVICE_TYPE_REF, CLUSTER_NAME, INCLUDE_CLIENT, INCLUDE_SERVER, LOCK_CLIENT, LOCK_SERVER) VALUES (?,?,?,?,?,?): 133,Partition,false,false,false,false => rowid: 1445","v":1}
{"level":30,"time":1589725316988,"pid":31086,"hostname":"localhost.localdomain","msg":"Preparing statement: INSERT INTO DEVICE_TYPE_ATTRIBUTE (DEVICE_TYPE_CLUSTER_REF, ATTRIBUTE_NAME) VALUES (?, ?) to insert 0 records.","v":1}
{"level":30,"time":1589725316988,"pid":31086,"hostname":"localhost.localdomain","msg":"Preparing statement: INSERT INTO DEVICE_TYPE_COMMAND (DEVICE_TYPE_CLUSTER_REF, COMMAND_NAME) VALUES (?, ?) to insert 0 records.","v":1}
{"level":30,"time":1589725316989,"pid":31086,"hostname":"localhost.localdomain","msg":"Executed insert: INSERT INTO DEVICE_TYPE_CLUSTER (DEVICE_TYPE_REF, CLUSTER_NAME, INCLUDE_CLIENT, INCLUDE_SERVER, LOCK_CLIENT, LOCK_SERVER) VALUES (?,?,?,?,?,?): 136,Basic,false,true,true,true => rowid: 1446","v":1}
{"level":30,"time":1589725316989,"pid":31086,"hostname":"localhost.localdomain","msg":"Executed insert: INSERT INTO DEVICE_TYPE_CLUSTER (DEVICE_TYPE_REF, CLUSTER_NAME, INCLUDE_CLIENT, INCLUDE_SERVER, LOCK_CLIENT, LOCK_SERVER) VALUES (?,?,?,?,?,?): 136,Identify,true,true,true,true => rowid: 1447","v":1}
{"level":30,"time":1589725316989,"pid":31086,"hostname":"localhost.localdomain","msg":"Executed insert: INSERT INTO DEVICE_TYPE_CLUSTER (DEVICE_TYPE_REF, CLUSTER_NAME, INCLUDE_CLIENT, INCLUDE_SERVER, LOCK_CLIENT, LOCK_SERVER) VALUES (?,?,?,?,?,?): 136,Power Configuration,false,false,true,false => rowid: 1448","v":1}
{"level":30,"time":1589725316989,"pid":31086,"hostname":"localhost.localdomain","msg":"Executed insert: INSERT INTO DEVICE_TYPE_CLUSTER (DEVICE_TYPE_REF, CLUSTER_NAME, INCLUDE_CLIENT, INCLUDE_SERVER, LOCK_CLIENT, LOCK_SERVER) VALUES (?,?,?,?,?,?): 136,Device Temperature Configuration,false,false,true,false => rowid: 1449","v":1}
{"level":30,"time":1589725316989,"pid":31086,"hostname":"localhost.localdomain","msg":"Executed insert: INSERT INTO DEVICE_TYPE_CLUSTER (DEVICE_TYPE_REF, CLUSTER_NAME, INCLUDE_CLIENT, INCLUDE_SERVER, LOCK_CLIENT, LOCK_SERVER) VALUES (?,?,?,?,?,?): 136,Alarms,false,false,true,false => rowid: 1450","v":1}
{"level":30,"time":1589725316989,"pid":31086,"hostname":"localhost.localdomain","msg":"Executed insert: INSERT INTO DEVICE_TYPE_CLUSTER (DEVICE_TYPE_REF, CLUSTER_NAME, INCLUDE_CLIENT, INCLUDE_SERVER, LOCK_CLIENT, LOCK_SERVER) VALUES (?,?,?,?,?,?): 136,Pump Configuration and Control,false,true,true,true => rowid: 1451","v":1}
{"level":30,"time":1589725316989,"pid":31086,"hostname":"localhost.localdomain","msg":"Executed insert: INSERT INTO DEVICE_TYPE_CLUSTER (DEVICE_TYPE_REF, CLUSTER_NAME, INCLUDE_CLIENT, INCLUDE_SERVER, LOCK_CLIENT, LOCK_SERVER) VALUES (?,?,?,?,?,?): 136,On/off,false,true,true,true => rowid: 1452","v":1}
{"level":30,"time":1589725316989,"pid":31086,"hostname":"localhost.localdomain","msg":"Executed insert: INSERT INTO DEVICE_TYPE_CLUSTER (DEVICE_TYPE_REF, CLUSTER_NAME, INCLUDE_CLIENT, INCLUDE_SERVER, LOCK_CLIENT, LOCK_SERVER) VALUES (?,?,?,?,?,?): 136,Scenes,false,true,true,true => rowid: 1453","v":1}
{"level":30,"time":1589725316989,"pid":31086,"hostname":"localhost.localdomain","msg":"Executed insert: INSERT INTO DEVICE_TYPE_CLUSTER (DEVICE_TYPE_REF, CLUSTER_NAME, INCLUDE_CLIENT, INCLUDE_SERVER, LOCK_CLIENT, LOCK_SERVER) VALUES (?,?,?,?,?,?): 136,Groups,false,true,true,true => rowid: 1454","v":1}
{"level":30,"time":1589725316989,"pid":31086,"hostname":"localhost.localdomain","msg":"Executed insert: INSERT INTO DEVICE_TYPE_CLUSTER (DEVICE_TYPE_REF, CLUSTER_NAME, INCLUDE_CLIENT, INCLUDE_SERVER, LOCK_CLIENT, LOCK_SERVER) VALUES (?,?,?,?,?,?): 136,Level control,false,false,true,false => rowid: 1455","v":1}
{"level":30,"time":1589725316989,"pid":31086,"hostname":"localhost.localdomain","msg":"Executed insert: INSERT INTO DEVICE_TYPE_CLUSTER (DEVICE_TYPE_REF, CLUSTER_NAME, INCLUDE_CLIENT, INCLUDE_SERVER, LOCK_CLIENT, LOCK_SERVER) VALUES (?,?,?,?,?,?): 136,Pressure measurement,false,false,false,false => rowid: 1456","v":1}
{"level":30,"time":1589725316989,"pid":31086,"hostname":"localhost.localdomain","msg":"Executed insert: INSERT INTO DEVICE_TYPE_CLUSTER (DEVICE_TYPE_REF, CLUSTER_NAME, INCLUDE_CLIENT, INCLUDE_SERVER, LOCK_CLIENT, LOCK_SERVER) VALUES (?,?,?,?,?,?): 136,Temperature measurement,false,false,false,false => rowid: 1457","v":1}
{"level":30,"time":1589725316989,"pid":31086,"hostname":"localhost.localdomain","msg":"Executed insert: INSERT INTO DEVICE_TYPE_CLUSTER (DEVICE_TYPE_REF, CLUSTER_NAME, INCLUDE_CLIENT, INCLUDE_SERVER, LOCK_CLIENT, LOCK_SERVER) VALUES (?,?,?,?,?,?): 136,Flow measurement,false,false,false,false => rowid: 1458","v":1}
{"level":30,"time":1589725316989,"pid":31086,"hostname":"localhost.localdomain","msg":"Executed insert: INSERT INTO DEVICE_TYPE_CLUSTER (DEVICE_TYPE_REF, CLUSTER_NAME, INCLUDE_CLIENT, INCLUDE_SERVER, LOCK_CLIENT, LOCK_SERVER) VALUES (?,?,?,?,?,?): 136,Poll Control,false,false,true,false => rowid: 1459","v":1}
{"level":30,"time":1589725316989,"pid":31086,"hostname":"localhost.localdomain","msg":"Executed insert: INSERT INTO DEVICE_TYPE_CLUSTER (DEVICE_TYPE_REF, CLUSTER_NAME, INCLUDE_CLIENT, INCLUDE_SERVER, LOCK_CLIENT, LOCK_SERVER) VALUES (?,?,?,?,?,?): 136,Electrical Measurement,false,false,true,false => rowid: 1460","v":1}
{"level":30,"time":1589725316989,"pid":31086,"hostname":"localhost.localdomain","msg":"Executed insert: INSERT INTO DEVICE_TYPE_CLUSTER (DEVICE_TYPE_REF, CLUSTER_NAME, INCLUDE_CLIENT, INCLUDE_SERVER, LOCK_CLIENT, LOCK_SERVER) VALUES (?,?,?,?,?,?): 136,Time,false,false,false,true => rowid: 1461","v":1}
{"level":30,"time":1589725316989,"pid":31086,"hostname":"localhost.localdomain","msg":"Executed insert: INSERT INTO DEVICE_TYPE_CLUSTER (DEVICE_TYPE_REF, CLUSTER_NAME, INCLUDE_CLIENT, INCLUDE_SERVER, LOCK_CLIENT, LOCK_SERVER) VALUES (?,?,?,?,?,?): 136,Over the Air Bootloading,false,false,false,false => rowid: 1462","v":1}
{"level":30,"time":1589725316989,"pid":31086,"hostname":"localhost.localdomain","msg":"Executed insert: INSERT INTO DEVICE_TYPE_CLUSTER (DEVICE_TYPE_REF, CLUSTER_NAME, INCLUDE_CLIENT, INCLUDE_SERVER, LOCK_CLIENT, LOCK_SERVER) VALUES (?,?,?,?,?,?): 136,Partition,false,false,false,false => rowid: 1463","v":1}
{"level":30,"time":1589725316989,"pid":31086,"hostname":"localhost.localdomain","msg":"Preparing statement: INSERT INTO DEVICE_TYPE_ATTRIBUTE (DEVICE_TYPE_CLUSTER_REF, ATTRIBUTE_NAME) VALUES (?, ?) to insert 0 records.","v":1}
{"level":30,"time":1589725316989,"pid":31086,"hostname":"localhost.localdomain","msg":"Preparing statement: INSERT INTO DEVICE_TYPE_COMMAND (DEVICE_TYPE_CLUSTER_REF, COMMAND_NAME) VALUES (?, ?) to insert 0 records.","v":1}
{"level":30,"time":1589725316990,"pid":31086,"hostname":"localhost.localdomain","msg":"Executed insert: INSERT INTO DEVICE_TYPE_CLUSTER (DEVICE_TYPE_REF, CLUSTER_NAME, INCLUDE_CLIENT, INCLUDE_SERVER, LOCK_CLIENT, LOCK_SERVER) VALUES (?,?,?,?,?,?): 139,Basic,false,true,true,true => rowid: 1464","v":1}
{"level":30,"time":1589725316990,"pid":31086,"hostname":"localhost.localdomain","msg":"Executed insert: INSERT INTO DEVICE_TYPE_CLUSTER (DEVICE_TYPE_REF, CLUSTER_NAME, INCLUDE_CLIENT, INCLUDE_SERVER, LOCK_CLIENT, LOCK_SERVER) VALUES (?,?,?,?,?,?): 139,Identify,true,true,true,true => rowid: 1465","v":1}
{"level":30,"time":1589725316990,"pid":31086,"hostname":"localhost.localdomain","msg":"Executed insert: INSERT INTO DEVICE_TYPE_CLUSTER (DEVICE_TYPE_REF, CLUSTER_NAME, INCLUDE_CLIENT, INCLUDE_SERVER, LOCK_CLIENT, LOCK_SERVER) VALUES (?,?,?,?,?,?): 139,Power Configuration,false,false,true,false => rowid: 1466","v":1}
{"level":30,"time":1589725316990,"pid":31086,"hostname":"localhost.localdomain","msg":"Executed insert: INSERT INTO DEVICE_TYPE_CLUSTER (DEVICE_TYPE_REF, CLUSTER_NAME, INCLUDE_CLIENT, INCLUDE_SERVER, LOCK_CLIENT, LOCK_SERVER) VALUES (?,?,?,?,?,?): 139,Device Temperature Configuration,false,false,true,false => rowid: 1467","v":1}
{"level":30,"time":1589725316990,"pid":31086,"hostname":"localhost.localdomain","msg":"Executed insert: INSERT INTO DEVICE_TYPE_CLUSTER (DEVICE_TYPE_REF, CLUSTER_NAME, INCLUDE_CLIENT, INCLUDE_SERVER, LOCK_CLIENT, LOCK_SERVER) VALUES (?,?,?,?,?,?): 139,Alarms,false,false,true,false => rowid: 1468","v":1}
{"level":30,"time":1589725316990,"pid":31086,"hostname":"localhost.localdomain","msg":"Executed insert: INSERT INTO DEVICE_TYPE_CLUSTER (DEVICE_TYPE_REF, CLUSTER_NAME, INCLUDE_CLIENT, INCLUDE_SERVER, LOCK_CLIENT, LOCK_SERVER) VALUES (?,?,?,?,?,?): 139,Pump Configuration and Control,true,false,true,true => rowid: 1469","v":1}
{"level":30,"time":1589725316990,"pid":31086,"hostname":"localhost.localdomain","msg":"Executed insert: INSERT INTO DEVICE_TYPE_CLUSTER (DEVICE_TYPE_REF, CLUSTER_NAME, INCLUDE_CLIENT, INCLUDE_SERVER, LOCK_CLIENT, LOCK_SERVER) VALUES (?,?,?,?,?,?): 139,On/off,true,false,true,true => rowid: 1470","v":1}
{"level":30,"time":1589725316990,"pid":31086,"hostname":"localhost.localdomain","msg":"Executed insert: INSERT INTO DEVICE_TYPE_CLUSTER (DEVICE_TYPE_REF, CLUSTER_NAME, INCLUDE_CLIENT, INCLUDE_SERVER, LOCK_CLIENT, LOCK_SERVER) VALUES (?,?,?,?,?,?): 139,Scenes,false,false,false,true => rowid: 1471","v":1}
{"level":30,"time":1589725316990,"pid":31086,"hostname":"localhost.localdomain","msg":"Executed insert: INSERT INTO DEVICE_TYPE_CLUSTER (DEVICE_TYPE_REF, CLUSTER_NAME, INCLUDE_CLIENT, INCLUDE_SERVER, LOCK_CLIENT, LOCK_SERVER) VALUES (?,?,?,?,?,?): 139,Groups,false,false,false,true => rowid: 1472","v":1}
{"level":30,"time":1589725316990,"pid":31086,"hostname":"localhost.localdomain","msg":"Executed insert: INSERT INTO DEVICE_TYPE_CLUSTER (DEVICE_TYPE_REF, CLUSTER_NAME, INCLUDE_CLIENT, INCLUDE_SERVER, LOCK_CLIENT, LOCK_SERVER) VALUES (?,?,?,?,?,?): 139,Temperature measurement,false,false,false,true => rowid: 1473","v":1}
{"level":30,"time":1589725316990,"pid":31086,"hostname":"localhost.localdomain","msg":"Executed insert: INSERT INTO DEVICE_TYPE_CLUSTER (DEVICE_TYPE_REF, CLUSTER_NAME, INCLUDE_CLIENT, INCLUDE_SERVER, LOCK_CLIENT, LOCK_SERVER) VALUES (?,?,?,?,?,?): 139,Pressure measurement,false,false,false,true => rowid: 1474","v":1}
{"level":30,"time":1589725316991,"pid":31086,"hostname":"localhost.localdomain","msg":"Executed insert: INSERT INTO DEVICE_TYPE_CLUSTER (DEVICE_TYPE_REF, CLUSTER_NAME, INCLUDE_CLIENT, INCLUDE_SERVER, LOCK_CLIENT, LOCK_SERVER) VALUES (?,?,?,?,?,?): 139,Flow measurement,false,false,false,true => rowid: 1475","v":1}
{"level":30,"time":1589725316991,"pid":31086,"hostname":"localhost.localdomain","msg":"Executed insert: INSERT INTO DEVICE_TYPE_CLUSTER (DEVICE_TYPE_REF, CLUSTER_NAME, INCLUDE_CLIENT, INCLUDE_SERVER, LOCK_CLIENT, LOCK_SERVER) VALUES (?,?,?,?,?,?): 139,Level control,false,false,false,true => rowid: 1476","v":1}
{"level":30,"time":1589725316992,"pid":31086,"hostname":"localhost.localdomain","msg":"Executed insert: INSERT INTO DEVICE_TYPE_CLUSTER (DEVICE_TYPE_REF, CLUSTER_NAME, INCLUDE_CLIENT, INCLUDE_SERVER, LOCK_CLIENT, LOCK_SERVER) VALUES (?,?,?,?,?,?): 139,Poll Control,false,false,true,false => rowid: 1477","v":1}
{"level":30,"time":1589725316992,"pid":31086,"hostname":"localhost.localdomain","msg":"Executed insert: INSERT INTO DEVICE_TYPE_CLUSTER (DEVICE_TYPE_REF, CLUSTER_NAME, INCLUDE_CLIENT, INCLUDE_SERVER, LOCK_CLIENT, LOCK_SERVER) VALUES (?,?,?,?,?,?): 139,Time,false,false,false,true => rowid: 1478","v":1}
{"level":30,"time":1589725316992,"pid":31086,"hostname":"localhost.localdomain","msg":"Executed insert: INSERT INTO DEVICE_TYPE_CLUSTER (DEVICE_TYPE_REF, CLUSTER_NAME, INCLUDE_CLIENT, INCLUDE_SERVER, LOCK_CLIENT, LOCK_SERVER) VALUES (?,?,?,?,?,?): 139,Electrical Measurement,false,false,true,false => rowid: 1479","v":1}
{"level":30,"time":1589725316992,"pid":31086,"hostname":"localhost.localdomain","msg":"Executed insert: INSERT INTO DEVICE_TYPE_CLUSTER (DEVICE_TYPE_REF, CLUSTER_NAME, INCLUDE_CLIENT, INCLUDE_SERVER, LOCK_CLIENT, LOCK_SERVER) VALUES (?,?,?,?,?,?): 139,Over the Air Bootloading,false,false,false,false => rowid: 1480","v":1}
{"level":30,"time":1589725316992,"pid":31086,"hostname":"localhost.localdomain","msg":"Executed insert: INSERT INTO DEVICE_TYPE_CLUSTER (DEVICE_TYPE_REF, CLUSTER_NAME, INCLUDE_CLIENT, INCLUDE_SERVER, LOCK_CLIENT, LOCK_SERVER) VALUES (?,?,?,?,?,?): 139,Partition,false,false,false,false => rowid: 1481","v":1}
{"level":30,"time":1589725316992,"pid":31086,"hostname":"localhost.localdomain","msg":"Preparing statement: INSERT INTO DEVICE_TYPE_ATTRIBUTE (DEVICE_TYPE_CLUSTER_REF, ATTRIBUTE_NAME) VALUES (?, ?) to insert 0 records.","v":1}
{"level":30,"time":1589725316992,"pid":31086,"hostname":"localhost.localdomain","msg":"Preparing statement: INSERT INTO DEVICE_TYPE_COMMAND (DEVICE_TYPE_CLUSTER_REF, COMMAND_NAME) VALUES (?, ?) to insert 0 records.","v":1}
{"level":30,"time":1589725316992,"pid":31086,"hostname":"localhost.localdomain","msg":"Executed insert: INSERT INTO DEVICE_TYPE_CLUSTER (DEVICE_TYPE_REF, CLUSTER_NAME, INCLUDE_CLIENT, INCLUDE_SERVER, LOCK_CLIENT, LOCK_SERVER) VALUES (?,?,?,?,?,?): 142,Basic,false,true,true,true => rowid: 1482","v":1}
{"level":30,"time":1589725316992,"pid":31086,"hostname":"localhost.localdomain","msg":"Executed insert: INSERT INTO DEVICE_TYPE_CLUSTER (DEVICE_TYPE_REF, CLUSTER_NAME, INCLUDE_CLIENT, INCLUDE_SERVER, LOCK_CLIENT, LOCK_SERVER) VALUES (?,?,?,?,?,?): 142,Identify,true,true,true,true => rowid: 1483","v":1}
{"level":30,"time":1589725316992,"pid":31086,"hostname":"localhost.localdomain","msg":"Executed insert: INSERT INTO DEVICE_TYPE_CLUSTER (DEVICE_TYPE_REF, CLUSTER_NAME, INCLUDE_CLIENT, INCLUDE_SERVER, LOCK_CLIENT, LOCK_SERVER) VALUES (?,?,?,?,?,?): 142,Power Configuration,false,false,true,false => rowid: 1484","v":1}
{"level":30,"time":1589725316992,"pid":31086,"hostname":"localhost.localdomain","msg":"Executed insert: INSERT INTO DEVICE_TYPE_CLUSTER (DEVICE_TYPE_REF, CLUSTER_NAME, INCLUDE_CLIENT, INCLUDE_SERVER, LOCK_CLIENT, LOCK_SERVER) VALUES (?,?,?,?,?,?): 142,Device Temperature Configuration,false,false,true,false => rowid: 1485","v":1}
{"level":30,"time":1589725316992,"pid":31086,"hostname":"localhost.localdomain","msg":"Executed insert: INSERT INTO DEVICE_TYPE_CLUSTER (DEVICE_TYPE_REF, CLUSTER_NAME, INCLUDE_CLIENT, INCLUDE_SERVER, LOCK_CLIENT, LOCK_SERVER) VALUES (?,?,?,?,?,?): 142,Alarms,false,false,true,false => rowid: 1486","v":1}
{"level":30,"time":1589725316992,"pid":31086,"hostname":"localhost.localdomain","msg":"Executed insert: INSERT INTO DEVICE_TYPE_CLUSTER (DEVICE_TYPE_REF, CLUSTER_NAME, INCLUDE_CLIENT, INCLUDE_SERVER, LOCK_CLIENT, LOCK_SERVER) VALUES (?,?,?,?,?,?): 142,Pressure measurement,false,true,true,true => rowid: 1487","v":1}
{"level":30,"time":1589725316992,"pid":31086,"hostname":"localhost.localdomain","msg":"Executed insert: INSERT INTO DEVICE_TYPE_CLUSTER (DEVICE_TYPE_REF, CLUSTER_NAME, INCLUDE_CLIENT, INCLUDE_SERVER, LOCK_CLIENT, LOCK_SERVER) VALUES (?,?,?,?,?,?): 142,Poll Control,false,false,true,false => rowid: 1488","v":1}
{"level":30,"time":1589725316992,"pid":31086,"hostname":"localhost.localdomain","msg":"Executed insert: INSERT INTO DEVICE_TYPE_CLUSTER (DEVICE_TYPE_REF, CLUSTER_NAME, INCLUDE_CLIENT, INCLUDE_SERVER, LOCK_CLIENT, LOCK_SERVER) VALUES (?,?,?,?,?,?): 142,Electrical Measurement,false,false,true,false => rowid: 1489","v":1}
{"level":30,"time":1589725316992,"pid":31086,"hostname":"localhost.localdomain","msg":"Executed insert: INSERT INTO DEVICE_TYPE_CLUSTER (DEVICE_TYPE_REF, CLUSTER_NAME, INCLUDE_CLIENT, INCLUDE_SERVER, LOCK_CLIENT, LOCK_SERVER) VALUES (?,?,?,?,?,?): 142,Groups,false,false,false,true => rowid: 1490","v":1}
{"level":30,"time":1589725316992,"pid":31086,"hostname":"localhost.localdomain","msg":"Executed insert: INSERT INTO DEVICE_TYPE_CLUSTER (DEVICE_TYPE_REF, CLUSTER_NAME, INCLUDE_CLIENT, INCLUDE_SERVER, LOCK_CLIENT, LOCK_SERVER) VALUES (?,?,?,?,?,?): 142,Time,false,false,false,true => rowid: 1491","v":1}
{"level":30,"time":1589725316992,"pid":31086,"hostname":"localhost.localdomain","msg":"Executed insert: INSERT INTO DEVICE_TYPE_CLUSTER (DEVICE_TYPE_REF, CLUSTER_NAME, INCLUDE_CLIENT, INCLUDE_SERVER, LOCK_CLIENT, LOCK_SERVER) VALUES (?,?,?,?,?,?): 142,Over the Air Bootloading,false,false,false,false => rowid: 1492","v":1}
{"level":30,"time":1589725316992,"pid":31086,"hostname":"localhost.localdomain","msg":"Executed insert: INSERT INTO DEVICE_TYPE_CLUSTER (DEVICE_TYPE_REF, CLUSTER_NAME, INCLUDE_CLIENT, INCLUDE_SERVER, LOCK_CLIENT, LOCK_SERVER) VALUES (?,?,?,?,?,?): 142,Partition,false,false,false,false => rowid: 1493","v":1}
{"level":30,"time":1589725316992,"pid":31086,"hostname":"localhost.localdomain","msg":"Preparing statement: INSERT INTO DEVICE_TYPE_ATTRIBUTE (DEVICE_TYPE_CLUSTER_REF, ATTRIBUTE_NAME) VALUES (?, ?) to insert 0 records.","v":1}
{"level":30,"time":1589725316992,"pid":31086,"hostname":"localhost.localdomain","msg":"Preparing statement: INSERT INTO DEVICE_TYPE_COMMAND (DEVICE_TYPE_CLUSTER_REF, COMMAND_NAME) VALUES (?, ?) to insert 0 records.","v":1}
{"level":30,"time":1589725316992,"pid":31086,"hostname":"localhost.localdomain","msg":"Executed insert: INSERT INTO DEVICE_TYPE_CLUSTER (DEVICE_TYPE_REF, CLUSTER_NAME, INCLUDE_CLIENT, INCLUDE_SERVER, LOCK_CLIENT, LOCK_SERVER) VALUES (?,?,?,?,?,?): 143,Basic,false,true,true,true => rowid: 1494","v":1}
{"level":30,"time":1589725316992,"pid":31086,"hostname":"localhost.localdomain","msg":"Executed insert: INSERT INTO DEVICE_TYPE_CLUSTER (DEVICE_TYPE_REF, CLUSTER_NAME, INCLUDE_CLIENT, INCLUDE_SERVER, LOCK_CLIENT, LOCK_SERVER) VALUES (?,?,?,?,?,?): 143,Identify,true,true,true,true => rowid: 1495","v":1}
{"level":30,"time":1589725316992,"pid":31086,"hostname":"localhost.localdomain","msg":"Executed insert: INSERT INTO DEVICE_TYPE_CLUSTER (DEVICE_TYPE_REF, CLUSTER_NAME, INCLUDE_CLIENT, INCLUDE_SERVER, LOCK_CLIENT, LOCK_SERVER) VALUES (?,?,?,?,?,?): 143,Power Configuration,false,false,true,false => rowid: 1496","v":1}
{"level":30,"time":1589725316992,"pid":31086,"hostname":"localhost.localdomain","msg":"Executed insert: INSERT INTO DEVICE_TYPE_CLUSTER (DEVICE_TYPE_REF, CLUSTER_NAME, INCLUDE_CLIENT, INCLUDE_SERVER, LOCK_CLIENT, LOCK_SERVER) VALUES (?,?,?,?,?,?): 143,Device Temperature Configuration,false,false,true,false => rowid: 1497","v":1}
{"level":30,"time":1589725316992,"pid":31086,"hostname":"localhost.localdomain","msg":"Executed insert: INSERT INTO DEVICE_TYPE_CLUSTER (DEVICE_TYPE_REF, CLUSTER_NAME, INCLUDE_CLIENT, INCLUDE_SERVER, LOCK_CLIENT, LOCK_SERVER) VALUES (?,?,?,?,?,?): 143,Alarms,false,false,true,false => rowid: 1498","v":1}
{"level":30,"time":1589725316992,"pid":31086,"hostname":"localhost.localdomain","msg":"Executed insert: INSERT INTO DEVICE_TYPE_CLUSTER (DEVICE_TYPE_REF, CLUSTER_NAME, INCLUDE_CLIENT, INCLUDE_SERVER, LOCK_CLIENT, LOCK_SERVER) VALUES (?,?,?,?,?,?): 143,Flow measurement,false,true,true,true => rowid: 1499","v":1}
{"level":30,"time":1589725316992,"pid":31086,"hostname":"localhost.localdomain","msg":"Executed insert: INSERT INTO DEVICE_TYPE_CLUSTER (DEVICE_TYPE_REF, CLUSTER_NAME, INCLUDE_CLIENT, INCLUDE_SERVER, LOCK_CLIENT, LOCK_SERVER) VALUES (?,?,?,?,?,?): 143,Groups,false,false,false,true => rowid: 1500","v":1}
{"level":30,"time":1589725316992,"pid":31086,"hostname":"localhost.localdomain","msg":"Executed insert: INSERT INTO DEVICE_TYPE_CLUSTER (DEVICE_TYPE_REF, CLUSTER_NAME, INCLUDE_CLIENT, INCLUDE_SERVER, LOCK_CLIENT, LOCK_SERVER) VALUES (?,?,?,?,?,?): 143,Poll Control,false,false,true,false => rowid: 1501","v":1}
{"level":30,"time":1589725316992,"pid":31086,"hostname":"localhost.localdomain","msg":"Executed insert: INSERT INTO DEVICE_TYPE_CLUSTER (DEVICE_TYPE_REF, CLUSTER_NAME, INCLUDE_CLIENT, INCLUDE_SERVER, LOCK_CLIENT, LOCK_SERVER) VALUES (?,?,?,?,?,?): 143,Electrical Measurement,false,false,true,false => rowid: 1502","v":1}
{"level":30,"time":1589725316992,"pid":31086,"hostname":"localhost.localdomain","msg":"Executed insert: INSERT INTO DEVICE_TYPE_CLUSTER (DEVICE_TYPE_REF, CLUSTER_NAME, INCLUDE_CLIENT, INCLUDE_SERVER, LOCK_CLIENT, LOCK_SERVER) VALUES (?,?,?,?,?,?): 143,Time,false,false,false,true => rowid: 1503","v":1}
{"level":30,"time":1589725316992,"pid":31086,"hostname":"localhost.localdomain","msg":"Executed insert: INSERT INTO DEVICE_TYPE_CLUSTER (DEVICE_TYPE_REF, CLUSTER_NAME, INCLUDE_CLIENT, INCLUDE_SERVER, LOCK_CLIENT, LOCK_SERVER) VALUES (?,?,?,?,?,?): 143,Over the Air Bootloading,false,false,false,false => rowid: 1504","v":1}
{"level":30,"time":1589725316992,"pid":31086,"hostname":"localhost.localdomain","msg":"Executed insert: INSERT INTO DEVICE_TYPE_CLUSTER (DEVICE_TYPE_REF, CLUSTER_NAME, INCLUDE_CLIENT, INCLUDE_SERVER, LOCK_CLIENT, LOCK_SERVER) VALUES (?,?,?,?,?,?): 143,Partition,false,false,false,false => rowid: 1505","v":1}
{"level":30,"time":1589725316992,"pid":31086,"hostname":"localhost.localdomain","msg":"Preparing statement: INSERT INTO DEVICE_TYPE_ATTRIBUTE (DEVICE_TYPE_CLUSTER_REF, ATTRIBUTE_NAME) VALUES (?, ?) to insert 0 records.","v":1}
{"level":30,"time":1589725316992,"pid":31086,"hostname":"localhost.localdomain","msg":"Preparing statement: INSERT INTO DEVICE_TYPE_COMMAND (DEVICE_TYPE_CLUSTER_REF, COMMAND_NAME) VALUES (?, ?) to insert 0 records.","v":1}
{"level":30,"time":1589725316993,"pid":31086,"hostname":"localhost.localdomain","msg":"Executed insert: INSERT INTO DEVICE_TYPE_CLUSTER (DEVICE_TYPE_REF, CLUSTER_NAME, INCLUDE_CLIENT, INCLUDE_SERVER, LOCK_CLIENT, LOCK_SERVER) VALUES (?,?,?,?,?,?): 144,Basic,false,true,true,true => rowid: 1506","v":1}
{"level":30,"time":1589725316993,"pid":31086,"hostname":"localhost.localdomain","msg":"Executed insert: INSERT INTO DEVICE_TYPE_CLUSTER (DEVICE_TYPE_REF, CLUSTER_NAME, INCLUDE_CLIENT, INCLUDE_SERVER, LOCK_CLIENT, LOCK_SERVER) VALUES (?,?,?,?,?,?): 144,Power Configuration,false,false,true,false => rowid: 1507","v":1}
{"level":30,"time":1589725316993,"pid":31086,"hostname":"localhost.localdomain","msg":"Executed insert: INSERT INTO DEVICE_TYPE_CLUSTER (DEVICE_TYPE_REF, CLUSTER_NAME, INCLUDE_CLIENT, INCLUDE_SERVER, LOCK_CLIENT, LOCK_SERVER) VALUES (?,?,?,?,?,?): 144,Device Temperature Configuration,false,false,true,false => rowid: 1508","v":1}
{"level":30,"time":1589725316993,"pid":31086,"hostname":"localhost.localdomain","msg":"Executed insert: INSERT INTO DEVICE_TYPE_CLUSTER (DEVICE_TYPE_REF, CLUSTER_NAME, INCLUDE_CLIENT, INCLUDE_SERVER, LOCK_CLIENT, LOCK_SERVER) VALUES (?,?,?,?,?,?): 144,Identify,true,true,true,true => rowid: 1509","v":1}
{"level":30,"time":1589725316993,"pid":31086,"hostname":"localhost.localdomain","msg":"Executed insert: INSERT INTO DEVICE_TYPE_CLUSTER (DEVICE_TYPE_REF, CLUSTER_NAME, INCLUDE_CLIENT, INCLUDE_SERVER, LOCK_CLIENT, LOCK_SERVER) VALUES (?,?,?,?,?,?): 144,Alarms,false,false,true,false => rowid: 1510","v":1}
{"level":30,"time":1589725316993,"pid":31086,"hostname":"localhost.localdomain","msg":"Executed insert: INSERT INTO DEVICE_TYPE_CLUSTER (DEVICE_TYPE_REF, CLUSTER_NAME, INCLUDE_CLIENT, INCLUDE_SERVER, LOCK_CLIENT, LOCK_SERVER) VALUES (?,?,?,?,?,?): 144,IAS ACE,false,true,true,true => rowid: 1511","v":1}
{"level":30,"time":1589725316993,"pid":31086,"hostname":"localhost.localdomain","msg":"Executed insert: INSERT INTO DEVICE_TYPE_CLUSTER (DEVICE_TYPE_REF, CLUSTER_NAME, INCLUDE_CLIENT, INCLUDE_SERVER, LOCK_CLIENT, LOCK_SERVER) VALUES (?,?,?,?,?,?): 144,IAS WD,true,false,true,true => rowid: 1512","v":1}
{"level":30,"time":1589725316993,"pid":31086,"hostname":"localhost.localdomain","msg":"Executed insert: INSERT INTO DEVICE_TYPE_CLUSTER (DEVICE_TYPE_REF, CLUSTER_NAME, INCLUDE_CLIENT, INCLUDE_SERVER, LOCK_CLIENT, LOCK_SERVER) VALUES (?,?,?,?,?,?): 144,IAS Zone,true,false,true,true => rowid: 1513","v":1}
{"level":30,"time":1589725316993,"pid":31086,"hostname":"localhost.localdomain","msg":"Executed insert: INSERT INTO DEVICE_TYPE_CLUSTER (DEVICE_TYPE_REF, CLUSTER_NAME, INCLUDE_CLIENT, INCLUDE_SERVER, LOCK_CLIENT, LOCK_SERVER) VALUES (?,?,?,?,?,?): 144,Scenes,false,false,false,true => rowid: 1514","v":1}
{"level":30,"time":1589725316993,"pid":31086,"hostname":"localhost.localdomain","msg":"Executed insert: INSERT INTO DEVICE_TYPE_CLUSTER (DEVICE_TYPE_REF, CLUSTER_NAME, INCLUDE_CLIENT, INCLUDE_SERVER, LOCK_CLIENT, LOCK_SERVER) VALUES (?,?,?,?,?,?): 144,Groups,false,false,false,true => rowid: 1515","v":1}
{"level":30,"time":1589725316993,"pid":31086,"hostname":"localhost.localdomain","msg":"Executed insert: INSERT INTO DEVICE_TYPE_CLUSTER (DEVICE_TYPE_REF, CLUSTER_NAME, INCLUDE_CLIENT, INCLUDE_SERVER, LOCK_CLIENT, LOCK_SERVER) VALUES (?,?,?,?,?,?): 144,Poll Control,false,false,true,false => rowid: 1516","v":1}
{"level":30,"time":1589725316993,"pid":31086,"hostname":"localhost.localdomain","msg":"Executed insert: INSERT INTO DEVICE_TYPE_CLUSTER (DEVICE_TYPE_REF, CLUSTER_NAME, INCLUDE_CLIENT, INCLUDE_SERVER, LOCK_CLIENT, LOCK_SERVER) VALUES (?,?,?,?,?,?): 144,Electrical Measurement,false,false,true,false => rowid: 1517","v":1}
{"level":30,"time":1589725316993,"pid":31086,"hostname":"localhost.localdomain","msg":"Executed insert: INSERT INTO DEVICE_TYPE_CLUSTER (DEVICE_TYPE_REF, CLUSTER_NAME, INCLUDE_CLIENT, INCLUDE_SERVER, LOCK_CLIENT, LOCK_SERVER) VALUES (?,?,?,?,?,?): 144,Time,false,false,false,true => rowid: 1518","v":1}
{"level":30,"time":1589725316993,"pid":31086,"hostname":"localhost.localdomain","msg":"Executed insert: INSERT INTO DEVICE_TYPE_CLUSTER (DEVICE_TYPE_REF, CLUSTER_NAME, INCLUDE_CLIENT, INCLUDE_SERVER, LOCK_CLIENT, LOCK_SERVER) VALUES (?,?,?,?,?,?): 144,Over the Air Bootloading,false,false,false,false => rowid: 1519","v":1}
{"level":30,"time":1589725316993,"pid":31086,"hostname":"localhost.localdomain","msg":"Executed insert: INSERT INTO DEVICE_TYPE_CLUSTER (DEVICE_TYPE_REF, CLUSTER_NAME, INCLUDE_CLIENT, INCLUDE_SERVER, LOCK_CLIENT, LOCK_SERVER) VALUES (?,?,?,?,?,?): 144,Partition,false,false,false,false => rowid: 1520","v":1}
{"level":30,"time":1589725316993,"pid":31086,"hostname":"localhost.localdomain","msg":"Preparing statement: INSERT INTO DEVICE_TYPE_ATTRIBUTE (DEVICE_TYPE_CLUSTER_REF, ATTRIBUTE_NAME) VALUES (?, ?) to insert 0 records.","v":1}
{"level":30,"time":1589725316993,"pid":31086,"hostname":"localhost.localdomain","msg":"Preparing statement: INSERT INTO DEVICE_TYPE_COMMAND (DEVICE_TYPE_CLUSTER_REF, COMMAND_NAME) VALUES (?, ?) to insert 0 records.","v":1}
{"level":30,"time":1589725316993,"pid":31086,"hostname":"localhost.localdomain","msg":"Executed insert: INSERT INTO DEVICE_TYPE_CLUSTER (DEVICE_TYPE_REF, CLUSTER_NAME, INCLUDE_CLIENT, INCLUDE_SERVER, LOCK_CLIENT, LOCK_SERVER) VALUES (?,?,?,?,?,?): 145,Basic,false,true,true,true => rowid: 1521","v":1}
{"level":30,"time":1589725316993,"pid":31086,"hostname":"localhost.localdomain","msg":"Executed insert: INSERT INTO DEVICE_TYPE_CLUSTER (DEVICE_TYPE_REF, CLUSTER_NAME, INCLUDE_CLIENT, INCLUDE_SERVER, LOCK_CLIENT, LOCK_SERVER) VALUES (?,?,?,?,?,?): 145,Identify,true,true,true,true => rowid: 1522","v":1}
{"level":30,"time":1589725316993,"pid":31086,"hostname":"localhost.localdomain","msg":"Executed insert: INSERT INTO DEVICE_TYPE_CLUSTER (DEVICE_TYPE_REF, CLUSTER_NAME, INCLUDE_CLIENT, INCLUDE_SERVER, LOCK_CLIENT, LOCK_SERVER) VALUES (?,?,?,?,?,?): 145,Power Configuration,false,false,true,false => rowid: 1523","v":1}
{"level":30,"time":1589725316993,"pid":31086,"hostname":"localhost.localdomain","msg":"Executed insert: INSERT INTO DEVICE_TYPE_CLUSTER (DEVICE_TYPE_REF, CLUSTER_NAME, INCLUDE_CLIENT, INCLUDE_SERVER, LOCK_CLIENT, LOCK_SERVER) VALUES (?,?,?,?,?,?): 145,Device Temperature Configuration,false,false,true,false => rowid: 1524","v":1}
{"level":30,"time":1589725316993,"pid":31086,"hostname":"localhost.localdomain","msg":"Executed insert: INSERT INTO DEVICE_TYPE_CLUSTER (DEVICE_TYPE_REF, CLUSTER_NAME, INCLUDE_CLIENT, INCLUDE_SERVER, LOCK_CLIENT, LOCK_SERVER) VALUES (?,?,?,?,?,?): 145,Alarms,false,false,true,false => rowid: 1525","v":1}
{"level":30,"time":1589725316993,"pid":31086,"hostname":"localhost.localdomain","msg":"Executed insert: INSERT INTO DEVICE_TYPE_CLUSTER (DEVICE_TYPE_REF, CLUSTER_NAME, INCLUDE_CLIENT, INCLUDE_SERVER, LOCK_CLIENT, LOCK_SERVER) VALUES (?,?,?,?,?,?): 145,IAS Zone,false,true,true,true => rowid: 1526","v":1}
{"level":30,"time":1589725316993,"pid":31086,"hostname":"localhost.localdomain","msg":"Executed insert: INSERT INTO DEVICE_TYPE_CLUSTER (DEVICE_TYPE_REF, CLUSTER_NAME, INCLUDE_CLIENT, INCLUDE_SERVER, LOCK_CLIENT, LOCK_SERVER) VALUES (?,?,?,?,?,?): 145,IAS ACE,true,false,true,true => rowid: 1527","v":1}
{"level":30,"time":1589725316993,"pid":31086,"hostname":"localhost.localdomain","msg":"Executed insert: INSERT INTO DEVICE_TYPE_CLUSTER (DEVICE_TYPE_REF, CLUSTER_NAME, INCLUDE_CLIENT, INCLUDE_SERVER, LOCK_CLIENT, LOCK_SERVER) VALUES (?,?,?,?,?,?): 145,Poll Control,false,false,true,false => rowid: 1528","v":1}
{"level":30,"time":1589725316993,"pid":31086,"hostname":"localhost.localdomain","msg":"Executed insert: INSERT INTO DEVICE_TYPE_CLUSTER (DEVICE_TYPE_REF, CLUSTER_NAME, INCLUDE_CLIENT, INCLUDE_SERVER, LOCK_CLIENT, LOCK_SERVER) VALUES (?,?,?,?,?,?): 145,Electrical Measurement,false,false,true,false => rowid: 1529","v":1}
{"level":30,"time":1589725316993,"pid":31086,"hostname":"localhost.localdomain","msg":"Executed insert: INSERT INTO DEVICE_TYPE_CLUSTER (DEVICE_TYPE_REF, CLUSTER_NAME, INCLUDE_CLIENT, INCLUDE_SERVER, LOCK_CLIENT, LOCK_SERVER) VALUES (?,?,?,?,?,?): 145,Time,false,false,false,true => rowid: 1530","v":1}
{"level":30,"time":1589725316993,"pid":31086,"hostname":"localhost.localdomain","msg":"Executed insert: INSERT INTO DEVICE_TYPE_CLUSTER (DEVICE_TYPE_REF, CLUSTER_NAME, INCLUDE_CLIENT, INCLUDE_SERVER, LOCK_CLIENT, LOCK_SERVER) VALUES (?,?,?,?,?,?): 145,Over the Air Bootloading,false,false,false,false => rowid: 1531","v":1}
{"level":30,"time":1589725316993,"pid":31086,"hostname":"localhost.localdomain","msg":"Executed insert: INSERT INTO DEVICE_TYPE_CLUSTER (DEVICE_TYPE_REF, CLUSTER_NAME, INCLUDE_CLIENT, INCLUDE_SERVER, LOCK_CLIENT, LOCK_SERVER) VALUES (?,?,?,?,?,?): 145,Partition,false,false,false,false => rowid: 1532","v":1}
{"level":30,"time":1589725316993,"pid":31086,"hostname":"localhost.localdomain","msg":"Preparing statement: INSERT INTO DEVICE_TYPE_ATTRIBUTE (DEVICE_TYPE_CLUSTER_REF, ATTRIBUTE_NAME) VALUES (?, ?) to insert 0 records.","v":1}
{"level":30,"time":1589725316993,"pid":31086,"hostname":"localhost.localdomain","msg":"Preparing statement: INSERT INTO DEVICE_TYPE_COMMAND (DEVICE_TYPE_CLUSTER_REF, COMMAND_NAME) VALUES (?, ?) to insert 0 records.","v":1}
{"level":30,"time":1589725316993,"pid":31086,"hostname":"localhost.localdomain","msg":"Executed insert: INSERT INTO DEVICE_TYPE_CLUSTER (DEVICE_TYPE_REF, CLUSTER_NAME, INCLUDE_CLIENT, INCLUDE_SERVER, LOCK_CLIENT, LOCK_SERVER) VALUES (?,?,?,?,?,?): 146,Basic,false,true,true,true => rowid: 1533","v":1}
{"level":30,"time":1589725316993,"pid":31086,"hostname":"localhost.localdomain","msg":"Executed insert: INSERT INTO DEVICE_TYPE_CLUSTER (DEVICE_TYPE_REF, CLUSTER_NAME, INCLUDE_CLIENT, INCLUDE_SERVER, LOCK_CLIENT, LOCK_SERVER) VALUES (?,?,?,?,?,?): 146,Identify,true,true,true,true => rowid: 1534","v":1}
{"level":30,"time":1589725316993,"pid":31086,"hostname":"localhost.localdomain","msg":"Executed insert: INSERT INTO DEVICE_TYPE_CLUSTER (DEVICE_TYPE_REF, CLUSTER_NAME, INCLUDE_CLIENT, INCLUDE_SERVER, LOCK_CLIENT, LOCK_SERVER) VALUES (?,?,?,?,?,?): 146,Power Configuration,false,false,true,false => rowid: 1535","v":1}
{"level":30,"time":1589725316993,"pid":31086,"hostname":"localhost.localdomain","msg":"Executed insert: INSERT INTO DEVICE_TYPE_CLUSTER (DEVICE_TYPE_REF, CLUSTER_NAME, INCLUDE_CLIENT, INCLUDE_SERVER, LOCK_CLIENT, LOCK_SERVER) VALUES (?,?,?,?,?,?): 146,Device Temperature Configuration,false,false,true,false => rowid: 1536","v":1}
{"level":30,"time":1589725316993,"pid":31086,"hostname":"localhost.localdomain","msg":"Executed insert: INSERT INTO DEVICE_TYPE_CLUSTER (DEVICE_TYPE_REF, CLUSTER_NAME, INCLUDE_CLIENT, INCLUDE_SERVER, LOCK_CLIENT, LOCK_SERVER) VALUES (?,?,?,?,?,?): 146,Alarms,false,false,true,false => rowid: 1537","v":1}
{"level":30,"time":1589725316993,"pid":31086,"hostname":"localhost.localdomain","msg":"Executed insert: INSERT INTO DEVICE_TYPE_CLUSTER (DEVICE_TYPE_REF, CLUSTER_NAME, INCLUDE_CLIENT, INCLUDE_SERVER, LOCK_CLIENT, LOCK_SERVER) VALUES (?,?,?,?,?,?): 146,IAS Zone,false,true,true,true => rowid: 1538","v":1}
{"level":30,"time":1589725316993,"pid":31086,"hostname":"localhost.localdomain","msg":"Executed insert: INSERT INTO DEVICE_TYPE_CLUSTER (DEVICE_TYPE_REF, CLUSTER_NAME, INCLUDE_CLIENT, INCLUDE_SERVER, LOCK_CLIENT, LOCK_SERVER) VALUES (?,?,?,?,?,?): 146,Poll Control,false,false,true,false => rowid: 1539","v":1}
{"level":30,"time":1589725316993,"pid":31086,"hostname":"localhost.localdomain","msg":"Executed insert: INSERT INTO DEVICE_TYPE_CLUSTER (DEVICE_TYPE_REF, CLUSTER_NAME, INCLUDE_CLIENT, INCLUDE_SERVER, LOCK_CLIENT, LOCK_SERVER) VALUES (?,?,?,?,?,?): 146,Electrical Measurement,false,false,true,false => rowid: 1540","v":1}
{"level":30,"time":1589725316993,"pid":31086,"hostname":"localhost.localdomain","msg":"Executed insert: INSERT INTO DEVICE_TYPE_CLUSTER (DEVICE_TYPE_REF, CLUSTER_NAME, INCLUDE_CLIENT, INCLUDE_SERVER, LOCK_CLIENT, LOCK_SERVER) VALUES (?,?,?,?,?,?): 146,Time,false,false,false,true => rowid: 1541","v":1}
{"level":30,"time":1589725316994,"pid":31086,"hostname":"localhost.localdomain","msg":"Executed insert: INSERT INTO DEVICE_TYPE_CLUSTER (DEVICE_TYPE_REF, CLUSTER_NAME, INCLUDE_CLIENT, INCLUDE_SERVER, LOCK_CLIENT, LOCK_SERVER) VALUES (?,?,?,?,?,?): 146,Over the Air Bootloading,false,false,false,false => rowid: 1542","v":1}
{"level":30,"time":1589725316994,"pid":31086,"hostname":"localhost.localdomain","msg":"Executed insert: INSERT INTO DEVICE_TYPE_CLUSTER (DEVICE_TYPE_REF, CLUSTER_NAME, INCLUDE_CLIENT, INCLUDE_SERVER, LOCK_CLIENT, LOCK_SERVER) VALUES (?,?,?,?,?,?): 146,Partition,false,false,false,false => rowid: 1543","v":1}
{"level":30,"time":1589725316994,"pid":31086,"hostname":"localhost.localdomain","msg":"Preparing statement: INSERT INTO DEVICE_TYPE_ATTRIBUTE (DEVICE_TYPE_CLUSTER_REF, ATTRIBUTE_NAME) VALUES (?, ?) to insert 0 records.","v":1}
{"level":30,"time":1589725316994,"pid":31086,"hostname":"localhost.localdomain","msg":"Preparing statement: INSERT INTO DEVICE_TYPE_COMMAND (DEVICE_TYPE_CLUSTER_REF, COMMAND_NAME) VALUES (?, ?) to insert 0 records.","v":1}
{"level":30,"time":1589725316994,"pid":31086,"hostname":"localhost.localdomain","msg":"Executed insert: INSERT INTO DEVICE_TYPE_CLUSTER (DEVICE_TYPE_REF, CLUSTER_NAME, INCLUDE_CLIENT, INCLUDE_SERVER, LOCK_CLIENT, LOCK_SERVER) VALUES (?,?,?,?,?,?): 147,Basic,false,true,true,true => rowid: 1544","v":1}
{"level":30,"time":1589725316994,"pid":31086,"hostname":"localhost.localdomain","msg":"Executed insert: INSERT INTO DEVICE_TYPE_CLUSTER (DEVICE_TYPE_REF, CLUSTER_NAME, INCLUDE_CLIENT, INCLUDE_SERVER, LOCK_CLIENT, LOCK_SERVER) VALUES (?,?,?,?,?,?): 147,Identify,true,true,true,true => rowid: 1545","v":1}
{"level":30,"time":1589725316994,"pid":31086,"hostname":"localhost.localdomain","msg":"Executed insert: INSERT INTO DEVICE_TYPE_CLUSTER (DEVICE_TYPE_REF, CLUSTER_NAME, INCLUDE_CLIENT, INCLUDE_SERVER, LOCK_CLIENT, LOCK_SERVER) VALUES (?,?,?,?,?,?): 147,Power Configuration,false,false,true,false => rowid: 1546","v":1}
{"level":30,"time":1589725316994,"pid":31086,"hostname":"localhost.localdomain","msg":"Executed insert: INSERT INTO DEVICE_TYPE_CLUSTER (DEVICE_TYPE_REF, CLUSTER_NAME, INCLUDE_CLIENT, INCLUDE_SERVER, LOCK_CLIENT, LOCK_SERVER) VALUES (?,?,?,?,?,?): 147,Device Temperature Configuration,false,false,true,false => rowid: 1547","v":1}
{"level":30,"time":1589725316994,"pid":31086,"hostname":"localhost.localdomain","msg":"Executed insert: INSERT INTO DEVICE_TYPE_CLUSTER (DEVICE_TYPE_REF, CLUSTER_NAME, INCLUDE_CLIENT, INCLUDE_SERVER, LOCK_CLIENT, LOCK_SERVER) VALUES (?,?,?,?,?,?): 147,Alarms,false,false,true,false => rowid: 1548","v":1}
{"level":30,"time":1589725316994,"pid":31086,"hostname":"localhost.localdomain","msg":"Executed insert: INSERT INTO DEVICE_TYPE_CLUSTER (DEVICE_TYPE_REF, CLUSTER_NAME, INCLUDE_CLIENT, INCLUDE_SERVER, LOCK_CLIENT, LOCK_SERVER) VALUES (?,?,?,?,?,?): 147,IAS Zone,false,true,true,true => rowid: 1549","v":1}
{"level":30,"time":1589725316994,"pid":31086,"hostname":"localhost.localdomain","msg":"Executed insert: INSERT INTO DEVICE_TYPE_CLUSTER (DEVICE_TYPE_REF, CLUSTER_NAME, INCLUDE_CLIENT, INCLUDE_SERVER, LOCK_CLIENT, LOCK_SERVER) VALUES (?,?,?,?,?,?): 147,Scenes,false,false,true,false => rowid: 1550","v":1}
{"level":30,"time":1589725316994,"pid":31086,"hostname":"localhost.localdomain","msg":"Executed insert: INSERT INTO DEVICE_TYPE_CLUSTER (DEVICE_TYPE_REF, CLUSTER_NAME, INCLUDE_CLIENT, INCLUDE_SERVER, LOCK_CLIENT, LOCK_SERVER) VALUES (?,?,?,?,?,?): 147,Groups,false,false,true,false => rowid: 1551","v":1}
{"level":30,"time":1589725316994,"pid":31086,"hostname":"localhost.localdomain","msg":"Executed insert: INSERT INTO DEVICE_TYPE_CLUSTER (DEVICE_TYPE_REF, CLUSTER_NAME, INCLUDE_CLIENT, INCLUDE_SERVER, LOCK_CLIENT, LOCK_SERVER) VALUES (?,?,?,?,?,?): 147,Electrical Measurement,false,false,true,false => rowid: 1552","v":1}
{"level":30,"time":1589725316994,"pid":31086,"hostname":"localhost.localdomain","msg":"Executed insert: INSERT INTO DEVICE_TYPE_CLUSTER (DEVICE_TYPE_REF, CLUSTER_NAME, INCLUDE_CLIENT, INCLUDE_SERVER, LOCK_CLIENT, LOCK_SERVER) VALUES (?,?,?,?,?,?): 147,Time,false,false,false,true => rowid: 1553","v":1}
{"level":30,"time":1589725316994,"pid":31086,"hostname":"localhost.localdomain","msg":"Executed insert: INSERT INTO DEVICE_TYPE_CLUSTER (DEVICE_TYPE_REF, CLUSTER_NAME, INCLUDE_CLIENT, INCLUDE_SERVER, LOCK_CLIENT, LOCK_SERVER) VALUES (?,?,?,?,?,?): 147,IAS WD,false,true,true,true => rowid: 1554","v":1}
{"level":30,"time":1589725316994,"pid":31086,"hostname":"localhost.localdomain","msg":"Executed insert: INSERT INTO DEVICE_TYPE_CLUSTER (DEVICE_TYPE_REF, CLUSTER_NAME, INCLUDE_CLIENT, INCLUDE_SERVER, LOCK_CLIENT, LOCK_SERVER) VALUES (?,?,?,?,?,?): 147,Poll Control,false,false,true,false => rowid: 1555","v":1}
{"level":30,"time":1589725316994,"pid":31086,"hostname":"localhost.localdomain","msg":"Executed insert: INSERT INTO DEVICE_TYPE_CLUSTER (DEVICE_TYPE_REF, CLUSTER_NAME, INCLUDE_CLIENT, INCLUDE_SERVER, LOCK_CLIENT, LOCK_SERVER) VALUES (?,?,?,?,?,?): 147,Over the Air Bootloading,false,false,false,false => rowid: 1556","v":1}
{"level":30,"time":1589725316994,"pid":31086,"hostname":"localhost.localdomain","msg":"Executed insert: INSERT INTO DEVICE_TYPE_CLUSTER (DEVICE_TYPE_REF, CLUSTER_NAME, INCLUDE_CLIENT, INCLUDE_SERVER, LOCK_CLIENT, LOCK_SERVER) VALUES (?,?,?,?,?,?): 148,Basic,false,true,true,true => rowid: 1557","v":1}
{"level":30,"time":1589725316994,"pid":31086,"hostname":"localhost.localdomain","msg":"Executed insert: INSERT INTO DEVICE_TYPE_CLUSTER (DEVICE_TYPE_REF, CLUSTER_NAME, INCLUDE_CLIENT, INCLUDE_SERVER, LOCK_CLIENT, LOCK_SERVER) VALUES (?,?,?,?,?,?): 147,Partition,false,false,false,false => rowid: 1558","v":1}
{"level":30,"time":1589725316994,"pid":31086,"hostname":"localhost.localdomain","msg":"Preparing statement: INSERT INTO DEVICE_TYPE_ATTRIBUTE (DEVICE_TYPE_CLUSTER_REF, ATTRIBUTE_NAME) VALUES (?, ?) to insert 0 records.","v":1}
{"level":30,"time":1589725316994,"pid":31086,"hostname":"localhost.localdomain","msg":"Preparing statement: INSERT INTO DEVICE_TYPE_COMMAND (DEVICE_TYPE_CLUSTER_REF, COMMAND_NAME) VALUES (?, ?) to insert 0 records.","v":1}
{"level":30,"time":1589725316994,"pid":31086,"hostname":"localhost.localdomain","msg":"Executed insert: INSERT INTO DEVICE_TYPE_CLUSTER (DEVICE_TYPE_REF, CLUSTER_NAME, INCLUDE_CLIENT, INCLUDE_SERVER, LOCK_CLIENT, LOCK_SERVER) VALUES (?,?,?,?,?,?): 148,Identify,true,true,true,true => rowid: 1559","v":1}
{"level":30,"time":1589725316994,"pid":31086,"hostname":"localhost.localdomain","msg":"Executed insert: INSERT INTO DEVICE_TYPE_CLUSTER (DEVICE_TYPE_REF, CLUSTER_NAME, INCLUDE_CLIENT, INCLUDE_SERVER, LOCK_CLIENT, LOCK_SERVER) VALUES (?,?,?,?,?,?): 148,Power Configuration,false,false,true,false => rowid: 1560","v":1}
{"level":30,"time":1589725316994,"pid":31086,"hostname":"localhost.localdomain","msg":"Executed insert: INSERT INTO DEVICE_TYPE_CLUSTER (DEVICE_TYPE_REF, CLUSTER_NAME, INCLUDE_CLIENT, INCLUDE_SERVER, LOCK_CLIENT, LOCK_SERVER) VALUES (?,?,?,?,?,?): 148,Device Temperature Configuration,false,false,true,false => rowid: 1561","v":1}
{"level":30,"time":1589725316994,"pid":31086,"hostname":"localhost.localdomain","msg":"Executed insert: INSERT INTO DEVICE_TYPE_CLUSTER (DEVICE_TYPE_REF, CLUSTER_NAME, INCLUDE_CLIENT, INCLUDE_SERVER, LOCK_CLIENT, LOCK_SERVER) VALUES (?,?,?,?,?,?): 148,Alarms,false,false,true,false => rowid: 1562","v":1}
{"level":30,"time":1589725316994,"pid":31086,"hostname":"localhost.localdomain","msg":"Executed insert: INSERT INTO DEVICE_TYPE_CLUSTER (DEVICE_TYPE_REF, CLUSTER_NAME, INCLUDE_CLIENT, INCLUDE_SERVER, LOCK_CLIENT, LOCK_SERVER) VALUES (?,?,?,?,?,?): 148,Poll Control,false,false,true,false => rowid: 1563","v":1}
{"level":30,"time":1589725316994,"pid":31086,"hostname":"localhost.localdomain","msg":"Executed insert: INSERT INTO DEVICE_TYPE_CLUSTER (DEVICE_TYPE_REF, CLUSTER_NAME, INCLUDE_CLIENT, INCLUDE_SERVER, LOCK_CLIENT, LOCK_SERVER) VALUES (?,?,?,?,?,?): 148,Electrical Measurement,false,false,true,false => rowid: 1564","v":1}
{"level":30,"time":1589725316994,"pid":31086,"hostname":"localhost.localdomain","msg":"Executed insert: INSERT INTO DEVICE_TYPE_CLUSTER (DEVICE_TYPE_REF, CLUSTER_NAME, INCLUDE_CLIENT, INCLUDE_SERVER, LOCK_CLIENT, LOCK_SERVER) VALUES (?,?,?,?,?,?): 148,Time,false,false,false,true => rowid: 1565","v":1}
{"level":30,"time":1589725316994,"pid":31086,"hostname":"localhost.localdomain","msg":"Executed insert: INSERT INTO DEVICE_TYPE_CLUSTER (DEVICE_TYPE_REF, CLUSTER_NAME, INCLUDE_CLIENT, INCLUDE_SERVER, LOCK_CLIENT, LOCK_SERVER) VALUES (?,?,?,?,?,?): 148,Simple Metering,false,true,false,true => rowid: 1566","v":1}
{"level":30,"time":1589725316994,"pid":31086,"hostname":"localhost.localdomain","msg":"Executed insert: INSERT INTO DEVICE_TYPE_CLUSTER (DEVICE_TYPE_REF, CLUSTER_NAME, INCLUDE_CLIENT, INCLUDE_SERVER, LOCK_CLIENT, LOCK_SERVER) VALUES (?,?,?,?,?,?): 148,Over the Air Bootloading,false,false,false,false => rowid: 1567","v":1}
{"level":30,"time":1589725316994,"pid":31086,"hostname":"localhost.localdomain","msg":"Executed insert: INSERT INTO DEVICE_TYPE_CLUSTER (DEVICE_TYPE_REF, CLUSTER_NAME, INCLUDE_CLIENT, INCLUDE_SERVER, LOCK_CLIENT, LOCK_SERVER) VALUES (?,?,?,?,?,?): 148,Partition,false,false,false,false => rowid: 1568","v":1}
{"level":30,"time":1589725316994,"pid":31086,"hostname":"localhost.localdomain","msg":"Preparing statement: INSERT INTO DEVICE_TYPE_ATTRIBUTE (DEVICE_TYPE_CLUSTER_REF, ATTRIBUTE_NAME) VALUES (?, ?) to insert 0 records.","v":1}
{"level":30,"time":1589725316995,"pid":31086,"hostname":"localhost.localdomain","msg":"Preparing statement: INSERT INTO DEVICE_TYPE_COMMAND (DEVICE_TYPE_CLUSTER_REF, COMMAND_NAME) VALUES (?, ?) to insert 0 records.","v":1}
{"level":30,"time":1589725316995,"pid":31086,"hostname":"localhost.localdomain","msg":"Executed insert: INSERT INTO DEVICE_TYPE_CLUSTER (DEVICE_TYPE_REF, CLUSTER_NAME, INCLUDE_CLIENT, INCLUDE_SERVER, LOCK_CLIENT, LOCK_SERVER) VALUES (?,?,?,?,?,?): 149,Basic,false,true,true,true => rowid: 1569","v":1}
{"level":30,"time":1589725316995,"pid":31086,"hostname":"localhost.localdomain","msg":"Executed insert: INSERT INTO DEVICE_TYPE_CLUSTER (DEVICE_TYPE_REF, CLUSTER_NAME, INCLUDE_CLIENT, INCLUDE_SERVER, LOCK_CLIENT, LOCK_SERVER) VALUES (?,?,?,?,?,?): 149,Identify,true,true,true,true => rowid: 1570","v":1}
{"level":30,"time":1589725316995,"pid":31086,"hostname":"localhost.localdomain","msg":"Executed insert: INSERT INTO DEVICE_TYPE_CLUSTER (DEVICE_TYPE_REF, CLUSTER_NAME, INCLUDE_CLIENT, INCLUDE_SERVER, LOCK_CLIENT, LOCK_SERVER) VALUES (?,?,?,?,?,?): 149,Power Configuration,false,false,true,false => rowid: 1571","v":1}
{"level":30,"time":1589725316995,"pid":31086,"hostname":"localhost.localdomain","msg":"Executed insert: INSERT INTO DEVICE_TYPE_CLUSTER (DEVICE_TYPE_REF, CLUSTER_NAME, INCLUDE_CLIENT, INCLUDE_SERVER, LOCK_CLIENT, LOCK_SERVER) VALUES (?,?,?,?,?,?): 149,Device Temperature Configuration,false,false,true,false => rowid: 1572","v":1}
{"level":30,"time":1589725316995,"pid":31086,"hostname":"localhost.localdomain","msg":"Executed insert: INSERT INTO DEVICE_TYPE_CLUSTER (DEVICE_TYPE_REF, CLUSTER_NAME, INCLUDE_CLIENT, INCLUDE_SERVER, LOCK_CLIENT, LOCK_SERVER) VALUES (?,?,?,?,?,?): 149,Alarms,false,false,true,false => rowid: 1573","v":1}
{"level":30,"time":1589725316995,"pid":31086,"hostname":"localhost.localdomain","msg":"Executed insert: INSERT INTO DEVICE_TYPE_CLUSTER (DEVICE_TYPE_REF, CLUSTER_NAME, INCLUDE_CLIENT, INCLUDE_SERVER, LOCK_CLIENT, LOCK_SERVER) VALUES (?,?,?,?,?,?): 149,Poll Control,false,false,true,false => rowid: 1574","v":1}
{"level":30,"time":1589725316995,"pid":31086,"hostname":"localhost.localdomain","msg":"Executed insert: INSERT INTO DEVICE_TYPE_CLUSTER (DEVICE_TYPE_REF, CLUSTER_NAME, INCLUDE_CLIENT, INCLUDE_SERVER, LOCK_CLIENT, LOCK_SERVER) VALUES (?,?,?,?,?,?): 149,Electrical Measurement,false,false,true,false => rowid: 1575","v":1}
{"level":30,"time":1589725316995,"pid":31086,"hostname":"localhost.localdomain","msg":"Executed insert: INSERT INTO DEVICE_TYPE_CLUSTER (DEVICE_TYPE_REF, CLUSTER_NAME, INCLUDE_CLIENT, INCLUDE_SERVER, LOCK_CLIENT, LOCK_SERVER) VALUES (?,?,?,?,?,?): 149,Time,false,true,false,true => rowid: 1576","v":1}
{"level":30,"time":1589725316995,"pid":31086,"hostname":"localhost.localdomain","msg":"Executed insert: INSERT INTO DEVICE_TYPE_CLUSTER (DEVICE_TYPE_REF, CLUSTER_NAME, INCLUDE_CLIENT, INCLUDE_SERVER, LOCK_CLIENT, LOCK_SERVER) VALUES (?,?,?,?,?,?): 149,Simple Metering,true,false,true,false => rowid: 1577","v":1}
{"level":30,"time":1589725316995,"pid":31086,"hostname":"localhost.localdomain","msg":"Executed insert: INSERT INTO DEVICE_TYPE_CLUSTER (DEVICE_TYPE_REF, CLUSTER_NAME, INCLUDE_CLIENT, INCLUDE_SERVER, LOCK_CLIENT, LOCK_SERVER) VALUES (?,?,?,?,?,?): 149,Meter Identification,true,false,true,true => rowid: 1578","v":1}
{"level":30,"time":1589725316995,"pid":31086,"hostname":"localhost.localdomain","msg":"Executed insert: INSERT INTO DEVICE_TYPE_CLUSTER (DEVICE_TYPE_REF, CLUSTER_NAME, INCLUDE_CLIENT, INCLUDE_SERVER, LOCK_CLIENT, LOCK_SERVER) VALUES (?,?,?,?,?,?): 149,Power Profile,true,false,true,true => rowid: 1579","v":1}
{"level":30,"time":1589725316995,"pid":31086,"hostname":"localhost.localdomain","msg":"Executed insert: INSERT INTO DEVICE_TYPE_CLUSTER (DEVICE_TYPE_REF, CLUSTER_NAME, INCLUDE_CLIENT, INCLUDE_SERVER, LOCK_CLIENT, LOCK_SERVER) VALUES (?,?,?,?,?,?): 149,Appliance Statistics,true,false,true,true => rowid: 1580","v":1}
{"level":30,"time":1589725316995,"pid":31086,"hostname":"localhost.localdomain","msg":"Executed insert: INSERT INTO DEVICE_TYPE_CLUSTER (DEVICE_TYPE_REF, CLUSTER_NAME, INCLUDE_CLIENT, INCLUDE_SERVER, LOCK_CLIENT, LOCK_SERVER) VALUES (?,?,?,?,?,?): 149,Appliance Control,false,false,false,true => rowid: 1581","v":1}
{"level":30,"time":1589725316995,"pid":31086,"hostname":"localhost.localdomain","msg":"Executed insert: INSERT INTO DEVICE_TYPE_CLUSTER (DEVICE_TYPE_REF, CLUSTER_NAME, INCLUDE_CLIENT, INCLUDE_SERVER, LOCK_CLIENT, LOCK_SERVER) VALUES (?,?,?,?,?,?): 149,Appliance Identification,false,false,false,true => rowid: 1582","v":1}
{"level":30,"time":1589725316995,"pid":31086,"hostname":"localhost.localdomain","msg":"Executed insert: INSERT INTO DEVICE_TYPE_CLUSTER (DEVICE_TYPE_REF, CLUSTER_NAME, INCLUDE_CLIENT, INCLUDE_SERVER, LOCK_CLIENT, LOCK_SERVER) VALUES (?,?,?,?,?,?): 149,Appliance Events and Alert,false,false,false,true => rowid: 1583","v":1}
{"level":30,"time":1589725316995,"pid":31086,"hostname":"localhost.localdomain","msg":"Executed insert: INSERT INTO DEVICE_TYPE_CLUSTER (DEVICE_TYPE_REF, CLUSTER_NAME, INCLUDE_CLIENT, INCLUDE_SERVER, LOCK_CLIENT, LOCK_SERVER) VALUES (?,?,?,?,?,?): 149,Price,false,false,false,true => rowid: 1584","v":1}
{"level":30,"time":1589725316995,"pid":31086,"hostname":"localhost.localdomain","msg":"Executed insert: INSERT INTO DEVICE_TYPE_CLUSTER (DEVICE_TYPE_REF, CLUSTER_NAME, INCLUDE_CLIENT, INCLUDE_SERVER, LOCK_CLIENT, LOCK_SERVER) VALUES (?,?,?,?,?,?): 149,Over the Air Bootloading,false,false,false,false => rowid: 1585","v":1}
{"level":30,"time":1589725316995,"pid":31086,"hostname":"localhost.localdomain","msg":"Executed insert: INSERT INTO DEVICE_TYPE_CLUSTER (DEVICE_TYPE_REF, CLUSTER_NAME, INCLUDE_CLIENT, INCLUDE_SERVER, LOCK_CLIENT, LOCK_SERVER) VALUES (?,?,?,?,?,?): 149,Partition,false,false,false,false => rowid: 1586","v":1}
{"level":30,"time":1589725316995,"pid":31086,"hostname":"localhost.localdomain","msg":"Preparing statement: INSERT INTO DEVICE_TYPE_ATTRIBUTE (DEVICE_TYPE_CLUSTER_REF, ATTRIBUTE_NAME) VALUES (?, ?) to insert 0 records.","v":1}
{"level":30,"time":1589725316995,"pid":31086,"hostname":"localhost.localdomain","msg":"Preparing statement: INSERT INTO DEVICE_TYPE_COMMAND (DEVICE_TYPE_CLUSTER_REF, COMMAND_NAME) VALUES (?, ?) to insert 0 records.","v":1}
{"level":30,"time":1589725316995,"pid":31086,"hostname":"localhost.localdomain","msg":"Executed insert: INSERT INTO DEVICE_TYPE_CLUSTER (DEVICE_TYPE_REF, CLUSTER_NAME, INCLUDE_CLIENT, INCLUDE_SERVER, LOCK_CLIENT, LOCK_SERVER) VALUES (?,?,?,?,?,?): 150,Basic,false,true,true,true => rowid: 1587","v":1}
{"level":30,"time":1589725316995,"pid":31086,"hostname":"localhost.localdomain","msg":"Executed insert: INSERT INTO DEVICE_TYPE_CLUSTER (DEVICE_TYPE_REF, CLUSTER_NAME, INCLUDE_CLIENT, INCLUDE_SERVER, LOCK_CLIENT, LOCK_SERVER) VALUES (?,?,?,?,?,?): 150,Identify,true,true,true,true => rowid: 1588","v":1}
{"level":30,"time":1589725316995,"pid":31086,"hostname":"localhost.localdomain","msg":"Executed insert: INSERT INTO DEVICE_TYPE_CLUSTER (DEVICE_TYPE_REF, CLUSTER_NAME, INCLUDE_CLIENT, INCLUDE_SERVER, LOCK_CLIENT, LOCK_SERVER) VALUES (?,?,?,?,?,?): 150,On/off,false,true,true,true => rowid: 1589","v":1}
{"level":30,"time":1589725316995,"pid":31086,"hostname":"localhost.localdomain","msg":"Executed insert: INSERT INTO DEVICE_TYPE_CLUSTER (DEVICE_TYPE_REF, CLUSTER_NAME, INCLUDE_CLIENT, INCLUDE_SERVER, LOCK_CLIENT, LOCK_SERVER) VALUES (?,?,?,?,?,?): 150,Power Configuration,false,false,true,false => rowid: 1590","v":1}
{"level":30,"time":1589725316995,"pid":31086,"hostname":"localhost.localdomain","msg":"Executed insert: INSERT INTO DEVICE_TYPE_CLUSTER (DEVICE_TYPE_REF, CLUSTER_NAME, INCLUDE_CLIENT, INCLUDE_SERVER, LOCK_CLIENT, LOCK_SERVER) VALUES (?,?,?,?,?,?): 150,Device Temperature Configuration,false,false,true,false => rowid: 1591","v":1}
{"level":30,"time":1589725316995,"pid":31086,"hostname":"localhost.localdomain","msg":"Executed insert: INSERT INTO DEVICE_TYPE_CLUSTER (DEVICE_TYPE_REF, CLUSTER_NAME, INCLUDE_CLIENT, INCLUDE_SERVER, LOCK_CLIENT, LOCK_SERVER) VALUES (?,?,?,?,?,?): 150,Alarms,false,false,true,false => rowid: 1592","v":1}
{"level":30,"time":1589725316995,"pid":31086,"hostname":"localhost.localdomain","msg":"Executed insert: INSERT INTO DEVICE_TYPE_CLUSTER (DEVICE_TYPE_REF, CLUSTER_NAME, INCLUDE_CLIENT, INCLUDE_SERVER, LOCK_CLIENT, LOCK_SERVER) VALUES (?,?,?,?,?,?): 150,Poll Control,false,false,true,false => rowid: 1593","v":1}
{"level":30,"time":1589725316995,"pid":31086,"hostname":"localhost.localdomain","msg":"Executed insert: INSERT INTO DEVICE_TYPE_CLUSTER (DEVICE_TYPE_REF, CLUSTER_NAME, INCLUDE_CLIENT, INCLUDE_SERVER, LOCK_CLIENT, LOCK_SERVER) VALUES (?,?,?,?,?,?): 150,Electrical Measurement,false,false,true,false => rowid: 1594","v":1}
{"level":30,"time":1589725316995,"pid":31086,"hostname":"localhost.localdomain","msg":"Executed insert: INSERT INTO DEVICE_TYPE_CLUSTER (DEVICE_TYPE_REF, CLUSTER_NAME, INCLUDE_CLIENT, INCLUDE_SERVER, LOCK_CLIENT, LOCK_SERVER) VALUES (?,?,?,?,?,?): 150,Simple Metering,false,true,true,true => rowid: 1595","v":1}
{"level":30,"time":1589725316995,"pid":31086,"hostname":"localhost.localdomain","msg":"Executed insert: INSERT INTO DEVICE_TYPE_CLUSTER (DEVICE_TYPE_REF, CLUSTER_NAME, INCLUDE_CLIENT, INCLUDE_SERVER, LOCK_CLIENT, LOCK_SERVER) VALUES (?,?,?,?,?,?): 150,Time,false,false,false,true => rowid: 1596","v":1}
{"level":30,"time":1589725316995,"pid":31086,"hostname":"localhost.localdomain","msg":"Executed insert: INSERT INTO DEVICE_TYPE_CLUSTER (DEVICE_TYPE_REF, CLUSTER_NAME, INCLUDE_CLIENT, INCLUDE_SERVER, LOCK_CLIENT, LOCK_SERVER) VALUES (?,?,?,?,?,?): 150,Demand Response and Load Control,false,false,false,true => rowid: 1597","v":1}
{"level":30,"time":1589725316995,"pid":31086,"hostname":"localhost.localdomain","msg":"Executed insert: INSERT INTO DEVICE_TYPE_CLUSTER (DEVICE_TYPE_REF, CLUSTER_NAME, INCLUDE_CLIENT, INCLUDE_SERVER, LOCK_CLIENT, LOCK_SERVER) VALUES (?,?,?,?,?,?): 150,Price,false,false,false,true => rowid: 1598","v":1}
{"level":30,"time":1589725316995,"pid":31086,"hostname":"localhost.localdomain","msg":"Executed insert: INSERT INTO DEVICE_TYPE_CLUSTER (DEVICE_TYPE_REF, CLUSTER_NAME, INCLUDE_CLIENT, INCLUDE_SERVER, LOCK_CLIENT, LOCK_SERVER) VALUES (?,?,?,?,?,?): 150,Time,false,false,false,true => rowid: 1599","v":1}
{"level":30,"time":1589725316995,"pid":31086,"hostname":"localhost.localdomain","msg":"Executed insert: INSERT INTO DEVICE_TYPE_CLUSTER (DEVICE_TYPE_REF, CLUSTER_NAME, INCLUDE_CLIENT, INCLUDE_SERVER, LOCK_CLIENT, LOCK_SERVER) VALUES (?,?,?,?,?,?): 150,Over the Air Bootloading,false,false,false,false => rowid: 1600","v":1}
{"level":30,"time":1589725316995,"pid":31086,"hostname":"localhost.localdomain","msg":"Executed insert: INSERT INTO DEVICE_TYPE_CLUSTER (DEVICE_TYPE_REF, CLUSTER_NAME, INCLUDE_CLIENT, INCLUDE_SERVER, LOCK_CLIENT, LOCK_SERVER) VALUES (?,?,?,?,?,?): 150,Partition,false,false,false,false => rowid: 1601","v":1}
{"level":30,"time":1589725316995,"pid":31086,"hostname":"localhost.localdomain","msg":"Preparing statement: INSERT INTO DEVICE_TYPE_ATTRIBUTE (DEVICE_TYPE_CLUSTER_REF, ATTRIBUTE_NAME) VALUES (?, ?) to insert 0 records.","v":1}
{"level":30,"time":1589725316995,"pid":31086,"hostname":"localhost.localdomain","msg":"Preparing statement: INSERT INTO DEVICE_TYPE_COMMAND (DEVICE_TYPE_CLUSTER_REF, COMMAND_NAME) VALUES (?, ?) to insert 0 records.","v":1}
{"level":30,"time":1589725316995,"pid":31086,"hostname":"localhost.localdomain","msg":"Executed insert: INSERT INTO DEVICE_TYPE_CLUSTER (DEVICE_TYPE_REF, CLUSTER_NAME, INCLUDE_CLIENT, INCLUDE_SERVER, LOCK_CLIENT, LOCK_SERVER) VALUES (?,?,?,?,?,?): 151,Basic,false,true,true,true => rowid: 1602","v":1}
{"level":30,"time":1589725316995,"pid":31086,"hostname":"localhost.localdomain","msg":"Executed insert: INSERT INTO DEVICE_TYPE_CLUSTER (DEVICE_TYPE_REF, CLUSTER_NAME, INCLUDE_CLIENT, INCLUDE_SERVER, LOCK_CLIENT, LOCK_SERVER) VALUES (?,?,?,?,?,?): 151,Identify,true,true,true,true => rowid: 1603","v":1}
{"level":30,"time":1589725316996,"pid":31086,"hostname":"localhost.localdomain","msg":"Executed insert: INSERT INTO DEVICE_TYPE_CLUSTER (DEVICE_TYPE_REF, CLUSTER_NAME, INCLUDE_CLIENT, INCLUDE_SERVER, LOCK_CLIENT, LOCK_SERVER) VALUES (?,?,?,?,?,?): 151,Power Configuration,false,false,true,false => rowid: 1604","v":1}
{"level":30,"time":1589725316996,"pid":31086,"hostname":"localhost.localdomain","msg":"Executed insert: INSERT INTO DEVICE_TYPE_CLUSTER (DEVICE_TYPE_REF, CLUSTER_NAME, INCLUDE_CLIENT, INCLUDE_SERVER, LOCK_CLIENT, LOCK_SERVER) VALUES (?,?,?,?,?,?): 151,Device Temperature Configuration,false,false,true,false => rowid: 1605","v":1}
{"level":30,"time":1589725316996,"pid":31086,"hostname":"localhost.localdomain","msg":"Executed insert: INSERT INTO DEVICE_TYPE_CLUSTER (DEVICE_TYPE_REF, CLUSTER_NAME, INCLUDE_CLIENT, INCLUDE_SERVER, LOCK_CLIENT, LOCK_SERVER) VALUES (?,?,?,?,?,?): 151,Alarms,false,false,true,false => rowid: 1606","v":1}
{"level":30,"time":1589725316996,"pid":31086,"hostname":"localhost.localdomain","msg":"Executed insert: INSERT INTO DEVICE_TYPE_CLUSTER (DEVICE_TYPE_REF, CLUSTER_NAME, INCLUDE_CLIENT, INCLUDE_SERVER, LOCK_CLIENT, LOCK_SERVER) VALUES (?,?,?,?,?,?): 151,Electrical Measurement,false,false,true,false => rowid: 1607","v":1}
{"level":30,"time":1589725316996,"pid":31086,"hostname":"localhost.localdomain","msg":"Executed insert: INSERT INTO DEVICE_TYPE_CLUSTER (DEVICE_TYPE_REF, CLUSTER_NAME, INCLUDE_CLIENT, INCLUDE_SERVER, LOCK_CLIENT, LOCK_SERVER) VALUES (?,?,?,?,?,?): 151,Poll Control,false,false,true,false => rowid: 1608","v":1}
{"level":30,"time":1589725316996,"pid":31086,"hostname":"localhost.localdomain","msg":"Executed insert: INSERT INTO DEVICE_TYPE_CLUSTER (DEVICE_TYPE_REF, CLUSTER_NAME, INCLUDE_CLIENT, INCLUDE_SERVER, LOCK_CLIENT, LOCK_SERVER) VALUES (?,?,?,?,?,?): 151,Time,false,false,false,true => rowid: 1609","v":1}
{"level":30,"time":1589725316996,"pid":31086,"hostname":"localhost.localdomain","msg":"Executed insert: INSERT INTO DEVICE_TYPE_CLUSTER (DEVICE_TYPE_REF, CLUSTER_NAME, INCLUDE_CLIENT, INCLUDE_SERVER, LOCK_CLIENT, LOCK_SERVER) VALUES (?,?,?,?,?,?): 151,Meter Identification,false,false,false,true => rowid: 1610","v":1}
{"level":30,"time":1589725316996,"pid":31086,"hostname":"localhost.localdomain","msg":"Executed insert: INSERT INTO DEVICE_TYPE_CLUSTER (DEVICE_TYPE_REF, CLUSTER_NAME, INCLUDE_CLIENT, INCLUDE_SERVER, LOCK_CLIENT, LOCK_SERVER) VALUES (?,?,?,?,?,?): 151,Price,false,false,false,true => rowid: 1611","v":1}
{"level":30,"time":1589725316996,"pid":31086,"hostname":"localhost.localdomain","msg":"Executed insert: INSERT INTO DEVICE_TYPE_CLUSTER (DEVICE_TYPE_REF, CLUSTER_NAME, INCLUDE_CLIENT, INCLUDE_SERVER, LOCK_CLIENT, LOCK_SERVER) VALUES (?,?,?,?,?,?): 151,Time,false,false,false,true => rowid: 1612","v":1}
{"level":30,"time":1589725316996,"pid":31086,"hostname":"localhost.localdomain","msg":"Executed insert: INSERT INTO DEVICE_TYPE_CLUSTER (DEVICE_TYPE_REF, CLUSTER_NAME, INCLUDE_CLIENT, INCLUDE_SERVER, LOCK_CLIENT, LOCK_SERVER) VALUES (?,?,?,?,?,?): 151,Power Profile,false,true,true,true => rowid: 1613","v":1}
{"level":30,"time":1589725316996,"pid":31086,"hostname":"localhost.localdomain","msg":"Executed insert: INSERT INTO DEVICE_TYPE_CLUSTER (DEVICE_TYPE_REF, CLUSTER_NAME, INCLUDE_CLIENT, INCLUDE_SERVER, LOCK_CLIENT, LOCK_SERVER) VALUES (?,?,?,?,?,?): 151,Appliance Statistics,false,true,true,true => rowid: 1614","v":1}
{"level":30,"time":1589725316996,"pid":31086,"hostname":"localhost.localdomain","msg":"Executed insert: INSERT INTO DEVICE_TYPE_CLUSTER (DEVICE_TYPE_REF, CLUSTER_NAME, INCLUDE_CLIENT, INCLUDE_SERVER, LOCK_CLIENT, LOCK_SERVER) VALUES (?,?,?,?,?,?): 151,Appliance Control,false,true,true,true => rowid: 1615","v":1}
{"level":30,"time":1589725316996,"pid":31086,"hostname":"localhost.localdomain","msg":"Executed insert: INSERT INTO DEVICE_TYPE_CLUSTER (DEVICE_TYPE_REF, CLUSTER_NAME, INCLUDE_CLIENT, INCLUDE_SERVER, LOCK_CLIENT, LOCK_SERVER) VALUES (?,?,?,?,?,?): 151,Appliance Identification,false,true,true,true => rowid: 1616","v":1}
{"level":30,"time":1589725316996,"pid":31086,"hostname":"localhost.localdomain","msg":"Executed insert: INSERT INTO DEVICE_TYPE_CLUSTER (DEVICE_TYPE_REF, CLUSTER_NAME, INCLUDE_CLIENT, INCLUDE_SERVER, LOCK_CLIENT, LOCK_SERVER) VALUES (?,?,?,?,?,?): 151,Appliance Events and Alert,false,true,true,true => rowid: 1617","v":1}
{"level":30,"time":1589725316996,"pid":31086,"hostname":"localhost.localdomain","msg":"Executed insert: INSERT INTO DEVICE_TYPE_CLUSTER (DEVICE_TYPE_REF, CLUSTER_NAME, INCLUDE_CLIENT, INCLUDE_SERVER, LOCK_CLIENT, LOCK_SERVER) VALUES (?,?,?,?,?,?): 151,Simple Metering,false,false,true,false => rowid: 1618","v":1}
{"level":30,"time":1589725316996,"pid":31086,"hostname":"localhost.localdomain","msg":"Executed insert: INSERT INTO DEVICE_TYPE_CLUSTER (DEVICE_TYPE_REF, CLUSTER_NAME, INCLUDE_CLIENT, INCLUDE_SERVER, LOCK_CLIENT, LOCK_SERVER) VALUES (?,?,?,?,?,?): 151,Over the Air Bootloading,false,false,false,false => rowid: 1619","v":1}
{"level":30,"time":1589725316996,"pid":31086,"hostname":"localhost.localdomain","msg":"Executed insert: INSERT INTO DEVICE_TYPE_CLUSTER (DEVICE_TYPE_REF, CLUSTER_NAME, INCLUDE_CLIENT, INCLUDE_SERVER, LOCK_CLIENT, LOCK_SERVER) VALUES (?,?,?,?,?,?): 151,Partition,false,false,false,false => rowid: 1620","v":1}
{"level":30,"time":1589725316996,"pid":31086,"hostname":"localhost.localdomain","msg":"Preparing statement: INSERT INTO DEVICE_TYPE_ATTRIBUTE (DEVICE_TYPE_CLUSTER_REF, ATTRIBUTE_NAME) VALUES (?, ?) to insert 0 records.","v":1}
{"level":30,"time":1589725316996,"pid":31086,"hostname":"localhost.localdomain","msg":"Preparing statement: INSERT INTO DEVICE_TYPE_COMMAND (DEVICE_TYPE_CLUSTER_REF, COMMAND_NAME) VALUES (?, ?) to insert 0 records.","v":1}
{"level":30,"time":1589725316996,"pid":31086,"hostname":"localhost.localdomain","msg":"Executed insert: INSERT INTO DEVICE_TYPE_CLUSTER (DEVICE_TYPE_REF, CLUSTER_NAME, INCLUDE_CLIENT, INCLUDE_SERVER, LOCK_CLIENT, LOCK_SERVER) VALUES (?,?,?,?,?,?): 152,Basic,false,true,true,true => rowid: 1621","v":1}
{"level":30,"time":1589725316996,"pid":31086,"hostname":"localhost.localdomain","msg":"Executed insert: INSERT INTO DEVICE_TYPE_CLUSTER (DEVICE_TYPE_REF, CLUSTER_NAME, INCLUDE_CLIENT, INCLUDE_SERVER, LOCK_CLIENT, LOCK_SERVER) VALUES (?,?,?,?,?,?): 152,Identify,true,true,true,true => rowid: 1622","v":1}
{"level":30,"time":1589725316996,"pid":31086,"hostname":"localhost.localdomain","msg":"Executed insert: INSERT INTO DEVICE_TYPE_CLUSTER (DEVICE_TYPE_REF, CLUSTER_NAME, INCLUDE_CLIENT, INCLUDE_SERVER, LOCK_CLIENT, LOCK_SERVER) VALUES (?,?,?,?,?,?): 152,Power Configuration,false,false,true,false => rowid: 1623","v":1}
{"level":30,"time":1589725316996,"pid":31086,"hostname":"localhost.localdomain","msg":"Executed insert: INSERT INTO DEVICE_TYPE_CLUSTER (DEVICE_TYPE_REF, CLUSTER_NAME, INCLUDE_CLIENT, INCLUDE_SERVER, LOCK_CLIENT, LOCK_SERVER) VALUES (?,?,?,?,?,?): 152,Device Temperature Configuration,false,false,true,false => rowid: 1624","v":1}
{"level":30,"time":1589725316996,"pid":31086,"hostname":"localhost.localdomain","msg":"Executed insert: INSERT INTO DEVICE_TYPE_CLUSTER (DEVICE_TYPE_REF, CLUSTER_NAME, INCLUDE_CLIENT, INCLUDE_SERVER, LOCK_CLIENT, LOCK_SERVER) VALUES (?,?,?,?,?,?): 152,Alarms,false,false,true,false => rowid: 1625","v":1}
{"level":30,"time":1589725316996,"pid":31086,"hostname":"localhost.localdomain","msg":"Executed insert: INSERT INTO DEVICE_TYPE_CLUSTER (DEVICE_TYPE_REF, CLUSTER_NAME, INCLUDE_CLIENT, INCLUDE_SERVER, LOCK_CLIENT, LOCK_SERVER) VALUES (?,?,?,?,?,?): 152,Simple Metering,false,true,true,true => rowid: 1626","v":1}
{"level":30,"time":1589725316996,"pid":31086,"hostname":"localhost.localdomain","msg":"Executed insert: INSERT INTO DEVICE_TYPE_CLUSTER (DEVICE_TYPE_REF, CLUSTER_NAME, INCLUDE_CLIENT, INCLUDE_SERVER, LOCK_CLIENT, LOCK_SERVER) VALUES (?,?,?,?,?,?): 152,Meter Identification,false,true,true,true => rowid: 1627","v":1}
{"level":30,"time":1589725316996,"pid":31086,"hostname":"localhost.localdomain","msg":"Executed insert: INSERT INTO DEVICE_TYPE_CLUSTER (DEVICE_TYPE_REF, CLUSTER_NAME, INCLUDE_CLIENT, INCLUDE_SERVER, LOCK_CLIENT, LOCK_SERVER) VALUES (?,?,?,?,?,?): 152,Electrical Measurement,false,false,true,false => rowid: 1628","v":1}
{"level":30,"time":1589725316996,"pid":31086,"hostname":"localhost.localdomain","msg":"Executed insert: INSERT INTO DEVICE_TYPE_CLUSTER (DEVICE_TYPE_REF, CLUSTER_NAME, INCLUDE_CLIENT, INCLUDE_SERVER, LOCK_CLIENT, LOCK_SERVER) VALUES (?,?,?,?,?,?): 152,Poll Control,false,false,true,false => rowid: 1629","v":1}
{"level":30,"time":1589725316997,"pid":31086,"hostname":"localhost.localdomain","msg":"Executed insert: INSERT INTO DEVICE_TYPE_CLUSTER (DEVICE_TYPE_REF, CLUSTER_NAME, INCLUDE_CLIENT, INCLUDE_SERVER, LOCK_CLIENT, LOCK_SERVER) VALUES (?,?,?,?,?,?): 152,Time,false,false,false,true => rowid: 1630","v":1}
{"level":30,"time":1589725316997,"pid":31086,"hostname":"localhost.localdomain","msg":"Executed insert: INSERT INTO DEVICE_TYPE_CLUSTER (DEVICE_TYPE_REF, CLUSTER_NAME, INCLUDE_CLIENT, INCLUDE_SERVER, LOCK_CLIENT, LOCK_SERVER) VALUES (?,?,?,?,?,?): 152,Messaging,false,false,false,true => rowid: 1631","v":1}
{"level":30,"time":1589725316997,"pid":31086,"hostname":"localhost.localdomain","msg":"Executed insert: INSERT INTO DEVICE_TYPE_CLUSTER (DEVICE_TYPE_REF, CLUSTER_NAME, INCLUDE_CLIENT, INCLUDE_SERVER, LOCK_CLIENT, LOCK_SERVER) VALUES (?,?,?,?,?,?): 152,Price,false,false,false,false => rowid: 1632","v":1}
{"level":30,"time":1589725316997,"pid":31086,"hostname":"localhost.localdomain","msg":"Executed insert: INSERT INTO DEVICE_TYPE_CLUSTER (DEVICE_TYPE_REF, CLUSTER_NAME, INCLUDE_CLIENT, INCLUDE_SERVER, LOCK_CLIENT, LOCK_SERVER) VALUES (?,?,?,?,?,?): 152,Over the Air Bootloading,false,false,false,false => rowid: 1633","v":1}
{"level":30,"time":1589725316997,"pid":31086,"hostname":"localhost.localdomain","msg":"Executed insert: INSERT INTO DEVICE_TYPE_CLUSTER (DEVICE_TYPE_REF, CLUSTER_NAME, INCLUDE_CLIENT, INCLUDE_SERVER, LOCK_CLIENT, LOCK_SERVER) VALUES (?,?,?,?,?,?): 152,Partition,false,false,false,false => rowid: 1634","v":1}
{"level":30,"time":1589725316997,"pid":31086,"hostname":"localhost.localdomain","msg":"Preparing statement: INSERT INTO DEVICE_TYPE_ATTRIBUTE (DEVICE_TYPE_CLUSTER_REF, ATTRIBUTE_NAME) VALUES (?, ?) to insert 0 records.","v":1}
{"level":30,"time":1589725316997,"pid":31086,"hostname":"localhost.localdomain","msg":"Preparing statement: INSERT INTO DEVICE_TYPE_COMMAND (DEVICE_TYPE_CLUSTER_REF, COMMAND_NAME) VALUES (?, ?) to insert 0 records.","v":1}
{"level":30,"time":1589725316997,"pid":31086,"hostname":"localhost.localdomain","msg":"Executed insert: INSERT INTO DEVICE_TYPE_CLUSTER (DEVICE_TYPE_REF, CLUSTER_NAME, INCLUDE_CLIENT, INCLUDE_SERVER, LOCK_CLIENT, LOCK_SERVER) VALUES (?,?,?,?,?,?): 15,On/off,true,false,true,true => rowid: 1635","v":1}
{"level":30,"time":1589725316997,"pid":31086,"hostname":"localhost.localdomain","msg":"Preparing statement: INSERT INTO DEVICE_TYPE_ATTRIBUTE (DEVICE_TYPE_CLUSTER_REF, ATTRIBUTE_NAME) VALUES (?, ?) to insert 0 records.","v":1}
{"level":30,"time":1589725316997,"pid":31086,"hostname":"localhost.localdomain","msg":"Preparing statement: INSERT INTO DEVICE_TYPE_COMMAND (DEVICE_TYPE_CLUSTER_REF, COMMAND_NAME) VALUES (?, ?) to insert 0 records.","v":1}
{"level":30,"time":1589725316997,"pid":31086,"hostname":"localhost.localdomain","msg":"Executed insert: INSERT INTO DEVICE_TYPE_CLUSTER (DEVICE_TYPE_REF, CLUSTER_NAME, INCLUDE_CLIENT, INCLUDE_SERVER, LOCK_CLIENT, LOCK_SERVER) VALUES (?,?,?,?,?,?): 66,Groups,false,true,true,true => rowid: 1636","v":1}
{"level":30,"time":1589725316997,"pid":31086,"hostname":"localhost.localdomain","msg":"Preparing statement: INSERT INTO DEVICE_TYPE_ATTRIBUTE (DEVICE_TYPE_CLUSTER_REF, ATTRIBUTE_NAME) VALUES (?, ?) to insert 0 records.","v":1}
{"level":30,"time":1589725316997,"pid":31086,"hostname":"localhost.localdomain","msg":"Preparing statement: INSERT INTO DEVICE_TYPE_COMMAND (DEVICE_TYPE_CLUSTER_REF, COMMAND_NAME) VALUES (?, ?) to insert 0 records.","v":1}
{"level":30,"time":1589725316997,"pid":31086,"hostname":"localhost.localdomain","msg":"Executed insert: INSERT INTO DEVICE_TYPE_CLUSTER (DEVICE_TYPE_REF, CLUSTER_NAME, INCLUDE_CLIENT, INCLUDE_SERVER, LOCK_CLIENT, LOCK_SERVER) VALUES (?,?,?,?,?,?): 29,Time,false,false,false,true => rowid: 1637","v":1}
{"level":30,"time":1589725316997,"pid":31086,"hostname":"localhost.localdomain","msg":"Preparing statement: INSERT INTO DEVICE_TYPE_ATTRIBUTE (DEVICE_TYPE_CLUSTER_REF, ATTRIBUTE_NAME) VALUES (?, ?) to insert 0 records.","v":1}
{"level":30,"time":1589725316997,"pid":31086,"hostname":"localhost.localdomain","msg":"Preparing statement: INSERT INTO DEVICE_TYPE_COMMAND (DEVICE_TYPE_CLUSTER_REF, COMMAND_NAME) VALUES (?, ?) to insert 0 records.","v":1}
{"level":30,"time":1589725317004,"pid":31086,"hostname":"localhost.localdomain","msg":"Preparing statement: INSERT INTO COMMAND (CLUSTER_REF, CODE, NAME, DESCRIPTION, SOURCE, IS_OPTIONAL) VALUES (?,?,?,?,?,?) to insert 147 records.","v":1}
{"level":30,"time":1589725317005,"pid":31086,"hostname":"localhost.localdomain","msg":"Preparing statement: INSERT INTO ATTRIBUTE (CLUSTER_REF, CODE, NAME, TYPE, SIDE, DEFINE, MIN, MAX, IS_WRITABLE, DEFAULT_VALUE, IS_OPTIONAL, IS_REPORTABLE) VALUES (?,?,?,?,?,?,?,?,?,?,?,?) to insert 2520 records.","v":1}
{"level":30,"time":1589725317021,"pid":31079,"hostname":"localhost.localdomain","msg":"Executed insert: INSERT OR REPLACE INTO SETTING ( CATEGORY, KEY, VALUE ) VALUES ( 'APP', 'VERSION', ?): 0.99.1 => rowid: 1","v":1}
{"level":30,"time":1589725317021,"pid":31079,"hostname":"localhost.localdomain","msg":"Test database initialized: /home/timotej/.silabs/zap/test-3.sqlite.","v":1}
{"level":30,"time":1589725317023,"pid":31079,"hostname":"localhost.localdomain","msg":"Executed get: SELECT COUNT(*) FROM SESSION: undefined","v":1}
{"level":30,"time":1589725317023,"pid":31086,"hostname":"localhost.localdomain","msg":"Preparing statement: INSERT INTO STRUCT_ITEM (STRUCT_REF, NAME, TYPE) VALUES (?,?,?) to insert 40 records.","v":1}
{"level":30,"time":1589725317025,"pid":31079,"hostname":"localhost.localdomain","msg":"Loading zcl file: ./zcl/zcl-studio.properties","v":1}
{"level":30,"time":1589725317025,"pid":31079,"hostname":"localhost.localdomain","msg":"Executed BEGIN TRANSACTION","v":1}
{"level":30,"time":1589725317026,"pid":31079,"hostname":"localhost.localdomain","msg":"Collecting ZCL files from: ./zcl/zcl-studio.properties","v":1}
{"level":30,"time":1589725317026,"pid":31086,"hostname":"localhost.localdomain","msg":"Preparing statement: INSERT INTO COMMAND (CLUSTER_REF, CODE, NAME, DESCRIPTION, SOURCE, IS_OPTIONAL) VALUES (?,?,?,?,?,?) to insert 157 records.","v":1}
{"level":30,"time":1589725317026,"pid":31086,"hostname":"localhost.localdomain","msg":"Preparing statement: INSERT INTO ATTRIBUTE (CLUSTER_REF, CODE, NAME, TYPE, SIDE, DEFINE, MIN, MAX, IS_WRITABLE, DEFAULT_VALUE, IS_OPTIONAL, IS_REPORTABLE) VALUES (?,?,?,?,?,?,?,?,?,?,?,?) to insert 586 records.","v":1}
{"level":30,"time":1589725317027,"pid":31079,"hostname":"localhost.localdomain","msg":"Parsed the file...","v":1}
{"level":30,"time":1589725317027,"pid":31079,"hostname":"localhost.localdomain","msg":"Resolving: zcl/types.xml,zcl/general.xml,zcl/ha.xml,zcl/ha-devices.xml,zcl/cba.xml,zcl/cba-devices.xml,zcl/ota.xml,zcl/ami.xml,zcl/ami-devices.xml,zcl/zll.xml,zcl/zll-devices.xml,zcl/ta.xml,zcl/ta-devices.xml,zcl/hc.xml,zcl/hc-devices.xml,zcl/green-power.xml,zcl/green-power-devices.xml,zcl/sample-extensions.xml","v":1}
{"level":30,"time":1589725317028,"pid":31079,"hostname":"localhost.localdomain","msg":"Starting to parse ZCL files: zcl/types.xml,zcl/general.xml,zcl/ha.xml,zcl/ha-devices.xml,zcl/cba.xml,zcl/cba-devices.xml,zcl/ota.xml,zcl/ami.xml,zcl/ami-devices.xml,zcl/zll.xml,zcl/zll-devices.xml,zcl/ta.xml,zcl/ta-devices.xml,zcl/hc.xml,zcl/hc-devices.xml,zcl/green-power.xml,zcl/green-power-devices.xml,zcl/sample-extensions.xml","v":1}
{"level":30,"time":1589725317028,"pid":31079,"hostname":"localhost.localdomain","msg":"Reading individual file: zcl/types.xml","v":1}
{"level":30,"time":1589725317028,"pid":31079,"hostname":"localhost.localdomain","msg":"Reading individual file: zcl/general.xml","v":1}
{"level":30,"time":1589725317028,"pid":31079,"hostname":"localhost.localdomain","msg":"Reading individual file: zcl/ha.xml","v":1}
{"level":30,"time":1589725317028,"pid":31079,"hostname":"localhost.localdomain","msg":"Reading individual file: zcl/ha-devices.xml","v":1}
{"level":30,"time":1589725317028,"pid":31079,"hostname":"localhost.localdomain","msg":"Reading individual file: zcl/cba.xml","v":1}
{"level":30,"time":1589725317028,"pid":31079,"hostname":"localhost.localdomain","msg":"Reading individual file: zcl/cba-devices.xml","v":1}
{"level":30,"time":1589725317029,"pid":31079,"hostname":"localhost.localdomain","msg":"Reading individual file: zcl/ota.xml","v":1}
{"level":30,"time":1589725317029,"pid":31079,"hostname":"localhost.localdomain","msg":"Reading individual file: zcl/ami.xml","v":1}
{"level":30,"time":1589725317029,"pid":31079,"hostname":"localhost.localdomain","msg":"Reading individual file: zcl/ami-devices.xml","v":1}
{"level":30,"time":1589725317029,"pid":31079,"hostname":"localhost.localdomain","msg":"Reading individual file: zcl/zll.xml","v":1}
{"level":30,"time":1589725317029,"pid":31079,"hostname":"localhost.localdomain","msg":"Reading individual file: zcl/zll-devices.xml","v":1}
{"level":30,"time":1589725317029,"pid":31079,"hostname":"localhost.localdomain","msg":"Reading individual file: zcl/ta.xml","v":1}
{"level":30,"time":1589725317029,"pid":31079,"hostname":"localhost.localdomain","msg":"Reading individual file: zcl/ta-devices.xml","v":1}
{"level":30,"time":1589725317029,"pid":31079,"hostname":"localhost.localdomain","msg":"Reading individual file: zcl/hc.xml","v":1}
{"level":30,"time":1589725317029,"pid":31079,"hostname":"localhost.localdomain","msg":"Reading individual file: zcl/hc-devices.xml","v":1}
{"level":30,"time":1589725317029,"pid":31079,"hostname":"localhost.localdomain","msg":"Reading individual file: zcl/green-power.xml","v":1}
{"level":30,"time":1589725317029,"pid":31079,"hostname":"localhost.localdomain","msg":"Reading individual file: zcl/green-power-devices.xml","v":1}
{"level":30,"time":1589725317029,"pid":31079,"hostname":"localhost.localdomain","msg":"Reading individual file: zcl/sample-extensions.xml","v":1}
{"level":30,"time":1589725317032,"pid":31079,"hostname":"localhost.localdomain","msg":"For file: zcl/cba.xml, got CRC: 3190349486","v":1}
{"level":30,"time":1589725317033,"pid":31086,"hostname":"localhost.localdomain","msg":"Preparing statement: INSERT INTO COMMAND_ARG (COMMAND_REF, NAME, TYPE, IS_ARRAY) VALUES (?,?,?,?) to insert 167 records.","v":1}
{"level":30,"time":1589725317033,"pid":31079,"hostname":"localhost.localdomain","msg":"For file: zcl/cba-devices.xml, got CRC: 3537332463","v":1}
{"level":30,"time":1589725317034,"pid":31086,"hostname":"localhost.localdomain","msg":"Preparing statement: INSERT INTO ENUM_ITEM (ENUM_REF, NAME, VALUE) VALUES (?, ?, ?) to insert 460 records.","v":1}
{"level":30,"time":1589725317035,"pid":31086,"hostname":"localhost.localdomain","msg":"Preparing statement: INSERT INTO BITMAP_FIELD (BITMAP_REF, NAME, MASK) VALUES (?, ?, ?) to insert 392 records.","v":1}
{"level":30,"time":1589725317035,"pid":31079,"hostname":"localhost.localdomain","msg":"For file: zcl/ota.xml, got CRC: 2300121650","v":1}
{"level":30,"time":1589725317035,"pid":31079,"hostname":"localhost.localdomain","msg":"For file: zcl/hc.xml, got CRC: 2870341925","v":1}
{"level":30,"time":1589725317036,"pid":31079,"hostname":"localhost.localdomain","msg":"For file: zcl/green-power-devices.xml, got CRC: 1893086333","v":1}
{"level":30,"time":1589725317036,"pid":31079,"hostname":"localhost.localdomain","msg":"For file: zcl/sample-extensions.xml, got CRC: 525292271","v":1}
{"level":30,"time":1589725317036,"pid":31079,"hostname":"localhost.localdomain","msg":"For file: zcl/zll.xml, got CRC: 1244643963","v":1}
{"level":30,"time":1589725317037,"pid":31079,"hostname":"localhost.localdomain","msg":"For file: zcl/ta-devices.xml, got CRC: 2709490609","v":1}
{"level":30,"time":1589725317037,"pid":31086,"hostname":"localhost.localdomain","msg":"Preparing statement: INSERT INTO COMMAND_ARG (COMMAND_REF, NAME, TYPE, IS_ARRAY) VALUES (?,?,?,?) to insert 181 records.","v":1}
{"level":30,"time":1589725317038,"pid":31079,"hostname":"localhost.localdomain","msg":"For file: zcl/types.xml, got CRC: 3690055009","v":1}
{"level":30,"time":1589725317038,"pid":31079,"hostname":"localhost.localdomain","msg":"Executed get: SELECT PACKAGE_ID, PATH, CRC FROM PACKAGE WHERE PATH = ?: zcl/cba.xml","v":1}
{"level":30,"time":1589725317038,"pid":31079,"hostname":"localhost.localdomain","msg":"No CRC in the database for file zcl/cba.xml, parsing.","v":1}
{"level":30,"time":1589725317038,"pid":31079,"hostname":"localhost.localdomain","msg":"Executed get: SELECT PACKAGE_ID, PATH, CRC FROM PACKAGE WHERE PATH = ?: zcl/cba-devices.xml","v":1}
{"level":30,"time":1589725317038,"pid":31079,"hostname":"localhost.localdomain","msg":"No CRC in the database for file zcl/cba-devices.xml, parsing.","v":1}
{"level":30,"time":1589725317038,"pid":31079,"hostname":"localhost.localdomain","msg":"Executed get: SELECT PACKAGE_ID, PATH, CRC FROM PACKAGE WHERE PATH = ?: zcl/ota.xml","v":1}
{"level":30,"time":1589725317038,"pid":31079,"hostname":"localhost.localdomain","msg":"No CRC in the database for file zcl/ota.xml, parsing.","v":1}
{"level":30,"time":1589725317039,"pid":31079,"hostname":"localhost.localdomain","msg":"For file: zcl/ta.xml, got CRC: 3160564890","v":1}
{"level":30,"time":1589725317039,"pid":31079,"hostname":"localhost.localdomain","msg":"Executed get: SELECT PACKAGE_ID, PATH, CRC FROM PACKAGE WHERE PATH = ?: zcl/hc.xml","v":1}
{"level":30,"time":1589725317039,"pid":31079,"hostname":"localhost.localdomain","msg":"No CRC in the database for file zcl/hc.xml, parsing.","v":1}
{"level":30,"time":1589725317039,"pid":31079,"hostname":"localhost.localdomain","msg":"For file: zcl/hc-devices.xml, got CRC: 2294326022","v":1}
{"level":30,"time":1589725317040,"pid":31079,"hostname":"localhost.localdomain","msg":"Executed get: SELECT PACKAGE_ID, PATH, CRC FROM PACKAGE WHERE PATH = ?: zcl/green-power-devices.xml","v":1}
{"level":30,"time":1589725317040,"pid":31079,"hostname":"localhost.localdomain","msg":"No CRC in the database for file zcl/green-power-devices.xml, parsing.","v":1}
{"level":30,"time":1589725317040,"pid":31079,"hostname":"localhost.localdomain","msg":"Executed get: SELECT PACKAGE_ID, PATH, CRC FROM PACKAGE WHERE PATH = ?: zcl/sample-extensions.xml","v":1}
{"level":30,"time":1589725317040,"pid":31079,"hostname":"localhost.localdomain","msg":"No CRC in the database for file zcl/sample-extensions.xml, parsing.","v":1}
{"level":30,"time":1589725317041,"pid":31079,"hostname":"localhost.localdomain","msg":"For file: zcl/ami-devices.xml, got CRC: 3070148310","v":1}
{"level":30,"time":1589725317041,"pid":31079,"hostname":"localhost.localdomain","msg":"Executed get: SELECT PACKAGE_ID, PATH, CRC FROM PACKAGE WHERE PATH = ?: zcl/zll.xml","v":1}
{"level":30,"time":1589725317041,"pid":31079,"hostname":"localhost.localdomain","msg":"No CRC in the database for file zcl/zll.xml, parsing.","v":1}
{"level":30,"time":1589725317042,"pid":31079,"hostname":"localhost.localdomain","msg":"Executed get: SELECT PACKAGE_ID, PATH, CRC FROM PACKAGE WHERE PATH = ?: zcl/ta-devices.xml","v":1}
{"level":30,"time":1589725317042,"pid":31079,"hostname":"localhost.localdomain","msg":"No CRC in the database for file zcl/ta-devices.xml, parsing.","v":1}
{"level":30,"time":1589725317042,"pid":31086,"hostname":"localhost.localdomain","msg":"Preparing statement: INSERT INTO ENUM_ITEM (ENUM_REF, NAME, VALUE) VALUES (?, ?, ?) to insert 899 records.","v":1}
{"level":30,"time":1589725317043,"pid":31079,"hostname":"localhost.localdomain","msg":"For file: zcl/green-power.xml, got CRC: 4035045591","v":1}
{"level":30,"time":1589725317043,"pid":31079,"hostname":"localhost.localdomain","msg":"Executed get: SELECT PACKAGE_ID, PATH, CRC FROM PACKAGE WHERE PATH = ?: zcl/types.xml","v":1}
{"level":30,"time":1589725317043,"pid":31079,"hostname":"localhost.localdomain","msg":"No CRC in the database for file zcl/types.xml, parsing.","v":1}
{"level":30,"time":1589725317044,"pid":31079,"hostname":"localhost.localdomain","msg":"For file: zcl/general.xml, got CRC: 205061591","v":1}
{"level":30,"time":1589725317046,"pid":31079,"hostname":"localhost.localdomain","msg":"For file: zcl/ha-devices.xml, got CRC: 1343128633","v":1}
{"level":30,"time":1589725317046,"pid":31079,"hostname":"localhost.localdomain","msg":"Executed insert: INSERT INTO PACKAGE ( PATH, CRC ) VALUES (?, ?): zcl/cba.xml,3190349486 => rowid: 1","v":1}
{"level":30,"time":1589725317051,"pid":31086,"hostname":"localhost.localdomain","msg":"Preparing statement: INSERT INTO COMMAND_ARG (COMMAND_REF, NAME, TYPE, IS_ARRAY) VALUES (?,?,?,?) to insert 573 records.","v":1}
{"level":30,"time":1589725317053,"pid":31079,"hostname":"localhost.localdomain","msg":"zcl/cba.xml, 1: 2 clusters.","v":1}
{"level":30,"time":1589725317054,"pid":31079,"hostname":"localhost.localdomain","msg":"Preparing statement: INSERT INTO CLUSTER (PACKAGE_REF, CODE, NAME, DESCRIPTION, DEFINE) VALUES (?, ?, ?, ?, ?) to insert 2 records.","v":1}
{"level":30,"time":1589725317054,"pid":31079,"hostname":"localhost.localdomain","msg":"zcl/cba.xml, 1: 1 domains.","v":1}
{"level":30,"time":1589725317054,"pid":31079,"hostname":"localhost.localdomain","msg":"Preparing statement: INSERT INTO DOMAIN (PACKAGE_REF, NAME) VALUES (?, ?) to insert 1 records.","v":1}
{"level":30,"time":1589725317054,"pid":31079,"hostname":"localhost.localdomain","msg":"Executed insert: INSERT INTO PACKAGE ( PATH, CRC ) VALUES (?, ?): zcl/cba-devices.xml,3537332463 => rowid: 2","v":1}
{"level":30,"time":1589725317056,"pid":31086,"hostname":"localhost.localdomain","msg":"Preparing statement: INSERT INTO COMMAND_ARG (COMMAND_REF, NAME, TYPE, IS_ARRAY) VALUES (?,?,?,?) to insert 353 records.","v":1}
{"level":30,"time":1589725317069,"pid":31079,"hostname":"localhost.localdomain","msg":"zcl/cba-devices.xml, 2: 6 deviceTypes.","v":1}
{"level":30,"time":1589725317070,"pid":31079,"hostname":"localhost.localdomain","msg":"Preparing statement: INSERT INTO DEVICE_TYPE (PACKAGE_REF, CODE, PROFILE_ID, NAME, DESCRIPTION) VALUES (?, ?, ?, ?, ?) to insert 6 records.","v":1}
{"level":30,"time":1589725317070,"pid":31079,"hostname":"localhost.localdomain","msg":"Executed insert: INSERT INTO PACKAGE ( PATH, CRC ) VALUES (?, ?): zcl/ota.xml,2300121650 => rowid: 3","v":1}
{"level":30,"time":1589725317081,"pid":31079,"hostname":"localhost.localdomain","msg":"zcl/ota.xml, 3: 1 clusters.","v":1}
{"level":30,"time":1589725317082,"pid":31079,"hostname":"localhost.localdomain","msg":"Preparing statement: INSERT INTO CLUSTER (PACKAGE_REF, CODE, NAME, DESCRIPTION, DEFINE) VALUES (?, ?, ?, ?, ?) to insert 1 records.","v":1}
{"level":30,"time":1589725317082,"pid":31079,"hostname":"localhost.localdomain","msg":"zcl/ota.xml, 3: 1 domains.","v":1}
{"level":30,"time":1589725317082,"pid":31079,"hostname":"localhost.localdomain","msg":"Preparing statement: INSERT INTO DOMAIN (PACKAGE_REF, NAME) VALUES (?, ?) to insert 1 records.","v":1}
{"level":30,"time":1589725317082,"pid":31079,"hostname":"localhost.localdomain","msg":"Executed get: SELECT PACKAGE_ID, PATH, CRC FROM PACKAGE WHERE PATH = ?: zcl/ta.xml","v":1}
{"level":30,"time":1589725317082,"pid":31079,"hostname":"localhost.localdomain","msg":"No CRC in the database for file zcl/ta.xml, parsing.","v":1}
{"level":30,"time":1589725317084,"pid":31079,"hostname":"localhost.localdomain","msg":"For file: zcl/zll-devices.xml, got CRC: 3037895041","v":1}
{"level":30,"time":1589725317084,"pid":31079,"hostname":"localhost.localdomain","msg":"Executed insert: INSERT INTO PACKAGE ( PATH, CRC ) VALUES (?, ?): zcl/hc.xml,2870341925 => rowid: 4","v":1}
{"level":30,"time":1589725317089,"pid":31079,"hostname":"localhost.localdomain","msg":"zcl/hc.xml, 4: 1 clusters.","v":1}
{"level":30,"time":1589725317089,"pid":31079,"hostname":"localhost.localdomain","msg":"Preparing statement: INSERT INTO CLUSTER (PACKAGE_REF, CODE, NAME, DESCRIPTION, DEFINE) VALUES (?, ?, ?, ?, ?) to insert 1 records.","v":1}
{"level":30,"time":1589725317089,"pid":31079,"hostname":"localhost.localdomain","msg":"zcl/hc.xml, 4: 1 domains.","v":1}
{"level":30,"time":1589725317089,"pid":31079,"hostname":"localhost.localdomain","msg":"Preparing statement: INSERT INTO DOMAIN (PACKAGE_REF, NAME) VALUES (?, ?) to insert 1 records.","v":1}
{"level":30,"time":1589725317090,"pid":31079,"hostname":"localhost.localdomain","msg":"zcl/hc.xml, 4: 2 enums.","v":1}
{"level":30,"time":1589725317090,"pid":31079,"hostname":"localhost.localdomain","msg":"Preparing statement: INSERT INTO ENUM (PACKAGE_REF, NAME, TYPE) VALUES (?, ?, ?) to insert 2 records.","v":1}
{"level":30,"time":1589725317091,"pid":31079,"hostname":"localhost.localdomain","msg":"Executed get: SELECT PACKAGE_ID, PATH, CRC FROM PACKAGE WHERE PATH = ?: zcl/hc-devices.xml","v":1}
{"level":30,"time":1589725317091,"pid":31079,"hostname":"localhost.localdomain","msg":"No CRC in the database for file zcl/hc-devices.xml, parsing.","v":1}
{"level":30,"time":1589725317091,"pid":31079,"hostname":"localhost.localdomain","msg":"Executed insert: INSERT INTO PACKAGE ( PATH, CRC ) VALUES (?, ?): zcl/green-power-devices.xml,1893086333 => rowid: 5","v":1}
{"level":30,"time":1589725317097,"pid":31079,"hostname":"localhost.localdomain","msg":"zcl/green-power-devices.xml, 5: 8 deviceTypes.","v":1}
{"level":30,"time":1589725317097,"pid":31079,"hostname":"localhost.localdomain","msg":"Preparing statement: INSERT INTO DEVICE_TYPE (PACKAGE_REF, CODE, PROFILE_ID, NAME, DESCRIPTION) VALUES (?, ?, ?, ?, ?) to insert 8 records.","v":1}
{"level":30,"time":1589725317097,"pid":31079,"hostname":"localhost.localdomain","msg":"Executed insert: INSERT INTO PACKAGE ( PATH, CRC ) VALUES (?, ?): zcl/sample-extensions.xml,525292271 => rowid: 6","v":1}
{"level":30,"time":1589725317103,"pid":31079,"hostname":"localhost.localdomain","msg":"zcl/sample-extensions.xml, 6: 2 clusters.","v":1}
{"level":30,"time":1589725317103,"pid":31079,"hostname":"localhost.localdomain","msg":"Preparing statement: INSERT INTO CLUSTER (PACKAGE_REF, CODE, NAME, DESCRIPTION, DEFINE) VALUES (?, ?, ?, ?, ?) to insert 2 records.","v":1}
{"level":30,"time":1589725317103,"pid":31079,"hostname":"localhost.localdomain","msg":"zcl/sample-extensions.xml, 6: 1 domains.","v":1}
{"level":30,"time":1589725317103,"pid":31079,"hostname":"localhost.localdomain","msg":"Preparing statement: INSERT INTO DOMAIN (PACKAGE_REF, NAME) VALUES (?, ?) to insert 1 records.","v":1}
{"level":30,"time":1589725317104,"pid":31079,"hostname":"localhost.localdomain","msg":"Executed get: SELECT PACKAGE_ID, PATH, CRC FROM PACKAGE WHERE PATH = ?: zcl/ami-devices.xml","v":1}
{"level":30,"time":1589725317104,"pid":31079,"hostname":"localhost.localdomain","msg":"No CRC in the database for file zcl/ami-devices.xml, parsing.","v":1}
{"level":30,"time":1589725317104,"pid":31079,"hostname":"localhost.localdomain","msg":"Executed insert: INSERT INTO PACKAGE ( PATH, CRC ) VALUES (?, ?): zcl/zll.xml,1244643963 => rowid: 7","v":1}
{"level":30,"time":1589725317122,"pid":31073,"hostname":"localhost.localdomain","msg":"Executed insert: INSERT OR REPLACE INTO SETTING ( CATEGORY, KEY, VALUE ) VALUES ( 'APP', 'VERSION', ?): 0.99.1 => rowid: 1","v":1}
{"level":30,"time":1589725317123,"pid":31073,"hostname":"localhost.localdomain","msg":"DB initialized.","v":1}
{"level":30,"time":1589725317128,"pid":31079,"hostname":"localhost.localdomain","msg":"zcl/zll.xml, 7: 7 bitmaps.","v":1}
{"level":30,"time":1589725317129,"pid":31079,"hostname":"localhost.localdomain","msg":"Preparing statement: INSERT INTO BITMAP (PACKAGE_REF, NAME, TYPE) VALUES (?, ?, ?) to insert 7 records.","v":1}
{"level":30,"time":1589725317129,"pid":31079,"hostname":"localhost.localdomain","msg":"zcl/zll.xml, 7: 1 clusters.","v":1}
{"level":30,"time":1589725317129,"pid":31079,"hostname":"localhost.localdomain","msg":"Preparing statement: INSERT INTO CLUSTER (PACKAGE_REF, CODE, NAME, DESCRIPTION, DEFINE) VALUES (?, ?, ?, ?, ?) to insert 1 records.","v":1}
{"level":30,"time":1589725317129,"pid":31079,"hostname":"localhost.localdomain","msg":"zcl/zll.xml, 7: 1 domains.","v":1}
{"level":30,"time":1589725317129,"pid":31079,"hostname":"localhost.localdomain","msg":"Preparing statement: INSERT INTO DOMAIN (PACKAGE_REF, NAME) VALUES (?, ?) to insert 1 records.","v":1}
{"level":30,"time":1589725317129,"pid":31079,"hostname":"localhost.localdomain","msg":"zcl/zll.xml, 7: 12 enums.","v":1}
{"level":30,"time":1589725317129,"pid":31079,"hostname":"localhost.localdomain","msg":"Preparing statement: INSERT INTO ENUM (PACKAGE_REF, NAME, TYPE) VALUES (?, ?, ?) to insert 12 records.","v":1}
{"level":30,"time":1589725317130,"pid":31079,"hostname":"localhost.localdomain","msg":"zcl/zll.xml, 7: 3 structs.","v":1}
{"level":30,"time":1589725317130,"pid":31086,"hostname":"localhost.localdomain","msg":"zcl/zll.xml, 7: 5 cluster extensions.","v":1}
{"level":30,"time":1589725317130,"pid":31079,"hostname":"localhost.localdomain","msg":"Preparing statement: INSERT INTO STRUCT (PACKAGE_REF, NAME) VALUES (?, ?) to insert 3 records.","v":1}
{"level":30,"time":1589725317130,"pid":31079,"hostname":"localhost.localdomain","msg":"Executed insert: INSERT INTO PACKAGE ( PATH, CRC ) VALUES (?, ?): zcl/ta-devices.xml,2709490609 => rowid: 8","v":1}
{"level":30,"time":1589725317130,"pid":31086,"hostname":"localhost.localdomain","msg":"Preparing statement: SELECT CLUSTER_ID FROM CLUSTER WHERE CODE = ? to select 5 rows.","v":1}
{"level":30,"time":1589725317130,"pid":31086,"hostname":"localhost.localdomain","msg":"zcl/sample-extensions.xml, 6: 1 cluster extensions.","v":1}
{"level":30,"time":1589725317130,"pid":31086,"hostname":"localhost.localdomain","msg":"Preparing statement: SELECT CLUSTER_ID FROM CLUSTER WHERE CODE = ? to select 1 rows.","v":1}
{"level":30,"time":1589725317134,"pid":31073,"hostname":"localhost.localdomain","msg":"Executed insert: INSERT INTO PACKAGE ( PATH, CRC ) VALUES (?, ?): /some/random/path,42 => rowid: 1","v":1}
{"level":30,"time":1589725317134,"pid":31073,"hostname":"localhost.localdomain","msg":"Executed get: SELECT CRC FROM PACKAGE WHERE PATH = ?: /some/random/path","v":1}
{"level":30,"time":1589725317138,"pid":31086,"hostname":"localhost.localdomain","msg":"Preparing statement: INSERT INTO COMMAND (CLUSTER_REF, CODE, NAME, DESCRIPTION, SOURCE, IS_OPTIONAL) VALUES (?,?,?,?,?,?) to insert 5 records.","v":1}
{"level":30,"time":1589725317138,"pid":31086,"hostname":"localhost.localdomain","msg":"Preparing statement: INSERT INTO ATTRIBUTE (CLUSTER_REF, CODE, NAME, TYPE, SIDE, DEFINE, MIN, MAX, IS_WRITABLE, DEFAULT_VALUE, IS_OPTIONAL, IS_REPORTABLE) VALUES (?,?,?,?,?,?,?,?,?,?,?,?) to insert 4 records.","v":1}
{"level":30,"time":1589725317139,"pid":31086,"hostname":"localhost.localdomain","msg":"Preparing statement: INSERT INTO COMMAND (CLUSTER_REF, CODE, NAME, DESCRIPTION, SOURCE, IS_OPTIONAL) VALUES (?,?,?,?,?,?) to insert 18 records.","v":1}
{"level":30,"time":1589725317139,"pid":31086,"hostname":"localhost.localdomain","msg":"Preparing statement: INSERT INTO ATTRIBUTE (CLUSTER_REF, CODE, NAME, TYPE, SIDE, DEFINE, MIN, MAX, IS_WRITABLE, DEFAULT_VALUE, IS_OPTIONAL, IS_REPORTABLE) VALUES (?,?,?,?,?,?,?,?,?,?,?,?) to insert 14 records.","v":1}
{"level":30,"time":1589725317139,"pid":31086,"hostname":"localhost.localdomain","msg":"Preparing statement: INSERT INTO COMMAND_ARG (COMMAND_REF, NAME, TYPE, IS_ARRAY) VALUES (?,?,?,?) to insert 0 records.","v":1}
{"level":30,"time":1589725317140,"pid":31086,"hostname":"localhost.localdomain","msg":"Preparing statement: INSERT INTO COMMAND_ARG (COMMAND_REF, NAME, TYPE, IS_ARRAY) VALUES (?,?,?,?) to insert 62 records.","v":1}
{"level":30,"time":1589725317142,"pid":31073,"hostname":"localhost.localdomain","msg":"Executed insert: INSERT OR REPLACE INTO FILE_LOCATION (CATEGORY, FILE_PATH, ACCESS_TIME) VALUES (?,?,?): cat,/random/file/path,1589725317137 => rowid: 1","v":1}
{"level":30,"time":1589725317143,"pid":31073,"hostname":"localhost.localdomain","msg":"Executed get: SELECT FILE_PATH FROM FILE_LOCATION WHERE CATEGORY = ?: cat","v":1}
{"level":30,"time":1589725317154,"pid":31073,"hostname":"localhost.localdomain","msg":"Executed insert: INSERT OR REPLACE INTO FILE_LOCATION (CATEGORY, FILE_PATH, ACCESS_TIME) VALUES (?,?,?): cat,/random/file/second/path,1589725317144 => rowid: 2","v":1}
{"level":30,"time":1589725317154,"pid":31073,"hostname":"localhost.localdomain","msg":"Executed get: SELECT FILE_PATH FROM FILE_LOCATION WHERE CATEGORY = ?: cat","v":1}
{"level":30,"time":1589725317158,"pid":31079,"hostname":"localhost.localdomain","msg":"zcl/ta-devices.xml, 8: 22 deviceTypes.","v":1}
{"level":30,"time":1589725317158,"pid":31079,"hostname":"localhost.localdomain","msg":"Preparing statement: INSERT INTO DEVICE_TYPE (PACKAGE_REF, CODE, PROFILE_ID, NAME, DESCRIPTION) VALUES (?, ?, ?, ?, ?) to insert 22 records.","v":1}
{"level":30,"time":1589725317158,"pid":31079,"hostname":"localhost.localdomain","msg":"Executed get: SELECT PACKAGE_ID, PATH, CRC FROM PACKAGE WHERE PATH = ?: zcl/green-power.xml","v":1}
{"level":30,"time":1589725317158,"pid":31079,"hostname":"localhost.localdomain","msg":"No CRC in the database for file zcl/green-power.xml, parsing.","v":1}
{"level":30,"time":1589725317158,"pid":31079,"hostname":"localhost.localdomain","msg":"Executed insert: INSERT INTO PACKAGE ( PATH, CRC ) VALUES (?, ?): zcl/types.xml,3690055009 => rowid: 9","v":1}
{"level":30,"time":1589725317160,"pid":31073,"hostname":"localhost.localdomain","msg":"Executed insert: REPLACE INTO PACKAGE (PATH, CRC) VALUES (?,?): thePath,12 => rowid: 2","v":1}
{"level":30,"time":1589725317161,"pid":31073,"hostname":"localhost.localdomain","msg":"Executed get: SELECT CRC FROM PACKAGE WHERE PATH = ?: thePath","v":1}
{"level":30,"time":1589725317167,"pid":31073,"hostname":"localhost.localdomain","msg":"Executed insert: REPLACE INTO PACKAGE (PATH, CRC) VALUES (?,?): thePath,13 => rowid: 3","v":1}
{"level":30,"time":1589725317168,"pid":31073,"hostname":"localhost.localdomain","msg":"Executed get: SELECT CRC FROM PACKAGE WHERE PATH = ?: thePath","v":1}
{"level":30,"time":1589725317170,"pid":31079,"hostname":"localhost.localdomain","msg":"zcl/types.xml, 9: 33 bitmaps.","v":1}
{"level":30,"time":1589725317170,"pid":31079,"hostname":"localhost.localdomain","msg":"Preparing statement: INSERT INTO BITMAP (PACKAGE_REF, NAME, TYPE) VALUES (?, ?, ?) to insert 33 records.","v":1}
{"level":30,"time":1589725317170,"pid":31079,"hostname":"localhost.localdomain","msg":"zcl/types.xml, 9: 91 enums.","v":1}
{"level":30,"time":1589725317171,"pid":31079,"hostname":"localhost.localdomain","msg":"Preparing statement: INSERT INTO ENUM (PACKAGE_REF, NAME, TYPE) VALUES (?, ?, ?) to insert 91 records.","v":1}
{"level":30,"time":1589725317171,"pid":31079,"hostname":"localhost.localdomain","msg":"zcl/types.xml, 9: 25 structs.","v":1}
{"level":30,"time":1589725317171,"pid":31079,"hostname":"localhost.localdomain","msg":"Preparing statement: INSERT INTO STRUCT (PACKAGE_REF, NAME) VALUES (?, ?) to insert 25 records.","v":1}
{"level":30,"time":1589725317171,"pid":31079,"hostname":"localhost.localdomain","msg":"Executed get: SELECT PACKAGE_ID, PATH, CRC FROM PACKAGE WHERE PATH = ?: zcl/general.xml","v":1}
{"level":30,"time":1589725317171,"pid":31079,"hostname":"localhost.localdomain","msg":"No CRC in the database for file zcl/general.xml, parsing.","v":1}
{"level":30,"time":1589725317171,"pid":31079,"hostname":"localhost.localdomain","msg":"Executed get: SELECT PACKAGE_ID, PATH, CRC FROM PACKAGE WHERE PATH = ?: zcl/ha-devices.xml","v":1}
{"level":30,"time":1589725317171,"pid":31079,"hostname":"localhost.localdomain","msg":"No CRC in the database for file zcl/ha-devices.xml, parsing.","v":1}
{"level":30,"time":1589725317172,"pid":31079,"hostname":"localhost.localdomain","msg":"Executed insert: INSERT INTO PACKAGE ( PATH, CRC ) VALUES (?, ?): zcl/ta.xml,3160564890 => rowid: 10","v":1}
{"level":30,"time":1589725317174,"pid":31073,"hostname":"localhost.localdomain","msg":"Executed insert: INSERT INTO PACKAGE ( PATH, CRC ) VALUES (?, ?): test,1 => rowid: 4","v":1}
{"level":30,"time":1589725317174,"pid":31073,"hostname":"localhost.localdomain","msg":"Preparing statement: INSERT INTO CLUSTER (PACKAGE_REF, CODE, NAME, DESCRIPTION, DEFINE) VALUES (?, ?, ?, ?, ?) to insert 1 records.","v":1}
{"level":30,"time":1589725317179,"pid":31086,"hostname":"localhost.localdomain","msg":"Executed update: UPDATE DEVICE_TYPE_CLUSTER SET CLUSTER_REF = (SELECT CLUSTER.CLUSTER_ID FROM CLUSTER WHERE lower(CLUSTER.NAME) = lower(DEVICE_TYPE_CLUSTER.CLUSTER_NAME)): ","v":1}
{"level":30,"time":1589725317180,"pid":31073,"hostname":"localhost.localdomain","msg":"Preparing statement: INSERT INTO COMMAND (CLUSTER_REF, CODE, NAME, DESCRIPTION, SOURCE, IS_OPTIONAL) VALUES (?,?,?,?,?,?) to insert 0 records.","v":1}
{"level":30,"time":1589725317180,"pid":31073,"hostname":"localhost.localdomain","msg":"Preparing statement: INSERT INTO ATTRIBUTE (CLUSTER_REF, CODE, NAME, TYPE, SIDE, DEFINE, MIN, MAX, IS_WRITABLE, DEFAULT_VALUE, IS_OPTIONAL, IS_REPORTABLE) VALUES (?,?,?,?,?,?,?,?,?,?,?,?) to insert 0 records.","v":1}
{"level":30,"time":1589725317180,"pid":31073,"hostname":"localhost.localdomain","msg":"Preparing statement: INSERT INTO COMMAND_ARG (COMMAND_REF, NAME, TYPE, IS_ARRAY) VALUES (?,?,?,?) to insert 0 records.","v":1}
{"level":30,"time":1589725317181,"pid":31079,"hostname":"localhost.localdomain","msg":"zcl/ta.xml, 10: 10 clusters.","v":1}
{"level":30,"time":1589725317181,"pid":31073,"hostname":"localhost.localdomain","msg":"Executed all: SELECT CLUSTER_ID, CODE, MANUFACTURER_CODE, NAME, DESCRIPTION, DEFINE FROM CLUSTER ORDER BY CODE: ","v":1}
{"level":30,"time":1589725317181,"pid":31079,"hostname":"localhost.localdomain","msg":"Preparing statement: INSERT INTO CLUSTER (PACKAGE_REF, CODE, NAME, DESCRIPTION, DEFINE) VALUES (?, ?, ?, ?, ?) to insert 10 records.","v":1}
{"level":30,"time":1589725317181,"pid":31079,"hostname":"localhost.localdomain","msg":"zcl/ta.xml, 10: 4 domains.","v":1}
{"level":30,"time":1589725317181,"pid":31079,"hostname":"localhost.localdomain","msg":"Preparing statement: INSERT INTO DOMAIN (PACKAGE_REF, NAME) VALUES (?, ?) to insert 4 records.","v":1}
{"level":30,"time":1589725317182,"pid":31079,"hostname":"localhost.localdomain","msg":"Executed get: SELECT PACKAGE_ID, PATH, CRC FROM PACKAGE WHERE PATH = ?: zcl/zll-devices.xml","v":1}
{"level":30,"time":1589725317182,"pid":31079,"hostname":"localhost.localdomain","msg":"No CRC in the database for file zcl/zll-devices.xml, parsing.","v":1}
{"level":30,"time":1589725317182,"pid":31073,"hostname":"localhost.localdomain","msg":"Executed get: SELECT CLUSTER_ID, CODE, MANUFACTURER_CODE, NAME, DESCRIPTION FROM CLUSTER WHERE CLUSTER_ID = ?: 1","v":1}
{"level":30,"time":1589725317182,"pid":31079,"hostname":"localhost.localdomain","msg":"Executed insert: INSERT INTO PACKAGE ( PATH, CRC ) VALUES (?, ?): zcl/hc-devices.xml,2294326022 => rowid: 11","v":1}
{"level":30,"time":1589725317183,"pid":31073,"hostname":"localhost.localdomain","msg":"Loading zcl file: ./zcl/zcl-studio.properties","v":1}
{"level":30,"time":1589725317183,"pid":31073,"hostname":"localhost.localdomain","msg":"Executed all: SELECT ATTRIBUTE_ID, CLUSTER_REF, CODE, MANUFACTURER_CODE, NAME, TYPE, SIDE, DEFINE, MIN, MAX, IS_WRITABLE, DEFAULT_VALUE, IS_OPTIONAL, IS_REPORTABLE FROM ATTRIBUTE WHERE CLUSTER_REF = ? ORDER BY CODE: 1","v":1}
{"level":30,"time":1589725317183,"pid":31073,"hostname":"localhost.localdomain","msg":"Executed BEGIN TRANSACTION","v":1}
{"level":30,"time":1589725317183,"pid":31073,"hostname":"localhost.localdomain","msg":"Collecting ZCL files from: ./zcl/zcl-studio.properties","v":1}
{"level":30,"time":1589725317184,"pid":31073,"hostname":"localhost.localdomain","msg":"Executed all: SELECT COMMAND_ID, CLUSTER_REF, CODE, MANUFACTURER_CODE, NAME, DESCRIPTION, SOURCE, IS_OPTIONAL FROM COMMAND WHERE CLUSTER_REF = ? ORDER BY CODE: 1","v":1}
{"level":30,"time":1589725317185,"pid":31073,"hostname":"localhost.localdomain","msg":"Parsed the file...","v":1}
{"level":30,"time":1589725317185,"pid":31073,"hostname":"localhost.localdomain","msg":"Resolving: zcl/types.xml,zcl/general.xml,zcl/ha.xml,zcl/ha-devices.xml,zcl/cba.xml,zcl/cba-devices.xml,zcl/ota.xml,zcl/ami.xml,zcl/ami-devices.xml,zcl/zll.xml,zcl/zll-devices.xml,zcl/ta.xml,zcl/ta-devices.xml,zcl/hc.xml,zcl/hc-devices.xml,zcl/green-power.xml,zcl/green-power-devices.xml,zcl/sample-extensions.xml","v":1}
{"level":30,"time":1589725317185,"pid":31073,"hostname":"localhost.localdomain","msg":"Starting to parse ZCL files: zcl/types.xml,zcl/general.xml,zcl/ha.xml,zcl/ha-devices.xml,zcl/cba.xml,zcl/cba-devices.xml,zcl/ota.xml,zcl/ami.xml,zcl/ami-devices.xml,zcl/zll.xml,zcl/zll-devices.xml,zcl/ta.xml,zcl/ta-devices.xml,zcl/hc.xml,zcl/hc-devices.xml,zcl/green-power.xml,zcl/green-power-devices.xml,zcl/sample-extensions.xml","v":1}
{"level":30,"time":1589725317185,"pid":31073,"hostname":"localhost.localdomain","msg":"Reading individual file: zcl/types.xml","v":1}
{"level":30,"time":1589725317185,"pid":31073,"hostname":"localhost.localdomain","msg":"Reading individual file: zcl/general.xml","v":1}
{"level":30,"time":1589725317185,"pid":31073,"hostname":"localhost.localdomain","msg":"Reading individual file: zcl/ha.xml","v":1}
{"level":30,"time":1589725317185,"pid":31073,"hostname":"localhost.localdomain","msg":"Reading individual file: zcl/ha-devices.xml","v":1}
{"level":30,"time":1589725317185,"pid":31073,"hostname":"localhost.localdomain","msg":"Reading individual file: zcl/cba.xml","v":1}
{"level":30,"time":1589725317185,"pid":31073,"hostname":"localhost.localdomain","msg":"Reading individual file: zcl/cba-devices.xml","v":1}
{"level":30,"time":1589725317185,"pid":31073,"hostname":"localhost.localdomain","msg":"Reading individual file: zcl/ota.xml","v":1}
{"level":30,"time":1589725317185,"pid":31073,"hostname":"localhost.localdomain","msg":"Reading individual file: zcl/ami.xml","v":1}
{"level":30,"time":1589725317185,"pid":31073,"hostname":"localhost.localdomain","msg":"Reading individual file: zcl/ami-devices.xml","v":1}
{"level":30,"time":1589725317185,"pid":31073,"hostname":"localhost.localdomain","msg":"Reading individual file: zcl/zll.xml","v":1}
{"level":30,"time":1589725317186,"pid":31073,"hostname":"localhost.localdomain","msg":"Reading individual file: zcl/zll-devices.xml","v":1}
{"level":30,"time":1589725317186,"pid":31073,"hostname":"localhost.localdomain","msg":"Reading individual file: zcl/ta.xml","v":1}
{"level":30,"time":1589725317186,"pid":31073,"hostname":"localhost.localdomain","msg":"Reading individual file: zcl/ta-devices.xml","v":1}
{"level":30,"time":1589725317186,"pid":31073,"hostname":"localhost.localdomain","msg":"Reading individual file: zcl/hc.xml","v":1}
{"level":30,"time":1589725317186,"pid":31073,"hostname":"localhost.localdomain","msg":"Reading individual file: zcl/hc-devices.xml","v":1}
{"level":30,"time":1589725317186,"pid":31073,"hostname":"localhost.localdomain","msg":"Reading individual file: zcl/green-power.xml","v":1}
{"level":30,"time":1589725317186,"pid":31073,"hostname":"localhost.localdomain","msg":"Reading individual file: zcl/green-power-devices.xml","v":1}
{"level":30,"time":1589725317186,"pid":31073,"hostname":"localhost.localdomain","msg":"Reading individual file: zcl/sample-extensions.xml","v":1}
{"level":30,"time":1589725317188,"pid":31073,"hostname":"localhost.localdomain","msg":"For file: zcl/cba.xml, got CRC: 3190349486","v":1}
{"level":30,"time":1589725317189,"pid":31073,"hostname":"localhost.localdomain","msg":"For file: zcl/cba-devices.xml, got CRC: 3537332463","v":1}
{"level":30,"time":1589725317191,"pid":31079,"hostname":"localhost.localdomain","msg":"zcl/hc-devices.xml, 11: 31 deviceTypes.","v":1}
{"level":30,"time":1589725317191,"pid":31073,"hostname":"localhost.localdomain","msg":"For file: zcl/ota.xml, got CRC: 2300121650","v":1}
{"level":30,"time":1589725317192,"pid":31079,"hostname":"localhost.localdomain","msg":"Preparing statement: INSERT INTO DEVICE_TYPE (PACKAGE_REF, CODE, PROFILE_ID, NAME, DESCRIPTION) VALUES (?, ?, ?, ?, ?) to insert 31 records.","v":1}
{"level":30,"time":1589725317192,"pid":31073,"hostname":"localhost.localdomain","msg":"For file: zcl/hc.xml, got CRC: 2870341925","v":1}
{"level":30,"time":1589725317192,"pid":31073,"hostname":"localhost.localdomain","msg":"For file: zcl/green-power-devices.xml, got CRC: 1893086333","v":1}
{"level":30,"time":1589725317192,"pid":31073,"hostname":"localhost.localdomain","msg":"For file: zcl/sample-extensions.xml, got CRC: 525292271","v":1}
{"level":30,"time":1589725317193,"pid":31079,"hostname":"localhost.localdomain","msg":"Preparing statement: INSERT INTO COMMAND (CLUSTER_REF, CODE, NAME, DESCRIPTION, SOURCE, IS_OPTIONAL) VALUES (?,?,?,?,?,?) to insert 10 records.","v":1}
{"level":30,"time":1589725317193,"pid":31079,"hostname":"localhost.localdomain","msg":"Preparing statement: INSERT INTO ATTRIBUTE (CLUSTER_REF, CODE, NAME, TYPE, SIDE, DEFINE, MIN, MAX, IS_WRITABLE, DEFAULT_VALUE, IS_OPTIONAL, IS_REPORTABLE) VALUES (?,?,?,?,?,?,?,?,?,?,?,?) to insert 13 records.","v":1}
{"level":30,"time":1589725317193,"pid":31073,"hostname":"localhost.localdomain","msg":"For file: zcl/zll.xml, got CRC: 1244643963","v":1}
{"level":30,"time":1589725317193,"pid":31079,"hostname":"localhost.localdomain","msg":"Executed insert: INSERT INTO PACKAGE ( PATH, CRC ) VALUES (?, ?): zcl/ami-devices.xml,3070148310 => rowid: 12","v":1}
{"level":30,"time":1589725317193,"pid":31073,"hostname":"localhost.localdomain","msg":"For file: zcl/ta-devices.xml, got CRC: 2709490609","v":1}
{"level":30,"time":1589725317194,"pid":31073,"hostname":"localhost.localdomain","msg":"For file: zcl/types.xml, got CRC: 3690055009","v":1}
{"level":30,"time":1589725317195,"pid":31073,"hostname":"localhost.localdomain","msg":"Executed get: SELECT PACKAGE_ID, PATH, CRC FROM PACKAGE WHERE PATH = ?: zcl/cba.xml","v":1}
{"level":30,"time":1589725317195,"pid":31073,"hostname":"localhost.localdomain","msg":"No CRC in the database for file zcl/cba.xml, parsing.","v":1}
{"level":30,"time":1589725317195,"pid":31073,"hostname":"localhost.localdomain","msg":"Executed get: SELECT PACKAGE_ID, PATH, CRC FROM PACKAGE WHERE PATH = ?: zcl/cba-devices.xml","v":1}
{"level":30,"time":1589725317195,"pid":31073,"hostname":"localhost.localdomain","msg":"No CRC in the database for file zcl/cba-devices.xml, parsing.","v":1}
{"level":30,"time":1589725317195,"pid":31073,"hostname":"localhost.localdomain","msg":"Executed get: SELECT PACKAGE_ID, PATH, CRC FROM PACKAGE WHERE PATH = ?: zcl/ota.xml","v":1}
{"level":30,"time":1589725317195,"pid":31073,"hostname":"localhost.localdomain","msg":"No CRC in the database for file zcl/ota.xml, parsing.","v":1}
{"level":30,"time":1589725317196,"pid":31073,"hostname":"localhost.localdomain","msg":"For file: zcl/ta.xml, got CRC: 3160564890","v":1}
{"level":30,"time":1589725317196,"pid":31073,"hostname":"localhost.localdomain","msg":"Executed get: SELECT PACKAGE_ID, PATH, CRC FROM PACKAGE WHERE PATH = ?: zcl/hc.xml","v":1}
{"level":30,"time":1589725317196,"pid":31073,"hostname":"localhost.localdomain","msg":"No CRC in the database for file zcl/hc.xml, parsing.","v":1}
{"level":30,"time":1589725317197,"pid":31073,"hostname":"localhost.localdomain","msg":"For file: zcl/hc-devices.xml, got CRC: 2294326022","v":1}
{"level":30,"time":1589725317197,"pid":31073,"hostname":"localhost.localdomain","msg":"Executed get: SELECT PACKAGE_ID, PATH, CRC FROM PACKAGE WHERE PATH = ?: zcl/green-power-devices.xml","v":1}
{"level":30,"time":1589725317197,"pid":31073,"hostname":"localhost.localdomain","msg":"No CRC in the database for file zcl/green-power-devices.xml, parsing.","v":1}
{"level":30,"time":1589725317198,"pid":31073,"hostname":"localhost.localdomain","msg":"Executed get: SELECT PACKAGE_ID, PATH, CRC FROM PACKAGE WHERE PATH = ?: zcl/sample-extensions.xml","v":1}
{"level":30,"time":1589725317198,"pid":31073,"hostname":"localhost.localdomain","msg":"No CRC in the database for file zcl/sample-extensions.xml, parsing.","v":1}
{"level":30,"time":1589725317199,"pid":31073,"hostname":"localhost.localdomain","msg":"For file: zcl/ami-devices.xml, got CRC: 3070148310","v":1}
{"level":30,"time":1589725317200,"pid":31073,"hostname":"localhost.localdomain","msg":"Executed get: SELECT PACKAGE_ID, PATH, CRC FROM PACKAGE WHERE PATH = ?: zcl/zll.xml","v":1}
{"level":30,"time":1589725317200,"pid":31073,"hostname":"localhost.localdomain","msg":"No CRC in the database for file zcl/zll.xml, parsing.","v":1}
{"level":30,"time":1589725317200,"pid":31073,"hostname":"localhost.localdomain","msg":"Executed get: SELECT PACKAGE_ID, PATH, CRC FROM PACKAGE WHERE PATH = ?: zcl/ta-devices.xml","v":1}
{"level":30,"time":1589725317200,"pid":31073,"hostname":"localhost.localdomain","msg":"No CRC in the database for file zcl/ta-devices.xml, parsing.","v":1}
{"level":30,"time":1589725317201,"pid":31073,"hostname":"localhost.localdomain","msg":"For file: zcl/green-power.xml, got CRC: 4035045591","v":1}
{"level":30,"time":1589725317201,"pid":31073,"hostname":"localhost.localdomain","msg":"Executed get: SELECT PACKAGE_ID, PATH, CRC FROM PACKAGE WHERE PATH = ?: zcl/types.xml","v":1}
{"level":30,"time":1589725317201,"pid":31073,"hostname":"localhost.localdomain","msg":"No CRC in the database for file zcl/types.xml, parsing.","v":1}
{"level":30,"time":1589725317203,"pid":31073,"hostname":"localhost.localdomain","msg":"For file: zcl/general.xml, got CRC: 205061591","v":1}
{"level":30,"time":1589725317204,"pid":31073,"hostname":"localhost.localdomain","msg":"For file: zcl/ha-devices.xml, got CRC: 1343128633","v":1}
{"level":30,"time":1589725317204,"pid":31073,"hostname":"localhost.localdomain","msg":"Executed insert: INSERT INTO PACKAGE ( PATH, CRC ) VALUES (?, ?): zcl/cba.xml,3190349486 => rowid: 5","v":1}
{"level":30,"time":1589725317211,"pid":31079,"hostname":"localhost.localdomain","msg":"zcl/ami-devices.xml, 12: 31 deviceTypes.","v":1}
{"level":30,"time":1589725317216,"pid":31073,"hostname":"localhost.localdomain","msg":"zcl/cba.xml, 5: 2 clusters.","v":1}
{"level":30,"time":1589725317216,"pid":31073,"hostname":"localhost.localdomain","msg":"Preparing statement: INSERT INTO CLUSTER (PACKAGE_REF, CODE, NAME, DESCRIPTION, DEFINE) VALUES (?, ?, ?, ?, ?) to insert 2 records.","v":1}
{"level":30,"time":1589725317216,"pid":31073,"hostname":"localhost.localdomain","msg":"zcl/cba.xml, 5: 1 domains.","v":1}
{"level":30,"time":1589725317216,"pid":31073,"hostname":"localhost.localdomain","msg":"Preparing statement: INSERT INTO DOMAIN (PACKAGE_REF, NAME) VALUES (?, ?) to insert 1 records.","v":1}
{"level":30,"time":1589725317217,"pid":31073,"hostname":"localhost.localdomain","msg":"Executed insert: INSERT INTO PACKAGE ( PATH, CRC ) VALUES (?, ?): zcl/cba-devices.xml,3537332463 => rowid: 6","v":1}
{"level":30,"time":1589725317217,"pid":31079,"hostname":"localhost.localdomain","msg":"Preparing statement: INSERT INTO DEVICE_TYPE (PACKAGE_REF, CODE, PROFILE_ID, NAME, DESCRIPTION) VALUES (?, ?, ?, ?, ?) to insert 31 records.","v":1}
{"level":30,"time":1589725317218,"pid":31079,"hostname":"localhost.localdomain","msg":"Preparing statement: INSERT INTO COMMAND (CLUSTER_REF, CODE, NAME, DESCRIPTION, SOURCE, IS_OPTIONAL) VALUES (?,?,?,?,?,?) to insert 4 records.","v":1}
{"level":30,"time":1589725317218,"pid":31079,"hostname":"localhost.localdomain","msg":"Preparing statement: INSERT INTO ATTRIBUTE (CLUSTER_REF, CODE, NAME, TYPE, SIDE, DEFINE, MIN, MAX, IS_WRITABLE, DEFAULT_VALUE, IS_OPTIONAL, IS_REPORTABLE) VALUES (?,?,?,?,?,?,?,?,?,?,?,?) to insert 6 records.","v":1}
{"level":30,"time":1589725317218,"pid":31079,"hostname":"localhost.localdomain","msg":"Executed insert: INSERT INTO PACKAGE ( PATH, CRC ) VALUES (?, ?): zcl/green-power.xml,4035045591 => rowid: 13","v":1}
{"level":30,"time":1589725317234,"pid":31073,"hostname":"localhost.localdomain","msg":"zcl/cba-devices.xml, 6: 6 deviceTypes.","v":1}
{"level":30,"time":1589725317235,"pid":31073,"hostname":"localhost.localdomain","msg":"Preparing statement: INSERT INTO DEVICE_TYPE (PACKAGE_REF, CODE, PROFILE_ID, NAME, DESCRIPTION) VALUES (?, ?, ?, ?, ?) to insert 6 records.","v":1}
{"level":30,"time":1589725317235,"pid":31073,"hostname":"localhost.localdomain","msg":"Executed insert: INSERT INTO PACKAGE ( PATH, CRC ) VALUES (?, ?): zcl/ota.xml,2300121650 => rowid: 7","v":1}
{"level":30,"time":1589725317245,"pid":31073,"hostname":"localhost.localdomain","msg":"zcl/ota.xml, 7: 1 clusters.","v":1}
{"level":30,"time":1589725317245,"pid":31073,"hostname":"localhost.localdomain","msg":"Preparing statement: INSERT INTO CLUSTER (PACKAGE_REF, CODE, NAME, DESCRIPTION, DEFINE) VALUES (?, ?, ?, ?, ?) to insert 1 records.","v":1}
{"level":30,"time":1589725317245,"pid":31073,"hostname":"localhost.localdomain","msg":"zcl/ota.xml, 7: 1 domains.","v":1}
{"level":30,"time":1589725317245,"pid":31073,"hostname":"localhost.localdomain","msg":"Preparing statement: INSERT INTO DOMAIN (PACKAGE_REF, NAME) VALUES (?, ?) to insert 1 records.","v":1}
{"level":30,"time":1589725317246,"pid":31073,"hostname":"localhost.localdomain","msg":"For file: zcl/zll-devices.xml, got CRC: 3037895041","v":1}
{"level":30,"time":1589725317247,"pid":31073,"hostname":"localhost.localdomain","msg":"Executed get: SELECT PACKAGE_ID, PATH, CRC FROM PACKAGE WHERE PATH = ?: zcl/ta.xml","v":1}
{"level":30,"time":1589725317247,"pid":31073,"hostname":"localhost.localdomain","msg":"No CRC in the database for file zcl/ta.xml, parsing.","v":1}
{"level":30,"time":1589725317247,"pid":31073,"hostname":"localhost.localdomain","msg":"Executed insert: INSERT INTO PACKAGE ( PATH, CRC ) VALUES (?, ?): zcl/hc.xml,2870341925 => rowid: 8","v":1}
{"level":30,"time":1589725317251,"pid":31073,"hostname":"localhost.localdomain","msg":"zcl/hc.xml, 8: 1 clusters.","v":1}
{"level":30,"time":1589725317251,"pid":31073,"hostname":"localhost.localdomain","msg":"Preparing statement: INSERT INTO CLUSTER (PACKAGE_REF, CODE, NAME, DESCRIPTION, DEFINE) VALUES (?, ?, ?, ?, ?) to insert 1 records.","v":1}
{"level":30,"time":1589725317251,"pid":31073,"hostname":"localhost.localdomain","msg":"zcl/hc.xml, 8: 1 domains.","v":1}
{"level":30,"time":1589725317251,"pid":31073,"hostname":"localhost.localdomain","msg":"Preparing statement: INSERT INTO DOMAIN (PACKAGE_REF, NAME) VALUES (?, ?) to insert 1 records.","v":1}
{"level":30,"time":1589725317251,"pid":31073,"hostname":"localhost.localdomain","msg":"zcl/hc.xml, 8: 2 enums.","v":1}
{"level":30,"time":1589725317252,"pid":31073,"hostname":"localhost.localdomain","msg":"Preparing statement: INSERT INTO ENUM (PACKAGE_REF, NAME, TYPE) VALUES (?, ?, ?) to insert 2 records.","v":1}
{"level":30,"time":1589725317252,"pid":31073,"hostname":"localhost.localdomain","msg":"Executed get: SELECT PACKAGE_ID, PATH, CRC FROM PACKAGE WHERE PATH = ?: zcl/hc-devices.xml","v":1}
{"level":30,"time":1589725317252,"pid":31073,"hostname":"localhost.localdomain","msg":"No CRC in the database for file zcl/hc-devices.xml, parsing.","v":1}
{"level":30,"time":1589725317252,"pid":31073,"hostname":"localhost.localdomain","msg":"Executed insert: INSERT INTO PACKAGE ( PATH, CRC ) VALUES (?, ?): zcl/green-power-devices.xml,1893086333 => rowid: 9","v":1}
{"level":30,"time":1589725317257,"pid":31079,"hostname":"localhost.localdomain","msg":"zcl/green-power.xml, 13: 31 bitmaps.","v":1}
{"level":30,"time":1589725317257,"pid":31079,"hostname":"localhost.localdomain","msg":"Preparing statement: INSERT INTO BITMAP (PACKAGE_REF, NAME, TYPE) VALUES (?, ?, ?) to insert 31 records.","v":1}
{"level":30,"time":1589725317257,"pid":31079,"hostname":"localhost.localdomain","msg":"zcl/green-power.xml, 13: 1 clusters.","v":1}
{"level":30,"time":1589725317258,"pid":31079,"hostname":"localhost.localdomain","msg":"Preparing statement: INSERT INTO CLUSTER (PACKAGE_REF, CODE, NAME, DESCRIPTION, DEFINE) VALUES (?, ?, ?, ?, ?) to insert 1 records.","v":1}
{"level":30,"time":1589725317258,"pid":31079,"hostname":"localhost.localdomain","msg":"zcl/green-power.xml, 13: 1 domains.","v":1}
{"level":30,"time":1589725317258,"pid":31079,"hostname":"localhost.localdomain","msg":"Preparing statement: INSERT INTO DOMAIN (PACKAGE_REF, NAME) VALUES (?, ?) to insert 1 records.","v":1}
{"level":30,"time":1589725317257,"pid":31073,"hostname":"localhost.localdomain","msg":"zcl/green-power-devices.xml, 9: 8 deviceTypes.","v":1}
{"level":30,"time":1589725317257,"pid":31073,"hostname":"localhost.localdomain","msg":"Preparing statement: INSERT INTO DEVICE_TYPE (PACKAGE_REF, CODE, PROFILE_ID, NAME, DESCRIPTION) VALUES (?, ?, ?, ?, ?) to insert 8 records.","v":1}
{"level":30,"time":1589725317257,"pid":31073,"hostname":"localhost.localdomain","msg":"Executed insert: INSERT INTO PACKAGE ( PATH, CRC ) VALUES (?, ?): zcl/sample-extensions.xml,525292271 => rowid: 10","v":1}
{"level":30,"time":1589725317264,"pid":31073,"hostname":"localhost.localdomain","msg":"zcl/sample-extensions.xml, 10: 2 clusters.","v":1}
{"level":30,"time":1589725317265,"pid":31073,"hostname":"localhost.localdomain","msg":"Preparing statement: INSERT INTO CLUSTER (PACKAGE_REF, CODE, NAME, DESCRIPTION, DEFINE) VALUES (?, ?, ?, ?, ?) to insert 2 records.","v":1}
{"level":30,"time":1589725317265,"pid":31073,"hostname":"localhost.localdomain","msg":"zcl/sample-extensions.xml, 10: 1 domains.","v":1}
{"level":30,"time":1589725317265,"pid":31073,"hostname":"localhost.localdomain","msg":"Preparing statement: INSERT INTO DOMAIN (PACKAGE_REF, NAME) VALUES (?, ?) to insert 1 records.","v":1}
{"level":30,"time":1589725317265,"pid":31073,"hostname":"localhost.localdomain","msg":"Executed get: SELECT PACKAGE_ID, PATH, CRC FROM PACKAGE WHERE PATH = ?: zcl/ami-devices.xml","v":1}
{"level":30,"time":1589725317265,"pid":31073,"hostname":"localhost.localdomain","msg":"No CRC in the database for file zcl/ami-devices.xml, parsing.","v":1}
{"level":30,"time":1589725317266,"pid":31073,"hostname":"localhost.localdomain","msg":"Executed insert: INSERT INTO PACKAGE ( PATH, CRC ) VALUES (?, ?): zcl/zll.xml,1244643963 => rowid: 11","v":1}
{"level":30,"time":1589725317267,"pid":31079,"hostname":"localhost.localdomain","msg":"zcl/green-power.xml, 13: 13 enums.","v":1}
{"level":30,"time":1589725317267,"pid":31079,"hostname":"localhost.localdomain","msg":"Preparing statement: INSERT INTO ENUM (PACKAGE_REF, NAME, TYPE) VALUES (?, ?, ?) to insert 13 records.","v":1}
{"level":30,"time":1589725317267,"pid":31079,"hostname":"localhost.localdomain","msg":"zcl/green-power.xml, 13: 2 structs.","v":1}
{"level":30,"time":1589725317267,"pid":31079,"hostname":"localhost.localdomain","msg":"Preparing statement: INSERT INTO STRUCT (PACKAGE_REF, NAME) VALUES (?, ?) to insert 2 records.","v":1}
{"level":30,"time":1589725317268,"pid":31079,"hostname":"localhost.localdomain","msg":"Executed insert: INSERT INTO PACKAGE ( PATH, CRC ) VALUES (?, ?): zcl/general.xml,205061591 => rowid: 14","v":1}
{"level":30,"time":1589725317299,"pid":31073,"hostname":"localhost.localdomain","msg":"zcl/zll.xml, 11: 7 bitmaps.","v":1}
{"level":30,"time":1589725317300,"pid":31073,"hostname":"localhost.localdomain","msg":"Preparing statement: INSERT INTO BITMAP (PACKAGE_REF, NAME, TYPE) VALUES (?, ?, ?) to insert 7 records.","v":1}
{"level":30,"time":1589725317300,"pid":31073,"hostname":"localhost.localdomain","msg":"zcl/zll.xml, 11: 1 clusters.","v":1}
{"level":30,"time":1589725317300,"pid":31073,"hostname":"localhost.localdomain","msg":"Preparing statement: INSERT INTO CLUSTER (PACKAGE_REF, CODE, NAME, DESCRIPTION, DEFINE) VALUES (?, ?, ?, ?, ?) to insert 1 records.","v":1}
{"level":30,"time":1589725317300,"pid":31073,"hostname":"localhost.localdomain","msg":"zcl/zll.xml, 11: 1 domains.","v":1}
{"level":30,"time":1589725317300,"pid":31073,"hostname":"localhost.localdomain","msg":"Preparing statement: INSERT INTO DOMAIN (PACKAGE_REF, NAME) VALUES (?, ?) to insert 1 records.","v":1}
{"level":30,"time":1589725317300,"pid":31073,"hostname":"localhost.localdomain","msg":"zcl/zll.xml, 11: 12 enums.","v":1}
{"level":30,"time":1589725317300,"pid":31073,"hostname":"localhost.localdomain","msg":"Preparing statement: INSERT INTO ENUM (PACKAGE_REF, NAME, TYPE) VALUES (?, ?, ?) to insert 12 records.","v":1}
{"level":30,"time":1589725317300,"pid":31073,"hostname":"localhost.localdomain","msg":"zcl/zll.xml, 11: 3 structs.","v":1}
{"level":30,"time":1589725317301,"pid":31073,"hostname":"localhost.localdomain","msg":"Preparing statement: INSERT INTO STRUCT (PACKAGE_REF, NAME) VALUES (?, ?) to insert 3 records.","v":1}
{"level":30,"time":1589725317301,"pid":31073,"hostname":"localhost.localdomain","msg":"Executed insert: INSERT INTO PACKAGE ( PATH, CRC ) VALUES (?, ?): zcl/ta-devices.xml,2709490609 => rowid: 12","v":1}
{"level":30,"time":1589725317303,"pid":31086,"hostname":"localhost.localdomain","msg":"Executed update: UPDATE DEVICE_TYPE_ATTRIBUTE SET ATTRIBUTE_REF = (SELECT ATTRIBUTE.ATTRIBUTE_ID FROM ATTRIBUTE WHERE upper(ATTRIBUTE.DEFINE) = upper(DEVICE_TYPE_ATTRIBUTE.ATTRIBUTE_NAME)): ","v":1}
{"level":30,"time":1589725317332,"pid":31086,"hostname":"localhost.localdomain","msg":"Executed update: UPDATE DEVICE_TYPE_COMMAND SET COMMAND_REF = (SELECT COMMAND.COMMAND_ID FROM COMMAND WHERE upper(COMMAND.NAME) = upper(DEVICE_TYPE_COMMAND.COMMAND_NAME)): ","v":1}
{"level":30,"time":1589725317332,"pid":31086,"hostname":"localhost.localdomain","msg":"Executed COMMIT","v":1}
{"level":30,"time":1589725317333,"pid":31086,"hostname":"localhost.localdomain","msg":"Executed all: SELECT CLUSTER_ID, CODE, MANUFACTURER_CODE, NAME, DESCRIPTION, DEFINE FROM CLUSTER ORDER BY CODE: ","v":1}
{"level":30,"time":1589725317335,"pid":31086,"hostname":"localhost.localdomain","msg":"Executed all: SELECT DOMAIN_ID, NAME FROM DOMAIN ORDER BY NAME: ","v":1}
{"level":30,"time":1589725317337,"pid":31086,"hostname":"localhost.localdomain","msg":"Executed all: SELECT ENUM_ID, NAME, TYPE FROM ENUM ORDER BY NAME: ","v":1}
{"level":30,"time":1589725317337,"pid":31086,"hostname":"localhost.localdomain","msg":"Executed all: SELECT STRUCT_ID, NAME FROM STRUCT ORDER BY NAME: ","v":1}
{"level":30,"time":1589725317338,"pid":31086,"hostname":"localhost.localdomain","msg":"Executed all: SELECT BITMAP_ID, NAME, TYPE FROM BITMAP ORDER BY NAME: ","v":1}
{"level":30,"time":1589725317340,"pid":31086,"hostname":"localhost.localdomain","msg":"Executed all: SELECT DEVICE_TYPE_ID, CODE, PROFILE_ID, NAME, DESCRIPTION FROM DEVICE_TYPE ORDER BY CODE: ","v":1}
{"level":30,"time":1589725317340,"pid":31086,"hostname":"localhost.localdomain","msg":"Executed get: SELECT COUNT(*) FROM COMMAND_ARG: undefined","v":1}
{"level":30,"time":1589725317341,"pid":31086,"hostname":"localhost.localdomain","msg":"Executed get: SELECT COUNT(*) FROM COMMAND: undefined","v":1}
{"level":30,"time":1589725317341,"pid":31086,"hostname":"localhost.localdomain","msg":"Executed get: SELECT COUNT(*) FROM ENUM_ITEM: undefined","v":1}
{"level":30,"time":1589725317341,"pid":31086,"hostname":"localhost.localdomain","msg":"Executed get: SELECT COUNT(*) FROM ATTRIBUTE: undefined","v":1}
{"level":30,"time":1589725317341,"pid":31086,"hostname":"localhost.localdomain","msg":"Executed get: SELECT COUNT(*) FROM BITMAP_FIELD: undefined","v":1}
{"level":30,"time":1589725317342,"pid":31086,"hostname":"localhost.localdomain","msg":"Executed get: SELECT COUNT(*) FROM STRUCT_ITEM: undefined","v":1}
{"level":30,"time":1589725317342,"pid":31086,"hostname":"localhost.localdomain","msg":"Preparing statement: SELECT CLUSTER_ID FROM CLUSTER WHERE CODE = ? to select 2 rows.","v":1}
{"level":30,"time":1589725317375,"pid":31079,"hostname":"localhost.localdomain","msg":"zcl/general.xml, 14: 14 clusters.","v":1}
{"level":30,"time":1589725317376,"pid":31079,"hostname":"localhost.localdomain","msg":"Preparing statement: INSERT INTO CLUSTER (PACKAGE_REF, CODE, NAME, DESCRIPTION, DEFINE) VALUES (?, ?, ?, ?, ?) to insert 14 records.","v":1}
{"level":30,"time":1589725317376,"pid":31079,"hostname":"localhost.localdomain","msg":"zcl/general.xml, 14: 3 domains.","v":1}
{"level":30,"time":1589725317376,"pid":31079,"hostname":"localhost.localdomain","msg":"Preparing statement: INSERT INTO DOMAIN (PACKAGE_REF, NAME) VALUES (?, ?) to insert 3 records.","v":1}
{"level":30,"time":1589725317376,"pid":31079,"hostname":"localhost.localdomain","msg":"zcl/general.xml, 14: 1 globals.","v":1}
{"level":30,"time":1589725317377,"pid":31079,"hostname":"localhost.localdomain","msg":"Insert globals: 1","v":1}
{"level":30,"time":1589725317377,"pid":31079,"hostname":"localhost.localdomain","msg":"Preparing statement: INSERT INTO COMMAND (CLUSTER_REF, CODE, NAME, DESCRIPTION, SOURCE, IS_OPTIONAL) VALUES (?,?,?,?,?,?) to insert 23 records.","v":1}
{"level":30,"time":1589725317377,"pid":31079,"hostname":"localhost.localdomain","msg":"Preparing statement: INSERT INTO ATTRIBUTE (CLUSTER_REF, CODE, NAME, TYPE, SIDE, DEFINE, MIN, MAX, IS_WRITABLE, DEFAULT_VALUE, IS_OPTIONAL, IS_REPORTABLE) VALUES (?,?,?,?,?,?,?,?,?,?,?,?) to insert 4 records.","v":1}
{"level":30,"time":1589725317379,"pid":31079,"hostname":"localhost.localdomain","msg":"Executed insert: INSERT INTO PACKAGE ( PATH, CRC ) VALUES (?, ?): zcl/ha-devices.xml,1343128633 => rowid: 15","v":1}
{"level":30,"time":1589725317390,"pid":31073,"hostname":"localhost.localdomain","msg":"zcl/ta-devices.xml, 12: 22 deviceTypes.","v":1}
{"level":30,"time":1589725317390,"pid":31073,"hostname":"localhost.localdomain","msg":"Preparing statement: INSERT INTO DEVICE_TYPE (PACKAGE_REF, CODE, PROFILE_ID, NAME, DESCRIPTION) VALUES (?, ?, ?, ?, ?) to insert 22 records.","v":1}
{"level":30,"time":1589725317390,"pid":31073,"hostname":"localhost.localdomain","msg":"Executed get: SELECT PACKAGE_ID, PATH, CRC FROM PACKAGE WHERE PATH = ?: zcl/green-power.xml","v":1}
{"level":30,"time":1589725317390,"pid":31073,"hostname":"localhost.localdomain","msg":"No CRC in the database for file zcl/green-power.xml, parsing.","v":1}
{"level":30,"time":1589725317391,"pid":31073,"hostname":"localhost.localdomain","msg":"Executed insert: INSERT INTO PACKAGE ( PATH, CRC ) VALUES (?, ?): zcl/types.xml,3690055009 => rowid: 13","v":1}
{"level":30,"time":1589725317408,"pid":31073,"hostname":"localhost.localdomain","msg":"zcl/types.xml, 13: 33 bitmaps.","v":1}
{"level":30,"time":1589725317408,"pid":31073,"hostname":"localhost.localdomain","msg":"Preparing statement: INSERT INTO BITMAP (PACKAGE_REF, NAME, TYPE) VALUES (?, ?, ?) to insert 33 records.","v":1}
{"level":30,"time":1589725317408,"pid":31073,"hostname":"localhost.localdomain","msg":"zcl/types.xml, 13: 91 enums.","v":1}
{"level":30,"time":1589725317409,"pid":31073,"hostname":"localhost.localdomain","msg":"Preparing statement: INSERT INTO ENUM (PACKAGE_REF, NAME, TYPE) VALUES (?, ?, ?) to insert 91 records.","v":1}
{"level":30,"time":1589725317409,"pid":31073,"hostname":"localhost.localdomain","msg":"zcl/types.xml, 13: 25 structs.","v":1}
{"level":30,"time":1589725317409,"pid":31073,"hostname":"localhost.localdomain","msg":"Preparing statement: INSERT INTO STRUCT (PACKAGE_REF, NAME) VALUES (?, ?) to insert 25 records.","v":1}
{"level":30,"time":1589725317409,"pid":31073,"hostname":"localhost.localdomain","msg":"Executed get: SELECT PACKAGE_ID, PATH, CRC FROM PACKAGE WHERE PATH = ?: zcl/general.xml","v":1}
{"level":30,"time":1589725317409,"pid":31073,"hostname":"localhost.localdomain","msg":"No CRC in the database for file zcl/general.xml, parsing.","v":1}
{"level":30,"time":1589725317413,"pid":31073,"hostname":"localhost.localdomain","msg":"Executed get: SELECT PACKAGE_ID, PATH, CRC FROM PACKAGE WHERE PATH = ?: zcl/ha-devices.xml","v":1}
{"level":30,"time":1589725317413,"pid":31073,"hostname":"localhost.localdomain","msg":"No CRC in the database for file zcl/ha-devices.xml, parsing.","v":1}
{"level":30,"time":1589725317414,"pid":31073,"hostname":"localhost.localdomain","msg":"Executed get: SELECT PACKAGE_ID, PATH, CRC FROM PACKAGE WHERE PATH = ?: zcl/zll-devices.xml","v":1}
{"level":30,"time":1589725317414,"pid":31073,"hostname":"localhost.localdomain","msg":"No CRC in the database for file zcl/zll-devices.xml, parsing.","v":1}
{"level":30,"time":1589725317414,"pid":31073,"hostname":"localhost.localdomain","msg":"Executed insert: INSERT INTO PACKAGE ( PATH, CRC ) VALUES (?, ?): zcl/ta.xml,3160564890 => rowid: 14","v":1}
{"level":30,"time":1589725317435,"pid":31073,"hostname":"localhost.localdomain","msg":"zcl/ta.xml, 14: 10 clusters.","v":1}
{"level":30,"time":1589725317436,"pid":31073,"hostname":"localhost.localdomain","msg":"Preparing statement: INSERT INTO CLUSTER (PACKAGE_REF, CODE, NAME, DESCRIPTION, DEFINE) VALUES (?, ?, ?, ?, ?) to insert 10 records.","v":1}
{"level":30,"time":1589725317436,"pid":31073,"hostname":"localhost.localdomain","msg":"zcl/ta.xml, 14: 4 domains.","v":1}
{"level":30,"time":1589725317436,"pid":31073,"hostname":"localhost.localdomain","msg":"Preparing statement: INSERT INTO DOMAIN (PACKAGE_REF, NAME) VALUES (?, ?) to insert 4 records.","v":1}
{"level":30,"time":1589725317436,"pid":31073,"hostname":"localhost.localdomain","msg":"Executed insert: INSERT INTO PACKAGE ( PATH, CRC ) VALUES (?, ?): zcl/hc-devices.xml,2294326022 => rowid: 15","v":1}
{"level":30,"time":1589725317447,"pid":31073,"hostname":"localhost.localdomain","msg":"zcl/hc-devices.xml, 15: 31 deviceTypes.","v":1}
{"level":30,"time":1589725317448,"pid":31073,"hostname":"localhost.localdomain","msg":"Preparing statement: INSERT INTO DEVICE_TYPE (PACKAGE_REF, CODE, PROFILE_ID, NAME, DESCRIPTION) VALUES (?, ?, ?, ?, ?) to insert 31 records.","v":1}
{"level":30,"time":1589725317449,"pid":31073,"hostname":"localhost.localdomain","msg":"Preparing statement: INSERT INTO COMMAND (CLUSTER_REF, CODE, NAME, DESCRIPTION, SOURCE, IS_OPTIONAL) VALUES (?,?,?,?,?,?) to insert 10 records.","v":1}
{"level":30,"time":1589725317449,"pid":31073,"hostname":"localhost.localdomain","msg":"Preparing statement: INSERT INTO ATTRIBUTE (CLUSTER_REF, CODE, NAME, TYPE, SIDE, DEFINE, MIN, MAX, IS_WRITABLE, DEFAULT_VALUE, IS_OPTIONAL, IS_REPORTABLE) VALUES (?,?,?,?,?,?,?,?,?,?,?,?) to insert 13 records.","v":1}
{"level":30,"time":1589725317449,"pid":31073,"hostname":"localhost.localdomain","msg":"Executed insert: INSERT INTO PACKAGE ( PATH, CRC ) VALUES (?, ?): zcl/ami-devices.xml,3070148310 => rowid: 16","v":1}
{"level":30,"time":1589725317467,"pid":31073,"hostname":"localhost.localdomain","msg":"zcl/ami-devices.xml, 16: 31 deviceTypes.","v":1}
{"level":30,"time":1589725317468,"pid":31073,"hostname":"localhost.localdomain","msg":"Preparing statement: INSERT INTO DEVICE_TYPE (PACKAGE_REF, CODE, PROFILE_ID, NAME, DESCRIPTION) VALUES (?, ?, ?, ?, ?) to insert 31 records.","v":1}
{"level":30,"time":1589725317468,"pid":31073,"hostname":"localhost.localdomain","msg":"Preparing statement: INSERT INTO COMMAND (CLUSTER_REF, CODE, NAME, DESCRIPTION, SOURCE, IS_OPTIONAL) VALUES (?,?,?,?,?,?) to insert 4 records.","v":1}
{"level":30,"time":1589725317469,"pid":31073,"hostname":"localhost.localdomain","msg":"Preparing statement: INSERT INTO ATTRIBUTE (CLUSTER_REF, CODE, NAME, TYPE, SIDE, DEFINE, MIN, MAX, IS_WRITABLE, DEFAULT_VALUE, IS_OPTIONAL, IS_REPORTABLE) VALUES (?,?,?,?,?,?,?,?,?,?,?,?) to insert 6 records.","v":1}
{"level":30,"time":1589725317469,"pid":31073,"hostname":"localhost.localdomain","msg":"Executed insert: INSERT INTO PACKAGE ( PATH, CRC ) VALUES (?, ?): zcl/green-power.xml,4035045591 => rowid: 17","v":1}
{"level":30,"time":1589725317507,"pid":31073,"hostname":"localhost.localdomain","msg":"zcl/green-power.xml, 17: 31 bitmaps.","v":1}
{"level":30,"time":1589725317508,"pid":31073,"hostname":"localhost.localdomain","msg":"Preparing statement: INSERT INTO BITMAP (PACKAGE_REF, NAME, TYPE) VALUES (?, ?, ?) to insert 31 records.","v":1}
{"level":30,"time":1589725317508,"pid":31073,"hostname":"localhost.localdomain","msg":"zcl/green-power.xml, 17: 1 clusters.","v":1}
{"level":30,"time":1589725317508,"pid":31073,"hostname":"localhost.localdomain","msg":"Preparing statement: INSERT INTO CLUSTER (PACKAGE_REF, CODE, NAME, DESCRIPTION, DEFINE) VALUES (?, ?, ?, ?, ?) to insert 1 records.","v":1}
{"level":30,"time":1589725317508,"pid":31073,"hostname":"localhost.localdomain","msg":"zcl/green-power.xml, 17: 1 domains.","v":1}
{"level":30,"time":1589725317508,"pid":31073,"hostname":"localhost.localdomain","msg":"Preparing statement: INSERT INTO DOMAIN (PACKAGE_REF, NAME) VALUES (?, ?) to insert 1 records.","v":1}
{"level":30,"time":1589725317508,"pid":31073,"hostname":"localhost.localdomain","msg":"zcl/green-power.xml, 17: 13 enums.","v":1}
{"level":30,"time":1589725317508,"pid":31073,"hostname":"localhost.localdomain","msg":"Preparing statement: INSERT INTO ENUM (PACKAGE_REF, NAME, TYPE) VALUES (?, ?, ?) to insert 13 records.","v":1}
{"level":30,"time":1589725317509,"pid":31073,"hostname":"localhost.localdomain","msg":"zcl/green-power.xml, 17: 2 structs.","v":1}
{"level":30,"time":1589725317509,"pid":31073,"hostname":"localhost.localdomain","msg":"Preparing statement: INSERT INTO STRUCT (PACKAGE_REF, NAME) VALUES (?, ?) to insert 2 records.","v":1}
{"level":30,"time":1589725317509,"pid":31073,"hostname":"localhost.localdomain","msg":"Executed insert: INSERT INTO PACKAGE ( PATH, CRC ) VALUES (?, ?): zcl/general.xml,205061591 => rowid: 18","v":1}
{"level":30,"time":1589725317524,"pid":31079,"hostname":"localhost.localdomain","msg":"zcl/ha-devices.xml, 15: 41 deviceTypes.","v":1}
{"level":30,"time":1589725317526,"pid":31079,"hostname":"localhost.localdomain","msg":"Preparing statement: INSERT INTO DEVICE_TYPE (PACKAGE_REF, CODE, PROFILE_ID, NAME, DESCRIPTION) VALUES (?, ?, ?, ?, ?) to insert 41 records.","v":1}
{"level":30,"time":1589725317527,"pid":31079,"hostname":"localhost.localdomain","msg":"Preparing statement: INSERT INTO COMMAND (CLUSTER_REF, CODE, NAME, DESCRIPTION, SOURCE, IS_OPTIONAL) VALUES (?,?,?,?,?,?) to insert 4 records.","v":1}
{"level":30,"time":1589725317527,"pid":31079,"hostname":"localhost.localdomain","msg":"Preparing statement: INSERT INTO ATTRIBUTE (CLUSTER_REF, CODE, NAME, TYPE, SIDE, DEFINE, MIN, MAX, IS_WRITABLE, DEFAULT_VALUE, IS_OPTIONAL, IS_REPORTABLE) VALUES (?,?,?,?,?,?,?,?,?,?,?,?) to insert 3 records.","v":1}
{"level":30,"time":1589725317527,"pid":31079,"hostname":"localhost.localdomain","msg":"Preparing statement: INSERT INTO COMMAND (CLUSTER_REF, CODE, NAME, DESCRIPTION, SOURCE, IS_OPTIONAL) VALUES (?,?,?,?,?,?) to insert 18 records.","v":1}
{"level":30,"time":1589725317527,"pid":31079,"hostname":"localhost.localdomain","msg":"Preparing statement: INSERT INTO ATTRIBUTE (CLUSTER_REF, CODE, NAME, TYPE, SIDE, DEFINE, MIN, MAX, IS_WRITABLE, DEFAULT_VALUE, IS_OPTIONAL, IS_REPORTABLE) VALUES (?,?,?,?,?,?,?,?,?,?,?,?) to insert 0 records.","v":1}
{"level":30,"time":1589725317528,"pid":31079,"hostname":"localhost.localdomain","msg":"Executed insert: INSERT INTO PACKAGE ( PATH, CRC ) VALUES (?, ?): zcl/zll-devices.xml,3037895041 => rowid: 16","v":1}
{"level":30,"time":1589725317546,"pid":31079,"hostname":"localhost.localdomain","msg":"zcl/zll-devices.xml, 16: 13 deviceTypes.","v":1}
{"level":30,"time":1589725317546,"pid":31079,"hostname":"localhost.localdomain","msg":"Preparing statement: INSERT INTO DEVICE_TYPE (PACKAGE_REF, CODE, PROFILE_ID, NAME, DESCRIPTION) VALUES (?, ?, ?, ?, ?) to insert 13 records.","v":1}
{"level":30,"time":1589725317547,"pid":31079,"hostname":"localhost.localdomain","msg":"Preparing statement: INSERT INTO ENUM_ITEM (ENUM_REF, NAME, VALUE) VALUES (?, ?, ?) to insert 6 records.","v":1}
{"level":30,"time":1589725317547,"pid":31079,"hostname":"localhost.localdomain","msg":"Preparing statement: INSERT INTO COMMAND (CLUSTER_REF, CODE, NAME, DESCRIPTION, SOURCE, IS_OPTIONAL) VALUES (?,?,?,?,?,?) to insert 2 records.","v":1}
{"level":30,"time":1589725317547,"pid":31079,"hostname":"localhost.localdomain","msg":"Preparing statement: INSERT INTO ATTRIBUTE (CLUSTER_REF, CODE, NAME, TYPE, SIDE, DEFINE, MIN, MAX, IS_WRITABLE, DEFAULT_VALUE, IS_OPTIONAL, IS_REPORTABLE) VALUES (?,?,?,?,?,?,?,?,?,?,?,?) to insert 4 records.","v":1}
{"level":30,"time":1589725317550,"pid":31079,"hostname":"localhost.localdomain","msg":"Preparing statement: INSERT INTO STRUCT_ITEM (STRUCT_REF, NAME, TYPE) VALUES (?,?,?) to insert 14 records.","v":1}
{"level":30,"time":1589725317551,"pid":31079,"hostname":"localhost.localdomain","msg":"Preparing statement: INSERT INTO COMMAND (CLUSTER_REF, CODE, NAME, DESCRIPTION, SOURCE, IS_OPTIONAL) VALUES (?,?,?,?,?,?) to insert 17 records.","v":1}
{"level":30,"time":1589725317551,"pid":31079,"hostname":"localhost.localdomain","msg":"Preparing statement: INSERT INTO ATTRIBUTE (CLUSTER_REF, CODE, NAME, TYPE, SIDE, DEFINE, MIN, MAX, IS_WRITABLE, DEFAULT_VALUE, IS_OPTIONAL, IS_REPORTABLE) VALUES (?,?,?,?,?,?,?,?,?,?,?,?) to insert 22 records.","v":1}
{"level":30,"time":1589725317553,"pid":31079,"hostname":"localhost.localdomain","msg":"Preparing statement: INSERT INTO STRUCT_ITEM (STRUCT_REF, NAME, TYPE) VALUES (?,?,?) to insert 10 records.","v":1}
{"level":30,"time":1589725317558,"pid":31079,"hostname":"localhost.localdomain","msg":"Preparing statement: INSERT INTO COMMAND_ARG (COMMAND_REF, NAME, TYPE, IS_ARRAY) VALUES (?,?,?,?) to insert 2 records.","v":1}
{"level":30,"time":1589725317562,"pid":31079,"hostname":"localhost.localdomain","msg":"For file: zcl/ha.xml, got CRC: 20907493","v":1}
{"level":30,"time":1589725317563,"pid":31079,"hostname":"localhost.localdomain","msg":"Preparing statement: INSERT INTO COMMAND_ARG (COMMAND_REF, NAME, TYPE, IS_ARRAY) VALUES (?,?,?,?) to insert 7 records.","v":1}
{"level":30,"time":1589725317564,"pid":31079,"hostname":"localhost.localdomain","msg":"Preparing statement: INSERT INTO COMMAND_ARG (COMMAND_REF, NAME, TYPE, IS_ARRAY) VALUES (?,?,?,?) to insert 5 records.","v":1}
{"level":30,"time":1589725317564,"pid":31079,"hostname":"localhost.localdomain","msg":"Executed insert: INSERT INTO DEVICE_TYPE_CLUSTER (DEVICE_TYPE_REF, CLUSTER_NAME, INCLUDE_CLIENT, INCLUDE_SERVER, LOCK_CLIENT, LOCK_SERVER) VALUES (?,?,?,?,?,?): 1,Basic,false,true,true,true => rowid: 1","v":1}
{"level":30,"time":1589725317564,"pid":31079,"hostname":"localhost.localdomain","msg":"Executed insert: INSERT INTO DEVICE_TYPE_CLUSTER (DEVICE_TYPE_REF, CLUSTER_NAME, INCLUDE_CLIENT, INCLUDE_SERVER, LOCK_CLIENT, LOCK_SERVER) VALUES (?,?,?,?,?,?): 1,Identify,false,true,true,true => rowid: 2","v":1}
{"level":30,"time":1589725317564,"pid":31079,"hostname":"localhost.localdomain","msg":"Executed insert: INSERT INTO DEVICE_TYPE_CLUSTER (DEVICE_TYPE_REF, CLUSTER_NAME, INCLUDE_CLIENT, INCLUDE_SERVER, LOCK_CLIENT, LOCK_SERVER) VALUES (?,?,?,?,?,?): 1,Groups,false,true,true,true => rowid: 3","v":1}
{"level":30,"time":1589725317565,"pid":31079,"hostname":"localhost.localdomain","msg":"Executed insert: INSERT INTO DEVICE_TYPE_CLUSTER (DEVICE_TYPE_REF, CLUSTER_NAME, INCLUDE_CLIENT, INCLUDE_SERVER, LOCK_CLIENT, LOCK_SERVER) VALUES (?,?,?,?,?,?): 1,Commissioning,false,true,true,false => rowid: 4","v":1}
{"level":30,"time":1589725317565,"pid":31079,"hostname":"localhost.localdomain","msg":"Executed insert: INSERT INTO DEVICE_TYPE_CLUSTER (DEVICE_TYPE_REF, CLUSTER_NAME, INCLUDE_CLIENT, INCLUDE_SERVER, LOCK_CLIENT, LOCK_SERVER) VALUES (?,?,?,?,?,?): 1,Power Configuration,false,false,true,false => rowid: 5","v":1}
{"level":30,"time":1589725317565,"pid":31079,"hostname":"localhost.localdomain","msg":"Executed insert: INSERT INTO DEVICE_TYPE_CLUSTER (DEVICE_TYPE_REF, CLUSTER_NAME, INCLUDE_CLIENT, INCLUDE_SERVER, LOCK_CLIENT, LOCK_SERVER) VALUES (?,?,?,?,?,?): 1,Device Temperature Configuration,false,false,true,false => rowid: 6","v":1}
{"level":30,"time":1589725317565,"pid":31079,"hostname":"localhost.localdomain","msg":"Executed insert: INSERT INTO DEVICE_TYPE_CLUSTER (DEVICE_TYPE_REF, CLUSTER_NAME, INCLUDE_CLIENT, INCLUDE_SERVER, LOCK_CLIENT, LOCK_SERVER) VALUES (?,?,?,?,?,?): 1,Time,false,false,true,false => rowid: 7","v":1}
{"level":30,"time":1589725317565,"pid":31079,"hostname":"localhost.localdomain","msg":"Executed insert: INSERT INTO DEVICE_TYPE_CLUSTER (DEVICE_TYPE_REF, CLUSTER_NAME, INCLUDE_CLIENT, INCLUDE_SERVER, LOCK_CLIENT, LOCK_SERVER) VALUES (?,?,?,?,?,?): 1,Generic Tunnel,true,true,true,true => rowid: 8","v":1}
{"level":30,"time":1589725317565,"pid":31079,"hostname":"localhost.localdomain","msg":"Executed insert: INSERT INTO DEVICE_TYPE_CLUSTER (DEVICE_TYPE_REF, CLUSTER_NAME, INCLUDE_CLIENT, INCLUDE_SERVER, LOCK_CLIENT, LOCK_SERVER) VALUES (?,?,?,?,?,?): 1,BACnet Protocol Tunnel,true,true,true,true => rowid: 9","v":1}
{"level":30,"time":1589725317565,"pid":31079,"hostname":"localhost.localdomain","msg":"Preparing statement: INSERT INTO DEVICE_TYPE_ATTRIBUTE (DEVICE_TYPE_CLUSTER_REF, ATTRIBUTE_NAME) VALUES (?, ?) to insert 0 records.","v":1}
{"level":30,"time":1589725317565,"pid":31079,"hostname":"localhost.localdomain","msg":"Preparing statement: INSERT INTO DEVICE_TYPE_COMMAND (DEVICE_TYPE_CLUSTER_REF, COMMAND_NAME) VALUES (?, ?) to insert 0 records.","v":1}
{"level":30,"time":1589725317566,"pid":31079,"hostname":"localhost.localdomain","msg":"Executed insert: INSERT INTO DEVICE_TYPE_CLUSTER (DEVICE_TYPE_REF, CLUSTER_NAME, INCLUDE_CLIENT, INCLUDE_SERVER, LOCK_CLIENT, LOCK_SERVER) VALUES (?,?,?,?,?,?): 3,Basic,false,true,true,true => rowid: 10","v":1}
{"level":30,"time":1589725317566,"pid":31079,"hostname":"localhost.localdomain","msg":"Executed insert: INSERT INTO DEVICE_TYPE_CLUSTER (DEVICE_TYPE_REF, CLUSTER_NAME, INCLUDE_CLIENT, INCLUDE_SERVER, LOCK_CLIENT, LOCK_SERVER) VALUES (?,?,?,?,?,?): 3,Identify,false,true,true,true => rowid: 11","v":1}
{"level":30,"time":1589725317566,"pid":31079,"hostname":"localhost.localdomain","msg":"Executed insert: INSERT INTO DEVICE_TYPE_CLUSTER (DEVICE_TYPE_REF, CLUSTER_NAME, INCLUDE_CLIENT, INCLUDE_SERVER, LOCK_CLIENT, LOCK_SERVER) VALUES (?,?,?,?,?,?): 3,Power Configuration,false,true,true,false => rowid: 12","v":1}
{"level":30,"time":1589725317566,"pid":31079,"hostname":"localhost.localdomain","msg":"Executed insert: INSERT INTO DEVICE_TYPE_CLUSTER (DEVICE_TYPE_REF, CLUSTER_NAME, INCLUDE_CLIENT, INCLUDE_SERVER, LOCK_CLIENT, LOCK_SERVER) VALUES (?,?,?,?,?,?): 3,Device Temperature Configuration,false,true,true,false => rowid: 13","v":1}
{"level":30,"time":1589725317566,"pid":31079,"hostname":"localhost.localdomain","msg":"Executed insert: INSERT INTO DEVICE_TYPE_CLUSTER (DEVICE_TYPE_REF, CLUSTER_NAME, INCLUDE_CLIENT, INCLUDE_SERVER, LOCK_CLIENT, LOCK_SERVER) VALUES (?,?,?,?,?,?): 3,Alarms,false,true,true,false => rowid: 14","v":1}
{"level":30,"time":1589725317566,"pid":31079,"hostname":"localhost.localdomain","msg":"Executed insert: INSERT INTO DEVICE_TYPE_CLUSTER (DEVICE_TYPE_REF, CLUSTER_NAME, INCLUDE_CLIENT, INCLUDE_SERVER, LOCK_CLIENT, LOCK_SERVER) VALUES (?,?,?,?,?,?): 3,Time,false,false,true,false => rowid: 15","v":1}
{"level":30,"time":1589725317566,"pid":31079,"hostname":"localhost.localdomain","msg":"Executed insert: INSERT INTO DEVICE_TYPE_CLUSTER (DEVICE_TYPE_REF, CLUSTER_NAME, INCLUDE_CLIENT, INCLUDE_SERVER, LOCK_CLIENT, LOCK_SERVER) VALUES (?,?,?,?,?,?): 3,Groups,false,true,true,true => rowid: 16","v":1}
{"level":30,"time":1589725317566,"pid":31079,"hostname":"localhost.localdomain","msg":"Executed insert: INSERT INTO DEVICE_TYPE_CLUSTER (DEVICE_TYPE_REF, CLUSTER_NAME, INCLUDE_CLIENT, INCLUDE_SERVER, LOCK_CLIENT, LOCK_SERVER) VALUES (?,?,?,?,?,?): 3,On/off,false,true,true,true => rowid: 17","v":1}
{"level":30,"time":1589725317566,"pid":31079,"hostname":"localhost.localdomain","msg":"Executed insert: INSERT INTO DEVICE_TYPE_CLUSTER (DEVICE_TYPE_REF, CLUSTER_NAME, INCLUDE_CLIENT, INCLUDE_SERVER, LOCK_CLIENT, LOCK_SERVER) VALUES (?,?,?,?,?,?): 3,Scenes,false,true,true,true => rowid: 18","v":1}
{"level":30,"time":1589725317566,"pid":31079,"hostname":"localhost.localdomain","msg":"Executed insert: INSERT INTO DEVICE_TYPE_CLUSTER (DEVICE_TYPE_REF, CLUSTER_NAME, INCLUDE_CLIENT, INCLUDE_SERVER, LOCK_CLIENT, LOCK_SERVER) VALUES (?,?,?,?,?,?): 3,Occupancy Sensing,true,false,false,true => rowid: 19","v":1}
{"level":30,"time":1589725317566,"pid":31079,"hostname":"localhost.localdomain","msg":"Executed insert: INSERT INTO DEVICE_TYPE_CLUSTER (DEVICE_TYPE_REF, CLUSTER_NAME, INCLUDE_CLIENT, INCLUDE_SERVER, LOCK_CLIENT, LOCK_SERVER) VALUES (?,?,?,?,?,?): 3,Commissioning,false,true,true,true => rowid: 20","v":1}
{"level":30,"time":1589725317567,"pid":31079,"hostname":"localhost.localdomain","msg":"Preparing statement: INSERT INTO DEVICE_TYPE_ATTRIBUTE (DEVICE_TYPE_CLUSTER_REF, ATTRIBUTE_NAME) VALUES (?, ?) to insert 0 records.","v":1}
{"level":30,"time":1589725317567,"pid":31079,"hostname":"localhost.localdomain","msg":"Preparing statement: INSERT INTO DEVICE_TYPE_COMMAND (DEVICE_TYPE_CLUSTER_REF, COMMAND_NAME) VALUES (?, ?) to insert 0 records.","v":1}
{"level":30,"time":1589725317567,"pid":31079,"hostname":"localhost.localdomain","msg":"Executed insert: INSERT INTO DEVICE_TYPE_CLUSTER (DEVICE_TYPE_REF, CLUSTER_NAME, INCLUDE_CLIENT, INCLUDE_SERVER, LOCK_CLIENT, LOCK_SERVER) VALUES (?,?,?,?,?,?): 6,Basic,false,true,true,true => rowid: 21","v":1}
{"level":30,"time":1589725317567,"pid":31079,"hostname":"localhost.localdomain","msg":"Executed insert: INSERT INTO DEVICE_TYPE_CLUSTER (DEVICE_TYPE_REF, CLUSTER_NAME, INCLUDE_CLIENT, INCLUDE_SERVER, LOCK_CLIENT, LOCK_SERVER) VALUES (?,?,?,?,?,?): 6,Identify,true,true,true,true => rowid: 22","v":1}
{"level":30,"time":1589725317567,"pid":31079,"hostname":"localhost.localdomain","msg":"Executed insert: INSERT INTO DEVICE_TYPE_CLUSTER (DEVICE_TYPE_REF, CLUSTER_NAME, INCLUDE_CLIENT, INCLUDE_SERVER, LOCK_CLIENT, LOCK_SERVER) VALUES (?,?,?,?,?,?): 6,Power Configuration,false,true,true,false => rowid: 23","v":1}
{"level":30,"time":1589725317567,"pid":31079,"hostname":"localhost.localdomain","msg":"Executed insert: INSERT INTO DEVICE_TYPE_CLUSTER (DEVICE_TYPE_REF, CLUSTER_NAME, INCLUDE_CLIENT, INCLUDE_SERVER, LOCK_CLIENT, LOCK_SERVER) VALUES (?,?,?,?,?,?): 6,Device Temperature Configuration,false,true,true,false => rowid: 24","v":1}
{"level":30,"time":1589725317567,"pid":31079,"hostname":"localhost.localdomain","msg":"Executed insert: INSERT INTO DEVICE_TYPE_CLUSTER (DEVICE_TYPE_REF, CLUSTER_NAME, INCLUDE_CLIENT, INCLUDE_SERVER, LOCK_CLIENT, LOCK_SERVER) VALUES (?,?,?,?,?,?): 6,Alarms,false,true,true,false => rowid: 25","v":1}
{"level":30,"time":1589725317567,"pid":31079,"hostname":"localhost.localdomain","msg":"Executed insert: INSERT INTO DEVICE_TYPE_CLUSTER (DEVICE_TYPE_REF, CLUSTER_NAME, INCLUDE_CLIENT, INCLUDE_SERVER, LOCK_CLIENT, LOCK_SERVER) VALUES (?,?,?,?,?,?): 6,Time,false,false,true,false => rowid: 26","v":1}
{"level":30,"time":1589725317567,"pid":31079,"hostname":"localhost.localdomain","msg":"Executed insert: INSERT INTO DEVICE_TYPE_CLUSTER (DEVICE_TYPE_REF, CLUSTER_NAME, INCLUDE_CLIENT, INCLUDE_SERVER, LOCK_CLIENT, LOCK_SERVER) VALUES (?,?,?,?,?,?): 6,On/Off Switch Configuration,false,true,true,true => rowid: 27","v":1}
{"level":30,"time":1589725317567,"pid":31079,"hostname":"localhost.localdomain","msg":"Executed insert: INSERT INTO DEVICE_TYPE_CLUSTER (DEVICE_TYPE_REF, CLUSTER_NAME, INCLUDE_CLIENT, INCLUDE_SERVER, LOCK_CLIENT, LOCK_SERVER) VALUES (?,?,?,?,?,?): 6,On/off,true,false,true,true => rowid: 28","v":1}
{"level":30,"time":1589725317567,"pid":31079,"hostname":"localhost.localdomain","msg":"Executed insert: INSERT INTO DEVICE_TYPE_CLUSTER (DEVICE_TYPE_REF, CLUSTER_NAME, INCLUDE_CLIENT, INCLUDE_SERVER, LOCK_CLIENT, LOCK_SERVER) VALUES (?,?,?,?,?,?): 6,Scenes,true,false,true,true => rowid: 29","v":1}
{"level":30,"time":1589725317567,"pid":31079,"hostname":"localhost.localdomain","msg":"Executed insert: INSERT INTO DEVICE_TYPE_CLUSTER (DEVICE_TYPE_REF, CLUSTER_NAME, INCLUDE_CLIENT, INCLUDE_SERVER, LOCK_CLIENT, LOCK_SERVER) VALUES (?,?,?,?,?,?): 6,Groups,true,false,true,true => rowid: 30","v":1}
{"level":30,"time":1589725317568,"pid":31079,"hostname":"localhost.localdomain","msg":"Executed insert: INSERT INTO DEVICE_TYPE_CLUSTER (DEVICE_TYPE_REF, CLUSTER_NAME, INCLUDE_CLIENT, INCLUDE_SERVER, LOCK_CLIENT, LOCK_SERVER) VALUES (?,?,?,?,?,?): 6,Commissioning,false,true,true,true => rowid: 31","v":1}
{"level":30,"time":1589725317568,"pid":31079,"hostname":"localhost.localdomain","msg":"Preparing statement: INSERT INTO DEVICE_TYPE_ATTRIBUTE (DEVICE_TYPE_CLUSTER_REF, ATTRIBUTE_NAME) VALUES (?, ?) to insert 0 records.","v":1}
{"level":30,"time":1589725317568,"pid":31079,"hostname":"localhost.localdomain","msg":"Preparing statement: INSERT INTO DEVICE_TYPE_COMMAND (DEVICE_TYPE_CLUSTER_REF, COMMAND_NAME) VALUES (?, ?) to insert 0 records.","v":1}
{"level":30,"time":1589725317568,"pid":31079,"hostname":"localhost.localdomain","msg":"Executed insert: INSERT INTO DEVICE_TYPE_CLUSTER (DEVICE_TYPE_REF, CLUSTER_NAME, INCLUDE_CLIENT, INCLUDE_SERVER, LOCK_CLIENT, LOCK_SERVER) VALUES (?,?,?,?,?,?): 10,Basic,false,true,true,true => rowid: 32","v":1}
{"level":30,"time":1589725317568,"pid":31079,"hostname":"localhost.localdomain","msg":"Executed insert: INSERT INTO DEVICE_TYPE_CLUSTER (DEVICE_TYPE_REF, CLUSTER_NAME, INCLUDE_CLIENT, INCLUDE_SERVER, LOCK_CLIENT, LOCK_SERVER) VALUES (?,?,?,?,?,?): 10,Identify,false,true,true,true => rowid: 33","v":1}
{"level":30,"time":1589725317568,"pid":31079,"hostname":"localhost.localdomain","msg":"Executed insert: INSERT INTO DEVICE_TYPE_CLUSTER (DEVICE_TYPE_REF, CLUSTER_NAME, INCLUDE_CLIENT, INCLUDE_SERVER, LOCK_CLIENT, LOCK_SERVER) VALUES (?,?,?,?,?,?): 10,Power Configuration,false,true,true,false => rowid: 34","v":1}
{"level":30,"time":1589725317568,"pid":31079,"hostname":"localhost.localdomain","msg":"Executed insert: INSERT INTO DEVICE_TYPE_CLUSTER (DEVICE_TYPE_REF, CLUSTER_NAME, INCLUDE_CLIENT, INCLUDE_SERVER, LOCK_CLIENT, LOCK_SERVER) VALUES (?,?,?,?,?,?): 10,Device Temperature Configuration,false,true,true,false => rowid: 35","v":1}
{"level":30,"time":1589725317568,"pid":31079,"hostname":"localhost.localdomain","msg":"Executed insert: INSERT INTO DEVICE_TYPE_CLUSTER (DEVICE_TYPE_REF, CLUSTER_NAME, INCLUDE_CLIENT, INCLUDE_SERVER, LOCK_CLIENT, LOCK_SERVER) VALUES (?,?,?,?,?,?): 10,Alarms,false,true,true,false => rowid: 36","v":1}
{"level":30,"time":1589725317568,"pid":31079,"hostname":"localhost.localdomain","msg":"Executed insert: INSERT INTO DEVICE_TYPE_CLUSTER (DEVICE_TYPE_REF, CLUSTER_NAME, INCLUDE_CLIENT, INCLUDE_SERVER, LOCK_CLIENT, LOCK_SERVER) VALUES (?,?,?,?,?,?): 10,Time,false,false,true,false => rowid: 37","v":1}
{"level":30,"time":1589725317568,"pid":31079,"hostname":"localhost.localdomain","msg":"Executed insert: INSERT INTO DEVICE_TYPE_CLUSTER (DEVICE_TYPE_REF, CLUSTER_NAME, INCLUDE_CLIENT, INCLUDE_SERVER, LOCK_CLIENT, LOCK_SERVER) VALUES (?,?,?,?,?,?): 10,Thermostat,false,true,true,true => rowid: 38","v":1}
{"level":30,"time":1589725317568,"pid":31079,"hostname":"localhost.localdomain","msg":"Executed insert: INSERT INTO DEVICE_TYPE_CLUSTER (DEVICE_TYPE_REF, CLUSTER_NAME, INCLUDE_CLIENT, INCLUDE_SERVER, LOCK_CLIENT, LOCK_SERVER) VALUES (?,?,?,?,?,?): 10,Scenes,false,true,true,true => rowid: 39","v":1}
{"level":30,"time":1589725317568,"pid":31079,"hostname":"localhost.localdomain","msg":"Executed insert: INSERT INTO DEVICE_TYPE_CLUSTER (DEVICE_TYPE_REF, CLUSTER_NAME, INCLUDE_CLIENT, INCLUDE_SERVER, LOCK_CLIENT, LOCK_SERVER) VALUES (?,?,?,?,?,?): 10,Groups,false,true,true,true => rowid: 40","v":1}
{"level":30,"time":1589725317569,"pid":31079,"hostname":"localhost.localdomain","msg":"Executed insert: INSERT INTO DEVICE_TYPE_CLUSTER (DEVICE_TYPE_REF, CLUSTER_NAME, INCLUDE_CLIENT, INCLUDE_SERVER, LOCK_CLIENT, LOCK_SERVER) VALUES (?,?,?,?,?,?): 10,Thermostat User Interface Configuration,false,true,true,false => rowid: 41","v":1}
{"level":30,"time":1589725317569,"pid":31079,"hostname":"localhost.localdomain","msg":"Executed insert: INSERT INTO DEVICE_TYPE_CLUSTER (DEVICE_TYPE_REF, CLUSTER_NAME, INCLUDE_CLIENT, INCLUDE_SERVER, LOCK_CLIENT, LOCK_SERVER) VALUES (?,?,?,?,?,?): 10,Fan control,true,false,false,true => rowid: 42","v":1}
{"level":30,"time":1589725317569,"pid":31079,"hostname":"localhost.localdomain","msg":"Executed insert: INSERT INTO DEVICE_TYPE_CLUSTER (DEVICE_TYPE_REF, CLUSTER_NAME, INCLUDE_CLIENT, INCLUDE_SERVER, LOCK_CLIENT, LOCK_SERVER) VALUES (?,?,?,?,?,?): 10,Temperature measurement,true,false,false,true => rowid: 43","v":1}
{"level":30,"time":1589725317569,"pid":31079,"hostname":"localhost.localdomain","msg":"Executed insert: INSERT INTO DEVICE_TYPE_CLUSTER (DEVICE_TYPE_REF, CLUSTER_NAME, INCLUDE_CLIENT, INCLUDE_SERVER, LOCK_CLIENT, LOCK_SERVER) VALUES (?,?,?,?,?,?): 10,Occupancy Sensing,true,false,false,true => rowid: 44","v":1}
{"level":30,"time":1589725317569,"pid":31079,"hostname":"localhost.localdomain","msg":"Executed insert: INSERT INTO DEVICE_TYPE_CLUSTER (DEVICE_TYPE_REF, CLUSTER_NAME, INCLUDE_CLIENT, INCLUDE_SERVER, LOCK_CLIENT, LOCK_SERVER) VALUES (?,?,?,?,?,?): 10,Relative Humidity Measurement,true,false,false,true => rowid: 45","v":1}
{"level":30,"time":1589725317569,"pid":31079,"hostname":"localhost.localdomain","msg":"Executed insert: INSERT INTO DEVICE_TYPE_CLUSTER (DEVICE_TYPE_REF, CLUSTER_NAME, INCLUDE_CLIENT, INCLUDE_SERVER, LOCK_CLIENT, LOCK_SERVER) VALUES (?,?,?,?,?,?): 10,Commissioning,false,true,true,true => rowid: 46","v":1}
{"level":30,"time":1589725317569,"pid":31079,"hostname":"localhost.localdomain","msg":"Preparing statement: INSERT INTO DEVICE_TYPE_ATTRIBUTE (DEVICE_TYPE_CLUSTER_REF, ATTRIBUTE_NAME) VALUES (?, ?) to insert 0 records.","v":1}
{"level":30,"time":1589725317569,"pid":31079,"hostname":"localhost.localdomain","msg":"Preparing statement: INSERT INTO DEVICE_TYPE_COMMAND (DEVICE_TYPE_CLUSTER_REF, COMMAND_NAME) VALUES (?, ?) to insert 0 records.","v":1}
{"level":30,"time":1589725317569,"pid":31079,"hostname":"localhost.localdomain","msg":"Executed insert: INSERT INTO DEVICE_TYPE_CLUSTER (DEVICE_TYPE_REF, CLUSTER_NAME, INCLUDE_CLIENT, INCLUDE_SERVER, LOCK_CLIENT, LOCK_SERVER) VALUES (?,?,?,?,?,?): 16,Basic,false,true,true,true => rowid: 47","v":1}
{"level":30,"time":1589725317569,"pid":31079,"hostname":"localhost.localdomain","msg":"Executed insert: INSERT INTO DEVICE_TYPE_CLUSTER (DEVICE_TYPE_REF, CLUSTER_NAME, INCLUDE_CLIENT, INCLUDE_SERVER, LOCK_CLIENT, LOCK_SERVER) VALUES (?,?,?,?,?,?): 16,Identify,false,true,true,true => rowid: 48","v":1}
{"level":30,"time":1589725317569,"pid":31079,"hostname":"localhost.localdomain","msg":"Executed insert: INSERT INTO DEVICE_TYPE_CLUSTER (DEVICE_TYPE_REF, CLUSTER_NAME, INCLUDE_CLIENT, INCLUDE_SERVER, LOCK_CLIENT, LOCK_SERVER) VALUES (?,?,?,?,?,?): 16,Power Configuration,false,true,true,false => rowid: 49","v":1}
{"level":30,"time":1589725317569,"pid":31079,"hostname":"localhost.localdomain","msg":"Executed insert: INSERT INTO DEVICE_TYPE_CLUSTER (DEVICE_TYPE_REF, CLUSTER_NAME, INCLUDE_CLIENT, INCLUDE_SERVER, LOCK_CLIENT, LOCK_SERVER) VALUES (?,?,?,?,?,?): 16,Device Temperature Configuration,false,true,true,false => rowid: 50","v":1}
{"level":30,"time":1589725317570,"pid":31079,"hostname":"localhost.localdomain","msg":"Executed insert: INSERT INTO DEVICE_TYPE_CLUSTER (DEVICE_TYPE_REF, CLUSTER_NAME, INCLUDE_CLIENT, INCLUDE_SERVER, LOCK_CLIENT, LOCK_SERVER) VALUES (?,?,?,?,?,?): 16,Alarms,false,true,true,false => rowid: 51","v":1}
{"level":30,"time":1589725317570,"pid":31079,"hostname":"localhost.localdomain","msg":"Executed insert: INSERT INTO DEVICE_TYPE_CLUSTER (DEVICE_TYPE_REF, CLUSTER_NAME, INCLUDE_CLIENT, INCLUDE_SERVER, LOCK_CLIENT, LOCK_SERVER) VALUES (?,?,?,?,?,?): 16,Time,false,false,true,false => rowid: 52","v":1}
{"level":30,"time":1589725317570,"pid":31079,"hostname":"localhost.localdomain","msg":"Executed insert: INSERT INTO DEVICE_TYPE_CLUSTER (DEVICE_TYPE_REF, CLUSTER_NAME, INCLUDE_CLIENT, INCLUDE_SERVER, LOCK_CLIENT, LOCK_SERVER) VALUES (?,?,?,?,?,?): 16,Temperature measurement,false,true,true,true => rowid: 53","v":1}
{"level":30,"time":1589725317570,"pid":31079,"hostname":"localhost.localdomain","msg":"Executed insert: INSERT INTO DEVICE_TYPE_CLUSTER (DEVICE_TYPE_REF, CLUSTER_NAME, INCLUDE_CLIENT, INCLUDE_SERVER, LOCK_CLIENT, LOCK_SERVER) VALUES (?,?,?,?,?,?): 16,Groups,true,false,false,true => rowid: 54","v":1}
{"level":30,"time":1589725317570,"pid":31079,"hostname":"localhost.localdomain","msg":"Executed insert: INSERT INTO DEVICE_TYPE_CLUSTER (DEVICE_TYPE_REF, CLUSTER_NAME, INCLUDE_CLIENT, INCLUDE_SERVER, LOCK_CLIENT, LOCK_SERVER) VALUES (?,?,?,?,?,?): 16,Commissioning,false,true,true,true => rowid: 55","v":1}
{"level":30,"time":1589725317570,"pid":31079,"hostname":"localhost.localdomain","msg":"Preparing statement: INSERT INTO DEVICE_TYPE_ATTRIBUTE (DEVICE_TYPE_CLUSTER_REF, ATTRIBUTE_NAME) VALUES (?, ?) to insert 0 records.","v":1}
{"level":30,"time":1589725317570,"pid":31079,"hostname":"localhost.localdomain","msg":"Preparing statement: INSERT INTO DEVICE_TYPE_COMMAND (DEVICE_TYPE_CLUSTER_REF, COMMAND_NAME) VALUES (?, ?) to insert 0 records.","v":1}
{"level":30,"time":1589725317570,"pid":31079,"hostname":"localhost.localdomain","msg":"Executed insert: INSERT INTO DEVICE_TYPE_CLUSTER (DEVICE_TYPE_REF, CLUSTER_NAME, INCLUDE_CLIENT, INCLUDE_SERVER, LOCK_CLIENT, LOCK_SERVER) VALUES (?,?,?,?,?,?): 23,Basic,true,true,true,true => rowid: 56","v":1}
{"level":30,"time":1589725317570,"pid":31079,"hostname":"localhost.localdomain","msg":"Executed insert: INSERT INTO DEVICE_TYPE_CLUSTER (DEVICE_TYPE_REF, CLUSTER_NAME, INCLUDE_CLIENT, INCLUDE_SERVER, LOCK_CLIENT, LOCK_SERVER) VALUES (?,?,?,?,?,?): 23,Identify,true,false,true,true => rowid: 57","v":1}
{"level":30,"time":1589725317570,"pid":31079,"hostname":"localhost.localdomain","msg":"Executed insert: INSERT INTO DEVICE_TYPE_CLUSTER (DEVICE_TYPE_REF, CLUSTER_NAME, INCLUDE_CLIENT, INCLUDE_SERVER, LOCK_CLIENT, LOCK_SERVER) VALUES (?,?,?,?,?,?): 23,Groups,true,false,true,true => rowid: 58","v":1}
{"level":30,"time":1589725317570,"pid":31079,"hostname":"localhost.localdomain","msg":"Executed insert: INSERT INTO DEVICE_TYPE_CLUSTER (DEVICE_TYPE_REF, CLUSTER_NAME, INCLUDE_CLIENT, INCLUDE_SERVER, LOCK_CLIENT, LOCK_SERVER) VALUES (?,?,?,?,?,?): 23,Scenes,true,false,true,true => rowid: 59","v":1}
{"level":30,"time":1589725317570,"pid":31079,"hostname":"localhost.localdomain","msg":"Executed insert: INSERT INTO DEVICE_TYPE_CLUSTER (DEVICE_TYPE_REF, CLUSTER_NAME, INCLUDE_CLIENT, INCLUDE_SERVER, LOCK_CLIENT, LOCK_SERVER) VALUES (?,?,?,?,?,?): 23,Commissioning,true,false,true,true => rowid: 60","v":1}
{"level":30,"time":1589725317571,"pid":31079,"hostname":"localhost.localdomain","msg":"Preparing statement: INSERT INTO DEVICE_TYPE_ATTRIBUTE (DEVICE_TYPE_CLUSTER_REF, ATTRIBUTE_NAME) VALUES (?, ?) to insert 0 records.","v":1}
{"level":30,"time":1589725317571,"pid":31079,"hostname":"localhost.localdomain","msg":"Preparing statement: INSERT INTO DEVICE_TYPE_COMMAND (DEVICE_TYPE_CLUSTER_REF, COMMAND_NAME) VALUES (?, ?) to insert 0 records.","v":1}
{"level":30,"time":1589725317571,"pid":31079,"hostname":"localhost.localdomain","msg":"Preparing statement: INSERT INTO BITMAP_FIELD (BITMAP_REF, NAME, MASK) VALUES (?, ?, ?) to insert 21 records.","v":1}
{"level":30,"time":1589725317572,"pid":31079,"hostname":"localhost.localdomain","msg":"Executed get: SELECT PACKAGE_ID, PATH, CRC FROM PACKAGE WHERE PATH = ?: zcl/ha.xml","v":1}
{"level":30,"time":1589725317572,"pid":31079,"hostname":"localhost.localdomain","msg":"No CRC in the database for file zcl/ha.xml, parsing.","v":1}
{"level":30,"time":1589725317574,"pid":31079,"hostname":"localhost.localdomain","msg":"Executed insert: INSERT INTO DEVICE_TYPE_CLUSTER (DEVICE_TYPE_REF, CLUSTER_NAME, INCLUDE_CLIENT, INCLUDE_SERVER, LOCK_CLIENT, LOCK_SERVER) VALUES (?,?,?,?,?,?): 2,Green Power,true,true,true,true => rowid: 61","v":1}
{"level":30,"time":1589725317574,"pid":31079,"hostname":"localhost.localdomain","msg":"Preparing statement: INSERT INTO DEVICE_TYPE_ATTRIBUTE (DEVICE_TYPE_CLUSTER_REF, ATTRIBUTE_NAME) VALUES (?, ?) to insert 0 records.","v":1}
{"level":30,"time":1589725317574,"pid":31079,"hostname":"localhost.localdomain","msg":"Preparing statement: INSERT INTO DEVICE_TYPE_COMMAND (DEVICE_TYPE_CLUSTER_REF, COMMAND_NAME) VALUES (?, ?) to insert 0 records.","v":1}
{"level":30,"time":1589725317574,"pid":31079,"hostname":"localhost.localdomain","msg":"Executed insert: INSERT INTO DEVICE_TYPE_CLUSTER (DEVICE_TYPE_REF, CLUSTER_NAME, INCLUDE_CLIENT, INCLUDE_SERVER, LOCK_CLIENT, LOCK_SERVER) VALUES (?,?,?,?,?,?): 5,Green Power,true,false,true,true => rowid: 62","v":1}
{"level":30,"time":1589725317574,"pid":31079,"hostname":"localhost.localdomain","msg":"Preparing statement: INSERT INTO DEVICE_TYPE_ATTRIBUTE (DEVICE_TYPE_CLUSTER_REF, ATTRIBUTE_NAME) VALUES (?, ?) to insert 0 records.","v":1}
{"level":30,"time":1589725317574,"pid":31079,"hostname":"localhost.localdomain","msg":"Preparing statement: INSERT INTO DEVICE_TYPE_COMMAND (DEVICE_TYPE_CLUSTER_REF, COMMAND_NAME) VALUES (?, ?) to insert 0 records.","v":1}
{"level":30,"time":1589725317574,"pid":31079,"hostname":"localhost.localdomain","msg":"Executed insert: INSERT INTO DEVICE_TYPE_CLUSTER (DEVICE_TYPE_REF, CLUSTER_NAME, INCLUDE_CLIENT, INCLUDE_SERVER, LOCK_CLIENT, LOCK_SERVER) VALUES (?,?,?,?,?,?): 9,Green Power,true,true,true,true => rowid: 63","v":1}
{"level":30,"time":1589725317574,"pid":31079,"hostname":"localhost.localdomain","msg":"Preparing statement: INSERT INTO DEVICE_TYPE_ATTRIBUTE (DEVICE_TYPE_CLUSTER_REF, ATTRIBUTE_NAME) VALUES (?, ?) to insert 0 records.","v":1}
{"level":30,"time":1589725317574,"pid":31079,"hostname":"localhost.localdomain","msg":"Preparing statement: INSERT INTO DEVICE_TYPE_COMMAND (DEVICE_TYPE_CLUSTER_REF, COMMAND_NAME) VALUES (?, ?) to insert 0 records.","v":1}
{"level":30,"time":1589725317574,"pid":31079,"hostname":"localhost.localdomain","msg":"Executed insert: INSERT INTO DEVICE_TYPE_CLUSTER (DEVICE_TYPE_REF, CLUSTER_NAME, INCLUDE_CLIENT, INCLUDE_SERVER, LOCK_CLIENT, LOCK_SERVER) VALUES (?,?,?,?,?,?): 14,Green Power,true,true,true,true => rowid: 64","v":1}
{"level":30,"time":1589725317574,"pid":31079,"hostname":"localhost.localdomain","msg":"Preparing statement: INSERT INTO DEVICE_TYPE_ATTRIBUTE (DEVICE_TYPE_CLUSTER_REF, ATTRIBUTE_NAME) VALUES (?, ?) to insert 0 records.","v":1}
{"level":30,"time":1589725317575,"pid":31079,"hostname":"localhost.localdomain","msg":"Preparing statement: INSERT INTO DEVICE_TYPE_COMMAND (DEVICE_TYPE_CLUSTER_REF, COMMAND_NAME) VALUES (?, ?) to insert 0 records.","v":1}
{"level":30,"time":1589725317575,"pid":31079,"hostname":"localhost.localdomain","msg":"Executed insert: INSERT INTO DEVICE_TYPE_CLUSTER (DEVICE_TYPE_REF, CLUSTER_NAME, INCLUDE_CLIENT, INCLUDE_SERVER, LOCK_CLIENT, LOCK_SERVER) VALUES (?,?,?,?,?,?): 21,Green Power,false,true,true,true => rowid: 65","v":1}
{"level":30,"time":1589725317575,"pid":31079,"hostname":"localhost.localdomain","msg":"Preparing statement: INSERT INTO DEVICE_TYPE_ATTRIBUTE (DEVICE_TYPE_CLUSTER_REF, ATTRIBUTE_NAME) VALUES (?, ?) to insert 0 records.","v":1}
{"level":30,"time":1589725317575,"pid":31079,"hostname":"localhost.localdomain","msg":"Preparing statement: INSERT INTO DEVICE_TYPE_COMMAND (DEVICE_TYPE_CLUSTER_REF, COMMAND_NAME) VALUES (?, ?) to insert 0 records.","v":1}
{"level":30,"time":1589725317575,"pid":31079,"hostname":"localhost.localdomain","msg":"Executed insert: INSERT INTO DEVICE_TYPE_CLUSTER (DEVICE_TYPE_REF, CLUSTER_NAME, INCLUDE_CLIENT, INCLUDE_SERVER, LOCK_CLIENT, LOCK_SERVER) VALUES (?,?,?,?,?,?): 28,Green Power,true,true,true,true => rowid: 66","v":1}
{"level":30,"time":1589725317575,"pid":31079,"hostname":"localhost.localdomain","msg":"Preparing statement: INSERT INTO DEVICE_TYPE_ATTRIBUTE (DEVICE_TYPE_CLUSTER_REF, ATTRIBUTE_NAME) VALUES (?, ?) to insert 0 records.","v":1}
{"level":30,"time":1589725317575,"pid":31079,"hostname":"localhost.localdomain","msg":"Preparing statement: INSERT INTO DEVICE_TYPE_COMMAND (DEVICE_TYPE_CLUSTER_REF, COMMAND_NAME) VALUES (?, ?) to insert 0 records.","v":1}
{"level":30,"time":1589725317575,"pid":31079,"hostname":"localhost.localdomain","msg":"Executed insert: INSERT INTO DEVICE_TYPE_CLUSTER (DEVICE_TYPE_REF, CLUSTER_NAME, INCLUDE_CLIENT, INCLUDE_SERVER, LOCK_CLIENT, LOCK_SERVER) VALUES (?,?,?,?,?,?): 34,Green Power,true,true,true,true => rowid: 67","v":1}
{"level":30,"time":1589725317575,"pid":31079,"hostname":"localhost.localdomain","msg":"Preparing statement: INSERT INTO DEVICE_TYPE_ATTRIBUTE (DEVICE_TYPE_CLUSTER_REF, ATTRIBUTE_NAME) VALUES (?, ?) to insert 0 records.","v":1}
{"level":30,"time":1589725317575,"pid":31079,"hostname":"localhost.localdomain","msg":"Preparing statement: INSERT INTO DEVICE_TYPE_COMMAND (DEVICE_TYPE_CLUSTER_REF, COMMAND_NAME) VALUES (?, ?) to insert 0 records.","v":1}
{"level":30,"time":1589725317575,"pid":31079,"hostname":"localhost.localdomain","msg":"Executed insert: INSERT INTO DEVICE_TYPE_CLUSTER (DEVICE_TYPE_REF, CLUSTER_NAME, INCLUDE_CLIENT, INCLUDE_SERVER, LOCK_CLIENT, LOCK_SERVER) VALUES (?,?,?,?,?,?): 40,Green Power,true,true,true,true => rowid: 68","v":1}
{"level":30,"time":1589725317575,"pid":31079,"hostname":"localhost.localdomain","msg":"Preparing statement: INSERT INTO DEVICE_TYPE_ATTRIBUTE (DEVICE_TYPE_CLUSTER_REF, ATTRIBUTE_NAME) VALUES (?, ?) to insert 0 records.","v":1}
{"level":30,"time":1589725317575,"pid":31079,"hostname":"localhost.localdomain","msg":"Preparing statement: INSERT INTO DEVICE_TYPE_COMMAND (DEVICE_TYPE_CLUSTER_REF, COMMAND_NAME) VALUES (?, ?) to insert 0 records.","v":1}
{"level":30,"time":1589725317576,"pid":31079,"hostname":"localhost.localdomain","msg":"Executed insert: INSERT INTO PACKAGE ( PATH, CRC ) VALUES (?, ?): zcl/ha.xml,20907493 => rowid: 17","v":1}
{"level":30,"time":1589725317582,"pid":31073,"hostname":"localhost.localdomain","msg":"zcl/general.xml, 18: 14 clusters.","v":1}
{"level":30,"time":1589725317582,"pid":31073,"hostname":"localhost.localdomain","msg":"Preparing statement: INSERT INTO CLUSTER (PACKAGE_REF, CODE, NAME, DESCRIPTION, DEFINE) VALUES (?, ?, ?, ?, ?) to insert 14 records.","v":1}
{"level":30,"time":1589725317583,"pid":31073,"hostname":"localhost.localdomain","msg":"zcl/general.xml, 18: 3 domains.","v":1}
{"level":30,"time":1589725317583,"pid":31073,"hostname":"localhost.localdomain","msg":"Preparing statement: INSERT INTO DOMAIN (PACKAGE_REF, NAME) VALUES (?, ?) to insert 3 records.","v":1}
{"level":30,"time":1589725317583,"pid":31073,"hostname":"localhost.localdomain","msg":"zcl/general.xml, 18: 1 globals.","v":1}
{"level":30,"time":1589725317583,"pid":31073,"hostname":"localhost.localdomain","msg":"Insert globals: 1","v":1}
{"level":30,"time":1589725317583,"pid":31073,"hostname":"localhost.localdomain","msg":"Preparing statement: INSERT INTO COMMAND (CLUSTER_REF, CODE, NAME, DESCRIPTION, SOURCE, IS_OPTIONAL) VALUES (?,?,?,?,?,?) to insert 23 records.","v":1}
{"level":30,"time":1589725317584,"pid":31073,"hostname":"localhost.localdomain","msg":"Preparing statement: INSERT INTO ATTRIBUTE (CLUSTER_REF, CODE, NAME, TYPE, SIDE, DEFINE, MIN, MAX, IS_WRITABLE, DEFAULT_VALUE, IS_OPTIONAL, IS_REPORTABLE) VALUES (?,?,?,?,?,?,?,?,?,?,?,?) to insert 4 records.","v":1}
{"level":30,"time":1589725317584,"pid":31073,"hostname":"localhost.localdomain","msg":"Executed insert: INSERT INTO PACKAGE ( PATH, CRC ) VALUES (?, ?): zcl/ha-devices.xml,1343128633 => rowid: 19","v":1}
{"level":30,"time":1589725317714,"pid":31073,"hostname":"localhost.localdomain","msg":"zcl/ha-devices.xml, 19: 41 deviceTypes.","v":1}
{"level":30,"time":1589725317716,"pid":31073,"hostname":"localhost.localdomain","msg":"Preparing statement: INSERT INTO DEVICE_TYPE (PACKAGE_REF, CODE, PROFILE_ID, NAME, DESCRIPTION) VALUES (?, ?, ?, ?, ?) to insert 41 records.","v":1}
{"level":30,"time":1589725317716,"pid":31073,"hostname":"localhost.localdomain","msg":"Preparing statement: INSERT INTO COMMAND (CLUSTER_REF, CODE, NAME, DESCRIPTION, SOURCE, IS_OPTIONAL) VALUES (?,?,?,?,?,?) to insert 4 records.","v":1}
{"level":30,"time":1589725317716,"pid":31073,"hostname":"localhost.localdomain","msg":"Preparing statement: INSERT INTO ATTRIBUTE (CLUSTER_REF, CODE, NAME, TYPE, SIDE, DEFINE, MIN, MAX, IS_WRITABLE, DEFAULT_VALUE, IS_OPTIONAL, IS_REPORTABLE) VALUES (?,?,?,?,?,?,?,?,?,?,?,?) to insert 3 records.","v":1}
{"level":30,"time":1589725317717,"pid":31073,"hostname":"localhost.localdomain","msg":"Preparing statement: INSERT INTO COMMAND (CLUSTER_REF, CODE, NAME, DESCRIPTION, SOURCE, IS_OPTIONAL) VALUES (?,?,?,?,?,?) to insert 18 records.","v":1}
{"level":30,"time":1589725317717,"pid":31073,"hostname":"localhost.localdomain","msg":"Preparing statement: INSERT INTO ATTRIBUTE (CLUSTER_REF, CODE, NAME, TYPE, SIDE, DEFINE, MIN, MAX, IS_WRITABLE, DEFAULT_VALUE, IS_OPTIONAL, IS_REPORTABLE) VALUES (?,?,?,?,?,?,?,?,?,?,?,?) to insert 0 records.","v":1}
{"level":30,"time":1589725317717,"pid":31073,"hostname":"localhost.localdomain","msg":"Executed insert: INSERT INTO PACKAGE ( PATH, CRC ) VALUES (?, ?): zcl/zll-devices.xml,3037895041 => rowid: 20","v":1}
{"level":30,"time":1589725317736,"pid":31073,"hostname":"localhost.localdomain","msg":"zcl/zll-devices.xml, 20: 13 deviceTypes.","v":1}
{"level":30,"time":1589725317736,"pid":31073,"hostname":"localhost.localdomain","msg":"Preparing statement: INSERT INTO DEVICE_TYPE (PACKAGE_REF, CODE, PROFILE_ID, NAME, DESCRIPTION) VALUES (?, ?, ?, ?, ?) to insert 13 records.","v":1}
{"level":30,"time":1589725317737,"pid":31073,"hostname":"localhost.localdomain","msg":"Preparing statement: INSERT INTO ENUM_ITEM (ENUM_REF, NAME, VALUE) VALUES (?, ?, ?) to insert 6 records.","v":1}
{"level":30,"time":1589725317738,"pid":31073,"hostname":"localhost.localdomain","msg":"Preparing statement: INSERT INTO COMMAND (CLUSTER_REF, CODE, NAME, DESCRIPTION, SOURCE, IS_OPTIONAL) VALUES (?,?,?,?,?,?) to insert 2 records.","v":1}
{"level":30,"time":1589725317738,"pid":31073,"hostname":"localhost.localdomain","msg":"Preparing statement: INSERT INTO ATTRIBUTE (CLUSTER_REF, CODE, NAME, TYPE, SIDE, DEFINE, MIN, MAX, IS_WRITABLE, DEFAULT_VALUE, IS_OPTIONAL, IS_REPORTABLE) VALUES (?,?,?,?,?,?,?,?,?,?,?,?) to insert 4 records.","v":1}
{"level":30,"time":1589725317741,"pid":31073,"hostname":"localhost.localdomain","msg":"Preparing statement: INSERT INTO STRUCT_ITEM (STRUCT_REF, NAME, TYPE) VALUES (?,?,?) to insert 14 records.","v":1}
{"level":30,"time":1589725317741,"pid":31073,"hostname":"localhost.localdomain","msg":"Preparing statement: INSERT INTO COMMAND (CLUSTER_REF, CODE, NAME, DESCRIPTION, SOURCE, IS_OPTIONAL) VALUES (?,?,?,?,?,?) to insert 17 records.","v":1}
{"level":30,"time":1589725317741,"pid":31073,"hostname":"localhost.localdomain","msg":"Preparing statement: INSERT INTO ATTRIBUTE (CLUSTER_REF, CODE, NAME, TYPE, SIDE, DEFINE, MIN, MAX, IS_WRITABLE, DEFAULT_VALUE, IS_OPTIONAL, IS_REPORTABLE) VALUES (?,?,?,?,?,?,?,?,?,?,?,?) to insert 22 records.","v":1}
{"level":30,"time":1589725317741,"pid":31079,"hostname":"localhost.localdomain","msg":"zcl/ha.xml, 17: 60 clusters.","v":1}
{"level":30,"time":1589725317742,"pid":31073,"hostname":"localhost.localdomain","msg":"Preparing statement: INSERT INTO STRUCT_ITEM (STRUCT_REF, NAME, TYPE) VALUES (?,?,?) to insert 10 records.","v":1}
{"level":30,"time":1589725317743,"pid":31079,"hostname":"localhost.localdomain","msg":"Preparing statement: INSERT INTO CLUSTER (PACKAGE_REF, CODE, NAME, DESCRIPTION, DEFINE) VALUES (?, ?, ?, ?, ?) to insert 60 records.","v":1}
{"level":30,"time":1589725317743,"pid":31079,"hostname":"localhost.localdomain","msg":"zcl/ha.xml, 17: 6 domains.","v":1}
{"level":30,"time":1589725317743,"pid":31079,"hostname":"localhost.localdomain","msg":"Preparing statement: INSERT INTO DOMAIN (PACKAGE_REF, NAME) VALUES (?, ?) to insert 6 records.","v":1}
{"level":30,"time":1589725317744,"pid":31079,"hostname":"localhost.localdomain","msg":"Preparing statement: INSERT INTO COMMAND (CLUSTER_REF, CODE, NAME, DESCRIPTION, SOURCE, IS_OPTIONAL) VALUES (?,?,?,?,?,?) to insert 86 records.","v":1}
{"level":30,"time":1589725317744,"pid":31079,"hostname":"localhost.localdomain","msg":"Preparing statement: INSERT INTO ATTRIBUTE (CLUSTER_REF, CODE, NAME, TYPE, SIDE, DEFINE, MIN, MAX, IS_WRITABLE, DEFAULT_VALUE, IS_OPTIONAL, IS_REPORTABLE) VALUES (?,?,?,?,?,?,?,?,?,?,?,?) to insert 78 records.","v":1}
{"level":30,"time":1589725317745,"pid":31073,"hostname":"localhost.localdomain","msg":"Preparing statement: INSERT INTO COMMAND_ARG (COMMAND_REF, NAME, TYPE, IS_ARRAY) VALUES (?,?,?,?) to insert 2 records.","v":1}
{"level":30,"time":1589725317745,"pid":31079,"hostname":"localhost.localdomain","msg":"Preparing statement: INSERT INTO COMMAND_ARG (COMMAND_REF, NAME, TYPE, IS_ARRAY) VALUES (?,?,?,?) to insert 57 records.","v":1}
{"level":30,"time":1589725317746,"pid":31079,"hostname":"localhost.localdomain","msg":"Preparing statement: INSERT INTO ENUM_ITEM (ENUM_REF, NAME, VALUE) VALUES (?, ?, ?) to insert 32 records.","v":1}
{"level":30,"time":1589725317748,"pid":31079,"hostname":"localhost.localdomain","msg":"Preparing statement: INSERT INTO ENUM_ITEM (ENUM_REF, NAME, VALUE) VALUES (?, ?, ?) to insert 155 records.","v":1}
{"level":30,"time":1589725317749,"pid":31073,"hostname":"localhost.localdomain","msg":"For file: zcl/ha.xml, got CRC: 20907493","v":1}
{"level":30,"time":1589725317750,"pid":31073,"hostname":"localhost.localdomain","msg":"Preparing statement: INSERT INTO COMMAND_ARG (COMMAND_REF, NAME, TYPE, IS_ARRAY) VALUES (?,?,?,?) to insert 7 records.","v":1}
{"level":30,"time":1589725317750,"pid":31073,"hostname":"localhost.localdomain","msg":"Preparing statement: INSERT INTO COMMAND_ARG (COMMAND_REF, NAME, TYPE, IS_ARRAY) VALUES (?,?,?,?) to insert 5 records.","v":1}
{"level":30,"time":1589725317750,"pid":31073,"hostname":"localhost.localdomain","msg":"Executed insert: INSERT INTO DEVICE_TYPE_CLUSTER (DEVICE_TYPE_REF, CLUSTER_NAME, INCLUDE_CLIENT, INCLUDE_SERVER, LOCK_CLIENT, LOCK_SERVER) VALUES (?,?,?,?,?,?): 1,Basic,false,true,true,true => rowid: 1","v":1}
{"level":30,"time":1589725317750,"pid":31073,"hostname":"localhost.localdomain","msg":"Executed insert: INSERT INTO DEVICE_TYPE_CLUSTER (DEVICE_TYPE_REF, CLUSTER_NAME, INCLUDE_CLIENT, INCLUDE_SERVER, LOCK_CLIENT, LOCK_SERVER) VALUES (?,?,?,?,?,?): 1,Power Configuration,false,false,true,false => rowid: 2","v":1}
{"level":30,"time":1589725317750,"pid":31073,"hostname":"localhost.localdomain","msg":"Executed insert: INSERT INTO DEVICE_TYPE_CLUSTER (DEVICE_TYPE_REF, CLUSTER_NAME, INCLUDE_CLIENT, INCLUDE_SERVER, LOCK_CLIENT, LOCK_SERVER) VALUES (?,?,?,?,?,?): 1,Device Temperature Configuration,false,false,true,false => rowid: 3","v":1}
{"level":30,"time":1589725317751,"pid":31073,"hostname":"localhost.localdomain","msg":"Executed insert: INSERT INTO DEVICE_TYPE_CLUSTER (DEVICE_TYPE_REF, CLUSTER_NAME, INCLUDE_CLIENT, INCLUDE_SERVER, LOCK_CLIENT, LOCK_SERVER) VALUES (?,?,?,?,?,?): 1,Time,false,false,true,false => rowid: 4","v":1}
{"level":30,"time":1589725317751,"pid":31073,"hostname":"localhost.localdomain","msg":"Executed insert: INSERT INTO DEVICE_TYPE_CLUSTER (DEVICE_TYPE_REF, CLUSTER_NAME, INCLUDE_CLIENT, INCLUDE_SERVER, LOCK_CLIENT, LOCK_SERVER) VALUES (?,?,?,?,?,?): 1,Generic Tunnel,true,true,true,true => rowid: 5","v":1}
{"level":30,"time":1589725317751,"pid":31073,"hostname":"localhost.localdomain","msg":"Executed insert: INSERT INTO DEVICE_TYPE_CLUSTER (DEVICE_TYPE_REF, CLUSTER_NAME, INCLUDE_CLIENT, INCLUDE_SERVER, LOCK_CLIENT, LOCK_SERVER) VALUES (?,?,?,?,?,?): 1,BACnet Protocol Tunnel,true,true,true,true => rowid: 6","v":1}
{"level":30,"time":1589725317751,"pid":31073,"hostname":"localhost.localdomain","msg":"Executed insert: INSERT INTO DEVICE_TYPE_CLUSTER (DEVICE_TYPE_REF, CLUSTER_NAME, INCLUDE_CLIENT, INCLUDE_SERVER, LOCK_CLIENT, LOCK_SERVER) VALUES (?,?,?,?,?,?): 3,Basic,false,true,true,true => rowid: 7","v":1}
{"level":30,"time":1589725317751,"pid":31073,"hostname":"localhost.localdomain","msg":"Executed insert: INSERT INTO DEVICE_TYPE_CLUSTER (DEVICE_TYPE_REF, CLUSTER_NAME, INCLUDE_CLIENT, INCLUDE_SERVER, LOCK_CLIENT, LOCK_SERVER) VALUES (?,?,?,?,?,?): 3,Identify,false,true,true,true => rowid: 8","v":1}
{"level":30,"time":1589725317751,"pid":31073,"hostname":"localhost.localdomain","msg":"Executed insert: INSERT INTO DEVICE_TYPE_CLUSTER (DEVICE_TYPE_REF, CLUSTER_NAME, INCLUDE_CLIENT, INCLUDE_SERVER, LOCK_CLIENT, LOCK_SERVER) VALUES (?,?,?,?,?,?): 3,Power Configuration,false,true,true,false => rowid: 9","v":1}
{"level":30,"time":1589725317751,"pid":31073,"hostname":"localhost.localdomain","msg":"Executed insert: INSERT INTO DEVICE_TYPE_CLUSTER (DEVICE_TYPE_REF, CLUSTER_NAME, INCLUDE_CLIENT, INCLUDE_SERVER, LOCK_CLIENT, LOCK_SERVER) VALUES (?,?,?,?,?,?): 3,Device Temperature Configuration,false,true,true,false => rowid: 10","v":1}
{"level":30,"time":1589725317751,"pid":31073,"hostname":"localhost.localdomain","msg":"Executed insert: INSERT INTO DEVICE_TYPE_CLUSTER (DEVICE_TYPE_REF, CLUSTER_NAME, INCLUDE_CLIENT, INCLUDE_SERVER, LOCK_CLIENT, LOCK_SERVER) VALUES (?,?,?,?,?,?): 3,Alarms,false,true,true,false => rowid: 11","v":1}
{"level":30,"time":1589725317751,"pid":31073,"hostname":"localhost.localdomain","msg":"Executed insert: INSERT INTO DEVICE_TYPE_CLUSTER (DEVICE_TYPE_REF, CLUSTER_NAME, INCLUDE_CLIENT, INCLUDE_SERVER, LOCK_CLIENT, LOCK_SERVER) VALUES (?,?,?,?,?,?): 3,Time,false,false,true,false => rowid: 12","v":1}
{"level":30,"time":1589725317751,"pid":31073,"hostname":"localhost.localdomain","msg":"Executed insert: INSERT INTO DEVICE_TYPE_CLUSTER (DEVICE_TYPE_REF, CLUSTER_NAME, INCLUDE_CLIENT, INCLUDE_SERVER, LOCK_CLIENT, LOCK_SERVER) VALUES (?,?,?,?,?,?): 3,Groups,false,true,true,true => rowid: 13","v":1}
{"level":30,"time":1589725317751,"pid":31073,"hostname":"localhost.localdomain","msg":"Executed insert: INSERT INTO DEVICE_TYPE_CLUSTER (DEVICE_TYPE_REF, CLUSTER_NAME, INCLUDE_CLIENT, INCLUDE_SERVER, LOCK_CLIENT, LOCK_SERVER) VALUES (?,?,?,?,?,?): 3,On/off,false,true,true,true => rowid: 14","v":1}
{"level":30,"time":1589725317752,"pid":31073,"hostname":"localhost.localdomain","msg":"Executed insert: INSERT INTO DEVICE_TYPE_CLUSTER (DEVICE_TYPE_REF, CLUSTER_NAME, INCLUDE_CLIENT, INCLUDE_SERVER, LOCK_CLIENT, LOCK_SERVER) VALUES (?,?,?,?,?,?): 3,Scenes,false,true,true,true => rowid: 15","v":1}
{"level":30,"time":1589725317752,"pid":31073,"hostname":"localhost.localdomain","msg":"Executed insert: INSERT INTO DEVICE_TYPE_CLUSTER (DEVICE_TYPE_REF, CLUSTER_NAME, INCLUDE_CLIENT, INCLUDE_SERVER, LOCK_CLIENT, LOCK_SERVER) VALUES (?,?,?,?,?,?): 3,Occupancy Sensing,true,false,false,true => rowid: 16","v":1}
{"level":30,"time":1589725317752,"pid":31073,"hostname":"localhost.localdomain","msg":"Executed insert: INSERT INTO DEVICE_TYPE_CLUSTER (DEVICE_TYPE_REF, CLUSTER_NAME, INCLUDE_CLIENT, INCLUDE_SERVER, LOCK_CLIENT, LOCK_SERVER) VALUES (?,?,?,?,?,?): 3,Commissioning,false,true,true,true => rowid: 17","v":1}
{"level":30,"time":1589725317752,"pid":31073,"hostname":"localhost.localdomain","msg":"Preparing statement: INSERT INTO DEVICE_TYPE_ATTRIBUTE (DEVICE_TYPE_CLUSTER_REF, ATTRIBUTE_NAME) VALUES (?, ?) to insert 0 records.","v":1}
{"level":30,"time":1589725317752,"pid":31073,"hostname":"localhost.localdomain","msg":"Preparing statement: INSERT INTO DEVICE_TYPE_COMMAND (DEVICE_TYPE_CLUSTER_REF, COMMAND_NAME) VALUES (?, ?) to insert 0 records.","v":1}
{"level":30,"time":1589725317752,"pid":31079,"hostname":"localhost.localdomain","msg":"Preparing statement: INSERT INTO COMMAND (CLUSTER_REF, CODE, NAME, DESCRIPTION, SOURCE, IS_OPTIONAL) VALUES (?,?,?,?,?,?) to insert 69 records.","v":1}
{"level":30,"time":1589725317752,"pid":31079,"hostname":"localhost.localdomain","msg":"Preparing statement: INSERT INTO ATTRIBUTE (CLUSTER_REF, CODE, NAME, TYPE, SIDE, DEFINE, MIN, MAX, IS_WRITABLE, DEFAULT_VALUE, IS_OPTIONAL, IS_REPORTABLE) VALUES (?,?,?,?,?,?,?,?,?,?,?,?) to insert 162 records.","v":1}
{"level":30,"time":1589725317752,"pid":31073,"hostname":"localhost.localdomain","msg":"Executed insert: INSERT INTO DEVICE_TYPE_CLUSTER (DEVICE_TYPE_REF, CLUSTER_NAME, INCLUDE_CLIENT, INCLUDE_SERVER, LOCK_CLIENT, LOCK_SERVER) VALUES (?,?,?,?,?,?): 6,Basic,false,true,true,true => rowid: 18","v":1}
{"level":30,"time":1589725317753,"pid":31073,"hostname":"localhost.localdomain","msg":"Executed insert: INSERT INTO DEVICE_TYPE_CLUSTER (DEVICE_TYPE_REF, CLUSTER_NAME, INCLUDE_CLIENT, INCLUDE_SERVER, LOCK_CLIENT, LOCK_SERVER) VALUES (?,?,?,?,?,?): 6,Identify,true,true,true,true => rowid: 19","v":1}
{"level":30,"time":1589725317753,"pid":31073,"hostname":"localhost.localdomain","msg":"Executed insert: INSERT INTO DEVICE_TYPE_CLUSTER (DEVICE_TYPE_REF, CLUSTER_NAME, INCLUDE_CLIENT, INCLUDE_SERVER, LOCK_CLIENT, LOCK_SERVER) VALUES (?,?,?,?,?,?): 6,Power Configuration,false,true,true,false => rowid: 20","v":1}
{"level":30,"time":1589725317753,"pid":31073,"hostname":"localhost.localdomain","msg":"Executed insert: INSERT INTO DEVICE_TYPE_CLUSTER (DEVICE_TYPE_REF, CLUSTER_NAME, INCLUDE_CLIENT, INCLUDE_SERVER, LOCK_CLIENT, LOCK_SERVER) VALUES (?,?,?,?,?,?): 6,Device Temperature Configuration,false,true,true,false => rowid: 21","v":1}
{"level":30,"time":1589725317753,"pid":31073,"hostname":"localhost.localdomain","msg":"Executed insert: INSERT INTO DEVICE_TYPE_CLUSTER (DEVICE_TYPE_REF, CLUSTER_NAME, INCLUDE_CLIENT, INCLUDE_SERVER, LOCK_CLIENT, LOCK_SERVER) VALUES (?,?,?,?,?,?): 6,Alarms,false,true,true,false => rowid: 22","v":1}
{"level":30,"time":1589725317753,"pid":31073,"hostname":"localhost.localdomain","msg":"Executed insert: INSERT INTO DEVICE_TYPE_CLUSTER (DEVICE_TYPE_REF, CLUSTER_NAME, INCLUDE_CLIENT, INCLUDE_SERVER, LOCK_CLIENT, LOCK_SERVER) VALUES (?,?,?,?,?,?): 6,Time,false,false,true,false => rowid: 23","v":1}
{"level":30,"time":1589725317753,"pid":31073,"hostname":"localhost.localdomain","msg":"Executed insert: INSERT INTO DEVICE_TYPE_CLUSTER (DEVICE_TYPE_REF, CLUSTER_NAME, INCLUDE_CLIENT, INCLUDE_SERVER, LOCK_CLIENT, LOCK_SERVER) VALUES (?,?,?,?,?,?): 6,On/Off Switch Configuration,false,true,true,true => rowid: 24","v":1}
{"level":30,"time":1589725317753,"pid":31073,"hostname":"localhost.localdomain","msg":"Executed insert: INSERT INTO DEVICE_TYPE_CLUSTER (DEVICE_TYPE_REF, CLUSTER_NAME, INCLUDE_CLIENT, INCLUDE_SERVER, LOCK_CLIENT, LOCK_SERVER) VALUES (?,?,?,?,?,?): 6,On/off,true,false,true,true => rowid: 25","v":1}
{"level":30,"time":1589725317753,"pid":31073,"hostname":"localhost.localdomain","msg":"Executed insert: INSERT INTO DEVICE_TYPE_CLUSTER (DEVICE_TYPE_REF, CLUSTER_NAME, INCLUDE_CLIENT, INCLUDE_SERVER, LOCK_CLIENT, LOCK_SERVER) VALUES (?,?,?,?,?,?): 6,Scenes,true,false,true,true => rowid: 26","v":1}
{"level":30,"time":1589725317753,"pid":31073,"hostname":"localhost.localdomain","msg":"Executed insert: INSERT INTO DEVICE_TYPE_CLUSTER (DEVICE_TYPE_REF, CLUSTER_NAME, INCLUDE_CLIENT, INCLUDE_SERVER, LOCK_CLIENT, LOCK_SERVER) VALUES (?,?,?,?,?,?): 6,Groups,true,false,true,true => rowid: 27","v":1}
{"level":30,"time":1589725317753,"pid":31073,"hostname":"localhost.localdomain","msg":"Executed insert: INSERT INTO DEVICE_TYPE_CLUSTER (DEVICE_TYPE_REF, CLUSTER_NAME, INCLUDE_CLIENT, INCLUDE_SERVER, LOCK_CLIENT, LOCK_SERVER) VALUES (?,?,?,?,?,?): 6,Commissioning,false,true,true,true => rowid: 28","v":1}
{"level":30,"time":1589725317753,"pid":31073,"hostname":"localhost.localdomain","msg":"Preparing statement: INSERT INTO DEVICE_TYPE_ATTRIBUTE (DEVICE_TYPE_CLUSTER_REF, ATTRIBUTE_NAME) VALUES (?, ?) to insert 0 records.","v":1}
{"level":30,"time":1589725317753,"pid":31073,"hostname":"localhost.localdomain","msg":"Preparing statement: INSERT INTO DEVICE_TYPE_COMMAND (DEVICE_TYPE_CLUSTER_REF, COMMAND_NAME) VALUES (?, ?) to insert 0 records.","v":1}
{"level":30,"time":1589725317753,"pid":31073,"hostname":"localhost.localdomain","msg":"Executed insert: INSERT INTO DEVICE_TYPE_CLUSTER (DEVICE_TYPE_REF, CLUSTER_NAME, INCLUDE_CLIENT, INCLUDE_SERVER, LOCK_CLIENT, LOCK_SERVER) VALUES (?,?,?,?,?,?): 10,Basic,false,true,true,true => rowid: 29","v":1}
{"level":30,"time":1589725317754,"pid":31073,"hostname":"localhost.localdomain","msg":"Executed insert: INSERT INTO DEVICE_TYPE_CLUSTER (DEVICE_TYPE_REF, CLUSTER_NAME, INCLUDE_CLIENT, INCLUDE_SERVER, LOCK_CLIENT, LOCK_SERVER) VALUES (?,?,?,?,?,?): 10,Identify,false,true,true,true => rowid: 30","v":1}
{"level":30,"time":1589725317754,"pid":31073,"hostname":"localhost.localdomain","msg":"Executed insert: INSERT INTO DEVICE_TYPE_CLUSTER (DEVICE_TYPE_REF, CLUSTER_NAME, INCLUDE_CLIENT, INCLUDE_SERVER, LOCK_CLIENT, LOCK_SERVER) VALUES (?,?,?,?,?,?): 10,Power Configuration,false,true,true,false => rowid: 31","v":1}
{"level":30,"time":1589725317754,"pid":31073,"hostname":"localhost.localdomain","msg":"Executed insert: INSERT INTO DEVICE_TYPE_CLUSTER (DEVICE_TYPE_REF, CLUSTER_NAME, INCLUDE_CLIENT, INCLUDE_SERVER, LOCK_CLIENT, LOCK_SERVER) VALUES (?,?,?,?,?,?): 10,Device Temperature Configuration,false,true,true,false => rowid: 32","v":1}
{"level":30,"time":1589725317754,"pid":31073,"hostname":"localhost.localdomain","msg":"Executed insert: INSERT INTO DEVICE_TYPE_CLUSTER (DEVICE_TYPE_REF, CLUSTER_NAME, INCLUDE_CLIENT, INCLUDE_SERVER, LOCK_CLIENT, LOCK_SERVER) VALUES (?,?,?,?,?,?): 1,Groups,false,true,true,true => rowid: 33","v":1}
{"level":30,"time":1589725317754,"pid":31073,"hostname":"localhost.localdomain","msg":"Executed insert: INSERT INTO DEVICE_TYPE_CLUSTER (DEVICE_TYPE_REF, CLUSTER_NAME, INCLUDE_CLIENT, INCLUDE_SERVER, LOCK_CLIENT, LOCK_SERVER) VALUES (?,?,?,?,?,?): 10,Time,false,false,true,false => rowid: 34","v":1}
{"level":30,"time":1589725317754,"pid":31073,"hostname":"localhost.localdomain","msg":"Executed insert: INSERT INTO DEVICE_TYPE_CLUSTER (DEVICE_TYPE_REF, CLUSTER_NAME, INCLUDE_CLIENT, INCLUDE_SERVER, LOCK_CLIENT, LOCK_SERVER) VALUES (?,?,?,?,?,?): 10,Thermostat,false,true,true,true => rowid: 35","v":1}
{"level":30,"time":1589725317754,"pid":31073,"hostname":"localhost.localdomain","msg":"Executed insert: INSERT INTO DEVICE_TYPE_CLUSTER (DEVICE_TYPE_REF, CLUSTER_NAME, INCLUDE_CLIENT, INCLUDE_SERVER, LOCK_CLIENT, LOCK_SERVER) VALUES (?,?,?,?,?,?): 10,Scenes,false,true,true,true => rowid: 36","v":1}
{"level":30,"time":1589725317754,"pid":31073,"hostname":"localhost.localdomain","msg":"Executed insert: INSERT INTO DEVICE_TYPE_CLUSTER (DEVICE_TYPE_REF, CLUSTER_NAME, INCLUDE_CLIENT, INCLUDE_SERVER, LOCK_CLIENT, LOCK_SERVER) VALUES (?,?,?,?,?,?): 10,Groups,false,true,true,true => rowid: 37","v":1}
{"level":30,"time":1589725317754,"pid":31079,"hostname":"localhost.localdomain","msg":"Executed insert: INSERT INTO DEVICE_TYPE_CLUSTER (DEVICE_TYPE_REF, CLUSTER_NAME, INCLUDE_CLIENT, INCLUDE_SERVER, LOCK_CLIENT, LOCK_SERVER) VALUES (?,?,?,?,?,?): 18,Basic,false,true,true,true => rowid: 69","v":1}
{"level":30,"time":1589725317754,"pid":31073,"hostname":"localhost.localdomain","msg":"Executed insert: INSERT INTO DEVICE_TYPE_CLUSTER (DEVICE_TYPE_REF, CLUSTER_NAME, INCLUDE_CLIENT, INCLUDE_SERVER, LOCK_CLIENT, LOCK_SERVER) VALUES (?,?,?,?,?,?): 10,Thermostat User Interface Configuration,false,true,true,false => rowid: 38","v":1}
{"level":30,"time":1589725317754,"pid":31079,"hostname":"localhost.localdomain","msg":"Executed insert: INSERT INTO DEVICE_TYPE_CLUSTER (DEVICE_TYPE_REF, CLUSTER_NAME, INCLUDE_CLIENT, INCLUDE_SERVER, LOCK_CLIENT, LOCK_SERVER) VALUES (?,?,?,?,?,?): 18,ZLL Commissioning,true,true,true,true => rowid: 70","v":1}
{"level":30,"time":1589725317754,"pid":31073,"hostname":"localhost.localdomain","msg":"Executed insert: INSERT INTO DEVICE_TYPE_CLUSTER (DEVICE_TYPE_REF, CLUSTER_NAME, INCLUDE_CLIENT, INCLUDE_SERVER, LOCK_CLIENT, LOCK_SERVER) VALUES (?,?,?,?,?,?): 10,Fan control,true,false,false,true => rowid: 39","v":1}
{"level":30,"time":1589725317754,"pid":31073,"hostname":"localhost.localdomain","msg":"Executed insert: INSERT INTO DEVICE_TYPE_CLUSTER (DEVICE_TYPE_REF, CLUSTER_NAME, INCLUDE_CLIENT, INCLUDE_SERVER, LOCK_CLIENT, LOCK_SERVER) VALUES (?,?,?,?,?,?): 10,Temperature measurement,true,false,false,true => rowid: 40","v":1}
{"level":30,"time":1589725317754,"pid":31079,"hostname":"localhost.localdomain","msg":"Executed insert: INSERT INTO DEVICE_TYPE_CLUSTER (DEVICE_TYPE_REF, CLUSTER_NAME, INCLUDE_CLIENT, INCLUDE_SERVER, LOCK_CLIENT, LOCK_SERVER) VALUES (?,?,?,?,?,?): 18,Identify,false,true,true,true => rowid: 71","v":1}
{"level":30,"time":1589725317754,"pid":31073,"hostname":"localhost.localdomain","msg":"Executed insert: INSERT INTO DEVICE_TYPE_CLUSTER (DEVICE_TYPE_REF, CLUSTER_NAME, INCLUDE_CLIENT, INCLUDE_SERVER, LOCK_CLIENT, LOCK_SERVER) VALUES (?,?,?,?,?,?): 10,Occupancy Sensing,true,false,false,true => rowid: 41","v":1}
{"level":30,"time":1589725317754,"pid":31079,"hostname":"localhost.localdomain","msg":"Executed insert: INSERT INTO DEVICE_TYPE_CLUSTER (DEVICE_TYPE_REF, CLUSTER_NAME, INCLUDE_CLIENT, INCLUDE_SERVER, LOCK_CLIENT, LOCK_SERVER) VALUES (?,?,?,?,?,?): 18,Groups,false,true,true,true => rowid: 72","v":1}
{"level":30,"time":1589725317754,"pid":31073,"hostname":"localhost.localdomain","msg":"Executed insert: INSERT INTO DEVICE_TYPE_CLUSTER (DEVICE_TYPE_REF, CLUSTER_NAME, INCLUDE_CLIENT, INCLUDE_SERVER, LOCK_CLIENT, LOCK_SERVER) VALUES (?,?,?,?,?,?): 10,Relative Humidity Measurement,true,false,false,true => rowid: 42","v":1}
{"level":30,"time":1589725317754,"pid":31079,"hostname":"localhost.localdomain","msg":"Executed insert: INSERT INTO DEVICE_TYPE_CLUSTER (DEVICE_TYPE_REF, CLUSTER_NAME, INCLUDE_CLIENT, INCLUDE_SERVER, LOCK_CLIENT, LOCK_SERVER) VALUES (?,?,?,?,?,?): 18,Scenes,false,true,true,true => rowid: 73","v":1}
{"level":30,"time":1589725317755,"pid":31079,"hostname":"localhost.localdomain","msg":"Executed insert: INSERT INTO DEVICE_TYPE_CLUSTER (DEVICE_TYPE_REF, CLUSTER_NAME, INCLUDE_CLIENT, INCLUDE_SERVER, LOCK_CLIENT, LOCK_SERVER) VALUES (?,?,?,?,?,?): 18,On/Off,false,true,true,true => rowid: 74","v":1}
{"level":30,"time":1589725317755,"pid":31073,"hostname":"localhost.localdomain","msg":"Executed insert: INSERT INTO DEVICE_TYPE_CLUSTER (DEVICE_TYPE_REF, CLUSTER_NAME, INCLUDE_CLIENT, INCLUDE_SERVER, LOCK_CLIENT, LOCK_SERVER) VALUES (?,?,?,?,?,?): 10,Commissioning,false,true,true,true => rowid: 43","v":1}
{"level":30,"time":1589725317755,"pid":31073,"hostname":"localhost.localdomain","msg":"Executed insert: INSERT INTO DEVICE_TYPE_CLUSTER (DEVICE_TYPE_REF, CLUSTER_NAME, INCLUDE_CLIENT, INCLUDE_SERVER, LOCK_CLIENT, LOCK_SERVER) VALUES (?,?,?,?,?,?): 16,Basic,false,true,true,true => rowid: 44","v":1}
{"level":30,"time":1589725317755,"pid":31079,"hostname":"localhost.localdomain","msg":"Executed insert: INSERT INTO DEVICE_TYPE_CLUSTER (DEVICE_TYPE_REF, CLUSTER_NAME, INCLUDE_CLIENT, INCLUDE_SERVER, LOCK_CLIENT, LOCK_SERVER) VALUES (?,?,?,?,?,?): 18,Over the Air Bootloading,false,false,false,false => rowid: 75","v":1}
{"level":30,"time":1589725317755,"pid":31073,"hostname":"localhost.localdomain","msg":"Executed insert: INSERT INTO DEVICE_TYPE_CLUSTER (DEVICE_TYPE_REF, CLUSTER_NAME, INCLUDE_CLIENT, INCLUDE_SERVER, LOCK_CLIENT, LOCK_SERVER) VALUES (?,?,?,?,?,?): 16,Identify,false,true,true,true => rowid: 45","v":1}
{"level":30,"time":1589725317755,"pid":31079,"hostname":"localhost.localdomain","msg":"Executed insert: INSERT INTO DEVICE_TYPE_CLUSTER (DEVICE_TYPE_REF, CLUSTER_NAME, INCLUDE_CLIENT, INCLUDE_SERVER, LOCK_CLIENT, LOCK_SERVER) VALUES (?,?,?,?,?,?): 25,Basic,false,true,true,true => rowid: 76","v":1}
{"level":30,"time":1589725317755,"pid":31073,"hostname":"localhost.localdomain","msg":"Executed insert: INSERT INTO DEVICE_TYPE_CLUSTER (DEVICE_TYPE_REF, CLUSTER_NAME, INCLUDE_CLIENT, INCLUDE_SERVER, LOCK_CLIENT, LOCK_SERVER) VALUES (?,?,?,?,?,?): 16,Power Configuration,false,true,true,false => rowid: 46","v":1}
{"level":30,"time":1589725317755,"pid":31079,"hostname":"localhost.localdomain","msg":"Executed insert: INSERT INTO DEVICE_TYPE_CLUSTER (DEVICE_TYPE_REF, CLUSTER_NAME, INCLUDE_CLIENT, INCLUDE_SERVER, LOCK_CLIENT, LOCK_SERVER) VALUES (?,?,?,?,?,?): 25,ZLL Commissioning,true,true,true,true => rowid: 77","v":1}
{"level":30,"time":1589725317755,"pid":31079,"hostname":"localhost.localdomain","msg":"Executed insert: INSERT INTO DEVICE_TYPE_CLUSTER (DEVICE_TYPE_REF, CLUSTER_NAME, INCLUDE_CLIENT, INCLUDE_SERVER, LOCK_CLIENT, LOCK_SERVER) VALUES (?,?,?,?,?,?): 25,Identify,false,true,true,true => rowid: 78","v":1}
{"level":30,"time":1589725317755,"pid":31073,"hostname":"localhost.localdomain","msg":"Executed insert: INSERT INTO DEVICE_TYPE_CLUSTER (DEVICE_TYPE_REF, CLUSTER_NAME, INCLUDE_CLIENT, INCLUDE_SERVER, LOCK_CLIENT, LOCK_SERVER) VALUES (?,?,?,?,?,?): 16,Device Temperature Configuration,false,true,true,false => rowid: 47","v":1}
{"level":30,"time":1589725317755,"pid":31073,"hostname":"localhost.localdomain","msg":"Executed insert: INSERT INTO DEVICE_TYPE_CLUSTER (DEVICE_TYPE_REF, CLUSTER_NAME, INCLUDE_CLIENT, INCLUDE_SERVER, LOCK_CLIENT, LOCK_SERVER) VALUES (?,?,?,?,?,?): 16,Alarms,false,true,true,false => rowid: 48","v":1}
{"level":30,"time":1589725317755,"pid":31079,"hostname":"localhost.localdomain","msg":"Executed insert: INSERT INTO DEVICE_TYPE_CLUSTER (DEVICE_TYPE_REF, CLUSTER_NAME, INCLUDE_CLIENT, INCLUDE_SERVER, LOCK_CLIENT, LOCK_SERVER) VALUES (?,?,?,?,?,?): 25,Groups,false,true,true,true => rowid: 79","v":1}
{"level":30,"time":1589725317755,"pid":31079,"hostname":"localhost.localdomain","msg":"Executed insert: INSERT INTO DEVICE_TYPE_CLUSTER (DEVICE_TYPE_REF, CLUSTER_NAME, INCLUDE_CLIENT, INCLUDE_SERVER, LOCK_CLIENT, LOCK_SERVER) VALUES (?,?,?,?,?,?): 25,Scenes,false,true,true,true => rowid: 80","v":1}
{"level":30,"time":1589725317755,"pid":31073,"hostname":"localhost.localdomain","msg":"Executed insert: INSERT INTO DEVICE_TYPE_CLUSTER (DEVICE_TYPE_REF, CLUSTER_NAME, INCLUDE_CLIENT, INCLUDE_SERVER, LOCK_CLIENT, LOCK_SERVER) VALUES (?,?,?,?,?,?): 16,Time,false,false,true,false => rowid: 49","v":1}
{"level":30,"time":1589725317755,"pid":31079,"hostname":"localhost.localdomain","msg":"Executed insert: INSERT INTO DEVICE_TYPE_CLUSTER (DEVICE_TYPE_REF, CLUSTER_NAME, INCLUDE_CLIENT, INCLUDE_SERVER, LOCK_CLIENT, LOCK_SERVER) VALUES (?,?,?,?,?,?): 25,On/Off,false,true,true,true => rowid: 81","v":1}
{"level":30,"time":1589725317755,"pid":31073,"hostname":"localhost.localdomain","msg":"Executed insert: INSERT INTO DEVICE_TYPE_CLUSTER (DEVICE_TYPE_REF, CLUSTER_NAME, INCLUDE_CLIENT, INCLUDE_SERVER, LOCK_CLIENT, LOCK_SERVER) VALUES (?,?,?,?,?,?): 16,Groups,true,false,false,true => rowid: 50","v":1}
{"level":30,"time":1589725317755,"pid":31073,"hostname":"localhost.localdomain","msg":"Executed insert: INSERT INTO DEVICE_TYPE_CLUSTER (DEVICE_TYPE_REF, CLUSTER_NAME, INCLUDE_CLIENT, INCLUDE_SERVER, LOCK_CLIENT, LOCK_SERVER) VALUES (?,?,?,?,?,?): 16,Temperature measurement,false,true,true,true => rowid: 51","v":1}
{"level":30,"time":1589725317755,"pid":31079,"hostname":"localhost.localdomain","msg":"Executed insert: INSERT INTO DEVICE_TYPE_CLUSTER (DEVICE_TYPE_REF, CLUSTER_NAME, INCLUDE_CLIENT, INCLUDE_SERVER, LOCK_CLIENT, LOCK_SERVER) VALUES (?,?,?,?,?,?): 25,Level Control,false,true,true,true => rowid: 82","v":1}
{"level":30,"time":1589725317755,"pid":31073,"hostname":"localhost.localdomain","msg":"Executed insert: INSERT INTO DEVICE_TYPE_CLUSTER (DEVICE_TYPE_REF, CLUSTER_NAME, INCLUDE_CLIENT, INCLUDE_SERVER, LOCK_CLIENT, LOCK_SERVER) VALUES (?,?,?,?,?,?): 16,Commissioning,false,true,true,true => rowid: 52","v":1}
{"level":30,"time":1589725317755,"pid":31079,"hostname":"localhost.localdomain","msg":"Executed insert: INSERT INTO DEVICE_TYPE_CLUSTER (DEVICE_TYPE_REF, CLUSTER_NAME, INCLUDE_CLIENT, INCLUDE_SERVER, LOCK_CLIENT, LOCK_SERVER) VALUES (?,?,?,?,?,?): 25,Over the Air Bootloading,false,false,false,false => rowid: 83","v":1}
{"level":30,"time":1589725317755,"pid":31073,"hostname":"localhost.localdomain","msg":"Preparing statement: INSERT INTO DEVICE_TYPE_ATTRIBUTE (DEVICE_TYPE_CLUSTER_REF, ATTRIBUTE_NAME) VALUES (?, ?) to insert 0 records.","v":1}
{"level":30,"time":1589725317755,"pid":31073,"hostname":"localhost.localdomain","msg":"Preparing statement: INSERT INTO DEVICE_TYPE_COMMAND (DEVICE_TYPE_CLUSTER_REF, COMMAND_NAME) VALUES (?, ?) to insert 0 records.","v":1}
{"level":30,"time":1589725317756,"pid":31079,"hostname":"localhost.localdomain","msg":"Preparing statement: INSERT INTO DEVICE_TYPE_ATTRIBUTE (DEVICE_TYPE_CLUSTER_REF, ATTRIBUTE_NAME) VALUES (?, ?) to insert 22 records.","v":1}
{"level":30,"time":1589725317756,"pid":31073,"hostname":"localhost.localdomain","msg":"Executed insert: INSERT INTO DEVICE_TYPE_CLUSTER (DEVICE_TYPE_REF, CLUSTER_NAME, INCLUDE_CLIENT, INCLUDE_SERVER, LOCK_CLIENT, LOCK_SERVER) VALUES (?,?,?,?,?,?): 23,Basic,true,true,true,true => rowid: 53","v":1}
{"level":30,"time":1589725317756,"pid":31073,"hostname":"localhost.localdomain","msg":"Executed insert: INSERT INTO DEVICE_TYPE_CLUSTER (DEVICE_TYPE_REF, CLUSTER_NAME, INCLUDE_CLIENT, INCLUDE_SERVER, LOCK_CLIENT, LOCK_SERVER) VALUES (?,?,?,?,?,?): 23,Identify,true,false,true,true => rowid: 54","v":1}
{"level":30,"time":1589725317756,"pid":31079,"hostname":"localhost.localdomain","msg":"Preparing statement: INSERT INTO DEVICE_TYPE_COMMAND (DEVICE_TYPE_CLUSTER_REF, COMMAND_NAME) VALUES (?, ?) to insert 51 records.","v":1}
{"level":30,"time":1589725317756,"pid":31073,"hostname":"localhost.localdomain","msg":"Executed insert: INSERT INTO DEVICE_TYPE_CLUSTER (DEVICE_TYPE_REF, CLUSTER_NAME, INCLUDE_CLIENT, INCLUDE_SERVER, LOCK_CLIENT, LOCK_SERVER) VALUES (?,?,?,?,?,?): 23,Groups,true,false,true,true => rowid: 55","v":1}
{"level":30,"time":1589725317756,"pid":31079,"hostname":"localhost.localdomain","msg":"Executed insert: INSERT INTO DEVICE_TYPE_CLUSTER (DEVICE_TYPE_REF, CLUSTER_NAME, INCLUDE_CLIENT, INCLUDE_SERVER, LOCK_CLIENT, LOCK_SERVER) VALUES (?,?,?,?,?,?): 31,Basic,false,true,true,true => rowid: 84","v":1}
{"level":30,"time":1589725317756,"pid":31073,"hostname":"localhost.localdomain","msg":"Executed insert: INSERT INTO DEVICE_TYPE_CLUSTER (DEVICE_TYPE_REF, CLUSTER_NAME, INCLUDE_CLIENT, INCLUDE_SERVER, LOCK_CLIENT, LOCK_SERVER) VALUES (?,?,?,?,?,?): 23,Scenes,true,false,true,true => rowid: 56","v":1}
{"level":30,"time":1589725317756,"pid":31079,"hostname":"localhost.localdomain","msg":"Executed insert: INSERT INTO DEVICE_TYPE_CLUSTER (DEVICE_TYPE_REF, CLUSTER_NAME, INCLUDE_CLIENT, INCLUDE_SERVER, LOCK_CLIENT, LOCK_SERVER) VALUES (?,?,?,?,?,?): 31,ZLL Commissioning,true,true,true,true => rowid: 85","v":1}
{"level":30,"time":1589725317756,"pid":31073,"hostname":"localhost.localdomain","msg":"Executed insert: INSERT INTO DEVICE_TYPE_CLUSTER (DEVICE_TYPE_REF, CLUSTER_NAME, INCLUDE_CLIENT, INCLUDE_SERVER, LOCK_CLIENT, LOCK_SERVER) VALUES (?,?,?,?,?,?): 23,Commissioning,true,false,true,true => rowid: 57","v":1}
{"level":30,"time":1589725317756,"pid":31079,"hostname":"localhost.localdomain","msg":"Executed insert: INSERT INTO DEVICE_TYPE_CLUSTER (DEVICE_TYPE_REF, CLUSTER_NAME, INCLUDE_CLIENT, INCLUDE_SERVER, LOCK_CLIENT, LOCK_SERVER) VALUES (?,?,?,?,?,?): 31,Identify,false,true,true,true => rowid: 86","v":1}
{"level":30,"time":1589725317756,"pid":31073,"hostname":"localhost.localdomain","msg":"Preparing statement: INSERT INTO DEVICE_TYPE_ATTRIBUTE (DEVICE_TYPE_CLUSTER_REF, ATTRIBUTE_NAME) VALUES (?, ?) to insert 0 records.","v":1}
{"level":30,"time":1589725317756,"pid":31079,"hostname":"localhost.localdomain","msg":"Executed insert: INSERT INTO DEVICE_TYPE_CLUSTER (DEVICE_TYPE_REF, CLUSTER_NAME, INCLUDE_CLIENT, INCLUDE_SERVER, LOCK_CLIENT, LOCK_SERVER) VALUES (?,?,?,?,?,?): 18,Level Control,false,true,true,true => rowid: 87","v":1}
{"level":30,"time":1589725317756,"pid":31073,"hostname":"localhost.localdomain","msg":"Preparing statement: INSERT INTO DEVICE_TYPE_COMMAND (DEVICE_TYPE_CLUSTER_REF, COMMAND_NAME) VALUES (?, ?) to insert 0 records.","v":1}
{"level":30,"time":1589725317756,"pid":31079,"hostname":"localhost.localdomain","msg":"Preparing statement: INSERT INTO DEVICE_TYPE_ATTRIBUTE (DEVICE_TYPE_CLUSTER_REF, ATTRIBUTE_NAME) VALUES (?, ?) to insert 22 records.","v":1}
{"level":30,"time":1589725317756,"pid":31079,"hostname":"localhost.localdomain","msg":"Preparing statement: INSERT INTO DEVICE_TYPE_COMMAND (DEVICE_TYPE_CLUSTER_REF, COMMAND_NAME) VALUES (?, ?) to insert 51 records.","v":1}
{"level":30,"time":1589725317756,"pid":31079,"hostname":"localhost.localdomain","msg":"Executed insert: INSERT INTO DEVICE_TYPE_CLUSTER (DEVICE_TYPE_REF, CLUSTER_NAME, INCLUDE_CLIENT, INCLUDE_SERVER, LOCK_CLIENT, LOCK_SERVER) VALUES (?,?,?,?,?,?): 31,Groups,false,true,true,true => rowid: 88","v":1}
{"level":30,"time":1589725317756,"pid":31079,"hostname":"localhost.localdomain","msg":"Executed insert: INSERT INTO DEVICE_TYPE_CLUSTER (DEVICE_TYPE_REF, CLUSTER_NAME, INCLUDE_CLIENT, INCLUDE_SERVER, LOCK_CLIENT, LOCK_SERVER) VALUES (?,?,?,?,?,?): 31,Scenes,false,true,true,true => rowid: 89","v":1}
{"level":30,"time":1589725317756,"pid":31079,"hostname":"localhost.localdomain","msg":"Executed insert: INSERT INTO DEVICE_TYPE_CLUSTER (DEVICE_TYPE_REF, CLUSTER_NAME, INCLUDE_CLIENT, INCLUDE_SERVER, LOCK_CLIENT, LOCK_SERVER) VALUES (?,?,?,?,?,?): 31,On/Off,false,true,true,true => rowid: 90","v":1}
{"level":30,"time":1589725317757,"pid":31079,"hostname":"localhost.localdomain","msg":"Executed insert: INSERT INTO DEVICE_TYPE_CLUSTER (DEVICE_TYPE_REF, CLUSTER_NAME, INCLUDE_CLIENT, INCLUDE_SERVER, LOCK_CLIENT, LOCK_SERVER) VALUES (?,?,?,?,?,?): 31,Level Control,false,true,true,true => rowid: 91","v":1}
{"level":30,"time":1589725317757,"pid":31079,"hostname":"localhost.localdomain","msg":"Executed insert: INSERT INTO DEVICE_TYPE_CLUSTER (DEVICE_TYPE_REF, CLUSTER_NAME, INCLUDE_CLIENT, INCLUDE_SERVER, LOCK_CLIENT, LOCK_SERVER) VALUES (?,?,?,?,?,?): 31,Over the Air Bootloading,false,false,false,false => rowid: 92","v":1}
{"level":30,"time":1589725317757,"pid":31073,"hostname":"localhost.localdomain","msg":"Preparing statement: INSERT INTO BITMAP_FIELD (BITMAP_REF, NAME, MASK) VALUES (?, ?, ?) to insert 21 records.","v":1}
{"level":30,"time":1589725317757,"pid":31079,"hostname":"localhost.localdomain","msg":"Preparing statement: INSERT INTO DEVICE_TYPE_ATTRIBUTE (DEVICE_TYPE_CLUSTER_REF, ATTRIBUTE_NAME) VALUES (?, ?) to insert 22 records.","v":1}
{"level":30,"time":1589725317757,"pid":31079,"hostname":"localhost.localdomain","msg":"Preparing statement: INSERT INTO DEVICE_TYPE_COMMAND (DEVICE_TYPE_CLUSTER_REF, COMMAND_NAME) VALUES (?, ?) to insert 51 records.","v":1}
{"level":30,"time":1589725317757,"pid":31079,"hostname":"localhost.localdomain","msg":"Executed insert: INSERT INTO DEVICE_TYPE_CLUSTER (DEVICE_TYPE_REF, CLUSTER_NAME, INCLUDE_CLIENT, INCLUDE_SERVER, LOCK_CLIENT, LOCK_SERVER) VALUES (?,?,?,?,?,?): 37,Basic,false,true,true,true => rowid: 93","v":1}
{"level":30,"time":1589725317757,"pid":31079,"hostname":"localhost.localdomain","msg":"Executed insert: INSERT INTO DEVICE_TYPE_CLUSTER (DEVICE_TYPE_REF, CLUSTER_NAME, INCLUDE_CLIENT, INCLUDE_SERVER, LOCK_CLIENT, LOCK_SERVER) VALUES (?,?,?,?,?,?): 37,ZLL Commissioning,true,true,true,true => rowid: 94","v":1}
{"level":30,"time":1589725317757,"pid":31073,"hostname":"localhost.localdomain","msg":"Executed insert: INSERT INTO DEVICE_TYPE_CLUSTER (DEVICE_TYPE_REF, CLUSTER_NAME, INCLUDE_CLIENT, INCLUDE_SERVER, LOCK_CLIENT, LOCK_SERVER) VALUES (?,?,?,?,?,?): 1,Identify,false,true,true,true => rowid: 58","v":1}
{"level":30,"time":1589725317757,"pid":31079,"hostname":"localhost.localdomain","msg":"Executed insert: INSERT INTO DEVICE_TYPE_CLUSTER (DEVICE_TYPE_REF, CLUSTER_NAME, INCLUDE_CLIENT, INCLUDE_SERVER, LOCK_CLIENT, LOCK_SERVER) VALUES (?,?,?,?,?,?): 37,Identify,false,true,true,true => rowid: 95","v":1}
{"level":30,"time":1589725317757,"pid":31079,"hostname":"localhost.localdomain","msg":"Executed insert: INSERT INTO DEVICE_TYPE_CLUSTER (DEVICE_TYPE_REF, CLUSTER_NAME, INCLUDE_CLIENT, INCLUDE_SERVER, LOCK_CLIENT, LOCK_SERVER) VALUES (?,?,?,?,?,?): 37,Groups,false,true,true,true => rowid: 96","v":1}
{"level":30,"time":1589725317757,"pid":31079,"hostname":"localhost.localdomain","msg":"Executed insert: INSERT INTO DEVICE_TYPE_CLUSTER (DEVICE_TYPE_REF, CLUSTER_NAME, INCLUDE_CLIENT, INCLUDE_SERVER, LOCK_CLIENT, LOCK_SERVER) VALUES (?,?,?,?,?,?): 37,Scenes,false,true,true,true => rowid: 97","v":1}
{"level":30,"time":1589725317757,"pid":31079,"hostname":"localhost.localdomain","msg":"Executed insert: INSERT INTO DEVICE_TYPE_CLUSTER (DEVICE_TYPE_REF, CLUSTER_NAME, INCLUDE_CLIENT, INCLUDE_SERVER, LOCK_CLIENT, LOCK_SERVER) VALUES (?,?,?,?,?,?): 37,On/Off,false,true,true,true => rowid: 98","v":1}
{"level":30,"time":1589725317757,"pid":31079,"hostname":"localhost.localdomain","msg":"Executed insert: INSERT INTO DEVICE_TYPE_CLUSTER (DEVICE_TYPE_REF, CLUSTER_NAME, INCLUDE_CLIENT, INCLUDE_SERVER, LOCK_CLIENT, LOCK_SERVER) VALUES (?,?,?,?,?,?): 37,Level Control,false,true,true,true => rowid: 99","v":1}
{"level":30,"time":1589725317758,"pid":31079,"hostname":"localhost.localdomain","msg":"Executed insert: INSERT INTO DEVICE_TYPE_CLUSTER (DEVICE_TYPE_REF, CLUSTER_NAME, INCLUDE_CLIENT, INCLUDE_SERVER, LOCK_CLIENT, LOCK_SERVER) VALUES (?,?,?,?,?,?): 37,Over the Air Bootloading,false,false,false,false => rowid: 100","v":1}
{"level":30,"time":1589725317758,"pid":31079,"hostname":"localhost.localdomain","msg":"Preparing statement: INSERT INTO DEVICE_TYPE_ATTRIBUTE (DEVICE_TYPE_CLUSTER_REF, ATTRIBUTE_NAME) VALUES (?, ?) to insert 22 records.","v":1}
{"level":30,"time":1589725317758,"pid":31079,"hostname":"localhost.localdomain","msg":"Preparing statement: INSERT INTO DEVICE_TYPE_COMMAND (DEVICE_TYPE_CLUSTER_REF, COMMAND_NAME) VALUES (?, ?) to insert 51 records.","v":1}
{"level":30,"time":1589725317758,"pid":31073,"hostname":"localhost.localdomain","msg":"Executed get: SELECT PACKAGE_ID, PATH, CRC FROM PACKAGE WHERE PATH = ?: zcl/ha.xml","v":1}
{"level":30,"time":1589725317758,"pid":31079,"hostname":"localhost.localdomain","msg":"Executed insert: INSERT INTO DEVICE_TYPE_CLUSTER (DEVICE_TYPE_REF, CLUSTER_NAME, INCLUDE_CLIENT, INCLUDE_SERVER, LOCK_CLIENT, LOCK_SERVER) VALUES (?,?,?,?,?,?): 43,Basic,false,true,true,true => rowid: 101","v":1}
{"level":30,"time":1589725317758,"pid":31073,"hostname":"localhost.localdomain","msg":"No CRC in the database for file zcl/ha.xml, parsing.","v":1}
{"level":30,"time":1589725317758,"pid":31079,"hostname":"localhost.localdomain","msg":"Executed insert: INSERT INTO DEVICE_TYPE_CLUSTER (DEVICE_TYPE_REF, CLUSTER_NAME, INCLUDE_CLIENT, INCLUDE_SERVER, LOCK_CLIENT, LOCK_SERVER) VALUES (?,?,?,?,?,?): 43,ZLL Commissioning,true,true,true,true => rowid: 102","v":1}
{"level":30,"time":1589725317758,"pid":31079,"hostname":"localhost.localdomain","msg":"Executed insert: INSERT INTO DEVICE_TYPE_CLUSTER (DEVICE_TYPE_REF, CLUSTER_NAME, INCLUDE_CLIENT, INCLUDE_SERVER, LOCK_CLIENT, LOCK_SERVER) VALUES (?,?,?,?,?,?): 43,Identify,false,true,true,true => rowid: 103","v":1}
{"level":30,"time":1589725317758,"pid":31073,"hostname":"localhost.localdomain","msg":"Executed insert: INSERT INTO DEVICE_TYPE_CLUSTER (DEVICE_TYPE_REF, CLUSTER_NAME, INCLUDE_CLIENT, INCLUDE_SERVER, LOCK_CLIENT, LOCK_SERVER) VALUES (?,?,?,?,?,?): 10,Alarms,false,true,true,false => rowid: 59","v":1}
{"level":30,"time":1589725317758,"pid":31079,"hostname":"localhost.localdomain","msg":"Executed insert: INSERT INTO DEVICE_TYPE_CLUSTER (DEVICE_TYPE_REF, CLUSTER_NAME, INCLUDE_CLIENT, INCLUDE_SERVER, LOCK_CLIENT, LOCK_SERVER) VALUES (?,?,?,?,?,?): 43,Groups,false,true,true,true => rowid: 104","v":1}
{"level":30,"time":1589725317758,"pid":31073,"hostname":"localhost.localdomain","msg":"Preparing statement: INSERT INTO DEVICE_TYPE_ATTRIBUTE (DEVICE_TYPE_CLUSTER_REF, ATTRIBUTE_NAME) VALUES (?, ?) to insert 0 records.","v":1}
{"level":30,"time":1589725317758,"pid":31073,"hostname":"localhost.localdomain","msg":"Preparing statement: INSERT INTO DEVICE_TYPE_COMMAND (DEVICE_TYPE_CLUSTER_REF, COMMAND_NAME) VALUES (?, ?) to insert 0 records.","v":1}
{"level":30,"time":1589725317758,"pid":31079,"hostname":"localhost.localdomain","msg":"Executed insert: INSERT INTO DEVICE_TYPE_CLUSTER (DEVICE_TYPE_REF, CLUSTER_NAME, INCLUDE_CLIENT, INCLUDE_SERVER, LOCK_CLIENT, LOCK_SERVER) VALUES (?,?,?,?,?,?): 43,Scenes,false,true,true,true => rowid: 105","v":1}
{"level":30,"time":1589725317758,"pid":31073,"hostname":"localhost.localdomain","msg":"Executed insert: INSERT INTO DEVICE_TYPE_CLUSTER (DEVICE_TYPE_REF, CLUSTER_NAME, INCLUDE_CLIENT, INCLUDE_SERVER, LOCK_CLIENT, LOCK_SERVER) VALUES (?,?,?,?,?,?): 1,Commissioning,false,true,true,false => rowid: 60","v":1}
{"level":30,"time":1589725317758,"pid":31079,"hostname":"localhost.localdomain","msg":"Executed insert: INSERT INTO DEVICE_TYPE_CLUSTER (DEVICE_TYPE_REF, CLUSTER_NAME, INCLUDE_CLIENT, INCLUDE_SERVER, LOCK_CLIENT, LOCK_SERVER) VALUES (?,?,?,?,?,?): 43,On/Off,false,true,true,true => rowid: 106","v":1}
{"level":30,"time":1589725317758,"pid":31073,"hostname":"localhost.localdomain","msg":"Preparing statement: INSERT INTO DEVICE_TYPE_ATTRIBUTE (DEVICE_TYPE_CLUSTER_REF, ATTRIBUTE_NAME) VALUES (?, ?) to insert 0 records.","v":1}
{"level":30,"time":1589725317758,"pid":31079,"hostname":"localhost.localdomain","msg":"Executed insert: INSERT INTO DEVICE_TYPE_CLUSTER (DEVICE_TYPE_REF, CLUSTER_NAME, INCLUDE_CLIENT, INCLUDE_SERVER, LOCK_CLIENT, LOCK_SERVER) VALUES (?,?,?,?,?,?): 43,Level Control,false,true,true,true => rowid: 107","v":1}
{"level":30,"time":1589725317758,"pid":31073,"hostname":"localhost.localdomain","msg":"Preparing statement: INSERT INTO DEVICE_TYPE_COMMAND (DEVICE_TYPE_CLUSTER_REF, COMMAND_NAME) VALUES (?, ?) to insert 0 records.","v":1}
{"level":30,"time":1589725317758,"pid":31079,"hostname":"localhost.localdomain","msg":"Executed insert: INSERT INTO DEVICE_TYPE_CLUSTER (DEVICE_TYPE_REF, CLUSTER_NAME, INCLUDE_CLIENT, INCLUDE_SERVER, LOCK_CLIENT, LOCK_SERVER) VALUES (?,?,?,?,?,?): 43,Color Control,false,true,true,true => rowid: 108","v":1}
{"level":30,"time":1589725317758,"pid":31079,"hostname":"localhost.localdomain","msg":"Executed insert: INSERT INTO DEVICE_TYPE_CLUSTER (DEVICE_TYPE_REF, CLUSTER_NAME, INCLUDE_CLIENT, INCLUDE_SERVER, LOCK_CLIENT, LOCK_SERVER) VALUES (?,?,?,?,?,?): 43,Over the Air Bootloading,false,false,false,false => rowid: 109","v":1}
{"level":30,"time":1589725317759,"pid":31079,"hostname":"localhost.localdomain","msg":"Preparing statement: INSERT INTO DEVICE_TYPE_ATTRIBUTE (DEVICE_TYPE_CLUSTER_REF, ATTRIBUTE_NAME) VALUES (?, ?) to insert 58 records.","v":1}
{"level":30,"time":1589725317759,"pid":31079,"hostname":"localhost.localdomain","msg":"Preparing statement: INSERT INTO DEVICE_TYPE_COMMAND (DEVICE_TYPE_CLUSTER_REF, COMMAND_NAME) VALUES (?, ?) to insert 70 records.","v":1}
{"level":30,"time":1589725317759,"pid":31079,"hostname":"localhost.localdomain","msg":"Executed insert: INSERT INTO DEVICE_TYPE_CLUSTER (DEVICE_TYPE_REF, CLUSTER_NAME, INCLUDE_CLIENT, INCLUDE_SERVER, LOCK_CLIENT, LOCK_SERVER) VALUES (?,?,?,?,?,?): 48,Basic,false,true,true,true => rowid: 110","v":1}
{"level":30,"time":1589725317759,"pid":31079,"hostname":"localhost.localdomain","msg":"Executed insert: INSERT INTO DEVICE_TYPE_CLUSTER (DEVICE_TYPE_REF, CLUSTER_NAME, INCLUDE_CLIENT, INCLUDE_SERVER, LOCK_CLIENT, LOCK_SERVER) VALUES (?,?,?,?,?,?): 48,ZLL Commissioning,true,true,true,true => rowid: 111","v":1}
{"level":30,"time":1589725317759,"pid":31079,"hostname":"localhost.localdomain","msg":"Executed insert: INSERT INTO DEVICE_TYPE_CLUSTER (DEVICE_TYPE_REF, CLUSTER_NAME, INCLUDE_CLIENT, INCLUDE_SERVER, LOCK_CLIENT, LOCK_SERVER) VALUES (?,?,?,?,?,?): 48,Identify,false,true,true,true => rowid: 112","v":1}
{"level":30,"time":1589725317759,"pid":31079,"hostname":"localhost.localdomain","msg":"Executed insert: INSERT INTO DEVICE_TYPE_CLUSTER (DEVICE_TYPE_REF, CLUSTER_NAME, INCLUDE_CLIENT, INCLUDE_SERVER, LOCK_CLIENT, LOCK_SERVER) VALUES (?,?,?,?,?,?): 48,Groups,false,true,true,true => rowid: 113","v":1}
{"level":30,"time":1589725317759,"pid":31079,"hostname":"localhost.localdomain","msg":"Executed insert: INSERT INTO DEVICE_TYPE_CLUSTER (DEVICE_TYPE_REF, CLUSTER_NAME, INCLUDE_CLIENT, INCLUDE_SERVER, LOCK_CLIENT, LOCK_SERVER) VALUES (?,?,?,?,?,?): 48,Scenes,false,true,true,true => rowid: 114","v":1}
{"level":30,"time":1589725317759,"pid":31079,"hostname":"localhost.localdomain","msg":"Executed insert: INSERT INTO DEVICE_TYPE_CLUSTER (DEVICE_TYPE_REF, CLUSTER_NAME, INCLUDE_CLIENT, INCLUDE_SERVER, LOCK_CLIENT, LOCK_SERVER) VALUES (?,?,?,?,?,?): 48,On/Off,false,true,true,true => rowid: 115","v":1}
{"level":30,"time":1589725317759,"pid":31079,"hostname":"localhost.localdomain","msg":"Executed insert: INSERT INTO DEVICE_TYPE_CLUSTER (DEVICE_TYPE_REF, CLUSTER_NAME, INCLUDE_CLIENT, INCLUDE_SERVER, LOCK_CLIENT, LOCK_SERVER) VALUES (?,?,?,?,?,?): 48,Level Control,false,true,true,true => rowid: 116","v":1}
{"level":30,"time":1589725317759,"pid":31079,"hostname":"localhost.localdomain","msg":"Executed insert: INSERT INTO DEVICE_TYPE_CLUSTER (DEVICE_TYPE_REF, CLUSTER_NAME, INCLUDE_CLIENT, INCLUDE_SERVER, LOCK_CLIENT, LOCK_SERVER) VALUES (?,?,?,?,?,?): 48,Color Control,false,true,true,true => rowid: 117","v":1}
{"level":30,"time":1589725317759,"pid":31079,"hostname":"localhost.localdomain","msg":"Executed insert: INSERT INTO DEVICE_TYPE_CLUSTER (DEVICE_TYPE_REF, CLUSTER_NAME, INCLUDE_CLIENT, INCLUDE_SERVER, LOCK_CLIENT, LOCK_SERVER) VALUES (?,?,?,?,?,?): 48,Over the Air Bootloading,false,false,false,false => rowid: 118","v":1}
{"level":30,"time":1589725317760,"pid":31079,"hostname":"localhost.localdomain","msg":"Preparing statement: INSERT INTO DEVICE_TYPE_ATTRIBUTE (DEVICE_TYPE_CLUSTER_REF, ATTRIBUTE_NAME) VALUES (?, ?) to insert 58 records.","v":1}
{"level":30,"time":1589725317760,"pid":31079,"hostname":"localhost.localdomain","msg":"Preparing statement: INSERT INTO DEVICE_TYPE_COMMAND (DEVICE_TYPE_CLUSTER_REF, COMMAND_NAME) VALUES (?, ?) to insert 70 records.","v":1}
{"level":30,"time":1589725317760,"pid":31079,"hostname":"localhost.localdomain","msg":"Executed insert: INSERT INTO DEVICE_TYPE_CLUSTER (DEVICE_TYPE_REF, CLUSTER_NAME, INCLUDE_CLIENT, INCLUDE_SERVER, LOCK_CLIENT, LOCK_SERVER) VALUES (?,?,?,?,?,?): 53,Basic,false,true,true,true => rowid: 119","v":1}
{"level":30,"time":1589725317760,"pid":31079,"hostname":"localhost.localdomain","msg":"Executed insert: INSERT INTO DEVICE_TYPE_CLUSTER (DEVICE_TYPE_REF, CLUSTER_NAME, INCLUDE_CLIENT, INCLUDE_SERVER, LOCK_CLIENT, LOCK_SERVER) VALUES (?,?,?,?,?,?): 53,ZLL Commissioning,true,true,true,true => rowid: 120","v":1}
{"level":30,"time":1589725317760,"pid":31079,"hostname":"localhost.localdomain","msg":"Executed insert: INSERT INTO DEVICE_TYPE_CLUSTER (DEVICE_TYPE_REF, CLUSTER_NAME, INCLUDE_CLIENT, INCLUDE_SERVER, LOCK_CLIENT, LOCK_SERVER) VALUES (?,?,?,?,?,?): 53,Identify,false,true,true,true => rowid: 121","v":1}
{"level":30,"time":1589725317760,"pid":31079,"hostname":"localhost.localdomain","msg":"Executed insert: INSERT INTO DEVICE_TYPE_CLUSTER (DEVICE_TYPE_REF, CLUSTER_NAME, INCLUDE_CLIENT, INCLUDE_SERVER, LOCK_CLIENT, LOCK_SERVER) VALUES (?,?,?,?,?,?): 53,Groups,false,true,true,true => rowid: 122","v":1}
{"level":30,"time":1589725317760,"pid":31079,"hostname":"localhost.localdomain","msg":"Executed insert: INSERT INTO DEVICE_TYPE_CLUSTER (DEVICE_TYPE_REF, CLUSTER_NAME, INCLUDE_CLIENT, INCLUDE_SERVER, LOCK_CLIENT, LOCK_SERVER) VALUES (?,?,?,?,?,?): 53,Scenes,false,true,true,true => rowid: 123","v":1}
{"level":30,"time":1589725317760,"pid":31079,"hostname":"localhost.localdomain","msg":"Executed insert: INSERT INTO DEVICE_TYPE_CLUSTER (DEVICE_TYPE_REF, CLUSTER_NAME, INCLUDE_CLIENT, INCLUDE_SERVER, LOCK_CLIENT, LOCK_SERVER) VALUES (?,?,?,?,?,?): 53,On/Off,false,true,true,true => rowid: 124","v":1}
{"level":30,"time":1589725317760,"pid":31079,"hostname":"localhost.localdomain","msg":"Executed insert: INSERT INTO DEVICE_TYPE_CLUSTER (DEVICE_TYPE_REF, CLUSTER_NAME, INCLUDE_CLIENT, INCLUDE_SERVER, LOCK_CLIENT, LOCK_SERVER) VALUES (?,?,?,?,?,?): 53,Level Control,false,true,true,true => rowid: 125","v":1}
{"level":30,"time":1589725317760,"pid":31079,"hostname":"localhost.localdomain","msg":"Executed insert: INSERT INTO DEVICE_TYPE_CLUSTER (DEVICE_TYPE_REF, CLUSTER_NAME, INCLUDE_CLIENT, INCLUDE_SERVER, LOCK_CLIENT, LOCK_SERVER) VALUES (?,?,?,?,?,?): 53,Color Control,false,true,true,true => rowid: 126","v":1}
{"level":30,"time":1589725317760,"pid":31079,"hostname":"localhost.localdomain","msg":"Executed insert: INSERT INTO DEVICE_TYPE_CLUSTER (DEVICE_TYPE_REF, CLUSTER_NAME, INCLUDE_CLIENT, INCLUDE_SERVER, LOCK_CLIENT, LOCK_SERVER) VALUES (?,?,?,?,?,?): 53,Over the Air Bootloading,false,false,false,false => rowid: 127","v":1}
{"level":30,"time":1589725317761,"pid":31079,"hostname":"localhost.localdomain","msg":"Preparing statement: INSERT INTO DEVICE_TYPE_ATTRIBUTE (DEVICE_TYPE_CLUSTER_REF, ATTRIBUTE_NAME) VALUES (?, ?) to insert 58 records.","v":1}
{"level":30,"time":1589725317761,"pid":31073,"hostname":"localhost.localdomain","msg":"Executed insert: INSERT INTO DEVICE_TYPE_CLUSTER (DEVICE_TYPE_REF, CLUSTER_NAME, INCLUDE_CLIENT, INCLUDE_SERVER, LOCK_CLIENT, LOCK_SERVER) VALUES (?,?,?,?,?,?): 2,Green Power,true,true,true,true => rowid: 61","v":1}
{"level":30,"time":1589725317761,"pid":31079,"hostname":"localhost.localdomain","msg":"Preparing statement: INSERT INTO DEVICE_TYPE_COMMAND (DEVICE_TYPE_CLUSTER_REF, COMMAND_NAME) VALUES (?, ?) to insert 70 records.","v":1}
{"level":30,"time":1589725317761,"pid":31079,"hostname":"localhost.localdomain","msg":"Executed insert: INSERT INTO DEVICE_TYPE_CLUSTER (DEVICE_TYPE_REF, CLUSTER_NAME, INCLUDE_CLIENT, INCLUDE_SERVER, LOCK_CLIENT, LOCK_SERVER) VALUES (?,?,?,?,?,?): 58,Basic,false,true,true,true => rowid: 128","v":1}
{"level":30,"time":1589725317761,"pid":31073,"hostname":"localhost.localdomain","msg":"Preparing statement: INSERT INTO DEVICE_TYPE_ATTRIBUTE (DEVICE_TYPE_CLUSTER_REF, ATTRIBUTE_NAME) VALUES (?, ?) to insert 0 records.","v":1}
{"level":30,"time":1589725317761,"pid":31079,"hostname":"localhost.localdomain","msg":"Executed insert: INSERT INTO DEVICE_TYPE_CLUSTER (DEVICE_TYPE_REF, CLUSTER_NAME, INCLUDE_CLIENT, INCLUDE_SERVER, LOCK_CLIENT, LOCK_SERVER) VALUES (?,?,?,?,?,?): 58,ZLL Commissioning,true,true,true,true => rowid: 129","v":1}
{"level":30,"time":1589725317761,"pid":31079,"hostname":"localhost.localdomain","msg":"Executed insert: INSERT INTO DEVICE_TYPE_CLUSTER (DEVICE_TYPE_REF, CLUSTER_NAME, INCLUDE_CLIENT, INCLUDE_SERVER, LOCK_CLIENT, LOCK_SERVER) VALUES (?,?,?,?,?,?): 58,Identify,true,false,true,true => rowid: 130","v":1}
{"level":30,"time":1589725317761,"pid":31079,"hostname":"localhost.localdomain","msg":"Executed insert: INSERT INTO DEVICE_TYPE_CLUSTER (DEVICE_TYPE_REF, CLUSTER_NAME, INCLUDE_CLIENT, INCLUDE_SERVER, LOCK_CLIENT, LOCK_SERVER) VALUES (?,?,?,?,?,?): 58,Groups,true,false,true,true => rowid: 131","v":1}
{"level":30,"time":1589725317761,"pid":31073,"hostname":"localhost.localdomain","msg":"Preparing statement: INSERT INTO DEVICE_TYPE_COMMAND (DEVICE_TYPE_CLUSTER_REF, COMMAND_NAME) VALUES (?, ?) to insert 0 records.","v":1}
{"level":30,"time":1589725317761,"pid":31079,"hostname":"localhost.localdomain","msg":"Executed insert: INSERT INTO DEVICE_TYPE_CLUSTER (DEVICE_TYPE_REF, CLUSTER_NAME, INCLUDE_CLIENT, INCLUDE_SERVER, LOCK_CLIENT, LOCK_SERVER) VALUES (?,?,?,?,?,?): 58,On/Off,true,false,true,true => rowid: 132","v":1}
{"level":30,"time":1589725317761,"pid":31079,"hostname":"localhost.localdomain","msg":"Executed insert: INSERT INTO DEVICE_TYPE_CLUSTER (DEVICE_TYPE_REF, CLUSTER_NAME, INCLUDE_CLIENT, INCLUDE_SERVER, LOCK_CLIENT, LOCK_SERVER) VALUES (?,?,?,?,?,?): 58,Level Control,true,false,true,true => rowid: 133","v":1}
{"level":30,"time":1589725317761,"pid":31073,"hostname":"localhost.localdomain","msg":"Executed insert: INSERT INTO DEVICE_TYPE_CLUSTER (DEVICE_TYPE_REF, CLUSTER_NAME, INCLUDE_CLIENT, INCLUDE_SERVER, LOCK_CLIENT, LOCK_SERVER) VALUES (?,?,?,?,?,?): 5,Green Power,true,false,true,true => rowid: 62","v":1}
{"level":30,"time":1589725317761,"pid":31079,"hostname":"localhost.localdomain","msg":"Executed insert: INSERT INTO DEVICE_TYPE_CLUSTER (DEVICE_TYPE_REF, CLUSTER_NAME, INCLUDE_CLIENT, INCLUDE_SERVER, LOCK_CLIENT, LOCK_SERVER) VALUES (?,?,?,?,?,?): 58,Color Control,true,false,true,true => rowid: 134","v":1}
{"level":30,"time":1589725317761,"pid":31079,"hostname":"localhost.localdomain","msg":"Executed insert: INSERT INTO DEVICE_TYPE_CLUSTER (DEVICE_TYPE_REF, CLUSTER_NAME, INCLUDE_CLIENT, INCLUDE_SERVER, LOCK_CLIENT, LOCK_SERVER) VALUES (?,?,?,?,?,?): 58,Over the Air Bootloading,false,false,false,false => rowid: 135","v":1}
{"level":30,"time":1589725317761,"pid":31073,"hostname":"localhost.localdomain","msg":"Preparing statement: INSERT INTO DEVICE_TYPE_ATTRIBUTE (DEVICE_TYPE_CLUSTER_REF, ATTRIBUTE_NAME) VALUES (?, ?) to insert 0 records.","v":1}
{"level":30,"time":1589725317761,"pid":31079,"hostname":"localhost.localdomain","msg":"Preparing statement: INSERT INTO DEVICE_TYPE_ATTRIBUTE (DEVICE_TYPE_CLUSTER_REF, ATTRIBUTE_NAME) VALUES (?, ?) to insert 9 records.","v":1}
{"level":30,"time":1589725317761,"pid":31079,"hostname":"localhost.localdomain","msg":"Preparing statement: INSERT INTO DEVICE_TYPE_COMMAND (DEVICE_TYPE_CLUSTER_REF, COMMAND_NAME) VALUES (?, ?) to insert 23 records.","v":1}
{"level":30,"time":1589725317762,"pid":31079,"hostname":"localhost.localdomain","msg":"Executed insert: INSERT INTO DEVICE_TYPE_CLUSTER (DEVICE_TYPE_REF, CLUSTER_NAME, INCLUDE_CLIENT, INCLUDE_SERVER, LOCK_CLIENT, LOCK_SERVER) VALUES (?,?,?,?,?,?): 63,Basic,false,true,true,true => rowid: 136","v":1}
{"level":30,"time":1589725317762,"pid":31073,"hostname":"localhost.localdomain","msg":"Preparing statement: INSERT INTO DEVICE_TYPE_COMMAND (DEVICE_TYPE_CLUSTER_REF, COMMAND_NAME) VALUES (?, ?) to insert 0 records.","v":1}
{"level":30,"time":1589725317762,"pid":31073,"hostname":"localhost.localdomain","msg":"Executed insert: INSERT INTO DEVICE_TYPE_CLUSTER (DEVICE_TYPE_REF, CLUSTER_NAME, INCLUDE_CLIENT, INCLUDE_SERVER, LOCK_CLIENT, LOCK_SERVER) VALUES (?,?,?,?,?,?): 9,Green Power,true,true,true,true => rowid: 63","v":1}
{"level":30,"time":1589725317762,"pid":31079,"hostname":"localhost.localdomain","msg":"Executed insert: INSERT INTO DEVICE_TYPE_CLUSTER (DEVICE_TYPE_REF, CLUSTER_NAME, INCLUDE_CLIENT, INCLUDE_SERVER, LOCK_CLIENT, LOCK_SERVER) VALUES (?,?,?,?,?,?): 63,ZLL Commissioning,true,true,true,true => rowid: 137","v":1}
{"level":30,"time":1589725317762,"pid":31073,"hostname":"localhost.localdomain","msg":"Preparing statement: INSERT INTO DEVICE_TYPE_ATTRIBUTE (DEVICE_TYPE_CLUSTER_REF, ATTRIBUTE_NAME) VALUES (?, ?) to insert 0 records.","v":1}
{"level":30,"time":1589725317762,"pid":31079,"hostname":"localhost.localdomain","msg":"Executed insert: INSERT INTO DEVICE_TYPE_CLUSTER (DEVICE_TYPE_REF, CLUSTER_NAME, INCLUDE_CLIENT, INCLUDE_SERVER, LOCK_CLIENT, LOCK_SERVER) VALUES (?,?,?,?,?,?): 63,Identify,true,false,true,true => rowid: 138","v":1}
{"level":30,"time":1589725317762,"pid":31073,"hostname":"localhost.localdomain","msg":"Preparing statement: INSERT INTO DEVICE_TYPE_COMMAND (DEVICE_TYPE_CLUSTER_REF, COMMAND_NAME) VALUES (?, ?) to insert 0 records.","v":1}
{"level":30,"time":1589725317762,"pid":31079,"hostname":"localhost.localdomain","msg":"Executed insert: INSERT INTO DEVICE_TYPE_CLUSTER (DEVICE_TYPE_REF, CLUSTER_NAME, INCLUDE_CLIENT, INCLUDE_SERVER, LOCK_CLIENT, LOCK_SERVER) VALUES (?,?,?,?,?,?): 63,Groups,true,false,true,true => rowid: 139","v":1}
{"level":30,"time":1589725317762,"pid":31073,"hostname":"localhost.localdomain","msg":"Executed insert: INSERT INTO DEVICE_TYPE_CLUSTER (DEVICE_TYPE_REF, CLUSTER_NAME, INCLUDE_CLIENT, INCLUDE_SERVER, LOCK_CLIENT, LOCK_SERVER) VALUES (?,?,?,?,?,?): 14,Green Power,true,true,true,true => rowid: 64","v":1}
{"level":30,"time":1589725317762,"pid":31079,"hostname":"localhost.localdomain","msg":"Executed insert: INSERT INTO DEVICE_TYPE_CLUSTER (DEVICE_TYPE_REF, CLUSTER_NAME, INCLUDE_CLIENT, INCLUDE_SERVER, LOCK_CLIENT, LOCK_SERVER) VALUES (?,?,?,?,?,?): 63,Scenes,true,false,true,true => rowid: 140","v":1}
{"level":30,"time":1589725317762,"pid":31073,"hostname":"localhost.localdomain","msg":"Preparing statement: INSERT INTO DEVICE_TYPE_ATTRIBUTE (DEVICE_TYPE_CLUSTER_REF, ATTRIBUTE_NAME) VALUES (?, ?) to insert 0 records.","v":1}
{"level":30,"time":1589725317762,"pid":31079,"hostname":"localhost.localdomain","msg":"Executed insert: INSERT INTO DEVICE_TYPE_CLUSTER (DEVICE_TYPE_REF, CLUSTER_NAME, INCLUDE_CLIENT, INCLUDE_SERVER, LOCK_CLIENT, LOCK_SERVER) VALUES (?,?,?,?,?,?): 63,On/Off,true,false,true,true => rowid: 141","v":1}
{"level":30,"time":1589725317762,"pid":31073,"hostname":"localhost.localdomain","msg":"Preparing statement: INSERT INTO DEVICE_TYPE_COMMAND (DEVICE_TYPE_CLUSTER_REF, COMMAND_NAME) VALUES (?, ?) to insert 0 records.","v":1}
{"level":30,"time":1589725317762,"pid":31073,"hostname":"localhost.localdomain","msg":"Executed insert: INSERT INTO DEVICE_TYPE_CLUSTER (DEVICE_TYPE_REF, CLUSTER_NAME, INCLUDE_CLIENT, INCLUDE_SERVER, LOCK_CLIENT, LOCK_SERVER) VALUES (?,?,?,?,?,?): 21,Green Power,false,true,true,true => rowid: 65","v":1}
{"level":30,"time":1589725317762,"pid":31079,"hostname":"localhost.localdomain","msg":"Executed insert: INSERT INTO DEVICE_TYPE_CLUSTER (DEVICE_TYPE_REF, CLUSTER_NAME, INCLUDE_CLIENT, INCLUDE_SERVER, LOCK_CLIENT, LOCK_SERVER) VALUES (?,?,?,?,?,?): 63,Level Control,true,false,true,true => rowid: 142","v":1}
{"level":30,"time":1589725317762,"pid":31073,"hostname":"localhost.localdomain","msg":"Preparing statement: INSERT INTO DEVICE_TYPE_ATTRIBUTE (DEVICE_TYPE_CLUSTER_REF, ATTRIBUTE_NAME) VALUES (?, ?) to insert 0 records.","v":1}
{"level":30,"time":1589725317762,"pid":31079,"hostname":"localhost.localdomain","msg":"Executed insert: INSERT INTO DEVICE_TYPE_CLUSTER (DEVICE_TYPE_REF, CLUSTER_NAME, INCLUDE_CLIENT, INCLUDE_SERVER, LOCK_CLIENT, LOCK_SERVER) VALUES (?,?,?,?,?,?): 63,Color Control,true,false,true,true => rowid: 143","v":1}
{"level":30,"time":1589725317762,"pid":31073,"hostname":"localhost.localdomain","msg":"Preparing statement: INSERT INTO DEVICE_TYPE_COMMAND (DEVICE_TYPE_CLUSTER_REF, COMMAND_NAME) VALUES (?, ?) to insert 0 records.","v":1}
{"level":30,"time":1589725317762,"pid":31079,"hostname":"localhost.localdomain","msg":"Executed insert: INSERT INTO DEVICE_TYPE_CLUSTER (DEVICE_TYPE_REF, CLUSTER_NAME, INCLUDE_CLIENT, INCLUDE_SERVER, LOCK_CLIENT, LOCK_SERVER) VALUES (?,?,?,?,?,?): 63,Over the Air Bootloading,false,false,false,false => rowid: 144","v":1}
{"level":30,"time":1589725317762,"pid":31073,"hostname":"localhost.localdomain","msg":"Executed insert: INSERT INTO DEVICE_TYPE_CLUSTER (DEVICE_TYPE_REF, CLUSTER_NAME, INCLUDE_CLIENT, INCLUDE_SERVER, LOCK_CLIENT, LOCK_SERVER) VALUES (?,?,?,?,?,?): 28,Green Power,true,true,true,true => rowid: 66","v":1}
{"level":30,"time":1589725317762,"pid":31079,"hostname":"localhost.localdomain","msg":"Preparing statement: INSERT INTO DEVICE_TYPE_ATTRIBUTE (DEVICE_TYPE_CLUSTER_REF, ATTRIBUTE_NAME) VALUES (?, ?) to insert 9 records.","v":1}
{"level":30,"time":1589725317762,"pid":31073,"hostname":"localhost.localdomain","msg":"Preparing statement: INSERT INTO DEVICE_TYPE_ATTRIBUTE (DEVICE_TYPE_CLUSTER_REF, ATTRIBUTE_NAME) VALUES (?, ?) to insert 0 records.","v":1}
{"level":30,"time":1589725317762,"pid":31073,"hostname":"localhost.localdomain","msg":"Preparing statement: INSERT INTO DEVICE_TYPE_COMMAND (DEVICE_TYPE_CLUSTER_REF, COMMAND_NAME) VALUES (?, ?) to insert 0 records.","v":1}
{"level":30,"time":1589725317762,"pid":31079,"hostname":"localhost.localdomain","msg":"Preparing statement: INSERT INTO DEVICE_TYPE_COMMAND (DEVICE_TYPE_CLUSTER_REF, COMMAND_NAME) VALUES (?, ?) to insert 32 records.","v":1}
{"level":30,"time":1589725317763,"pid":31073,"hostname":"localhost.localdomain","msg":"Executed insert: INSERT INTO DEVICE_TYPE_CLUSTER (DEVICE_TYPE_REF, CLUSTER_NAME, INCLUDE_CLIENT, INCLUDE_SERVER, LOCK_CLIENT, LOCK_SERVER) VALUES (?,?,?,?,?,?): 34,Green Power,true,true,true,true => rowid: 67","v":1}
{"level":30,"time":1589725317763,"pid":31079,"hostname":"localhost.localdomain","msg":"Executed insert: INSERT INTO DEVICE_TYPE_CLUSTER (DEVICE_TYPE_REF, CLUSTER_NAME, INCLUDE_CLIENT, INCLUDE_SERVER, LOCK_CLIENT, LOCK_SERVER) VALUES (?,?,?,?,?,?): 68,Basic,false,true,true,true => rowid: 145","v":1}
{"level":30,"time":1589725317763,"pid":31073,"hostname":"localhost.localdomain","msg":"Preparing statement: INSERT INTO DEVICE_TYPE_ATTRIBUTE (DEVICE_TYPE_CLUSTER_REF, ATTRIBUTE_NAME) VALUES (?, ?) to insert 0 records.","v":1}
{"level":30,"time":1589725317763,"pid":31079,"hostname":"localhost.localdomain","msg":"Executed insert: INSERT INTO DEVICE_TYPE_CLUSTER (DEVICE_TYPE_REF, CLUSTER_NAME, INCLUDE_CLIENT, INCLUDE_SERVER, LOCK_CLIENT, LOCK_SERVER) VALUES (?,?,?,?,?,?): 68,ZLL Commissioning,true,true,true,true => rowid: 146","v":1}
{"level":30,"time":1589725317763,"pid":31073,"hostname":"localhost.localdomain","msg":"Preparing statement: INSERT INTO DEVICE_TYPE_COMMAND (DEVICE_TYPE_CLUSTER_REF, COMMAND_NAME) VALUES (?, ?) to insert 0 records.","v":1}
{"level":30,"time":1589725317763,"pid":31079,"hostname":"localhost.localdomain","msg":"Executed insert: INSERT INTO DEVICE_TYPE_CLUSTER (DEVICE_TYPE_REF, CLUSTER_NAME, INCLUDE_CLIENT, INCLUDE_SERVER, LOCK_CLIENT, LOCK_SERVER) VALUES (?,?,?,?,?,?): 68,Identify,true,false,true,true => rowid: 147","v":1}
{"level":30,"time":1589725317763,"pid":31073,"hostname":"localhost.localdomain","msg":"Executed insert: INSERT INTO DEVICE_TYPE_CLUSTER (DEVICE_TYPE_REF, CLUSTER_NAME, INCLUDE_CLIENT, INCLUDE_SERVER, LOCK_CLIENT, LOCK_SERVER) VALUES (?,?,?,?,?,?): 40,Green Power,true,true,true,true => rowid: 68","v":1}
{"level":30,"time":1589725317763,"pid":31073,"hostname":"localhost.localdomain","msg":"Preparing statement: INSERT INTO DEVICE_TYPE_ATTRIBUTE (DEVICE_TYPE_CLUSTER_REF, ATTRIBUTE_NAME) VALUES (?, ?) to insert 0 records.","v":1}
{"level":30,"time":1589725317763,"pid":31079,"hostname":"localhost.localdomain","msg":"Executed insert: INSERT INTO DEVICE_TYPE_CLUSTER (DEVICE_TYPE_REF, CLUSTER_NAME, INCLUDE_CLIENT, INCLUDE_SERVER, LOCK_CLIENT, LOCK_SERVER) VALUES (?,?,?,?,?,?): 68,Groups,true,false,true,true => rowid: 148","v":1}
{"level":30,"time":1589725317763,"pid":31073,"hostname":"localhost.localdomain","msg":"Preparing statement: INSERT INTO DEVICE_TYPE_COMMAND (DEVICE_TYPE_CLUSTER_REF, COMMAND_NAME) VALUES (?, ?) to insert 0 records.","v":1}
{"level":30,"time":1589725317763,"pid":31079,"hostname":"localhost.localdomain","msg":"Executed insert: INSERT INTO DEVICE_TYPE_CLUSTER (DEVICE_TYPE_REF, CLUSTER_NAME, INCLUDE_CLIENT, INCLUDE_SERVER, LOCK_CLIENT, LOCK_SERVER) VALUES (?,?,?,?,?,?): 68,On/Off,true,false,true,true => rowid: 149","v":1}
{"level":30,"time":1589725317763,"pid":31079,"hostname":"localhost.localdomain","msg":"Executed insert: INSERT INTO DEVICE_TYPE_CLUSTER (DEVICE_TYPE_REF, CLUSTER_NAME, INCLUDE_CLIENT, INCLUDE_SERVER, LOCK_CLIENT, LOCK_SERVER) VALUES (?,?,?,?,?,?): 68,Level Control,true,false,true,true => rowid: 150","v":1}
{"level":30,"time":1589725317763,"pid":31079,"hostname":"localhost.localdomain","msg":"Executed insert: INSERT INTO DEVICE_TYPE_CLUSTER (DEVICE_TYPE_REF, CLUSTER_NAME, INCLUDE_CLIENT, INCLUDE_SERVER, LOCK_CLIENT, LOCK_SERVER) VALUES (?,?,?,?,?,?): 68,Over the Air Bootloading,false,false,false,false => rowid: 151","v":1}
{"level":30,"time":1589725317763,"pid":31079,"hostname":"localhost.localdomain","msg":"Preparing statement: INSERT INTO DEVICE_TYPE_ATTRIBUTE (DEVICE_TYPE_CLUSTER_REF, ATTRIBUTE_NAME) VALUES (?, ?) to insert 9 records.","v":1}
{"level":30,"time":1589725317763,"pid":31073,"hostname":"localhost.localdomain","msg":"Executed insert: INSERT INTO PACKAGE ( PATH, CRC ) VALUES (?, ?): zcl/ha.xml,20907493 => rowid: 21","v":1}
{"level":30,"time":1589725317763,"pid":31079,"hostname":"localhost.localdomain","msg":"Preparing statement: INSERT INTO DEVICE_TYPE_COMMAND (DEVICE_TYPE_CLUSTER_REF, COMMAND_NAME) VALUES (?, ?) to insert 23 records.","v":1}
{"level":30,"time":1589725317763,"pid":31079,"hostname":"localhost.localdomain","msg":"Executed insert: INSERT INTO DEVICE_TYPE_CLUSTER (DEVICE_TYPE_REF, CLUSTER_NAME, INCLUDE_CLIENT, INCLUDE_SERVER, LOCK_CLIENT, LOCK_SERVER) VALUES (?,?,?,?,?,?): 73,Basic,false,true,true,true => rowid: 152","v":1}
{"level":30,"time":1589725317763,"pid":31079,"hostname":"localhost.localdomain","msg":"Executed insert: INSERT INTO DEVICE_TYPE_CLUSTER (DEVICE_TYPE_REF, CLUSTER_NAME, INCLUDE_CLIENT, INCLUDE_SERVER, LOCK_CLIENT, LOCK_SERVER) VALUES (?,?,?,?,?,?): 73,ZLL Commissioning,true,true,true,true => rowid: 153","v":1}
{"level":30,"time":1589725317763,"pid":31079,"hostname":"localhost.localdomain","msg":"Executed insert: INSERT INTO DEVICE_TYPE_CLUSTER (DEVICE_TYPE_REF, CLUSTER_NAME, INCLUDE_CLIENT, INCLUDE_SERVER, LOCK_CLIENT, LOCK_SERVER) VALUES (?,?,?,?,?,?): 73,Identify,true,false,true,true => rowid: 154","v":1}
{"level":30,"time":1589725317764,"pid":31079,"hostname":"localhost.localdomain","msg":"Executed insert: INSERT INTO DEVICE_TYPE_CLUSTER (DEVICE_TYPE_REF, CLUSTER_NAME, INCLUDE_CLIENT, INCLUDE_SERVER, LOCK_CLIENT, LOCK_SERVER) VALUES (?,?,?,?,?,?): 73,Groups,true,false,true,true => rowid: 155","v":1}
{"level":30,"time":1589725317764,"pid":31079,"hostname":"localhost.localdomain","msg":"Executed insert: INSERT INTO DEVICE_TYPE_CLUSTER (DEVICE_TYPE_REF, CLUSTER_NAME, INCLUDE_CLIENT, INCLUDE_SERVER, LOCK_CLIENT, LOCK_SERVER) VALUES (?,?,?,?,?,?): 73,Scenes,true,false,true,true => rowid: 156","v":1}
{"level":30,"time":1589725317764,"pid":31079,"hostname":"localhost.localdomain","msg":"Executed insert: INSERT INTO DEVICE_TYPE_CLUSTER (DEVICE_TYPE_REF, CLUSTER_NAME, INCLUDE_CLIENT, INCLUDE_SERVER, LOCK_CLIENT, LOCK_SERVER) VALUES (?,?,?,?,?,?): 73,On/Off,true,false,true,true => rowid: 157","v":1}
{"level":30,"time":1589725317764,"pid":31079,"hostname":"localhost.localdomain","msg":"Executed insert: INSERT INTO DEVICE_TYPE_CLUSTER (DEVICE_TYPE_REF, CLUSTER_NAME, INCLUDE_CLIENT, INCLUDE_SERVER, LOCK_CLIENT, LOCK_SERVER) VALUES (?,?,?,?,?,?): 73,Level Control,true,false,true,true => rowid: 158","v":1}
{"level":30,"time":1589725317764,"pid":31079,"hostname":"localhost.localdomain","msg":"Executed insert: INSERT INTO DEVICE_TYPE_CLUSTER (DEVICE_TYPE_REF, CLUSTER_NAME, INCLUDE_CLIENT, INCLUDE_SERVER, LOCK_CLIENT, LOCK_SERVER) VALUES (?,?,?,?,?,?): 73,Over the Air Bootloading,false,false,false,false => rowid: 159","v":1}
{"level":30,"time":1589725317764,"pid":31079,"hostname":"localhost.localdomain","msg":"Preparing statement: INSERT INTO DEVICE_TYPE_ATTRIBUTE (DEVICE_TYPE_CLUSTER_REF, ATTRIBUTE_NAME) VALUES (?, ?) to insert 9 records.","v":1}
{"level":30,"time":1589725317764,"pid":31079,"hostname":"localhost.localdomain","msg":"Preparing statement: INSERT INTO DEVICE_TYPE_COMMAND (DEVICE_TYPE_CLUSTER_REF, COMMAND_NAME) VALUES (?, ?) to insert 32 records.","v":1}
{"level":30,"time":1589725317765,"pid":31079,"hostname":"localhost.localdomain","msg":"Executed insert: INSERT INTO DEVICE_TYPE_CLUSTER (DEVICE_TYPE_REF, CLUSTER_NAME, INCLUDE_CLIENT, INCLUDE_SERVER, LOCK_CLIENT, LOCK_SERVER) VALUES (?,?,?,?,?,?): 78,Basic,false,true,true,true => rowid: 160","v":1}
{"level":30,"time":1589725317765,"pid":31079,"hostname":"localhost.localdomain","msg":"Executed insert: INSERT INTO DEVICE_TYPE_CLUSTER (DEVICE_TYPE_REF, CLUSTER_NAME, INCLUDE_CLIENT, INCLUDE_SERVER, LOCK_CLIENT, LOCK_SERVER) VALUES (?,?,?,?,?,?): 78,ZLL Commissioning,true,true,true,true => rowid: 161","v":1}
{"level":30,"time":1589725317765,"pid":31079,"hostname":"localhost.localdomain","msg":"Executed insert: INSERT INTO DEVICE_TYPE_CLUSTER (DEVICE_TYPE_REF, CLUSTER_NAME, INCLUDE_CLIENT, INCLUDE_SERVER, LOCK_CLIENT, LOCK_SERVER) VALUES (?,?,?,?,?,?): 78,Identify,true,false,true,true => rowid: 162","v":1}
{"level":30,"time":1589725317765,"pid":31079,"hostname":"localhost.localdomain","msg":"Executed insert: INSERT INTO DEVICE_TYPE_CLUSTER (DEVICE_TYPE_REF, CLUSTER_NAME, INCLUDE_CLIENT, INCLUDE_SERVER, LOCK_CLIENT, LOCK_SERVER) VALUES (?,?,?,?,?,?): 78,Groups,true,false,true,true => rowid: 163","v":1}
{"level":30,"time":1589725317765,"pid":31079,"hostname":"localhost.localdomain","msg":"Executed insert: INSERT INTO DEVICE_TYPE_CLUSTER (DEVICE_TYPE_REF, CLUSTER_NAME, INCLUDE_CLIENT, INCLUDE_SERVER, LOCK_CLIENT, LOCK_SERVER) VALUES (?,?,?,?,?,?): 78,Scenes,true,false,true,true => rowid: 164","v":1}
{"level":30,"time":1589725317765,"pid":31079,"hostname":"localhost.localdomain","msg":"Executed insert: INSERT INTO DEVICE_TYPE_CLUSTER (DEVICE_TYPE_REF, CLUSTER_NAME, INCLUDE_CLIENT, INCLUDE_SERVER, LOCK_CLIENT, LOCK_SERVER) VALUES (?,?,?,?,?,?): 78,On/Off,true,false,true,true => rowid: 165","v":1}
{"level":30,"time":1589725317765,"pid":31079,"hostname":"localhost.localdomain","msg":"Executed insert: INSERT INTO DEVICE_TYPE_CLUSTER (DEVICE_TYPE_REF, CLUSTER_NAME, INCLUDE_CLIENT, INCLUDE_SERVER, LOCK_CLIENT, LOCK_SERVER) VALUES (?,?,?,?,?,?): 78,Level Control,true,false,true,true => rowid: 166","v":1}
{"level":30,"time":1589725317765,"pid":31079,"hostname":"localhost.localdomain","msg":"Executed insert: INSERT INTO DEVICE_TYPE_CLUSTER (DEVICE_TYPE_REF, CLUSTER_NAME, INCLUDE_CLIENT, INCLUDE_SERVER, LOCK_CLIENT, LOCK_SERVER) VALUES (?,?,?,?,?,?): 78,Color Control,true,false,true,true => rowid: 167","v":1}
{"level":30,"time":1589725317765,"pid":31079,"hostname":"localhost.localdomain","msg":"Executed insert: INSERT INTO DEVICE_TYPE_CLUSTER (DEVICE_TYPE_REF, CLUSTER_NAME, INCLUDE_CLIENT, INCLUDE_SERVER, LOCK_CLIENT, LOCK_SERVER) VALUES (?,?,?,?,?,?): 78,Over the Air Bootloading,false,false,false,false => rowid: 168","v":1}
{"level":30,"time":1589725317765,"pid":31079,"hostname":"localhost.localdomain","msg":"Preparing statement: INSERT INTO DEVICE_TYPE_ATTRIBUTE (DEVICE_TYPE_CLUSTER_REF, ATTRIBUTE_NAME) VALUES (?, ?) to insert 9 records.","v":1}
{"level":30,"time":1589725317765,"pid":31079,"hostname":"localhost.localdomain","msg":"Preparing statement: INSERT INTO DEVICE_TYPE_COMMAND (DEVICE_TYPE_CLUSTER_REF, COMMAND_NAME) VALUES (?, ?) to insert 32 records.","v":1}
{"level":30,"time":1589725317765,"pid":31079,"hostname":"localhost.localdomain","msg":"Executed insert: INSERT INTO DEVICE_TYPE_CLUSTER (DEVICE_TYPE_REF, CLUSTER_NAME, INCLUDE_CLIENT, INCLUDE_SERVER, LOCK_CLIENT, LOCK_SERVER) VALUES (?,?,?,?,?,?): 83,Basic,false,true,true,true => rowid: 169","v":1}
{"level":30,"time":1589725317766,"pid":31079,"hostname":"localhost.localdomain","msg":"Executed insert: INSERT INTO DEVICE_TYPE_CLUSTER (DEVICE_TYPE_REF, CLUSTER_NAME, INCLUDE_CLIENT, INCLUDE_SERVER, LOCK_CLIENT, LOCK_SERVER) VALUES (?,?,?,?,?,?): 83,ZLL Commissioning,true,true,true,true => rowid: 170","v":1}
{"level":30,"time":1589725317766,"pid":31079,"hostname":"localhost.localdomain","msg":"Executed insert: INSERT INTO DEVICE_TYPE_CLUSTER (DEVICE_TYPE_REF, CLUSTER_NAME, INCLUDE_CLIENT, INCLUDE_SERVER, LOCK_CLIENT, LOCK_SERVER) VALUES (?,?,?,?,?,?): 83,Identify,true,false,true,true => rowid: 171","v":1}
{"level":30,"time":1589725317766,"pid":31079,"hostname":"localhost.localdomain","msg":"Executed insert: INSERT INTO DEVICE_TYPE_CLUSTER (DEVICE_TYPE_REF, CLUSTER_NAME, INCLUDE_CLIENT, INCLUDE_SERVER, LOCK_CLIENT, LOCK_SERVER) VALUES (?,?,?,?,?,?): 83,Groups,true,false,true,true => rowid: 172","v":1}
{"level":30,"time":1589725317766,"pid":31079,"hostname":"localhost.localdomain","msg":"Executed insert: INSERT INTO DEVICE_TYPE_CLUSTER (DEVICE_TYPE_REF, CLUSTER_NAME, INCLUDE_CLIENT, INCLUDE_SERVER, LOCK_CLIENT, LOCK_SERVER) VALUES (?,?,?,?,?,?): 83,Scenes,true,false,true,true => rowid: 173","v":1}
{"level":30,"time":1589725317766,"pid":31079,"hostname":"localhost.localdomain","msg":"Executed insert: INSERT INTO DEVICE_TYPE_CLUSTER (DEVICE_TYPE_REF, CLUSTER_NAME, INCLUDE_CLIENT, INCLUDE_SERVER, LOCK_CLIENT, LOCK_SERVER) VALUES (?,?,?,?,?,?): 83,On/Off,true,false,true,true => rowid: 174","v":1}
{"level":30,"time":1589725317766,"pid":31079,"hostname":"localhost.localdomain","msg":"Executed insert: INSERT INTO DEVICE_TYPE_CLUSTER (DEVICE_TYPE_REF, CLUSTER_NAME, INCLUDE_CLIENT, INCLUDE_SERVER, LOCK_CLIENT, LOCK_SERVER) VALUES (?,?,?,?,?,?): 83,Level Control,true,false,true,true => rowid: 175","v":1}
{"level":30,"time":1589725317766,"pid":31079,"hostname":"localhost.localdomain","msg":"Executed insert: INSERT INTO DEVICE_TYPE_CLUSTER (DEVICE_TYPE_REF, CLUSTER_NAME, INCLUDE_CLIENT, INCLUDE_SERVER, LOCK_CLIENT, LOCK_SERVER) VALUES (?,?,?,?,?,?): 83,Color Control,true,false,true,true => rowid: 176","v":1}
{"level":30,"time":1589725317766,"pid":31079,"hostname":"localhost.localdomain","msg":"Executed insert: INSERT INTO DEVICE_TYPE_CLUSTER (DEVICE_TYPE_REF, CLUSTER_NAME, INCLUDE_CLIENT, INCLUDE_SERVER, LOCK_CLIENT, LOCK_SERVER) VALUES (?,?,?,?,?,?): 83,Over the Air Bootloading,false,false,false,false => rowid: 177","v":1}
{"level":30,"time":1589725317766,"pid":31079,"hostname":"localhost.localdomain","msg":"Preparing statement: INSERT INTO DEVICE_TYPE_ATTRIBUTE (DEVICE_TYPE_CLUSTER_REF, ATTRIBUTE_NAME) VALUES (?, ?) to insert 9 records.","v":1}
{"level":30,"time":1589725317766,"pid":31079,"hostname":"localhost.localdomain","msg":"Preparing statement: INSERT INTO DEVICE_TYPE_COMMAND (DEVICE_TYPE_CLUSTER_REF, COMMAND_NAME) VALUES (?, ?) to insert 32 records.","v":1}
{"level":30,"time":1589725317771,"pid":31079,"hostname":"localhost.localdomain","msg":"Preparing statement: INSERT INTO COMMAND_ARG (COMMAND_REF, NAME, TYPE, IS_ARRAY) VALUES (?,?,?,?) to insert 106 records.","v":1}
{"level":30,"time":1589725317784,"pid":31079,"hostname":"localhost.localdomain","msg":"Preparing statement: INSERT INTO COMMAND_ARG (COMMAND_REF, NAME, TYPE, IS_ARRAY) VALUES (?,?,?,?) to insert 123 records.","v":1}
{"level":30,"time":1589725317785,"pid":31079,"hostname":"localhost.localdomain","msg":"Executed insert: INSERT INTO DEVICE_TYPE_CLUSTER (DEVICE_TYPE_REF, CLUSTER_NAME, INCLUDE_CLIENT, INCLUDE_SERVER, LOCK_CLIENT, LOCK_SERVER) VALUES (?,?,?,?,?,?): 4,Basic,true,true,true,true => rowid: 178","v":1}
{"level":30,"time":1589725317785,"pid":31079,"hostname":"localhost.localdomain","msg":"Executed insert: INSERT INTO DEVICE_TYPE_CLUSTER (DEVICE_TYPE_REF, CLUSTER_NAME, INCLUDE_CLIENT, INCLUDE_SERVER, LOCK_CLIENT, LOCK_SERVER) VALUES (?,?,?,?,?,?): 4,Groups,false,false,true,false => rowid: 179","v":1}
{"level":30,"time":1589725317786,"pid":31079,"hostname":"localhost.localdomain","msg":"Executed insert: INSERT INTO DEVICE_TYPE_CLUSTER (DEVICE_TYPE_REF, CLUSTER_NAME, INCLUDE_CLIENT, INCLUDE_SERVER, LOCK_CLIENT, LOCK_SERVER) VALUES (?,?,?,?,?,?): 4,Commissioning,false,false,true,false => rowid: 180","v":1}
{"level":30,"time":1589725317786,"pid":31079,"hostname":"localhost.localdomain","msg":"Executed insert: INSERT INTO DEVICE_TYPE_CLUSTER (DEVICE_TYPE_REF, CLUSTER_NAME, INCLUDE_CLIENT, INCLUDE_SERVER, LOCK_CLIENT, LOCK_SERVER) VALUES (?,?,?,?,?,?): 4,Identify,true,false,true,false => rowid: 181","v":1}
{"level":30,"time":1589725317786,"pid":31079,"hostname":"localhost.localdomain","msg":"Executed insert: INSERT INTO DEVICE_TYPE_CLUSTER (DEVICE_TYPE_REF, CLUSTER_NAME, INCLUDE_CLIENT, INCLUDE_SERVER, LOCK_CLIENT, LOCK_SERVER) VALUES (?,?,?,?,?,?): 4,ISO 7816 Protocol Tunnel,true,false,true,false => rowid: 182","v":1}
{"level":30,"time":1589725317786,"pid":31079,"hostname":"localhost.localdomain","msg":"Executed insert: INSERT INTO DEVICE_TYPE_CLUSTER (DEVICE_TYPE_REF, CLUSTER_NAME, INCLUDE_CLIENT, INCLUDE_SERVER, LOCK_CLIENT, LOCK_SERVER) VALUES (?,?,?,?,?,?): 4,Information,false,false,false,false => rowid: 183","v":1}
{"level":30,"time":1589725317786,"pid":31079,"hostname":"localhost.localdomain","msg":"Executed insert: INSERT INTO DEVICE_TYPE_CLUSTER (DEVICE_TYPE_REF, CLUSTER_NAME, INCLUDE_CLIENT, INCLUDE_SERVER, LOCK_CLIENT, LOCK_SERVER) VALUES (?,?,?,?,?,?): 4,Payment,false,false,false,false => rowid: 184","v":1}
{"level":30,"time":1589725317786,"pid":31079,"hostname":"localhost.localdomain","msg":"Executed insert: INSERT INTO DEVICE_TYPE_CLUSTER (DEVICE_TYPE_REF, CLUSTER_NAME, INCLUDE_CLIENT, INCLUDE_SERVER, LOCK_CLIENT, LOCK_SERVER) VALUES (?,?,?,?,?,?): 4,Billing,false,false,false,true => rowid: 185","v":1}
{"level":30,"time":1589725317786,"pid":31079,"hostname":"localhost.localdomain","msg":"Executed insert: INSERT INTO DEVICE_TYPE_CLUSTER (DEVICE_TYPE_REF, CLUSTER_NAME, INCLUDE_CLIENT, INCLUDE_SERVER, LOCK_CLIENT, LOCK_SERVER) VALUES (?,?,?,?,?,?): 4,Data Sharing,false,false,false,false => rowid: 186","v":1}
{"level":30,"time":1589725317786,"pid":31079,"hostname":"localhost.localdomain","msg":"Executed insert: INSERT INTO DEVICE_TYPE_CLUSTER (DEVICE_TYPE_REF, CLUSTER_NAME, INCLUDE_CLIENT, INCLUDE_SERVER, LOCK_CLIENT, LOCK_SERVER) VALUES (?,?,?,?,?,?): 4,Voice over ZigBee,false,false,false,false => rowid: 187","v":1}
{"level":30,"time":1589725317786,"pid":31079,"hostname":"localhost.localdomain","msg":"Executed insert: INSERT INTO DEVICE_TYPE_CLUSTER (DEVICE_TYPE_REF, CLUSTER_NAME, INCLUDE_CLIENT, INCLUDE_SERVER, LOCK_CLIENT, LOCK_SERVER) VALUES (?,?,?,?,?,?): 4,Data Rate Control,false,false,false,false => rowid: 188","v":1}
{"level":30,"time":1589725317786,"pid":31079,"hostname":"localhost.localdomain","msg":"Executed insert: INSERT INTO DEVICE_TYPE_CLUSTER (DEVICE_TYPE_REF, CLUSTER_NAME, INCLUDE_CLIENT, INCLUDE_SERVER, LOCK_CLIENT, LOCK_SERVER) VALUES (?,?,?,?,?,?): 4,Chatting,false,false,false,false => rowid: 189","v":1}
{"level":30,"time":1589725317786,"pid":31079,"hostname":"localhost.localdomain","msg":"Executed insert: INSERT INTO DEVICE_TYPE_CLUSTER (DEVICE_TYPE_REF, CLUSTER_NAME, INCLUDE_CLIENT, INCLUDE_SERVER, LOCK_CLIENT, LOCK_SERVER) VALUES (?,?,?,?,?,?): 4,RSSI Location,false,false,true,false => rowid: 190","v":1}
{"level":30,"time":1589725317787,"pid":31079,"hostname":"localhost.localdomain","msg":"Preparing statement: INSERT INTO DEVICE_TYPE_ATTRIBUTE (DEVICE_TYPE_CLUSTER_REF, ATTRIBUTE_NAME) VALUES (?, ?) to insert 0 records.","v":1}
{"level":30,"time":1589725317787,"pid":31079,"hostname":"localhost.localdomain","msg":"Preparing statement: INSERT INTO DEVICE_TYPE_COMMAND (DEVICE_TYPE_CLUSTER_REF, COMMAND_NAME) VALUES (?, ?) to insert 0 records.","v":1}
{"level":30,"time":1589725317787,"pid":31079,"hostname":"localhost.localdomain","msg":"Executed insert: INSERT INTO DEVICE_TYPE_CLUSTER (DEVICE_TYPE_REF, CLUSTER_NAME, INCLUDE_CLIENT, INCLUDE_SERVER, LOCK_CLIENT, LOCK_SERVER) VALUES (?,?,?,?,?,?): 7,Basic,true,true,true,true => rowid: 191","v":1}
{"level":30,"time":1589725317787,"pid":31079,"hostname":"localhost.localdomain","msg":"Executed insert: INSERT INTO DEVICE_TYPE_CLUSTER (DEVICE_TYPE_REF, CLUSTER_NAME, INCLUDE_CLIENT, INCLUDE_SERVER, LOCK_CLIENT, LOCK_SERVER) VALUES (?,?,?,?,?,?): 7,Groups,false,false,true,false => rowid: 192","v":1}
{"level":30,"time":1589725317787,"pid":31079,"hostname":"localhost.localdomain","msg":"Executed insert: INSERT INTO DEVICE_TYPE_CLUSTER (DEVICE_TYPE_REF, CLUSTER_NAME, INCLUDE_CLIENT, INCLUDE_SERVER, LOCK_CLIENT, LOCK_SERVER) VALUES (?,?,?,?,?,?): 7,Commissioning,false,false,true,false => rowid: 193","v":1}
{"level":30,"time":1589725317787,"pid":31079,"hostname":"localhost.localdomain","msg":"Executed insert: INSERT INTO DEVICE_TYPE_CLUSTER (DEVICE_TYPE_REF, CLUSTER_NAME, INCLUDE_CLIENT, INCLUDE_SERVER, LOCK_CLIENT, LOCK_SERVER) VALUES (?,?,?,?,?,?): 7,Identify,true,false,true,false => rowid: 194","v":1}
{"level":30,"time":1589725317787,"pid":31079,"hostname":"localhost.localdomain","msg":"Executed insert: INSERT INTO DEVICE_TYPE_CLUSTER (DEVICE_TYPE_REF, CLUSTER_NAME, INCLUDE_CLIENT, INCLUDE_SERVER, LOCK_CLIENT, LOCK_SERVER) VALUES (?,?,?,?,?,?): 7,Information,false,false,false,false => rowid: 195","v":1}
{"level":30,"time":1589725317787,"pid":31079,"hostname":"localhost.localdomain","msg":"Executed insert: INSERT INTO DEVICE_TYPE_CLUSTER (DEVICE_TYPE_REF, CLUSTER_NAME, INCLUDE_CLIENT, INCLUDE_SERVER, LOCK_CLIENT, LOCK_SERVER) VALUES (?,?,?,?,?,?): 7,Payment,false,false,false,false => rowid: 196","v":1}
{"level":30,"time":1589725317787,"pid":31079,"hostname":"localhost.localdomain","msg":"Executed insert: INSERT INTO DEVICE_TYPE_CLUSTER (DEVICE_TYPE_REF, CLUSTER_NAME, INCLUDE_CLIENT, INCLUDE_SERVER, LOCK_CLIENT, LOCK_SERVER) VALUES (?,?,?,?,?,?): 7,Billing,false,false,false,true => rowid: 197","v":1}
{"level":30,"time":1589725317787,"pid":31079,"hostname":"localhost.localdomain","msg":"Executed insert: INSERT INTO DEVICE_TYPE_CLUSTER (DEVICE_TYPE_REF, CLUSTER_NAME, INCLUDE_CLIENT, INCLUDE_SERVER, LOCK_CLIENT, LOCK_SERVER) VALUES (?,?,?,?,?,?): 7,Data Sharing,false,false,false,false => rowid: 198","v":1}
{"level":30,"time":1589725317787,"pid":31079,"hostname":"localhost.localdomain","msg":"Executed insert: INSERT INTO DEVICE_TYPE_CLUSTER (DEVICE_TYPE_REF, CLUSTER_NAME, INCLUDE_CLIENT, INCLUDE_SERVER, LOCK_CLIENT, LOCK_SERVER) VALUES (?,?,?,?,?,?): 7,Data Rate Control,false,false,false,false => rowid: 199","v":1}
{"level":30,"time":1589725317788,"pid":31079,"hostname":"localhost.localdomain","msg":"Executed insert: INSERT INTO DEVICE_TYPE_CLUSTER (DEVICE_TYPE_REF, CLUSTER_NAME, INCLUDE_CLIENT, INCLUDE_SERVER, LOCK_CLIENT, LOCK_SERVER) VALUES (?,?,?,?,?,?): 7,Voice over ZigBee,false,false,false,false => rowid: 200","v":1}
{"level":30,"time":1589725317788,"pid":31079,"hostname":"localhost.localdomain","msg":"Executed insert: INSERT INTO DEVICE_TYPE_CLUSTER (DEVICE_TYPE_REF, CLUSTER_NAME, INCLUDE_CLIENT, INCLUDE_SERVER, LOCK_CLIENT, LOCK_SERVER) VALUES (?,?,?,?,?,?): 7,Gaming,false,false,false,false => rowid: 201","v":1}
{"level":30,"time":1589725317788,"pid":31079,"hostname":"localhost.localdomain","msg":"Executed insert: INSERT INTO DEVICE_TYPE_CLUSTER (DEVICE_TYPE_REF, CLUSTER_NAME, INCLUDE_CLIENT, INCLUDE_SERVER, LOCK_CLIENT, LOCK_SERVER) VALUES (?,?,?,?,?,?): 7,Chatting,false,false,false,false => rowid: 202","v":1}
{"level":30,"time":1589725317788,"pid":31079,"hostname":"localhost.localdomain","msg":"Executed insert: INSERT INTO DEVICE_TYPE_CLUSTER (DEVICE_TYPE_REF, CLUSTER_NAME, INCLUDE_CLIENT, INCLUDE_SERVER, LOCK_CLIENT, LOCK_SERVER) VALUES (?,?,?,?,?,?): 7,ISO 7816 Protocol Tunnel,false,false,false,false => rowid: 203","v":1}
{"level":30,"time":1589725317788,"pid":31079,"hostname":"localhost.localdomain","msg":"Executed insert: INSERT INTO DEVICE_TYPE_CLUSTER (DEVICE_TYPE_REF, CLUSTER_NAME, INCLUDE_CLIENT, INCLUDE_SERVER, LOCK_CLIENT, LOCK_SERVER) VALUES (?,?,?,?,?,?): 7,Partition,false,false,false,false => rowid: 204","v":1}
{"level":30,"time":1589725317788,"pid":31079,"hostname":"localhost.localdomain","msg":"Executed insert: INSERT INTO DEVICE_TYPE_CLUSTER (DEVICE_TYPE_REF, CLUSTER_NAME, INCLUDE_CLIENT, INCLUDE_SERVER, LOCK_CLIENT, LOCK_SERVER) VALUES (?,?,?,?,?,?): 7,RSSI Location,false,false,true,false => rowid: 205","v":1}
{"level":30,"time":1589725317788,"pid":31079,"hostname":"localhost.localdomain","msg":"Preparing statement: INSERT INTO DEVICE_TYPE_ATTRIBUTE (DEVICE_TYPE_CLUSTER_REF, ATTRIBUTE_NAME) VALUES (?, ?) to insert 0 records.","v":1}
{"level":30,"time":1589725317788,"pid":31079,"hostname":"localhost.localdomain","msg":"Preparing statement: INSERT INTO DEVICE_TYPE_COMMAND (DEVICE_TYPE_CLUSTER_REF, COMMAND_NAME) VALUES (?, ?) to insert 0 records.","v":1}
{"level":30,"time":1589725317788,"pid":31079,"hostname":"localhost.localdomain","msg":"Executed insert: INSERT INTO DEVICE_TYPE_CLUSTER (DEVICE_TYPE_REF, CLUSTER_NAME, INCLUDE_CLIENT, INCLUDE_SERVER, LOCK_CLIENT, LOCK_SERVER) VALUES (?,?,?,?,?,?): 12,Basic,true,true,true,true => rowid: 206","v":1}
{"level":30,"time":1589725317788,"pid":31079,"hostname":"localhost.localdomain","msg":"Executed insert: INSERT INTO DEVICE_TYPE_CLUSTER (DEVICE_TYPE_REF, CLUSTER_NAME, INCLUDE_CLIENT, INCLUDE_SERVER, LOCK_CLIENT, LOCK_SERVER) VALUES (?,?,?,?,?,?): 12,Groups,true,false,true,false => rowid: 207","v":1}
{"level":30,"time":1589725317788,"pid":31079,"hostname":"localhost.localdomain","msg":"Executed insert: INSERT INTO DEVICE_TYPE_CLUSTER (DEVICE_TYPE_REF, CLUSTER_NAME, INCLUDE_CLIENT, INCLUDE_SERVER, LOCK_CLIENT, LOCK_SERVER) VALUES (?,?,?,?,?,?): 12,Commissioning,false,false,true,false => rowid: 208","v":1}
{"level":30,"time":1589725317789,"pid":31079,"hostname":"localhost.localdomain","msg":"Executed insert: INSERT INTO DEVICE_TYPE_CLUSTER (DEVICE_TYPE_REF, CLUSTER_NAME, INCLUDE_CLIENT, INCLUDE_SERVER, LOCK_CLIENT, LOCK_SERVER) VALUES (?,?,?,?,?,?): 12,Identify,true,false,true,false => rowid: 209","v":1}
{"level":30,"time":1589725317789,"pid":31079,"hostname":"localhost.localdomain","msg":"Executed insert: INSERT INTO DEVICE_TYPE_CLUSTER (DEVICE_TYPE_REF, CLUSTER_NAME, INCLUDE_CLIENT, INCLUDE_SERVER, LOCK_CLIENT, LOCK_SERVER) VALUES (?,?,?,?,?,?): 12,Information,false,false,false,true => rowid: 210","v":1}
{"level":30,"time":1589725317789,"pid":31079,"hostname":"localhost.localdomain","msg":"Executed insert: INSERT INTO DEVICE_TYPE_CLUSTER (DEVICE_TYPE_REF, CLUSTER_NAME, INCLUDE_CLIENT, INCLUDE_SERVER, LOCK_CLIENT, LOCK_SERVER) VALUES (?,?,?,?,?,?): 12,Data Rate Control,false,false,false,true => rowid: 211","v":1}
{"level":30,"time":1589725317789,"pid":31079,"hostname":"localhost.localdomain","msg":"Executed insert: INSERT INTO DEVICE_TYPE_CLUSTER (DEVICE_TYPE_REF, CLUSTER_NAME, INCLUDE_CLIENT, INCLUDE_SERVER, LOCK_CLIENT, LOCK_SERVER) VALUES (?,?,?,?,?,?): 12,Data Sharing,false,false,false,true => rowid: 212","v":1}
{"level":30,"time":1589725317789,"pid":31079,"hostname":"localhost.localdomain","msg":"Executed insert: INSERT INTO DEVICE_TYPE_CLUSTER (DEVICE_TYPE_REF, CLUSTER_NAME, INCLUDE_CLIENT, INCLUDE_SERVER, LOCK_CLIENT, LOCK_SERVER) VALUES (?,?,?,?,?,?): 12,Payment,false,false,false,true => rowid: 213","v":1}
{"level":30,"time":1589725317789,"pid":31079,"hostname":"localhost.localdomain","msg":"Executed insert: INSERT INTO DEVICE_TYPE_CLUSTER (DEVICE_TYPE_REF, CLUSTER_NAME, INCLUDE_CLIENT, INCLUDE_SERVER, LOCK_CLIENT, LOCK_SERVER) VALUES (?,?,?,?,?,?): 12,Billing,false,false,false,true => rowid: 214","v":1}
{"level":30,"time":1589725317789,"pid":31079,"hostname":"localhost.localdomain","msg":"Executed insert: INSERT INTO DEVICE_TYPE_CLUSTER (DEVICE_TYPE_REF, CLUSTER_NAME, INCLUDE_CLIENT, INCLUDE_SERVER, LOCK_CLIENT, LOCK_SERVER) VALUES (?,?,?,?,?,?): 12,Voice over ZigBee,false,false,false,true => rowid: 215","v":1}
{"level":30,"time":1589725317789,"pid":31079,"hostname":"localhost.localdomain","msg":"Executed insert: INSERT INTO DEVICE_TYPE_CLUSTER (DEVICE_TYPE_REF, CLUSTER_NAME, INCLUDE_CLIENT, INCLUDE_SERVER, LOCK_CLIENT, LOCK_SERVER) VALUES (?,?,?,?,?,?): 12,RSSI Location,false,false,false,true => rowid: 216","v":1}
{"level":30,"time":1589725317789,"pid":31079,"hostname":"localhost.localdomain","msg":"Executed insert: INSERT INTO DEVICE_TYPE_CLUSTER (DEVICE_TYPE_REF, CLUSTER_NAME, INCLUDE_CLIENT, INCLUDE_SERVER, LOCK_CLIENT, LOCK_SERVER) VALUES (?,?,?,?,?,?): 12,Partition,false,false,false,true => rowid: 217","v":1}
{"level":30,"time":1589725317789,"pid":31079,"hostname":"localhost.localdomain","msg":"Preparing statement: INSERT INTO DEVICE_TYPE_ATTRIBUTE (DEVICE_TYPE_CLUSTER_REF, ATTRIBUTE_NAME) VALUES (?, ?) to insert 0 records.","v":1}
{"level":30,"time":1589725317789,"pid":31079,"hostname":"localhost.localdomain","msg":"Preparing statement: INSERT INTO DEVICE_TYPE_COMMAND (DEVICE_TYPE_CLUSTER_REF, COMMAND_NAME) VALUES (?, ?) to insert 0 records.","v":1}
{"level":30,"time":1589725317789,"pid":31079,"hostname":"localhost.localdomain","msg":"Executed insert: INSERT INTO DEVICE_TYPE_CLUSTER (DEVICE_TYPE_REF, CLUSTER_NAME, INCLUDE_CLIENT, INCLUDE_SERVER, LOCK_CLIENT, LOCK_SERVER) VALUES (?,?,?,?,?,?): 19,Basic,false,true,true,true => rowid: 218","v":1}
{"level":30,"time":1589725317790,"pid":31079,"hostname":"localhost.localdomain","msg":"Executed insert: INSERT INTO DEVICE_TYPE_CLUSTER (DEVICE_TYPE_REF, CLUSTER_NAME, INCLUDE_CLIENT, INCLUDE_SERVER, LOCK_CLIENT, LOCK_SERVER) VALUES (?,?,?,?,?,?): 19,Groups,false,false,true,false => rowid: 219","v":1}
{"level":30,"time":1589725317790,"pid":31079,"hostname":"localhost.localdomain","msg":"Executed insert: INSERT INTO DEVICE_TYPE_CLUSTER (DEVICE_TYPE_REF, CLUSTER_NAME, INCLUDE_CLIENT, INCLUDE_SERVER, LOCK_CLIENT, LOCK_SERVER) VALUES (?,?,?,?,?,?): 19,Commissioning,false,false,true,false => rowid: 220","v":1}
{"level":30,"time":1589725317790,"pid":31079,"hostname":"localhost.localdomain","msg":"Executed insert: INSERT INTO DEVICE_TYPE_CLUSTER (DEVICE_TYPE_REF, CLUSTER_NAME, INCLUDE_CLIENT, INCLUDE_SERVER, LOCK_CLIENT, LOCK_SERVER) VALUES (?,?,?,?,?,?): 19,Identify,false,false,true,false => rowid: 221","v":1}
{"level":30,"time":1589725317790,"pid":31079,"hostname":"localhost.localdomain","msg":"Preparing statement: INSERT INTO DEVICE_TYPE_ATTRIBUTE (DEVICE_TYPE_CLUSTER_REF, ATTRIBUTE_NAME) VALUES (?, ?) to insert 0 records.","v":1}
{"level":30,"time":1589725317790,"pid":31079,"hostname":"localhost.localdomain","msg":"Preparing statement: INSERT INTO DEVICE_TYPE_COMMAND (DEVICE_TYPE_CLUSTER_REF, COMMAND_NAME) VALUES (?, ?) to insert 0 records.","v":1}
{"level":30,"time":1589725317790,"pid":31079,"hostname":"localhost.localdomain","msg":"Executed insert: INSERT INTO DEVICE_TYPE_CLUSTER (DEVICE_TYPE_REF, CLUSTER_NAME, INCLUDE_CLIENT, INCLUDE_SERVER, LOCK_CLIENT, LOCK_SERVER) VALUES (?,?,?,?,?,?): 26,Basic,false,true,true,true => rowid: 222","v":1}
{"level":30,"time":1589725317790,"pid":31079,"hostname":"localhost.localdomain","msg":"Executed insert: INSERT INTO DEVICE_TYPE_CLUSTER (DEVICE_TYPE_REF, CLUSTER_NAME, INCLUDE_CLIENT, INCLUDE_SERVER, LOCK_CLIENT, LOCK_SERVER) VALUES (?,?,?,?,?,?): 26,Groups,false,false,true,false => rowid: 223","v":1}
{"level":30,"time":1589725317790,"pid":31079,"hostname":"localhost.localdomain","msg":"Executed insert: INSERT INTO DEVICE_TYPE_CLUSTER (DEVICE_TYPE_REF, CLUSTER_NAME, INCLUDE_CLIENT, INCLUDE_SERVER, LOCK_CLIENT, LOCK_SERVER) VALUES (?,?,?,?,?,?): 26,Commissioning,false,false,true,false => rowid: 224","v":1}
{"level":30,"time":1589725317790,"pid":31079,"hostname":"localhost.localdomain","msg":"Executed insert: INSERT INTO DEVICE_TYPE_CLUSTER (DEVICE_TYPE_REF, CLUSTER_NAME, INCLUDE_CLIENT, INCLUDE_SERVER, LOCK_CLIENT, LOCK_SERVER) VALUES (?,?,?,?,?,?): 26,Identify,false,false,true,false => rowid: 225","v":1}
{"level":30,"time":1589725317790,"pid":31079,"hostname":"localhost.localdomain","msg":"Executed insert: INSERT INTO DEVICE_TYPE_CLUSTER (DEVICE_TYPE_REF, CLUSTER_NAME, INCLUDE_CLIENT, INCLUDE_SERVER, LOCK_CLIENT, LOCK_SERVER) VALUES (?,?,?,?,?,?): 26,Information,true,true,true,true => rowid: 226","v":1}
{"level":30,"time":1589725317790,"pid":31079,"hostname":"localhost.localdomain","msg":"Executed insert: INSERT INTO DEVICE_TYPE_CLUSTER (DEVICE_TYPE_REF, CLUSTER_NAME, INCLUDE_CLIENT, INCLUDE_SERVER, LOCK_CLIENT, LOCK_SERVER) VALUES (?,?,?,?,?,?): 26,Payment,false,false,false,false => rowid: 227","v":1}
{"level":30,"time":1589725317790,"pid":31079,"hostname":"localhost.localdomain","msg":"Executed insert: INSERT INTO DEVICE_TYPE_CLUSTER (DEVICE_TYPE_REF, CLUSTER_NAME, INCLUDE_CLIENT, INCLUDE_SERVER, LOCK_CLIENT, LOCK_SERVER) VALUES (?,?,?,?,?,?): 26,Billing,false,false,false,false => rowid: 228","v":1}
{"level":30,"time":1589725317790,"pid":31079,"hostname":"localhost.localdomain","msg":"Preparing statement: INSERT INTO DEVICE_TYPE_ATTRIBUTE (DEVICE_TYPE_CLUSTER_REF, ATTRIBUTE_NAME) VALUES (?, ?) to insert 0 records.","v":1}
{"level":30,"time":1589725317790,"pid":31079,"hostname":"localhost.localdomain","msg":"Preparing statement: INSERT INTO DEVICE_TYPE_COMMAND (DEVICE_TYPE_CLUSTER_REF, COMMAND_NAME) VALUES (?, ?) to insert 0 records.","v":1}
{"level":30,"time":1589725317791,"pid":31079,"hostname":"localhost.localdomain","msg":"Executed insert: INSERT INTO DEVICE_TYPE_CLUSTER (DEVICE_TYPE_REF, CLUSTER_NAME, INCLUDE_CLIENT, INCLUDE_SERVER, LOCK_CLIENT, LOCK_SERVER) VALUES (?,?,?,?,?,?): 32,Basic,false,true,true,true => rowid: 229","v":1}
{"level":30,"time":1589725317791,"pid":31079,"hostname":"localhost.localdomain","msg":"Executed insert: INSERT INTO DEVICE_TYPE_CLUSTER (DEVICE_TYPE_REF, CLUSTER_NAME, INCLUDE_CLIENT, INCLUDE_SERVER, LOCK_CLIENT, LOCK_SERVER) VALUES (?,?,?,?,?,?): 32,Groups,false,false,true,false => rowid: 230","v":1}
{"level":30,"time":1589725317791,"pid":31079,"hostname":"localhost.localdomain","msg":"Executed insert: INSERT INTO DEVICE_TYPE_CLUSTER (DEVICE_TYPE_REF, CLUSTER_NAME, INCLUDE_CLIENT, INCLUDE_SERVER, LOCK_CLIENT, LOCK_SERVER) VALUES (?,?,?,?,?,?): 32,Commissioning,false,false,true,false => rowid: 231","v":1}
{"level":30,"time":1589725317791,"pid":31079,"hostname":"localhost.localdomain","msg":"Executed insert: INSERT INTO DEVICE_TYPE_CLUSTER (DEVICE_TYPE_REF, CLUSTER_NAME, INCLUDE_CLIENT, INCLUDE_SERVER, LOCK_CLIENT, LOCK_SERVER) VALUES (?,?,?,?,?,?): 32,Identify,false,false,true,false => rowid: 232","v":1}
{"level":30,"time":1589725317791,"pid":31079,"hostname":"localhost.localdomain","msg":"Executed insert: INSERT INTO DEVICE_TYPE_CLUSTER (DEVICE_TYPE_REF, CLUSTER_NAME, INCLUDE_CLIENT, INCLUDE_SERVER, LOCK_CLIENT, LOCK_SERVER) VALUES (?,?,?,?,?,?): 32,Information,false,true,false,true => rowid: 233","v":1}
{"level":30,"time":1589725317791,"pid":31079,"hostname":"localhost.localdomain","msg":"Executed insert: INSERT INTO DEVICE_TYPE_CLUSTER (DEVICE_TYPE_REF, CLUSTER_NAME, INCLUDE_CLIENT, INCLUDE_SERVER, LOCK_CLIENT, LOCK_SERVER) VALUES (?,?,?,?,?,?): 32,Billing,false,false,true,false => rowid: 234","v":1}
{"level":30,"time":1589725317791,"pid":31079,"hostname":"localhost.localdomain","msg":"Preparing statement: INSERT INTO DEVICE_TYPE_ATTRIBUTE (DEVICE_TYPE_CLUSTER_REF, ATTRIBUTE_NAME) VALUES (?, ?) to insert 0 records.","v":1}
{"level":30,"time":1589725317791,"pid":31079,"hostname":"localhost.localdomain","msg":"Preparing statement: INSERT INTO DEVICE_TYPE_COMMAND (DEVICE_TYPE_CLUSTER_REF, COMMAND_NAME) VALUES (?, ?) to insert 0 records.","v":1}
{"level":30,"time":1589725317791,"pid":31079,"hostname":"localhost.localdomain","msg":"Executed insert: INSERT INTO DEVICE_TYPE_CLUSTER (DEVICE_TYPE_REF, CLUSTER_NAME, INCLUDE_CLIENT, INCLUDE_SERVER, LOCK_CLIENT, LOCK_SERVER) VALUES (?,?,?,?,?,?): 38,Basic,false,true,true,true => rowid: 235","v":1}
{"level":30,"time":1589725317791,"pid":31079,"hostname":"localhost.localdomain","msg":"Executed insert: INSERT INTO DEVICE_TYPE_CLUSTER (DEVICE_TYPE_REF, CLUSTER_NAME, INCLUDE_CLIENT, INCLUDE_SERVER, LOCK_CLIENT, LOCK_SERVER) VALUES (?,?,?,?,?,?): 38,Groups,false,false,true,false => rowid: 236","v":1}
{"level":30,"time":1589725317791,"pid":31079,"hostname":"localhost.localdomain","msg":"Executed insert: INSERT INTO DEVICE_TYPE_CLUSTER (DEVICE_TYPE_REF, CLUSTER_NAME, INCLUDE_CLIENT, INCLUDE_SERVER, LOCK_CLIENT, LOCK_SERVER) VALUES (?,?,?,?,?,?): 38,Commissioning,false,false,true,false => rowid: 237","v":1}
{"level":30,"time":1589725317791,"pid":31079,"hostname":"localhost.localdomain","msg":"Executed insert: INSERT INTO DEVICE_TYPE_CLUSTER (DEVICE_TYPE_REF, CLUSTER_NAME, INCLUDE_CLIENT, INCLUDE_SERVER, LOCK_CLIENT, LOCK_SERVER) VALUES (?,?,?,?,?,?): 38,Identify,false,false,true,false => rowid: 238","v":1}
{"level":30,"time":1589725317791,"pid":31079,"hostname":"localhost.localdomain","msg":"Executed insert: INSERT INTO DEVICE_TYPE_CLUSTER (DEVICE_TYPE_REF, CLUSTER_NAME, INCLUDE_CLIENT, INCLUDE_SERVER, LOCK_CLIENT, LOCK_SERVER) VALUES (?,?,?,?,?,?): 38,Information,true,false,true,true => rowid: 239","v":1}
{"level":30,"time":1589725317791,"pid":31079,"hostname":"localhost.localdomain","msg":"Preparing statement: INSERT INTO DEVICE_TYPE_ATTRIBUTE (DEVICE_TYPE_CLUSTER_REF, ATTRIBUTE_NAME) VALUES (?, ?) to insert 0 records.","v":1}
{"level":30,"time":1589725317792,"pid":31079,"hostname":"localhost.localdomain","msg":"Preparing statement: INSERT INTO DEVICE_TYPE_COMMAND (DEVICE_TYPE_CLUSTER_REF, COMMAND_NAME) VALUES (?, ?) to insert 0 records.","v":1}
{"level":30,"time":1589725317792,"pid":31079,"hostname":"localhost.localdomain","msg":"Executed insert: INSERT INTO DEVICE_TYPE_CLUSTER (DEVICE_TYPE_REF, CLUSTER_NAME, INCLUDE_CLIENT, INCLUDE_SERVER, LOCK_CLIENT, LOCK_SERVER) VALUES (?,?,?,?,?,?): 44,Basic,false,true,true,true => rowid: 240","v":1}
{"level":30,"time":1589725317792,"pid":31079,"hostname":"localhost.localdomain","msg":"Executed insert: INSERT INTO DEVICE_TYPE_CLUSTER (DEVICE_TYPE_REF, CLUSTER_NAME, INCLUDE_CLIENT, INCLUDE_SERVER, LOCK_CLIENT, LOCK_SERVER) VALUES (?,?,?,?,?,?): 44,Groups,false,false,true,false => rowid: 241","v":1}
{"level":30,"time":1589725317792,"pid":31079,"hostname":"localhost.localdomain","msg":"Executed insert: INSERT INTO DEVICE_TYPE_CLUSTER (DEVICE_TYPE_REF, CLUSTER_NAME, INCLUDE_CLIENT, INCLUDE_SERVER, LOCK_CLIENT, LOCK_SERVER) VALUES (?,?,?,?,?,?): 44,Commissioning,false,false,true,false => rowid: 242","v":1}
{"level":30,"time":1589725317792,"pid":31079,"hostname":"localhost.localdomain","msg":"Executed insert: INSERT INTO DEVICE_TYPE_CLUSTER (DEVICE_TYPE_REF, CLUSTER_NAME, INCLUDE_CLIENT, INCLUDE_SERVER, LOCK_CLIENT, LOCK_SERVER) VALUES (?,?,?,?,?,?): 44,Identify,false,false,true,false => rowid: 243","v":1}
{"level":30,"time":1589725317792,"pid":31079,"hostname":"localhost.localdomain","msg":"Executed insert: INSERT INTO DEVICE_TYPE_CLUSTER (DEVICE_TYPE_REF, CLUSTER_NAME, INCLUDE_CLIENT, INCLUDE_SERVER, LOCK_CLIENT, LOCK_SERVER) VALUES (?,?,?,?,?,?): 44,Information,false,true,true,true => rowid: 244","v":1}
{"level":30,"time":1589725317792,"pid":31079,"hostname":"localhost.localdomain","msg":"Executed insert: INSERT INTO DEVICE_TYPE_CLUSTER (DEVICE_TYPE_REF, CLUSTER_NAME, INCLUDE_CLIENT, INCLUDE_SERVER, LOCK_CLIENT, LOCK_SERVER) VALUES (?,?,?,?,?,?): 44,Payment,false,true,true,true => rowid: 245","v":1}
{"level":30,"time":1589725317792,"pid":31079,"hostname":"localhost.localdomain","msg":"Preparing statement: INSERT INTO DEVICE_TYPE_ATTRIBUTE (DEVICE_TYPE_CLUSTER_REF, ATTRIBUTE_NAME) VALUES (?, ?) to insert 0 records.","v":1}
{"level":30,"time":1589725317792,"pid":31079,"hostname":"localhost.localdomain","msg":"Preparing statement: INSERT INTO DEVICE_TYPE_COMMAND (DEVICE_TYPE_CLUSTER_REF, COMMAND_NAME) VALUES (?, ?) to insert 0 records.","v":1}
{"level":30,"time":1589725317792,"pid":31079,"hostname":"localhost.localdomain","msg":"Executed insert: INSERT INTO DEVICE_TYPE_CLUSTER (DEVICE_TYPE_REF, CLUSTER_NAME, INCLUDE_CLIENT, INCLUDE_SERVER, LOCK_CLIENT, LOCK_SERVER) VALUES (?,?,?,?,?,?): 49,Basic,false,true,true,true => rowid: 246","v":1}
{"level":30,"time":1589725317792,"pid":31079,"hostname":"localhost.localdomain","msg":"Executed insert: INSERT INTO DEVICE_TYPE_CLUSTER (DEVICE_TYPE_REF, CLUSTER_NAME, INCLUDE_CLIENT, INCLUDE_SERVER, LOCK_CLIENT, LOCK_SERVER) VALUES (?,?,?,?,?,?): 49,Groups,false,false,true,false => rowid: 247","v":1}
{"level":30,"time":1589725317792,"pid":31079,"hostname":"localhost.localdomain","msg":"Executed insert: INSERT INTO DEVICE_TYPE_CLUSTER (DEVICE_TYPE_REF, CLUSTER_NAME, INCLUDE_CLIENT, INCLUDE_SERVER, LOCK_CLIENT, LOCK_SERVER) VALUES (?,?,?,?,?,?): 49,Commissioning,false,false,true,false => rowid: 248","v":1}
{"level":30,"time":1589725317793,"pid":31079,"hostname":"localhost.localdomain","msg":"Executed insert: INSERT INTO DEVICE_TYPE_CLUSTER (DEVICE_TYPE_REF, CLUSTER_NAME, INCLUDE_CLIENT, INCLUDE_SERVER, LOCK_CLIENT, LOCK_SERVER) VALUES (?,?,?,?,?,?): 49,Identify,false,false,true,false => rowid: 249","v":1}
{"level":30,"time":1589725317793,"pid":31079,"hostname":"localhost.localdomain","msg":"Executed insert: INSERT INTO DEVICE_TYPE_CLUSTER (DEVICE_TYPE_REF, CLUSTER_NAME, INCLUDE_CLIENT, INCLUDE_SERVER, LOCK_CLIENT, LOCK_SERVER) VALUES (?,?,?,?,?,?): 49,Information,false,true,true,true => rowid: 250","v":1}
{"level":30,"time":1589725317793,"pid":31079,"hostname":"localhost.localdomain","msg":"Executed insert: INSERT INTO DEVICE_TYPE_CLUSTER (DEVICE_TYPE_REF, CLUSTER_NAME, INCLUDE_CLIENT, INCLUDE_SERVER, LOCK_CLIENT, LOCK_SERVER) VALUES (?,?,?,?,?,?): 49,Payment,false,true,true,true => rowid: 251","v":1}
{"level":30,"time":1589725317793,"pid":31079,"hostname":"localhost.localdomain","msg":"Preparing statement: INSERT INTO DEVICE_TYPE_ATTRIBUTE (DEVICE_TYPE_CLUSTER_REF, ATTRIBUTE_NAME) VALUES (?, ?) to insert 0 records.","v":1}
{"level":30,"time":1589725317793,"pid":31079,"hostname":"localhost.localdomain","msg":"Preparing statement: INSERT INTO DEVICE_TYPE_COMMAND (DEVICE_TYPE_CLUSTER_REF, COMMAND_NAME) VALUES (?, ?) to insert 0 records.","v":1}
{"level":30,"time":1589725317793,"pid":31079,"hostname":"localhost.localdomain","msg":"Executed insert: INSERT INTO DEVICE_TYPE_CLUSTER (DEVICE_TYPE_REF, CLUSTER_NAME, INCLUDE_CLIENT, INCLUDE_SERVER, LOCK_CLIENT, LOCK_SERVER) VALUES (?,?,?,?,?,?): 54,Basic,false,true,true,true => rowid: 252","v":1}
{"level":30,"time":1589725317793,"pid":31079,"hostname":"localhost.localdomain","msg":"Executed insert: INSERT INTO DEVICE_TYPE_CLUSTER (DEVICE_TYPE_REF, CLUSTER_NAME, INCLUDE_CLIENT, INCLUDE_SERVER, LOCK_CLIENT, LOCK_SERVER) VALUES (?,?,?,?,?,?): 54,Groups,false,false,true,false => rowid: 253","v":1}
{"level":30,"time":1589725317793,"pid":31079,"hostname":"localhost.localdomain","msg":"Executed insert: INSERT INTO DEVICE_TYPE_CLUSTER (DEVICE_TYPE_REF, CLUSTER_NAME, INCLUDE_CLIENT, INCLUDE_SERVER, LOCK_CLIENT, LOCK_SERVER) VALUES (?,?,?,?,?,?): 54,Commissioning,false,false,true,false => rowid: 254","v":1}
{"level":30,"time":1589725317793,"pid":31079,"hostname":"localhost.localdomain","msg":"Executed insert: INSERT INTO DEVICE_TYPE_CLUSTER (DEVICE_TYPE_REF, CLUSTER_NAME, INCLUDE_CLIENT, INCLUDE_SERVER, LOCK_CLIENT, LOCK_SERVER) VALUES (?,?,?,?,?,?): 54,Identify,false,false,true,false => rowid: 255","v":1}
{"level":30,"time":1589725317793,"pid":31079,"hostname":"localhost.localdomain","msg":"Executed insert: INSERT INTO DEVICE_TYPE_CLUSTER (DEVICE_TYPE_REF, CLUSTER_NAME, INCLUDE_CLIENT, INCLUDE_SERVER, LOCK_CLIENT, LOCK_SERVER) VALUES (?,?,?,?,?,?): 54,Information,true,true,true,true => rowid: 256","v":1}
{"level":30,"time":1589725317793,"pid":31079,"hostname":"localhost.localdomain","msg":"Executed insert: INSERT INTO DEVICE_TYPE_CLUSTER (DEVICE_TYPE_REF, CLUSTER_NAME, INCLUDE_CLIENT, INCLUDE_SERVER, LOCK_CLIENT, LOCK_SERVER) VALUES (?,?,?,?,?,?): 54,Payment,false,false,false,false => rowid: 257","v":1}
{"level":30,"time":1589725317793,"pid":31079,"hostname":"localhost.localdomain","msg":"Preparing statement: INSERT INTO DEVICE_TYPE_ATTRIBUTE (DEVICE_TYPE_CLUSTER_REF, ATTRIBUTE_NAME) VALUES (?, ?) to insert 0 records.","v":1}
{"level":30,"time":1589725317794,"pid":31079,"hostname":"localhost.localdomain","msg":"Preparing statement: INSERT INTO DEVICE_TYPE_COMMAND (DEVICE_TYPE_CLUSTER_REF, COMMAND_NAME) VALUES (?, ?) to insert 0 records.","v":1}
{"level":30,"time":1589725317794,"pid":31079,"hostname":"localhost.localdomain","msg":"Executed insert: INSERT INTO DEVICE_TYPE_CLUSTER (DEVICE_TYPE_REF, CLUSTER_NAME, INCLUDE_CLIENT, INCLUDE_SERVER, LOCK_CLIENT, LOCK_SERVER) VALUES (?,?,?,?,?,?): 59,Basic,false,true,true,true => rowid: 258","v":1}
{"level":30,"time":1589725317794,"pid":31079,"hostname":"localhost.localdomain","msg":"Executed insert: INSERT INTO DEVICE_TYPE_CLUSTER (DEVICE_TYPE_REF, CLUSTER_NAME, INCLUDE_CLIENT, INCLUDE_SERVER, LOCK_CLIENT, LOCK_SERVER) VALUES (?,?,?,?,?,?): 59,Groups,false,false,true,false => rowid: 259","v":1}
{"level":30,"time":1589725317794,"pid":31079,"hostname":"localhost.localdomain","msg":"Executed insert: INSERT INTO DEVICE_TYPE_CLUSTER (DEVICE_TYPE_REF, CLUSTER_NAME, INCLUDE_CLIENT, INCLUDE_SERVER, LOCK_CLIENT, LOCK_SERVER) VALUES (?,?,?,?,?,?): 59,Commissioning,false,false,true,false => rowid: 260","v":1}
{"level":30,"time":1589725317794,"pid":31079,"hostname":"localhost.localdomain","msg":"Executed insert: INSERT INTO DEVICE_TYPE_CLUSTER (DEVICE_TYPE_REF, CLUSTER_NAME, INCLUDE_CLIENT, INCLUDE_SERVER, LOCK_CLIENT, LOCK_SERVER) VALUES (?,?,?,?,?,?): 59,Identify,false,false,true,false => rowid: 261","v":1}
{"level":30,"time":1589725317794,"pid":31079,"hostname":"localhost.localdomain","msg":"Executed insert: INSERT INTO DEVICE_TYPE_CLUSTER (DEVICE_TYPE_REF, CLUSTER_NAME, INCLUDE_CLIENT, INCLUDE_SERVER, LOCK_CLIENT, LOCK_SERVER) VALUES (?,?,?,?,?,?): 59,Information,true,true,true,true => rowid: 262","v":1}
{"level":30,"time":1589725317794,"pid":31079,"hostname":"localhost.localdomain","msg":"Executed insert: INSERT INTO DEVICE_TYPE_CLUSTER (DEVICE_TYPE_REF, CLUSTER_NAME, INCLUDE_CLIENT, INCLUDE_SERVER, LOCK_CLIENT, LOCK_SERVER) VALUES (?,?,?,?,?,?): 59,Billing,true,true,true,true => rowid: 263","v":1}
{"level":30,"time":1589725317794,"pid":31079,"hostname":"localhost.localdomain","msg":"Preparing statement: INSERT INTO DEVICE_TYPE_ATTRIBUTE (DEVICE_TYPE_CLUSTER_REF, ATTRIBUTE_NAME) VALUES (?, ?) to insert 0 records.","v":1}
{"level":30,"time":1589725317794,"pid":31079,"hostname":"localhost.localdomain","msg":"Preparing statement: INSERT INTO DEVICE_TYPE_COMMAND (DEVICE_TYPE_CLUSTER_REF, COMMAND_NAME) VALUES (?, ?) to insert 0 records.","v":1}
{"level":30,"time":1589725317794,"pid":31079,"hostname":"localhost.localdomain","msg":"Executed insert: INSERT INTO DEVICE_TYPE_CLUSTER (DEVICE_TYPE_REF, CLUSTER_NAME, INCLUDE_CLIENT, INCLUDE_SERVER, LOCK_CLIENT, LOCK_SERVER) VALUES (?,?,?,?,?,?): 64,Basic,false,true,true,true => rowid: 264","v":1}
{"level":30,"time":1589725317794,"pid":31079,"hostname":"localhost.localdomain","msg":"Executed insert: INSERT INTO DEVICE_TYPE_CLUSTER (DEVICE_TYPE_REF, CLUSTER_NAME, INCLUDE_CLIENT, INCLUDE_SERVER, LOCK_CLIENT, LOCK_SERVER) VALUES (?,?,?,?,?,?): 64,Groups,false,false,true,false => rowid: 265","v":1}
{"level":30,"time":1589725317794,"pid":31079,"hostname":"localhost.localdomain","msg":"Executed insert: INSERT INTO DEVICE_TYPE_CLUSTER (DEVICE_TYPE_REF, CLUSTER_NAME, INCLUDE_CLIENT, INCLUDE_SERVER, LOCK_CLIENT, LOCK_SERVER) VALUES (?,?,?,?,?,?): 64,Commissioning,false,false,true,false => rowid: 266","v":1}
{"level":30,"time":1589725317795,"pid":31079,"hostname":"localhost.localdomain","msg":"Executed insert: INSERT INTO DEVICE_TYPE_CLUSTER (DEVICE_TYPE_REF, CLUSTER_NAME, INCLUDE_CLIENT, INCLUDE_SERVER, LOCK_CLIENT, LOCK_SERVER) VALUES (?,?,?,?,?,?): 64,Identify,false,false,true,false => rowid: 267","v":1}
{"level":30,"time":1589725317795,"pid":31079,"hostname":"localhost.localdomain","msg":"Executed insert: INSERT INTO DEVICE_TYPE_CLUSTER (DEVICE_TYPE_REF, CLUSTER_NAME, INCLUDE_CLIENT, INCLUDE_SERVER, LOCK_CLIENT, LOCK_SERVER) VALUES (?,?,?,?,?,?): 64,Information,true,true,true,true => rowid: 268","v":1}
{"level":30,"time":1589725317795,"pid":31079,"hostname":"localhost.localdomain","msg":"Executed insert: INSERT INTO DEVICE_TYPE_CLUSTER (DEVICE_TYPE_REF, CLUSTER_NAME, INCLUDE_CLIENT, INCLUDE_SERVER, LOCK_CLIENT, LOCK_SERVER) VALUES (?,?,?,?,?,?): 64,Billing,true,true,true,true => rowid: 269","v":1}
{"level":30,"time":1589725317795,"pid":31079,"hostname":"localhost.localdomain","msg":"Preparing statement: INSERT INTO DEVICE_TYPE_ATTRIBUTE (DEVICE_TYPE_CLUSTER_REF, ATTRIBUTE_NAME) VALUES (?, ?) to insert 0 records.","v":1}
{"level":30,"time":1589725317795,"pid":31079,"hostname":"localhost.localdomain","msg":"Preparing statement: INSERT INTO DEVICE_TYPE_COMMAND (DEVICE_TYPE_CLUSTER_REF, COMMAND_NAME) VALUES (?, ?) to insert 0 records.","v":1}
{"level":30,"time":1589725317795,"pid":31079,"hostname":"localhost.localdomain","msg":"Executed insert: INSERT INTO DEVICE_TYPE_CLUSTER (DEVICE_TYPE_REF, CLUSTER_NAME, INCLUDE_CLIENT, INCLUDE_SERVER, LOCK_CLIENT, LOCK_SERVER) VALUES (?,?,?,?,?,?): 69,Basic,false,true,true,true => rowid: 270","v":1}
{"level":30,"time":1589725317795,"pid":31079,"hostname":"localhost.localdomain","msg":"Executed insert: INSERT INTO DEVICE_TYPE_CLUSTER (DEVICE_TYPE_REF, CLUSTER_NAME, INCLUDE_CLIENT, INCLUDE_SERVER, LOCK_CLIENT, LOCK_SERVER) VALUES (?,?,?,?,?,?): 69,Groups,false,false,true,false => rowid: 271","v":1}
{"level":30,"time":1589725317795,"pid":31079,"hostname":"localhost.localdomain","msg":"Executed insert: INSERT INTO DEVICE_TYPE_CLUSTER (DEVICE_TYPE_REF, CLUSTER_NAME, INCLUDE_CLIENT, INCLUDE_SERVER, LOCK_CLIENT, LOCK_SERVER) VALUES (?,?,?,?,?,?): 69,Commissioning,false,false,true,false => rowid: 272","v":1}
{"level":30,"time":1589725317795,"pid":31079,"hostname":"localhost.localdomain","msg":"Executed insert: INSERT INTO DEVICE_TYPE_CLUSTER (DEVICE_TYPE_REF, CLUSTER_NAME, INCLUDE_CLIENT, INCLUDE_SERVER, LOCK_CLIENT, LOCK_SERVER) VALUES (?,?,?,?,?,?): 69,Identify,false,false,true,false => rowid: 273","v":1}
{"level":30,"time":1589725317795,"pid":31079,"hostname":"localhost.localdomain","msg":"Executed insert: INSERT INTO DEVICE_TYPE_CLUSTER (DEVICE_TYPE_REF, CLUSTER_NAME, INCLUDE_CLIENT, INCLUDE_SERVER, LOCK_CLIENT, LOCK_SERVER) VALUES (?,?,?,?,?,?): 69,On/Off,false,true,true,true => rowid: 274","v":1}
{"level":30,"time":1589725317795,"pid":31079,"hostname":"localhost.localdomain","msg":"Executed insert: INSERT INTO DEVICE_TYPE_CLUSTER (DEVICE_TYPE_REF, CLUSTER_NAME, INCLUDE_CLIENT, INCLUDE_SERVER, LOCK_CLIENT, LOCK_SERVER) VALUES (?,?,?,?,?,?): 69,Data Sharing,false,false,false,false => rowid: 275","v":1}
{"level":30,"time":1589725317795,"pid":31079,"hostname":"localhost.localdomain","msg":"Executed insert: INSERT INTO DEVICE_TYPE_CLUSTER (DEVICE_TYPE_REF, CLUSTER_NAME, INCLUDE_CLIENT, INCLUDE_SERVER, LOCK_CLIENT, LOCK_SERVER) VALUES (?,?,?,?,?,?): 69,Data Rate Control,false,false,false,false => rowid: 276","v":1}
{"level":30,"time":1589725317796,"pid":31079,"hostname":"localhost.localdomain","msg":"Executed insert: INSERT INTO DEVICE_TYPE_CLUSTER (DEVICE_TYPE_REF, CLUSTER_NAME, INCLUDE_CLIENT, INCLUDE_SERVER, LOCK_CLIENT, LOCK_SERVER) VALUES (?,?,?,?,?,?): 69,Information,false,false,true,false => rowid: 277","v":1}
{"level":30,"time":1589725317796,"pid":31079,"hostname":"localhost.localdomain","msg":"Executed insert: INSERT INTO DEVICE_TYPE_CLUSTER (DEVICE_TYPE_REF, CLUSTER_NAME, INCLUDE_CLIENT, INCLUDE_SERVER, LOCK_CLIENT, LOCK_SERVER) VALUES (?,?,?,?,?,?): 69,Partition,false,false,false,false => rowid: 278","v":1}
{"level":30,"time":1589725317796,"pid":31079,"hostname":"localhost.localdomain","msg":"Preparing statement: INSERT INTO DEVICE_TYPE_ATTRIBUTE (DEVICE_TYPE_CLUSTER_REF, ATTRIBUTE_NAME) VALUES (?, ?) to insert 0 records.","v":1}
{"level":30,"time":1589725317796,"pid":31079,"hostname":"localhost.localdomain","msg":"Preparing statement: INSERT INTO DEVICE_TYPE_COMMAND (DEVICE_TYPE_CLUSTER_REF, COMMAND_NAME) VALUES (?, ?) to insert 0 records.","v":1}
{"level":30,"time":1589725317796,"pid":31079,"hostname":"localhost.localdomain","msg":"Executed insert: INSERT INTO DEVICE_TYPE_CLUSTER (DEVICE_TYPE_REF, CLUSTER_NAME, INCLUDE_CLIENT, INCLUDE_SERVER, LOCK_CLIENT, LOCK_SERVER) VALUES (?,?,?,?,?,?): 74,Basic,false,true,true,true => rowid: 279","v":1}
{"level":30,"time":1589725317796,"pid":31079,"hostname":"localhost.localdomain","msg":"Executed insert: INSERT INTO DEVICE_TYPE_CLUSTER (DEVICE_TYPE_REF, CLUSTER_NAME, INCLUDE_CLIENT, INCLUDE_SERVER, LOCK_CLIENT, LOCK_SERVER) VALUES (?,?,?,?,?,?): 74,Groups,false,false,true,false => rowid: 280","v":1}
{"level":30,"time":1589725317796,"pid":31079,"hostname":"localhost.localdomain","msg":"Executed insert: INSERT INTO DEVICE_TYPE_CLUSTER (DEVICE_TYPE_REF, CLUSTER_NAME, INCLUDE_CLIENT, INCLUDE_SERVER, LOCK_CLIENT, LOCK_SERVER) VALUES (?,?,?,?,?,?): 74,Commissioning,false,false,true,false => rowid: 281","v":1}
{"level":30,"time":1589725317796,"pid":31079,"hostname":"localhost.localdomain","msg":"Executed insert: INSERT INTO DEVICE_TYPE_CLUSTER (DEVICE_TYPE_REF, CLUSTER_NAME, INCLUDE_CLIENT, INCLUDE_SERVER, LOCK_CLIENT, LOCK_SERVER) VALUES (?,?,?,?,?,?): 74,Identify,false,false,true,false => rowid: 282","v":1}
{"level":30,"time":1589725317796,"pid":31079,"hostname":"localhost.localdomain","msg":"Executed insert: INSERT INTO DEVICE_TYPE_CLUSTER (DEVICE_TYPE_REF, CLUSTER_NAME, INCLUDE_CLIENT, INCLUDE_SERVER, LOCK_CLIENT, LOCK_SERVER) VALUES (?,?,?,?,?,?): 74,ISO 7816 Protocol Tunnel,false,true,true,true => rowid: 283","v":1}
{"level":30,"time":1589725317796,"pid":31079,"hostname":"localhost.localdomain","msg":"Preparing statement: INSERT INTO DEVICE_TYPE_ATTRIBUTE (DEVICE_TYPE_CLUSTER_REF, ATTRIBUTE_NAME) VALUES (?, ?) to insert 0 records.","v":1}
{"level":30,"time":1589725317796,"pid":31079,"hostname":"localhost.localdomain","msg":"Preparing statement: INSERT INTO DEVICE_TYPE_COMMAND (DEVICE_TYPE_CLUSTER_REF, COMMAND_NAME) VALUES (?, ?) to insert 0 records.","v":1}
{"level":30,"time":1589725317796,"pid":31079,"hostname":"localhost.localdomain","msg":"Executed insert: INSERT INTO DEVICE_TYPE_CLUSTER (DEVICE_TYPE_REF, CLUSTER_NAME, INCLUDE_CLIENT, INCLUDE_SERVER, LOCK_CLIENT, LOCK_SERVER) VALUES (?,?,?,?,?,?): 79,Basic,false,true,true,true => rowid: 284","v":1}
{"level":30,"time":1589725317796,"pid":31079,"hostname":"localhost.localdomain","msg":"Executed insert: INSERT INTO DEVICE_TYPE_CLUSTER (DEVICE_TYPE_REF, CLUSTER_NAME, INCLUDE_CLIENT, INCLUDE_SERVER, LOCK_CLIENT, LOCK_SERVER) VALUES (?,?,?,?,?,?): 79,Groups,false,false,true,false => rowid: 285","v":1}
{"level":30,"time":1589725317797,"pid":31079,"hostname":"localhost.localdomain","msg":"Executed insert: INSERT INTO DEVICE_TYPE_CLUSTER (DEVICE_TYPE_REF, CLUSTER_NAME, INCLUDE_CLIENT, INCLUDE_SERVER, LOCK_CLIENT, LOCK_SERVER) VALUES (?,?,?,?,?,?): 79,Commissioning,false,false,true,false => rowid: 286","v":1}
{"level":30,"time":1589725317797,"pid":31079,"hostname":"localhost.localdomain","msg":"Executed insert: INSERT INTO DEVICE_TYPE_CLUSTER (DEVICE_TYPE_REF, CLUSTER_NAME, INCLUDE_CLIENT, INCLUDE_SERVER, LOCK_CLIENT, LOCK_SERVER) VALUES (?,?,?,?,?,?): 79,Identify,false,false,true,false => rowid: 287","v":1}
{"level":30,"time":1589725317797,"pid":31079,"hostname":"localhost.localdomain","msg":"Executed insert: INSERT INTO DEVICE_TYPE_CLUSTER (DEVICE_TYPE_REF, CLUSTER_NAME, INCLUDE_CLIENT, INCLUDE_SERVER, LOCK_CLIENT, LOCK_SERVER) VALUES (?,?,?,?,?,?): 79,Voice over ZigBee,true,true,true,true => rowid: 288","v":1}
{"level":30,"time":1589725317797,"pid":31079,"hostname":"localhost.localdomain","msg":"Preparing statement: INSERT INTO DEVICE_TYPE_ATTRIBUTE (DEVICE_TYPE_CLUSTER_REF, ATTRIBUTE_NAME) VALUES (?, ?) to insert 0 records.","v":1}
{"level":30,"time":1589725317797,"pid":31079,"hostname":"localhost.localdomain","msg":"Preparing statement: INSERT INTO DEVICE_TYPE_COMMAND (DEVICE_TYPE_CLUSTER_REF, COMMAND_NAME) VALUES (?, ?) to insert 0 records.","v":1}
{"level":30,"time":1589725317797,"pid":31079,"hostname":"localhost.localdomain","msg":"Executed insert: INSERT INTO DEVICE_TYPE_CLUSTER (DEVICE_TYPE_REF, CLUSTER_NAME, INCLUDE_CLIENT, INCLUDE_SERVER, LOCK_CLIENT, LOCK_SERVER) VALUES (?,?,?,?,?,?): 84,Basic,false,true,true,true => rowid: 289","v":1}
{"level":30,"time":1589725317797,"pid":31079,"hostname":"localhost.localdomain","msg":"Executed insert: INSERT INTO DEVICE_TYPE_CLUSTER (DEVICE_TYPE_REF, CLUSTER_NAME, INCLUDE_CLIENT, INCLUDE_SERVER, LOCK_CLIENT, LOCK_SERVER) VALUES (?,?,?,?,?,?): 84,Groups,false,false,true,false => rowid: 290","v":1}
{"level":30,"time":1589725317797,"pid":31079,"hostname":"localhost.localdomain","msg":"Executed insert: INSERT INTO DEVICE_TYPE_CLUSTER (DEVICE_TYPE_REF, CLUSTER_NAME, INCLUDE_CLIENT, INCLUDE_SERVER, LOCK_CLIENT, LOCK_SERVER) VALUES (?,?,?,?,?,?): 84,Commissioning,false,false,true,false => rowid: 291","v":1}
{"level":30,"time":1589725317797,"pid":31079,"hostname":"localhost.localdomain","msg":"Executed insert: INSERT INTO DEVICE_TYPE_CLUSTER (DEVICE_TYPE_REF, CLUSTER_NAME, INCLUDE_CLIENT, INCLUDE_SERVER, LOCK_CLIENT, LOCK_SERVER) VALUES (?,?,?,?,?,?): 84,Identify,false,false,true,false => rowid: 292","v":1}
{"level":30,"time":1589725317797,"pid":31079,"hostname":"localhost.localdomain","msg":"Executed insert: INSERT INTO DEVICE_TYPE_CLUSTER (DEVICE_TYPE_REF, CLUSTER_NAME, INCLUDE_CLIENT, INCLUDE_SERVER, LOCK_CLIENT, LOCK_SERVER) VALUES (?,?,?,?,?,?): 84,Voice over ZigBee,true,false,true,true => rowid: 293","v":1}
{"level":30,"time":1589725317797,"pid":31079,"hostname":"localhost.localdomain","msg":"Preparing statement: INSERT INTO DEVICE_TYPE_ATTRIBUTE (DEVICE_TYPE_CLUSTER_REF, ATTRIBUTE_NAME) VALUES (?, ?) to insert 0 records.","v":1}
{"level":30,"time":1589725317797,"pid":31079,"hostname":"localhost.localdomain","msg":"Preparing statement: INSERT INTO DEVICE_TYPE_COMMAND (DEVICE_TYPE_CLUSTER_REF, COMMAND_NAME) VALUES (?, ?) to insert 0 records.","v":1}
{"level":30,"time":1589725317797,"pid":31079,"hostname":"localhost.localdomain","msg":"Executed insert: INSERT INTO DEVICE_TYPE_CLUSTER (DEVICE_TYPE_REF, CLUSTER_NAME, INCLUDE_CLIENT, INCLUDE_SERVER, LOCK_CLIENT, LOCK_SERVER) VALUES (?,?,?,?,?,?): 88,Basic,false,true,true,true => rowid: 294","v":1}
{"level":30,"time":1589725317798,"pid":31079,"hostname":"localhost.localdomain","msg":"Executed insert: INSERT INTO DEVICE_TYPE_CLUSTER (DEVICE_TYPE_REF, CLUSTER_NAME, INCLUDE_CLIENT, INCLUDE_SERVER, LOCK_CLIENT, LOCK_SERVER) VALUES (?,?,?,?,?,?): 88,Groups,false,false,true,false => rowid: 295","v":1}
{"level":30,"time":1589725317798,"pid":31079,"hostname":"localhost.localdomain","msg":"Executed insert: INSERT INTO DEVICE_TYPE_CLUSTER (DEVICE_TYPE_REF, CLUSTER_NAME, INCLUDE_CLIENT, INCLUDE_SERVER, LOCK_CLIENT, LOCK_SERVER) VALUES (?,?,?,?,?,?): 88,Commissioning,false,false,true,false => rowid: 296","v":1}
{"level":30,"time":1589725317798,"pid":31079,"hostname":"localhost.localdomain","msg":"Executed insert: INSERT INTO DEVICE_TYPE_CLUSTER (DEVICE_TYPE_REF, CLUSTER_NAME, INCLUDE_CLIENT, INCLUDE_SERVER, LOCK_CLIENT, LOCK_SERVER) VALUES (?,?,?,?,?,?): 88,Identify,false,false,true,false => rowid: 297","v":1}
{"level":30,"time":1589725317798,"pid":31079,"hostname":"localhost.localdomain","msg":"Executed insert: INSERT INTO DEVICE_TYPE_CLUSTER (DEVICE_TYPE_REF, CLUSTER_NAME, INCLUDE_CLIENT, INCLUDE_SERVER, LOCK_CLIENT, LOCK_SERVER) VALUES (?,?,?,?,?,?): 88,Voice over ZigBee,false,true,true,true => rowid: 298","v":1}
{"level":30,"time":1589725317798,"pid":31079,"hostname":"localhost.localdomain","msg":"Preparing statement: INSERT INTO DEVICE_TYPE_ATTRIBUTE (DEVICE_TYPE_CLUSTER_REF, ATTRIBUTE_NAME) VALUES (?, ?) to insert 0 records.","v":1}
{"level":30,"time":1589725317798,"pid":31079,"hostname":"localhost.localdomain","msg":"Preparing statement: INSERT INTO DEVICE_TYPE_COMMAND (DEVICE_TYPE_CLUSTER_REF, COMMAND_NAME) VALUES (?, ?) to insert 0 records.","v":1}
{"level":30,"time":1589725317798,"pid":31079,"hostname":"localhost.localdomain","msg":"Executed insert: INSERT INTO DEVICE_TYPE_CLUSTER (DEVICE_TYPE_REF, CLUSTER_NAME, INCLUDE_CLIENT, INCLUDE_SERVER, LOCK_CLIENT, LOCK_SERVER) VALUES (?,?,?,?,?,?): 92,Basic,false,true,true,true => rowid: 299","v":1}
{"level":30,"time":1589725317798,"pid":31079,"hostname":"localhost.localdomain","msg":"Executed insert: INSERT INTO DEVICE_TYPE_CLUSTER (DEVICE_TYPE_REF, CLUSTER_NAME, INCLUDE_CLIENT, INCLUDE_SERVER, LOCK_CLIENT, LOCK_SERVER) VALUES (?,?,?,?,?,?): 92,Groups,false,false,true,false => rowid: 300","v":1}
{"level":30,"time":1589725317798,"pid":31079,"hostname":"localhost.localdomain","msg":"Executed insert: INSERT INTO DEVICE_TYPE_CLUSTER (DEVICE_TYPE_REF, CLUSTER_NAME, INCLUDE_CLIENT, INCLUDE_SERVER, LOCK_CLIENT, LOCK_SERVER) VALUES (?,?,?,?,?,?): 92,Commissioning,false,false,true,false => rowid: 301","v":1}
{"level":30,"time":1589725317798,"pid":31079,"hostname":"localhost.localdomain","msg":"Executed insert: INSERT INTO DEVICE_TYPE_CLUSTER (DEVICE_TYPE_REF, CLUSTER_NAME, INCLUDE_CLIENT, INCLUDE_SERVER, LOCK_CLIENT, LOCK_SERVER) VALUES (?,?,?,?,?,?): 92,Identify,false,false,true,false => rowid: 302","v":1}
{"level":30,"time":1589725317798,"pid":31079,"hostname":"localhost.localdomain","msg":"Executed insert: INSERT INTO DEVICE_TYPE_CLUSTER (DEVICE_TYPE_REF, CLUSTER_NAME, INCLUDE_CLIENT, INCLUDE_SERVER, LOCK_CLIENT, LOCK_SERVER) VALUES (?,?,?,?,?,?): 92,RSSI Location,true,false,true,true => rowid: 303","v":1}
{"level":30,"time":1589725317798,"pid":31079,"hostname":"localhost.localdomain","msg":"Preparing statement: INSERT INTO DEVICE_TYPE_ATTRIBUTE (DEVICE_TYPE_CLUSTER_REF, ATTRIBUTE_NAME) VALUES (?, ?) to insert 0 records.","v":1}
{"level":30,"time":1589725317798,"pid":31079,"hostname":"localhost.localdomain","msg":"Preparing statement: INSERT INTO DEVICE_TYPE_COMMAND (DEVICE_TYPE_CLUSTER_REF, COMMAND_NAME) VALUES (?, ?) to insert 0 records.","v":1}
{"level":30,"time":1589725317798,"pid":31079,"hostname":"localhost.localdomain","msg":"Executed insert: INSERT INTO DEVICE_TYPE_CLUSTER (DEVICE_TYPE_REF, CLUSTER_NAME, INCLUDE_CLIENT, INCLUDE_SERVER, LOCK_CLIENT, LOCK_SERVER) VALUES (?,?,?,?,?,?): 96,Basic,false,true,true,true => rowid: 304","v":1}
{"level":30,"time":1589725317799,"pid":31079,"hostname":"localhost.localdomain","msg":"Executed insert: INSERT INTO DEVICE_TYPE_CLUSTER (DEVICE_TYPE_REF, CLUSTER_NAME, INCLUDE_CLIENT, INCLUDE_SERVER, LOCK_CLIENT, LOCK_SERVER) VALUES (?,?,?,?,?,?): 96,Groups,false,false,true,false => rowid: 305","v":1}
{"level":30,"time":1589725317799,"pid":31079,"hostname":"localhost.localdomain","msg":"Executed insert: INSERT INTO DEVICE_TYPE_CLUSTER (DEVICE_TYPE_REF, CLUSTER_NAME, INCLUDE_CLIENT, INCLUDE_SERVER, LOCK_CLIENT, LOCK_SERVER) VALUES (?,?,?,?,?,?): 96,Commissioning,false,false,true,false => rowid: 306","v":1}
{"level":30,"time":1589725317799,"pid":31079,"hostname":"localhost.localdomain","msg":"Executed insert: INSERT INTO DEVICE_TYPE_CLUSTER (DEVICE_TYPE_REF, CLUSTER_NAME, INCLUDE_CLIENT, INCLUDE_SERVER, LOCK_CLIENT, LOCK_SERVER) VALUES (?,?,?,?,?,?): 96,Identify,false,false,true,false => rowid: 307","v":1}
{"level":30,"time":1589725317799,"pid":31079,"hostname":"localhost.localdomain","msg":"Executed insert: INSERT INTO DEVICE_TYPE_CLUSTER (DEVICE_TYPE_REF, CLUSTER_NAME, INCLUDE_CLIENT, INCLUDE_SERVER, LOCK_CLIENT, LOCK_SERVER) VALUES (?,?,?,?,?,?): 96,RSSI Location,false,true,true,true => rowid: 308","v":1}
{"level":30,"time":1589725317799,"pid":31079,"hostname":"localhost.localdomain","msg":"Preparing statement: INSERT INTO DEVICE_TYPE_ATTRIBUTE (DEVICE_TYPE_CLUSTER_REF, ATTRIBUTE_NAME) VALUES (?, ?) to insert 0 records.","v":1}
{"level":30,"time":1589725317799,"pid":31079,"hostname":"localhost.localdomain","msg":"Preparing statement: INSERT INTO DEVICE_TYPE_COMMAND (DEVICE_TYPE_CLUSTER_REF, COMMAND_NAME) VALUES (?, ?) to insert 0 records.","v":1}
{"level":30,"time":1589725317799,"pid":31079,"hostname":"localhost.localdomain","msg":"Executed insert: INSERT INTO DEVICE_TYPE_CLUSTER (DEVICE_TYPE_REF, CLUSTER_NAME, INCLUDE_CLIENT, INCLUDE_SERVER, LOCK_CLIENT, LOCK_SERVER) VALUES (?,?,?,?,?,?): 100,Basic,false,true,true,true => rowid: 309","v":1}
{"level":30,"time":1589725317799,"pid":31079,"hostname":"localhost.localdomain","msg":"Executed insert: INSERT INTO DEVICE_TYPE_CLUSTER (DEVICE_TYPE_REF, CLUSTER_NAME, INCLUDE_CLIENT, INCLUDE_SERVER, LOCK_CLIENT, LOCK_SERVER) VALUES (?,?,?,?,?,?): 100,Groups,false,false,true,false => rowid: 310","v":1}
{"level":30,"time":1589725317799,"pid":31079,"hostname":"localhost.localdomain","msg":"Executed insert: INSERT INTO DEVICE_TYPE_CLUSTER (DEVICE_TYPE_REF, CLUSTER_NAME, INCLUDE_CLIENT, INCLUDE_SERVER, LOCK_CLIENT, LOCK_SERVER) VALUES (?,?,?,?,?,?): 100,Commissioning,false,false,true,false => rowid: 311","v":1}
{"level":30,"time":1589725317799,"pid":31079,"hostname":"localhost.localdomain","msg":"Executed insert: INSERT INTO DEVICE_TYPE_CLUSTER (DEVICE_TYPE_REF, CLUSTER_NAME, INCLUDE_CLIENT, INCLUDE_SERVER, LOCK_CLIENT, LOCK_SERVER) VALUES (?,?,?,?,?,?): 100,Identify,false,false,true,false => rowid: 312","v":1}
{"level":30,"time":1589725317799,"pid":31079,"hostname":"localhost.localdomain","msg":"Executed insert: INSERT INTO DEVICE_TYPE_CLUSTER (DEVICE_TYPE_REF, CLUSTER_NAME, INCLUDE_CLIENT, INCLUDE_SERVER, LOCK_CLIENT, LOCK_SERVER) VALUES (?,?,?,?,?,?): 100,RSSI Location,true,false,true,true => rowid: 313","v":1}
{"level":30,"time":1589725317800,"pid":31079,"hostname":"localhost.localdomain","msg":"Preparing statement: INSERT INTO DEVICE_TYPE_ATTRIBUTE (DEVICE_TYPE_CLUSTER_REF, ATTRIBUTE_NAME) VALUES (?, ?) to insert 0 records.","v":1}
{"level":30,"time":1589725317800,"pid":31079,"hostname":"localhost.localdomain","msg":"Preparing statement: INSERT INTO DEVICE_TYPE_COMMAND (DEVICE_TYPE_CLUSTER_REF, COMMAND_NAME) VALUES (?, ?) to insert 0 records.","v":1}
{"level":30,"time":1589725317800,"pid":31079,"hostname":"localhost.localdomain","msg":"Executed insert: INSERT INTO DEVICE_TYPE_CLUSTER (DEVICE_TYPE_REF, CLUSTER_NAME, INCLUDE_CLIENT, INCLUDE_SERVER, LOCK_CLIENT, LOCK_SERVER) VALUES (?,?,?,?,?,?): 104,Basic,false,true,true,true => rowid: 314","v":1}
{"level":30,"time":1589725317800,"pid":31079,"hostname":"localhost.localdomain","msg":"Executed insert: INSERT INTO DEVICE_TYPE_CLUSTER (DEVICE_TYPE_REF, CLUSTER_NAME, INCLUDE_CLIENT, INCLUDE_SERVER, LOCK_CLIENT, LOCK_SERVER) VALUES (?,?,?,?,?,?): 104,Groups,false,false,true,false => rowid: 315","v":1}
{"level":30,"time":1589725317800,"pid":31079,"hostname":"localhost.localdomain","msg":"Executed insert: INSERT INTO DEVICE_TYPE_CLUSTER (DEVICE_TYPE_REF, CLUSTER_NAME, INCLUDE_CLIENT, INCLUDE_SERVER, LOCK_CLIENT, LOCK_SERVER) VALUES (?,?,?,?,?,?): 104,Commissioning,false,false,true,false => rowid: 316","v":1}
{"level":30,"time":1589725317800,"pid":31079,"hostname":"localhost.localdomain","msg":"Executed insert: INSERT INTO DEVICE_TYPE_CLUSTER (DEVICE_TYPE_REF, CLUSTER_NAME, INCLUDE_CLIENT, INCLUDE_SERVER, LOCK_CLIENT, LOCK_SERVER) VALUES (?,?,?,?,?,?): 104,Identify,false,false,true,false => rowid: 317","v":1}
{"level":30,"time":1589725317800,"pid":31079,"hostname":"localhost.localdomain","msg":"Executed insert: INSERT INTO DEVICE_TYPE_CLUSTER (DEVICE_TYPE_REF, CLUSTER_NAME, INCLUDE_CLIENT, INCLUDE_SERVER, LOCK_CLIENT, LOCK_SERVER) VALUES (?,?,?,?,?,?): 104,Chatting,true,true,true,true => rowid: 318","v":1}
{"level":30,"time":1589725317800,"pid":31079,"hostname":"localhost.localdomain","msg":"Preparing statement: INSERT INTO DEVICE_TYPE_ATTRIBUTE (DEVICE_TYPE_CLUSTER_REF, ATTRIBUTE_NAME) VALUES (?, ?) to insert 0 records.","v":1}
{"level":30,"time":1589725317800,"pid":31079,"hostname":"localhost.localdomain","msg":"Preparing statement: INSERT INTO DEVICE_TYPE_COMMAND (DEVICE_TYPE_CLUSTER_REF, COMMAND_NAME) VALUES (?, ?) to insert 0 records.","v":1}
{"level":30,"time":1589725317800,"pid":31079,"hostname":"localhost.localdomain","msg":"Executed insert: INSERT INTO DEVICE_TYPE_CLUSTER (DEVICE_TYPE_REF, CLUSTER_NAME, INCLUDE_CLIENT, INCLUDE_SERVER, LOCK_CLIENT, LOCK_SERVER) VALUES (?,?,?,?,?,?): 108,Basic,false,true,true,true => rowid: 319","v":1}
{"level":30,"time":1589725317800,"pid":31079,"hostname":"localhost.localdomain","msg":"Executed insert: INSERT INTO DEVICE_TYPE_CLUSTER (DEVICE_TYPE_REF, CLUSTER_NAME, INCLUDE_CLIENT, INCLUDE_SERVER, LOCK_CLIENT, LOCK_SERVER) VALUES (?,?,?,?,?,?): 108,Groups,false,false,true,false => rowid: 320","v":1}
{"level":30,"time":1589725317800,"pid":31079,"hostname":"localhost.localdomain","msg":"Executed insert: INSERT INTO DEVICE_TYPE_CLUSTER (DEVICE_TYPE_REF, CLUSTER_NAME, INCLUDE_CLIENT, INCLUDE_SERVER, LOCK_CLIENT, LOCK_SERVER) VALUES (?,?,?,?,?,?): 108,Commissioning,false,false,true,false => rowid: 321","v":1}
{"level":30,"time":1589725317801,"pid":31079,"hostname":"localhost.localdomain","msg":"Executed insert: INSERT INTO DEVICE_TYPE_CLUSTER (DEVICE_TYPE_REF, CLUSTER_NAME, INCLUDE_CLIENT, INCLUDE_SERVER, LOCK_CLIENT, LOCK_SERVER) VALUES (?,?,?,?,?,?): 108,Identify,false,false,true,false => rowid: 322","v":1}
{"level":30,"time":1589725317801,"pid":31079,"hostname":"localhost.localdomain","msg":"Executed insert: INSERT INTO DEVICE_TYPE_CLUSTER (DEVICE_TYPE_REF, CLUSTER_NAME, INCLUDE_CLIENT, INCLUDE_SERVER, LOCK_CLIENT, LOCK_SERVER) VALUES (?,?,?,?,?,?): 108,Chatting,false,true,true,true => rowid: 323","v":1}
{"level":30,"time":1589725317801,"pid":31079,"hostname":"localhost.localdomain","msg":"Preparing statement: INSERT INTO DEVICE_TYPE_ATTRIBUTE (DEVICE_TYPE_CLUSTER_REF, ATTRIBUTE_NAME) VALUES (?, ?) to insert 0 records.","v":1}
{"level":30,"time":1589725317801,"pid":31079,"hostname":"localhost.localdomain","msg":"Preparing statement: INSERT INTO DEVICE_TYPE_COMMAND (DEVICE_TYPE_CLUSTER_REF, COMMAND_NAME) VALUES (?, ?) to insert 0 records.","v":1}
{"level":30,"time":1589725317802,"pid":31079,"hostname":"localhost.localdomain","msg":"Preparing statement: INSERT INTO COMMAND_ARG (COMMAND_REF, NAME, TYPE, IS_ARRAY) VALUES (?,?,?,?) to insert 32 records.","v":1}
{"level":30,"time":1589725317803,"pid":31079,"hostname":"localhost.localdomain","msg":"Preparing statement: INSERT INTO STRUCT_ITEM (STRUCT_REF, NAME, TYPE) VALUES (?,?,?) to insert 90 records.","v":1}
{"level":30,"time":1589725317834,"pid":31079,"hostname":"localhost.localdomain","msg":"Preparing statement: INSERT INTO BITMAP_FIELD (BITMAP_REF, NAME, MASK) VALUES (?, ?, ?) to insert 185 records.","v":1}
{"level":30,"time":1589725317834,"pid":31079,"hostname":"localhost.localdomain","msg":"Preparing statement: INSERT INTO BITMAP_FIELD (BITMAP_REF, NAME, MASK) VALUES (?, ?, ?) to insert 126 records.","v":1}
{"level":30,"time":1589725317835,"pid":31079,"hostname":"localhost.localdomain","msg":"Executed insert: INSERT INTO DEVICE_TYPE_CLUSTER (DEVICE_TYPE_REF, CLUSTER_NAME, INCLUDE_CLIENT, INCLUDE_SERVER, LOCK_CLIENT, LOCK_SERVER) VALUES (?,?,?,?,?,?): 8,Basic,false,true,true,true => rowid: 324","v":1}
{"level":30,"time":1589725317837,"pid":31079,"hostname":"localhost.localdomain","msg":"Executed insert: INSERT INTO DEVICE_TYPE_CLUSTER (DEVICE_TYPE_REF, CLUSTER_NAME, INCLUDE_CLIENT, INCLUDE_SERVER, LOCK_CLIENT, LOCK_SERVER) VALUES (?,?,?,?,?,?): 8,Generic Tunnel,false,true,true,true => rowid: 325","v":1}
{"level":30,"time":1589725317837,"pid":31079,"hostname":"localhost.localdomain","msg":"Executed insert: INSERT INTO DEVICE_TYPE_CLUSTER (DEVICE_TYPE_REF, CLUSTER_NAME, INCLUDE_CLIENT, INCLUDE_SERVER, LOCK_CLIENT, LOCK_SERVER) VALUES (?,?,?,?,?,?): 8,11073 Protocol Tunnel,true,true,true,true => rowid: 326","v":1}
{"level":30,"time":1589725317837,"pid":31079,"hostname":"localhost.localdomain","msg":"Executed insert: INSERT INTO DEVICE_TYPE_CLUSTER (DEVICE_TYPE_REF, CLUSTER_NAME, INCLUDE_CLIENT, INCLUDE_SERVER, LOCK_CLIENT, LOCK_SERVER) VALUES (?,?,?,?,?,?): 8,Power Configuration,false,true,true,false => rowid: 327","v":1}
{"level":30,"time":1589725317837,"pid":31079,"hostname":"localhost.localdomain","msg":"Executed insert: INSERT INTO DEVICE_TYPE_CLUSTER (DEVICE_TYPE_REF, CLUSTER_NAME, INCLUDE_CLIENT, INCLUDE_SERVER, LOCK_CLIENT, LOCK_SERVER) VALUES (?,?,?,?,?,?): 8,Alarms,false,true,true,false => rowid: 328","v":1}
{"level":30,"time":1589725317837,"pid":31079,"hostname":"localhost.localdomain","msg":"Executed insert: INSERT INTO DEVICE_TYPE_CLUSTER (DEVICE_TYPE_REF, CLUSTER_NAME, INCLUDE_CLIENT, INCLUDE_SERVER, LOCK_CLIENT, LOCK_SERVER) VALUES (?,?,?,?,?,?): 8,Time,false,true,true,false => rowid: 329","v":1}
{"level":30,"time":1589725317837,"pid":31079,"hostname":"localhost.localdomain","msg":"Executed insert: INSERT INTO DEVICE_TYPE_CLUSTER (DEVICE_TYPE_REF, CLUSTER_NAME, INCLUDE_CLIENT, INCLUDE_SERVER, LOCK_CLIENT, LOCK_SERVER) VALUES (?,?,?,?,?,?): 13,Basic,false,true,true,true => rowid: 330","v":1}
{"level":30,"time":1589725317837,"pid":31079,"hostname":"localhost.localdomain","msg":"Executed insert: INSERT INTO DEVICE_TYPE_CLUSTER (DEVICE_TYPE_REF, CLUSTER_NAME, INCLUDE_CLIENT, INCLUDE_SERVER, LOCK_CLIENT, LOCK_SERVER) VALUES (?,?,?,?,?,?): 13,Identify,false,true,true,true => rowid: 331","v":1}
{"level":30,"time":1589725317837,"pid":31079,"hostname":"localhost.localdomain","msg":"Executed insert: INSERT INTO DEVICE_TYPE_CLUSTER (DEVICE_TYPE_REF, CLUSTER_NAME, INCLUDE_CLIENT, INCLUDE_SERVER, LOCK_CLIENT, LOCK_SERVER) VALUES (?,?,?,?,?,?): 13,Generic Tunnel,false,true,true,true => rowid: 332","v":1}
{"level":30,"time":1589725317838,"pid":31079,"hostname":"localhost.localdomain","msg":"Executed insert: INSERT INTO DEVICE_TYPE_CLUSTER (DEVICE_TYPE_REF, CLUSTER_NAME, INCLUDE_CLIENT, INCLUDE_SERVER, LOCK_CLIENT, LOCK_SERVER) VALUES (?,?,?,?,?,?): 13,11073 Protocol Tunnel,true,true,true,true => rowid: 333","v":1}
{"level":30,"time":1589725317838,"pid":31079,"hostname":"localhost.localdomain","msg":"Executed insert: INSERT INTO DEVICE_TYPE_CLUSTER (DEVICE_TYPE_REF, CLUSTER_NAME, INCLUDE_CLIENT, INCLUDE_SERVER, LOCK_CLIENT, LOCK_SERVER) VALUES (?,?,?,?,?,?): 13,Power Configuration,false,true,true,false => rowid: 334","v":1}
{"level":30,"time":1589725317838,"pid":31079,"hostname":"localhost.localdomain","msg":"Executed insert: INSERT INTO DEVICE_TYPE_CLUSTER (DEVICE_TYPE_REF, CLUSTER_NAME, INCLUDE_CLIENT, INCLUDE_SERVER, LOCK_CLIENT, LOCK_SERVER) VALUES (?,?,?,?,?,?): 13,Alarms,false,true,true,false => rowid: 335","v":1}
{"level":30,"time":1589725317838,"pid":31079,"hostname":"localhost.localdomain","msg":"Executed insert: INSERT INTO DEVICE_TYPE_CLUSTER (DEVICE_TYPE_REF, CLUSTER_NAME, INCLUDE_CLIENT, INCLUDE_SERVER, LOCK_CLIENT, LOCK_SERVER) VALUES (?,?,?,?,?,?): 13,Time,false,true,true,false => rowid: 336","v":1}
{"level":30,"time":1589725317838,"pid":31079,"hostname":"localhost.localdomain","msg":"Preparing statement: INSERT INTO DEVICE_TYPE_ATTRIBUTE (DEVICE_TYPE_CLUSTER_REF, ATTRIBUTE_NAME) VALUES (?, ?) to insert 0 records.","v":1}
{"level":30,"time":1589725317838,"pid":31079,"hostname":"localhost.localdomain","msg":"Preparing statement: INSERT INTO DEVICE_TYPE_COMMAND (DEVICE_TYPE_CLUSTER_REF, COMMAND_NAME) VALUES (?, ?) to insert 0 records.","v":1}
{"level":30,"time":1589725317838,"pid":31079,"hostname":"localhost.localdomain","msg":"Executed insert: INSERT INTO DEVICE_TYPE_CLUSTER (DEVICE_TYPE_REF, CLUSTER_NAME, INCLUDE_CLIENT, INCLUDE_SERVER, LOCK_CLIENT, LOCK_SERVER) VALUES (?,?,?,?,?,?): 20,Basic,false,true,true,true => rowid: 337","v":1}
{"level":30,"time":1589725317838,"pid":31079,"hostname":"localhost.localdomain","msg":"Executed insert: INSERT INTO DEVICE_TYPE_CLUSTER (DEVICE_TYPE_REF, CLUSTER_NAME, INCLUDE_CLIENT, INCLUDE_SERVER, LOCK_CLIENT, LOCK_SERVER) VALUES (?,?,?,?,?,?): 20,Identify,false,true,true,true => rowid: 338","v":1}
{"level":30,"time":1589725317838,"pid":31079,"hostname":"localhost.localdomain","msg":"Executed insert: INSERT INTO DEVICE_TYPE_CLUSTER (DEVICE_TYPE_REF, CLUSTER_NAME, INCLUDE_CLIENT, INCLUDE_SERVER, LOCK_CLIENT, LOCK_SERVER) VALUES (?,?,?,?,?,?): 20,Generic Tunnel,false,true,true,true => rowid: 339","v":1}
{"level":30,"time":1589725317838,"pid":31079,"hostname":"localhost.localdomain","msg":"Executed insert: INSERT INTO DEVICE_TYPE_CLUSTER (DEVICE_TYPE_REF, CLUSTER_NAME, INCLUDE_CLIENT, INCLUDE_SERVER, LOCK_CLIENT, LOCK_SERVER) VALUES (?,?,?,?,?,?): 20,11073 Protocol Tunnel,true,true,true,true => rowid: 340","v":1}
{"level":30,"time":1589725317838,"pid":31079,"hostname":"localhost.localdomain","msg":"Executed insert: INSERT INTO DEVICE_TYPE_CLUSTER (DEVICE_TYPE_REF, CLUSTER_NAME, INCLUDE_CLIENT, INCLUDE_SERVER, LOCK_CLIENT, LOCK_SERVER) VALUES (?,?,?,?,?,?): 20,Power Configuration,false,true,true,false => rowid: 341","v":1}
{"level":30,"time":1589725317838,"pid":31079,"hostname":"localhost.localdomain","msg":"Executed insert: INSERT INTO DEVICE_TYPE_CLUSTER (DEVICE_TYPE_REF, CLUSTER_NAME, INCLUDE_CLIENT, INCLUDE_SERVER, LOCK_CLIENT, LOCK_SERVER) VALUES (?,?,?,?,?,?): 20,Alarms,false,true,true,false => rowid: 342","v":1}
{"level":30,"time":1589725317839,"pid":31079,"hostname":"localhost.localdomain","msg":"Executed insert: INSERT INTO DEVICE_TYPE_CLUSTER (DEVICE_TYPE_REF, CLUSTER_NAME, INCLUDE_CLIENT, INCLUDE_SERVER, LOCK_CLIENT, LOCK_SERVER) VALUES (?,?,?,?,?,?): 20,Time,false,true,true,false => rowid: 343","v":1}
{"level":30,"time":1589725317839,"pid":31079,"hostname":"localhost.localdomain","msg":"Preparing statement: INSERT INTO DEVICE_TYPE_ATTRIBUTE (DEVICE_TYPE_CLUSTER_REF, ATTRIBUTE_NAME) VALUES (?, ?) to insert 0 records.","v":1}
{"level":30,"time":1589725317839,"pid":31079,"hostname":"localhost.localdomain","msg":"Preparing statement: INSERT INTO DEVICE_TYPE_COMMAND (DEVICE_TYPE_CLUSTER_REF, COMMAND_NAME) VALUES (?, ?) to insert 0 records.","v":1}
{"level":30,"time":1589725317839,"pid":31079,"hostname":"localhost.localdomain","msg":"Executed insert: INSERT INTO DEVICE_TYPE_CLUSTER (DEVICE_TYPE_REF, CLUSTER_NAME, INCLUDE_CLIENT, INCLUDE_SERVER, LOCK_CLIENT, LOCK_SERVER) VALUES (?,?,?,?,?,?): 27,Basic,false,true,true,true => rowid: 344","v":1}
{"level":30,"time":1589725317839,"pid":31079,"hostname":"localhost.localdomain","msg":"Executed insert: INSERT INTO DEVICE_TYPE_CLUSTER (DEVICE_TYPE_REF, CLUSTER_NAME, INCLUDE_CLIENT, INCLUDE_SERVER, LOCK_CLIENT, LOCK_SERVER) VALUES (?,?,?,?,?,?): 27,Identify,false,true,true,true => rowid: 345","v":1}
{"level":30,"time":1589725317839,"pid":31079,"hostname":"localhost.localdomain","msg":"Executed insert: INSERT INTO DEVICE_TYPE_CLUSTER (DEVICE_TYPE_REF, CLUSTER_NAME, INCLUDE_CLIENT, INCLUDE_SERVER, LOCK_CLIENT, LOCK_SERVER) VALUES (?,?,?,?,?,?): 27,Generic Tunnel,false,true,true,true => rowid: 346","v":1}
{"level":30,"time":1589725317839,"pid":31079,"hostname":"localhost.localdomain","msg":"Executed insert: INSERT INTO DEVICE_TYPE_CLUSTER (DEVICE_TYPE_REF, CLUSTER_NAME, INCLUDE_CLIENT, INCLUDE_SERVER, LOCK_CLIENT, LOCK_SERVER) VALUES (?,?,?,?,?,?): 27,11073 Protocol Tunnel,true,true,true,true => rowid: 347","v":1}
{"level":30,"time":1589725317839,"pid":31079,"hostname":"localhost.localdomain","msg":"Executed insert: INSERT INTO DEVICE_TYPE_CLUSTER (DEVICE_TYPE_REF, CLUSTER_NAME, INCLUDE_CLIENT, INCLUDE_SERVER, LOCK_CLIENT, LOCK_SERVER) VALUES (?,?,?,?,?,?): 27,Power Configuration,false,true,true,false => rowid: 348","v":1}
{"level":30,"time":1589725317839,"pid":31079,"hostname":"localhost.localdomain","msg":"Executed insert: INSERT INTO DEVICE_TYPE_CLUSTER (DEVICE_TYPE_REF, CLUSTER_NAME, INCLUDE_CLIENT, INCLUDE_SERVER, LOCK_CLIENT, LOCK_SERVER) VALUES (?,?,?,?,?,?): 27,Alarms,false,true,true,false => rowid: 349","v":1}
{"level":30,"time":1589725317839,"pid":31079,"hostname":"localhost.localdomain","msg":"Executed insert: INSERT INTO DEVICE_TYPE_CLUSTER (DEVICE_TYPE_REF, CLUSTER_NAME, INCLUDE_CLIENT, INCLUDE_SERVER, LOCK_CLIENT, LOCK_SERVER) VALUES (?,?,?,?,?,?): 27,Time,false,true,true,false => rowid: 350","v":1}
{"level":30,"time":1589725317839,"pid":31079,"hostname":"localhost.localdomain","msg":"Preparing statement: INSERT INTO DEVICE_TYPE_ATTRIBUTE (DEVICE_TYPE_CLUSTER_REF, ATTRIBUTE_NAME) VALUES (?, ?) to insert 0 records.","v":1}
{"level":30,"time":1589725317839,"pid":31079,"hostname":"localhost.localdomain","msg":"Preparing statement: INSERT INTO DEVICE_TYPE_COMMAND (DEVICE_TYPE_CLUSTER_REF, COMMAND_NAME) VALUES (?, ?) to insert 0 records.","v":1}
{"level":30,"time":1589725317839,"pid":31079,"hostname":"localhost.localdomain","msg":"Executed insert: INSERT INTO DEVICE_TYPE_CLUSTER (DEVICE_TYPE_REF, CLUSTER_NAME, INCLUDE_CLIENT, INCLUDE_SERVER, LOCK_CLIENT, LOCK_SERVER) VALUES (?,?,?,?,?,?): 33,Basic,false,true,true,true => rowid: 351","v":1}
{"level":30,"time":1589725317840,"pid":31079,"hostname":"localhost.localdomain","msg":"Executed insert: INSERT INTO DEVICE_TYPE_CLUSTER (DEVICE_TYPE_REF, CLUSTER_NAME, INCLUDE_CLIENT, INCLUDE_SERVER, LOCK_CLIENT, LOCK_SERVER) VALUES (?,?,?,?,?,?): 33,Identify,false,true,true,true => rowid: 352","v":1}
{"level":30,"time":1589725317840,"pid":31079,"hostname":"localhost.localdomain","msg":"Executed insert: INSERT INTO DEVICE_TYPE_CLUSTER (DEVICE_TYPE_REF, CLUSTER_NAME, INCLUDE_CLIENT, INCLUDE_SERVER, LOCK_CLIENT, LOCK_SERVER) VALUES (?,?,?,?,?,?): 33,Generic Tunnel,false,true,true,true => rowid: 353","v":1}
{"level":30,"time":1589725317840,"pid":31079,"hostname":"localhost.localdomain","msg":"Executed insert: INSERT INTO DEVICE_TYPE_CLUSTER (DEVICE_TYPE_REF, CLUSTER_NAME, INCLUDE_CLIENT, INCLUDE_SERVER, LOCK_CLIENT, LOCK_SERVER) VALUES (?,?,?,?,?,?): 33,11073 Protocol Tunnel,true,true,true,true => rowid: 354","v":1}
{"level":30,"time":1589725317840,"pid":31079,"hostname":"localhost.localdomain","msg":"Executed insert: INSERT INTO DEVICE_TYPE_CLUSTER (DEVICE_TYPE_REF, CLUSTER_NAME, INCLUDE_CLIENT, INCLUDE_SERVER, LOCK_CLIENT, LOCK_SERVER) VALUES (?,?,?,?,?,?): 33,Power Configuration,false,true,true,false => rowid: 355","v":1}
{"level":30,"time":1589725317840,"pid":31079,"hostname":"localhost.localdomain","msg":"Executed insert: INSERT INTO DEVICE_TYPE_CLUSTER (DEVICE_TYPE_REF, CLUSTER_NAME, INCLUDE_CLIENT, INCLUDE_SERVER, LOCK_CLIENT, LOCK_SERVER) VALUES (?,?,?,?,?,?): 33,Alarms,false,true,true,false => rowid: 356","v":1}
{"level":30,"time":1589725317840,"pid":31079,"hostname":"localhost.localdomain","msg":"Executed insert: INSERT INTO DEVICE_TYPE_CLUSTER (DEVICE_TYPE_REF, CLUSTER_NAME, INCLUDE_CLIENT, INCLUDE_SERVER, LOCK_CLIENT, LOCK_SERVER) VALUES (?,?,?,?,?,?): 33,Time,false,true,true,false => rowid: 357","v":1}
{"level":30,"time":1589725317840,"pid":31079,"hostname":"localhost.localdomain","msg":"Preparing statement: INSERT INTO DEVICE_TYPE_ATTRIBUTE (DEVICE_TYPE_CLUSTER_REF, ATTRIBUTE_NAME) VALUES (?, ?) to insert 0 records.","v":1}
{"level":30,"time":1589725317840,"pid":31079,"hostname":"localhost.localdomain","msg":"Preparing statement: INSERT INTO DEVICE_TYPE_COMMAND (DEVICE_TYPE_CLUSTER_REF, COMMAND_NAME) VALUES (?, ?) to insert 0 records.","v":1}
{"level":30,"time":1589725317840,"pid":31079,"hostname":"localhost.localdomain","msg":"Executed insert: INSERT INTO DEVICE_TYPE_CLUSTER (DEVICE_TYPE_REF, CLUSTER_NAME, INCLUDE_CLIENT, INCLUDE_SERVER, LOCK_CLIENT, LOCK_SERVER) VALUES (?,?,?,?,?,?): 39,Basic,false,true,true,true => rowid: 358","v":1}
{"level":30,"time":1589725317840,"pid":31079,"hostname":"localhost.localdomain","msg":"Executed insert: INSERT INTO DEVICE_TYPE_CLUSTER (DEVICE_TYPE_REF, CLUSTER_NAME, INCLUDE_CLIENT, INCLUDE_SERVER, LOCK_CLIENT, LOCK_SERVER) VALUES (?,?,?,?,?,?): 39,Identify,false,true,true,true => rowid: 359","v":1}
{"level":30,"time":1589725317840,"pid":31079,"hostname":"localhost.localdomain","msg":"Executed insert: INSERT INTO DEVICE_TYPE_CLUSTER (DEVICE_TYPE_REF, CLUSTER_NAME, INCLUDE_CLIENT, INCLUDE_SERVER, LOCK_CLIENT, LOCK_SERVER) VALUES (?,?,?,?,?,?): 39,Generic Tunnel,false,true,true,true => rowid: 360","v":1}
{"level":30,"time":1589725317840,"pid":31079,"hostname":"localhost.localdomain","msg":"Executed insert: INSERT INTO DEVICE_TYPE_CLUSTER (DEVICE_TYPE_REF, CLUSTER_NAME, INCLUDE_CLIENT, INCLUDE_SERVER, LOCK_CLIENT, LOCK_SERVER) VALUES (?,?,?,?,?,?): 39,11073 Protocol Tunnel,true,true,true,true => rowid: 361","v":1}
{"level":30,"time":1589725317841,"pid":31079,"hostname":"localhost.localdomain","msg":"Executed insert: INSERT INTO DEVICE_TYPE_CLUSTER (DEVICE_TYPE_REF, CLUSTER_NAME, INCLUDE_CLIENT, INCLUDE_SERVER, LOCK_CLIENT, LOCK_SERVER) VALUES (?,?,?,?,?,?): 39,Power Configuration,false,true,true,false => rowid: 362","v":1}
{"level":30,"time":1589725317841,"pid":31079,"hostname":"localhost.localdomain","msg":"Executed insert: INSERT INTO DEVICE_TYPE_CLUSTER (DEVICE_TYPE_REF, CLUSTER_NAME, INCLUDE_CLIENT, INCLUDE_SERVER, LOCK_CLIENT, LOCK_SERVER) VALUES (?,?,?,?,?,?): 39,Alarms,false,true,true,false => rowid: 363","v":1}
{"level":30,"time":1589725317841,"pid":31079,"hostname":"localhost.localdomain","msg":"Executed insert: INSERT INTO DEVICE_TYPE_CLUSTER (DEVICE_TYPE_REF, CLUSTER_NAME, INCLUDE_CLIENT, INCLUDE_SERVER, LOCK_CLIENT, LOCK_SERVER) VALUES (?,?,?,?,?,?): 39,Time,false,true,true,false => rowid: 364","v":1}
{"level":30,"time":1589725317841,"pid":31079,"hostname":"localhost.localdomain","msg":"Preparing statement: INSERT INTO DEVICE_TYPE_ATTRIBUTE (DEVICE_TYPE_CLUSTER_REF, ATTRIBUTE_NAME) VALUES (?, ?) to insert 0 records.","v":1}
{"level":30,"time":1589725317841,"pid":31079,"hostname":"localhost.localdomain","msg":"Preparing statement: INSERT INTO DEVICE_TYPE_COMMAND (DEVICE_TYPE_CLUSTER_REF, COMMAND_NAME) VALUES (?, ?) to insert 0 records.","v":1}
{"level":30,"time":1589725317841,"pid":31079,"hostname":"localhost.localdomain","msg":"Executed insert: INSERT INTO DEVICE_TYPE_CLUSTER (DEVICE_TYPE_REF, CLUSTER_NAME, INCLUDE_CLIENT, INCLUDE_SERVER, LOCK_CLIENT, LOCK_SERVER) VALUES (?,?,?,?,?,?): 45,Basic,false,true,true,true => rowid: 365","v":1}
{"level":30,"time":1589725317841,"pid":31079,"hostname":"localhost.localdomain","msg":"Executed insert: INSERT INTO DEVICE_TYPE_CLUSTER (DEVICE_TYPE_REF, CLUSTER_NAME, INCLUDE_CLIENT, INCLUDE_SERVER, LOCK_CLIENT, LOCK_SERVER) VALUES (?,?,?,?,?,?): 45,Identify,false,true,true,true => rowid: 366","v":1}
{"level":30,"time":1589725317841,"pid":31079,"hostname":"localhost.localdomain","msg":"Executed insert: INSERT INTO DEVICE_TYPE_CLUSTER (DEVICE_TYPE_REF, CLUSTER_NAME, INCLUDE_CLIENT, INCLUDE_SERVER, LOCK_CLIENT, LOCK_SERVER) VALUES (?,?,?,?,?,?): 45,Generic Tunnel,false,true,true,true => rowid: 367","v":1}
{"level":30,"time":1589725317841,"pid":31079,"hostname":"localhost.localdomain","msg":"Executed insert: INSERT INTO DEVICE_TYPE_CLUSTER (DEVICE_TYPE_REF, CLUSTER_NAME, INCLUDE_CLIENT, INCLUDE_SERVER, LOCK_CLIENT, LOCK_SERVER) VALUES (?,?,?,?,?,?): 45,11073 Protocol Tunnel,true,true,true,true => rowid: 368","v":1}
{"level":30,"time":1589725317841,"pid":31079,"hostname":"localhost.localdomain","msg":"Executed insert: INSERT INTO DEVICE_TYPE_CLUSTER (DEVICE_TYPE_REF, CLUSTER_NAME, INCLUDE_CLIENT, INCLUDE_SERVER, LOCK_CLIENT, LOCK_SERVER) VALUES (?,?,?,?,?,?): 45,Power Configuration,false,true,true,false => rowid: 369","v":1}
{"level":30,"time":1589725317841,"pid":31079,"hostname":"localhost.localdomain","msg":"Executed insert: INSERT INTO DEVICE_TYPE_CLUSTER (DEVICE_TYPE_REF, CLUSTER_NAME, INCLUDE_CLIENT, INCLUDE_SERVER, LOCK_CLIENT, LOCK_SERVER) VALUES (?,?,?,?,?,?): 45,Alarms,false,true,true,false => rowid: 370","v":1}
{"level":30,"time":1589725317841,"pid":31079,"hostname":"localhost.localdomain","msg":"Executed insert: INSERT INTO DEVICE_TYPE_CLUSTER (DEVICE_TYPE_REF, CLUSTER_NAME, INCLUDE_CLIENT, INCLUDE_SERVER, LOCK_CLIENT, LOCK_SERVER) VALUES (?,?,?,?,?,?): 45,Time,false,true,true,false => rowid: 371","v":1}
{"level":30,"time":1589725317841,"pid":31079,"hostname":"localhost.localdomain","msg":"Preparing statement: INSERT INTO DEVICE_TYPE_ATTRIBUTE (DEVICE_TYPE_CLUSTER_REF, ATTRIBUTE_NAME) VALUES (?, ?) to insert 0 records.","v":1}
{"level":30,"time":1589725317842,"pid":31079,"hostname":"localhost.localdomain","msg":"Preparing statement: INSERT INTO DEVICE_TYPE_COMMAND (DEVICE_TYPE_CLUSTER_REF, COMMAND_NAME) VALUES (?, ?) to insert 0 records.","v":1}
{"level":30,"time":1589725317842,"pid":31079,"hostname":"localhost.localdomain","msg":"Executed insert: INSERT INTO DEVICE_TYPE_CLUSTER (DEVICE_TYPE_REF, CLUSTER_NAME, INCLUDE_CLIENT, INCLUDE_SERVER, LOCK_CLIENT, LOCK_SERVER) VALUES (?,?,?,?,?,?): 50,Basic,false,true,true,true => rowid: 372","v":1}
{"level":30,"time":1589725317842,"pid":31079,"hostname":"localhost.localdomain","msg":"Executed insert: INSERT INTO DEVICE_TYPE_CLUSTER (DEVICE_TYPE_REF, CLUSTER_NAME, INCLUDE_CLIENT, INCLUDE_SERVER, LOCK_CLIENT, LOCK_SERVER) VALUES (?,?,?,?,?,?): 50,Identify,false,true,true,true => rowid: 373","v":1}
{"level":30,"time":1589725317842,"pid":31079,"hostname":"localhost.localdomain","msg":"Executed insert: INSERT INTO DEVICE_TYPE_CLUSTER (DEVICE_TYPE_REF, CLUSTER_NAME, INCLUDE_CLIENT, INCLUDE_SERVER, LOCK_CLIENT, LOCK_SERVER) VALUES (?,?,?,?,?,?): 50,Generic Tunnel,false,true,true,true => rowid: 374","v":1}
{"level":30,"time":1589725317842,"pid":31079,"hostname":"localhost.localdomain","msg":"Executed insert: INSERT INTO DEVICE_TYPE_CLUSTER (DEVICE_TYPE_REF, CLUSTER_NAME, INCLUDE_CLIENT, INCLUDE_SERVER, LOCK_CLIENT, LOCK_SERVER) VALUES (?,?,?,?,?,?): 50,11073 Protocol Tunnel,true,true,true,true => rowid: 375","v":1}
{"level":30,"time":1589725317842,"pid":31079,"hostname":"localhost.localdomain","msg":"Executed insert: INSERT INTO DEVICE_TYPE_CLUSTER (DEVICE_TYPE_REF, CLUSTER_NAME, INCLUDE_CLIENT, INCLUDE_SERVER, LOCK_CLIENT, LOCK_SERVER) VALUES (?,?,?,?,?,?): 50,Power Configuration,false,true,true,false => rowid: 376","v":1}
{"level":30,"time":1589725317842,"pid":31079,"hostname":"localhost.localdomain","msg":"Executed insert: INSERT INTO DEVICE_TYPE_CLUSTER (DEVICE_TYPE_REF, CLUSTER_NAME, INCLUDE_CLIENT, INCLUDE_SERVER, LOCK_CLIENT, LOCK_SERVER) VALUES (?,?,?,?,?,?): 50,Alarms,false,true,true,false => rowid: 377","v":1}
{"level":30,"time":1589725317842,"pid":31079,"hostname":"localhost.localdomain","msg":"Executed insert: INSERT INTO DEVICE_TYPE_CLUSTER (DEVICE_TYPE_REF, CLUSTER_NAME, INCLUDE_CLIENT, INCLUDE_SERVER, LOCK_CLIENT, LOCK_SERVER) VALUES (?,?,?,?,?,?): 50,Time,false,true,true,false => rowid: 378","v":1}
{"level":30,"time":1589725317842,"pid":31079,"hostname":"localhost.localdomain","msg":"Preparing statement: INSERT INTO DEVICE_TYPE_ATTRIBUTE (DEVICE_TYPE_CLUSTER_REF, ATTRIBUTE_NAME) VALUES (?, ?) to insert 0 records.","v":1}
{"level":30,"time":1589725317842,"pid":31079,"hostname":"localhost.localdomain","msg":"Preparing statement: INSERT INTO DEVICE_TYPE_COMMAND (DEVICE_TYPE_CLUSTER_REF, COMMAND_NAME) VALUES (?, ?) to insert 0 records.","v":1}
{"level":30,"time":1589725317842,"pid":31079,"hostname":"localhost.localdomain","msg":"Executed insert: INSERT INTO DEVICE_TYPE_CLUSTER (DEVICE_TYPE_REF, CLUSTER_NAME, INCLUDE_CLIENT, INCLUDE_SERVER, LOCK_CLIENT, LOCK_SERVER) VALUES (?,?,?,?,?,?): 55,Basic,false,true,true,true => rowid: 379","v":1}
{"level":30,"time":1589725317842,"pid":31079,"hostname":"localhost.localdomain","msg":"Executed insert: INSERT INTO DEVICE_TYPE_CLUSTER (DEVICE_TYPE_REF, CLUSTER_NAME, INCLUDE_CLIENT, INCLUDE_SERVER, LOCK_CLIENT, LOCK_SERVER) VALUES (?,?,?,?,?,?): 55,Identify,false,true,true,true => rowid: 380","v":1}
{"level":30,"time":1589725317842,"pid":31079,"hostname":"localhost.localdomain","msg":"Executed insert: INSERT INTO DEVICE_TYPE_CLUSTER (DEVICE_TYPE_REF, CLUSTER_NAME, INCLUDE_CLIENT, INCLUDE_SERVER, LOCK_CLIENT, LOCK_SERVER) VALUES (?,?,?,?,?,?): 55,Generic Tunnel,false,true,true,true => rowid: 381","v":1}
{"level":30,"time":1589725317842,"pid":31079,"hostname":"localhost.localdomain","msg":"Executed insert: INSERT INTO DEVICE_TYPE_CLUSTER (DEVICE_TYPE_REF, CLUSTER_NAME, INCLUDE_CLIENT, INCLUDE_SERVER, LOCK_CLIENT, LOCK_SERVER) VALUES (?,?,?,?,?,?): 55,11073 Protocol Tunnel,true,true,true,true => rowid: 382","v":1}
{"level":30,"time":1589725317843,"pid":31079,"hostname":"localhost.localdomain","msg":"Executed insert: INSERT INTO DEVICE_TYPE_CLUSTER (DEVICE_TYPE_REF, CLUSTER_NAME, INCLUDE_CLIENT, INCLUDE_SERVER, LOCK_CLIENT, LOCK_SERVER) VALUES (?,?,?,?,?,?): 55,Power Configuration,false,true,true,false => rowid: 383","v":1}
{"level":30,"time":1589725317843,"pid":31079,"hostname":"localhost.localdomain","msg":"Executed insert: INSERT INTO DEVICE_TYPE_CLUSTER (DEVICE_TYPE_REF, CLUSTER_NAME, INCLUDE_CLIENT, INCLUDE_SERVER, LOCK_CLIENT, LOCK_SERVER) VALUES (?,?,?,?,?,?): 55,Alarms,false,true,true,false => rowid: 384","v":1}
{"level":30,"time":1589725317843,"pid":31079,"hostname":"localhost.localdomain","msg":"Executed insert: INSERT INTO DEVICE_TYPE_CLUSTER (DEVICE_TYPE_REF, CLUSTER_NAME, INCLUDE_CLIENT, INCLUDE_SERVER, LOCK_CLIENT, LOCK_SERVER) VALUES (?,?,?,?,?,?): 55,Time,false,true,true,false => rowid: 385","v":1}
{"level":30,"time":1589725317843,"pid":31079,"hostname":"localhost.localdomain","msg":"Preparing statement: INSERT INTO DEVICE_TYPE_ATTRIBUTE (DEVICE_TYPE_CLUSTER_REF, ATTRIBUTE_NAME) VALUES (?, ?) to insert 0 records.","v":1}
{"level":30,"time":1589725317843,"pid":31079,"hostname":"localhost.localdomain","msg":"Preparing statement: INSERT INTO DEVICE_TYPE_COMMAND (DEVICE_TYPE_CLUSTER_REF, COMMAND_NAME) VALUES (?, ?) to insert 0 records.","v":1}
{"level":30,"time":1589725317843,"pid":31079,"hostname":"localhost.localdomain","msg":"Executed insert: INSERT INTO DEVICE_TYPE_CLUSTER (DEVICE_TYPE_REF, CLUSTER_NAME, INCLUDE_CLIENT, INCLUDE_SERVER, LOCK_CLIENT, LOCK_SERVER) VALUES (?,?,?,?,?,?): 60,Basic,false,true,true,true => rowid: 386","v":1}
{"level":30,"time":1589725317843,"pid":31079,"hostname":"localhost.localdomain","msg":"Executed insert: INSERT INTO DEVICE_TYPE_CLUSTER (DEVICE_TYPE_REF, CLUSTER_NAME, INCLUDE_CLIENT, INCLUDE_SERVER, LOCK_CLIENT, LOCK_SERVER) VALUES (?,?,?,?,?,?): 60,Identify,false,true,true,true => rowid: 387","v":1}
{"level":30,"time":1589725317843,"pid":31079,"hostname":"localhost.localdomain","msg":"Executed insert: INSERT INTO DEVICE_TYPE_CLUSTER (DEVICE_TYPE_REF, CLUSTER_NAME, INCLUDE_CLIENT, INCLUDE_SERVER, LOCK_CLIENT, LOCK_SERVER) VALUES (?,?,?,?,?,?): 60,Generic Tunnel,false,true,true,true => rowid: 388","v":1}
{"level":30,"time":1589725317843,"pid":31079,"hostname":"localhost.localdomain","msg":"Executed insert: INSERT INTO DEVICE_TYPE_CLUSTER (DEVICE_TYPE_REF, CLUSTER_NAME, INCLUDE_CLIENT, INCLUDE_SERVER, LOCK_CLIENT, LOCK_SERVER) VALUES (?,?,?,?,?,?): 60,11073 Protocol Tunnel,true,true,true,true => rowid: 389","v":1}
{"level":30,"time":1589725317843,"pid":31079,"hostname":"localhost.localdomain","msg":"Executed insert: INSERT INTO DEVICE_TYPE_CLUSTER (DEVICE_TYPE_REF, CLUSTER_NAME, INCLUDE_CLIENT, INCLUDE_SERVER, LOCK_CLIENT, LOCK_SERVER) VALUES (?,?,?,?,?,?): 60,Power Configuration,false,true,true,false => rowid: 390","v":1}
{"level":30,"time":1589725317843,"pid":31079,"hostname":"localhost.localdomain","msg":"Executed insert: INSERT INTO DEVICE_TYPE_CLUSTER (DEVICE_TYPE_REF, CLUSTER_NAME, INCLUDE_CLIENT, INCLUDE_SERVER, LOCK_CLIENT, LOCK_SERVER) VALUES (?,?,?,?,?,?): 60,Alarms,false,true,true,false => rowid: 391","v":1}
{"level":30,"time":1589725317843,"pid":31079,"hostname":"localhost.localdomain","msg":"Executed insert: INSERT INTO DEVICE_TYPE_CLUSTER (DEVICE_TYPE_REF, CLUSTER_NAME, INCLUDE_CLIENT, INCLUDE_SERVER, LOCK_CLIENT, LOCK_SERVER) VALUES (?,?,?,?,?,?): 60,Time,false,true,true,false => rowid: 392","v":1}
{"level":30,"time":1589725317844,"pid":31079,"hostname":"localhost.localdomain","msg":"Preparing statement: INSERT INTO DEVICE_TYPE_ATTRIBUTE (DEVICE_TYPE_CLUSTER_REF, ATTRIBUTE_NAME) VALUES (?, ?) to insert 0 records.","v":1}
{"level":30,"time":1589725317844,"pid":31079,"hostname":"localhost.localdomain","msg":"Preparing statement: INSERT INTO DEVICE_TYPE_COMMAND (DEVICE_TYPE_CLUSTER_REF, COMMAND_NAME) VALUES (?, ?) to insert 0 records.","v":1}
{"level":30,"time":1589725317844,"pid":31079,"hostname":"localhost.localdomain","msg":"Executed insert: INSERT INTO DEVICE_TYPE_CLUSTER (DEVICE_TYPE_REF, CLUSTER_NAME, INCLUDE_CLIENT, INCLUDE_SERVER, LOCK_CLIENT, LOCK_SERVER) VALUES (?,?,?,?,?,?): 65,Basic,false,true,true,true => rowid: 393","v":1}
{"level":30,"time":1589725317844,"pid":31079,"hostname":"localhost.localdomain","msg":"Executed insert: INSERT INTO DEVICE_TYPE_CLUSTER (DEVICE_TYPE_REF, CLUSTER_NAME, INCLUDE_CLIENT, INCLUDE_SERVER, LOCK_CLIENT, LOCK_SERVER) VALUES (?,?,?,?,?,?): 65,Identify,false,true,true,true => rowid: 394","v":1}
{"level":30,"time":1589725317844,"pid":31079,"hostname":"localhost.localdomain","msg":"Executed insert: INSERT INTO DEVICE_TYPE_CLUSTER (DEVICE_TYPE_REF, CLUSTER_NAME, INCLUDE_CLIENT, INCLUDE_SERVER, LOCK_CLIENT, LOCK_SERVER) VALUES (?,?,?,?,?,?): 65,Generic Tunnel,false,true,true,true => rowid: 395","v":1}
{"level":30,"time":1589725317844,"pid":31079,"hostname":"localhost.localdomain","msg":"Executed insert: INSERT INTO DEVICE_TYPE_CLUSTER (DEVICE_TYPE_REF, CLUSTER_NAME, INCLUDE_CLIENT, INCLUDE_SERVER, LOCK_CLIENT, LOCK_SERVER) VALUES (?,?,?,?,?,?): 65,11073 Protocol Tunnel,true,true,true,true => rowid: 396","v":1}
{"level":30,"time":1589725317844,"pid":31079,"hostname":"localhost.localdomain","msg":"Executed insert: INSERT INTO DEVICE_TYPE_CLUSTER (DEVICE_TYPE_REF, CLUSTER_NAME, INCLUDE_CLIENT, INCLUDE_SERVER, LOCK_CLIENT, LOCK_SERVER) VALUES (?,?,?,?,?,?): 65,Power Configuration,false,true,true,false => rowid: 397","v":1}
{"level":30,"time":1589725317844,"pid":31079,"hostname":"localhost.localdomain","msg":"Executed insert: INSERT INTO DEVICE_TYPE_CLUSTER (DEVICE_TYPE_REF, CLUSTER_NAME, INCLUDE_CLIENT, INCLUDE_SERVER, LOCK_CLIENT, LOCK_SERVER) VALUES (?,?,?,?,?,?): 65,Alarms,false,true,true,false => rowid: 398","v":1}
{"level":30,"time":1589725317844,"pid":31079,"hostname":"localhost.localdomain","msg":"Executed insert: INSERT INTO DEVICE_TYPE_CLUSTER (DEVICE_TYPE_REF, CLUSTER_NAME, INCLUDE_CLIENT, INCLUDE_SERVER, LOCK_CLIENT, LOCK_SERVER) VALUES (?,?,?,?,?,?): 65,Time,false,true,true,false => rowid: 399","v":1}
{"level":30,"time":1589725317844,"pid":31079,"hostname":"localhost.localdomain","msg":"Preparing statement: INSERT INTO DEVICE_TYPE_ATTRIBUTE (DEVICE_TYPE_CLUSTER_REF, ATTRIBUTE_NAME) VALUES (?, ?) to insert 0 records.","v":1}
{"level":30,"time":1589725317844,"pid":31079,"hostname":"localhost.localdomain","msg":"Preparing statement: INSERT INTO DEVICE_TYPE_COMMAND (DEVICE_TYPE_CLUSTER_REF, COMMAND_NAME) VALUES (?, ?) to insert 0 records.","v":1}
{"level":30,"time":1589725317844,"pid":31079,"hostname":"localhost.localdomain","msg":"Executed insert: INSERT INTO DEVICE_TYPE_CLUSTER (DEVICE_TYPE_REF, CLUSTER_NAME, INCLUDE_CLIENT, INCLUDE_SERVER, LOCK_CLIENT, LOCK_SERVER) VALUES (?,?,?,?,?,?): 70,Basic,false,true,true,true => rowid: 400","v":1}
{"level":30,"time":1589725317844,"pid":31079,"hostname":"localhost.localdomain","msg":"Executed insert: INSERT INTO DEVICE_TYPE_CLUSTER (DEVICE_TYPE_REF, CLUSTER_NAME, INCLUDE_CLIENT, INCLUDE_SERVER, LOCK_CLIENT, LOCK_SERVER) VALUES (?,?,?,?,?,?): 70,Identify,false,true,true,true => rowid: 401","v":1}
{"level":30,"time":1589725317845,"pid":31079,"hostname":"localhost.localdomain","msg":"Executed insert: INSERT INTO DEVICE_TYPE_CLUSTER (DEVICE_TYPE_REF, CLUSTER_NAME, INCLUDE_CLIENT, INCLUDE_SERVER, LOCK_CLIENT, LOCK_SERVER) VALUES (?,?,?,?,?,?): 70,Generic Tunnel,false,true,true,true => rowid: 402","v":1}
{"level":30,"time":1589725317845,"pid":31079,"hostname":"localhost.localdomain","msg":"Executed insert: INSERT INTO DEVICE_TYPE_CLUSTER (DEVICE_TYPE_REF, CLUSTER_NAME, INCLUDE_CLIENT, INCLUDE_SERVER, LOCK_CLIENT, LOCK_SERVER) VALUES (?,?,?,?,?,?): 70,11073 Protocol Tunnel,true,true,true,true => rowid: 403","v":1}
{"level":30,"time":1589725317845,"pid":31079,"hostname":"localhost.localdomain","msg":"Executed insert: INSERT INTO DEVICE_TYPE_CLUSTER (DEVICE_TYPE_REF, CLUSTER_NAME, INCLUDE_CLIENT, INCLUDE_SERVER, LOCK_CLIENT, LOCK_SERVER) VALUES (?,?,?,?,?,?): 70,Power Configuration,false,true,true,false => rowid: 404","v":1}
{"level":30,"time":1589725317845,"pid":31079,"hostname":"localhost.localdomain","msg":"Executed insert: INSERT INTO DEVICE_TYPE_CLUSTER (DEVICE_TYPE_REF, CLUSTER_NAME, INCLUDE_CLIENT, INCLUDE_SERVER, LOCK_CLIENT, LOCK_SERVER) VALUES (?,?,?,?,?,?): 70,Alarms,false,true,true,false => rowid: 405","v":1}
{"level":30,"time":1589725317845,"pid":31079,"hostname":"localhost.localdomain","msg":"Executed insert: INSERT INTO DEVICE_TYPE_CLUSTER (DEVICE_TYPE_REF, CLUSTER_NAME, INCLUDE_CLIENT, INCLUDE_SERVER, LOCK_CLIENT, LOCK_SERVER) VALUES (?,?,?,?,?,?): 70,Time,false,true,true,false => rowid: 406","v":1}
{"level":30,"time":1589725317845,"pid":31079,"hostname":"localhost.localdomain","msg":"Preparing statement: INSERT INTO DEVICE_TYPE_ATTRIBUTE (DEVICE_TYPE_CLUSTER_REF, ATTRIBUTE_NAME) VALUES (?, ?) to insert 0 records.","v":1}
{"level":30,"time":1589725317845,"pid":31079,"hostname":"localhost.localdomain","msg":"Preparing statement: INSERT INTO DEVICE_TYPE_COMMAND (DEVICE_TYPE_CLUSTER_REF, COMMAND_NAME) VALUES (?, ?) to insert 0 records.","v":1}
{"level":30,"time":1589725317845,"pid":31079,"hostname":"localhost.localdomain","msg":"Executed insert: INSERT INTO DEVICE_TYPE_CLUSTER (DEVICE_TYPE_REF, CLUSTER_NAME, INCLUDE_CLIENT, INCLUDE_SERVER, LOCK_CLIENT, LOCK_SERVER) VALUES (?,?,?,?,?,?): 75,Basic,false,true,true,true => rowid: 407","v":1}
{"level":30,"time":1589725317845,"pid":31079,"hostname":"localhost.localdomain","msg":"Executed insert: INSERT INTO DEVICE_TYPE_CLUSTER (DEVICE_TYPE_REF, CLUSTER_NAME, INCLUDE_CLIENT, INCLUDE_SERVER, LOCK_CLIENT, LOCK_SERVER) VALUES (?,?,?,?,?,?): 75,Identify,false,true,true,true => rowid: 408","v":1}
{"level":30,"time":1589725317845,"pid":31079,"hostname":"localhost.localdomain","msg":"Executed insert: INSERT INTO DEVICE_TYPE_CLUSTER (DEVICE_TYPE_REF, CLUSTER_NAME, INCLUDE_CLIENT, INCLUDE_SERVER, LOCK_CLIENT, LOCK_SERVER) VALUES (?,?,?,?,?,?): 75,Generic Tunnel,false,true,true,true => rowid: 409","v":1}
{"level":30,"time":1589725317845,"pid":31079,"hostname":"localhost.localdomain","msg":"Executed insert: INSERT INTO DEVICE_TYPE_CLUSTER (DEVICE_TYPE_REF, CLUSTER_NAME, INCLUDE_CLIENT, INCLUDE_SERVER, LOCK_CLIENT, LOCK_SERVER) VALUES (?,?,?,?,?,?): 75,11073 Protocol Tunnel,true,true,true,true => rowid: 410","v":1}
{"level":30,"time":1589725317845,"pid":31079,"hostname":"localhost.localdomain","msg":"Executed insert: INSERT INTO DEVICE_TYPE_CLUSTER (DEVICE_TYPE_REF, CLUSTER_NAME, INCLUDE_CLIENT, INCLUDE_SERVER, LOCK_CLIENT, LOCK_SERVER) VALUES (?,?,?,?,?,?): 75,Power Configuration,false,true,true,false => rowid: 411","v":1}
{"level":30,"time":1589725317845,"pid":31079,"hostname":"localhost.localdomain","msg":"Executed insert: INSERT INTO DEVICE_TYPE_CLUSTER (DEVICE_TYPE_REF, CLUSTER_NAME, INCLUDE_CLIENT, INCLUDE_SERVER, LOCK_CLIENT, LOCK_SERVER) VALUES (?,?,?,?,?,?): 75,Alarms,false,true,true,false => rowid: 412","v":1}
{"level":30,"time":1589725317845,"pid":31079,"hostname":"localhost.localdomain","msg":"Executed insert: INSERT INTO DEVICE_TYPE_CLUSTER (DEVICE_TYPE_REF, CLUSTER_NAME, INCLUDE_CLIENT, INCLUDE_SERVER, LOCK_CLIENT, LOCK_SERVER) VALUES (?,?,?,?,?,?): 75,Time,false,true,true,false => rowid: 413","v":1}
{"level":30,"time":1589725317845,"pid":31079,"hostname":"localhost.localdomain","msg":"Preparing statement: INSERT INTO DEVICE_TYPE_ATTRIBUTE (DEVICE_TYPE_CLUSTER_REF, ATTRIBUTE_NAME) VALUES (?, ?) to insert 0 records.","v":1}
{"level":30,"time":1589725317846,"pid":31079,"hostname":"localhost.localdomain","msg":"Preparing statement: INSERT INTO DEVICE_TYPE_COMMAND (DEVICE_TYPE_CLUSTER_REF, COMMAND_NAME) VALUES (?, ?) to insert 0 records.","v":1}
{"level":30,"time":1589725317846,"pid":31079,"hostname":"localhost.localdomain","msg":"Executed insert: INSERT INTO DEVICE_TYPE_CLUSTER (DEVICE_TYPE_REF, CLUSTER_NAME, INCLUDE_CLIENT, INCLUDE_SERVER, LOCK_CLIENT, LOCK_SERVER) VALUES (?,?,?,?,?,?): 80,Basic,false,true,true,true => rowid: 414","v":1}
{"level":30,"time":1589725317846,"pid":31079,"hostname":"localhost.localdomain","msg":"Executed insert: INSERT INTO DEVICE_TYPE_CLUSTER (DEVICE_TYPE_REF, CLUSTER_NAME, INCLUDE_CLIENT, INCLUDE_SERVER, LOCK_CLIENT, LOCK_SERVER) VALUES (?,?,?,?,?,?): 80,Identify,false,true,true,true => rowid: 415","v":1}
{"level":30,"time":1589725317846,"pid":31079,"hostname":"localhost.localdomain","msg":"Executed insert: INSERT INTO DEVICE_TYPE_CLUSTER (DEVICE_TYPE_REF, CLUSTER_NAME, INCLUDE_CLIENT, INCLUDE_SERVER, LOCK_CLIENT, LOCK_SERVER) VALUES (?,?,?,?,?,?): 80,Generic Tunnel,false,true,true,true => rowid: 416","v":1}
{"level":30,"time":1589725317846,"pid":31079,"hostname":"localhost.localdomain","msg":"Executed insert: INSERT INTO DEVICE_TYPE_CLUSTER (DEVICE_TYPE_REF, CLUSTER_NAME, INCLUDE_CLIENT, INCLUDE_SERVER, LOCK_CLIENT, LOCK_SERVER) VALUES (?,?,?,?,?,?): 80,11073 Protocol Tunnel,true,true,true,true => rowid: 417","v":1}
{"level":30,"time":1589725317846,"pid":31079,"hostname":"localhost.localdomain","msg":"Executed insert: INSERT INTO DEVICE_TYPE_CLUSTER (DEVICE_TYPE_REF, CLUSTER_NAME, INCLUDE_CLIENT, INCLUDE_SERVER, LOCK_CLIENT, LOCK_SERVER) VALUES (?,?,?,?,?,?): 80,Power Configuration,false,true,true,false => rowid: 418","v":1}
{"level":30,"time":1589725317846,"pid":31079,"hostname":"localhost.localdomain","msg":"Executed insert: INSERT INTO DEVICE_TYPE_CLUSTER (DEVICE_TYPE_REF, CLUSTER_NAME, INCLUDE_CLIENT, INCLUDE_SERVER, LOCK_CLIENT, LOCK_SERVER) VALUES (?,?,?,?,?,?): 80,Alarms,false,true,true,false => rowid: 419","v":1}
{"level":30,"time":1589725317846,"pid":31079,"hostname":"localhost.localdomain","msg":"Executed insert: INSERT INTO DEVICE_TYPE_CLUSTER (DEVICE_TYPE_REF, CLUSTER_NAME, INCLUDE_CLIENT, INCLUDE_SERVER, LOCK_CLIENT, LOCK_SERVER) VALUES (?,?,?,?,?,?): 80,Time,false,true,true,false => rowid: 420","v":1}
{"level":30,"time":1589725317846,"pid":31079,"hostname":"localhost.localdomain","msg":"Preparing statement: INSERT INTO DEVICE_TYPE_ATTRIBUTE (DEVICE_TYPE_CLUSTER_REF, ATTRIBUTE_NAME) VALUES (?, ?) to insert 0 records.","v":1}
{"level":30,"time":1589725317846,"pid":31079,"hostname":"localhost.localdomain","msg":"Preparing statement: INSERT INTO DEVICE_TYPE_COMMAND (DEVICE_TYPE_CLUSTER_REF, COMMAND_NAME) VALUES (?, ?) to insert 0 records.","v":1}
{"level":30,"time":1589725317846,"pid":31079,"hostname":"localhost.localdomain","msg":"Executed insert: INSERT INTO DEVICE_TYPE_CLUSTER (DEVICE_TYPE_REF, CLUSTER_NAME, INCLUDE_CLIENT, INCLUDE_SERVER, LOCK_CLIENT, LOCK_SERVER) VALUES (?,?,?,?,?,?): 85,Basic,false,true,true,true => rowid: 421","v":1}
{"level":30,"time":1589725317846,"pid":31079,"hostname":"localhost.localdomain","msg":"Executed insert: INSERT INTO DEVICE_TYPE_CLUSTER (DEVICE_TYPE_REF, CLUSTER_NAME, INCLUDE_CLIENT, INCLUDE_SERVER, LOCK_CLIENT, LOCK_SERVER) VALUES (?,?,?,?,?,?): 85,Identify,false,true,true,true => rowid: 422","v":1}
{"level":30,"time":1589725317846,"pid":31079,"hostname":"localhost.localdomain","msg":"Executed insert: INSERT INTO DEVICE_TYPE_CLUSTER (DEVICE_TYPE_REF, CLUSTER_NAME, INCLUDE_CLIENT, INCLUDE_SERVER, LOCK_CLIENT, LOCK_SERVER) VALUES (?,?,?,?,?,?): 85,Generic Tunnel,false,true,true,true => rowid: 423","v":1}
{"level":30,"time":1589725317846,"pid":31079,"hostname":"localhost.localdomain","msg":"Executed insert: INSERT INTO DEVICE_TYPE_CLUSTER (DEVICE_TYPE_REF, CLUSTER_NAME, INCLUDE_CLIENT, INCLUDE_SERVER, LOCK_CLIENT, LOCK_SERVER) VALUES (?,?,?,?,?,?): 85,11073 Protocol Tunnel,true,true,true,true => rowid: 424","v":1}
{"level":30,"time":1589725317846,"pid":31079,"hostname":"localhost.localdomain","msg":"Executed insert: INSERT INTO DEVICE_TYPE_CLUSTER (DEVICE_TYPE_REF, CLUSTER_NAME, INCLUDE_CLIENT, INCLUDE_SERVER, LOCK_CLIENT, LOCK_SERVER) VALUES (?,?,?,?,?,?): 85,Power Configuration,false,true,true,false => rowid: 425","v":1}
{"level":30,"time":1589725317846,"pid":31079,"hostname":"localhost.localdomain","msg":"Executed insert: INSERT INTO DEVICE_TYPE_CLUSTER (DEVICE_TYPE_REF, CLUSTER_NAME, INCLUDE_CLIENT, INCLUDE_SERVER, LOCK_CLIENT, LOCK_SERVER) VALUES (?,?,?,?,?,?): 85,Alarms,false,true,true,false => rowid: 426","v":1}
{"level":30,"time":1589725317847,"pid":31079,"hostname":"localhost.localdomain","msg":"Executed insert: INSERT INTO DEVICE_TYPE_CLUSTER (DEVICE_TYPE_REF, CLUSTER_NAME, INCLUDE_CLIENT, INCLUDE_SERVER, LOCK_CLIENT, LOCK_SERVER) VALUES (?,?,?,?,?,?): 85,Time,false,true,true,false => rowid: 427","v":1}
{"level":30,"time":1589725317847,"pid":31079,"hostname":"localhost.localdomain","msg":"Preparing statement: INSERT INTO DEVICE_TYPE_ATTRIBUTE (DEVICE_TYPE_CLUSTER_REF, ATTRIBUTE_NAME) VALUES (?, ?) to insert 0 records.","v":1}
{"level":30,"time":1589725317847,"pid":31079,"hostname":"localhost.localdomain","msg":"Preparing statement: INSERT INTO DEVICE_TYPE_COMMAND (DEVICE_TYPE_CLUSTER_REF, COMMAND_NAME) VALUES (?, ?) to insert 0 records.","v":1}
{"level":30,"time":1589725317847,"pid":31079,"hostname":"localhost.localdomain","msg":"Executed insert: INSERT INTO DEVICE_TYPE_CLUSTER (DEVICE_TYPE_REF, CLUSTER_NAME, INCLUDE_CLIENT, INCLUDE_SERVER, LOCK_CLIENT, LOCK_SERVER) VALUES (?,?,?,?,?,?): 89,Basic,false,true,true,true => rowid: 428","v":1}
{"level":30,"time":1589725317847,"pid":31079,"hostname":"localhost.localdomain","msg":"Executed insert: INSERT INTO DEVICE_TYPE_CLUSTER (DEVICE_TYPE_REF, CLUSTER_NAME, INCLUDE_CLIENT, INCLUDE_SERVER, LOCK_CLIENT, LOCK_SERVER) VALUES (?,?,?,?,?,?): 89,Identify,false,true,true,true => rowid: 429","v":1}
{"level":30,"time":1589725317847,"pid":31079,"hostname":"localhost.localdomain","msg":"Executed insert: INSERT INTO DEVICE_TYPE_CLUSTER (DEVICE_TYPE_REF, CLUSTER_NAME, INCLUDE_CLIENT, INCLUDE_SERVER, LOCK_CLIENT, LOCK_SERVER) VALUES (?,?,?,?,?,?): 89,Generic Tunnel,false,true,true,true => rowid: 430","v":1}
{"level":30,"time":1589725317847,"pid":31079,"hostname":"localhost.localdomain","msg":"Executed insert: INSERT INTO DEVICE_TYPE_CLUSTER (DEVICE_TYPE_REF, CLUSTER_NAME, INCLUDE_CLIENT, INCLUDE_SERVER, LOCK_CLIENT, LOCK_SERVER) VALUES (?,?,?,?,?,?): 89,11073 Protocol Tunnel,true,true,true,true => rowid: 431","v":1}
{"level":30,"time":1589725317847,"pid":31079,"hostname":"localhost.localdomain","msg":"Executed insert: INSERT INTO DEVICE_TYPE_CLUSTER (DEVICE_TYPE_REF, CLUSTER_NAME, INCLUDE_CLIENT, INCLUDE_SERVER, LOCK_CLIENT, LOCK_SERVER) VALUES (?,?,?,?,?,?): 89,Power Configuration,false,true,true,false => rowid: 432","v":1}
{"level":30,"time":1589725317847,"pid":31079,"hostname":"localhost.localdomain","msg":"Executed insert: INSERT INTO DEVICE_TYPE_CLUSTER (DEVICE_TYPE_REF, CLUSTER_NAME, INCLUDE_CLIENT, INCLUDE_SERVER, LOCK_CLIENT, LOCK_SERVER) VALUES (?,?,?,?,?,?): 89,Alarms,false,true,true,false => rowid: 433","v":1}
{"level":30,"time":1589725317847,"pid":31079,"hostname":"localhost.localdomain","msg":"Executed insert: INSERT INTO DEVICE_TYPE_CLUSTER (DEVICE_TYPE_REF, CLUSTER_NAME, INCLUDE_CLIENT, INCLUDE_SERVER, LOCK_CLIENT, LOCK_SERVER) VALUES (?,?,?,?,?,?): 89,Time,false,true,true,false => rowid: 434","v":1}
{"level":30,"time":1589725317847,"pid":31079,"hostname":"localhost.localdomain","msg":"Preparing statement: INSERT INTO DEVICE_TYPE_ATTRIBUTE (DEVICE_TYPE_CLUSTER_REF, ATTRIBUTE_NAME) VALUES (?, ?) to insert 0 records.","v":1}
{"level":30,"time":1589725317847,"pid":31079,"hostname":"localhost.localdomain","msg":"Preparing statement: INSERT INTO DEVICE_TYPE_COMMAND (DEVICE_TYPE_CLUSTER_REF, COMMAND_NAME) VALUES (?, ?) to insert 0 records.","v":1}
{"level":30,"time":1589725317847,"pid":31079,"hostname":"localhost.localdomain","msg":"Executed insert: INSERT INTO DEVICE_TYPE_CLUSTER (DEVICE_TYPE_REF, CLUSTER_NAME, INCLUDE_CLIENT, INCLUDE_SERVER, LOCK_CLIENT, LOCK_SERVER) VALUES (?,?,?,?,?,?): 93,Basic,false,true,true,true => rowid: 435","v":1}
{"level":30,"time":1589725317847,"pid":31079,"hostname":"localhost.localdomain","msg":"Executed insert: INSERT INTO DEVICE_TYPE_CLUSTER (DEVICE_TYPE_REF, CLUSTER_NAME, INCLUDE_CLIENT, INCLUDE_SERVER, LOCK_CLIENT, LOCK_SERVER) VALUES (?,?,?,?,?,?): 93,Identify,false,true,true,true => rowid: 436","v":1}
{"level":30,"time":1589725317848,"pid":31079,"hostname":"localhost.localdomain","msg":"Executed insert: INSERT INTO DEVICE_TYPE_CLUSTER (DEVICE_TYPE_REF, CLUSTER_NAME, INCLUDE_CLIENT, INCLUDE_SERVER, LOCK_CLIENT, LOCK_SERVER) VALUES (?,?,?,?,?,?): 93,Generic Tunnel,false,true,true,true => rowid: 437","v":1}
{"level":30,"time":1589725317848,"pid":31079,"hostname":"localhost.localdomain","msg":"Executed insert: INSERT INTO DEVICE_TYPE_CLUSTER (DEVICE_TYPE_REF, CLUSTER_NAME, INCLUDE_CLIENT, INCLUDE_SERVER, LOCK_CLIENT, LOCK_SERVER) VALUES (?,?,?,?,?,?): 93,11073 Protocol Tunnel,true,true,true,true => rowid: 438","v":1}
{"level":30,"time":1589725317848,"pid":31079,"hostname":"localhost.localdomain","msg":"Executed insert: INSERT INTO DEVICE_TYPE_CLUSTER (DEVICE_TYPE_REF, CLUSTER_NAME, INCLUDE_CLIENT, INCLUDE_SERVER, LOCK_CLIENT, LOCK_SERVER) VALUES (?,?,?,?,?,?): 93,Power Configuration,false,true,true,false => rowid: 439","v":1}
{"level":30,"time":1589725317848,"pid":31079,"hostname":"localhost.localdomain","msg":"Executed insert: INSERT INTO DEVICE_TYPE_CLUSTER (DEVICE_TYPE_REF, CLUSTER_NAME, INCLUDE_CLIENT, INCLUDE_SERVER, LOCK_CLIENT, LOCK_SERVER) VALUES (?,?,?,?,?,?): 93,Alarms,false,true,true,false => rowid: 440","v":1}
{"level":30,"time":1589725317848,"pid":31079,"hostname":"localhost.localdomain","msg":"Executed insert: INSERT INTO DEVICE_TYPE_CLUSTER (DEVICE_TYPE_REF, CLUSTER_NAME, INCLUDE_CLIENT, INCLUDE_SERVER, LOCK_CLIENT, LOCK_SERVER) VALUES (?,?,?,?,?,?): 93,Time,false,true,true,false => rowid: 441","v":1}
{"level":30,"time":1589725317848,"pid":31079,"hostname":"localhost.localdomain","msg":"Preparing statement: INSERT INTO DEVICE_TYPE_ATTRIBUTE (DEVICE_TYPE_CLUSTER_REF, ATTRIBUTE_NAME) VALUES (?, ?) to insert 0 records.","v":1}
{"level":30,"time":1589725317848,"pid":31079,"hostname":"localhost.localdomain","msg":"Preparing statement: INSERT INTO DEVICE_TYPE_COMMAND (DEVICE_TYPE_CLUSTER_REF, COMMAND_NAME) VALUES (?, ?) to insert 0 records.","v":1}
{"level":30,"time":1589725317848,"pid":31079,"hostname":"localhost.localdomain","msg":"Executed insert: INSERT INTO DEVICE_TYPE_CLUSTER (DEVICE_TYPE_REF, CLUSTER_NAME, INCLUDE_CLIENT, INCLUDE_SERVER, LOCK_CLIENT, LOCK_SERVER) VALUES (?,?,?,?,?,?): 97,Basic,false,true,true,true => rowid: 442","v":1}
{"level":30,"time":1589725317848,"pid":31079,"hostname":"localhost.localdomain","msg":"Executed insert: INSERT INTO DEVICE_TYPE_CLUSTER (DEVICE_TYPE_REF, CLUSTER_NAME, INCLUDE_CLIENT, INCLUDE_SERVER, LOCK_CLIENT, LOCK_SERVER) VALUES (?,?,?,?,?,?): 97,Identify,false,true,true,true => rowid: 443","v":1}
{"level":30,"time":1589725317848,"pid":31079,"hostname":"localhost.localdomain","msg":"Executed insert: INSERT INTO DEVICE_TYPE_CLUSTER (DEVICE_TYPE_REF, CLUSTER_NAME, INCLUDE_CLIENT, INCLUDE_SERVER, LOCK_CLIENT, LOCK_SERVER) VALUES (?,?,?,?,?,?): 97,Generic Tunnel,false,true,true,true => rowid: 444","v":1}
{"level":30,"time":1589725317848,"pid":31079,"hostname":"localhost.localdomain","msg":"Executed insert: INSERT INTO DEVICE_TYPE_CLUSTER (DEVICE_TYPE_REF, CLUSTER_NAME, INCLUDE_CLIENT, INCLUDE_SERVER, LOCK_CLIENT, LOCK_SERVER) VALUES (?,?,?,?,?,?): 97,11073 Protocol Tunnel,true,true,true,true => rowid: 445","v":1}
{"level":30,"time":1589725317848,"pid":31079,"hostname":"localhost.localdomain","msg":"Executed insert: INSERT INTO DEVICE_TYPE_CLUSTER (DEVICE_TYPE_REF, CLUSTER_NAME, INCLUDE_CLIENT, INCLUDE_SERVER, LOCK_CLIENT, LOCK_SERVER) VALUES (?,?,?,?,?,?): 97,Power Configuration,false,true,true,false => rowid: 446","v":1}
{"level":30,"time":1589725317848,"pid":31079,"hostname":"localhost.localdomain","msg":"Executed insert: INSERT INTO DEVICE_TYPE_CLUSTER (DEVICE_TYPE_REF, CLUSTER_NAME, INCLUDE_CLIENT, INCLUDE_SERVER, LOCK_CLIENT, LOCK_SERVER) VALUES (?,?,?,?,?,?): 97,Alarms,false,true,true,false => rowid: 447","v":1}
{"level":30,"time":1589725317848,"pid":31079,"hostname":"localhost.localdomain","msg":"Executed insert: INSERT INTO DEVICE_TYPE_CLUSTER (DEVICE_TYPE_REF, CLUSTER_NAME, INCLUDE_CLIENT, INCLUDE_SERVER, LOCK_CLIENT, LOCK_SERVER) VALUES (?,?,?,?,?,?): 97,Time,false,true,true,false => rowid: 448","v":1}
{"level":30,"time":1589725317848,"pid":31079,"hostname":"localhost.localdomain","msg":"Preparing statement: INSERT INTO DEVICE_TYPE_ATTRIBUTE (DEVICE_TYPE_CLUSTER_REF, ATTRIBUTE_NAME) VALUES (?, ?) to insert 0 records.","v":1}
{"level":30,"time":1589725317848,"pid":31079,"hostname":"localhost.localdomain","msg":"Preparing statement: INSERT INTO DEVICE_TYPE_COMMAND (DEVICE_TYPE_CLUSTER_REF, COMMAND_NAME) VALUES (?, ?) to insert 0 records.","v":1}
{"level":30,"time":1589725317849,"pid":31079,"hostname":"localhost.localdomain","msg":"Executed insert: INSERT INTO DEVICE_TYPE_CLUSTER (DEVICE_TYPE_REF, CLUSTER_NAME, INCLUDE_CLIENT, INCLUDE_SERVER, LOCK_CLIENT, LOCK_SERVER) VALUES (?,?,?,?,?,?): 101,Basic,false,true,true,true => rowid: 449","v":1}
{"level":30,"time":1589725317849,"pid":31079,"hostname":"localhost.localdomain","msg":"Executed insert: INSERT INTO DEVICE_TYPE_CLUSTER (DEVICE_TYPE_REF, CLUSTER_NAME, INCLUDE_CLIENT, INCLUDE_SERVER, LOCK_CLIENT, LOCK_SERVER) VALUES (?,?,?,?,?,?): 101,Identify,false,true,true,true => rowid: 450","v":1}
{"level":30,"time":1589725317849,"pid":31079,"hostname":"localhost.localdomain","msg":"Executed insert: INSERT INTO DEVICE_TYPE_CLUSTER (DEVICE_TYPE_REF, CLUSTER_NAME, INCLUDE_CLIENT, INCLUDE_SERVER, LOCK_CLIENT, LOCK_SERVER) VALUES (?,?,?,?,?,?): 101,Generic Tunnel,false,true,true,true => rowid: 451","v":1}
{"level":30,"time":1589725317849,"pid":31079,"hostname":"localhost.localdomain","msg":"Executed insert: INSERT INTO DEVICE_TYPE_CLUSTER (DEVICE_TYPE_REF, CLUSTER_NAME, INCLUDE_CLIENT, INCLUDE_SERVER, LOCK_CLIENT, LOCK_SERVER) VALUES (?,?,?,?,?,?): 101,11073 Protocol Tunnel,true,true,true,true => rowid: 452","v":1}
{"level":30,"time":1589725317849,"pid":31079,"hostname":"localhost.localdomain","msg":"Executed insert: INSERT INTO DEVICE_TYPE_CLUSTER (DEVICE_TYPE_REF, CLUSTER_NAME, INCLUDE_CLIENT, INCLUDE_SERVER, LOCK_CLIENT, LOCK_SERVER) VALUES (?,?,?,?,?,?): 101,Power Configuration,false,true,true,false => rowid: 453","v":1}
{"level":30,"time":1589725317849,"pid":31079,"hostname":"localhost.localdomain","msg":"Executed insert: INSERT INTO DEVICE_TYPE_CLUSTER (DEVICE_TYPE_REF, CLUSTER_NAME, INCLUDE_CLIENT, INCLUDE_SERVER, LOCK_CLIENT, LOCK_SERVER) VALUES (?,?,?,?,?,?): 101,Alarms,false,true,true,false => rowid: 454","v":1}
{"level":30,"time":1589725317849,"pid":31079,"hostname":"localhost.localdomain","msg":"Executed insert: INSERT INTO DEVICE_TYPE_CLUSTER (DEVICE_TYPE_REF, CLUSTER_NAME, INCLUDE_CLIENT, INCLUDE_SERVER, LOCK_CLIENT, LOCK_SERVER) VALUES (?,?,?,?,?,?): 101,Time,false,true,true,false => rowid: 455","v":1}
{"level":30,"time":1589725317849,"pid":31079,"hostname":"localhost.localdomain","msg":"Preparing statement: INSERT INTO DEVICE_TYPE_ATTRIBUTE (DEVICE_TYPE_CLUSTER_REF, ATTRIBUTE_NAME) VALUES (?, ?) to insert 0 records.","v":1}
{"level":30,"time":1589725317850,"pid":31079,"hostname":"localhost.localdomain","msg":"Preparing statement: INSERT INTO DEVICE_TYPE_COMMAND (DEVICE_TYPE_CLUSTER_REF, COMMAND_NAME) VALUES (?, ?) to insert 0 records.","v":1}
{"level":30,"time":1589725317850,"pid":31079,"hostname":"localhost.localdomain","msg":"Executed insert: INSERT INTO DEVICE_TYPE_CLUSTER (DEVICE_TYPE_REF, CLUSTER_NAME, INCLUDE_CLIENT, INCLUDE_SERVER, LOCK_CLIENT, LOCK_SERVER) VALUES (?,?,?,?,?,?): 105,Basic,false,true,true,true => rowid: 456","v":1}
{"level":30,"time":1589725317850,"pid":31079,"hostname":"localhost.localdomain","msg":"Executed insert: INSERT INTO DEVICE_TYPE_CLUSTER (DEVICE_TYPE_REF, CLUSTER_NAME, INCLUDE_CLIENT, INCLUDE_SERVER, LOCK_CLIENT, LOCK_SERVER) VALUES (?,?,?,?,?,?): 105,Identify,false,true,true,true => rowid: 457","v":1}
{"level":30,"time":1589725317850,"pid":31079,"hostname":"localhost.localdomain","msg":"Executed insert: INSERT INTO DEVICE_TYPE_CLUSTER (DEVICE_TYPE_REF, CLUSTER_NAME, INCLUDE_CLIENT, INCLUDE_SERVER, LOCK_CLIENT, LOCK_SERVER) VALUES (?,?,?,?,?,?): 105,Generic Tunnel,false,true,true,true => rowid: 458","v":1}
{"level":30,"time":1589725317850,"pid":31079,"hostname":"localhost.localdomain","msg":"Executed insert: INSERT INTO DEVICE_TYPE_CLUSTER (DEVICE_TYPE_REF, CLUSTER_NAME, INCLUDE_CLIENT, INCLUDE_SERVER, LOCK_CLIENT, LOCK_SERVER) VALUES (?,?,?,?,?,?): 105,11073 Protocol Tunnel,true,true,true,true => rowid: 459","v":1}
{"level":30,"time":1589725317850,"pid":31079,"hostname":"localhost.localdomain","msg":"Executed insert: INSERT INTO DEVICE_TYPE_CLUSTER (DEVICE_TYPE_REF, CLUSTER_NAME, INCLUDE_CLIENT, INCLUDE_SERVER, LOCK_CLIENT, LOCK_SERVER) VALUES (?,?,?,?,?,?): 105,Power Configuration,false,true,true,false => rowid: 460","v":1}
{"level":30,"time":1589725317850,"pid":31079,"hostname":"localhost.localdomain","msg":"Executed insert: INSERT INTO DEVICE_TYPE_CLUSTER (DEVICE_TYPE_REF, CLUSTER_NAME, INCLUDE_CLIENT, INCLUDE_SERVER, LOCK_CLIENT, LOCK_SERVER) VALUES (?,?,?,?,?,?): 105,Alarms,false,true,true,false => rowid: 461","v":1}
{"level":30,"time":1589725317850,"pid":31079,"hostname":"localhost.localdomain","msg":"Executed insert: INSERT INTO DEVICE_TYPE_CLUSTER (DEVICE_TYPE_REF, CLUSTER_NAME, INCLUDE_CLIENT, INCLUDE_SERVER, LOCK_CLIENT, LOCK_SERVER) VALUES (?,?,?,?,?,?): 105,Time,false,true,true,false => rowid: 462","v":1}
{"level":30,"time":1589725317850,"pid":31079,"hostname":"localhost.localdomain","msg":"Preparing statement: INSERT INTO DEVICE_TYPE_ATTRIBUTE (DEVICE_TYPE_CLUSTER_REF, ATTRIBUTE_NAME) VALUES (?, ?) to insert 0 records.","v":1}
{"level":30,"time":1589725317850,"pid":31079,"hostname":"localhost.localdomain","msg":"Preparing statement: INSERT INTO DEVICE_TYPE_COMMAND (DEVICE_TYPE_CLUSTER_REF, COMMAND_NAME) VALUES (?, ?) to insert 0 records.","v":1}
{"level":30,"time":1589725317850,"pid":31079,"hostname":"localhost.localdomain","msg":"Executed insert: INSERT INTO DEVICE_TYPE_CLUSTER (DEVICE_TYPE_REF, CLUSTER_NAME, INCLUDE_CLIENT, INCLUDE_SERVER, LOCK_CLIENT, LOCK_SERVER) VALUES (?,?,?,?,?,?): 109,Basic,false,true,true,true => rowid: 463","v":1}
{"level":30,"time":1589725317850,"pid":31079,"hostname":"localhost.localdomain","msg":"Executed insert: INSERT INTO DEVICE_TYPE_CLUSTER (DEVICE_TYPE_REF, CLUSTER_NAME, INCLUDE_CLIENT, INCLUDE_SERVER, LOCK_CLIENT, LOCK_SERVER) VALUES (?,?,?,?,?,?): 109,Identify,false,true,true,true => rowid: 464","v":1}
{"level":30,"time":1589725317850,"pid":31079,"hostname":"localhost.localdomain","msg":"Executed insert: INSERT INTO DEVICE_TYPE_CLUSTER (DEVICE_TYPE_REF, CLUSTER_NAME, INCLUDE_CLIENT, INCLUDE_SERVER, LOCK_CLIENT, LOCK_SERVER) VALUES (?,?,?,?,?,?): 109,Generic Tunnel,false,true,true,true => rowid: 465","v":1}
{"level":30,"time":1589725317851,"pid":31079,"hostname":"localhost.localdomain","msg":"Executed insert: INSERT INTO DEVICE_TYPE_CLUSTER (DEVICE_TYPE_REF, CLUSTER_NAME, INCLUDE_CLIENT, INCLUDE_SERVER, LOCK_CLIENT, LOCK_SERVER) VALUES (?,?,?,?,?,?): 109,11073 Protocol Tunnel,true,true,true,true => rowid: 466","v":1}
{"level":30,"time":1589725317851,"pid":31079,"hostname":"localhost.localdomain","msg":"Executed insert: INSERT INTO DEVICE_TYPE_CLUSTER (DEVICE_TYPE_REF, CLUSTER_NAME, INCLUDE_CLIENT, INCLUDE_SERVER, LOCK_CLIENT, LOCK_SERVER) VALUES (?,?,?,?,?,?): 109,Power Configuration,false,true,true,false => rowid: 467","v":1}
{"level":30,"time":1589725317851,"pid":31079,"hostname":"localhost.localdomain","msg":"Executed insert: INSERT INTO DEVICE_TYPE_CLUSTER (DEVICE_TYPE_REF, CLUSTER_NAME, INCLUDE_CLIENT, INCLUDE_SERVER, LOCK_CLIENT, LOCK_SERVER) VALUES (?,?,?,?,?,?): 109,Alarms,false,true,true,false => rowid: 468","v":1}
{"level":30,"time":1589725317851,"pid":31079,"hostname":"localhost.localdomain","msg":"Executed insert: INSERT INTO DEVICE_TYPE_CLUSTER (DEVICE_TYPE_REF, CLUSTER_NAME, INCLUDE_CLIENT, INCLUDE_SERVER, LOCK_CLIENT, LOCK_SERVER) VALUES (?,?,?,?,?,?): 109,Time,false,true,true,false => rowid: 469","v":1}
{"level":30,"time":1589725317851,"pid":31079,"hostname":"localhost.localdomain","msg":"Preparing statement: INSERT INTO DEVICE_TYPE_ATTRIBUTE (DEVICE_TYPE_CLUSTER_REF, ATTRIBUTE_NAME) VALUES (?, ?) to insert 0 records.","v":1}
{"level":30,"time":1589725317851,"pid":31079,"hostname":"localhost.localdomain","msg":"Preparing statement: INSERT INTO DEVICE_TYPE_COMMAND (DEVICE_TYPE_CLUSTER_REF, COMMAND_NAME) VALUES (?, ?) to insert 0 records.","v":1}
{"level":30,"time":1589725317851,"pid":31079,"hostname":"localhost.localdomain","msg":"Executed insert: INSERT INTO DEVICE_TYPE_CLUSTER (DEVICE_TYPE_REF, CLUSTER_NAME, INCLUDE_CLIENT, INCLUDE_SERVER, LOCK_CLIENT, LOCK_SERVER) VALUES (?,?,?,?,?,?): 112,Basic,false,true,true,true => rowid: 470","v":1}
{"level":30,"time":1589725317851,"pid":31079,"hostname":"localhost.localdomain","msg":"Executed insert: INSERT INTO DEVICE_TYPE_CLUSTER (DEVICE_TYPE_REF, CLUSTER_NAME, INCLUDE_CLIENT, INCLUDE_SERVER, LOCK_CLIENT, LOCK_SERVER) VALUES (?,?,?,?,?,?): 112,Identify,false,true,true,true => rowid: 471","v":1}
{"level":30,"time":1589725317851,"pid":31079,"hostname":"localhost.localdomain","msg":"Executed insert: INSERT INTO DEVICE_TYPE_CLUSTER (DEVICE_TYPE_REF, CLUSTER_NAME, INCLUDE_CLIENT, INCLUDE_SERVER, LOCK_CLIENT, LOCK_SERVER) VALUES (?,?,?,?,?,?): 112,Generic Tunnel,false,true,true,true => rowid: 472","v":1}
{"level":30,"time":1589725317851,"pid":31079,"hostname":"localhost.localdomain","msg":"Executed insert: INSERT INTO DEVICE_TYPE_CLUSTER (DEVICE_TYPE_REF, CLUSTER_NAME, INCLUDE_CLIENT, INCLUDE_SERVER, LOCK_CLIENT, LOCK_SERVER) VALUES (?,?,?,?,?,?): 112,11073 Protocol Tunnel,true,true,true,true => rowid: 473","v":1}
{"level":30,"time":1589725317851,"pid":31079,"hostname":"localhost.localdomain","msg":"Executed insert: INSERT INTO DEVICE_TYPE_CLUSTER (DEVICE_TYPE_REF, CLUSTER_NAME, INCLUDE_CLIENT, INCLUDE_SERVER, LOCK_CLIENT, LOCK_SERVER) VALUES (?,?,?,?,?,?): 112,Power Configuration,false,true,true,false => rowid: 474","v":1}
{"level":30,"time":1589725317851,"pid":31079,"hostname":"localhost.localdomain","msg":"Executed insert: INSERT INTO DEVICE_TYPE_CLUSTER (DEVICE_TYPE_REF, CLUSTER_NAME, INCLUDE_CLIENT, INCLUDE_SERVER, LOCK_CLIENT, LOCK_SERVER) VALUES (?,?,?,?,?,?): 112,Alarms,false,true,true,false => rowid: 475","v":1}
{"level":30,"time":1589725317851,"pid":31079,"hostname":"localhost.localdomain","msg":"Executed insert: INSERT INTO DEVICE_TYPE_CLUSTER (DEVICE_TYPE_REF, CLUSTER_NAME, INCLUDE_CLIENT, INCLUDE_SERVER, LOCK_CLIENT, LOCK_SERVER) VALUES (?,?,?,?,?,?): 112,Time,false,true,true,false => rowid: 476","v":1}
{"level":30,"time":1589725317852,"pid":31079,"hostname":"localhost.localdomain","msg":"Preparing statement: INSERT INTO DEVICE_TYPE_ATTRIBUTE (DEVICE_TYPE_CLUSTER_REF, ATTRIBUTE_NAME) VALUES (?, ?) to insert 0 records.","v":1}
{"level":30,"time":1589725317852,"pid":31079,"hostname":"localhost.localdomain","msg":"Preparing statement: INSERT INTO DEVICE_TYPE_COMMAND (DEVICE_TYPE_CLUSTER_REF, COMMAND_NAME) VALUES (?, ?) to insert 0 records.","v":1}
{"level":30,"time":1589725317852,"pid":31079,"hostname":"localhost.localdomain","msg":"Executed insert: INSERT INTO DEVICE_TYPE_CLUSTER (DEVICE_TYPE_REF, CLUSTER_NAME, INCLUDE_CLIENT, INCLUDE_SERVER, LOCK_CLIENT, LOCK_SERVER) VALUES (?,?,?,?,?,?): 115,Basic,false,true,true,true => rowid: 477","v":1}
{"level":30,"time":1589725317852,"pid":31079,"hostname":"localhost.localdomain","msg":"Executed insert: INSERT INTO DEVICE_TYPE_CLUSTER (DEVICE_TYPE_REF, CLUSTER_NAME, INCLUDE_CLIENT, INCLUDE_SERVER, LOCK_CLIENT, LOCK_SERVER) VALUES (?,?,?,?,?,?): 115,Identify,false,true,true,true => rowid: 478","v":1}
{"level":30,"time":1589725317852,"pid":31079,"hostname":"localhost.localdomain","msg":"Executed insert: INSERT INTO DEVICE_TYPE_CLUSTER (DEVICE_TYPE_REF, CLUSTER_NAME, INCLUDE_CLIENT, INCLUDE_SERVER, LOCK_CLIENT, LOCK_SERVER) VALUES (?,?,?,?,?,?): 115,Generic Tunnel,false,true,true,true => rowid: 479","v":1}
{"level":30,"time":1589725317852,"pid":31079,"hostname":"localhost.localdomain","msg":"Executed insert: INSERT INTO DEVICE_TYPE_CLUSTER (DEVICE_TYPE_REF, CLUSTER_NAME, INCLUDE_CLIENT, INCLUDE_SERVER, LOCK_CLIENT, LOCK_SERVER) VALUES (?,?,?,?,?,?): 115,11073 Protocol Tunnel,true,true,true,true => rowid: 480","v":1}
{"level":30,"time":1589725317852,"pid":31079,"hostname":"localhost.localdomain","msg":"Executed insert: INSERT INTO DEVICE_TYPE_CLUSTER (DEVICE_TYPE_REF, CLUSTER_NAME, INCLUDE_CLIENT, INCLUDE_SERVER, LOCK_CLIENT, LOCK_SERVER) VALUES (?,?,?,?,?,?): 115,Power Configuration,false,true,true,false => rowid: 481","v":1}
{"level":30,"time":1589725317852,"pid":31079,"hostname":"localhost.localdomain","msg":"Executed insert: INSERT INTO DEVICE_TYPE_CLUSTER (DEVICE_TYPE_REF, CLUSTER_NAME, INCLUDE_CLIENT, INCLUDE_SERVER, LOCK_CLIENT, LOCK_SERVER) VALUES (?,?,?,?,?,?): 115,Alarms,false,true,true,false => rowid: 482","v":1}
{"level":30,"time":1589725317852,"pid":31079,"hostname":"localhost.localdomain","msg":"Executed insert: INSERT INTO DEVICE_TYPE_CLUSTER (DEVICE_TYPE_REF, CLUSTER_NAME, INCLUDE_CLIENT, INCLUDE_SERVER, LOCK_CLIENT, LOCK_SERVER) VALUES (?,?,?,?,?,?): 115,Time,false,true,true,false => rowid: 483","v":1}
{"level":30,"time":1589725317852,"pid":31079,"hostname":"localhost.localdomain","msg":"Preparing statement: INSERT INTO DEVICE_TYPE_ATTRIBUTE (DEVICE_TYPE_CLUSTER_REF, ATTRIBUTE_NAME) VALUES (?, ?) to insert 0 records.","v":1}
{"level":30,"time":1589725317852,"pid":31079,"hostname":"localhost.localdomain","msg":"Preparing statement: INSERT INTO DEVICE_TYPE_COMMAND (DEVICE_TYPE_CLUSTER_REF, COMMAND_NAME) VALUES (?, ?) to insert 0 records.","v":1}
{"level":30,"time":1589725317852,"pid":31079,"hostname":"localhost.localdomain","msg":"Executed insert: INSERT INTO DEVICE_TYPE_CLUSTER (DEVICE_TYPE_REF, CLUSTER_NAME, INCLUDE_CLIENT, INCLUDE_SERVER, LOCK_CLIENT, LOCK_SERVER) VALUES (?,?,?,?,?,?): 118,Basic,false,true,true,true => rowid: 484","v":1}
{"level":30,"time":1589725317852,"pid":31079,"hostname":"localhost.localdomain","msg":"Executed insert: INSERT INTO DEVICE_TYPE_CLUSTER (DEVICE_TYPE_REF, CLUSTER_NAME, INCLUDE_CLIENT, INCLUDE_SERVER, LOCK_CLIENT, LOCK_SERVER) VALUES (?,?,?,?,?,?): 118,Identify,false,true,true,true => rowid: 485","v":1}
{"level":30,"time":1589725317852,"pid":31079,"hostname":"localhost.localdomain","msg":"Executed insert: INSERT INTO DEVICE_TYPE_CLUSTER (DEVICE_TYPE_REF, CLUSTER_NAME, INCLUDE_CLIENT, INCLUDE_SERVER, LOCK_CLIENT, LOCK_SERVER) VALUES (?,?,?,?,?,?): 118,Generic Tunnel,false,true,true,true => rowid: 486","v":1}
{"level":30,"time":1589725317853,"pid":31079,"hostname":"localhost.localdomain","msg":"Executed insert: INSERT INTO DEVICE_TYPE_CLUSTER (DEVICE_TYPE_REF, CLUSTER_NAME, INCLUDE_CLIENT, INCLUDE_SERVER, LOCK_CLIENT, LOCK_SERVER) VALUES (?,?,?,?,?,?): 118,11073 Protocol Tunnel,true,true,true,true => rowid: 487","v":1}
{"level":30,"time":1589725317853,"pid":31079,"hostname":"localhost.localdomain","msg":"Executed insert: INSERT INTO DEVICE_TYPE_CLUSTER (DEVICE_TYPE_REF, CLUSTER_NAME, INCLUDE_CLIENT, INCLUDE_SERVER, LOCK_CLIENT, LOCK_SERVER) VALUES (?,?,?,?,?,?): 118,Power Configuration,false,true,true,false => rowid: 488","v":1}
{"level":30,"time":1589725317853,"pid":31079,"hostname":"localhost.localdomain","msg":"Executed insert: INSERT INTO DEVICE_TYPE_CLUSTER (DEVICE_TYPE_REF, CLUSTER_NAME, INCLUDE_CLIENT, INCLUDE_SERVER, LOCK_CLIENT, LOCK_SERVER) VALUES (?,?,?,?,?,?): 118,Alarms,false,true,true,false => rowid: 489","v":1}
{"level":30,"time":1589725317853,"pid":31079,"hostname":"localhost.localdomain","msg":"Executed insert: INSERT INTO DEVICE_TYPE_CLUSTER (DEVICE_TYPE_REF, CLUSTER_NAME, INCLUDE_CLIENT, INCLUDE_SERVER, LOCK_CLIENT, LOCK_SERVER) VALUES (?,?,?,?,?,?): 118,Time,false,true,true,false => rowid: 490","v":1}
{"level":30,"time":1589725317853,"pid":31079,"hostname":"localhost.localdomain","msg":"Preparing statement: INSERT INTO DEVICE_TYPE_ATTRIBUTE (DEVICE_TYPE_CLUSTER_REF, ATTRIBUTE_NAME) VALUES (?, ?) to insert 0 records.","v":1}
{"level":30,"time":1589725317853,"pid":31079,"hostname":"localhost.localdomain","msg":"Preparing statement: INSERT INTO DEVICE_TYPE_COMMAND (DEVICE_TYPE_CLUSTER_REF, COMMAND_NAME) VALUES (?, ?) to insert 0 records.","v":1}
{"level":30,"time":1589725317853,"pid":31079,"hostname":"localhost.localdomain","msg":"Executed insert: INSERT INTO DEVICE_TYPE_CLUSTER (DEVICE_TYPE_REF, CLUSTER_NAME, INCLUDE_CLIENT, INCLUDE_SERVER, LOCK_CLIENT, LOCK_SERVER) VALUES (?,?,?,?,?,?): 121,Basic,false,true,true,true => rowid: 491","v":1}
{"level":30,"time":1589725317853,"pid":31079,"hostname":"localhost.localdomain","msg":"Executed insert: INSERT INTO DEVICE_TYPE_CLUSTER (DEVICE_TYPE_REF, CLUSTER_NAME, INCLUDE_CLIENT, INCLUDE_SERVER, LOCK_CLIENT, LOCK_SERVER) VALUES (?,?,?,?,?,?): 121,Identify,false,true,true,true => rowid: 492","v":1}
{"level":30,"time":1589725317853,"pid":31079,"hostname":"localhost.localdomain","msg":"Executed insert: INSERT INTO DEVICE_TYPE_CLUSTER (DEVICE_TYPE_REF, CLUSTER_NAME, INCLUDE_CLIENT, INCLUDE_SERVER, LOCK_CLIENT, LOCK_SERVER) VALUES (?,?,?,?,?,?): 121,Generic Tunnel,false,true,true,true => rowid: 493","v":1}
{"level":30,"time":1589725317853,"pid":31079,"hostname":"localhost.localdomain","msg":"Executed insert: INSERT INTO DEVICE_TYPE_CLUSTER (DEVICE_TYPE_REF, CLUSTER_NAME, INCLUDE_CLIENT, INCLUDE_SERVER, LOCK_CLIENT, LOCK_SERVER) VALUES (?,?,?,?,?,?): 121,11073 Protocol Tunnel,true,true,true,true => rowid: 494","v":1}
{"level":30,"time":1589725317853,"pid":31079,"hostname":"localhost.localdomain","msg":"Executed insert: INSERT INTO DEVICE_TYPE_CLUSTER (DEVICE_TYPE_REF, CLUSTER_NAME, INCLUDE_CLIENT, INCLUDE_SERVER, LOCK_CLIENT, LOCK_SERVER) VALUES (?,?,?,?,?,?): 8,Identify,false,true,true,true => rowid: 495","v":1}
{"level":30,"time":1589725317853,"pid":31079,"hostname":"localhost.localdomain","msg":"Preparing statement: INSERT INTO DEVICE_TYPE_ATTRIBUTE (DEVICE_TYPE_CLUSTER_REF, ATTRIBUTE_NAME) VALUES (?, ?) to insert 0 records.","v":1}
{"level":30,"time":1589725317853,"pid":31079,"hostname":"localhost.localdomain","msg":"Preparing statement: INSERT INTO DEVICE_TYPE_COMMAND (DEVICE_TYPE_CLUSTER_REF, COMMAND_NAME) VALUES (?, ?) to insert 0 records.","v":1}
{"level":30,"time":1589725317854,"pid":31079,"hostname":"localhost.localdomain","msg":"Executed insert: INSERT INTO DEVICE_TYPE_CLUSTER (DEVICE_TYPE_REF, CLUSTER_NAME, INCLUDE_CLIENT, INCLUDE_SERVER, LOCK_CLIENT, LOCK_SERVER) VALUES (?,?,?,?,?,?): 121,Alarms,false,true,true,false => rowid: 496","v":1}
{"level":30,"time":1589725317854,"pid":31079,"hostname":"localhost.localdomain","msg":"Executed insert: INSERT INTO DEVICE_TYPE_CLUSTER (DEVICE_TYPE_REF, CLUSTER_NAME, INCLUDE_CLIENT, INCLUDE_SERVER, LOCK_CLIENT, LOCK_SERVER) VALUES (?,?,?,?,?,?): 121,Time,false,true,true,false => rowid: 497","v":1}
{"level":30,"time":1589725317854,"pid":31079,"hostname":"localhost.localdomain","msg":"Executed insert: INSERT INTO DEVICE_TYPE_CLUSTER (DEVICE_TYPE_REF, CLUSTER_NAME, INCLUDE_CLIENT, INCLUDE_SERVER, LOCK_CLIENT, LOCK_SERVER) VALUES (?,?,?,?,?,?): 124,Basic,false,true,true,true => rowid: 498","v":1}
{"level":30,"time":1589725317854,"pid":31079,"hostname":"localhost.localdomain","msg":"Executed insert: INSERT INTO DEVICE_TYPE_CLUSTER (DEVICE_TYPE_REF, CLUSTER_NAME, INCLUDE_CLIENT, INCLUDE_SERVER, LOCK_CLIENT, LOCK_SERVER) VALUES (?,?,?,?,?,?): 124,Identify,false,true,true,true => rowid: 499","v":1}
{"level":30,"time":1589725317856,"pid":31079,"hostname":"localhost.localdomain","msg":"Executed insert: INSERT INTO DEVICE_TYPE_CLUSTER (DEVICE_TYPE_REF, CLUSTER_NAME, INCLUDE_CLIENT, INCLUDE_SERVER, LOCK_CLIENT, LOCK_SERVER) VALUES (?,?,?,?,?,?): 124,Generic Tunnel,false,true,true,true => rowid: 500","v":1}
{"level":30,"time":1589725317857,"pid":31079,"hostname":"localhost.localdomain","msg":"Executed insert: INSERT INTO DEVICE_TYPE_CLUSTER (DEVICE_TYPE_REF, CLUSTER_NAME, INCLUDE_CLIENT, INCLUDE_SERVER, LOCK_CLIENT, LOCK_SERVER) VALUES (?,?,?,?,?,?): 124,11073 Protocol Tunnel,true,true,true,true => rowid: 501","v":1}
{"level":30,"time":1589725317857,"pid":31079,"hostname":"localhost.localdomain","msg":"Executed insert: INSERT INTO DEVICE_TYPE_CLUSTER (DEVICE_TYPE_REF, CLUSTER_NAME, INCLUDE_CLIENT, INCLUDE_SERVER, LOCK_CLIENT, LOCK_SERVER) VALUES (?,?,?,?,?,?): 124,Power Configuration,false,true,true,false => rowid: 502","v":1}
{"level":30,"time":1589725317857,"pid":31079,"hostname":"localhost.localdomain","msg":"Executed insert: INSERT INTO DEVICE_TYPE_CLUSTER (DEVICE_TYPE_REF, CLUSTER_NAME, INCLUDE_CLIENT, INCLUDE_SERVER, LOCK_CLIENT, LOCK_SERVER) VALUES (?,?,?,?,?,?): 124,Alarms,false,true,true,false => rowid: 503","v":1}
{"level":30,"time":1589725317857,"pid":31079,"hostname":"localhost.localdomain","msg":"Executed insert: INSERT INTO DEVICE_TYPE_CLUSTER (DEVICE_TYPE_REF, CLUSTER_NAME, INCLUDE_CLIENT, INCLUDE_SERVER, LOCK_CLIENT, LOCK_SERVER) VALUES (?,?,?,?,?,?): 124,Time,false,true,true,false => rowid: 504","v":1}
{"level":30,"time":1589725317857,"pid":31079,"hostname":"localhost.localdomain","msg":"Preparing statement: INSERT INTO DEVICE_TYPE_ATTRIBUTE (DEVICE_TYPE_CLUSTER_REF, ATTRIBUTE_NAME) VALUES (?, ?) to insert 0 records.","v":1}
{"level":30,"time":1589725317857,"pid":31079,"hostname":"localhost.localdomain","msg":"Preparing statement: INSERT INTO DEVICE_TYPE_COMMAND (DEVICE_TYPE_CLUSTER_REF, COMMAND_NAME) VALUES (?, ?) to insert 0 records.","v":1}
{"level":30,"time":1589725317857,"pid":31079,"hostname":"localhost.localdomain","msg":"Executed insert: INSERT INTO DEVICE_TYPE_CLUSTER (DEVICE_TYPE_REF, CLUSTER_NAME, INCLUDE_CLIENT, INCLUDE_SERVER, LOCK_CLIENT, LOCK_SERVER) VALUES (?,?,?,?,?,?): 127,Basic,false,true,true,true => rowid: 505","v":1}
{"level":30,"time":1589725317857,"pid":31079,"hostname":"localhost.localdomain","msg":"Executed insert: INSERT INTO DEVICE_TYPE_CLUSTER (DEVICE_TYPE_REF, CLUSTER_NAME, INCLUDE_CLIENT, INCLUDE_SERVER, LOCK_CLIENT, LOCK_SERVER) VALUES (?,?,?,?,?,?): 127,Identify,false,true,true,true => rowid: 506","v":1}
{"level":30,"time":1589725317857,"pid":31079,"hostname":"localhost.localdomain","msg":"Executed insert: INSERT INTO DEVICE_TYPE_CLUSTER (DEVICE_TYPE_REF, CLUSTER_NAME, INCLUDE_CLIENT, INCLUDE_SERVER, LOCK_CLIENT, LOCK_SERVER) VALUES (?,?,?,?,?,?): 127,Generic Tunnel,false,true,true,true => rowid: 507","v":1}
{"level":30,"time":1589725317857,"pid":31079,"hostname":"localhost.localdomain","msg":"Executed insert: INSERT INTO DEVICE_TYPE_CLUSTER (DEVICE_TYPE_REF, CLUSTER_NAME, INCLUDE_CLIENT, INCLUDE_SERVER, LOCK_CLIENT, LOCK_SERVER) VALUES (?,?,?,?,?,?): 127,11073 Protocol Tunnel,true,true,true,true => rowid: 508","v":1}
{"level":30,"time":1589725317857,"pid":31079,"hostname":"localhost.localdomain","msg":"Executed insert: INSERT INTO DEVICE_TYPE_CLUSTER (DEVICE_TYPE_REF, CLUSTER_NAME, INCLUDE_CLIENT, INCLUDE_SERVER, LOCK_CLIENT, LOCK_SERVER) VALUES (?,?,?,?,?,?): 127,Power Configuration,false,true,true,false => rowid: 509","v":1}
{"level":30,"time":1589725317857,"pid":31079,"hostname":"localhost.localdomain","msg":"Executed insert: INSERT INTO DEVICE_TYPE_CLUSTER (DEVICE_TYPE_REF, CLUSTER_NAME, INCLUDE_CLIENT, INCLUDE_SERVER, LOCK_CLIENT, LOCK_SERVER) VALUES (?,?,?,?,?,?): 127,Alarms,false,true,true,false => rowid: 510","v":1}
{"level":30,"time":1589725317857,"pid":31079,"hostname":"localhost.localdomain","msg":"Executed insert: INSERT INTO DEVICE_TYPE_CLUSTER (DEVICE_TYPE_REF, CLUSTER_NAME, INCLUDE_CLIENT, INCLUDE_SERVER, LOCK_CLIENT, LOCK_SERVER) VALUES (?,?,?,?,?,?): 127,Time,false,true,true,false => rowid: 511","v":1}
{"level":30,"time":1589725317858,"pid":31079,"hostname":"localhost.localdomain","msg":"Preparing statement: INSERT INTO DEVICE_TYPE_ATTRIBUTE (DEVICE_TYPE_CLUSTER_REF, ATTRIBUTE_NAME) VALUES (?, ?) to insert 0 records.","v":1}
{"level":30,"time":1589725317858,"pid":31079,"hostname":"localhost.localdomain","msg":"Preparing statement: INSERT INTO DEVICE_TYPE_COMMAND (DEVICE_TYPE_CLUSTER_REF, COMMAND_NAME) VALUES (?, ?) to insert 0 records.","v":1}
{"level":30,"time":1589725317858,"pid":31079,"hostname":"localhost.localdomain","msg":"Executed insert: INSERT INTO DEVICE_TYPE_CLUSTER (DEVICE_TYPE_REF, CLUSTER_NAME, INCLUDE_CLIENT, INCLUDE_SERVER, LOCK_CLIENT, LOCK_SERVER) VALUES (?,?,?,?,?,?): 130,Basic,false,true,true,true => rowid: 512","v":1}
{"level":30,"time":1589725317858,"pid":31079,"hostname":"localhost.localdomain","msg":"Executed insert: INSERT INTO DEVICE_TYPE_CLUSTER (DEVICE_TYPE_REF, CLUSTER_NAME, INCLUDE_CLIENT, INCLUDE_SERVER, LOCK_CLIENT, LOCK_SERVER) VALUES (?,?,?,?,?,?): 130,Identify,false,true,true,true => rowid: 513","v":1}
{"level":30,"time":1589725317858,"pid":31079,"hostname":"localhost.localdomain","msg":"Executed insert: INSERT INTO DEVICE_TYPE_CLUSTER (DEVICE_TYPE_REF, CLUSTER_NAME, INCLUDE_CLIENT, INCLUDE_SERVER, LOCK_CLIENT, LOCK_SERVER) VALUES (?,?,?,?,?,?): 130,Generic Tunnel,false,true,true,true => rowid: 514","v":1}
{"level":30,"time":1589725317858,"pid":31079,"hostname":"localhost.localdomain","msg":"Executed insert: INSERT INTO DEVICE_TYPE_CLUSTER (DEVICE_TYPE_REF, CLUSTER_NAME, INCLUDE_CLIENT, INCLUDE_SERVER, LOCK_CLIENT, LOCK_SERVER) VALUES (?,?,?,?,?,?): 130,11073 Protocol Tunnel,true,true,true,true => rowid: 515","v":1}
{"level":30,"time":1589725317858,"pid":31079,"hostname":"localhost.localdomain","msg":"Executed insert: INSERT INTO DEVICE_TYPE_CLUSTER (DEVICE_TYPE_REF, CLUSTER_NAME, INCLUDE_CLIENT, INCLUDE_SERVER, LOCK_CLIENT, LOCK_SERVER) VALUES (?,?,?,?,?,?): 130,Power Configuration,false,true,true,false => rowid: 516","v":1}
{"level":30,"time":1589725317858,"pid":31079,"hostname":"localhost.localdomain","msg":"Executed insert: INSERT INTO DEVICE_TYPE_CLUSTER (DEVICE_TYPE_REF, CLUSTER_NAME, INCLUDE_CLIENT, INCLUDE_SERVER, LOCK_CLIENT, LOCK_SERVER) VALUES (?,?,?,?,?,?): 130,Alarms,false,true,true,false => rowid: 517","v":1}
{"level":30,"time":1589725317858,"pid":31079,"hostname":"localhost.localdomain","msg":"Executed insert: INSERT INTO DEVICE_TYPE_CLUSTER (DEVICE_TYPE_REF, CLUSTER_NAME, INCLUDE_CLIENT, INCLUDE_SERVER, LOCK_CLIENT, LOCK_SERVER) VALUES (?,?,?,?,?,?): 130,Time,false,true,true,false => rowid: 518","v":1}
{"level":30,"time":1589725317858,"pid":31079,"hostname":"localhost.localdomain","msg":"Preparing statement: INSERT INTO DEVICE_TYPE_ATTRIBUTE (DEVICE_TYPE_CLUSTER_REF, ATTRIBUTE_NAME) VALUES (?, ?) to insert 0 records.","v":1}
{"level":30,"time":1589725317858,"pid":31079,"hostname":"localhost.localdomain","msg":"Preparing statement: INSERT INTO DEVICE_TYPE_COMMAND (DEVICE_TYPE_CLUSTER_REF, COMMAND_NAME) VALUES (?, ?) to insert 0 records.","v":1}
{"level":30,"time":1589725317858,"pid":31079,"hostname":"localhost.localdomain","msg":"Executed insert: INSERT INTO DEVICE_TYPE_CLUSTER (DEVICE_TYPE_REF, CLUSTER_NAME, INCLUDE_CLIENT, INCLUDE_SERVER, LOCK_CLIENT, LOCK_SERVER) VALUES (?,?,?,?,?,?): 133,Basic,false,true,true,true => rowid: 519","v":1}
{"level":30,"time":1589725317858,"pid":31079,"hostname":"localhost.localdomain","msg":"Executed insert: INSERT INTO DEVICE_TYPE_CLUSTER (DEVICE_TYPE_REF, CLUSTER_NAME, INCLUDE_CLIENT, INCLUDE_SERVER, LOCK_CLIENT, LOCK_SERVER) VALUES (?,?,?,?,?,?): 133,Identify,false,true,true,true => rowid: 520","v":1}
{"level":30,"time":1589725317858,"pid":31079,"hostname":"localhost.localdomain","msg":"Executed insert: INSERT INTO DEVICE_TYPE_CLUSTER (DEVICE_TYPE_REF, CLUSTER_NAME, INCLUDE_CLIENT, INCLUDE_SERVER, LOCK_CLIENT, LOCK_SERVER) VALUES (?,?,?,?,?,?): 133,Generic Tunnel,false,true,true,true => rowid: 521","v":1}
{"level":30,"time":1589725317859,"pid":31079,"hostname":"localhost.localdomain","msg":"Executed insert: INSERT INTO DEVICE_TYPE_CLUSTER (DEVICE_TYPE_REF, CLUSTER_NAME, INCLUDE_CLIENT, INCLUDE_SERVER, LOCK_CLIENT, LOCK_SERVER) VALUES (?,?,?,?,?,?): 133,11073 Protocol Tunnel,true,true,true,true => rowid: 522","v":1}
{"level":30,"time":1589725317859,"pid":31079,"hostname":"localhost.localdomain","msg":"Executed insert: INSERT INTO DEVICE_TYPE_CLUSTER (DEVICE_TYPE_REF, CLUSTER_NAME, INCLUDE_CLIENT, INCLUDE_SERVER, LOCK_CLIENT, LOCK_SERVER) VALUES (?,?,?,?,?,?): 133,Power Configuration,false,true,true,false => rowid: 523","v":1}
{"level":30,"time":1589725317860,"pid":31079,"hostname":"localhost.localdomain","msg":"Executed insert: INSERT INTO DEVICE_TYPE_CLUSTER (DEVICE_TYPE_REF, CLUSTER_NAME, INCLUDE_CLIENT, INCLUDE_SERVER, LOCK_CLIENT, LOCK_SERVER) VALUES (?,?,?,?,?,?): 133,Alarms,false,true,true,false => rowid: 524","v":1}
{"level":30,"time":1589725317860,"pid":31079,"hostname":"localhost.localdomain","msg":"Executed insert: INSERT INTO DEVICE_TYPE_CLUSTER (DEVICE_TYPE_REF, CLUSTER_NAME, INCLUDE_CLIENT, INCLUDE_SERVER, LOCK_CLIENT, LOCK_SERVER) VALUES (?,?,?,?,?,?): 133,Time,false,true,true,false => rowid: 525","v":1}
{"level":30,"time":1589725317860,"pid":31079,"hostname":"localhost.localdomain","msg":"Preparing statement: INSERT INTO DEVICE_TYPE_ATTRIBUTE (DEVICE_TYPE_CLUSTER_REF, ATTRIBUTE_NAME) VALUES (?, ?) to insert 0 records.","v":1}
{"level":30,"time":1589725317861,"pid":31079,"hostname":"localhost.localdomain","msg":"Preparing statement: INSERT INTO DEVICE_TYPE_COMMAND (DEVICE_TYPE_CLUSTER_REF, COMMAND_NAME) VALUES (?, ?) to insert 0 records.","v":1}
{"level":30,"time":1589725317861,"pid":31079,"hostname":"localhost.localdomain","msg":"Executed insert: INSERT INTO DEVICE_TYPE_CLUSTER (DEVICE_TYPE_REF, CLUSTER_NAME, INCLUDE_CLIENT, INCLUDE_SERVER, LOCK_CLIENT, LOCK_SERVER) VALUES (?,?,?,?,?,?): 136,Basic,false,true,true,true => rowid: 526","v":1}
{"level":30,"time":1589725317861,"pid":31079,"hostname":"localhost.localdomain","msg":"Executed insert: INSERT INTO DEVICE_TYPE_CLUSTER (DEVICE_TYPE_REF, CLUSTER_NAME, INCLUDE_CLIENT, INCLUDE_SERVER, LOCK_CLIENT, LOCK_SERVER) VALUES (?,?,?,?,?,?): 136,Identify,false,true,true,true => rowid: 527","v":1}
{"level":30,"time":1589725317861,"pid":31079,"hostname":"localhost.localdomain","msg":"Executed insert: INSERT INTO DEVICE_TYPE_CLUSTER (DEVICE_TYPE_REF, CLUSTER_NAME, INCLUDE_CLIENT, INCLUDE_SERVER, LOCK_CLIENT, LOCK_SERVER) VALUES (?,?,?,?,?,?): 136,Generic Tunnel,false,true,true,true => rowid: 528","v":1}
{"level":30,"time":1589725317861,"pid":31079,"hostname":"localhost.localdomain","msg":"Executed insert: INSERT INTO DEVICE_TYPE_CLUSTER (DEVICE_TYPE_REF, CLUSTER_NAME, INCLUDE_CLIENT, INCLUDE_SERVER, LOCK_CLIENT, LOCK_SERVER) VALUES (?,?,?,?,?,?): 136,11073 Protocol Tunnel,true,true,true,true => rowid: 529","v":1}
{"level":30,"time":1589725317861,"pid":31079,"hostname":"localhost.localdomain","msg":"Executed insert: INSERT INTO DEVICE_TYPE_CLUSTER (DEVICE_TYPE_REF, CLUSTER_NAME, INCLUDE_CLIENT, INCLUDE_SERVER, LOCK_CLIENT, LOCK_SERVER) VALUES (?,?,?,?,?,?): 136,Alarms,false,true,true,false => rowid: 530","v":1}
{"level":30,"time":1589725317862,"pid":31079,"hostname":"localhost.localdomain","msg":"Executed insert: INSERT INTO DEVICE_TYPE_CLUSTER (DEVICE_TYPE_REF, CLUSTER_NAME, INCLUDE_CLIENT, INCLUDE_SERVER, LOCK_CLIENT, LOCK_SERVER) VALUES (?,?,?,?,?,?): 136,Time,false,true,true,false => rowid: 531","v":1}
{"level":30,"time":1589725317862,"pid":31079,"hostname":"localhost.localdomain","msg":"Executed insert: INSERT INTO DEVICE_TYPE_CLUSTER (DEVICE_TYPE_REF, CLUSTER_NAME, INCLUDE_CLIENT, INCLUDE_SERVER, LOCK_CLIENT, LOCK_SERVER) VALUES (?,?,?,?,?,?): 136,Power Configuration,false,true,true,false => rowid: 532","v":1}
{"level":30,"time":1589725317862,"pid":31079,"hostname":"localhost.localdomain","msg":"Preparing statement: INSERT INTO DEVICE_TYPE_ATTRIBUTE (DEVICE_TYPE_CLUSTER_REF, ATTRIBUTE_NAME) VALUES (?, ?) to insert 0 records.","v":1}
{"level":30,"time":1589725317862,"pid":31079,"hostname":"localhost.localdomain","msg":"Preparing statement: INSERT INTO DEVICE_TYPE_COMMAND (DEVICE_TYPE_CLUSTER_REF, COMMAND_NAME) VALUES (?, ?) to insert 0 records.","v":1}
{"level":30,"time":1589725317862,"pid":31079,"hostname":"localhost.localdomain","msg":"Executed insert: INSERT INTO DEVICE_TYPE_CLUSTER (DEVICE_TYPE_REF, CLUSTER_NAME, INCLUDE_CLIENT, INCLUDE_SERVER, LOCK_CLIENT, LOCK_SERVER) VALUES (?,?,?,?,?,?): 139,Basic,false,true,true,true => rowid: 533","v":1}
{"level":30,"time":1589725317862,"pid":31079,"hostname":"localhost.localdomain","msg":"Executed insert: INSERT INTO DEVICE_TYPE_CLUSTER (DEVICE_TYPE_REF, CLUSTER_NAME, INCLUDE_CLIENT, INCLUDE_SERVER, LOCK_CLIENT, LOCK_SERVER) VALUES (?,?,?,?,?,?): 139,Identify,false,true,true,true => rowid: 534","v":1}
{"level":30,"time":1589725317862,"pid":31079,"hostname":"localhost.localdomain","msg":"Executed insert: INSERT INTO DEVICE_TYPE_CLUSTER (DEVICE_TYPE_REF, CLUSTER_NAME, INCLUDE_CLIENT, INCLUDE_SERVER, LOCK_CLIENT, LOCK_SERVER) VALUES (?,?,?,?,?,?): 139,Generic Tunnel,false,true,true,true => rowid: 535","v":1}
{"level":30,"time":1589725317862,"pid":31079,"hostname":"localhost.localdomain","msg":"Executed insert: INSERT INTO DEVICE_TYPE_CLUSTER (DEVICE_TYPE_REF, CLUSTER_NAME, INCLUDE_CLIENT, INCLUDE_SERVER, LOCK_CLIENT, LOCK_SERVER) VALUES (?,?,?,?,?,?): 139,11073 Protocol Tunnel,true,true,true,true => rowid: 536","v":1}
{"level":30,"time":1589725317862,"pid":31079,"hostname":"localhost.localdomain","msg":"Executed insert: INSERT INTO DEVICE_TYPE_CLUSTER (DEVICE_TYPE_REF, CLUSTER_NAME, INCLUDE_CLIENT, INCLUDE_SERVER, LOCK_CLIENT, LOCK_SERVER) VALUES (?,?,?,?,?,?): 139,Power Configuration,false,true,true,false => rowid: 537","v":1}
{"level":30,"time":1589725317862,"pid":31079,"hostname":"localhost.localdomain","msg":"Executed insert: INSERT INTO DEVICE_TYPE_CLUSTER (DEVICE_TYPE_REF, CLUSTER_NAME, INCLUDE_CLIENT, INCLUDE_SERVER, LOCK_CLIENT, LOCK_SERVER) VALUES (?,?,?,?,?,?): 139,Alarms,false,true,true,false => rowid: 538","v":1}
{"level":30,"time":1589725317863,"pid":31079,"hostname":"localhost.localdomain","msg":"Executed insert: INSERT INTO DEVICE_TYPE_CLUSTER (DEVICE_TYPE_REF, CLUSTER_NAME, INCLUDE_CLIENT, INCLUDE_SERVER, LOCK_CLIENT, LOCK_SERVER) VALUES (?,?,?,?,?,?): 139,Time,false,true,true,false => rowid: 539","v":1}
{"level":30,"time":1589725317863,"pid":31079,"hostname":"localhost.localdomain","msg":"Preparing statement: INSERT INTO DEVICE_TYPE_ATTRIBUTE (DEVICE_TYPE_CLUSTER_REF, ATTRIBUTE_NAME) VALUES (?, ?) to insert 0 records.","v":1}
{"level":30,"time":1589725317863,"pid":31079,"hostname":"localhost.localdomain","msg":"Preparing statement: INSERT INTO DEVICE_TYPE_COMMAND (DEVICE_TYPE_CLUSTER_REF, COMMAND_NAME) VALUES (?, ?) to insert 0 records.","v":1}
{"level":30,"time":1589725317863,"pid":31079,"hostname":"localhost.localdomain","msg":"Executed insert: INSERT INTO DEVICE_TYPE_CLUSTER (DEVICE_TYPE_REF, CLUSTER_NAME, INCLUDE_CLIENT, INCLUDE_SERVER, LOCK_CLIENT, LOCK_SERVER) VALUES (?,?,?,?,?,?): 121,Power Configuration,false,true,true,false => rowid: 540","v":1}
{"level":30,"time":1589725317863,"pid":31079,"hostname":"localhost.localdomain","msg":"Preparing statement: INSERT INTO DEVICE_TYPE_ATTRIBUTE (DEVICE_TYPE_CLUSTER_REF, ATTRIBUTE_NAME) VALUES (?, ?) to insert 0 records.","v":1}
{"level":30,"time":1589725317863,"pid":31079,"hostname":"localhost.localdomain","msg":"Preparing statement: INSERT INTO DEVICE_TYPE_COMMAND (DEVICE_TYPE_CLUSTER_REF, COMMAND_NAME) VALUES (?, ?) to insert 0 records.","v":1}
{"level":30,"time":1589725317865,"pid":31079,"hostname":"localhost.localdomain","msg":"Executed insert: INSERT INTO DEVICE_TYPE_CLUSTER (DEVICE_TYPE_REF, CLUSTER_NAME, INCLUDE_CLIENT, INCLUDE_SERVER, LOCK_CLIENT, LOCK_SERVER) VALUES (?,?,?,?,?,?): 11,Basic,false,true,true,true => rowid: 541","v":1}
{"level":30,"time":1589725317865,"pid":31079,"hostname":"localhost.localdomain","msg":"Executed insert: INSERT INTO DEVICE_TYPE_CLUSTER (DEVICE_TYPE_REF, CLUSTER_NAME, INCLUDE_CLIENT, INCLUDE_SERVER, LOCK_CLIENT, LOCK_SERVER) VALUES (?,?,?,?,?,?): 11,Key Establishment,true,true,true,true => rowid: 542","v":1}
{"level":30,"time":1589725317865,"pid":31079,"hostname":"localhost.localdomain","msg":"Executed insert: INSERT INTO DEVICE_TYPE_CLUSTER (DEVICE_TYPE_REF, CLUSTER_NAME, INCLUDE_CLIENT, INCLUDE_SERVER, LOCK_CLIENT, LOCK_SERVER) VALUES (?,?,?,?,?,?): 11,Power Configuration,false,false,true,false => rowid: 543","v":1}
{"level":30,"time":1589725317865,"pid":31079,"hostname":"localhost.localdomain","msg":"Executed insert: INSERT INTO DEVICE_TYPE_CLUSTER (DEVICE_TYPE_REF, CLUSTER_NAME, INCLUDE_CLIENT, INCLUDE_SERVER, LOCK_CLIENT, LOCK_SERVER) VALUES (?,?,?,?,?,?): 11,Alarms,false,false,true,false => rowid: 544","v":1}
{"level":30,"time":1589725317865,"pid":31079,"hostname":"localhost.localdomain","msg":"Executed insert: INSERT INTO DEVICE_TYPE_CLUSTER (DEVICE_TYPE_REF, CLUSTER_NAME, INCLUDE_CLIENT, INCLUDE_SERVER, LOCK_CLIENT, LOCK_SERVER) VALUES (?,?,?,?,?,?): 11,Commissioning,false,false,false,false => rowid: 545","v":1}
{"level":30,"time":1589725317865,"pid":31079,"hostname":"localhost.localdomain","msg":"Executed insert: INSERT INTO DEVICE_TYPE_CLUSTER (DEVICE_TYPE_REF, CLUSTER_NAME, INCLUDE_CLIENT, INCLUDE_SERVER, LOCK_CLIENT, LOCK_SERVER) VALUES (?,?,?,?,?,?): 11,Identify,false,false,true,false => rowid: 546","v":1}
{"level":30,"time":1589725317865,"pid":31079,"hostname":"localhost.localdomain","msg":"Executed insert: INSERT INTO DEVICE_TYPE_CLUSTER (DEVICE_TYPE_REF, CLUSTER_NAME, INCLUDE_CLIENT, INCLUDE_SERVER, LOCK_CLIENT, LOCK_SERVER) VALUES (?,?,?,?,?,?): 11,Over the Air Bootloading,false,false,false,false => rowid: 547","v":1}
{"level":30,"time":1589725317865,"pid":31079,"hostname":"localhost.localdomain","msg":"Executed insert: INSERT INTO DEVICE_TYPE_CLUSTER (DEVICE_TYPE_REF, CLUSTER_NAME, INCLUDE_CLIENT, INCLUDE_SERVER, LOCK_CLIENT, LOCK_SERVER) VALUES (?,?,?,?,?,?): 11,Tunneling,false,false,false,false => rowid: 548","v":1}
{"level":30,"time":1589725317865,"pid":31079,"hostname":"localhost.localdomain","msg":"Executed insert: INSERT INTO DEVICE_TYPE_CLUSTER (DEVICE_TYPE_REF, CLUSTER_NAME, INCLUDE_CLIENT, INCLUDE_SERVER, LOCK_CLIENT, LOCK_SERVER) VALUES (?,?,?,?,?,?): 11,Generic Tunnel,false,false,false,false => rowid: 549","v":1}
{"level":30,"time":1589725317865,"pid":31079,"hostname":"localhost.localdomain","msg":"Executed insert: INSERT INTO DEVICE_TYPE_CLUSTER (DEVICE_TYPE_REF, CLUSTER_NAME, INCLUDE_CLIENT, INCLUDE_SERVER, LOCK_CLIENT, LOCK_SERVER) VALUES (?,?,?,?,?,?): 11,Keep-Alive,false,false,false,false => rowid: 550","v":1}
{"level":30,"time":1589725317865,"pid":31079,"hostname":"localhost.localdomain","msg":"Preparing statement: INSERT INTO DEVICE_TYPE_ATTRIBUTE (DEVICE_TYPE_CLUSTER_REF, ATTRIBUTE_NAME) VALUES (?, ?) to insert 0 records.","v":1}
{"level":30,"time":1589725317865,"pid":31079,"hostname":"localhost.localdomain","msg":"Preparing statement: INSERT INTO DEVICE_TYPE_COMMAND (DEVICE_TYPE_CLUSTER_REF, COMMAND_NAME) VALUES (?, ?) to insert 0 records.","v":1}
{"level":30,"time":1589725317865,"pid":31079,"hostname":"localhost.localdomain","msg":"Executed insert: INSERT INTO DEVICE_TYPE_CLUSTER (DEVICE_TYPE_REF, CLUSTER_NAME, INCLUDE_CLIENT, INCLUDE_SERVER, LOCK_CLIENT, LOCK_SERVER) VALUES (?,?,?,?,?,?): 17,Basic,false,true,true,true => rowid: 551","v":1}
{"level":30,"time":1589725317865,"pid":31079,"hostname":"localhost.localdomain","msg":"Executed insert: INSERT INTO DEVICE_TYPE_CLUSTER (DEVICE_TYPE_REF, CLUSTER_NAME, INCLUDE_CLIENT, INCLUDE_SERVER, LOCK_CLIENT, LOCK_SERVER) VALUES (?,?,?,?,?,?): 17,Key Establishment,true,true,true,true => rowid: 552","v":1}
{"level":30,"time":1589725317865,"pid":31079,"hostname":"localhost.localdomain","msg":"Executed insert: INSERT INTO DEVICE_TYPE_CLUSTER (DEVICE_TYPE_REF, CLUSTER_NAME, INCLUDE_CLIENT, INCLUDE_SERVER, LOCK_CLIENT, LOCK_SERVER) VALUES (?,?,?,?,?,?): 17,Power Configuration,false,false,true,false => rowid: 553","v":1}
{"level":30,"time":1589725317865,"pid":31079,"hostname":"localhost.localdomain","msg":"Executed insert: INSERT INTO DEVICE_TYPE_CLUSTER (DEVICE_TYPE_REF, CLUSTER_NAME, INCLUDE_CLIENT, INCLUDE_SERVER, LOCK_CLIENT, LOCK_SERVER) VALUES (?,?,?,?,?,?): 17,Alarms,false,false,true,false => rowid: 554","v":1}
{"level":30,"time":1589725317866,"pid":31079,"hostname":"localhost.localdomain","msg":"Executed insert: INSERT INTO DEVICE_TYPE_CLUSTER (DEVICE_TYPE_REF, CLUSTER_NAME, INCLUDE_CLIENT, INCLUDE_SERVER, LOCK_CLIENT, LOCK_SERVER) VALUES (?,?,?,?,?,?): 17,Commissioning,false,false,false,false => rowid: 555","v":1}
{"level":30,"time":1589725317866,"pid":31079,"hostname":"localhost.localdomain","msg":"Executed insert: INSERT INTO DEVICE_TYPE_CLUSTER (DEVICE_TYPE_REF, CLUSTER_NAME, INCLUDE_CLIENT, INCLUDE_SERVER, LOCK_CLIENT, LOCK_SERVER) VALUES (?,?,?,?,?,?): 17,Identify,false,false,true,false => rowid: 556","v":1}
{"level":30,"time":1589725317866,"pid":31079,"hostname":"localhost.localdomain","msg":"Executed insert: INSERT INTO DEVICE_TYPE_CLUSTER (DEVICE_TYPE_REF, CLUSTER_NAME, INCLUDE_CLIENT, INCLUDE_SERVER, LOCK_CLIENT, LOCK_SERVER) VALUES (?,?,?,?,?,?): 17,Over the Air Bootloading,false,false,false,false => rowid: 557","v":1}
{"level":30,"time":1589725317866,"pid":31079,"hostname":"localhost.localdomain","msg":"Executed insert: INSERT INTO DEVICE_TYPE_CLUSTER (DEVICE_TYPE_REF, CLUSTER_NAME, INCLUDE_CLIENT, INCLUDE_SERVER, LOCK_CLIENT, LOCK_SERVER) VALUES (?,?,?,?,?,?): 17,Tunneling,false,false,false,false => rowid: 558","v":1}
{"level":30,"time":1589725317866,"pid":31079,"hostname":"localhost.localdomain","msg":"Executed insert: INSERT INTO DEVICE_TYPE_CLUSTER (DEVICE_TYPE_REF, CLUSTER_NAME, INCLUDE_CLIENT, INCLUDE_SERVER, LOCK_CLIENT, LOCK_SERVER) VALUES (?,?,?,?,?,?): 17,Generic Tunnel,false,false,false,false => rowid: 559","v":1}
{"level":30,"time":1589725317866,"pid":31079,"hostname":"localhost.localdomain","msg":"Executed insert: INSERT INTO DEVICE_TYPE_CLUSTER (DEVICE_TYPE_REF, CLUSTER_NAME, INCLUDE_CLIENT, INCLUDE_SERVER, LOCK_CLIENT, LOCK_SERVER) VALUES (?,?,?,?,?,?): 17,Messaging,false,true,true,true => rowid: 560","v":1}
{"level":30,"time":1589725317866,"pid":31079,"hostname":"localhost.localdomain","msg":"Executed insert: INSERT INTO DEVICE_TYPE_CLUSTER (DEVICE_TYPE_REF, CLUSTER_NAME, INCLUDE_CLIENT, INCLUDE_SERVER, LOCK_CLIENT, LOCK_SERVER) VALUES (?,?,?,?,?,?): 17,Price,false,true,false,true => rowid: 561","v":1}
{"level":30,"time":1589725317866,"pid":31079,"hostname":"localhost.localdomain","msg":"Executed insert: INSERT INTO DEVICE_TYPE_CLUSTER (DEVICE_TYPE_REF, CLUSTER_NAME, INCLUDE_CLIENT, INCLUDE_SERVER, LOCK_CLIENT, LOCK_SERVER) VALUES (?,?,?,?,?,?): 17,Demand Response and Load Control,false,true,true,true => rowid: 562","v":1}
{"level":30,"time":1589725317866,"pid":31079,"hostname":"localhost.localdomain","msg":"Executed insert: INSERT INTO DEVICE_TYPE_CLUSTER (DEVICE_TYPE_REF, CLUSTER_NAME, INCLUDE_CLIENT, INCLUDE_SERVER, LOCK_CLIENT, LOCK_SERVER) VALUES (?,?,?,?,?,?): 17,Time,false,true,true,true => rowid: 563","v":1}
{"level":30,"time":1589725317866,"pid":31079,"hostname":"localhost.localdomain","msg":"Executed insert: INSERT INTO DEVICE_TYPE_CLUSTER (DEVICE_TYPE_REF, CLUSTER_NAME, INCLUDE_CLIENT, INCLUDE_SERVER, LOCK_CLIENT, LOCK_SERVER) VALUES (?,?,?,?,?,?): 17,Simple Metering,false,false,false,false => rowid: 564","v":1}
{"level":30,"time":1589725317866,"pid":31079,"hostname":"localhost.localdomain","msg":"Executed insert: INSERT INTO DEVICE_TYPE_CLUSTER (DEVICE_TYPE_REF, CLUSTER_NAME, INCLUDE_CLIENT, INCLUDE_SERVER, LOCK_CLIENT, LOCK_SERVER) VALUES (?,?,?,?,?,?): 17,Keep-Alive,false,false,false,false => rowid: 565","v":1}
{"level":30,"time":1589725317866,"pid":31079,"hostname":"localhost.localdomain","msg":"Preparing statement: INSERT INTO DEVICE_TYPE_ATTRIBUTE (DEVICE_TYPE_CLUSTER_REF, ATTRIBUTE_NAME) VALUES (?, ?) to insert 0 records.","v":1}
{"level":30,"time":1589725317866,"pid":31079,"hostname":"localhost.localdomain","msg":"Preparing statement: INSERT INTO DEVICE_TYPE_COMMAND (DEVICE_TYPE_CLUSTER_REF, COMMAND_NAME) VALUES (?, ?) to insert 0 records.","v":1}
{"level":30,"time":1589725317866,"pid":31079,"hostname":"localhost.localdomain","msg":"Executed insert: INSERT INTO DEVICE_TYPE_CLUSTER (DEVICE_TYPE_REF, CLUSTER_NAME, INCLUDE_CLIENT, INCLUDE_SERVER, LOCK_CLIENT, LOCK_SERVER) VALUES (?,?,?,?,?,?): 24,Basic,false,true,true,true => rowid: 566","v":1}
{"level":30,"time":1589725317866,"pid":31079,"hostname":"localhost.localdomain","msg":"Executed insert: INSERT INTO DEVICE_TYPE_CLUSTER (DEVICE_TYPE_REF, CLUSTER_NAME, INCLUDE_CLIENT, INCLUDE_SERVER, LOCK_CLIENT, LOCK_SERVER) VALUES (?,?,?,?,?,?): 24,Key Establishment,true,true,true,true => rowid: 567","v":1}
{"level":30,"time":1589725317866,"pid":31079,"hostname":"localhost.localdomain","msg":"Executed insert: INSERT INTO DEVICE_TYPE_CLUSTER (DEVICE_TYPE_REF, CLUSTER_NAME, INCLUDE_CLIENT, INCLUDE_SERVER, LOCK_CLIENT, LOCK_SERVER) VALUES (?,?,?,?,?,?): 24,Power Configuration,false,false,true,false => rowid: 568","v":1}
{"level":30,"time":1589725317866,"pid":31079,"hostname":"localhost.localdomain","msg":"Executed insert: INSERT INTO DEVICE_TYPE_CLUSTER (DEVICE_TYPE_REF, CLUSTER_NAME, INCLUDE_CLIENT, INCLUDE_SERVER, LOCK_CLIENT, LOCK_SERVER) VALUES (?,?,?,?,?,?): 24,Alarms,false,false,true,false => rowid: 569","v":1}
{"level":30,"time":1589725317867,"pid":31079,"hostname":"localhost.localdomain","msg":"Executed insert: INSERT INTO DEVICE_TYPE_CLUSTER (DEVICE_TYPE_REF, CLUSTER_NAME, INCLUDE_CLIENT, INCLUDE_SERVER, LOCK_CLIENT, LOCK_SERVER) VALUES (?,?,?,?,?,?): 24,Tunneling,false,false,false,false => rowid: 570","v":1}
{"level":30,"time":1589725317867,"pid":31079,"hostname":"localhost.localdomain","msg":"Executed insert: INSERT INTO DEVICE_TYPE_CLUSTER (DEVICE_TYPE_REF, CLUSTER_NAME, INCLUDE_CLIENT, INCLUDE_SERVER, LOCK_CLIENT, LOCK_SERVER) VALUES (?,?,?,?,?,?): 24,Generic Tunnel,false,false,false,false => rowid: 571","v":1}
{"level":30,"time":1589725317867,"pid":31079,"hostname":"localhost.localdomain","msg":"Executed insert: INSERT INTO DEVICE_TYPE_CLUSTER (DEVICE_TYPE_REF, CLUSTER_NAME, INCLUDE_CLIENT, INCLUDE_SERVER, LOCK_CLIENT, LOCK_SERVER) VALUES (?,?,?,?,?,?): 24,Simple Metering,false,true,true,true => rowid: 572","v":1}
{"level":30,"time":1589725317867,"pid":31079,"hostname":"localhost.localdomain","msg":"Executed insert: INSERT INTO DEVICE_TYPE_CLUSTER (DEVICE_TYPE_REF, CLUSTER_NAME, INCLUDE_CLIENT, INCLUDE_SERVER, LOCK_CLIENT, LOCK_SERVER) VALUES (?,?,?,?,?,?): 24,Time,false,false,false,true => rowid: 573","v":1}
{"level":30,"time":1589725317867,"pid":31079,"hostname":"localhost.localdomain","msg":"Executed insert: INSERT INTO DEVICE_TYPE_CLUSTER (DEVICE_TYPE_REF, CLUSTER_NAME, INCLUDE_CLIENT, INCLUDE_SERVER, LOCK_CLIENT, LOCK_SERVER) VALUES (?,?,?,?,?,?): 24,Price,false,false,false,true => rowid: 574","v":1}
{"level":30,"time":1589725317867,"pid":31079,"hostname":"localhost.localdomain","msg":"Executed insert: INSERT INTO DEVICE_TYPE_CLUSTER (DEVICE_TYPE_REF, CLUSTER_NAME, INCLUDE_CLIENT, INCLUDE_SERVER, LOCK_CLIENT, LOCK_SERVER) VALUES (?,?,?,?,?,?): 24,Messaging,false,false,false,true => rowid: 575","v":1}
{"level":30,"time":1589725317867,"pid":31079,"hostname":"localhost.localdomain","msg":"Executed insert: INSERT INTO DEVICE_TYPE_CLUSTER (DEVICE_TYPE_REF, CLUSTER_NAME, INCLUDE_CLIENT, INCLUDE_SERVER, LOCK_CLIENT, LOCK_SERVER) VALUES (?,?,?,?,?,?): 24,Keep-Alive,false,false,false,false => rowid: 576","v":1}
{"level":30,"time":1589725317867,"pid":31079,"hostname":"localhost.localdomain","msg":"Executed insert: INSERT INTO DEVICE_TYPE_CLUSTER (DEVICE_TYPE_REF, CLUSTER_NAME, INCLUDE_CLIENT, INCLUDE_SERVER, LOCK_CLIENT, LOCK_SERVER) VALUES (?,?,?,?,?,?): 30,Power Configuration,false,false,true,false => rowid: 577","v":1}
{"level":30,"time":1589725317867,"pid":31079,"hostname":"localhost.localdomain","msg":"Executed insert: INSERT INTO DEVICE_TYPE_CLUSTER (DEVICE_TYPE_REF, CLUSTER_NAME, INCLUDE_CLIENT, INCLUDE_SERVER, LOCK_CLIENT, LOCK_SERVER) VALUES (?,?,?,?,?,?): 30,Key Establishment,true,true,true,true => rowid: 578","v":1}
{"level":30,"time":1589725317867,"pid":31079,"hostname":"localhost.localdomain","msg":"Executed insert: INSERT INTO DEVICE_TYPE_CLUSTER (DEVICE_TYPE_REF, CLUSTER_NAME, INCLUDE_CLIENT, INCLUDE_SERVER, LOCK_CLIENT, LOCK_SERVER) VALUES (?,?,?,?,?,?): 30,Basic,false,true,true,true => rowid: 579","v":1}
{"level":30,"time":1589725317867,"pid":31079,"hostname":"localhost.localdomain","msg":"Executed insert: INSERT INTO DEVICE_TYPE_CLUSTER (DEVICE_TYPE_REF, CLUSTER_NAME, INCLUDE_CLIENT, INCLUDE_SERVER, LOCK_CLIENT, LOCK_SERVER) VALUES (?,?,?,?,?,?): 30,Alarms,false,false,true,false => rowid: 580","v":1}
{"level":30,"time":1589725317867,"pid":31079,"hostname":"localhost.localdomain","msg":"Executed insert: INSERT INTO DEVICE_TYPE_CLUSTER (DEVICE_TYPE_REF, CLUSTER_NAME, INCLUDE_CLIENT, INCLUDE_SERVER, LOCK_CLIENT, LOCK_SERVER) VALUES (?,?,?,?,?,?): 30,Commissioning,false,false,false,false => rowid: 581","v":1}
{"level":30,"time":1589725317867,"pid":31079,"hostname":"localhost.localdomain","msg":"Executed insert: INSERT INTO DEVICE_TYPE_CLUSTER (DEVICE_TYPE_REF, CLUSTER_NAME, INCLUDE_CLIENT, INCLUDE_SERVER, LOCK_CLIENT, LOCK_SERVER) VALUES (?,?,?,?,?,?): 30,Identify,false,false,true,false => rowid: 582","v":1}
{"level":30,"time":1589725317867,"pid":31079,"hostname":"localhost.localdomain","msg":"Executed insert: INSERT INTO DEVICE_TYPE_CLUSTER (DEVICE_TYPE_REF, CLUSTER_NAME, INCLUDE_CLIENT, INCLUDE_SERVER, LOCK_CLIENT, LOCK_SERVER) VALUES (?,?,?,?,?,?): 30,Over the Air Bootloading,false,false,false,false => rowid: 583","v":1}
{"level":30,"time":1589725317867,"pid":31079,"hostname":"localhost.localdomain","msg":"Executed insert: INSERT INTO DEVICE_TYPE_CLUSTER (DEVICE_TYPE_REF, CLUSTER_NAME, INCLUDE_CLIENT, INCLUDE_SERVER, LOCK_CLIENT, LOCK_SERVER) VALUES (?,?,?,?,?,?): 30,Tunneling,false,false,false,false => rowid: 584","v":1}
{"level":30,"time":1589725317867,"pid":31079,"hostname":"localhost.localdomain","msg":"Executed insert: INSERT INTO DEVICE_TYPE_CLUSTER (DEVICE_TYPE_REF, CLUSTER_NAME, INCLUDE_CLIENT, INCLUDE_SERVER, LOCK_CLIENT, LOCK_SERVER) VALUES (?,?,?,?,?,?): 30,Generic Tunnel,false,false,false,false => rowid: 585","v":1}
{"level":30,"time":1589725317867,"pid":31079,"hostname":"localhost.localdomain","msg":"Executed insert: INSERT INTO DEVICE_TYPE_CLUSTER (DEVICE_TYPE_REF, CLUSTER_NAME, INCLUDE_CLIENT, INCLUDE_SERVER, LOCK_CLIENT, LOCK_SERVER) VALUES (?,?,?,?,?,?): 30,Simple Metering,false,true,true,true => rowid: 586","v":1}
{"level":30,"time":1589725317867,"pid":31079,"hostname":"localhost.localdomain","msg":"Executed insert: INSERT INTO DEVICE_TYPE_CLUSTER (DEVICE_TYPE_REF, CLUSTER_NAME, INCLUDE_CLIENT, INCLUDE_SERVER, LOCK_CLIENT, LOCK_SERVER) VALUES (?,?,?,?,?,?): 30,Time,false,false,false,true => rowid: 587","v":1}
{"level":30,"time":1589725317867,"pid":31079,"hostname":"localhost.localdomain","msg":"Executed insert: INSERT INTO DEVICE_TYPE_CLUSTER (DEVICE_TYPE_REF, CLUSTER_NAME, INCLUDE_CLIENT, INCLUDE_SERVER, LOCK_CLIENT, LOCK_SERVER) VALUES (?,?,?,?,?,?): 30,Price,false,false,false,true => rowid: 588","v":1}
{"level":30,"time":1589725317867,"pid":31079,"hostname":"localhost.localdomain","msg":"Executed insert: INSERT INTO DEVICE_TYPE_CLUSTER (DEVICE_TYPE_REF, CLUSTER_NAME, INCLUDE_CLIENT, INCLUDE_SERVER, LOCK_CLIENT, LOCK_SERVER) VALUES (?,?,?,?,?,?): 30,Messaging,false,false,false,true => rowid: 589","v":1}
{"level":30,"time":1589725317867,"pid":31079,"hostname":"localhost.localdomain","msg":"Executed insert: INSERT INTO DEVICE_TYPE_CLUSTER (DEVICE_TYPE_REF, CLUSTER_NAME, INCLUDE_CLIENT, INCLUDE_SERVER, LOCK_CLIENT, LOCK_SERVER) VALUES (?,?,?,?,?,?): 30,Keep-Alive,false,false,false,false => rowid: 590","v":1}
{"level":30,"time":1589725317868,"pid":31079,"hostname":"localhost.localdomain","msg":"Preparing statement: INSERT INTO DEVICE_TYPE_ATTRIBUTE (DEVICE_TYPE_CLUSTER_REF, ATTRIBUTE_NAME) VALUES (?, ?) to insert 0 records.","v":1}
{"level":30,"time":1589725317868,"pid":31079,"hostname":"localhost.localdomain","msg":"Preparing statement: INSERT INTO DEVICE_TYPE_COMMAND (DEVICE_TYPE_CLUSTER_REF, COMMAND_NAME) VALUES (?, ?) to insert 0 records.","v":1}
{"level":30,"time":1589725317868,"pid":31079,"hostname":"localhost.localdomain","msg":"Executed insert: INSERT INTO DEVICE_TYPE_CLUSTER (DEVICE_TYPE_REF, CLUSTER_NAME, INCLUDE_CLIENT, INCLUDE_SERVER, LOCK_CLIENT, LOCK_SERVER) VALUES (?,?,?,?,?,?): 36,Basic,false,true,true,true => rowid: 591","v":1}
{"level":30,"time":1589725317869,"pid":31079,"hostname":"localhost.localdomain","msg":"Executed insert: INSERT INTO DEVICE_TYPE_CLUSTER (DEVICE_TYPE_REF, CLUSTER_NAME, INCLUDE_CLIENT, INCLUDE_SERVER, LOCK_CLIENT, LOCK_SERVER) VALUES (?,?,?,?,?,?): 36,Key Establishment,true,true,true,true => rowid: 592","v":1}
{"level":30,"time":1589725317869,"pid":31079,"hostname":"localhost.localdomain","msg":"Executed insert: INSERT INTO DEVICE_TYPE_CLUSTER (DEVICE_TYPE_REF, CLUSTER_NAME, INCLUDE_CLIENT, INCLUDE_SERVER, LOCK_CLIENT, LOCK_SERVER) VALUES (?,?,?,?,?,?): 36,Power Configuration,false,false,true,false => rowid: 593","v":1}
{"level":30,"time":1589725317869,"pid":31079,"hostname":"localhost.localdomain","msg":"Executed insert: INSERT INTO DEVICE_TYPE_CLUSTER (DEVICE_TYPE_REF, CLUSTER_NAME, INCLUDE_CLIENT, INCLUDE_SERVER, LOCK_CLIENT, LOCK_SERVER) VALUES (?,?,?,?,?,?): 36,Alarms,false,false,true,false => rowid: 594","v":1}
{"level":30,"time":1589725317869,"pid":31079,"hostname":"localhost.localdomain","msg":"Executed insert: INSERT INTO DEVICE_TYPE_CLUSTER (DEVICE_TYPE_REF, CLUSTER_NAME, INCLUDE_CLIENT, INCLUDE_SERVER, LOCK_CLIENT, LOCK_SERVER) VALUES (?,?,?,?,?,?): 36,Commissioning,false,false,false,false => rowid: 595","v":1}
{"level":30,"time":1589725317869,"pid":31079,"hostname":"localhost.localdomain","msg":"Executed insert: INSERT INTO DEVICE_TYPE_CLUSTER (DEVICE_TYPE_REF, CLUSTER_NAME, INCLUDE_CLIENT, INCLUDE_SERVER, LOCK_CLIENT, LOCK_SERVER) VALUES (?,?,?,?,?,?): 36,Identify,false,false,true,false => rowid: 596","v":1}
{"level":30,"time":1589725317869,"pid":31079,"hostname":"localhost.localdomain","msg":"Executed insert: INSERT INTO DEVICE_TYPE_CLUSTER (DEVICE_TYPE_REF, CLUSTER_NAME, INCLUDE_CLIENT, INCLUDE_SERVER, LOCK_CLIENT, LOCK_SERVER) VALUES (?,?,?,?,?,?): 36,Over the Air Bootloading,false,false,false,false => rowid: 597","v":1}
{"level":30,"time":1589725317869,"pid":31079,"hostname":"localhost.localdomain","msg":"Executed insert: INSERT INTO DEVICE_TYPE_CLUSTER (DEVICE_TYPE_REF, CLUSTER_NAME, INCLUDE_CLIENT, INCLUDE_SERVER, LOCK_CLIENT, LOCK_SERVER) VALUES (?,?,?,?,?,?): 36,Tunneling,false,false,false,false => rowid: 598","v":1}
{"level":30,"time":1589725317869,"pid":31079,"hostname":"localhost.localdomain","msg":"Executed insert: INSERT INTO DEVICE_TYPE_CLUSTER (DEVICE_TYPE_REF, CLUSTER_NAME, INCLUDE_CLIENT, INCLUDE_SERVER, LOCK_CLIENT, LOCK_SERVER) VALUES (?,?,?,?,?,?): 36,Generic Tunnel,false,false,false,false => rowid: 599","v":1}
{"level":30,"time":1589725317869,"pid":31079,"hostname":"localhost.localdomain","msg":"Executed insert: INSERT INTO DEVICE_TYPE_CLUSTER (DEVICE_TYPE_REF, CLUSTER_NAME, INCLUDE_CLIENT, INCLUDE_SERVER, LOCK_CLIENT, LOCK_SERVER) VALUES (?,?,?,?,?,?): 36,Demand Response and Load Control,false,false,false,true => rowid: 600","v":1}
{"level":30,"time":1589725317869,"pid":31079,"hostname":"localhost.localdomain","msg":"Executed insert: INSERT INTO DEVICE_TYPE_CLUSTER (DEVICE_TYPE_REF, CLUSTER_NAME, INCLUDE_CLIENT, INCLUDE_SERVER, LOCK_CLIENT, LOCK_SERVER) VALUES (?,?,?,?,?,?): 36,Time,false,false,false,true => rowid: 601","v":1}
{"level":30,"time":1589725317869,"pid":31079,"hostname":"localhost.localdomain","msg":"Executed insert: INSERT INTO DEVICE_TYPE_CLUSTER (DEVICE_TYPE_REF, CLUSTER_NAME, INCLUDE_CLIENT, INCLUDE_SERVER, LOCK_CLIENT, LOCK_SERVER) VALUES (?,?,?,?,?,?): 36,Price,false,false,false,true => rowid: 602","v":1}
{"level":30,"time":1589725317870,"pid":31079,"hostname":"localhost.localdomain","msg":"Executed insert: INSERT INTO DEVICE_TYPE_CLUSTER (DEVICE_TYPE_REF, CLUSTER_NAME, INCLUDE_CLIENT, INCLUDE_SERVER, LOCK_CLIENT, LOCK_SERVER) VALUES (?,?,?,?,?,?): 36,Simple Metering,false,false,false,true => rowid: 603","v":1}
{"level":30,"time":1589725317870,"pid":31079,"hostname":"localhost.localdomain","msg":"Executed insert: INSERT INTO DEVICE_TYPE_CLUSTER (DEVICE_TYPE_REF, CLUSTER_NAME, INCLUDE_CLIENT, INCLUDE_SERVER, LOCK_CLIENT, LOCK_SERVER) VALUES (?,?,?,?,?,?): 36,Messaging,false,false,false,true => rowid: 604","v":1}
{"level":30,"time":1589725317870,"pid":31079,"hostname":"localhost.localdomain","msg":"Executed insert: INSERT INTO DEVICE_TYPE_CLUSTER (DEVICE_TYPE_REF, CLUSTER_NAME, INCLUDE_CLIENT, INCLUDE_SERVER, LOCK_CLIENT, LOCK_SERVER) VALUES (?,?,?,?,?,?): 36,Keep-Alive,false,false,false,false => rowid: 605","v":1}
{"level":30,"time":1589725317870,"pid":31079,"hostname":"localhost.localdomain","msg":"Preparing statement: INSERT INTO DEVICE_TYPE_ATTRIBUTE (DEVICE_TYPE_CLUSTER_REF, ATTRIBUTE_NAME) VALUES (?, ?) to insert 0 records.","v":1}
{"level":30,"time":1589725317870,"pid":31079,"hostname":"localhost.localdomain","msg":"Preparing statement: INSERT INTO DEVICE_TYPE_COMMAND (DEVICE_TYPE_CLUSTER_REF, COMMAND_NAME) VALUES (?, ?) to insert 0 records.","v":1}
{"level":30,"time":1589725317870,"pid":31079,"hostname":"localhost.localdomain","msg":"Executed insert: INSERT INTO DEVICE_TYPE_CLUSTER (DEVICE_TYPE_REF, CLUSTER_NAME, INCLUDE_CLIENT, INCLUDE_SERVER, LOCK_CLIENT, LOCK_SERVER) VALUES (?,?,?,?,?,?): 42,Basic,false,true,true,true => rowid: 606","v":1}
{"level":30,"time":1589725317870,"pid":31079,"hostname":"localhost.localdomain","msg":"Executed insert: INSERT INTO DEVICE_TYPE_CLUSTER (DEVICE_TYPE_REF, CLUSTER_NAME, INCLUDE_CLIENT, INCLUDE_SERVER, LOCK_CLIENT, LOCK_SERVER) VALUES (?,?,?,?,?,?): 42,Key Establishment,true,true,true,true => rowid: 607","v":1}
{"level":30,"time":1589725317870,"pid":31079,"hostname":"localhost.localdomain","msg":"Executed insert: INSERT INTO DEVICE_TYPE_CLUSTER (DEVICE_TYPE_REF, CLUSTER_NAME, INCLUDE_CLIENT, INCLUDE_SERVER, LOCK_CLIENT, LOCK_SERVER) VALUES (?,?,?,?,?,?): 42,Power Configuration,false,false,true,false => rowid: 608","v":1}
{"level":30,"time":1589725317870,"pid":31079,"hostname":"localhost.localdomain","msg":"Executed insert: INSERT INTO DEVICE_TYPE_CLUSTER (DEVICE_TYPE_REF, CLUSTER_NAME, INCLUDE_CLIENT, INCLUDE_SERVER, LOCK_CLIENT, LOCK_SERVER) VALUES (?,?,?,?,?,?): 42,Alarms,false,false,true,false => rowid: 609","v":1}
{"level":30,"time":1589725317870,"pid":31079,"hostname":"localhost.localdomain","msg":"Executed insert: INSERT INTO DEVICE_TYPE_CLUSTER (DEVICE_TYPE_REF, CLUSTER_NAME, INCLUDE_CLIENT, INCLUDE_SERVER, LOCK_CLIENT, LOCK_SERVER) VALUES (?,?,?,?,?,?): 42,Commissioning,false,false,false,false => rowid: 610","v":1}
{"level":30,"time":1589725317870,"pid":31079,"hostname":"localhost.localdomain","msg":"Executed insert: INSERT INTO DEVICE_TYPE_CLUSTER (DEVICE_TYPE_REF, CLUSTER_NAME, INCLUDE_CLIENT, INCLUDE_SERVER, LOCK_CLIENT, LOCK_SERVER) VALUES (?,?,?,?,?,?): 42,Identify,false,false,true,false => rowid: 611","v":1}
{"level":30,"time":1589725317870,"pid":31079,"hostname":"localhost.localdomain","msg":"Executed insert: INSERT INTO DEVICE_TYPE_CLUSTER (DEVICE_TYPE_REF, CLUSTER_NAME, INCLUDE_CLIENT, INCLUDE_SERVER, LOCK_CLIENT, LOCK_SERVER) VALUES (?,?,?,?,?,?): 42,Over the Air Bootloading,false,false,false,false => rowid: 612","v":1}
{"level":30,"time":1589725317873,"pid":31079,"hostname":"localhost.localdomain","msg":"Executed insert: INSERT INTO DEVICE_TYPE_CLUSTER (DEVICE_TYPE_REF, CLUSTER_NAME, INCLUDE_CLIENT, INCLUDE_SERVER, LOCK_CLIENT, LOCK_SERVER) VALUES (?,?,?,?,?,?): 42,Tunneling,false,false,false,false => rowid: 613","v":1}
{"level":30,"time":1589725317873,"pid":31079,"hostname":"localhost.localdomain","msg":"Executed insert: INSERT INTO DEVICE_TYPE_CLUSTER (DEVICE_TYPE_REF, CLUSTER_NAME, INCLUDE_CLIENT, INCLUDE_SERVER, LOCK_CLIENT, LOCK_SERVER) VALUES (?,?,?,?,?,?): 42,Generic Tunnel,false,false,false,false => rowid: 614","v":1}
{"level":30,"time":1589725317873,"pid":31079,"hostname":"localhost.localdomain","msg":"Executed insert: INSERT INTO DEVICE_TYPE_CLUSTER (DEVICE_TYPE_REF, CLUSTER_NAME, INCLUDE_CLIENT, INCLUDE_SERVER, LOCK_CLIENT, LOCK_SERVER) VALUES (?,?,?,?,?,?): 42,Demand Response and Load Control,true,false,true,true => rowid: 615","v":1}
{"level":30,"time":1589725317873,"pid":31079,"hostname":"localhost.localdomain","msg":"Executed insert: INSERT INTO DEVICE_TYPE_CLUSTER (DEVICE_TYPE_REF, CLUSTER_NAME, INCLUDE_CLIENT, INCLUDE_SERVER, LOCK_CLIENT, LOCK_SERVER) VALUES (?,?,?,?,?,?): 42,Time,true,false,true,true => rowid: 616","v":1}
{"level":30,"time":1589725317873,"pid":31079,"hostname":"localhost.localdomain","msg":"Executed insert: INSERT INTO DEVICE_TYPE_CLUSTER (DEVICE_TYPE_REF, CLUSTER_NAME, INCLUDE_CLIENT, INCLUDE_SERVER, LOCK_CLIENT, LOCK_SERVER) VALUES (?,?,?,?,?,?): 42,Price,false,false,false,true => rowid: 617","v":1}
{"level":30,"time":1589725317873,"pid":31079,"hostname":"localhost.localdomain","msg":"Executed insert: INSERT INTO DEVICE_TYPE_CLUSTER (DEVICE_TYPE_REF, CLUSTER_NAME, INCLUDE_CLIENT, INCLUDE_SERVER, LOCK_CLIENT, LOCK_SERVER) VALUES (?,?,?,?,?,?): 42,Simple Metering,false,false,false,true => rowid: 618","v":1}
{"level":30,"time":1589725317873,"pid":31079,"hostname":"localhost.localdomain","msg":"Executed insert: INSERT INTO DEVICE_TYPE_CLUSTER (DEVICE_TYPE_REF, CLUSTER_NAME, INCLUDE_CLIENT, INCLUDE_SERVER, LOCK_CLIENT, LOCK_SERVER) VALUES (?,?,?,?,?,?): 42,Messaging,false,false,false,true => rowid: 619","v":1}
{"level":30,"time":1589725317873,"pid":31079,"hostname":"localhost.localdomain","msg":"Executed insert: INSERT INTO DEVICE_TYPE_CLUSTER (DEVICE_TYPE_REF, CLUSTER_NAME, INCLUDE_CLIENT, INCLUDE_SERVER, LOCK_CLIENT, LOCK_SERVER) VALUES (?,?,?,?,?,?): 42,Keep-Alive,false,false,false,false => rowid: 620","v":1}
{"level":30,"time":1589725317873,"pid":31079,"hostname":"localhost.localdomain","msg":"Preparing statement: INSERT INTO DEVICE_TYPE_ATTRIBUTE (DEVICE_TYPE_CLUSTER_REF, ATTRIBUTE_NAME) VALUES (?, ?) to insert 0 records.","v":1}
{"level":30,"time":1589725317874,"pid":31079,"hostname":"localhost.localdomain","msg":"Preparing statement: INSERT INTO DEVICE_TYPE_COMMAND (DEVICE_TYPE_CLUSTER_REF, COMMAND_NAME) VALUES (?, ?) to insert 0 records.","v":1}
{"level":30,"time":1589725317874,"pid":31079,"hostname":"localhost.localdomain","msg":"Executed insert: INSERT INTO DEVICE_TYPE_CLUSTER (DEVICE_TYPE_REF, CLUSTER_NAME, INCLUDE_CLIENT, INCLUDE_SERVER, LOCK_CLIENT, LOCK_SERVER) VALUES (?,?,?,?,?,?): 47,Basic,false,true,true,true => rowid: 621","v":1}
{"level":30,"time":1589725317874,"pid":31079,"hostname":"localhost.localdomain","msg":"Executed insert: INSERT INTO DEVICE_TYPE_CLUSTER (DEVICE_TYPE_REF, CLUSTER_NAME, INCLUDE_CLIENT, INCLUDE_SERVER, LOCK_CLIENT, LOCK_SERVER) VALUES (?,?,?,?,?,?): 47,Key Establishment,true,true,true,true => rowid: 622","v":1}
{"level":30,"time":1589725317874,"pid":31079,"hostname":"localhost.localdomain","msg":"Executed insert: INSERT INTO DEVICE_TYPE_CLUSTER (DEVICE_TYPE_REF, CLUSTER_NAME, INCLUDE_CLIENT, INCLUDE_SERVER, LOCK_CLIENT, LOCK_SERVER) VALUES (?,?,?,?,?,?): 47,Power Configuration,false,false,true,false => rowid: 623","v":1}
{"level":30,"time":1589725317874,"pid":31079,"hostname":"localhost.localdomain","msg":"Executed insert: INSERT INTO DEVICE_TYPE_CLUSTER (DEVICE_TYPE_REF, CLUSTER_NAME, INCLUDE_CLIENT, INCLUDE_SERVER, LOCK_CLIENT, LOCK_SERVER) VALUES (?,?,?,?,?,?): 47,Alarms,false,false,true,false => rowid: 624","v":1}
{"level":30,"time":1589725317874,"pid":31079,"hostname":"localhost.localdomain","msg":"Executed insert: INSERT INTO DEVICE_TYPE_CLUSTER (DEVICE_TYPE_REF, CLUSTER_NAME, INCLUDE_CLIENT, INCLUDE_SERVER, LOCK_CLIENT, LOCK_SERVER) VALUES (?,?,?,?,?,?): 47,Commissioning,false,false,false,false => rowid: 625","v":1}
{"level":30,"time":1589725317874,"pid":31079,"hostname":"localhost.localdomain","msg":"Executed insert: INSERT INTO DEVICE_TYPE_CLUSTER (DEVICE_TYPE_REF, CLUSTER_NAME, INCLUDE_CLIENT, INCLUDE_SERVER, LOCK_CLIENT, LOCK_SERVER) VALUES (?,?,?,?,?,?): 47,Identify,false,false,true,false => rowid: 626","v":1}
{"level":30,"time":1589725317874,"pid":31079,"hostname":"localhost.localdomain","msg":"Executed insert: INSERT INTO DEVICE_TYPE_CLUSTER (DEVICE_TYPE_REF, CLUSTER_NAME, INCLUDE_CLIENT, INCLUDE_SERVER, LOCK_CLIENT, LOCK_SERVER) VALUES (?,?,?,?,?,?): 47,Over the Air Bootloading,false,false,false,false => rowid: 627","v":1}
{"level":30,"time":1589725317874,"pid":31079,"hostname":"localhost.localdomain","msg":"Executed insert: INSERT INTO DEVICE_TYPE_CLUSTER (DEVICE_TYPE_REF, CLUSTER_NAME, INCLUDE_CLIENT, INCLUDE_SERVER, LOCK_CLIENT, LOCK_SERVER) VALUES (?,?,?,?,?,?): 47,Tunneling,false,false,false,false => rowid: 628","v":1}
{"level":30,"time":1589725317874,"pid":31079,"hostname":"localhost.localdomain","msg":"Executed insert: INSERT INTO DEVICE_TYPE_CLUSTER (DEVICE_TYPE_REF, CLUSTER_NAME, INCLUDE_CLIENT, INCLUDE_SERVER, LOCK_CLIENT, LOCK_SERVER) VALUES (?,?,?,?,?,?): 47,Generic Tunnel,false,false,false,false => rowid: 629","v":1}
{"level":30,"time":1589725317874,"pid":31079,"hostname":"localhost.localdomain","msg":"Executed insert: INSERT INTO DEVICE_TYPE_CLUSTER (DEVICE_TYPE_REF, CLUSTER_NAME, INCLUDE_CLIENT, INCLUDE_SERVER, LOCK_CLIENT, LOCK_SERVER) VALUES (?,?,?,?,?,?): 47,Demand Response and Load Control,true,false,true,true => rowid: 630","v":1}
{"level":30,"time":1589725317874,"pid":31079,"hostname":"localhost.localdomain","msg":"Executed insert: INSERT INTO DEVICE_TYPE_CLUSTER (DEVICE_TYPE_REF, CLUSTER_NAME, INCLUDE_CLIENT, INCLUDE_SERVER, LOCK_CLIENT, LOCK_SERVER) VALUES (?,?,?,?,?,?): 47,Time,true,false,true,true => rowid: 631","v":1}
{"level":30,"time":1589725317874,"pid":31079,"hostname":"localhost.localdomain","msg":"Executed insert: INSERT INTO DEVICE_TYPE_CLUSTER (DEVICE_TYPE_REF, CLUSTER_NAME, INCLUDE_CLIENT, INCLUDE_SERVER, LOCK_CLIENT, LOCK_SERVER) VALUES (?,?,?,?,?,?): 47,Price,false,false,false,true => rowid: 632","v":1}
{"level":30,"time":1589725317875,"pid":31079,"hostname":"localhost.localdomain","msg":"Executed insert: INSERT INTO DEVICE_TYPE_CLUSTER (DEVICE_TYPE_REF, CLUSTER_NAME, INCLUDE_CLIENT, INCLUDE_SERVER, LOCK_CLIENT, LOCK_SERVER) VALUES (?,?,?,?,?,?): 47,Keep-Alive,false,false,false,false => rowid: 633","v":1}
{"level":30,"time":1589725317875,"pid":31079,"hostname":"localhost.localdomain","msg":"Preparing statement: INSERT INTO DEVICE_TYPE_ATTRIBUTE (DEVICE_TYPE_CLUSTER_REF, ATTRIBUTE_NAME) VALUES (?, ?) to insert 0 records.","v":1}
{"level":30,"time":1589725317875,"pid":31079,"hostname":"localhost.localdomain","msg":"Preparing statement: INSERT INTO DEVICE_TYPE_COMMAND (DEVICE_TYPE_CLUSTER_REF, COMMAND_NAME) VALUES (?, ?) to insert 0 records.","v":1}
{"level":30,"time":1589725317875,"pid":31079,"hostname":"localhost.localdomain","msg":"Executed insert: INSERT INTO DEVICE_TYPE_CLUSTER (DEVICE_TYPE_REF, CLUSTER_NAME, INCLUDE_CLIENT, INCLUDE_SERVER, LOCK_CLIENT, LOCK_SERVER) VALUES (?,?,?,?,?,?): 52,Basic,false,true,true,true => rowid: 634","v":1}
{"level":30,"time":1589725317875,"pid":31079,"hostname":"localhost.localdomain","msg":"Executed insert: INSERT INTO DEVICE_TYPE_CLUSTER (DEVICE_TYPE_REF, CLUSTER_NAME, INCLUDE_CLIENT, INCLUDE_SERVER, LOCK_CLIENT, LOCK_SERVER) VALUES (?,?,?,?,?,?): 52,Key Establishment,true,true,true,true => rowid: 635","v":1}
{"level":30,"time":1589725317875,"pid":31079,"hostname":"localhost.localdomain","msg":"Executed insert: INSERT INTO DEVICE_TYPE_CLUSTER (DEVICE_TYPE_REF, CLUSTER_NAME, INCLUDE_CLIENT, INCLUDE_SERVER, LOCK_CLIENT, LOCK_SERVER) VALUES (?,?,?,?,?,?): 52,Power Configuration,false,false,true,false => rowid: 636","v":1}
{"level":30,"time":1589725317875,"pid":31079,"hostname":"localhost.localdomain","msg":"Executed insert: INSERT INTO DEVICE_TYPE_CLUSTER (DEVICE_TYPE_REF, CLUSTER_NAME, INCLUDE_CLIENT, INCLUDE_SERVER, LOCK_CLIENT, LOCK_SERVER) VALUES (?,?,?,?,?,?): 52,Alarms,false,false,true,false => rowid: 637","v":1}
{"level":30,"time":1589725317875,"pid":31079,"hostname":"localhost.localdomain","msg":"Executed insert: INSERT INTO DEVICE_TYPE_CLUSTER (DEVICE_TYPE_REF, CLUSTER_NAME, INCLUDE_CLIENT, INCLUDE_SERVER, LOCK_CLIENT, LOCK_SERVER) VALUES (?,?,?,?,?,?): 52,Commissioning,false,false,false,false => rowid: 638","v":1}
{"level":30,"time":1589725317875,"pid":31079,"hostname":"localhost.localdomain","msg":"Executed insert: INSERT INTO DEVICE_TYPE_CLUSTER (DEVICE_TYPE_REF, CLUSTER_NAME, INCLUDE_CLIENT, INCLUDE_SERVER, LOCK_CLIENT, LOCK_SERVER) VALUES (?,?,?,?,?,?): 52,Identify,false,false,true,false => rowid: 639","v":1}
{"level":30,"time":1589725317875,"pid":31079,"hostname":"localhost.localdomain","msg":"Executed insert: INSERT INTO DEVICE_TYPE_CLUSTER (DEVICE_TYPE_REF, CLUSTER_NAME, INCLUDE_CLIENT, INCLUDE_SERVER, LOCK_CLIENT, LOCK_SERVER) VALUES (?,?,?,?,?,?): 52,Over the Air Bootloading,false,false,false,false => rowid: 640","v":1}
{"level":30,"time":1589725317875,"pid":31079,"hostname":"localhost.localdomain","msg":"Executed insert: INSERT INTO DEVICE_TYPE_CLUSTER (DEVICE_TYPE_REF, CLUSTER_NAME, INCLUDE_CLIENT, INCLUDE_SERVER, LOCK_CLIENT, LOCK_SERVER) VALUES (?,?,?,?,?,?): 52,Tunneling,false,false,false,false => rowid: 641","v":1}
{"level":30,"time":1589725317875,"pid":31079,"hostname":"localhost.localdomain","msg":"Executed insert: INSERT INTO DEVICE_TYPE_CLUSTER (DEVICE_TYPE_REF, CLUSTER_NAME, INCLUDE_CLIENT, INCLUDE_SERVER, LOCK_CLIENT, LOCK_SERVER) VALUES (?,?,?,?,?,?): 52,Generic Tunnel,false,false,false,false => rowid: 642","v":1}
{"level":30,"time":1589725317875,"pid":31079,"hostname":"localhost.localdomain","msg":"Executed insert: INSERT INTO DEVICE_TYPE_CLUSTER (DEVICE_TYPE_REF, CLUSTER_NAME, INCLUDE_CLIENT, INCLUDE_SERVER, LOCK_CLIENT, LOCK_SERVER) VALUES (?,?,?,?,?,?): 52,Price,true,false,true,true => rowid: 643","v":1}
{"level":30,"time":1589725317875,"pid":31079,"hostname":"localhost.localdomain","msg":"Executed insert: INSERT INTO DEVICE_TYPE_CLUSTER (DEVICE_TYPE_REF, CLUSTER_NAME, INCLUDE_CLIENT, INCLUDE_SERVER, LOCK_CLIENT, LOCK_SERVER) VALUES (?,?,?,?,?,?): 52,Time,true,false,true,true => rowid: 644","v":1}
{"level":30,"time":1589725317876,"pid":31079,"hostname":"localhost.localdomain","msg":"Executed insert: INSERT INTO DEVICE_TYPE_CLUSTER (DEVICE_TYPE_REF, CLUSTER_NAME, INCLUDE_CLIENT, INCLUDE_SERVER, LOCK_CLIENT, LOCK_SERVER) VALUES (?,?,?,?,?,?): 52,Demand Response and Load Control,false,false,false,true => rowid: 645","v":1}
{"level":30,"time":1589725317876,"pid":31079,"hostname":"localhost.localdomain","msg":"Executed insert: INSERT INTO DEVICE_TYPE_CLUSTER (DEVICE_TYPE_REF, CLUSTER_NAME, INCLUDE_CLIENT, INCLUDE_SERVER, LOCK_CLIENT, LOCK_SERVER) VALUES (?,?,?,?,?,?): 52,Messaging,false,false,false,true => rowid: 646","v":1}
{"level":30,"time":1589725317876,"pid":31079,"hostname":"localhost.localdomain","msg":"Executed insert: INSERT INTO DEVICE_TYPE_CLUSTER (DEVICE_TYPE_REF, CLUSTER_NAME, INCLUDE_CLIENT, INCLUDE_SERVER, LOCK_CLIENT, LOCK_SERVER) VALUES (?,?,?,?,?,?): 52,Keep-Alive,false,false,false,false => rowid: 647","v":1}
{"level":30,"time":1589725317876,"pid":31079,"hostname":"localhost.localdomain","msg":"Preparing statement: INSERT INTO DEVICE_TYPE_ATTRIBUTE (DEVICE_TYPE_CLUSTER_REF, ATTRIBUTE_NAME) VALUES (?, ?) to insert 0 records.","v":1}
{"level":30,"time":1589725317876,"pid":31079,"hostname":"localhost.localdomain","msg":"Preparing statement: INSERT INTO DEVICE_TYPE_COMMAND (DEVICE_TYPE_CLUSTER_REF, COMMAND_NAME) VALUES (?, ?) to insert 0 records.","v":1}
{"level":30,"time":1589725317876,"pid":31079,"hostname":"localhost.localdomain","msg":"Executed insert: INSERT INTO DEVICE_TYPE_CLUSTER (DEVICE_TYPE_REF, CLUSTER_NAME, INCLUDE_CLIENT, INCLUDE_SERVER, LOCK_CLIENT, LOCK_SERVER) VALUES (?,?,?,?,?,?): 57,Basic,false,true,true,true => rowid: 648","v":1}
{"level":30,"time":1589725317876,"pid":31079,"hostname":"localhost.localdomain","msg":"Executed insert: INSERT INTO DEVICE_TYPE_CLUSTER (DEVICE_TYPE_REF, CLUSTER_NAME, INCLUDE_CLIENT, INCLUDE_SERVER, LOCK_CLIENT, LOCK_SERVER) VALUES (?,?,?,?,?,?): 57,Key Establishment,true,true,true,true => rowid: 649","v":1}
{"level":30,"time":1589725317876,"pid":31079,"hostname":"localhost.localdomain","msg":"Executed insert: INSERT INTO DEVICE_TYPE_CLUSTER (DEVICE_TYPE_REF, CLUSTER_NAME, INCLUDE_CLIENT, INCLUDE_SERVER, LOCK_CLIENT, LOCK_SERVER) VALUES (?,?,?,?,?,?): 57,Power Configuration,false,false,true,false => rowid: 650","v":1}
{"level":30,"time":1589725317876,"pid":31079,"hostname":"localhost.localdomain","msg":"Executed insert: INSERT INTO DEVICE_TYPE_CLUSTER (DEVICE_TYPE_REF, CLUSTER_NAME, INCLUDE_CLIENT, INCLUDE_SERVER, LOCK_CLIENT, LOCK_SERVER) VALUES (?,?,?,?,?,?): 57,Alarms,false,false,true,false => rowid: 651","v":1}
{"level":30,"time":1589725317876,"pid":31079,"hostname":"localhost.localdomain","msg":"Executed insert: INSERT INTO DEVICE_TYPE_CLUSTER (DEVICE_TYPE_REF, CLUSTER_NAME, INCLUDE_CLIENT, INCLUDE_SERVER, LOCK_CLIENT, LOCK_SERVER) VALUES (?,?,?,?,?,?): 57,Commissioning,false,false,false,false => rowid: 652","v":1}
{"level":30,"time":1589725317876,"pid":31079,"hostname":"localhost.localdomain","msg":"Executed insert: INSERT INTO DEVICE_TYPE_CLUSTER (DEVICE_TYPE_REF, CLUSTER_NAME, INCLUDE_CLIENT, INCLUDE_SERVER, LOCK_CLIENT, LOCK_SERVER) VALUES (?,?,?,?,?,?): 57,Identify,false,false,true,false => rowid: 653","v":1}
{"level":30,"time":1589725317876,"pid":31079,"hostname":"localhost.localdomain","msg":"Executed insert: INSERT INTO DEVICE_TYPE_CLUSTER (DEVICE_TYPE_REF, CLUSTER_NAME, INCLUDE_CLIENT, INCLUDE_SERVER, LOCK_CLIENT, LOCK_SERVER) VALUES (?,?,?,?,?,?): 57,Over the Air Bootloading,false,false,false,false => rowid: 654","v":1}
{"level":30,"time":1589725317876,"pid":31079,"hostname":"localhost.localdomain","msg":"Executed insert: INSERT INTO DEVICE_TYPE_CLUSTER (DEVICE_TYPE_REF, CLUSTER_NAME, INCLUDE_CLIENT, INCLUDE_SERVER, LOCK_CLIENT, LOCK_SERVER) VALUES (?,?,?,?,?,?): 57,Tunneling,false,false,false,false => rowid: 655","v":1}
{"level":30,"time":1589725317876,"pid":31079,"hostname":"localhost.localdomain","msg":"Executed insert: INSERT INTO DEVICE_TYPE_CLUSTER (DEVICE_TYPE_REF, CLUSTER_NAME, INCLUDE_CLIENT, INCLUDE_SERVER, LOCK_CLIENT, LOCK_SERVER) VALUES (?,?,?,?,?,?): 57,Generic Tunnel,false,false,false,false => rowid: 656","v":1}
{"level":30,"time":1589725317876,"pid":31079,"hostname":"localhost.localdomain","msg":"Executed insert: INSERT INTO DEVICE_TYPE_CLUSTER (DEVICE_TYPE_REF, CLUSTER_NAME, INCLUDE_CLIENT, INCLUDE_SERVER, LOCK_CLIENT, LOCK_SERVER) VALUES (?,?,?,?,?,?): 57,Price,true,false,true,true => rowid: 657","v":1}
{"level":30,"time":1589725317876,"pid":31079,"hostname":"localhost.localdomain","msg":"Executed insert: INSERT INTO DEVICE_TYPE_CLUSTER (DEVICE_TYPE_REF, CLUSTER_NAME, INCLUDE_CLIENT, INCLUDE_SERVER, LOCK_CLIENT, LOCK_SERVER) VALUES (?,?,?,?,?,?): 57,Time,true,false,true,true => rowid: 658","v":1}
{"level":30,"time":1589725317876,"pid":31079,"hostname":"localhost.localdomain","msg":"Executed insert: INSERT INTO DEVICE_TYPE_CLUSTER (DEVICE_TYPE_REF, CLUSTER_NAME, INCLUDE_CLIENT, INCLUDE_SERVER, LOCK_CLIENT, LOCK_SERVER) VALUES (?,?,?,?,?,?): 57,Prepayment,true,true,true,true => rowid: 659","v":1}
{"level":30,"time":1589725317876,"pid":31079,"hostname":"localhost.localdomain","msg":"Executed insert: INSERT INTO DEVICE_TYPE_CLUSTER (DEVICE_TYPE_REF, CLUSTER_NAME, INCLUDE_CLIENT, INCLUDE_SERVER, LOCK_CLIENT, LOCK_SERVER) VALUES (?,?,?,?,?,?): 57,Demand Response and Load Control,false,false,false,true => rowid: 660","v":1}
{"level":30,"time":1589725317876,"pid":31079,"hostname":"localhost.localdomain","msg":"Executed insert: INSERT INTO DEVICE_TYPE_CLUSTER (DEVICE_TYPE_REF, CLUSTER_NAME, INCLUDE_CLIENT, INCLUDE_SERVER, LOCK_CLIENT, LOCK_SERVER) VALUES (?,?,?,?,?,?): 57,Simple Metering,false,false,false,true => rowid: 661","v":1}
{"level":30,"time":1589725317876,"pid":31079,"hostname":"localhost.localdomain","msg":"Executed insert: INSERT INTO DEVICE_TYPE_CLUSTER (DEVICE_TYPE_REF, CLUSTER_NAME, INCLUDE_CLIENT, INCLUDE_SERVER, LOCK_CLIENT, LOCK_SERVER) VALUES (?,?,?,?,?,?): 57,Messaging,false,false,false,true => rowid: 662","v":1}
{"level":30,"time":1589725317877,"pid":31079,"hostname":"localhost.localdomain","msg":"Executed insert: INSERT INTO DEVICE_TYPE_CLUSTER (DEVICE_TYPE_REF, CLUSTER_NAME, INCLUDE_CLIENT, INCLUDE_SERVER, LOCK_CLIENT, LOCK_SERVER) VALUES (?,?,?,?,?,?): 57,Calendar,false,false,false,true => rowid: 663","v":1}
{"level":30,"time":1589725317877,"pid":31079,"hostname":"localhost.localdomain","msg":"Executed insert: INSERT INTO DEVICE_TYPE_CLUSTER (DEVICE_TYPE_REF, CLUSTER_NAME, INCLUDE_CLIENT, INCLUDE_SERVER, LOCK_CLIENT, LOCK_SERVER) VALUES (?,?,?,?,?,?): 57,Device Management,false,false,false,true => rowid: 664","v":1}
{"level":30,"time":1589725317877,"pid":31079,"hostname":"localhost.localdomain","msg":"Executed insert: INSERT INTO DEVICE_TYPE_CLUSTER (DEVICE_TYPE_REF, CLUSTER_NAME, INCLUDE_CLIENT, INCLUDE_SERVER, LOCK_CLIENT, LOCK_SERVER) VALUES (?,?,?,?,?,?): 57,Events,false,false,true,false => rowid: 665","v":1}
{"level":30,"time":1589725317877,"pid":31079,"hostname":"localhost.localdomain","msg":"Executed insert: INSERT INTO DEVICE_TYPE_CLUSTER (DEVICE_TYPE_REF, CLUSTER_NAME, INCLUDE_CLIENT, INCLUDE_SERVER, LOCK_CLIENT, LOCK_SERVER) VALUES (?,?,?,?,?,?): 57,Keep-Alive,false,false,false,false => rowid: 666","v":1}
{"level":30,"time":1589725317877,"pid":31079,"hostname":"localhost.localdomain","msg":"Preparing statement: INSERT INTO DEVICE_TYPE_ATTRIBUTE (DEVICE_TYPE_CLUSTER_REF, ATTRIBUTE_NAME) VALUES (?, ?) to insert 0 records.","v":1}
{"level":30,"time":1589725317877,"pid":31079,"hostname":"localhost.localdomain","msg":"Preparing statement: INSERT INTO DEVICE_TYPE_COMMAND (DEVICE_TYPE_CLUSTER_REF, COMMAND_NAME) VALUES (?, ?) to insert 0 records.","v":1}
{"level":30,"time":1589725317877,"pid":31079,"hostname":"localhost.localdomain","msg":"Executed insert: INSERT INTO DEVICE_TYPE_CLUSTER (DEVICE_TYPE_REF, CLUSTER_NAME, INCLUDE_CLIENT, INCLUDE_SERVER, LOCK_CLIENT, LOCK_SERVER) VALUES (?,?,?,?,?,?): 62,Basic,false,true,true,true => rowid: 667","v":1}
{"level":30,"time":1589725317877,"pid":31079,"hostname":"localhost.localdomain","msg":"Executed insert: INSERT INTO DEVICE_TYPE_CLUSTER (DEVICE_TYPE_REF, CLUSTER_NAME, INCLUDE_CLIENT, INCLUDE_SERVER, LOCK_CLIENT, LOCK_SERVER) VALUES (?,?,?,?,?,?): 62,Key Establishment,true,true,true,true => rowid: 668","v":1}
{"level":30,"time":1589725317877,"pid":31079,"hostname":"localhost.localdomain","msg":"Executed insert: INSERT INTO DEVICE_TYPE_CLUSTER (DEVICE_TYPE_REF, CLUSTER_NAME, INCLUDE_CLIENT, INCLUDE_SERVER, LOCK_CLIENT, LOCK_SERVER) VALUES (?,?,?,?,?,?): 62,Power Configuration,false,false,true,false => rowid: 669","v":1}
{"level":30,"time":1589725317877,"pid":31079,"hostname":"localhost.localdomain","msg":"Executed insert: INSERT INTO DEVICE_TYPE_CLUSTER (DEVICE_TYPE_REF, CLUSTER_NAME, INCLUDE_CLIENT, INCLUDE_SERVER, LOCK_CLIENT, LOCK_SERVER) VALUES (?,?,?,?,?,?): 62,Commissioning,false,false,false,false => rowid: 670","v":1}
{"level":30,"time":1589725317877,"pid":31079,"hostname":"localhost.localdomain","msg":"Executed insert: INSERT INTO DEVICE_TYPE_CLUSTER (DEVICE_TYPE_REF, CLUSTER_NAME, INCLUDE_CLIENT, INCLUDE_SERVER, LOCK_CLIENT, LOCK_SERVER) VALUES (?,?,?,?,?,?): 62,Identify,false,false,true,false => rowid: 671","v":1}
{"level":30,"time":1589725317877,"pid":31079,"hostname":"localhost.localdomain","msg":"Executed insert: INSERT INTO DEVICE_TYPE_CLUSTER (DEVICE_TYPE_REF, CLUSTER_NAME, INCLUDE_CLIENT, INCLUDE_SERVER, LOCK_CLIENT, LOCK_SERVER) VALUES (?,?,?,?,?,?): 62,Events,false,false,true,false => rowid: 672","v":1}
{"level":30,"time":1589725317877,"pid":31079,"hostname":"localhost.localdomain","msg":"Executed insert: INSERT INTO DEVICE_TYPE_CLUSTER (DEVICE_TYPE_REF, CLUSTER_NAME, INCLUDE_CLIENT, INCLUDE_SERVER, LOCK_CLIENT, LOCK_SERVER) VALUES (?,?,?,?,?,?): 62,Over the Air Bootloading,false,false,false,false => rowid: 673","v":1}
{"level":30,"time":1589725317877,"pid":31079,"hostname":"localhost.localdomain","msg":"Preparing statement: INSERT INTO DEVICE_TYPE_ATTRIBUTE (DEVICE_TYPE_CLUSTER_REF, ATTRIBUTE_NAME) VALUES (?, ?) to insert 0 records.","v":1}
{"level":30,"time":1589725317877,"pid":31079,"hostname":"localhost.localdomain","msg":"Preparing statement: INSERT INTO DEVICE_TYPE_COMMAND (DEVICE_TYPE_CLUSTER_REF, COMMAND_NAME) VALUES (?, ?) to insert 0 records.","v":1}
{"level":30,"time":1589725317877,"pid":31079,"hostname":"localhost.localdomain","msg":"Executed insert: INSERT INTO DEVICE_TYPE_CLUSTER (DEVICE_TYPE_REF, CLUSTER_NAME, INCLUDE_CLIENT, INCLUDE_SERVER, LOCK_CLIENT, LOCK_SERVER) VALUES (?,?,?,?,?,?): 67,Basic,false,true,true,true => rowid: 674","v":1}
{"level":30,"time":1589725317878,"pid":31079,"hostname":"localhost.localdomain","msg":"Executed insert: INSERT INTO DEVICE_TYPE_CLUSTER (DEVICE_TYPE_REF, CLUSTER_NAME, INCLUDE_CLIENT, INCLUDE_SERVER, LOCK_CLIENT, LOCK_SERVER) VALUES (?,?,?,?,?,?): 67,Key Establishment,true,true,true,true => rowid: 675","v":1}
{"level":30,"time":1589725317878,"pid":31079,"hostname":"localhost.localdomain","msg":"Executed insert: INSERT INTO DEVICE_TYPE_CLUSTER (DEVICE_TYPE_REF, CLUSTER_NAME, INCLUDE_CLIENT, INCLUDE_SERVER, LOCK_CLIENT, LOCK_SERVER) VALUES (?,?,?,?,?,?): 67,Power Configuration,false,false,true,false => rowid: 676","v":1}
{"level":30,"time":1589725317878,"pid":31079,"hostname":"localhost.localdomain","msg":"Executed insert: INSERT INTO DEVICE_TYPE_CLUSTER (DEVICE_TYPE_REF, CLUSTER_NAME, INCLUDE_CLIENT, INCLUDE_SERVER, LOCK_CLIENT, LOCK_SERVER) VALUES (?,?,?,?,?,?): 67,Commissioning,false,false,false,false => rowid: 677","v":1}
{"level":30,"time":1589725317878,"pid":31079,"hostname":"localhost.localdomain","msg":"Executed insert: INSERT INTO DEVICE_TYPE_CLUSTER (DEVICE_TYPE_REF, CLUSTER_NAME, INCLUDE_CLIENT, INCLUDE_SERVER, LOCK_CLIENT, LOCK_SERVER) VALUES (?,?,?,?,?,?): 67,Identify,false,false,true,false => rowid: 678","v":1}
{"level":30,"time":1589725317878,"pid":31079,"hostname":"localhost.localdomain","msg":"Executed insert: INSERT INTO DEVICE_TYPE_CLUSTER (DEVICE_TYPE_REF, CLUSTER_NAME, INCLUDE_CLIENT, INCLUDE_SERVER, LOCK_CLIENT, LOCK_SERVER) VALUES (?,?,?,?,?,?): 67,Events,false,false,false,false => rowid: 679","v":1}
{"level":30,"time":1589725317878,"pid":31079,"hostname":"localhost.localdomain","msg":"Executed insert: INSERT INTO DEVICE_TYPE_CLUSTER (DEVICE_TYPE_REF, CLUSTER_NAME, INCLUDE_CLIENT, INCLUDE_SERVER, LOCK_CLIENT, LOCK_SERVER) VALUES (?,?,?,?,?,?): 67,Over the Air Bootloading,false,false,false,false => rowid: 680","v":1}
{"level":30,"time":1589725317878,"pid":31079,"hostname":"localhost.localdomain","msg":"Executed insert: INSERT INTO DEVICE_TYPE_CLUSTER (DEVICE_TYPE_REF, CLUSTER_NAME, INCLUDE_CLIENT, INCLUDE_SERVER, LOCK_CLIENT, LOCK_SERVER) VALUES (?,?,?,?,?,?): 67,Messaging,false,true,true,true => rowid: 681","v":1}
{"level":30,"time":1589725317878,"pid":31079,"hostname":"localhost.localdomain","msg":"Executed insert: INSERT INTO DEVICE_TYPE_CLUSTER (DEVICE_TYPE_REF, CLUSTER_NAME, INCLUDE_CLIENT, INCLUDE_SERVER, LOCK_CLIENT, LOCK_SERVER) VALUES (?,?,?,?,?,?): 67,Price,false,true,false,true => rowid: 682","v":1}
{"level":30,"time":1589725317878,"pid":31079,"hostname":"localhost.localdomain","msg":"Executed insert: INSERT INTO DEVICE_TYPE_CLUSTER (DEVICE_TYPE_REF, CLUSTER_NAME, INCLUDE_CLIENT, INCLUDE_SERVER, LOCK_CLIENT, LOCK_SERVER) VALUES (?,?,?,?,?,?): 67,Demand Response and Load Control,false,true,true,true => rowid: 683","v":1}
{"level":30,"time":1589725317878,"pid":31079,"hostname":"localhost.localdomain","msg":"Executed insert: INSERT INTO DEVICE_TYPE_CLUSTER (DEVICE_TYPE_REF, CLUSTER_NAME, INCLUDE_CLIENT, INCLUDE_SERVER, LOCK_CLIENT, LOCK_SERVER) VALUES (?,?,?,?,?,?): 67,Time,false,true,false,true => rowid: 684","v":1}
{"level":30,"time":1589725317878,"pid":31079,"hostname":"localhost.localdomain","msg":"Executed insert: INSERT INTO DEVICE_TYPE_CLUSTER (DEVICE_TYPE_REF, CLUSTER_NAME, INCLUDE_CLIENT, INCLUDE_SERVER, LOCK_CLIENT, LOCK_SERVER) VALUES (?,?,?,?,?,?): 67,Calendar,false,false,true,false => rowid: 685","v":1}
{"level":30,"time":1589725317878,"pid":31079,"hostname":"localhost.localdomain","msg":"Executed insert: INSERT INTO DEVICE_TYPE_CLUSTER (DEVICE_TYPE_REF, CLUSTER_NAME, INCLUDE_CLIENT, INCLUDE_SERVER, LOCK_CLIENT, LOCK_SERVER) VALUES (?,?,?,?,?,?): 67,Simple Metering,false,false,false,false => rowid: 686","v":1}
{"level":30,"time":1589725317878,"pid":31079,"hostname":"localhost.localdomain","msg":"Executed insert: INSERT INTO DEVICE_TYPE_CLUSTER (DEVICE_TYPE_REF, CLUSTER_NAME, INCLUDE_CLIENT, INCLUDE_SERVER, LOCK_CLIENT, LOCK_SERVER) VALUES (?,?,?,?,?,?): 67,Prepayment,false,false,false,false => rowid: 687","v":1}
{"level":30,"time":1589725317878,"pid":31079,"hostname":"localhost.localdomain","msg":"Executed insert: INSERT INTO DEVICE_TYPE_CLUSTER (DEVICE_TYPE_REF, CLUSTER_NAME, INCLUDE_CLIENT, INCLUDE_SERVER, LOCK_CLIENT, LOCK_SERVER) VALUES (?,?,?,?,?,?): 67,Device Management,false,false,false,false => rowid: 688","v":1}
{"level":30,"time":1589725317878,"pid":31079,"hostname":"localhost.localdomain","msg":"Executed insert: INSERT INTO DEVICE_TYPE_CLUSTER (DEVICE_TYPE_REF, CLUSTER_NAME, INCLUDE_CLIENT, INCLUDE_SERVER, LOCK_CLIENT, LOCK_SERVER) VALUES (?,?,?,?,?,?): 67,Alarms,false,false,true,false => rowid: 689","v":1}
{"level":30,"time":1589725317879,"pid":31079,"hostname":"localhost.localdomain","msg":"Executed insert: INSERT INTO DEVICE_TYPE_CLUSTER (DEVICE_TYPE_REF, CLUSTER_NAME, INCLUDE_CLIENT, INCLUDE_SERVER, LOCK_CLIENT, LOCK_SERVER) VALUES (?,?,?,?,?,?): 67,MDU Pairing,false,false,false,false => rowid: 690","v":1}
{"level":30,"time":1589725317879,"pid":31079,"hostname":"localhost.localdomain","msg":"Executed insert: INSERT INTO DEVICE_TYPE_CLUSTER (DEVICE_TYPE_REF, CLUSTER_NAME, INCLUDE_CLIENT, INCLUDE_SERVER, LOCK_CLIENT, LOCK_SERVER) VALUES (?,?,?,?,?,?): 67,Energy Management,false,false,false,true => rowid: 691","v":1}
{"level":30,"time":1589725317879,"pid":31079,"hostname":"localhost.localdomain","msg":"Executed insert: INSERT INTO DEVICE_TYPE_CLUSTER (DEVICE_TYPE_REF, CLUSTER_NAME, INCLUDE_CLIENT, INCLUDE_SERVER, LOCK_CLIENT, LOCK_SERVER) VALUES (?,?,?,?,?,?): 67,Tunneling,false,false,false,false => rowid: 692","v":1}
{"level":30,"time":1589725317879,"pid":31079,"hostname":"localhost.localdomain","msg":"Executed insert: INSERT INTO DEVICE_TYPE_CLUSTER (DEVICE_TYPE_REF, CLUSTER_NAME, INCLUDE_CLIENT, INCLUDE_SERVER, LOCK_CLIENT, LOCK_SERVER) VALUES (?,?,?,?,?,?): 67,Keep-Alive,false,false,false,false => rowid: 693","v":1}
{"level":30,"time":1589725317880,"pid":31079,"hostname":"localhost.localdomain","msg":"Preparing statement: INSERT INTO DEVICE_TYPE_ATTRIBUTE (DEVICE_TYPE_CLUSTER_REF, ATTRIBUTE_NAME) VALUES (?, ?) to insert 0 records.","v":1}
{"level":30,"time":1589725317880,"pid":31079,"hostname":"localhost.localdomain","msg":"Preparing statement: INSERT INTO DEVICE_TYPE_COMMAND (DEVICE_TYPE_CLUSTER_REF, COMMAND_NAME) VALUES (?, ?) to insert 0 records.","v":1}
{"level":30,"time":1589725317880,"pid":31079,"hostname":"localhost.localdomain","msg":"Executed insert: INSERT INTO DEVICE_TYPE_CLUSTER (DEVICE_TYPE_REF, CLUSTER_NAME, INCLUDE_CLIENT, INCLUDE_SERVER, LOCK_CLIENT, LOCK_SERVER) VALUES (?,?,?,?,?,?): 72,Basic,false,true,true,true => rowid: 694","v":1}
{"level":30,"time":1589725317880,"pid":31079,"hostname":"localhost.localdomain","msg":"Executed insert: INSERT INTO DEVICE_TYPE_CLUSTER (DEVICE_TYPE_REF, CLUSTER_NAME, INCLUDE_CLIENT, INCLUDE_SERVER, LOCK_CLIENT, LOCK_SERVER) VALUES (?,?,?,?,?,?): 72,Key Establishment,true,true,true,true => rowid: 695","v":1}
{"level":30,"time":1589725317880,"pid":31079,"hostname":"localhost.localdomain","msg":"Executed insert: INSERT INTO DEVICE_TYPE_CLUSTER (DEVICE_TYPE_REF, CLUSTER_NAME, INCLUDE_CLIENT, INCLUDE_SERVER, LOCK_CLIENT, LOCK_SERVER) VALUES (?,?,?,?,?,?): 72,Power Configuration,false,false,true,false => rowid: 696","v":1}
{"level":30,"time":1589725317880,"pid":31079,"hostname":"localhost.localdomain","msg":"Executed insert: INSERT INTO DEVICE_TYPE_CLUSTER (DEVICE_TYPE_REF, CLUSTER_NAME, INCLUDE_CLIENT, INCLUDE_SERVER, LOCK_CLIENT, LOCK_SERVER) VALUES (?,?,?,?,?,?): 72,Commissioning,false,false,false,false => rowid: 697","v":1}
{"level":30,"time":1589725317880,"pid":31079,"hostname":"localhost.localdomain","msg":"Executed insert: INSERT INTO DEVICE_TYPE_CLUSTER (DEVICE_TYPE_REF, CLUSTER_NAME, INCLUDE_CLIENT, INCLUDE_SERVER, LOCK_CLIENT, LOCK_SERVER) VALUES (?,?,?,?,?,?): 72,Identify,false,false,true,false => rowid: 698","v":1}
{"level":30,"time":1589725317880,"pid":31079,"hostname":"localhost.localdomain","msg":"Executed insert: INSERT INTO DEVICE_TYPE_CLUSTER (DEVICE_TYPE_REF, CLUSTER_NAME, INCLUDE_CLIENT, INCLUDE_SERVER, LOCK_CLIENT, LOCK_SERVER) VALUES (?,?,?,?,?,?): 72,Events,false,false,true,false => rowid: 699","v":1}
{"level":30,"time":1589725317880,"pid":31079,"hostname":"localhost.localdomain","msg":"Executed insert: INSERT INTO DEVICE_TYPE_CLUSTER (DEVICE_TYPE_REF, CLUSTER_NAME, INCLUDE_CLIENT, INCLUDE_SERVER, LOCK_CLIENT, LOCK_SERVER) VALUES (?,?,?,?,?,?): 72,Over the Air Bootloading,false,false,false,false => rowid: 700","v":1}
{"level":30,"time":1589725317880,"pid":31079,"hostname":"localhost.localdomain","msg":"Executed insert: INSERT INTO DEVICE_TYPE_CLUSTER (DEVICE_TYPE_REF, CLUSTER_NAME, INCLUDE_CLIENT, INCLUDE_SERVER, LOCK_CLIENT, LOCK_SERVER) VALUES (?,?,?,?,?,?): 72,Simple Metering,false,true,true,true => rowid: 701","v":1}
{"level":30,"time":1589725317880,"pid":31079,"hostname":"localhost.localdomain","msg":"Executed insert: INSERT INTO DEVICE_TYPE_CLUSTER (DEVICE_TYPE_REF, CLUSTER_NAME, INCLUDE_CLIENT, INCLUDE_SERVER, LOCK_CLIENT, LOCK_SERVER) VALUES (?,?,?,?,?,?): 72,Time,false,false,false,true => rowid: 702","v":1}
{"level":30,"time":1589725317880,"pid":31079,"hostname":"localhost.localdomain","msg":"Executed insert: INSERT INTO DEVICE_TYPE_CLUSTER (DEVICE_TYPE_REF, CLUSTER_NAME, INCLUDE_CLIENT, INCLUDE_SERVER, LOCK_CLIENT, LOCK_SERVER) VALUES (?,?,?,?,?,?): 72,Prepayment,false,false,true,false => rowid: 703","v":1}
{"level":30,"time":1589725317880,"pid":31079,"hostname":"localhost.localdomain","msg":"Executed insert: INSERT INTO DEVICE_TYPE_CLUSTER (DEVICE_TYPE_REF, CLUSTER_NAME, INCLUDE_CLIENT, INCLUDE_SERVER, LOCK_CLIENT, LOCK_SERVER) VALUES (?,?,?,?,?,?): 72,Price,false,false,false,true => rowid: 704","v":1}
{"level":30,"time":1589725317880,"pid":31079,"hostname":"localhost.localdomain","msg":"Executed insert: INSERT INTO DEVICE_TYPE_CLUSTER (DEVICE_TYPE_REF, CLUSTER_NAME, INCLUDE_CLIENT, INCLUDE_SERVER, LOCK_CLIENT, LOCK_SERVER) VALUES (?,?,?,?,?,?): 72,Calendar,false,false,false,true => rowid: 705","v":1}
{"level":30,"time":1589725317880,"pid":31079,"hostname":"localhost.localdomain","msg":"Executed insert: INSERT INTO DEVICE_TYPE_CLUSTER (DEVICE_TYPE_REF, CLUSTER_NAME, INCLUDE_CLIENT, INCLUDE_SERVER, LOCK_CLIENT, LOCK_SERVER) VALUES (?,?,?,?,?,?): 72,Messaging,false,false,false,true => rowid: 706","v":1}
{"level":30,"time":1589725317880,"pid":31079,"hostname":"localhost.localdomain","msg":"Executed insert: INSERT INTO DEVICE_TYPE_CLUSTER (DEVICE_TYPE_REF, CLUSTER_NAME, INCLUDE_CLIENT, INCLUDE_SERVER, LOCK_CLIENT, LOCK_SERVER) VALUES (?,?,?,?,?,?): 72,Device Management,false,false,false,true => rowid: 707","v":1}
{"level":30,"time":1589725317880,"pid":31079,"hostname":"localhost.localdomain","msg":"Executed insert: INSERT INTO DEVICE_TYPE_CLUSTER (DEVICE_TYPE_REF, CLUSTER_NAME, INCLUDE_CLIENT, INCLUDE_SERVER, LOCK_CLIENT, LOCK_SERVER) VALUES (?,?,?,?,?,?): 72,MDU Pairing,false,false,false,true => rowid: 708","v":1}
{"level":30,"time":1589725317880,"pid":31079,"hostname":"localhost.localdomain","msg":"Executed insert: INSERT INTO DEVICE_TYPE_CLUSTER (DEVICE_TYPE_REF, CLUSTER_NAME, INCLUDE_CLIENT, INCLUDE_SERVER, LOCK_CLIENT, LOCK_SERVER) VALUES (?,?,?,?,?,?): 72,Alarms,false,false,true,false => rowid: 709","v":1}
{"level":30,"time":1589725317880,"pid":31079,"hostname":"localhost.localdomain","msg":"Executed insert: INSERT INTO DEVICE_TYPE_CLUSTER (DEVICE_TYPE_REF, CLUSTER_NAME, INCLUDE_CLIENT, INCLUDE_SERVER, LOCK_CLIENT, LOCK_SERVER) VALUES (?,?,?,?,?,?): 72,Tunneling,false,false,false,false => rowid: 710","v":1}
{"level":30,"time":1589725317880,"pid":31079,"hostname":"localhost.localdomain","msg":"Executed insert: INSERT INTO DEVICE_TYPE_CLUSTER (DEVICE_TYPE_REF, CLUSTER_NAME, INCLUDE_CLIENT, INCLUDE_SERVER, LOCK_CLIENT, LOCK_SERVER) VALUES (?,?,?,?,?,?): 72,Keep-Alive,false,false,false,false => rowid: 711","v":1}
{"level":30,"time":1589725317881,"pid":31079,"hostname":"localhost.localdomain","msg":"Preparing statement: INSERT INTO DEVICE_TYPE_ATTRIBUTE (DEVICE_TYPE_CLUSTER_REF, ATTRIBUTE_NAME) VALUES (?, ?) to insert 0 records.","v":1}
{"level":30,"time":1589725317881,"pid":31079,"hostname":"localhost.localdomain","msg":"Preparing statement: INSERT INTO DEVICE_TYPE_COMMAND (DEVICE_TYPE_CLUSTER_REF, COMMAND_NAME) VALUES (?, ?) to insert 0 records.","v":1}
{"level":30,"time":1589725317881,"pid":31079,"hostname":"localhost.localdomain","msg":"Executed insert: INSERT INTO DEVICE_TYPE_CLUSTER (DEVICE_TYPE_REF, CLUSTER_NAME, INCLUDE_CLIENT, INCLUDE_SERVER, LOCK_CLIENT, LOCK_SERVER) VALUES (?,?,?,?,?,?): 77,Basic,false,true,true,true => rowid: 712","v":1}
{"level":30,"time":1589725317881,"pid":31079,"hostname":"localhost.localdomain","msg":"Executed insert: INSERT INTO DEVICE_TYPE_CLUSTER (DEVICE_TYPE_REF, CLUSTER_NAME, INCLUDE_CLIENT, INCLUDE_SERVER, LOCK_CLIENT, LOCK_SERVER) VALUES (?,?,?,?,?,?): 77,Key Establishment,true,true,true,true => rowid: 713","v":1}
{"level":30,"time":1589725317881,"pid":31079,"hostname":"localhost.localdomain","msg":"Executed insert: INSERT INTO DEVICE_TYPE_CLUSTER (DEVICE_TYPE_REF, CLUSTER_NAME, INCLUDE_CLIENT, INCLUDE_SERVER, LOCK_CLIENT, LOCK_SERVER) VALUES (?,?,?,?,?,?): 77,Power Configuration,false,false,true,false => rowid: 714","v":1}
{"level":30,"time":1589725317881,"pid":31079,"hostname":"localhost.localdomain","msg":"Executed insert: INSERT INTO DEVICE_TYPE_CLUSTER (DEVICE_TYPE_REF, CLUSTER_NAME, INCLUDE_CLIENT, INCLUDE_SERVER, LOCK_CLIENT, LOCK_SERVER) VALUES (?,?,?,?,?,?): 77,Commissioning,false,false,false,false => rowid: 715","v":1}
{"level":30,"time":1589725317881,"pid":31079,"hostname":"localhost.localdomain","msg":"Executed insert: INSERT INTO DEVICE_TYPE_CLUSTER (DEVICE_TYPE_REF, CLUSTER_NAME, INCLUDE_CLIENT, INCLUDE_SERVER, LOCK_CLIENT, LOCK_SERVER) VALUES (?,?,?,?,?,?): 77,Identify,false,false,true,false => rowid: 716","v":1}
{"level":30,"time":1589725317881,"pid":31079,"hostname":"localhost.localdomain","msg":"Executed insert: INSERT INTO DEVICE_TYPE_CLUSTER (DEVICE_TYPE_REF, CLUSTER_NAME, INCLUDE_CLIENT, INCLUDE_SERVER, LOCK_CLIENT, LOCK_SERVER) VALUES (?,?,?,?,?,?): 77,Events,false,false,false,false => rowid: 717","v":1}
{"level":30,"time":1589725317881,"pid":31079,"hostname":"localhost.localdomain","msg":"Executed insert: INSERT INTO DEVICE_TYPE_CLUSTER (DEVICE_TYPE_REF, CLUSTER_NAME, INCLUDE_CLIENT, INCLUDE_SERVER, LOCK_CLIENT, LOCK_SERVER) VALUES (?,?,?,?,?,?): 77,Over the Air Bootloading,false,false,false,false => rowid: 718","v":1}
{"level":30,"time":1589725317881,"pid":31079,"hostname":"localhost.localdomain","msg":"Executed insert: INSERT INTO DEVICE_TYPE_CLUSTER (DEVICE_TYPE_REF, CLUSTER_NAME, INCLUDE_CLIENT, INCLUDE_SERVER, LOCK_CLIENT, LOCK_SERVER) VALUES (?,?,?,?,?,?): 77,Simple Metering,false,true,false,true => rowid: 719","v":1}
{"level":30,"time":1589725317881,"pid":31079,"hostname":"localhost.localdomain","msg":"Executed insert: INSERT INTO DEVICE_TYPE_CLUSTER (DEVICE_TYPE_REF, CLUSTER_NAME, INCLUDE_CLIENT, INCLUDE_SERVER, LOCK_CLIENT, LOCK_SERVER) VALUES (?,?,?,?,?,?): 77,Time,false,false,false,true => rowid: 720","v":1}
{"level":30,"time":1589725317881,"pid":31079,"hostname":"localhost.localdomain","msg":"Executed insert: INSERT INTO DEVICE_TYPE_CLUSTER (DEVICE_TYPE_REF, CLUSTER_NAME, INCLUDE_CLIENT, INCLUDE_SERVER, LOCK_CLIENT, LOCK_SERVER) VALUES (?,?,?,?,?,?): 77,Prepayment,false,false,false,false => rowid: 721","v":1}
{"level":30,"time":1589725317881,"pid":31079,"hostname":"localhost.localdomain","msg":"Executed insert: INSERT INTO DEVICE_TYPE_CLUSTER (DEVICE_TYPE_REF, CLUSTER_NAME, INCLUDE_CLIENT, INCLUDE_SERVER, LOCK_CLIENT, LOCK_SERVER) VALUES (?,?,?,?,?,?): 77,Price,false,false,false,true => rowid: 722","v":1}
{"level":30,"time":1589725317881,"pid":31079,"hostname":"localhost.localdomain","msg":"Executed insert: INSERT INTO DEVICE_TYPE_CLUSTER (DEVICE_TYPE_REF, CLUSTER_NAME, INCLUDE_CLIENT, INCLUDE_SERVER, LOCK_CLIENT, LOCK_SERVER) VALUES (?,?,?,?,?,?): 77,Messaging,false,false,false,true => rowid: 723","v":1}
{"level":30,"time":1589725317881,"pid":31079,"hostname":"localhost.localdomain","msg":"Executed insert: INSERT INTO DEVICE_TYPE_CLUSTER (DEVICE_TYPE_REF, CLUSTER_NAME, INCLUDE_CLIENT, INCLUDE_SERVER, LOCK_CLIENT, LOCK_SERVER) VALUES (?,?,?,?,?,?): 77,Calendar,false,false,false,true => rowid: 724","v":1}
{"level":30,"time":1589725317881,"pid":31079,"hostname":"localhost.localdomain","msg":"Executed insert: INSERT INTO DEVICE_TYPE_CLUSTER (DEVICE_TYPE_REF, CLUSTER_NAME, INCLUDE_CLIENT, INCLUDE_SERVER, LOCK_CLIENT, LOCK_SERVER) VALUES (?,?,?,?,?,?): 77,Device Management,false,false,false,true => rowid: 725","v":1}
{"level":30,"time":1589725317882,"pid":31079,"hostname":"localhost.localdomain","msg":"Executed insert: INSERT INTO DEVICE_TYPE_CLUSTER (DEVICE_TYPE_REF, CLUSTER_NAME, INCLUDE_CLIENT, INCLUDE_SERVER, LOCK_CLIENT, LOCK_SERVER) VALUES (?,?,?,?,?,?): 77,MDU Pairing,false,false,false,true => rowid: 726","v":1}
{"level":30,"time":1589725317882,"pid":31079,"hostname":"localhost.localdomain","msg":"Executed insert: INSERT INTO DEVICE_TYPE_CLUSTER (DEVICE_TYPE_REF, CLUSTER_NAME, INCLUDE_CLIENT, INCLUDE_SERVER, LOCK_CLIENT, LOCK_SERVER) VALUES (?,?,?,?,?,?): 77,Alarms,false,false,true,false => rowid: 727","v":1}
{"level":30,"time":1589725317882,"pid":31079,"hostname":"localhost.localdomain","msg":"Executed insert: INSERT INTO DEVICE_TYPE_CLUSTER (DEVICE_TYPE_REF, CLUSTER_NAME, INCLUDE_CLIENT, INCLUDE_SERVER, LOCK_CLIENT, LOCK_SERVER) VALUES (?,?,?,?,?,?): 77,Tunneling,false,false,false,false => rowid: 728","v":1}
{"level":30,"time":1589725317882,"pid":31079,"hostname":"localhost.localdomain","msg":"Executed insert: INSERT INTO DEVICE_TYPE_CLUSTER (DEVICE_TYPE_REF, CLUSTER_NAME, INCLUDE_CLIENT, INCLUDE_SERVER, LOCK_CLIENT, LOCK_SERVER) VALUES (?,?,?,?,?,?): 77,Keep-Alive,false,false,false,false => rowid: 729","v":1}
{"level":30,"time":1589725317882,"pid":31079,"hostname":"localhost.localdomain","msg":"Preparing statement: INSERT INTO DEVICE_TYPE_ATTRIBUTE (DEVICE_TYPE_CLUSTER_REF, ATTRIBUTE_NAME) VALUES (?, ?) to insert 0 records.","v":1}
{"level":30,"time":1589725317882,"pid":31079,"hostname":"localhost.localdomain","msg":"Preparing statement: INSERT INTO DEVICE_TYPE_COMMAND (DEVICE_TYPE_CLUSTER_REF, COMMAND_NAME) VALUES (?, ?) to insert 0 records.","v":1}
{"level":30,"time":1589725317884,"pid":31079,"hostname":"localhost.localdomain","msg":"Executed insert: INSERT INTO DEVICE_TYPE_CLUSTER (DEVICE_TYPE_REF, CLUSTER_NAME, INCLUDE_CLIENT, INCLUDE_SERVER, LOCK_CLIENT, LOCK_SERVER) VALUES (?,?,?,?,?,?): 82,Basic,false,true,true,true => rowid: 730","v":1}
{"level":30,"time":1589725317884,"pid":31079,"hostname":"localhost.localdomain","msg":"Executed insert: INSERT INTO DEVICE_TYPE_CLUSTER (DEVICE_TYPE_REF, CLUSTER_NAME, INCLUDE_CLIENT, INCLUDE_SERVER, LOCK_CLIENT, LOCK_SERVER) VALUES (?,?,?,?,?,?): 82,Key Establishment,true,true,true,true => rowid: 731","v":1}
{"level":30,"time":1589725317884,"pid":31079,"hostname":"localhost.localdomain","msg":"Executed insert: INSERT INTO DEVICE_TYPE_CLUSTER (DEVICE_TYPE_REF, CLUSTER_NAME, INCLUDE_CLIENT, INCLUDE_SERVER, LOCK_CLIENT, LOCK_SERVER) VALUES (?,?,?,?,?,?): 82,Power Configuration,false,false,true,false => rowid: 732","v":1}
{"level":30,"time":1589725317884,"pid":31079,"hostname":"localhost.localdomain","msg":"Executed insert: INSERT INTO DEVICE_TYPE_CLUSTER (DEVICE_TYPE_REF, CLUSTER_NAME, INCLUDE_CLIENT, INCLUDE_SERVER, LOCK_CLIENT, LOCK_SERVER) VALUES (?,?,?,?,?,?): 82,Commissioning,false,false,false,false => rowid: 733","v":1}
{"level":30,"time":1589725317884,"pid":31079,"hostname":"localhost.localdomain","msg":"Executed insert: INSERT INTO DEVICE_TYPE_CLUSTER (DEVICE_TYPE_REF, CLUSTER_NAME, INCLUDE_CLIENT, INCLUDE_SERVER, LOCK_CLIENT, LOCK_SERVER) VALUES (?,?,?,?,?,?): 82,Identify,false,false,true,false => rowid: 734","v":1}
{"level":30,"time":1589725317884,"pid":31079,"hostname":"localhost.localdomain","msg":"Executed insert: INSERT INTO DEVICE_TYPE_CLUSTER (DEVICE_TYPE_REF, CLUSTER_NAME, INCLUDE_CLIENT, INCLUDE_SERVER, LOCK_CLIENT, LOCK_SERVER) VALUES (?,?,?,?,?,?): 82,Events,false,false,false,false => rowid: 735","v":1}
{"level":30,"time":1589725317884,"pid":31079,"hostname":"localhost.localdomain","msg":"Executed insert: INSERT INTO DEVICE_TYPE_CLUSTER (DEVICE_TYPE_REF, CLUSTER_NAME, INCLUDE_CLIENT, INCLUDE_SERVER, LOCK_CLIENT, LOCK_SERVER) VALUES (?,?,?,?,?,?): 82,Over the Air Bootloading,false,false,false,false => rowid: 736","v":1}
{"level":30,"time":1589725317884,"pid":31079,"hostname":"localhost.localdomain","msg":"Executed insert: INSERT INTO DEVICE_TYPE_CLUSTER (DEVICE_TYPE_REF, CLUSTER_NAME, INCLUDE_CLIENT, INCLUDE_SERVER, LOCK_CLIENT, LOCK_SERVER) VALUES (?,?,?,?,?,?): 82,Demand Response and Load Control,false,false,false,true => rowid: 737","v":1}
{"level":30,"time":1589725317884,"pid":31079,"hostname":"localhost.localdomain","msg":"Executed insert: INSERT INTO DEVICE_TYPE_CLUSTER (DEVICE_TYPE_REF, CLUSTER_NAME, INCLUDE_CLIENT, INCLUDE_SERVER, LOCK_CLIENT, LOCK_SERVER) VALUES (?,?,?,?,?,?): 82,Time,false,false,false,true => rowid: 738","v":1}
{"level":30,"time":1589725317884,"pid":31079,"hostname":"localhost.localdomain","msg":"Executed insert: INSERT INTO DEVICE_TYPE_CLUSTER (DEVICE_TYPE_REF, CLUSTER_NAME, INCLUDE_CLIENT, INCLUDE_SERVER, LOCK_CLIENT, LOCK_SERVER) VALUES (?,?,?,?,?,?): 82,Prepayment,false,false,false,true => rowid: 739","v":1}
{"level":30,"time":1589725317884,"pid":31079,"hostname":"localhost.localdomain","msg":"Executed insert: INSERT INTO DEVICE_TYPE_CLUSTER (DEVICE_TYPE_REF, CLUSTER_NAME, INCLUDE_CLIENT, INCLUDE_SERVER, LOCK_CLIENT, LOCK_SERVER) VALUES (?,?,?,?,?,?): 82,Price,false,false,false,true => rowid: 740","v":1}
{"level":30,"time":1589725317884,"pid":31079,"hostname":"localhost.localdomain","msg":"Executed insert: INSERT INTO DEVICE_TYPE_CLUSTER (DEVICE_TYPE_REF, CLUSTER_NAME, INCLUDE_CLIENT, INCLUDE_SERVER, LOCK_CLIENT, LOCK_SERVER) VALUES (?,?,?,?,?,?): 82,Calendar,false,false,false,true => rowid: 741","v":1}
{"level":30,"time":1589725317884,"pid":31079,"hostname":"localhost.localdomain","msg":"Executed insert: INSERT INTO DEVICE_TYPE_CLUSTER (DEVICE_TYPE_REF, CLUSTER_NAME, INCLUDE_CLIENT, INCLUDE_SERVER, LOCK_CLIENT, LOCK_SERVER) VALUES (?,?,?,?,?,?): 82,Simple Metering,false,false,false,true => rowid: 742","v":1}
{"level":30,"time":1589725317884,"pid":31079,"hostname":"localhost.localdomain","msg":"Executed insert: INSERT INTO DEVICE_TYPE_CLUSTER (DEVICE_TYPE_REF, CLUSTER_NAME, INCLUDE_CLIENT, INCLUDE_SERVER, LOCK_CLIENT, LOCK_SERVER) VALUES (?,?,?,?,?,?): 82,Messaging,false,false,false,true => rowid: 743","v":1}
{"level":30,"time":1589725317884,"pid":31079,"hostname":"localhost.localdomain","msg":"Executed insert: INSERT INTO DEVICE_TYPE_CLUSTER (DEVICE_TYPE_REF, CLUSTER_NAME, INCLUDE_CLIENT, INCLUDE_SERVER, LOCK_CLIENT, LOCK_SERVER) VALUES (?,?,?,?,?,?): 82,Device Management,false,false,false,true => rowid: 744","v":1}
{"level":30,"time":1589725317884,"pid":31079,"hostname":"localhost.localdomain","msg":"Executed insert: INSERT INTO DEVICE_TYPE_CLUSTER (DEVICE_TYPE_REF, CLUSTER_NAME, INCLUDE_CLIENT, INCLUDE_SERVER, LOCK_CLIENT, LOCK_SERVER) VALUES (?,?,?,?,?,?): 82,MDU Pairing,false,false,false,true => rowid: 745","v":1}
{"level":30,"time":1589725317884,"pid":31079,"hostname":"localhost.localdomain","msg":"Executed insert: INSERT INTO DEVICE_TYPE_CLUSTER (DEVICE_TYPE_REF, CLUSTER_NAME, INCLUDE_CLIENT, INCLUDE_SERVER, LOCK_CLIENT, LOCK_SERVER) VALUES (?,?,?,?,?,?): 82,Energy Management,false,false,false,true => rowid: 746","v":1}
{"level":30,"time":1589725317884,"pid":31079,"hostname":"localhost.localdomain","msg":"Executed insert: INSERT INTO DEVICE_TYPE_CLUSTER (DEVICE_TYPE_REF, CLUSTER_NAME, INCLUDE_CLIENT, INCLUDE_SERVER, LOCK_CLIENT, LOCK_SERVER) VALUES (?,?,?,?,?,?): 82,Alarms,false,false,true,false => rowid: 747","v":1}
{"level":30,"time":1589725317884,"pid":31079,"hostname":"localhost.localdomain","msg":"Executed insert: INSERT INTO DEVICE_TYPE_CLUSTER (DEVICE_TYPE_REF, CLUSTER_NAME, INCLUDE_CLIENT, INCLUDE_SERVER, LOCK_CLIENT, LOCK_SERVER) VALUES (?,?,?,?,?,?): 82,Tunneling,false,false,false,false => rowid: 748","v":1}
{"level":30,"time":1589725317884,"pid":31079,"hostname":"localhost.localdomain","msg":"Executed insert: INSERT INTO DEVICE_TYPE_CLUSTER (DEVICE_TYPE_REF, CLUSTER_NAME, INCLUDE_CLIENT, INCLUDE_SERVER, LOCK_CLIENT, LOCK_SERVER) VALUES (?,?,?,?,?,?): 82,Keep-Alive,false,false,false,false => rowid: 749","v":1}
{"level":30,"time":1589725317885,"pid":31079,"hostname":"localhost.localdomain","msg":"Preparing statement: INSERT INTO DEVICE_TYPE_ATTRIBUTE (DEVICE_TYPE_CLUSTER_REF, ATTRIBUTE_NAME) VALUES (?, ?) to insert 0 records.","v":1}
{"level":30,"time":1589725317885,"pid":31079,"hostname":"localhost.localdomain","msg":"Preparing statement: INSERT INTO DEVICE_TYPE_COMMAND (DEVICE_TYPE_CLUSTER_REF, COMMAND_NAME) VALUES (?, ?) to insert 0 records.","v":1}
{"level":30,"time":1589725317885,"pid":31079,"hostname":"localhost.localdomain","msg":"Executed insert: INSERT INTO DEVICE_TYPE_CLUSTER (DEVICE_TYPE_REF, CLUSTER_NAME, INCLUDE_CLIENT, INCLUDE_SERVER, LOCK_CLIENT, LOCK_SERVER) VALUES (?,?,?,?,?,?): 87,Basic,false,true,true,true => rowid: 750","v":1}
{"level":30,"time":1589725317885,"pid":31079,"hostname":"localhost.localdomain","msg":"Executed insert: INSERT INTO DEVICE_TYPE_CLUSTER (DEVICE_TYPE_REF, CLUSTER_NAME, INCLUDE_CLIENT, INCLUDE_SERVER, LOCK_CLIENT, LOCK_SERVER) VALUES (?,?,?,?,?,?): 87,Key Establishment,true,true,true,true => rowid: 751","v":1}
{"level":30,"time":1589725317885,"pid":31079,"hostname":"localhost.localdomain","msg":"Executed insert: INSERT INTO DEVICE_TYPE_CLUSTER (DEVICE_TYPE_REF, CLUSTER_NAME, INCLUDE_CLIENT, INCLUDE_SERVER, LOCK_CLIENT, LOCK_SERVER) VALUES (?,?,?,?,?,?): 87,Power Configuration,false,false,true,false => rowid: 752","v":1}
{"level":30,"time":1589725317885,"pid":31079,"hostname":"localhost.localdomain","msg":"Executed insert: INSERT INTO DEVICE_TYPE_CLUSTER (DEVICE_TYPE_REF, CLUSTER_NAME, INCLUDE_CLIENT, INCLUDE_SERVER, LOCK_CLIENT, LOCK_SERVER) VALUES (?,?,?,?,?,?): 87,Commissioning,false,false,false,false => rowid: 753","v":1}
{"level":30,"time":1589725317885,"pid":31079,"hostname":"localhost.localdomain","msg":"Executed insert: INSERT INTO DEVICE_TYPE_CLUSTER (DEVICE_TYPE_REF, CLUSTER_NAME, INCLUDE_CLIENT, INCLUDE_SERVER, LOCK_CLIENT, LOCK_SERVER) VALUES (?,?,?,?,?,?): 87,Identify,false,false,true,false => rowid: 754","v":1}
{"level":30,"time":1589725317885,"pid":31079,"hostname":"localhost.localdomain","msg":"Executed insert: INSERT INTO DEVICE_TYPE_CLUSTER (DEVICE_TYPE_REF, CLUSTER_NAME, INCLUDE_CLIENT, INCLUDE_SERVER, LOCK_CLIENT, LOCK_SERVER) VALUES (?,?,?,?,?,?): 87,Events,false,false,true,false => rowid: 755","v":1}
{"level":30,"time":1589725317885,"pid":31079,"hostname":"localhost.localdomain","msg":"Executed insert: INSERT INTO DEVICE_TYPE_CLUSTER (DEVICE_TYPE_REF, CLUSTER_NAME, INCLUDE_CLIENT, INCLUDE_SERVER, LOCK_CLIENT, LOCK_SERVER) VALUES (?,?,?,?,?,?): 87,Over the Air Bootloading,false,false,false,false => rowid: 756","v":1}
{"level":30,"time":1589725317885,"pid":31079,"hostname":"localhost.localdomain","msg":"Executed insert: INSERT INTO DEVICE_TYPE_CLUSTER (DEVICE_TYPE_REF, CLUSTER_NAME, INCLUDE_CLIENT, INCLUDE_SERVER, LOCK_CLIENT, LOCK_SERVER) VALUES (?,?,?,?,?,?): 87,Demand Response and Load Control,true,false,true,true => rowid: 757","v":1}
{"level":30,"time":1589725317885,"pid":31079,"hostname":"localhost.localdomain","msg":"Executed insert: INSERT INTO DEVICE_TYPE_CLUSTER (DEVICE_TYPE_REF, CLUSTER_NAME, INCLUDE_CLIENT, INCLUDE_SERVER, LOCK_CLIENT, LOCK_SERVER) VALUES (?,?,?,?,?,?): 87,Time,true,false,true,true => rowid: 758","v":1}
{"level":30,"time":1589725317885,"pid":31079,"hostname":"localhost.localdomain","msg":"Executed insert: INSERT INTO DEVICE_TYPE_CLUSTER (DEVICE_TYPE_REF, CLUSTER_NAME, INCLUDE_CLIENT, INCLUDE_SERVER, LOCK_CLIENT, LOCK_SERVER) VALUES (?,?,?,?,?,?): 87,Prepayment,false,false,false,true => rowid: 759","v":1}
{"level":30,"time":1589725317885,"pid":31079,"hostname":"localhost.localdomain","msg":"Executed insert: INSERT INTO DEVICE_TYPE_CLUSTER (DEVICE_TYPE_REF, CLUSTER_NAME, INCLUDE_CLIENT, INCLUDE_SERVER, LOCK_CLIENT, LOCK_SERVER) VALUES (?,?,?,?,?,?): 87,Price,false,false,false,true => rowid: 760","v":1}
{"level":30,"time":1589725317885,"pid":31079,"hostname":"localhost.localdomain","msg":"Executed insert: INSERT INTO DEVICE_TYPE_CLUSTER (DEVICE_TYPE_REF, CLUSTER_NAME, INCLUDE_CLIENT, INCLUDE_SERVER, LOCK_CLIENT, LOCK_SERVER) VALUES (?,?,?,?,?,?): 87,Calendar,false,false,false,true => rowid: 761","v":1}
{"level":30,"time":1589725317885,"pid":31079,"hostname":"localhost.localdomain","msg":"Executed insert: INSERT INTO DEVICE_TYPE_CLUSTER (DEVICE_TYPE_REF, CLUSTER_NAME, INCLUDE_CLIENT, INCLUDE_SERVER, LOCK_CLIENT, LOCK_SERVER) VALUES (?,?,?,?,?,?): 87,Simple Metering,false,false,false,true => rowid: 762","v":1}
{"level":30,"time":1589725317885,"pid":31079,"hostname":"localhost.localdomain","msg":"Executed insert: INSERT INTO DEVICE_TYPE_CLUSTER (DEVICE_TYPE_REF, CLUSTER_NAME, INCLUDE_CLIENT, INCLUDE_SERVER, LOCK_CLIENT, LOCK_SERVER) VALUES (?,?,?,?,?,?): 87,Messaging,false,false,false,true => rowid: 763","v":1}
{"level":30,"time":1589725317885,"pid":31079,"hostname":"localhost.localdomain","msg":"Executed insert: INSERT INTO DEVICE_TYPE_CLUSTER (DEVICE_TYPE_REF, CLUSTER_NAME, INCLUDE_CLIENT, INCLUDE_SERVER, LOCK_CLIENT, LOCK_SERVER) VALUES (?,?,?,?,?,?): 87,Device Management,false,false,false,true => rowid: 764","v":1}
{"level":30,"time":1589725317885,"pid":31079,"hostname":"localhost.localdomain","msg":"Executed insert: INSERT INTO DEVICE_TYPE_CLUSTER (DEVICE_TYPE_REF, CLUSTER_NAME, INCLUDE_CLIENT, INCLUDE_SERVER, LOCK_CLIENT, LOCK_SERVER) VALUES (?,?,?,?,?,?): 87,MDU Pairing,false,false,false,true => rowid: 765","v":1}
{"level":30,"time":1589725317885,"pid":31079,"hostname":"localhost.localdomain","msg":"Executed insert: INSERT INTO DEVICE_TYPE_CLUSTER (DEVICE_TYPE_REF, CLUSTER_NAME, INCLUDE_CLIENT, INCLUDE_SERVER, LOCK_CLIENT, LOCK_SERVER) VALUES (?,?,?,?,?,?): 87,Energy Management,false,false,true,false => rowid: 766","v":1}
{"level":30,"time":1589725317885,"pid":31079,"hostname":"localhost.localdomain","msg":"Executed insert: INSERT INTO DEVICE_TYPE_CLUSTER (DEVICE_TYPE_REF, CLUSTER_NAME, INCLUDE_CLIENT, INCLUDE_SERVER, LOCK_CLIENT, LOCK_SERVER) VALUES (?,?,?,?,?,?): 87,Alarms,false,false,true,false => rowid: 767","v":1}
{"level":30,"time":1589725317885,"pid":31079,"hostname":"localhost.localdomain","msg":"Executed insert: INSERT INTO DEVICE_TYPE_CLUSTER (DEVICE_TYPE_REF, CLUSTER_NAME, INCLUDE_CLIENT, INCLUDE_SERVER, LOCK_CLIENT, LOCK_SERVER) VALUES (?,?,?,?,?,?): 87,Tunneling,false,false,false,false => rowid: 768","v":1}
{"level":30,"time":1589725317886,"pid":31079,"hostname":"localhost.localdomain","msg":"Executed insert: INSERT INTO DEVICE_TYPE_CLUSTER (DEVICE_TYPE_REF, CLUSTER_NAME, INCLUDE_CLIENT, INCLUDE_SERVER, LOCK_CLIENT, LOCK_SERVER) VALUES (?,?,?,?,?,?): 87,Keep-Alive,false,false,false,false => rowid: 769","v":1}
{"level":30,"time":1589725317886,"pid":31079,"hostname":"localhost.localdomain","msg":"Preparing statement: INSERT INTO DEVICE_TYPE_ATTRIBUTE (DEVICE_TYPE_CLUSTER_REF, ATTRIBUTE_NAME) VALUES (?, ?) to insert 0 records.","v":1}
{"level":30,"time":1589725317886,"pid":31079,"hostname":"localhost.localdomain","msg":"Preparing statement: INSERT INTO DEVICE_TYPE_COMMAND (DEVICE_TYPE_CLUSTER_REF, COMMAND_NAME) VALUES (?, ?) to insert 0 records.","v":1}
{"level":30,"time":1589725317886,"pid":31079,"hostname":"localhost.localdomain","msg":"Executed insert: INSERT INTO DEVICE_TYPE_CLUSTER (DEVICE_TYPE_REF, CLUSTER_NAME, INCLUDE_CLIENT, INCLUDE_SERVER, LOCK_CLIENT, LOCK_SERVER) VALUES (?,?,?,?,?,?): 91,Basic,false,true,true,true => rowid: 770","v":1}
{"level":30,"time":1589725317886,"pid":31079,"hostname":"localhost.localdomain","msg":"Executed insert: INSERT INTO DEVICE_TYPE_CLUSTER (DEVICE_TYPE_REF, CLUSTER_NAME, INCLUDE_CLIENT, INCLUDE_SERVER, LOCK_CLIENT, LOCK_SERVER) VALUES (?,?,?,?,?,?): 91,Key Establishment,true,true,true,true => rowid: 771","v":1}
{"level":30,"time":1589725317886,"pid":31079,"hostname":"localhost.localdomain","msg":"Executed insert: INSERT INTO DEVICE_TYPE_CLUSTER (DEVICE_TYPE_REF, CLUSTER_NAME, INCLUDE_CLIENT, INCLUDE_SERVER, LOCK_CLIENT, LOCK_SERVER) VALUES (?,?,?,?,?,?): 91,Power Configuration,false,false,true,false => rowid: 772","v":1}
{"level":30,"time":1589725317886,"pid":31079,"hostname":"localhost.localdomain","msg":"Executed insert: INSERT INTO DEVICE_TYPE_CLUSTER (DEVICE_TYPE_REF, CLUSTER_NAME, INCLUDE_CLIENT, INCLUDE_SERVER, LOCK_CLIENT, LOCK_SERVER) VALUES (?,?,?,?,?,?): 91,Commissioning,false,false,false,false => rowid: 773","v":1}
{"level":30,"time":1589725317886,"pid":31079,"hostname":"localhost.localdomain","msg":"Executed insert: INSERT INTO DEVICE_TYPE_CLUSTER (DEVICE_TYPE_REF, CLUSTER_NAME, INCLUDE_CLIENT, INCLUDE_SERVER, LOCK_CLIENT, LOCK_SERVER) VALUES (?,?,?,?,?,?): 91,Identify,false,false,true,false => rowid: 774","v":1}
{"level":30,"time":1589725317886,"pid":31079,"hostname":"localhost.localdomain","msg":"Executed insert: INSERT INTO DEVICE_TYPE_CLUSTER (DEVICE_TYPE_REF, CLUSTER_NAME, INCLUDE_CLIENT, INCLUDE_SERVER, LOCK_CLIENT, LOCK_SERVER) VALUES (?,?,?,?,?,?): 91,Events,false,false,true,false => rowid: 775","v":1}
{"level":30,"time":1589725317886,"pid":31079,"hostname":"localhost.localdomain","msg":"Executed insert: INSERT INTO DEVICE_TYPE_CLUSTER (DEVICE_TYPE_REF, CLUSTER_NAME, INCLUDE_CLIENT, INCLUDE_SERVER, LOCK_CLIENT, LOCK_SERVER) VALUES (?,?,?,?,?,?): 91,Over the Air Bootloading,false,false,false,false => rowid: 776","v":1}
{"level":30,"time":1589725317886,"pid":31079,"hostname":"localhost.localdomain","msg":"Executed insert: INSERT INTO DEVICE_TYPE_CLUSTER (DEVICE_TYPE_REF, CLUSTER_NAME, INCLUDE_CLIENT, INCLUDE_SERVER, LOCK_CLIENT, LOCK_SERVER) VALUES (?,?,?,?,?,?): 91,Demand Response and Load Control,true,false,true,true => rowid: 777","v":1}
{"level":30,"time":1589725317886,"pid":31079,"hostname":"localhost.localdomain","msg":"Executed insert: INSERT INTO DEVICE_TYPE_CLUSTER (DEVICE_TYPE_REF, CLUSTER_NAME, INCLUDE_CLIENT, INCLUDE_SERVER, LOCK_CLIENT, LOCK_SERVER) VALUES (?,?,?,?,?,?): 91,Time,true,false,true,true => rowid: 778","v":1}
{"level":30,"time":1589725317886,"pid":31079,"hostname":"localhost.localdomain","msg":"Executed insert: INSERT INTO DEVICE_TYPE_CLUSTER (DEVICE_TYPE_REF, CLUSTER_NAME, INCLUDE_CLIENT, INCLUDE_SERVER, LOCK_CLIENT, LOCK_SERVER) VALUES (?,?,?,?,?,?): 91,Price,false,false,false,true => rowid: 779","v":1}
{"level":30,"time":1589725317886,"pid":31079,"hostname":"localhost.localdomain","msg":"Executed insert: INSERT INTO DEVICE_TYPE_CLUSTER (DEVICE_TYPE_REF, CLUSTER_NAME, INCLUDE_CLIENT, INCLUDE_SERVER, LOCK_CLIENT, LOCK_SERVER) VALUES (?,?,?,?,?,?): 91,Calendar,false,false,false,true => rowid: 780","v":1}
{"level":30,"time":1589725317886,"pid":31079,"hostname":"localhost.localdomain","msg":"Executed insert: INSERT INTO DEVICE_TYPE_CLUSTER (DEVICE_TYPE_REF, CLUSTER_NAME, INCLUDE_CLIENT, INCLUDE_SERVER, LOCK_CLIENT, LOCK_SERVER) VALUES (?,?,?,?,?,?): 91,Device Management,false,false,false,true => rowid: 781","v":1}
{"level":30,"time":1589725317886,"pid":31079,"hostname":"localhost.localdomain","msg":"Executed insert: INSERT INTO DEVICE_TYPE_CLUSTER (DEVICE_TYPE_REF, CLUSTER_NAME, INCLUDE_CLIENT, INCLUDE_SERVER, LOCK_CLIENT, LOCK_SERVER) VALUES (?,?,?,?,?,?): 91,MDU Pairing,false,false,false,true => rowid: 782","v":1}
{"level":30,"time":1589725317886,"pid":31079,"hostname":"localhost.localdomain","msg":"Executed insert: INSERT INTO DEVICE_TYPE_CLUSTER (DEVICE_TYPE_REF, CLUSTER_NAME, INCLUDE_CLIENT, INCLUDE_SERVER, LOCK_CLIENT, LOCK_SERVER) VALUES (?,?,?,?,?,?): 91,Energy Management,false,false,true,false => rowid: 783","v":1}
{"level":30,"time":1589725317886,"pid":31079,"hostname":"localhost.localdomain","msg":"Executed insert: INSERT INTO DEVICE_TYPE_CLUSTER (DEVICE_TYPE_REF, CLUSTER_NAME, INCLUDE_CLIENT, INCLUDE_SERVER, LOCK_CLIENT, LOCK_SERVER) VALUES (?,?,?,?,?,?): 91,Alarms,false,false,true,false => rowid: 784","v":1}
{"level":30,"time":1589725317887,"pid":31079,"hostname":"localhost.localdomain","msg":"Executed insert: INSERT INTO DEVICE_TYPE_CLUSTER (DEVICE_TYPE_REF, CLUSTER_NAME, INCLUDE_CLIENT, INCLUDE_SERVER, LOCK_CLIENT, LOCK_SERVER) VALUES (?,?,?,?,?,?): 91,Tunneling,false,false,false,false => rowid: 785","v":1}
{"level":30,"time":1589725317887,"pid":31079,"hostname":"localhost.localdomain","msg":"Executed insert: INSERT INTO DEVICE_TYPE_CLUSTER (DEVICE_TYPE_REF, CLUSTER_NAME, INCLUDE_CLIENT, INCLUDE_SERVER, LOCK_CLIENT, LOCK_SERVER) VALUES (?,?,?,?,?,?): 91,Keep-Alive,false,false,false,false => rowid: 786","v":1}
{"level":30,"time":1589725317887,"pid":31079,"hostname":"localhost.localdomain","msg":"Preparing statement: INSERT INTO DEVICE_TYPE_ATTRIBUTE (DEVICE_TYPE_CLUSTER_REF, ATTRIBUTE_NAME) VALUES (?, ?) to insert 0 records.","v":1}
{"level":30,"time":1589725317887,"pid":31079,"hostname":"localhost.localdomain","msg":"Preparing statement: INSERT INTO DEVICE_TYPE_COMMAND (DEVICE_TYPE_CLUSTER_REF, COMMAND_NAME) VALUES (?, ?) to insert 0 records.","v":1}
{"level":30,"time":1589725317887,"pid":31079,"hostname":"localhost.localdomain","msg":"Executed insert: INSERT INTO DEVICE_TYPE_CLUSTER (DEVICE_TYPE_REF, CLUSTER_NAME, INCLUDE_CLIENT, INCLUDE_SERVER, LOCK_CLIENT, LOCK_SERVER) VALUES (?,?,?,?,?,?): 95,Basic,false,true,true,true => rowid: 787","v":1}
{"level":30,"time":1589725317887,"pid":31079,"hostname":"localhost.localdomain","msg":"Executed insert: INSERT INTO DEVICE_TYPE_CLUSTER (DEVICE_TYPE_REF, CLUSTER_NAME, INCLUDE_CLIENT, INCLUDE_SERVER, LOCK_CLIENT, LOCK_SERVER) VALUES (?,?,?,?,?,?): 95,Key Establishment,true,true,true,true => rowid: 788","v":1}
{"level":30,"time":1589725317887,"pid":31079,"hostname":"localhost.localdomain","msg":"Executed insert: INSERT INTO DEVICE_TYPE_CLUSTER (DEVICE_TYPE_REF, CLUSTER_NAME, INCLUDE_CLIENT, INCLUDE_SERVER, LOCK_CLIENT, LOCK_SERVER) VALUES (?,?,?,?,?,?): 95,Power Configuration,false,false,true,false => rowid: 789","v":1}
{"level":30,"time":1589725317887,"pid":31079,"hostname":"localhost.localdomain","msg":"Executed insert: INSERT INTO DEVICE_TYPE_CLUSTER (DEVICE_TYPE_REF, CLUSTER_NAME, INCLUDE_CLIENT, INCLUDE_SERVER, LOCK_CLIENT, LOCK_SERVER) VALUES (?,?,?,?,?,?): 95,Commissioning,false,false,false,false => rowid: 790","v":1}
{"level":30,"time":1589725317887,"pid":31079,"hostname":"localhost.localdomain","msg":"Executed insert: INSERT INTO DEVICE_TYPE_CLUSTER (DEVICE_TYPE_REF, CLUSTER_NAME, INCLUDE_CLIENT, INCLUDE_SERVER, LOCK_CLIENT, LOCK_SERVER) VALUES (?,?,?,?,?,?): 95,Identify,false,false,true,false => rowid: 791","v":1}
{"level":30,"time":1589725317887,"pid":31079,"hostname":"localhost.localdomain","msg":"Executed insert: INSERT INTO DEVICE_TYPE_CLUSTER (DEVICE_TYPE_REF, CLUSTER_NAME, INCLUDE_CLIENT, INCLUDE_SERVER, LOCK_CLIENT, LOCK_SERVER) VALUES (?,?,?,?,?,?): 95,Events,false,false,true,false => rowid: 792","v":1}
{"level":30,"time":1589725317887,"pid":31079,"hostname":"localhost.localdomain","msg":"Executed insert: INSERT INTO DEVICE_TYPE_CLUSTER (DEVICE_TYPE_REF, CLUSTER_NAME, INCLUDE_CLIENT, INCLUDE_SERVER, LOCK_CLIENT, LOCK_SERVER) VALUES (?,?,?,?,?,?): 95,Over the Air Bootloading,false,false,false,false => rowid: 793","v":1}
{"level":30,"time":1589725317887,"pid":31079,"hostname":"localhost.localdomain","msg":"Executed insert: INSERT INTO DEVICE_TYPE_CLUSTER (DEVICE_TYPE_REF, CLUSTER_NAME, INCLUDE_CLIENT, INCLUDE_SERVER, LOCK_CLIENT, LOCK_SERVER) VALUES (?,?,?,?,?,?): 95,Price,true,false,true,true => rowid: 794","v":1}
{"level":30,"time":1589725317887,"pid":31079,"hostname":"localhost.localdomain","msg":"Executed insert: INSERT INTO DEVICE_TYPE_CLUSTER (DEVICE_TYPE_REF, CLUSTER_NAME, INCLUDE_CLIENT, INCLUDE_SERVER, LOCK_CLIENT, LOCK_SERVER) VALUES (?,?,?,?,?,?): 95,Time,true,false,true,true => rowid: 795","v":1}
{"level":30,"time":1589725317887,"pid":31079,"hostname":"localhost.localdomain","msg":"Executed insert: INSERT INTO DEVICE_TYPE_CLUSTER (DEVICE_TYPE_REF, CLUSTER_NAME, INCLUDE_CLIENT, INCLUDE_SERVER, LOCK_CLIENT, LOCK_SERVER) VALUES (?,?,?,?,?,?): 95,Demand Response and Load Control,false,false,false,true => rowid: 796","v":1}
{"level":30,"time":1589725317887,"pid":31079,"hostname":"localhost.localdomain","msg":"Executed insert: INSERT INTO DEVICE_TYPE_CLUSTER (DEVICE_TYPE_REF, CLUSTER_NAME, INCLUDE_CLIENT, INCLUDE_SERVER, LOCK_CLIENT, LOCK_SERVER) VALUES (?,?,?,?,?,?): 95,Messaging,false,false,false,true => rowid: 797","v":1}
{"level":30,"time":1589725317887,"pid":31079,"hostname":"localhost.localdomain","msg":"Executed insert: INSERT INTO DEVICE_TYPE_CLUSTER (DEVICE_TYPE_REF, CLUSTER_NAME, INCLUDE_CLIENT, INCLUDE_SERVER, LOCK_CLIENT, LOCK_SERVER) VALUES (?,?,?,?,?,?): 95,Calendar,false,false,false,true => rowid: 798","v":1}
{"level":30,"time":1589725317887,"pid":31079,"hostname":"localhost.localdomain","msg":"Executed insert: INSERT INTO DEVICE_TYPE_CLUSTER (DEVICE_TYPE_REF, CLUSTER_NAME, INCLUDE_CLIENT, INCLUDE_SERVER, LOCK_CLIENT, LOCK_SERVER) VALUES (?,?,?,?,?,?): 95,Device Management,false,false,false,true => rowid: 799","v":1}
{"level":30,"time":1589725317887,"pid":31079,"hostname":"localhost.localdomain","msg":"Executed insert: INSERT INTO DEVICE_TYPE_CLUSTER (DEVICE_TYPE_REF, CLUSTER_NAME, INCLUDE_CLIENT, INCLUDE_SERVER, LOCK_CLIENT, LOCK_SERVER) VALUES (?,?,?,?,?,?): 95,MDU Pairing,false,false,false,true => rowid: 800","v":1}
{"level":30,"time":1589725317887,"pid":31079,"hostname":"localhost.localdomain","msg":"Executed insert: INSERT INTO DEVICE_TYPE_CLUSTER (DEVICE_TYPE_REF, CLUSTER_NAME, INCLUDE_CLIENT, INCLUDE_SERVER, LOCK_CLIENT, LOCK_SERVER) VALUES (?,?,?,?,?,?): 95,Energy Management,false,false,true,false => rowid: 801","v":1}
{"level":30,"time":1589725317887,"pid":31079,"hostname":"localhost.localdomain","msg":"Executed insert: INSERT INTO DEVICE_TYPE_CLUSTER (DEVICE_TYPE_REF, CLUSTER_NAME, INCLUDE_CLIENT, INCLUDE_SERVER, LOCK_CLIENT, LOCK_SERVER) VALUES (?,?,?,?,?,?): 95,Alarms,false,false,true,false => rowid: 802","v":1}
{"level":30,"time":1589725317888,"pid":31079,"hostname":"localhost.localdomain","msg":"Executed insert: INSERT INTO DEVICE_TYPE_CLUSTER (DEVICE_TYPE_REF, CLUSTER_NAME, INCLUDE_CLIENT, INCLUDE_SERVER, LOCK_CLIENT, LOCK_SERVER) VALUES (?,?,?,?,?,?): 95,Tunneling,false,false,false,false => rowid: 803","v":1}
{"level":30,"time":1589725317888,"pid":31079,"hostname":"localhost.localdomain","msg":"Executed insert: INSERT INTO DEVICE_TYPE_CLUSTER (DEVICE_TYPE_REF, CLUSTER_NAME, INCLUDE_CLIENT, INCLUDE_SERVER, LOCK_CLIENT, LOCK_SERVER) VALUES (?,?,?,?,?,?): 95,Keep-Alive,false,false,false,false => rowid: 804","v":1}
{"level":30,"time":1589725317888,"pid":31079,"hostname":"localhost.localdomain","msg":"Preparing statement: INSERT INTO DEVICE_TYPE_ATTRIBUTE (DEVICE_TYPE_CLUSTER_REF, ATTRIBUTE_NAME) VALUES (?, ?) to insert 0 records.","v":1}
{"level":30,"time":1589725317888,"pid":31079,"hostname":"localhost.localdomain","msg":"Preparing statement: INSERT INTO DEVICE_TYPE_COMMAND (DEVICE_TYPE_CLUSTER_REF, COMMAND_NAME) VALUES (?, ?) to insert 0 records.","v":1}
{"level":30,"time":1589725317888,"pid":31079,"hostname":"localhost.localdomain","msg":"Executed insert: INSERT INTO DEVICE_TYPE_CLUSTER (DEVICE_TYPE_REF, CLUSTER_NAME, INCLUDE_CLIENT, INCLUDE_SERVER, LOCK_CLIENT, LOCK_SERVER) VALUES (?,?,?,?,?,?): 99,Basic,false,true,true,true => rowid: 805","v":1}
{"level":30,"time":1589725317888,"pid":31079,"hostname":"localhost.localdomain","msg":"Executed insert: INSERT INTO DEVICE_TYPE_CLUSTER (DEVICE_TYPE_REF, CLUSTER_NAME, INCLUDE_CLIENT, INCLUDE_SERVER, LOCK_CLIENT, LOCK_SERVER) VALUES (?,?,?,?,?,?): 99,Key Establishment,true,true,true,true => rowid: 806","v":1}
{"level":30,"time":1589725317888,"pid":31079,"hostname":"localhost.localdomain","msg":"Executed insert: INSERT INTO DEVICE_TYPE_CLUSTER (DEVICE_TYPE_REF, CLUSTER_NAME, INCLUDE_CLIENT, INCLUDE_SERVER, LOCK_CLIENT, LOCK_SERVER) VALUES (?,?,?,?,?,?): 99,Power Configuration,false,false,true,false => rowid: 807","v":1}
{"level":30,"time":1589725317888,"pid":31079,"hostname":"localhost.localdomain","msg":"Executed insert: INSERT INTO DEVICE_TYPE_CLUSTER (DEVICE_TYPE_REF, CLUSTER_NAME, INCLUDE_CLIENT, INCLUDE_SERVER, LOCK_CLIENT, LOCK_SERVER) VALUES (?,?,?,?,?,?): 99,Commissioning,false,false,false,false => rowid: 808","v":1}
{"level":30,"time":1589725317888,"pid":31079,"hostname":"localhost.localdomain","msg":"Executed insert: INSERT INTO DEVICE_TYPE_CLUSTER (DEVICE_TYPE_REF, CLUSTER_NAME, INCLUDE_CLIENT, INCLUDE_SERVER, LOCK_CLIENT, LOCK_SERVER) VALUES (?,?,?,?,?,?): 99,Identify,false,false,true,false => rowid: 809","v":1}
{"level":30,"time":1589725317888,"pid":31079,"hostname":"localhost.localdomain","msg":"Executed insert: INSERT INTO DEVICE_TYPE_CLUSTER (DEVICE_TYPE_REF, CLUSTER_NAME, INCLUDE_CLIENT, INCLUDE_SERVER, LOCK_CLIENT, LOCK_SERVER) VALUES (?,?,?,?,?,?): 99,Events,false,false,true,false => rowid: 810","v":1}
{"level":30,"time":1589725317888,"pid":31079,"hostname":"localhost.localdomain","msg":"Executed insert: INSERT INTO DEVICE_TYPE_CLUSTER (DEVICE_TYPE_REF, CLUSTER_NAME, INCLUDE_CLIENT, INCLUDE_SERVER, LOCK_CLIENT, LOCK_SERVER) VALUES (?,?,?,?,?,?): 99,Over the Air Bootloading,false,false,false,false => rowid: 811","v":1}
{"level":30,"time":1589725317888,"pid":31079,"hostname":"localhost.localdomain","msg":"Executed insert: INSERT INTO DEVICE_TYPE_CLUSTER (DEVICE_TYPE_REF, CLUSTER_NAME, INCLUDE_CLIENT, INCLUDE_SERVER, LOCK_CLIENT, LOCK_SERVER) VALUES (?,?,?,?,?,?): 99,Tunneling,false,false,false,false => rowid: 812","v":1}
{"level":30,"time":1589725317888,"pid":31079,"hostname":"localhost.localdomain","msg":"Executed insert: INSERT INTO DEVICE_TYPE_CLUSTER (DEVICE_TYPE_REF, CLUSTER_NAME, INCLUDE_CLIENT, INCLUDE_SERVER, LOCK_CLIENT, LOCK_SERVER) VALUES (?,?,?,?,?,?): 99,Price,true,false,true,true => rowid: 813","v":1}
{"level":30,"time":1589725317888,"pid":31079,"hostname":"localhost.localdomain","msg":"Executed insert: INSERT INTO DEVICE_TYPE_CLUSTER (DEVICE_TYPE_REF, CLUSTER_NAME, INCLUDE_CLIENT, INCLUDE_SERVER, LOCK_CLIENT, LOCK_SERVER) VALUES (?,?,?,?,?,?): 99,Time,true,false,true,true => rowid: 814","v":1}
{"level":30,"time":1589725317888,"pid":31079,"hostname":"localhost.localdomain","msg":"Executed insert: INSERT INTO DEVICE_TYPE_CLUSTER (DEVICE_TYPE_REF, CLUSTER_NAME, INCLUDE_CLIENT, INCLUDE_SERVER, LOCK_CLIENT, LOCK_SERVER) VALUES (?,?,?,?,?,?): 99,Prepayment,true,true,true,true => rowid: 815","v":1}
{"level":30,"time":1589725317888,"pid":31079,"hostname":"localhost.localdomain","msg":"Executed insert: INSERT INTO DEVICE_TYPE_CLUSTER (DEVICE_TYPE_REF, CLUSTER_NAME, INCLUDE_CLIENT, INCLUDE_SERVER, LOCK_CLIENT, LOCK_SERVER) VALUES (?,?,?,?,?,?): 99,Demand Response and Load Control,false,false,false,true => rowid: 816","v":1}
{"level":30,"time":1589725317888,"pid":31079,"hostname":"localhost.localdomain","msg":"Executed insert: INSERT INTO DEVICE_TYPE_CLUSTER (DEVICE_TYPE_REF, CLUSTER_NAME, INCLUDE_CLIENT, INCLUDE_SERVER, LOCK_CLIENT, LOCK_SERVER) VALUES (?,?,?,?,?,?): 99,Calendar,false,false,false,true => rowid: 817","v":1}
{"level":30,"time":1589725317888,"pid":31079,"hostname":"localhost.localdomain","msg":"Executed insert: INSERT INTO DEVICE_TYPE_CLUSTER (DEVICE_TYPE_REF, CLUSTER_NAME, INCLUDE_CLIENT, INCLUDE_SERVER, LOCK_CLIENT, LOCK_SERVER) VALUES (?,?,?,?,?,?): 99,Simple Metering,false,false,false,true => rowid: 818","v":1}
{"level":30,"time":1589725317888,"pid":31079,"hostname":"localhost.localdomain","msg":"Executed insert: INSERT INTO DEVICE_TYPE_CLUSTER (DEVICE_TYPE_REF, CLUSTER_NAME, INCLUDE_CLIENT, INCLUDE_SERVER, LOCK_CLIENT, LOCK_SERVER) VALUES (?,?,?,?,?,?): 99,Messaging,false,false,false,true => rowid: 819","v":1}
{"level":30,"time":1589725317888,"pid":31079,"hostname":"localhost.localdomain","msg":"Executed insert: INSERT INTO DEVICE_TYPE_CLUSTER (DEVICE_TYPE_REF, CLUSTER_NAME, INCLUDE_CLIENT, INCLUDE_SERVER, LOCK_CLIENT, LOCK_SERVER) VALUES (?,?,?,?,?,?): 99,Device Management,false,false,false,true => rowid: 820","v":1}
{"level":30,"time":1589725317889,"pid":31079,"hostname":"localhost.localdomain","msg":"Executed insert: INSERT INTO DEVICE_TYPE_CLUSTER (DEVICE_TYPE_REF, CLUSTER_NAME, INCLUDE_CLIENT, INCLUDE_SERVER, LOCK_CLIENT, LOCK_SERVER) VALUES (?,?,?,?,?,?): 99,MDU Pairing,false,false,false,true => rowid: 821","v":1}
{"level":30,"time":1589725317889,"pid":31079,"hostname":"localhost.localdomain","msg":"Executed insert: INSERT INTO DEVICE_TYPE_CLUSTER (DEVICE_TYPE_REF, CLUSTER_NAME, INCLUDE_CLIENT, INCLUDE_SERVER, LOCK_CLIENT, LOCK_SERVER) VALUES (?,?,?,?,?,?): 99,Energy Management,false,false,false,true => rowid: 822","v":1}
{"level":30,"time":1589725317889,"pid":31079,"hostname":"localhost.localdomain","msg":"Executed insert: INSERT INTO DEVICE_TYPE_CLUSTER (DEVICE_TYPE_REF, CLUSTER_NAME, INCLUDE_CLIENT, INCLUDE_SERVER, LOCK_CLIENT, LOCK_SERVER) VALUES (?,?,?,?,?,?): 99,Alarms,false,false,true,false => rowid: 823","v":1}
{"level":30,"time":1589725317889,"pid":31079,"hostname":"localhost.localdomain","msg":"Executed insert: INSERT INTO DEVICE_TYPE_CLUSTER (DEVICE_TYPE_REF, CLUSTER_NAME, INCLUDE_CLIENT, INCLUDE_SERVER, LOCK_CLIENT, LOCK_SERVER) VALUES (?,?,?,?,?,?): 99,Tunneling,false,false,false,false => rowid: 824","v":1}
{"level":30,"time":1589725317889,"pid":31079,"hostname":"localhost.localdomain","msg":"Executed insert: INSERT INTO DEVICE_TYPE_CLUSTER (DEVICE_TYPE_REF, CLUSTER_NAME, INCLUDE_CLIENT, INCLUDE_SERVER, LOCK_CLIENT, LOCK_SERVER) VALUES (?,?,?,?,?,?): 99,Keep-Alive,false,false,false,false => rowid: 825","v":1}
{"level":30,"time":1589725317889,"pid":31079,"hostname":"localhost.localdomain","msg":"Preparing statement: INSERT INTO DEVICE_TYPE_ATTRIBUTE (DEVICE_TYPE_CLUSTER_REF, ATTRIBUTE_NAME) VALUES (?, ?) to insert 0 records.","v":1}
{"level":30,"time":1589725317889,"pid":31079,"hostname":"localhost.localdomain","msg":"Preparing statement: INSERT INTO DEVICE_TYPE_COMMAND (DEVICE_TYPE_CLUSTER_REF, COMMAND_NAME) VALUES (?, ?) to insert 0 records.","v":1}
{"level":30,"time":1589725317889,"pid":31079,"hostname":"localhost.localdomain","msg":"Executed insert: INSERT INTO DEVICE_TYPE_CLUSTER (DEVICE_TYPE_REF, CLUSTER_NAME, INCLUDE_CLIENT, INCLUDE_SERVER, LOCK_CLIENT, LOCK_SERVER) VALUES (?,?,?,?,?,?): 103,Basic,false,true,true,true => rowid: 826","v":1}
{"level":30,"time":1589725317889,"pid":31079,"hostname":"localhost.localdomain","msg":"Executed insert: INSERT INTO DEVICE_TYPE_CLUSTER (DEVICE_TYPE_REF, CLUSTER_NAME, INCLUDE_CLIENT, INCLUDE_SERVER, LOCK_CLIENT, LOCK_SERVER) VALUES (?,?,?,?,?,?): 103,Key Establishment,true,true,true,true => rowid: 827","v":1}
{"level":30,"time":1589725317889,"pid":31079,"hostname":"localhost.localdomain","msg":"Executed insert: INSERT INTO DEVICE_TYPE_CLUSTER (DEVICE_TYPE_REF, CLUSTER_NAME, INCLUDE_CLIENT, INCLUDE_SERVER, LOCK_CLIENT, LOCK_SERVER) VALUES (?,?,?,?,?,?): 103,Power Configuration,false,false,true,false => rowid: 828","v":1}
{"level":30,"time":1589725317889,"pid":31079,"hostname":"localhost.localdomain","msg":"Executed insert: INSERT INTO DEVICE_TYPE_CLUSTER (DEVICE_TYPE_REF, CLUSTER_NAME, INCLUDE_CLIENT, INCLUDE_SERVER, LOCK_CLIENT, LOCK_SERVER) VALUES (?,?,?,?,?,?): 103,Commissioning,false,false,false,false => rowid: 829","v":1}
{"level":30,"time":1589725317889,"pid":31079,"hostname":"localhost.localdomain","msg":"Executed insert: INSERT INTO DEVICE_TYPE_CLUSTER (DEVICE_TYPE_REF, CLUSTER_NAME, INCLUDE_CLIENT, INCLUDE_SERVER, LOCK_CLIENT, LOCK_SERVER) VALUES (?,?,?,?,?,?): 103,Identify,false,false,true,false => rowid: 830","v":1}
{"level":30,"time":1589725317889,"pid":31079,"hostname":"localhost.localdomain","msg":"Executed insert: INSERT INTO DEVICE_TYPE_CLUSTER (DEVICE_TYPE_REF, CLUSTER_NAME, INCLUDE_CLIENT, INCLUDE_SERVER, LOCK_CLIENT, LOCK_SERVER) VALUES (?,?,?,?,?,?): 103,Events,false,false,true,false => rowid: 831","v":1}
{"level":30,"time":1589725317889,"pid":31079,"hostname":"localhost.localdomain","msg":"Executed insert: INSERT INTO DEVICE_TYPE_CLUSTER (DEVICE_TYPE_REF, CLUSTER_NAME, INCLUDE_CLIENT, INCLUDE_SERVER, LOCK_CLIENT, LOCK_SERVER) VALUES (?,?,?,?,?,?): 103,Over the Air Bootloading,false,false,false,false => rowid: 832","v":1}
{"level":30,"time":1589725317889,"pid":31079,"hostname":"localhost.localdomain","msg":"Executed insert: INSERT INTO DEVICE_TYPE_CLUSTER (DEVICE_TYPE_REF, CLUSTER_NAME, INCLUDE_CLIENT, INCLUDE_SERVER, LOCK_CLIENT, LOCK_SERVER) VALUES (?,?,?,?,?,?): 103,Keep-Alive,false,false,false,false => rowid: 833","v":1}
{"level":30,"time":1589725317889,"pid":31079,"hostname":"localhost.localdomain","msg":"Preparing statement: INSERT INTO DEVICE_TYPE_ATTRIBUTE (DEVICE_TYPE_CLUSTER_REF, ATTRIBUTE_NAME) VALUES (?, ?) to insert 0 records.","v":1}
{"level":30,"time":1589725317889,"pid":31079,"hostname":"localhost.localdomain","msg":"Preparing statement: INSERT INTO DEVICE_TYPE_COMMAND (DEVICE_TYPE_CLUSTER_REF, COMMAND_NAME) VALUES (?, ?) to insert 0 records.","v":1}
{"level":30,"time":1589725317889,"pid":31079,"hostname":"localhost.localdomain","msg":"Executed insert: INSERT INTO DEVICE_TYPE_CLUSTER (DEVICE_TYPE_REF, CLUSTER_NAME, INCLUDE_CLIENT, INCLUDE_SERVER, LOCK_CLIENT, LOCK_SERVER) VALUES (?,?,?,?,?,?): 107,Basic,false,true,true,true => rowid: 834","v":1}
{"level":30,"time":1589725317889,"pid":31079,"hostname":"localhost.localdomain","msg":"Executed insert: INSERT INTO DEVICE_TYPE_CLUSTER (DEVICE_TYPE_REF, CLUSTER_NAME, INCLUDE_CLIENT, INCLUDE_SERVER, LOCK_CLIENT, LOCK_SERVER) VALUES (?,?,?,?,?,?): 107,Key Establishment,true,true,true,true => rowid: 835","v":1}
{"level":30,"time":1589725317890,"pid":31079,"hostname":"localhost.localdomain","msg":"Executed insert: INSERT INTO DEVICE_TYPE_CLUSTER (DEVICE_TYPE_REF, CLUSTER_NAME, INCLUDE_CLIENT, INCLUDE_SERVER, LOCK_CLIENT, LOCK_SERVER) VALUES (?,?,?,?,?,?): 107,Power Configuration,false,false,true,false => rowid: 836","v":1}
{"level":30,"time":1589725317890,"pid":31079,"hostname":"localhost.localdomain","msg":"Executed insert: INSERT INTO DEVICE_TYPE_CLUSTER (DEVICE_TYPE_REF, CLUSTER_NAME, INCLUDE_CLIENT, INCLUDE_SERVER, LOCK_CLIENT, LOCK_SERVER) VALUES (?,?,?,?,?,?): 107,Commissioning,false,false,false,false => rowid: 837","v":1}
{"level":30,"time":1589725317890,"pid":31079,"hostname":"localhost.localdomain","msg":"Executed insert: INSERT INTO DEVICE_TYPE_CLUSTER (DEVICE_TYPE_REF, CLUSTER_NAME, INCLUDE_CLIENT, INCLUDE_SERVER, LOCK_CLIENT, LOCK_SERVER) VALUES (?,?,?,?,?,?): 107,Identify,false,false,true,false => rowid: 838","v":1}
{"level":30,"time":1589725317890,"pid":31079,"hostname":"localhost.localdomain","msg":"Executed insert: INSERT INTO DEVICE_TYPE_CLUSTER (DEVICE_TYPE_REF, CLUSTER_NAME, INCLUDE_CLIENT, INCLUDE_SERVER, LOCK_CLIENT, LOCK_SERVER) VALUES (?,?,?,?,?,?): 107,Events,false,false,true,false => rowid: 839","v":1}
{"level":30,"time":1589725317890,"pid":31079,"hostname":"localhost.localdomain","msg":"Executed insert: INSERT INTO DEVICE_TYPE_CLUSTER (DEVICE_TYPE_REF, CLUSTER_NAME, INCLUDE_CLIENT, INCLUDE_SERVER, LOCK_CLIENT, LOCK_SERVER) VALUES (?,?,?,?,?,?): 107,Over the Air Bootloading,false,false,false,false => rowid: 840","v":1}
{"level":30,"time":1589725317890,"pid":31079,"hostname":"localhost.localdomain","msg":"Executed insert: INSERT INTO DEVICE_TYPE_CLUSTER (DEVICE_TYPE_REF, CLUSTER_NAME, INCLUDE_CLIENT, INCLUDE_SERVER, LOCK_CLIENT, LOCK_SERVER) VALUES (?,?,?,?,?,?): 107,Tunneling,false,false,false,false => rowid: 841","v":1}
{"level":30,"time":1589725317890,"pid":31079,"hostname":"localhost.localdomain","msg":"Executed insert: INSERT INTO DEVICE_TYPE_CLUSTER (DEVICE_TYPE_REF, CLUSTER_NAME, INCLUDE_CLIENT, INCLUDE_SERVER, LOCK_CLIENT, LOCK_SERVER) VALUES (?,?,?,?,?,?): 107,Time,false,false,true,false => rowid: 842","v":1}
{"level":30,"time":1589725317890,"pid":31079,"hostname":"localhost.localdomain","msg":"Executed insert: INSERT INTO DEVICE_TYPE_CLUSTER (DEVICE_TYPE_REF, CLUSTER_NAME, INCLUDE_CLIENT, INCLUDE_SERVER, LOCK_CLIENT, LOCK_SERVER) VALUES (?,?,?,?,?,?): 107,Keep-Alive,false,false,false,false => rowid: 843","v":1}
{"level":30,"time":1589725317890,"pid":31079,"hostname":"localhost.localdomain","msg":"Preparing statement: INSERT INTO DEVICE_TYPE_ATTRIBUTE (DEVICE_TYPE_CLUSTER_REF, ATTRIBUTE_NAME) VALUES (?, ?) to insert 0 records.","v":1}
{"level":30,"time":1589725317890,"pid":31079,"hostname":"localhost.localdomain","msg":"Preparing statement: INSERT INTO DEVICE_TYPE_COMMAND (DEVICE_TYPE_CLUSTER_REF, COMMAND_NAME) VALUES (?, ?) to insert 0 records.","v":1}
{"level":30,"time":1589725317890,"pid":31079,"hostname":"localhost.localdomain","msg":"Executed insert: INSERT INTO DEVICE_TYPE_CLUSTER (DEVICE_TYPE_REF, CLUSTER_NAME, INCLUDE_CLIENT, INCLUDE_SERVER, LOCK_CLIENT, LOCK_SERVER) VALUES (?,?,?,?,?,?): 111,Basic,false,true,true,true => rowid: 844","v":1}
{"level":30,"time":1589725317890,"pid":31079,"hostname":"localhost.localdomain","msg":"Executed insert: INSERT INTO DEVICE_TYPE_CLUSTER (DEVICE_TYPE_REF, CLUSTER_NAME, INCLUDE_CLIENT, INCLUDE_SERVER, LOCK_CLIENT, LOCK_SERVER) VALUES (?,?,?,?,?,?): 111,Key Establishment,true,true,true,true => rowid: 845","v":1}
{"level":30,"time":1589725317890,"pid":31079,"hostname":"localhost.localdomain","msg":"Executed insert: INSERT INTO DEVICE_TYPE_CLUSTER (DEVICE_TYPE_REF, CLUSTER_NAME, INCLUDE_CLIENT, INCLUDE_SERVER, LOCK_CLIENT, LOCK_SERVER) VALUES (?,?,?,?,?,?): 111,Power Configuration,false,false,true,false => rowid: 846","v":1}
{"level":30,"time":1589725317890,"pid":31079,"hostname":"localhost.localdomain","msg":"Executed insert: INSERT INTO DEVICE_TYPE_CLUSTER (DEVICE_TYPE_REF, CLUSTER_NAME, INCLUDE_CLIENT, INCLUDE_SERVER, LOCK_CLIENT, LOCK_SERVER) VALUES (?,?,?,?,?,?): 111,Commissioning,false,false,false,false => rowid: 847","v":1}
{"level":30,"time":1589725317890,"pid":31079,"hostname":"localhost.localdomain","msg":"Executed insert: INSERT INTO DEVICE_TYPE_CLUSTER (DEVICE_TYPE_REF, CLUSTER_NAME, INCLUDE_CLIENT, INCLUDE_SERVER, LOCK_CLIENT, LOCK_SERVER) VALUES (?,?,?,?,?,?): 111,Identify,false,false,true,false => rowid: 848","v":1}
{"level":30,"time":1589725317890,"pid":31079,"hostname":"localhost.localdomain","msg":"Executed insert: INSERT INTO DEVICE_TYPE_CLUSTER (DEVICE_TYPE_REF, CLUSTER_NAME, INCLUDE_CLIENT, INCLUDE_SERVER, LOCK_CLIENT, LOCK_SERVER) VALUES (?,?,?,?,?,?): 111,Events,false,false,true,false => rowid: 849","v":1}
{"level":30,"time":1589725317890,"pid":31079,"hostname":"localhost.localdomain","msg":"Executed insert: INSERT INTO DEVICE_TYPE_CLUSTER (DEVICE_TYPE_REF, CLUSTER_NAME, INCLUDE_CLIENT, INCLUDE_SERVER, LOCK_CLIENT, LOCK_SERVER) VALUES (?,?,?,?,?,?): 111,Over the Air Bootloading,false,false,false,false => rowid: 850","v":1}
{"level":30,"time":1589725317890,"pid":31079,"hostname":"localhost.localdomain","msg":"Executed insert: INSERT INTO DEVICE_TYPE_CLUSTER (DEVICE_TYPE_REF, CLUSTER_NAME, INCLUDE_CLIENT, INCLUDE_SERVER, LOCK_CLIENT, LOCK_SERVER) VALUES (?,?,?,?,?,?): 111,Sub-GHz,false,false,false,true => rowid: 851","v":1}
{"level":30,"time":1589725317890,"pid":31079,"hostname":"localhost.localdomain","msg":"Preparing statement: INSERT INTO DEVICE_TYPE_ATTRIBUTE (DEVICE_TYPE_CLUSTER_REF, ATTRIBUTE_NAME) VALUES (?, ?) to insert 0 records.","v":1}
{"level":30,"time":1589725317890,"pid":31079,"hostname":"localhost.localdomain","msg":"Preparing statement: INSERT INTO DEVICE_TYPE_COMMAND (DEVICE_TYPE_CLUSTER_REF, COMMAND_NAME) VALUES (?, ?) to insert 0 records.","v":1}
{"level":30,"time":1589725317890,"pid":31079,"hostname":"localhost.localdomain","msg":"Executed insert: INSERT INTO DEVICE_TYPE_CLUSTER (DEVICE_TYPE_REF, CLUSTER_NAME, INCLUDE_CLIENT, INCLUDE_SERVER, LOCK_CLIENT, LOCK_SERVER) VALUES (?,?,?,?,?,?): 114,Basic,false,true,true,true => rowid: 852","v":1}
{"level":30,"time":1589725317891,"pid":31079,"hostname":"localhost.localdomain","msg":"Executed insert: INSERT INTO DEVICE_TYPE_CLUSTER (DEVICE_TYPE_REF, CLUSTER_NAME, INCLUDE_CLIENT, INCLUDE_SERVER, LOCK_CLIENT, LOCK_SERVER) VALUES (?,?,?,?,?,?): 114,Key Establishment,true,true,true,true => rowid: 853","v":1}
{"level":30,"time":1589725317891,"pid":31079,"hostname":"localhost.localdomain","msg":"Executed insert: INSERT INTO DEVICE_TYPE_CLUSTER (DEVICE_TYPE_REF, CLUSTER_NAME, INCLUDE_CLIENT, INCLUDE_SERVER, LOCK_CLIENT, LOCK_SERVER) VALUES (?,?,?,?,?,?): 114,Power Configuration,false,false,true,false => rowid: 854","v":1}
{"level":30,"time":1589725317891,"pid":31079,"hostname":"localhost.localdomain","msg":"Executed insert: INSERT INTO DEVICE_TYPE_CLUSTER (DEVICE_TYPE_REF, CLUSTER_NAME, INCLUDE_CLIENT, INCLUDE_SERVER, LOCK_CLIENT, LOCK_SERVER) VALUES (?,?,?,?,?,?): 114,Commissioning,false,false,false,false => rowid: 855","v":1}
{"level":30,"time":1589725317891,"pid":31079,"hostname":"localhost.localdomain","msg":"Executed insert: INSERT INTO DEVICE_TYPE_CLUSTER (DEVICE_TYPE_REF, CLUSTER_NAME, INCLUDE_CLIENT, INCLUDE_SERVER, LOCK_CLIENT, LOCK_SERVER) VALUES (?,?,?,?,?,?): 114,Identify,false,false,true,false => rowid: 856","v":1}
{"level":30,"time":1589725317891,"pid":31079,"hostname":"localhost.localdomain","msg":"Executed insert: INSERT INTO DEVICE_TYPE_CLUSTER (DEVICE_TYPE_REF, CLUSTER_NAME, INCLUDE_CLIENT, INCLUDE_SERVER, LOCK_CLIENT, LOCK_SERVER) VALUES (?,?,?,?,?,?): 114,Events,false,false,false,false => rowid: 857","v":1}
{"level":30,"time":1589725317891,"pid":31079,"hostname":"localhost.localdomain","msg":"Executed insert: INSERT INTO DEVICE_TYPE_CLUSTER (DEVICE_TYPE_REF, CLUSTER_NAME, INCLUDE_CLIENT, INCLUDE_SERVER, LOCK_CLIENT, LOCK_SERVER) VALUES (?,?,?,?,?,?): 114,Over the Air Bootloading,false,false,false,false => rowid: 858","v":1}
{"level":30,"time":1589725317891,"pid":31079,"hostname":"localhost.localdomain","msg":"Executed insert: INSERT INTO DEVICE_TYPE_CLUSTER (DEVICE_TYPE_REF, CLUSTER_NAME, INCLUDE_CLIENT, INCLUDE_SERVER, LOCK_CLIENT, LOCK_SERVER) VALUES (?,?,?,?,?,?): 114,Messaging,false,true,true,true => rowid: 859","v":1}
{"level":30,"time":1589725317891,"pid":31079,"hostname":"localhost.localdomain","msg":"Executed insert: INSERT INTO DEVICE_TYPE_CLUSTER (DEVICE_TYPE_REF, CLUSTER_NAME, INCLUDE_CLIENT, INCLUDE_SERVER, LOCK_CLIENT, LOCK_SERVER) VALUES (?,?,?,?,?,?): 114,Price,false,true,false,true => rowid: 860","v":1}
{"level":30,"time":1589725317891,"pid":31079,"hostname":"localhost.localdomain","msg":"Executed insert: INSERT INTO DEVICE_TYPE_CLUSTER (DEVICE_TYPE_REF, CLUSTER_NAME, INCLUDE_CLIENT, INCLUDE_SERVER, LOCK_CLIENT, LOCK_SERVER) VALUES (?,?,?,?,?,?): 114,Demand Response and Load Control,false,true,true,true => rowid: 861","v":1}
{"level":30,"time":1589725317891,"pid":31079,"hostname":"localhost.localdomain","msg":"Executed insert: INSERT INTO DEVICE_TYPE_CLUSTER (DEVICE_TYPE_REF, CLUSTER_NAME, INCLUDE_CLIENT, INCLUDE_SERVER, LOCK_CLIENT, LOCK_SERVER) VALUES (?,?,?,?,?,?): 114,Time,false,true,false,true => rowid: 862","v":1}
{"level":30,"time":1589725317891,"pid":31079,"hostname":"localhost.localdomain","msg":"Executed insert: INSERT INTO DEVICE_TYPE_CLUSTER (DEVICE_TYPE_REF, CLUSTER_NAME, INCLUDE_CLIENT, INCLUDE_SERVER, LOCK_CLIENT, LOCK_SERVER) VALUES (?,?,?,?,?,?): 114,Calendar,false,false,true,false => rowid: 863","v":1}
{"level":30,"time":1589725317891,"pid":31079,"hostname":"localhost.localdomain","msg":"Executed insert: INSERT INTO DEVICE_TYPE_CLUSTER (DEVICE_TYPE_REF, CLUSTER_NAME, INCLUDE_CLIENT, INCLUDE_SERVER, LOCK_CLIENT, LOCK_SERVER) VALUES (?,?,?,?,?,?): 114,Simple Metering,false,false,false,false => rowid: 864","v":1}
{"level":30,"time":1589725317891,"pid":31079,"hostname":"localhost.localdomain","msg":"Executed insert: INSERT INTO DEVICE_TYPE_CLUSTER (DEVICE_TYPE_REF, CLUSTER_NAME, INCLUDE_CLIENT, INCLUDE_SERVER, LOCK_CLIENT, LOCK_SERVER) VALUES (?,?,?,?,?,?): 114,Prepayment,false,false,false,false => rowid: 865","v":1}
{"level":30,"time":1589725317891,"pid":31079,"hostname":"localhost.localdomain","msg":"Executed insert: INSERT INTO DEVICE_TYPE_CLUSTER (DEVICE_TYPE_REF, CLUSTER_NAME, INCLUDE_CLIENT, INCLUDE_SERVER, LOCK_CLIENT, LOCK_SERVER) VALUES (?,?,?,?,?,?): 114,Device Management,false,false,false,false => rowid: 866","v":1}
{"level":30,"time":1589725317891,"pid":31079,"hostname":"localhost.localdomain","msg":"Executed insert: INSERT INTO DEVICE_TYPE_CLUSTER (DEVICE_TYPE_REF, CLUSTER_NAME, INCLUDE_CLIENT, INCLUDE_SERVER, LOCK_CLIENT, LOCK_SERVER) VALUES (?,?,?,?,?,?): 114,Alarms,false,false,true,false => rowid: 867","v":1}
{"level":30,"time":1589725317891,"pid":31079,"hostname":"localhost.localdomain","msg":"Executed insert: INSERT INTO DEVICE_TYPE_CLUSTER (DEVICE_TYPE_REF, CLUSTER_NAME, INCLUDE_CLIENT, INCLUDE_SERVER, LOCK_CLIENT, LOCK_SERVER) VALUES (?,?,?,?,?,?): 114,MDU Pairing,false,false,false,false => rowid: 868","v":1}
{"level":30,"time":1589725317891,"pid":31079,"hostname":"localhost.localdomain","msg":"Executed insert: INSERT INTO DEVICE_TYPE_CLUSTER (DEVICE_TYPE_REF, CLUSTER_NAME, INCLUDE_CLIENT, INCLUDE_SERVER, LOCK_CLIENT, LOCK_SERVER) VALUES (?,?,?,?,?,?): 114,Energy Management,false,false,false,true => rowid: 869","v":1}
{"level":30,"time":1589725317891,"pid":31079,"hostname":"localhost.localdomain","msg":"Executed insert: INSERT INTO DEVICE_TYPE_CLUSTER (DEVICE_TYPE_REF, CLUSTER_NAME, INCLUDE_CLIENT, INCLUDE_SERVER, LOCK_CLIENT, LOCK_SERVER) VALUES (?,?,?,?,?,?): 114,Tunneling,false,false,false,false => rowid: 870","v":1}
{"level":30,"time":1589725317891,"pid":31079,"hostname":"localhost.localdomain","msg":"Executed insert: INSERT INTO DEVICE_TYPE_CLUSTER (DEVICE_TYPE_REF, CLUSTER_NAME, INCLUDE_CLIENT, INCLUDE_SERVER, LOCK_CLIENT, LOCK_SERVER) VALUES (?,?,?,?,?,?): 114,Keep-Alive,false,false,false,false => rowid: 871","v":1}
{"level":30,"time":1589725317891,"pid":31079,"hostname":"localhost.localdomain","msg":"Executed insert: INSERT INTO DEVICE_TYPE_CLUSTER (DEVICE_TYPE_REF, CLUSTER_NAME, INCLUDE_CLIENT, INCLUDE_SERVER, LOCK_CLIENT, LOCK_SERVER) VALUES (?,?,?,?,?,?): 114,Sub-GHz,false,false,false,false => rowid: 872","v":1}
{"level":30,"time":1589725317891,"pid":31079,"hostname":"localhost.localdomain","msg":"Preparing statement: INSERT INTO DEVICE_TYPE_ATTRIBUTE (DEVICE_TYPE_CLUSTER_REF, ATTRIBUTE_NAME) VALUES (?, ?) to insert 0 records.","v":1}
{"level":30,"time":1589725317892,"pid":31079,"hostname":"localhost.localdomain","msg":"Preparing statement: INSERT INTO DEVICE_TYPE_COMMAND (DEVICE_TYPE_CLUSTER_REF, COMMAND_NAME) VALUES (?, ?) to insert 0 records.","v":1}
{"level":30,"time":1589725317892,"pid":31079,"hostname":"localhost.localdomain","msg":"Executed insert: INSERT INTO DEVICE_TYPE_CLUSTER (DEVICE_TYPE_REF, CLUSTER_NAME, INCLUDE_CLIENT, INCLUDE_SERVER, LOCK_CLIENT, LOCK_SERVER) VALUES (?,?,?,?,?,?): 117,Basic,false,true,true,true => rowid: 873","v":1}
{"level":30,"time":1589725317892,"pid":31079,"hostname":"localhost.localdomain","msg":"Executed insert: INSERT INTO DEVICE_TYPE_CLUSTER (DEVICE_TYPE_REF, CLUSTER_NAME, INCLUDE_CLIENT, INCLUDE_SERVER, LOCK_CLIENT, LOCK_SERVER) VALUES (?,?,?,?,?,?): 117,Key Establishment,true,true,true,true => rowid: 874","v":1}
{"level":30,"time":1589725317892,"pid":31079,"hostname":"localhost.localdomain","msg":"Executed insert: INSERT INTO DEVICE_TYPE_CLUSTER (DEVICE_TYPE_REF, CLUSTER_NAME, INCLUDE_CLIENT, INCLUDE_SERVER, LOCK_CLIENT, LOCK_SERVER) VALUES (?,?,?,?,?,?): 117,Power Configuration,false,false,true,false => rowid: 875","v":1}
{"level":30,"time":1589725317892,"pid":31079,"hostname":"localhost.localdomain","msg":"Executed insert: INSERT INTO DEVICE_TYPE_CLUSTER (DEVICE_TYPE_REF, CLUSTER_NAME, INCLUDE_CLIENT, INCLUDE_SERVER, LOCK_CLIENT, LOCK_SERVER) VALUES (?,?,?,?,?,?): 117,Commissioning,false,false,false,false => rowid: 876","v":1}
{"level":30,"time":1589725317892,"pid":31079,"hostname":"localhost.localdomain","msg":"Executed insert: INSERT INTO DEVICE_TYPE_CLUSTER (DEVICE_TYPE_REF, CLUSTER_NAME, INCLUDE_CLIENT, INCLUDE_SERVER, LOCK_CLIENT, LOCK_SERVER) VALUES (?,?,?,?,?,?): 117,Identify,false,false,true,false => rowid: 877","v":1}
{"level":30,"time":1589725317892,"pid":31079,"hostname":"localhost.localdomain","msg":"Executed insert: INSERT INTO DEVICE_TYPE_CLUSTER (DEVICE_TYPE_REF, CLUSTER_NAME, INCLUDE_CLIENT, INCLUDE_SERVER, LOCK_CLIENT, LOCK_SERVER) VALUES (?,?,?,?,?,?): 117,Events,false,false,true,false => rowid: 878","v":1}
{"level":30,"time":1589725317892,"pid":31079,"hostname":"localhost.localdomain","msg":"Executed insert: INSERT INTO DEVICE_TYPE_CLUSTER (DEVICE_TYPE_REF, CLUSTER_NAME, INCLUDE_CLIENT, INCLUDE_SERVER, LOCK_CLIENT, LOCK_SERVER) VALUES (?,?,?,?,?,?): 117,Over the Air Bootloading,false,false,false,false => rowid: 879","v":1}
{"level":30,"time":1589725317892,"pid":31079,"hostname":"localhost.localdomain","msg":"Executed insert: INSERT INTO DEVICE_TYPE_CLUSTER (DEVICE_TYPE_REF, CLUSTER_NAME, INCLUDE_CLIENT, INCLUDE_SERVER, LOCK_CLIENT, LOCK_SERVER) VALUES (?,?,?,?,?,?): 117,Simple Metering,false,true,true,true => rowid: 880","v":1}
{"level":30,"time":1589725317892,"pid":31079,"hostname":"localhost.localdomain","msg":"Executed insert: INSERT INTO DEVICE_TYPE_CLUSTER (DEVICE_TYPE_REF, CLUSTER_NAME, INCLUDE_CLIENT, INCLUDE_SERVER, LOCK_CLIENT, LOCK_SERVER) VALUES (?,?,?,?,?,?): 117,Time,false,false,false,true => rowid: 881","v":1}
{"level":30,"time":1589725317892,"pid":31079,"hostname":"localhost.localdomain","msg":"Executed insert: INSERT INTO DEVICE_TYPE_CLUSTER (DEVICE_TYPE_REF, CLUSTER_NAME, INCLUDE_CLIENT, INCLUDE_SERVER, LOCK_CLIENT, LOCK_SERVER) VALUES (?,?,?,?,?,?): 117,Prepayment,false,false,true,false => rowid: 882","v":1}
{"level":30,"time":1589725317892,"pid":31079,"hostname":"localhost.localdomain","msg":"Executed insert: INSERT INTO DEVICE_TYPE_CLUSTER (DEVICE_TYPE_REF, CLUSTER_NAME, INCLUDE_CLIENT, INCLUDE_SERVER, LOCK_CLIENT, LOCK_SERVER) VALUES (?,?,?,?,?,?): 117,Price,false,false,false,true => rowid: 883","v":1}
{"level":30,"time":1589725317892,"pid":31079,"hostname":"localhost.localdomain","msg":"Executed insert: INSERT INTO DEVICE_TYPE_CLUSTER (DEVICE_TYPE_REF, CLUSTER_NAME, INCLUDE_CLIENT, INCLUDE_SERVER, LOCK_CLIENT, LOCK_SERVER) VALUES (?,?,?,?,?,?): 117,Messaging,false,false,false,true => rowid: 884","v":1}
{"level":30,"time":1589725317892,"pid":31079,"hostname":"localhost.localdomain","msg":"Executed insert: INSERT INTO DEVICE_TYPE_CLUSTER (DEVICE_TYPE_REF, CLUSTER_NAME, INCLUDE_CLIENT, INCLUDE_SERVER, LOCK_CLIENT, LOCK_SERVER) VALUES (?,?,?,?,?,?): 117,Device Management,false,false,false,true => rowid: 885","v":1}
{"level":30,"time":1589725317892,"pid":31079,"hostname":"localhost.localdomain","msg":"Executed insert: INSERT INTO DEVICE_TYPE_CLUSTER (DEVICE_TYPE_REF, CLUSTER_NAME, INCLUDE_CLIENT, INCLUDE_SERVER, LOCK_CLIENT, LOCK_SERVER) VALUES (?,?,?,?,?,?): 117,MDU Pairing,false,false,false,true => rowid: 886","v":1}
{"level":30,"time":1589725317892,"pid":31079,"hostname":"localhost.localdomain","msg":"Executed insert: INSERT INTO DEVICE_TYPE_CLUSTER (DEVICE_TYPE_REF, CLUSTER_NAME, INCLUDE_CLIENT, INCLUDE_SERVER, LOCK_CLIENT, LOCK_SERVER) VALUES (?,?,?,?,?,?): 117,Alarms,false,false,true,false => rowid: 887","v":1}
{"level":30,"time":1589725317892,"pid":31079,"hostname":"localhost.localdomain","msg":"Executed insert: INSERT INTO DEVICE_TYPE_CLUSTER (DEVICE_TYPE_REF, CLUSTER_NAME, INCLUDE_CLIENT, INCLUDE_SERVER, LOCK_CLIENT, LOCK_SERVER) VALUES (?,?,?,?,?,?): 117,Calendar,false,false,false,true => rowid: 888","v":1}
{"level":30,"time":1589725317892,"pid":31079,"hostname":"localhost.localdomain","msg":"Executed insert: INSERT INTO DEVICE_TYPE_CLUSTER (DEVICE_TYPE_REF, CLUSTER_NAME, INCLUDE_CLIENT, INCLUDE_SERVER, LOCK_CLIENT, LOCK_SERVER) VALUES (?,?,?,?,?,?): 117,Tunneling,false,false,false,false => rowid: 889","v":1}
{"level":30,"time":1589725317892,"pid":31079,"hostname":"localhost.localdomain","msg":"Executed insert: INSERT INTO DEVICE_TYPE_CLUSTER (DEVICE_TYPE_REF, CLUSTER_NAME, INCLUDE_CLIENT, INCLUDE_SERVER, LOCK_CLIENT, LOCK_SERVER) VALUES (?,?,?,?,?,?): 117,Keep-Alive,false,false,false,false => rowid: 890","v":1}
{"level":30,"time":1589725317892,"pid":31079,"hostname":"localhost.localdomain","msg":"Executed insert: INSERT INTO DEVICE_TYPE_CLUSTER (DEVICE_TYPE_REF, CLUSTER_NAME, INCLUDE_CLIENT, INCLUDE_SERVER, LOCK_CLIENT, LOCK_SERVER) VALUES (?,?,?,?,?,?): 117,Sub-GHz,false,false,false,true => rowid: 891","v":1}
{"level":30,"time":1589725317892,"pid":31079,"hostname":"localhost.localdomain","msg":"Preparing statement: INSERT INTO DEVICE_TYPE_ATTRIBUTE (DEVICE_TYPE_CLUSTER_REF, ATTRIBUTE_NAME) VALUES (?, ?) to insert 0 records.","v":1}
{"level":30,"time":1589725317893,"pid":31079,"hostname":"localhost.localdomain","msg":"Preparing statement: INSERT INTO DEVICE_TYPE_COMMAND (DEVICE_TYPE_CLUSTER_REF, COMMAND_NAME) VALUES (?, ?) to insert 0 records.","v":1}
{"level":30,"time":1589725317893,"pid":31079,"hostname":"localhost.localdomain","msg":"Executed insert: INSERT INTO DEVICE_TYPE_CLUSTER (DEVICE_TYPE_REF, CLUSTER_NAME, INCLUDE_CLIENT, INCLUDE_SERVER, LOCK_CLIENT, LOCK_SERVER) VALUES (?,?,?,?,?,?): 120,Basic,false,true,true,true => rowid: 892","v":1}
{"level":30,"time":1589725317893,"pid":31079,"hostname":"localhost.localdomain","msg":"Executed insert: INSERT INTO DEVICE_TYPE_CLUSTER (DEVICE_TYPE_REF, CLUSTER_NAME, INCLUDE_CLIENT, INCLUDE_SERVER, LOCK_CLIENT, LOCK_SERVER) VALUES (?,?,?,?,?,?): 120,Key Establishment,true,true,true,true => rowid: 893","v":1}
{"level":30,"time":1589725317893,"pid":31079,"hostname":"localhost.localdomain","msg":"Executed insert: INSERT INTO DEVICE_TYPE_CLUSTER (DEVICE_TYPE_REF, CLUSTER_NAME, INCLUDE_CLIENT, INCLUDE_SERVER, LOCK_CLIENT, LOCK_SERVER) VALUES (?,?,?,?,?,?): 120,Power Configuration,false,false,true,false => rowid: 894","v":1}
{"level":30,"time":1589725317893,"pid":31079,"hostname":"localhost.localdomain","msg":"Executed insert: INSERT INTO DEVICE_TYPE_CLUSTER (DEVICE_TYPE_REF, CLUSTER_NAME, INCLUDE_CLIENT, INCLUDE_SERVER, LOCK_CLIENT, LOCK_SERVER) VALUES (?,?,?,?,?,?): 120,Commissioning,false,false,false,false => rowid: 895","v":1}
{"level":30,"time":1589725317893,"pid":31079,"hostname":"localhost.localdomain","msg":"Executed insert: INSERT INTO DEVICE_TYPE_CLUSTER (DEVICE_TYPE_REF, CLUSTER_NAME, INCLUDE_CLIENT, INCLUDE_SERVER, LOCK_CLIENT, LOCK_SERVER) VALUES (?,?,?,?,?,?): 120,Identify,false,false,true,false => rowid: 896","v":1}
{"level":30,"time":1589725317893,"pid":31079,"hostname":"localhost.localdomain","msg":"Executed insert: INSERT INTO DEVICE_TYPE_CLUSTER (DEVICE_TYPE_REF, CLUSTER_NAME, INCLUDE_CLIENT, INCLUDE_SERVER, LOCK_CLIENT, LOCK_SERVER) VALUES (?,?,?,?,?,?): 120,Events,false,false,false,false => rowid: 897","v":1}
{"level":30,"time":1589725317893,"pid":31079,"hostname":"localhost.localdomain","msg":"Executed insert: INSERT INTO DEVICE_TYPE_CLUSTER (DEVICE_TYPE_REF, CLUSTER_NAME, INCLUDE_CLIENT, INCLUDE_SERVER, LOCK_CLIENT, LOCK_SERVER) VALUES (?,?,?,?,?,?): 120,Over the Air Bootloading,false,false,false,false => rowid: 898","v":1}
{"level":30,"time":1589725317893,"pid":31079,"hostname":"localhost.localdomain","msg":"Executed insert: INSERT INTO DEVICE_TYPE_CLUSTER (DEVICE_TYPE_REF, CLUSTER_NAME, INCLUDE_CLIENT, INCLUDE_SERVER, LOCK_CLIENT, LOCK_SERVER) VALUES (?,?,?,?,?,?): 120,Simple Metering,false,true,false,true => rowid: 899","v":1}
{"level":30,"time":1589725317893,"pid":31079,"hostname":"localhost.localdomain","msg":"Executed insert: INSERT INTO DEVICE_TYPE_CLUSTER (DEVICE_TYPE_REF, CLUSTER_NAME, INCLUDE_CLIENT, INCLUDE_SERVER, LOCK_CLIENT, LOCK_SERVER) VALUES (?,?,?,?,?,?): 120,Time,false,false,false,true => rowid: 900","v":1}
{"level":30,"time":1589725317893,"pid":31079,"hostname":"localhost.localdomain","msg":"Executed insert: INSERT INTO DEVICE_TYPE_CLUSTER (DEVICE_TYPE_REF, CLUSTER_NAME, INCLUDE_CLIENT, INCLUDE_SERVER, LOCK_CLIENT, LOCK_SERVER) VALUES (?,?,?,?,?,?): 120,Prepayment,false,false,false,false => rowid: 901","v":1}
{"level":30,"time":1589725317893,"pid":31079,"hostname":"localhost.localdomain","msg":"Executed insert: INSERT INTO DEVICE_TYPE_CLUSTER (DEVICE_TYPE_REF, CLUSTER_NAME, INCLUDE_CLIENT, INCLUDE_SERVER, LOCK_CLIENT, LOCK_SERVER) VALUES (?,?,?,?,?,?): 120,Price,false,false,false,true => rowid: 902","v":1}
{"level":30,"time":1589725317893,"pid":31079,"hostname":"localhost.localdomain","msg":"Executed insert: INSERT INTO DEVICE_TYPE_CLUSTER (DEVICE_TYPE_REF, CLUSTER_NAME, INCLUDE_CLIENT, INCLUDE_SERVER, LOCK_CLIENT, LOCK_SERVER) VALUES (?,?,?,?,?,?): 120,Calendar,false,false,false,true => rowid: 903","v":1}
{"level":30,"time":1589725317893,"pid":31079,"hostname":"localhost.localdomain","msg":"Executed insert: INSERT INTO DEVICE_TYPE_CLUSTER (DEVICE_TYPE_REF, CLUSTER_NAME, INCLUDE_CLIENT, INCLUDE_SERVER, LOCK_CLIENT, LOCK_SERVER) VALUES (?,?,?,?,?,?): 120,Messaging,false,false,false,true => rowid: 904","v":1}
{"level":30,"time":1589725317893,"pid":31079,"hostname":"localhost.localdomain","msg":"Executed insert: INSERT INTO DEVICE_TYPE_CLUSTER (DEVICE_TYPE_REF, CLUSTER_NAME, INCLUDE_CLIENT, INCLUDE_SERVER, LOCK_CLIENT, LOCK_SERVER) VALUES (?,?,?,?,?,?): 120,MDU Pairing,false,false,false,true => rowid: 905","v":1}
{"level":30,"time":1589725317893,"pid":31079,"hostname":"localhost.localdomain","msg":"Executed insert: INSERT INTO DEVICE_TYPE_CLUSTER (DEVICE_TYPE_REF, CLUSTER_NAME, INCLUDE_CLIENT, INCLUDE_SERVER, LOCK_CLIENT, LOCK_SERVER) VALUES (?,?,?,?,?,?): 120,Alarms,false,false,true,false => rowid: 906","v":1}
{"level":30,"time":1589725317893,"pid":31079,"hostname":"localhost.localdomain","msg":"Executed insert: INSERT INTO DEVICE_TYPE_CLUSTER (DEVICE_TYPE_REF, CLUSTER_NAME, INCLUDE_CLIENT, INCLUDE_SERVER, LOCK_CLIENT, LOCK_SERVER) VALUES (?,?,?,?,?,?): 120,Tunneling,false,false,false,false => rowid: 907","v":1}
{"level":30,"time":1589725317893,"pid":31079,"hostname":"localhost.localdomain","msg":"Executed insert: INSERT INTO DEVICE_TYPE_CLUSTER (DEVICE_TYPE_REF, CLUSTER_NAME, INCLUDE_CLIENT, INCLUDE_SERVER, LOCK_CLIENT, LOCK_SERVER) VALUES (?,?,?,?,?,?): 120,Keep-Alive,false,false,false,false => rowid: 908","v":1}
{"level":30,"time":1589725317893,"pid":31079,"hostname":"localhost.localdomain","msg":"Executed insert: INSERT INTO DEVICE_TYPE_CLUSTER (DEVICE_TYPE_REF, CLUSTER_NAME, INCLUDE_CLIENT, INCLUDE_SERVER, LOCK_CLIENT, LOCK_SERVER) VALUES (?,?,?,?,?,?): 120,Sub-GHz,false,false,false,true => rowid: 909","v":1}
{"level":30,"time":1589725317893,"pid":31079,"hostname":"localhost.localdomain","msg":"Executed insert: INSERT INTO DEVICE_TYPE_CLUSTER (DEVICE_TYPE_REF, CLUSTER_NAME, INCLUDE_CLIENT, INCLUDE_SERVER, LOCK_CLIENT, LOCK_SERVER) VALUES (?,?,?,?,?,?): 120,Device Management,false,false,false,true => rowid: 910","v":1}
{"level":30,"time":1589725317893,"pid":31079,"hostname":"localhost.localdomain","msg":"Preparing statement: INSERT INTO DEVICE_TYPE_ATTRIBUTE (DEVICE_TYPE_CLUSTER_REF, ATTRIBUTE_NAME) VALUES (?, ?) to insert 0 records.","v":1}
{"level":30,"time":1589725317894,"pid":31079,"hostname":"localhost.localdomain","msg":"Preparing statement: INSERT INTO DEVICE_TYPE_COMMAND (DEVICE_TYPE_CLUSTER_REF, COMMAND_NAME) VALUES (?, ?) to insert 0 records.","v":1}
{"level":30,"time":1589725317894,"pid":31079,"hostname":"localhost.localdomain","msg":"Executed insert: INSERT INTO DEVICE_TYPE_CLUSTER (DEVICE_TYPE_REF, CLUSTER_NAME, INCLUDE_CLIENT, INCLUDE_SERVER, LOCK_CLIENT, LOCK_SERVER) VALUES (?,?,?,?,?,?): 123,Basic,false,true,true,true => rowid: 911","v":1}
{"level":30,"time":1589725317894,"pid":31079,"hostname":"localhost.localdomain","msg":"Executed insert: INSERT INTO DEVICE_TYPE_CLUSTER (DEVICE_TYPE_REF, CLUSTER_NAME, INCLUDE_CLIENT, INCLUDE_SERVER, LOCK_CLIENT, LOCK_SERVER) VALUES (?,?,?,?,?,?): 123,Key Establishment,true,true,true,true => rowid: 912","v":1}
{"level":30,"time":1589725317894,"pid":31079,"hostname":"localhost.localdomain","msg":"Executed insert: INSERT INTO DEVICE_TYPE_CLUSTER (DEVICE_TYPE_REF, CLUSTER_NAME, INCLUDE_CLIENT, INCLUDE_SERVER, LOCK_CLIENT, LOCK_SERVER) VALUES (?,?,?,?,?,?): 123,Power Configuration,false,false,true,false => rowid: 913","v":1}
{"level":30,"time":1589725317894,"pid":31079,"hostname":"localhost.localdomain","msg":"Executed insert: INSERT INTO DEVICE_TYPE_CLUSTER (DEVICE_TYPE_REF, CLUSTER_NAME, INCLUDE_CLIENT, INCLUDE_SERVER, LOCK_CLIENT, LOCK_SERVER) VALUES (?,?,?,?,?,?): 123,Commissioning,false,false,false,false => rowid: 914","v":1}
{"level":30,"time":1589725317894,"pid":31079,"hostname":"localhost.localdomain","msg":"Executed insert: INSERT INTO DEVICE_TYPE_CLUSTER (DEVICE_TYPE_REF, CLUSTER_NAME, INCLUDE_CLIENT, INCLUDE_SERVER, LOCK_CLIENT, LOCK_SERVER) VALUES (?,?,?,?,?,?): 123,Identify,false,false,true,false => rowid: 915","v":1}
{"level":30,"time":1589725317894,"pid":31079,"hostname":"localhost.localdomain","msg":"Executed insert: INSERT INTO DEVICE_TYPE_CLUSTER (DEVICE_TYPE_REF, CLUSTER_NAME, INCLUDE_CLIENT, INCLUDE_SERVER, LOCK_CLIENT, LOCK_SERVER) VALUES (?,?,?,?,?,?): 123,Events,false,false,false,false => rowid: 916","v":1}
{"level":30,"time":1589725317894,"pid":31079,"hostname":"localhost.localdomain","msg":"Executed insert: INSERT INTO DEVICE_TYPE_CLUSTER (DEVICE_TYPE_REF, CLUSTER_NAME, INCLUDE_CLIENT, INCLUDE_SERVER, LOCK_CLIENT, LOCK_SERVER) VALUES (?,?,?,?,?,?): 123,Over the Air Bootloading,false,false,false,false => rowid: 917","v":1}
{"level":30,"time":1589725317894,"pid":31079,"hostname":"localhost.localdomain","msg":"Executed insert: INSERT INTO DEVICE_TYPE_CLUSTER (DEVICE_TYPE_REF, CLUSTER_NAME, INCLUDE_CLIENT, INCLUDE_SERVER, LOCK_CLIENT, LOCK_SERVER) VALUES (?,?,?,?,?,?): 123,Demand Response and Load Control,false,false,false,true => rowid: 918","v":1}
{"level":30,"time":1589725317894,"pid":31079,"hostname":"localhost.localdomain","msg":"Executed insert: INSERT INTO DEVICE_TYPE_CLUSTER (DEVICE_TYPE_REF, CLUSTER_NAME, INCLUDE_CLIENT, INCLUDE_SERVER, LOCK_CLIENT, LOCK_SERVER) VALUES (?,?,?,?,?,?): 123,Time,false,false,false,true => rowid: 919","v":1}
{"level":30,"time":1589725317894,"pid":31079,"hostname":"localhost.localdomain","msg":"Executed insert: INSERT INTO DEVICE_TYPE_CLUSTER (DEVICE_TYPE_REF, CLUSTER_NAME, INCLUDE_CLIENT, INCLUDE_SERVER, LOCK_CLIENT, LOCK_SERVER) VALUES (?,?,?,?,?,?): 123,Prepayment,false,false,false,true => rowid: 920","v":1}
{"level":30,"time":1589725317894,"pid":31079,"hostname":"localhost.localdomain","msg":"Executed insert: INSERT INTO DEVICE_TYPE_CLUSTER (DEVICE_TYPE_REF, CLUSTER_NAME, INCLUDE_CLIENT, INCLUDE_SERVER, LOCK_CLIENT, LOCK_SERVER) VALUES (?,?,?,?,?,?): 123,Price,false,false,false,true => rowid: 921","v":1}
{"level":30,"time":1589725317894,"pid":31079,"hostname":"localhost.localdomain","msg":"Executed insert: INSERT INTO DEVICE_TYPE_CLUSTER (DEVICE_TYPE_REF, CLUSTER_NAME, INCLUDE_CLIENT, INCLUDE_SERVER, LOCK_CLIENT, LOCK_SERVER) VALUES (?,?,?,?,?,?): 123,Calendar,false,false,false,true => rowid: 922","v":1}
{"level":30,"time":1589725317894,"pid":31079,"hostname":"localhost.localdomain","msg":"Executed insert: INSERT INTO DEVICE_TYPE_CLUSTER (DEVICE_TYPE_REF, CLUSTER_NAME, INCLUDE_CLIENT, INCLUDE_SERVER, LOCK_CLIENT, LOCK_SERVER) VALUES (?,?,?,?,?,?): 123,Simple Metering,false,false,false,true => rowid: 923","v":1}
{"level":30,"time":1589725317894,"pid":31079,"hostname":"localhost.localdomain","msg":"Executed insert: INSERT INTO DEVICE_TYPE_CLUSTER (DEVICE_TYPE_REF, CLUSTER_NAME, INCLUDE_CLIENT, INCLUDE_SERVER, LOCK_CLIENT, LOCK_SERVER) VALUES (?,?,?,?,?,?): 123,Messaging,false,false,false,true => rowid: 924","v":1}
{"level":30,"time":1589725317894,"pid":31079,"hostname":"localhost.localdomain","msg":"Executed insert: INSERT INTO DEVICE_TYPE_CLUSTER (DEVICE_TYPE_REF, CLUSTER_NAME, INCLUDE_CLIENT, INCLUDE_SERVER, LOCK_CLIENT, LOCK_SERVER) VALUES (?,?,?,?,?,?): 123,Device Management,false,false,false,true => rowid: 925","v":1}
{"level":30,"time":1589725317894,"pid":31079,"hostname":"localhost.localdomain","msg":"Executed insert: INSERT INTO DEVICE_TYPE_CLUSTER (DEVICE_TYPE_REF, CLUSTER_NAME, INCLUDE_CLIENT, INCLUDE_SERVER, LOCK_CLIENT, LOCK_SERVER) VALUES (?,?,?,?,?,?): 123,MDU Pairing,false,false,false,true => rowid: 926","v":1}
{"level":30,"time":1589725317894,"pid":31079,"hostname":"localhost.localdomain","msg":"Executed insert: INSERT INTO DEVICE_TYPE_CLUSTER (DEVICE_TYPE_REF, CLUSTER_NAME, INCLUDE_CLIENT, INCLUDE_SERVER, LOCK_CLIENT, LOCK_SERVER) VALUES (?,?,?,?,?,?): 123,Energy Management,false,false,false,true => rowid: 927","v":1}
{"level":30,"time":1589725317894,"pid":31079,"hostname":"localhost.localdomain","msg":"Executed insert: INSERT INTO DEVICE_TYPE_CLUSTER (DEVICE_TYPE_REF, CLUSTER_NAME, INCLUDE_CLIENT, INCLUDE_SERVER, LOCK_CLIENT, LOCK_SERVER) VALUES (?,?,?,?,?,?): 123,Alarms,false,false,true,false => rowid: 928","v":1}
{"level":30,"time":1589725317894,"pid":31079,"hostname":"localhost.localdomain","msg":"Executed insert: INSERT INTO DEVICE_TYPE_CLUSTER (DEVICE_TYPE_REF, CLUSTER_NAME, INCLUDE_CLIENT, INCLUDE_SERVER, LOCK_CLIENT, LOCK_SERVER) VALUES (?,?,?,?,?,?): 123,Tunneling,false,false,false,false => rowid: 929","v":1}
{"level":30,"time":1589725317894,"pid":31079,"hostname":"localhost.localdomain","msg":"Executed insert: INSERT INTO DEVICE_TYPE_CLUSTER (DEVICE_TYPE_REF, CLUSTER_NAME, INCLUDE_CLIENT, INCLUDE_SERVER, LOCK_CLIENT, LOCK_SERVER) VALUES (?,?,?,?,?,?): 123,Keep-Alive,false,false,false,false => rowid: 930","v":1}
{"level":30,"time":1589725317895,"pid":31079,"hostname":"localhost.localdomain","msg":"Executed insert: INSERT INTO DEVICE_TYPE_CLUSTER (DEVICE_TYPE_REF, CLUSTER_NAME, INCLUDE_CLIENT, INCLUDE_SERVER, LOCK_CLIENT, LOCK_SERVER) VALUES (?,?,?,?,?,?): 123,Sub-GHz,false,false,false,true => rowid: 931","v":1}
{"level":30,"time":1589725317895,"pid":31079,"hostname":"localhost.localdomain","msg":"Preparing statement: INSERT INTO DEVICE_TYPE_ATTRIBUTE (DEVICE_TYPE_CLUSTER_REF, ATTRIBUTE_NAME) VALUES (?, ?) to insert 0 records.","v":1}
{"level":30,"time":1589725317895,"pid":31079,"hostname":"localhost.localdomain","msg":"Preparing statement: INSERT INTO DEVICE_TYPE_COMMAND (DEVICE_TYPE_CLUSTER_REF, COMMAND_NAME) VALUES (?, ?) to insert 0 records.","v":1}
{"level":30,"time":1589725317895,"pid":31079,"hostname":"localhost.localdomain","msg":"Executed insert: INSERT INTO DEVICE_TYPE_CLUSTER (DEVICE_TYPE_REF, CLUSTER_NAME, INCLUDE_CLIENT, INCLUDE_SERVER, LOCK_CLIENT, LOCK_SERVER) VALUES (?,?,?,?,?,?): 126,Basic,false,true,true,true => rowid: 932","v":1}
{"level":30,"time":1589725317895,"pid":31079,"hostname":"localhost.localdomain","msg":"Executed insert: INSERT INTO DEVICE_TYPE_CLUSTER (DEVICE_TYPE_REF, CLUSTER_NAME, INCLUDE_CLIENT, INCLUDE_SERVER, LOCK_CLIENT, LOCK_SERVER) VALUES (?,?,?,?,?,?): 126,Key Establishment,true,true,true,true => rowid: 933","v":1}
{"level":30,"time":1589725317895,"pid":31079,"hostname":"localhost.localdomain","msg":"Executed insert: INSERT INTO DEVICE_TYPE_CLUSTER (DEVICE_TYPE_REF, CLUSTER_NAME, INCLUDE_CLIENT, INCLUDE_SERVER, LOCK_CLIENT, LOCK_SERVER) VALUES (?,?,?,?,?,?): 126,Power Configuration,false,false,true,false => rowid: 934","v":1}
{"level":30,"time":1589725317895,"pid":31079,"hostname":"localhost.localdomain","msg":"Executed insert: INSERT INTO DEVICE_TYPE_CLUSTER (DEVICE_TYPE_REF, CLUSTER_NAME, INCLUDE_CLIENT, INCLUDE_SERVER, LOCK_CLIENT, LOCK_SERVER) VALUES (?,?,?,?,?,?): 126,Commissioning,false,false,false,false => rowid: 935","v":1}
{"level":30,"time":1589725317895,"pid":31079,"hostname":"localhost.localdomain","msg":"Executed insert: INSERT INTO DEVICE_TYPE_CLUSTER (DEVICE_TYPE_REF, CLUSTER_NAME, INCLUDE_CLIENT, INCLUDE_SERVER, LOCK_CLIENT, LOCK_SERVER) VALUES (?,?,?,?,?,?): 126,Identify,false,false,true,false => rowid: 936","v":1}
{"level":30,"time":1589725317895,"pid":31079,"hostname":"localhost.localdomain","msg":"Executed insert: INSERT INTO DEVICE_TYPE_CLUSTER (DEVICE_TYPE_REF, CLUSTER_NAME, INCLUDE_CLIENT, INCLUDE_SERVER, LOCK_CLIENT, LOCK_SERVER) VALUES (?,?,?,?,?,?): 126,Events,false,false,true,false => rowid: 937","v":1}
{"level":30,"time":1589725317895,"pid":31079,"hostname":"localhost.localdomain","msg":"Executed insert: INSERT INTO DEVICE_TYPE_CLUSTER (DEVICE_TYPE_REF, CLUSTER_NAME, INCLUDE_CLIENT, INCLUDE_SERVER, LOCK_CLIENT, LOCK_SERVER) VALUES (?,?,?,?,?,?): 126,Over the Air Bootloading,false,false,false,false => rowid: 938","v":1}
{"level":30,"time":1589725317895,"pid":31079,"hostname":"localhost.localdomain","msg":"Executed insert: INSERT INTO DEVICE_TYPE_CLUSTER (DEVICE_TYPE_REF, CLUSTER_NAME, INCLUDE_CLIENT, INCLUDE_SERVER, LOCK_CLIENT, LOCK_SERVER) VALUES (?,?,?,?,?,?): 126,Demand Response and Load Control,true,false,true,true => rowid: 939","v":1}
{"level":30,"time":1589725317895,"pid":31079,"hostname":"localhost.localdomain","msg":"Executed insert: INSERT INTO DEVICE_TYPE_CLUSTER (DEVICE_TYPE_REF, CLUSTER_NAME, INCLUDE_CLIENT, INCLUDE_SERVER, LOCK_CLIENT, LOCK_SERVER) VALUES (?,?,?,?,?,?): 126,Time,true,false,true,true => rowid: 940","v":1}
{"level":30,"time":1589725317895,"pid":31079,"hostname":"localhost.localdomain","msg":"Executed insert: INSERT INTO DEVICE_TYPE_CLUSTER (DEVICE_TYPE_REF, CLUSTER_NAME, INCLUDE_CLIENT, INCLUDE_SERVER, LOCK_CLIENT, LOCK_SERVER) VALUES (?,?,?,?,?,?): 126,Prepayment,false,false,false,true => rowid: 941","v":1}
{"level":30,"time":1589725317895,"pid":31079,"hostname":"localhost.localdomain","msg":"Executed insert: INSERT INTO DEVICE_TYPE_CLUSTER (DEVICE_TYPE_REF, CLUSTER_NAME, INCLUDE_CLIENT, INCLUDE_SERVER, LOCK_CLIENT, LOCK_SERVER) VALUES (?,?,?,?,?,?): 126,Price,false,false,false,true => rowid: 942","v":1}
{"level":30,"time":1589725317896,"pid":31079,"hostname":"localhost.localdomain","msg":"Executed insert: INSERT INTO DEVICE_TYPE_CLUSTER (DEVICE_TYPE_REF, CLUSTER_NAME, INCLUDE_CLIENT, INCLUDE_SERVER, LOCK_CLIENT, LOCK_SERVER) VALUES (?,?,?,?,?,?): 126,Calendar,false,false,false,true => rowid: 943","v":1}
{"level":30,"time":1589725317896,"pid":31079,"hostname":"localhost.localdomain","msg":"Executed insert: INSERT INTO DEVICE_TYPE_CLUSTER (DEVICE_TYPE_REF, CLUSTER_NAME, INCLUDE_CLIENT, INCLUDE_SERVER, LOCK_CLIENT, LOCK_SERVER) VALUES (?,?,?,?,?,?): 126,Simple Metering,false,false,false,true => rowid: 944","v":1}
{"level":30,"time":1589725317896,"pid":31079,"hostname":"localhost.localdomain","msg":"Executed insert: INSERT INTO DEVICE_TYPE_CLUSTER (DEVICE_TYPE_REF, CLUSTER_NAME, INCLUDE_CLIENT, INCLUDE_SERVER, LOCK_CLIENT, LOCK_SERVER) VALUES (?,?,?,?,?,?): 126,Messaging,false,false,false,true => rowid: 945","v":1}
{"level":30,"time":1589725317896,"pid":31079,"hostname":"localhost.localdomain","msg":"Executed insert: INSERT INTO DEVICE_TYPE_CLUSTER (DEVICE_TYPE_REF, CLUSTER_NAME, INCLUDE_CLIENT, INCLUDE_SERVER, LOCK_CLIENT, LOCK_SERVER) VALUES (?,?,?,?,?,?): 126,Device Management,false,false,false,true => rowid: 946","v":1}
{"level":30,"time":1589725317896,"pid":31079,"hostname":"localhost.localdomain","msg":"Executed insert: INSERT INTO DEVICE_TYPE_CLUSTER (DEVICE_TYPE_REF, CLUSTER_NAME, INCLUDE_CLIENT, INCLUDE_SERVER, LOCK_CLIENT, LOCK_SERVER) VALUES (?,?,?,?,?,?): 126,MDU Pairing,false,false,false,true => rowid: 947","v":1}
{"level":30,"time":1589725317896,"pid":31079,"hostname":"localhost.localdomain","msg":"Executed insert: INSERT INTO DEVICE_TYPE_CLUSTER (DEVICE_TYPE_REF, CLUSTER_NAME, INCLUDE_CLIENT, INCLUDE_SERVER, LOCK_CLIENT, LOCK_SERVER) VALUES (?,?,?,?,?,?): 126,Energy Management,false,false,true,false => rowid: 948","v":1}
{"level":30,"time":1589725317896,"pid":31079,"hostname":"localhost.localdomain","msg":"Executed insert: INSERT INTO DEVICE_TYPE_CLUSTER (DEVICE_TYPE_REF, CLUSTER_NAME, INCLUDE_CLIENT, INCLUDE_SERVER, LOCK_CLIENT, LOCK_SERVER) VALUES (?,?,?,?,?,?): 126,Alarms,false,false,true,false => rowid: 949","v":1}
{"level":30,"time":1589725317896,"pid":31079,"hostname":"localhost.localdomain","msg":"Executed insert: INSERT INTO DEVICE_TYPE_CLUSTER (DEVICE_TYPE_REF, CLUSTER_NAME, INCLUDE_CLIENT, INCLUDE_SERVER, LOCK_CLIENT, LOCK_SERVER) VALUES (?,?,?,?,?,?): 126,Tunneling,false,false,false,false => rowid: 950","v":1}
{"level":30,"time":1589725317896,"pid":31079,"hostname":"localhost.localdomain","msg":"Executed insert: INSERT INTO DEVICE_TYPE_CLUSTER (DEVICE_TYPE_REF, CLUSTER_NAME, INCLUDE_CLIENT, INCLUDE_SERVER, LOCK_CLIENT, LOCK_SERVER) VALUES (?,?,?,?,?,?): 126,Keep-Alive,false,false,false,false => rowid: 951","v":1}
{"level":30,"time":1589725317896,"pid":31079,"hostname":"localhost.localdomain","msg":"Executed insert: INSERT INTO DEVICE_TYPE_CLUSTER (DEVICE_TYPE_REF, CLUSTER_NAME, INCLUDE_CLIENT, INCLUDE_SERVER, LOCK_CLIENT, LOCK_SERVER) VALUES (?,?,?,?,?,?): 126,Sub-GHz,false,false,false,true => rowid: 952","v":1}
{"level":30,"time":1589725317897,"pid":31079,"hostname":"localhost.localdomain","msg":"Preparing statement: INSERT INTO DEVICE_TYPE_ATTRIBUTE (DEVICE_TYPE_CLUSTER_REF, ATTRIBUTE_NAME) VALUES (?, ?) to insert 0 records.","v":1}
{"level":30,"time":1589725317897,"pid":31079,"hostname":"localhost.localdomain","msg":"Preparing statement: INSERT INTO DEVICE_TYPE_COMMAND (DEVICE_TYPE_CLUSTER_REF, COMMAND_NAME) VALUES (?, ?) to insert 0 records.","v":1}
{"level":30,"time":1589725317897,"pid":31079,"hostname":"localhost.localdomain","msg":"Executed insert: INSERT INTO DEVICE_TYPE_CLUSTER (DEVICE_TYPE_REF, CLUSTER_NAME, INCLUDE_CLIENT, INCLUDE_SERVER, LOCK_CLIENT, LOCK_SERVER) VALUES (?,?,?,?,?,?): 129,Basic,false,true,true,true => rowid: 953","v":1}
{"level":30,"time":1589725317897,"pid":31079,"hostname":"localhost.localdomain","msg":"Executed insert: INSERT INTO DEVICE_TYPE_CLUSTER (DEVICE_TYPE_REF, CLUSTER_NAME, INCLUDE_CLIENT, INCLUDE_SERVER, LOCK_CLIENT, LOCK_SERVER) VALUES (?,?,?,?,?,?): 129,Key Establishment,true,true,true,true => rowid: 954","v":1}
{"level":30,"time":1589725317897,"pid":31079,"hostname":"localhost.localdomain","msg":"Executed insert: INSERT INTO DEVICE_TYPE_CLUSTER (DEVICE_TYPE_REF, CLUSTER_NAME, INCLUDE_CLIENT, INCLUDE_SERVER, LOCK_CLIENT, LOCK_SERVER) VALUES (?,?,?,?,?,?): 129,Power Configuration,false,false,true,false => rowid: 955","v":1}
{"level":30,"time":1589725317897,"pid":31079,"hostname":"localhost.localdomain","msg":"Executed insert: INSERT INTO DEVICE_TYPE_CLUSTER (DEVICE_TYPE_REF, CLUSTER_NAME, INCLUDE_CLIENT, INCLUDE_SERVER, LOCK_CLIENT, LOCK_SERVER) VALUES (?,?,?,?,?,?): 129,Commissioning,false,false,false,false => rowid: 956","v":1}
{"level":30,"time":1589725317897,"pid":31079,"hostname":"localhost.localdomain","msg":"Executed insert: INSERT INTO DEVICE_TYPE_CLUSTER (DEVICE_TYPE_REF, CLUSTER_NAME, INCLUDE_CLIENT, INCLUDE_SERVER, LOCK_CLIENT, LOCK_SERVER) VALUES (?,?,?,?,?,?): 129,Identify,false,false,true,false => rowid: 957","v":1}
{"level":30,"time":1589725317897,"pid":31079,"hostname":"localhost.localdomain","msg":"Executed insert: INSERT INTO DEVICE_TYPE_CLUSTER (DEVICE_TYPE_REF, CLUSTER_NAME, INCLUDE_CLIENT, INCLUDE_SERVER, LOCK_CLIENT, LOCK_SERVER) VALUES (?,?,?,?,?,?): 129,Events,false,false,true,false => rowid: 958","v":1}
{"level":30,"time":1589725317897,"pid":31079,"hostname":"localhost.localdomain","msg":"Executed insert: INSERT INTO DEVICE_TYPE_CLUSTER (DEVICE_TYPE_REF, CLUSTER_NAME, INCLUDE_CLIENT, INCLUDE_SERVER, LOCK_CLIENT, LOCK_SERVER) VALUES (?,?,?,?,?,?): 129,Over the Air Bootloading,false,false,false,false => rowid: 959","v":1}
{"level":30,"time":1589725317897,"pid":31079,"hostname":"localhost.localdomain","msg":"Executed insert: INSERT INTO DEVICE_TYPE_CLUSTER (DEVICE_TYPE_REF, CLUSTER_NAME, INCLUDE_CLIENT, INCLUDE_SERVER, LOCK_CLIENT, LOCK_SERVER) VALUES (?,?,?,?,?,?): 129,Demand Response and Load Control,true,false,true,true => rowid: 960","v":1}
{"level":30,"time":1589725317897,"pid":31079,"hostname":"localhost.localdomain","msg":"Executed insert: INSERT INTO DEVICE_TYPE_CLUSTER (DEVICE_TYPE_REF, CLUSTER_NAME, INCLUDE_CLIENT, INCLUDE_SERVER, LOCK_CLIENT, LOCK_SERVER) VALUES (?,?,?,?,?,?): 129,Time,true,false,true,true => rowid: 961","v":1}
{"level":30,"time":1589725317897,"pid":31079,"hostname":"localhost.localdomain","msg":"Executed insert: INSERT INTO DEVICE_TYPE_CLUSTER (DEVICE_TYPE_REF, CLUSTER_NAME, INCLUDE_CLIENT, INCLUDE_SERVER, LOCK_CLIENT, LOCK_SERVER) VALUES (?,?,?,?,?,?): 129,Price,false,false,false,true => rowid: 962","v":1}
{"level":30,"time":1589725317897,"pid":31079,"hostname":"localhost.localdomain","msg":"Executed insert: INSERT INTO DEVICE_TYPE_CLUSTER (DEVICE_TYPE_REF, CLUSTER_NAME, INCLUDE_CLIENT, INCLUDE_SERVER, LOCK_CLIENT, LOCK_SERVER) VALUES (?,?,?,?,?,?): 129,Calendar,false,false,false,true => rowid: 963","v":1}
{"level":30,"time":1589725317897,"pid":31079,"hostname":"localhost.localdomain","msg":"Executed insert: INSERT INTO DEVICE_TYPE_CLUSTER (DEVICE_TYPE_REF, CLUSTER_NAME, INCLUDE_CLIENT, INCLUDE_SERVER, LOCK_CLIENT, LOCK_SERVER) VALUES (?,?,?,?,?,?): 129,Device Management,false,false,false,true => rowid: 964","v":1}
{"level":30,"time":1589725317897,"pid":31079,"hostname":"localhost.localdomain","msg":"Executed insert: INSERT INTO DEVICE_TYPE_CLUSTER (DEVICE_TYPE_REF, CLUSTER_NAME, INCLUDE_CLIENT, INCLUDE_SERVER, LOCK_CLIENT, LOCK_SERVER) VALUES (?,?,?,?,?,?): 129,MDU Pairing,false,false,false,true => rowid: 965","v":1}
{"level":30,"time":1589725317897,"pid":31079,"hostname":"localhost.localdomain","msg":"Executed insert: INSERT INTO DEVICE_TYPE_CLUSTER (DEVICE_TYPE_REF, CLUSTER_NAME, INCLUDE_CLIENT, INCLUDE_SERVER, LOCK_CLIENT, LOCK_SERVER) VALUES (?,?,?,?,?,?): 129,Energy Management,false,false,true,false => rowid: 966","v":1}
{"level":30,"time":1589725317897,"pid":31079,"hostname":"localhost.localdomain","msg":"Executed insert: INSERT INTO DEVICE_TYPE_CLUSTER (DEVICE_TYPE_REF, CLUSTER_NAME, INCLUDE_CLIENT, INCLUDE_SERVER, LOCK_CLIENT, LOCK_SERVER) VALUES (?,?,?,?,?,?): 129,Alarms,false,false,true,false => rowid: 967","v":1}
{"level":30,"time":1589725317897,"pid":31079,"hostname":"localhost.localdomain","msg":"Executed insert: INSERT INTO DEVICE_TYPE_CLUSTER (DEVICE_TYPE_REF, CLUSTER_NAME, INCLUDE_CLIENT, INCLUDE_SERVER, LOCK_CLIENT, LOCK_SERVER) VALUES (?,?,?,?,?,?): 129,Tunneling,false,false,false,false => rowid: 968","v":1}
{"level":30,"time":1589725317897,"pid":31079,"hostname":"localhost.localdomain","msg":"Executed insert: INSERT INTO DEVICE_TYPE_CLUSTER (DEVICE_TYPE_REF, CLUSTER_NAME, INCLUDE_CLIENT, INCLUDE_SERVER, LOCK_CLIENT, LOCK_SERVER) VALUES (?,?,?,?,?,?): 129,Keep-Alive,false,false,false,false => rowid: 969","v":1}
{"level":30,"time":1589725317897,"pid":31079,"hostname":"localhost.localdomain","msg":"Executed insert: INSERT INTO DEVICE_TYPE_CLUSTER (DEVICE_TYPE_REF, CLUSTER_NAME, INCLUDE_CLIENT, INCLUDE_SERVER, LOCK_CLIENT, LOCK_SERVER) VALUES (?,?,?,?,?,?): 129,Sub-GHz,false,false,false,true => rowid: 970","v":1}
{"level":30,"time":1589725317898,"pid":31079,"hostname":"localhost.localdomain","msg":"Preparing statement: INSERT INTO DEVICE_TYPE_ATTRIBUTE (DEVICE_TYPE_CLUSTER_REF, ATTRIBUTE_NAME) VALUES (?, ?) to insert 0 records.","v":1}
{"level":30,"time":1589725317898,"pid":31079,"hostname":"localhost.localdomain","msg":"Preparing statement: INSERT INTO DEVICE_TYPE_COMMAND (DEVICE_TYPE_CLUSTER_REF, COMMAND_NAME) VALUES (?, ?) to insert 0 records.","v":1}
{"level":30,"time":1589725317898,"pid":31079,"hostname":"localhost.localdomain","msg":"Executed insert: INSERT INTO DEVICE_TYPE_CLUSTER (DEVICE_TYPE_REF, CLUSTER_NAME, INCLUDE_CLIENT, INCLUDE_SERVER, LOCK_CLIENT, LOCK_SERVER) VALUES (?,?,?,?,?,?): 132,Basic,false,true,true,true => rowid: 971","v":1}
{"level":30,"time":1589725317898,"pid":31079,"hostname":"localhost.localdomain","msg":"Executed insert: INSERT INTO DEVICE_TYPE_CLUSTER (DEVICE_TYPE_REF, CLUSTER_NAME, INCLUDE_CLIENT, INCLUDE_SERVER, LOCK_CLIENT, LOCK_SERVER) VALUES (?,?,?,?,?,?): 132,Key Establishment,true,true,true,true => rowid: 972","v":1}
{"level":30,"time":1589725317898,"pid":31079,"hostname":"localhost.localdomain","msg":"Executed insert: INSERT INTO DEVICE_TYPE_CLUSTER (DEVICE_TYPE_REF, CLUSTER_NAME, INCLUDE_CLIENT, INCLUDE_SERVER, LOCK_CLIENT, LOCK_SERVER) VALUES (?,?,?,?,?,?): 132,Power Configuration,false,false,true,false => rowid: 973","v":1}
{"level":30,"time":1589725317898,"pid":31079,"hostname":"localhost.localdomain","msg":"Executed insert: INSERT INTO DEVICE_TYPE_CLUSTER (DEVICE_TYPE_REF, CLUSTER_NAME, INCLUDE_CLIENT, INCLUDE_SERVER, LOCK_CLIENT, LOCK_SERVER) VALUES (?,?,?,?,?,?): 132,Commissioning,false,false,false,false => rowid: 974","v":1}
{"level":30,"time":1589725317898,"pid":31079,"hostname":"localhost.localdomain","msg":"Executed insert: INSERT INTO DEVICE_TYPE_CLUSTER (DEVICE_TYPE_REF, CLUSTER_NAME, INCLUDE_CLIENT, INCLUDE_SERVER, LOCK_CLIENT, LOCK_SERVER) VALUES (?,?,?,?,?,?): 132,Identify,false,false,true,false => rowid: 975","v":1}
{"level":30,"time":1589725317898,"pid":31079,"hostname":"localhost.localdomain","msg":"Executed insert: INSERT INTO DEVICE_TYPE_CLUSTER (DEVICE_TYPE_REF, CLUSTER_NAME, INCLUDE_CLIENT, INCLUDE_SERVER, LOCK_CLIENT, LOCK_SERVER) VALUES (?,?,?,?,?,?): 132,Events,false,false,true,false => rowid: 976","v":1}
{"level":30,"time":1589725317898,"pid":31079,"hostname":"localhost.localdomain","msg":"Executed insert: INSERT INTO DEVICE_TYPE_CLUSTER (DEVICE_TYPE_REF, CLUSTER_NAME, INCLUDE_CLIENT, INCLUDE_SERVER, LOCK_CLIENT, LOCK_SERVER) VALUES (?,?,?,?,?,?): 132,Over the Air Bootloading,false,false,false,false => rowid: 977","v":1}
{"level":30,"time":1589725317898,"pid":31079,"hostname":"localhost.localdomain","msg":"Executed insert: INSERT INTO DEVICE_TYPE_CLUSTER (DEVICE_TYPE_REF, CLUSTER_NAME, INCLUDE_CLIENT, INCLUDE_SERVER, LOCK_CLIENT, LOCK_SERVER) VALUES (?,?,?,?,?,?): 132,Price,true,false,true,true => rowid: 978","v":1}
{"level":30,"time":1589725317898,"pid":31079,"hostname":"localhost.localdomain","msg":"Executed insert: INSERT INTO DEVICE_TYPE_CLUSTER (DEVICE_TYPE_REF, CLUSTER_NAME, INCLUDE_CLIENT, INCLUDE_SERVER, LOCK_CLIENT, LOCK_SERVER) VALUES (?,?,?,?,?,?): 132,Time,true,false,true,true => rowid: 979","v":1}
{"level":30,"time":1589725317898,"pid":31079,"hostname":"localhost.localdomain","msg":"Executed insert: INSERT INTO DEVICE_TYPE_CLUSTER (DEVICE_TYPE_REF, CLUSTER_NAME, INCLUDE_CLIENT, INCLUDE_SERVER, LOCK_CLIENT, LOCK_SERVER) VALUES (?,?,?,?,?,?): 132,Demand Response and Load Control,false,false,false,true => rowid: 980","v":1}
{"level":30,"time":1589725317898,"pid":31079,"hostname":"localhost.localdomain","msg":"Executed insert: INSERT INTO DEVICE_TYPE_CLUSTER (DEVICE_TYPE_REF, CLUSTER_NAME, INCLUDE_CLIENT, INCLUDE_SERVER, LOCK_CLIENT, LOCK_SERVER) VALUES (?,?,?,?,?,?): 132,Messaging,false,false,false,true => rowid: 981","v":1}
{"level":30,"time":1589725317898,"pid":31079,"hostname":"localhost.localdomain","msg":"Executed insert: INSERT INTO DEVICE_TYPE_CLUSTER (DEVICE_TYPE_REF, CLUSTER_NAME, INCLUDE_CLIENT, INCLUDE_SERVER, LOCK_CLIENT, LOCK_SERVER) VALUES (?,?,?,?,?,?): 132,Calendar,false,false,false,true => rowid: 982","v":1}
{"level":30,"time":1589725317898,"pid":31079,"hostname":"localhost.localdomain","msg":"Executed insert: INSERT INTO DEVICE_TYPE_CLUSTER (DEVICE_TYPE_REF, CLUSTER_NAME, INCLUDE_CLIENT, INCLUDE_SERVER, LOCK_CLIENT, LOCK_SERVER) VALUES (?,?,?,?,?,?): 132,Device Management,false,false,false,true => rowid: 983","v":1}
{"level":30,"time":1589725317898,"pid":31079,"hostname":"localhost.localdomain","msg":"Executed insert: INSERT INTO DEVICE_TYPE_CLUSTER (DEVICE_TYPE_REF, CLUSTER_NAME, INCLUDE_CLIENT, INCLUDE_SERVER, LOCK_CLIENT, LOCK_SERVER) VALUES (?,?,?,?,?,?): 132,MDU Pairing,false,false,false,true => rowid: 984","v":1}
{"level":30,"time":1589725317898,"pid":31079,"hostname":"localhost.localdomain","msg":"Executed insert: INSERT INTO DEVICE_TYPE_CLUSTER (DEVICE_TYPE_REF, CLUSTER_NAME, INCLUDE_CLIENT, INCLUDE_SERVER, LOCK_CLIENT, LOCK_SERVER) VALUES (?,?,?,?,?,?): 132,Energy Management,false,false,true,false => rowid: 985","v":1}
{"level":30,"time":1589725317898,"pid":31079,"hostname":"localhost.localdomain","msg":"Executed insert: INSERT INTO DEVICE_TYPE_CLUSTER (DEVICE_TYPE_REF, CLUSTER_NAME, INCLUDE_CLIENT, INCLUDE_SERVER, LOCK_CLIENT, LOCK_SERVER) VALUES (?,?,?,?,?,?): 132,Alarms,false,false,true,false => rowid: 986","v":1}
{"level":30,"time":1589725317898,"pid":31079,"hostname":"localhost.localdomain","msg":"Executed insert: INSERT INTO DEVICE_TYPE_CLUSTER (DEVICE_TYPE_REF, CLUSTER_NAME, INCLUDE_CLIENT, INCLUDE_SERVER, LOCK_CLIENT, LOCK_SERVER) VALUES (?,?,?,?,?,?): 132,Tunneling,false,false,false,false => rowid: 987","v":1}
{"level":30,"time":1589725317898,"pid":31079,"hostname":"localhost.localdomain","msg":"Executed insert: INSERT INTO DEVICE_TYPE_CLUSTER (DEVICE_TYPE_REF, CLUSTER_NAME, INCLUDE_CLIENT, INCLUDE_SERVER, LOCK_CLIENT, LOCK_SERVER) VALUES (?,?,?,?,?,?): 132,Keep-Alive,false,false,false,false => rowid: 988","v":1}
{"level":30,"time":1589725317898,"pid":31079,"hostname":"localhost.localdomain","msg":"Executed insert: INSERT INTO DEVICE_TYPE_CLUSTER (DEVICE_TYPE_REF, CLUSTER_NAME, INCLUDE_CLIENT, INCLUDE_SERVER, LOCK_CLIENT, LOCK_SERVER) VALUES (?,?,?,?,?,?): 132,Sub-GHz,false,false,false,true => rowid: 989","v":1}
{"level":30,"time":1589725317898,"pid":31079,"hostname":"localhost.localdomain","msg":"Preparing statement: INSERT INTO DEVICE_TYPE_ATTRIBUTE (DEVICE_TYPE_CLUSTER_REF, ATTRIBUTE_NAME) VALUES (?, ?) to insert 0 records.","v":1}
{"level":30,"time":1589725317899,"pid":31079,"hostname":"localhost.localdomain","msg":"Preparing statement: INSERT INTO DEVICE_TYPE_COMMAND (DEVICE_TYPE_CLUSTER_REF, COMMAND_NAME) VALUES (?, ?) to insert 0 records.","v":1}
{"level":30,"time":1589725317899,"pid":31079,"hostname":"localhost.localdomain","msg":"Executed insert: INSERT INTO DEVICE_TYPE_CLUSTER (DEVICE_TYPE_REF, CLUSTER_NAME, INCLUDE_CLIENT, INCLUDE_SERVER, LOCK_CLIENT, LOCK_SERVER) VALUES (?,?,?,?,?,?): 135,Basic,false,true,true,true => rowid: 990","v":1}
{"level":30,"time":1589725317899,"pid":31079,"hostname":"localhost.localdomain","msg":"Executed insert: INSERT INTO DEVICE_TYPE_CLUSTER (DEVICE_TYPE_REF, CLUSTER_NAME, INCLUDE_CLIENT, INCLUDE_SERVER, LOCK_CLIENT, LOCK_SERVER) VALUES (?,?,?,?,?,?): 135,Key Establishment,true,true,true,true => rowid: 991","v":1}
{"level":30,"time":1589725317899,"pid":31079,"hostname":"localhost.localdomain","msg":"Executed insert: INSERT INTO DEVICE_TYPE_CLUSTER (DEVICE_TYPE_REF, CLUSTER_NAME, INCLUDE_CLIENT, INCLUDE_SERVER, LOCK_CLIENT, LOCK_SERVER) VALUES (?,?,?,?,?,?): 135,Power Configuration,false,false,true,false => rowid: 992","v":1}
{"level":30,"time":1589725317899,"pid":31079,"hostname":"localhost.localdomain","msg":"Executed insert: INSERT INTO DEVICE_TYPE_CLUSTER (DEVICE_TYPE_REF, CLUSTER_NAME, INCLUDE_CLIENT, INCLUDE_SERVER, LOCK_CLIENT, LOCK_SERVER) VALUES (?,?,?,?,?,?): 135,Commissioning,false,false,false,false => rowid: 993","v":1}
{"level":30,"time":1589725317899,"pid":31079,"hostname":"localhost.localdomain","msg":"Executed insert: INSERT INTO DEVICE_TYPE_CLUSTER (DEVICE_TYPE_REF, CLUSTER_NAME, INCLUDE_CLIENT, INCLUDE_SERVER, LOCK_CLIENT, LOCK_SERVER) VALUES (?,?,?,?,?,?): 135,Identify,false,false,true,false => rowid: 994","v":1}
{"level":30,"time":1589725317899,"pid":31079,"hostname":"localhost.localdomain","msg":"Executed insert: INSERT INTO DEVICE_TYPE_CLUSTER (DEVICE_TYPE_REF, CLUSTER_NAME, INCLUDE_CLIENT, INCLUDE_SERVER, LOCK_CLIENT, LOCK_SERVER) VALUES (?,?,?,?,?,?): 135,Events,false,false,true,false => rowid: 995","v":1}
{"level":30,"time":1589725317899,"pid":31079,"hostname":"localhost.localdomain","msg":"Executed insert: INSERT INTO DEVICE_TYPE_CLUSTER (DEVICE_TYPE_REF, CLUSTER_NAME, INCLUDE_CLIENT, INCLUDE_SERVER, LOCK_CLIENT, LOCK_SERVER) VALUES (?,?,?,?,?,?): 135,Over the Air Bootloading,false,false,false,false => rowid: 996","v":1}
{"level":30,"time":1589725317899,"pid":31079,"hostname":"localhost.localdomain","msg":"Executed insert: INSERT INTO DEVICE_TYPE_CLUSTER (DEVICE_TYPE_REF, CLUSTER_NAME, INCLUDE_CLIENT, INCLUDE_SERVER, LOCK_CLIENT, LOCK_SERVER) VALUES (?,?,?,?,?,?): 135,Tunneling,false,false,false,false => rowid: 997","v":1}
{"level":30,"time":1589725317899,"pid":31079,"hostname":"localhost.localdomain","msg":"Executed insert: INSERT INTO DEVICE_TYPE_CLUSTER (DEVICE_TYPE_REF, CLUSTER_NAME, INCLUDE_CLIENT, INCLUDE_SERVER, LOCK_CLIENT, LOCK_SERVER) VALUES (?,?,?,?,?,?): 135,Price,true,false,true,true => rowid: 998","v":1}
{"level":30,"time":1589725317900,"pid":31079,"hostname":"localhost.localdomain","msg":"Executed insert: INSERT INTO DEVICE_TYPE_CLUSTER (DEVICE_TYPE_REF, CLUSTER_NAME, INCLUDE_CLIENT, INCLUDE_SERVER, LOCK_CLIENT, LOCK_SERVER) VALUES (?,?,?,?,?,?): 135,Time,true,false,true,true => rowid: 999","v":1}
{"level":30,"time":1589725317900,"pid":31079,"hostname":"localhost.localdomain","msg":"Executed insert: INSERT INTO DEVICE_TYPE_CLUSTER (DEVICE_TYPE_REF, CLUSTER_NAME, INCLUDE_CLIENT, INCLUDE_SERVER, LOCK_CLIENT, LOCK_SERVER) VALUES (?,?,?,?,?,?): 135,Prepayment,true,true,true,true => rowid: 1000","v":1}
{"level":30,"time":1589725317900,"pid":31079,"hostname":"localhost.localdomain","msg":"Executed insert: INSERT INTO DEVICE_TYPE_CLUSTER (DEVICE_TYPE_REF, CLUSTER_NAME, INCLUDE_CLIENT, INCLUDE_SERVER, LOCK_CLIENT, LOCK_SERVER) VALUES (?,?,?,?,?,?): 135,Demand Response and Load Control,false,false,false,true => rowid: 1001","v":1}
{"level":30,"time":1589725317900,"pid":31079,"hostname":"localhost.localdomain","msg":"Executed insert: INSERT INTO DEVICE_TYPE_CLUSTER (DEVICE_TYPE_REF, CLUSTER_NAME, INCLUDE_CLIENT, INCLUDE_SERVER, LOCK_CLIENT, LOCK_SERVER) VALUES (?,?,?,?,?,?): 135,Calendar,false,false,false,true => rowid: 1002","v":1}
{"level":30,"time":1589725317900,"pid":31079,"hostname":"localhost.localdomain","msg":"Executed insert: INSERT INTO DEVICE_TYPE_CLUSTER (DEVICE_TYPE_REF, CLUSTER_NAME, INCLUDE_CLIENT, INCLUDE_SERVER, LOCK_CLIENT, LOCK_SERVER) VALUES (?,?,?,?,?,?): 135,Simple Metering,false,false,false,true => rowid: 1003","v":1}
{"level":30,"time":1589725317900,"pid":31079,"hostname":"localhost.localdomain","msg":"Executed insert: INSERT INTO DEVICE_TYPE_CLUSTER (DEVICE_TYPE_REF, CLUSTER_NAME, INCLUDE_CLIENT, INCLUDE_SERVER, LOCK_CLIENT, LOCK_SERVER) VALUES (?,?,?,?,?,?): 135,Messaging,false,false,false,true => rowid: 1004","v":1}
{"level":30,"time":1589725317900,"pid":31079,"hostname":"localhost.localdomain","msg":"Executed insert: INSERT INTO DEVICE_TYPE_CLUSTER (DEVICE_TYPE_REF, CLUSTER_NAME, INCLUDE_CLIENT, INCLUDE_SERVER, LOCK_CLIENT, LOCK_SERVER) VALUES (?,?,?,?,?,?): 135,Device Management,false,false,false,true => rowid: 1005","v":1}
{"level":30,"time":1589725317900,"pid":31079,"hostname":"localhost.localdomain","msg":"Executed insert: INSERT INTO DEVICE_TYPE_CLUSTER (DEVICE_TYPE_REF, CLUSTER_NAME, INCLUDE_CLIENT, INCLUDE_SERVER, LOCK_CLIENT, LOCK_SERVER) VALUES (?,?,?,?,?,?): 135,Energy Management,false,false,false,true => rowid: 1006","v":1}
{"level":30,"time":1589725317900,"pid":31079,"hostname":"localhost.localdomain","msg":"Executed insert: INSERT INTO DEVICE_TYPE_CLUSTER (DEVICE_TYPE_REF, CLUSTER_NAME, INCLUDE_CLIENT, INCLUDE_SERVER, LOCK_CLIENT, LOCK_SERVER) VALUES (?,?,?,?,?,?): 135,Alarms,false,false,true,false => rowid: 1007","v":1}
{"level":30,"time":1589725317900,"pid":31079,"hostname":"localhost.localdomain","msg":"Executed insert: INSERT INTO DEVICE_TYPE_CLUSTER (DEVICE_TYPE_REF, CLUSTER_NAME, INCLUDE_CLIENT, INCLUDE_SERVER, LOCK_CLIENT, LOCK_SERVER) VALUES (?,?,?,?,?,?): 135,Tunneling,false,false,false,false => rowid: 1008","v":1}
{"level":30,"time":1589725317900,"pid":31079,"hostname":"localhost.localdomain","msg":"Executed insert: INSERT INTO DEVICE_TYPE_CLUSTER (DEVICE_TYPE_REF, CLUSTER_NAME, INCLUDE_CLIENT, INCLUDE_SERVER, LOCK_CLIENT, LOCK_SERVER) VALUES (?,?,?,?,?,?): 135,Keep-Alive,false,false,false,false => rowid: 1009","v":1}
{"level":30,"time":1589725317900,"pid":31079,"hostname":"localhost.localdomain","msg":"Executed insert: INSERT INTO DEVICE_TYPE_CLUSTER (DEVICE_TYPE_REF, CLUSTER_NAME, INCLUDE_CLIENT, INCLUDE_SERVER, LOCK_CLIENT, LOCK_SERVER) VALUES (?,?,?,?,?,?): 135,Sub-GHz,false,false,false,true => rowid: 1010","v":1}
{"level":30,"time":1589725317900,"pid":31079,"hostname":"localhost.localdomain","msg":"Executed insert: INSERT INTO DEVICE_TYPE_CLUSTER (DEVICE_TYPE_REF, CLUSTER_NAME, INCLUDE_CLIENT, INCLUDE_SERVER, LOCK_CLIENT, LOCK_SERVER) VALUES (?,?,?,?,?,?): 135,MDU Pairing,false,false,false,true => rowid: 1011","v":1}
{"level":30,"time":1589725317900,"pid":31079,"hostname":"localhost.localdomain","msg":"Preparing statement: INSERT INTO DEVICE_TYPE_ATTRIBUTE (DEVICE_TYPE_CLUSTER_REF, ATTRIBUTE_NAME) VALUES (?, ?) to insert 0 records.","v":1}
{"level":30,"time":1589725317901,"pid":31079,"hostname":"localhost.localdomain","msg":"Preparing statement: INSERT INTO DEVICE_TYPE_COMMAND (DEVICE_TYPE_CLUSTER_REF, COMMAND_NAME) VALUES (?, ?) to insert 0 records.","v":1}
{"level":30,"time":1589725317901,"pid":31079,"hostname":"localhost.localdomain","msg":"Executed insert: INSERT INTO DEVICE_TYPE_CLUSTER (DEVICE_TYPE_REF, CLUSTER_NAME, INCLUDE_CLIENT, INCLUDE_SERVER, LOCK_CLIENT, LOCK_SERVER) VALUES (?,?,?,?,?,?): 138,Basic,false,true,true,true => rowid: 1012","v":1}
{"level":30,"time":1589725317901,"pid":31079,"hostname":"localhost.localdomain","msg":"Executed insert: INSERT INTO DEVICE_TYPE_CLUSTER (DEVICE_TYPE_REF, CLUSTER_NAME, INCLUDE_CLIENT, INCLUDE_SERVER, LOCK_CLIENT, LOCK_SERVER) VALUES (?,?,?,?,?,?): 138,Key Establishment,true,true,true,true => rowid: 1013","v":1}
{"level":30,"time":1589725317901,"pid":31079,"hostname":"localhost.localdomain","msg":"Executed insert: INSERT INTO DEVICE_TYPE_CLUSTER (DEVICE_TYPE_REF, CLUSTER_NAME, INCLUDE_CLIENT, INCLUDE_SERVER, LOCK_CLIENT, LOCK_SERVER) VALUES (?,?,?,?,?,?): 138,Power Configuration,false,false,true,false => rowid: 1014","v":1}
{"level":30,"time":1589725317901,"pid":31079,"hostname":"localhost.localdomain","msg":"Executed insert: INSERT INTO DEVICE_TYPE_CLUSTER (DEVICE_TYPE_REF, CLUSTER_NAME, INCLUDE_CLIENT, INCLUDE_SERVER, LOCK_CLIENT, LOCK_SERVER) VALUES (?,?,?,?,?,?): 138,Commissioning,false,false,false,false => rowid: 1015","v":1}
{"level":30,"time":1589725317901,"pid":31079,"hostname":"localhost.localdomain","msg":"Executed insert: INSERT INTO DEVICE_TYPE_CLUSTER (DEVICE_TYPE_REF, CLUSTER_NAME, INCLUDE_CLIENT, INCLUDE_SERVER, LOCK_CLIENT, LOCK_SERVER) VALUES (?,?,?,?,?,?): 138,Identify,false,false,true,false => rowid: 1016","v":1}
{"level":30,"time":1589725317901,"pid":31079,"hostname":"localhost.localdomain","msg":"Executed insert: INSERT INTO DEVICE_TYPE_CLUSTER (DEVICE_TYPE_REF, CLUSTER_NAME, INCLUDE_CLIENT, INCLUDE_SERVER, LOCK_CLIENT, LOCK_SERVER) VALUES (?,?,?,?,?,?): 138,Events,false,false,true,false => rowid: 1017","v":1}
{"level":30,"time":1589725317901,"pid":31079,"hostname":"localhost.localdomain","msg":"Executed insert: INSERT INTO DEVICE_TYPE_CLUSTER (DEVICE_TYPE_REF, CLUSTER_NAME, INCLUDE_CLIENT, INCLUDE_SERVER, LOCK_CLIENT, LOCK_SERVER) VALUES (?,?,?,?,?,?): 138,Over the Air Bootloading,false,false,false,false => rowid: 1018","v":1}
{"level":30,"time":1589725317901,"pid":31079,"hostname":"localhost.localdomain","msg":"Executed insert: INSERT INTO DEVICE_TYPE_CLUSTER (DEVICE_TYPE_REF, CLUSTER_NAME, INCLUDE_CLIENT, INCLUDE_SERVER, LOCK_CLIENT, LOCK_SERVER) VALUES (?,?,?,?,?,?): 138,Keep-Alive,false,false,false,false => rowid: 1019","v":1}
{"level":30,"time":1589725317901,"pid":31079,"hostname":"localhost.localdomain","msg":"Executed insert: INSERT INTO DEVICE_TYPE_CLUSTER (DEVICE_TYPE_REF, CLUSTER_NAME, INCLUDE_CLIENT, INCLUDE_SERVER, LOCK_CLIENT, LOCK_SERVER) VALUES (?,?,?,?,?,?): 138,Sub-GHz,false,false,false,true => rowid: 1020","v":1}
{"level":30,"time":1589725317901,"pid":31079,"hostname":"localhost.localdomain","msg":"Preparing statement: INSERT INTO DEVICE_TYPE_ATTRIBUTE (DEVICE_TYPE_CLUSTER_REF, ATTRIBUTE_NAME) VALUES (?, ?) to insert 0 records.","v":1}
{"level":30,"time":1589725317901,"pid":31079,"hostname":"localhost.localdomain","msg":"Preparing statement: INSERT INTO DEVICE_TYPE_COMMAND (DEVICE_TYPE_CLUSTER_REF, COMMAND_NAME) VALUES (?, ?) to insert 0 records.","v":1}
{"level":30,"time":1589725317901,"pid":31079,"hostname":"localhost.localdomain","msg":"Executed insert: INSERT INTO DEVICE_TYPE_CLUSTER (DEVICE_TYPE_REF, CLUSTER_NAME, INCLUDE_CLIENT, INCLUDE_SERVER, LOCK_CLIENT, LOCK_SERVER) VALUES (?,?,?,?,?,?): 141,Basic,false,true,true,true => rowid: 1021","v":1}
{"level":30,"time":1589725317901,"pid":31079,"hostname":"localhost.localdomain","msg":"Executed insert: INSERT INTO DEVICE_TYPE_CLUSTER (DEVICE_TYPE_REF, CLUSTER_NAME, INCLUDE_CLIENT, INCLUDE_SERVER, LOCK_CLIENT, LOCK_SERVER) VALUES (?,?,?,?,?,?): 141,Key Establishment,true,true,true,true => rowid: 1022","v":1}
{"level":30,"time":1589725317901,"pid":31079,"hostname":"localhost.localdomain","msg":"Executed insert: INSERT INTO DEVICE_TYPE_CLUSTER (DEVICE_TYPE_REF, CLUSTER_NAME, INCLUDE_CLIENT, INCLUDE_SERVER, LOCK_CLIENT, LOCK_SERVER) VALUES (?,?,?,?,?,?): 141,Power Configuration,false,false,true,false => rowid: 1023","v":1}
{"level":30,"time":1589725317901,"pid":31079,"hostname":"localhost.localdomain","msg":"Executed insert: INSERT INTO DEVICE_TYPE_CLUSTER (DEVICE_TYPE_REF, CLUSTER_NAME, INCLUDE_CLIENT, INCLUDE_SERVER, LOCK_CLIENT, LOCK_SERVER) VALUES (?,?,?,?,?,?): 141,Commissioning,false,false,false,false => rowid: 1024","v":1}
{"level":30,"time":1589725317901,"pid":31079,"hostname":"localhost.localdomain","msg":"Executed insert: INSERT INTO DEVICE_TYPE_CLUSTER (DEVICE_TYPE_REF, CLUSTER_NAME, INCLUDE_CLIENT, INCLUDE_SERVER, LOCK_CLIENT, LOCK_SERVER) VALUES (?,?,?,?,?,?): 141,Identify,false,false,true,false => rowid: 1025","v":1}
{"level":30,"time":1589725317901,"pid":31079,"hostname":"localhost.localdomain","msg":"Executed insert: INSERT INTO DEVICE_TYPE_CLUSTER (DEVICE_TYPE_REF, CLUSTER_NAME, INCLUDE_CLIENT, INCLUDE_SERVER, LOCK_CLIENT, LOCK_SERVER) VALUES (?,?,?,?,?,?): 141,Events,false,false,true,false => rowid: 1026","v":1}
{"level":30,"time":1589725317901,"pid":31079,"hostname":"localhost.localdomain","msg":"Executed insert: INSERT INTO DEVICE_TYPE_CLUSTER (DEVICE_TYPE_REF, CLUSTER_NAME, INCLUDE_CLIENT, INCLUDE_SERVER, LOCK_CLIENT, LOCK_SERVER) VALUES (?,?,?,?,?,?): 141,Over the Air Bootloading,false,false,false,false => rowid: 1027","v":1}
{"level":30,"time":1589725317901,"pid":31079,"hostname":"localhost.localdomain","msg":"Executed insert: INSERT INTO DEVICE_TYPE_CLUSTER (DEVICE_TYPE_REF, CLUSTER_NAME, INCLUDE_CLIENT, INCLUDE_SERVER, LOCK_CLIENT, LOCK_SERVER) VALUES (?,?,?,?,?,?): 141,Tunneling,false,false,false,false => rowid: 1028","v":1}
{"level":30,"time":1589725317901,"pid":31079,"hostname":"localhost.localdomain","msg":"Executed insert: INSERT INTO DEVICE_TYPE_CLUSTER (DEVICE_TYPE_REF, CLUSTER_NAME, INCLUDE_CLIENT, INCLUDE_SERVER, LOCK_CLIENT, LOCK_SERVER) VALUES (?,?,?,?,?,?): 141,Time,false,false,true,false => rowid: 1029","v":1}
{"level":30,"time":1589725317902,"pid":31079,"hostname":"localhost.localdomain","msg":"Executed insert: INSERT INTO DEVICE_TYPE_CLUSTER (DEVICE_TYPE_REF, CLUSTER_NAME, INCLUDE_CLIENT, INCLUDE_SERVER, LOCK_CLIENT, LOCK_SERVER) VALUES (?,?,?,?,?,?): 141,Keep-Alive,false,false,false,false => rowid: 1030","v":1}
{"level":30,"time":1589725317902,"pid":31079,"hostname":"localhost.localdomain","msg":"Executed insert: INSERT INTO DEVICE_TYPE_CLUSTER (DEVICE_TYPE_REF, CLUSTER_NAME, INCLUDE_CLIENT, INCLUDE_SERVER, LOCK_CLIENT, LOCK_SERVER) VALUES (?,?,?,?,?,?): 141,Sub-GHz,false,false,true,false => rowid: 1031","v":1}
{"level":30,"time":1589725317902,"pid":31079,"hostname":"localhost.localdomain","msg":"Preparing statement: INSERT INTO DEVICE_TYPE_ATTRIBUTE (DEVICE_TYPE_CLUSTER_REF, ATTRIBUTE_NAME) VALUES (?, ?) to insert 0 records.","v":1}
{"level":30,"time":1589725317904,"pid":31079,"hostname":"localhost.localdomain","msg":"Preparing statement: INSERT INTO DEVICE_TYPE_COMMAND (DEVICE_TYPE_CLUSTER_REF, COMMAND_NAME) VALUES (?, ?) to insert 0 records.","v":1}
{"level":30,"time":1589725317904,"pid":31079,"hostname":"localhost.localdomain","msg":"Executed insert: INSERT INTO DEVICE_TYPE_CLUSTER (DEVICE_TYPE_REF, CLUSTER_NAME, INCLUDE_CLIENT, INCLUDE_SERVER, LOCK_CLIENT, LOCK_SERVER) VALUES (?,?,?,?,?,?): 24,Commissioning,false,false,false,false => rowid: 1032","v":1}
{"level":30,"time":1589725317904,"pid":31079,"hostname":"localhost.localdomain","msg":"Executed insert: INSERT INTO DEVICE_TYPE_CLUSTER (DEVICE_TYPE_REF, CLUSTER_NAME, INCLUDE_CLIENT, INCLUDE_SERVER, LOCK_CLIENT, LOCK_SERVER) VALUES (?,?,?,?,?,?): 24,Identify,false,false,true,false => rowid: 1033","v":1}
{"level":30,"time":1589725317904,"pid":31079,"hostname":"localhost.localdomain","msg":"Executed insert: INSERT INTO DEVICE_TYPE_CLUSTER (DEVICE_TYPE_REF, CLUSTER_NAME, INCLUDE_CLIENT, INCLUDE_SERVER, LOCK_CLIENT, LOCK_SERVER) VALUES (?,?,?,?,?,?): 24,Over the Air Bootloading,false,false,false,false => rowid: 1034","v":1}
{"level":30,"time":1589725317904,"pid":31079,"hostname":"localhost.localdomain","msg":"Preparing statement: INSERT INTO DEVICE_TYPE_ATTRIBUTE (DEVICE_TYPE_CLUSTER_REF, ATTRIBUTE_NAME) VALUES (?, ?) to insert 0 records.","v":1}
{"level":30,"time":1589725317904,"pid":31079,"hostname":"localhost.localdomain","msg":"Preparing statement: INSERT INTO DEVICE_TYPE_COMMAND (DEVICE_TYPE_CLUSTER_REF, COMMAND_NAME) VALUES (?, ?) to insert 0 records.","v":1}
{"level":30,"time":1589725317908,"pid":31073,"hostname":"localhost.localdomain","msg":"zcl/ha.xml, 21: 60 clusters.","v":1}
{"level":30,"time":1589725317909,"pid":31073,"hostname":"localhost.localdomain","msg":"Preparing statement: INSERT INTO CLUSTER (PACKAGE_REF, CODE, NAME, DESCRIPTION, DEFINE) VALUES (?, ?, ?, ?, ?) to insert 60 records.","v":1}
{"level":30,"time":1589725317909,"pid":31073,"hostname":"localhost.localdomain","msg":"zcl/ha.xml, 21: 6 domains.","v":1}
{"level":30,"time":1589725317909,"pid":31073,"hostname":"localhost.localdomain","msg":"Preparing statement: INSERT INTO DOMAIN (PACKAGE_REF, NAME) VALUES (?, ?) to insert 6 records.","v":1}
{"level":30,"time":1589725317910,"pid":31073,"hostname":"localhost.localdomain","msg":"Preparing statement: INSERT INTO COMMAND (CLUSTER_REF, CODE, NAME, DESCRIPTION, SOURCE, IS_OPTIONAL) VALUES (?,?,?,?,?,?) to insert 86 records.","v":1}
{"level":30,"time":1589725317910,"pid":31073,"hostname":"localhost.localdomain","msg":"Preparing statement: INSERT INTO ATTRIBUTE (CLUSTER_REF, CODE, NAME, TYPE, SIDE, DEFINE, MIN, MAX, IS_WRITABLE, DEFAULT_VALUE, IS_OPTIONAL, IS_REPORTABLE) VALUES (?,?,?,?,?,?,?,?,?,?,?,?) to insert 78 records.","v":1}
{"level":30,"time":1589725317911,"pid":31073,"hostname":"localhost.localdomain","msg":"Preparing statement: INSERT INTO COMMAND_ARG (COMMAND_REF, NAME, TYPE, IS_ARRAY) VALUES (?,?,?,?) to insert 57 records.","v":1}
{"level":30,"time":1589725317911,"pid":31073,"hostname":"localhost.localdomain","msg":"Preparing statement: INSERT INTO ENUM_ITEM (ENUM_REF, NAME, VALUE) VALUES (?, ?, ?) to insert 32 records.","v":1}
{"level":30,"time":1589725317913,"pid":31073,"hostname":"localhost.localdomain","msg":"Preparing statement: INSERT INTO ENUM_ITEM (ENUM_REF, NAME, VALUE) VALUES (?, ?, ?) to insert 155 records.","v":1}
{"level":30,"time":1589725317916,"pid":31073,"hostname":"localhost.localdomain","msg":"Preparing statement: INSERT INTO COMMAND (CLUSTER_REF, CODE, NAME, DESCRIPTION, SOURCE, IS_OPTIONAL) VALUES (?,?,?,?,?,?) to insert 69 records.","v":1}
{"level":30,"time":1589725317916,"pid":31073,"hostname":"localhost.localdomain","msg":"Preparing statement: INSERT INTO ATTRIBUTE (CLUSTER_REF, CODE, NAME, TYPE, SIDE, DEFINE, MIN, MAX, IS_WRITABLE, DEFAULT_VALUE, IS_OPTIONAL, IS_REPORTABLE) VALUES (?,?,?,?,?,?,?,?,?,?,?,?) to insert 162 records.","v":1}
{"level":30,"time":1589725317917,"pid":31073,"hostname":"localhost.localdomain","msg":"Executed insert: INSERT INTO DEVICE_TYPE_CLUSTER (DEVICE_TYPE_REF, CLUSTER_NAME, INCLUDE_CLIENT, INCLUDE_SERVER, LOCK_CLIENT, LOCK_SERVER) VALUES (?,?,?,?,?,?): 18,Basic,false,true,true,true => rowid: 69","v":1}
{"level":30,"time":1589725317917,"pid":31073,"hostname":"localhost.localdomain","msg":"Executed insert: INSERT INTO DEVICE_TYPE_CLUSTER (DEVICE_TYPE_REF, CLUSTER_NAME, INCLUDE_CLIENT, INCLUDE_SERVER, LOCK_CLIENT, LOCK_SERVER) VALUES (?,?,?,?,?,?): 18,ZLL Commissioning,true,true,true,true => rowid: 70","v":1}
{"level":30,"time":1589725317917,"pid":31073,"hostname":"localhost.localdomain","msg":"Executed insert: INSERT INTO DEVICE_TYPE_CLUSTER (DEVICE_TYPE_REF, CLUSTER_NAME, INCLUDE_CLIENT, INCLUDE_SERVER, LOCK_CLIENT, LOCK_SERVER) VALUES (?,?,?,?,?,?): 18,Identify,false,true,true,true => rowid: 71","v":1}
{"level":30,"time":1589725317917,"pid":31073,"hostname":"localhost.localdomain","msg":"Executed insert: INSERT INTO DEVICE_TYPE_CLUSTER (DEVICE_TYPE_REF, CLUSTER_NAME, INCLUDE_CLIENT, INCLUDE_SERVER, LOCK_CLIENT, LOCK_SERVER) VALUES (?,?,?,?,?,?): 18,Groups,false,true,true,true => rowid: 72","v":1}
{"level":30,"time":1589725317918,"pid":31073,"hostname":"localhost.localdomain","msg":"Executed insert: INSERT INTO DEVICE_TYPE_CLUSTER (DEVICE_TYPE_REF, CLUSTER_NAME, INCLUDE_CLIENT, INCLUDE_SERVER, LOCK_CLIENT, LOCK_SERVER) VALUES (?,?,?,?,?,?): 18,Scenes,false,true,true,true => rowid: 73","v":1}
{"level":30,"time":1589725317918,"pid":31073,"hostname":"localhost.localdomain","msg":"Executed insert: INSERT INTO DEVICE_TYPE_CLUSTER (DEVICE_TYPE_REF, CLUSTER_NAME, INCLUDE_CLIENT, INCLUDE_SERVER, LOCK_CLIENT, LOCK_SERVER) VALUES (?,?,?,?,?,?): 18,On/Off,false,true,true,true => rowid: 74","v":1}
{"level":30,"time":1589725317918,"pid":31073,"hostname":"localhost.localdomain","msg":"Executed insert: INSERT INTO DEVICE_TYPE_CLUSTER (DEVICE_TYPE_REF, CLUSTER_NAME, INCLUDE_CLIENT, INCLUDE_SERVER, LOCK_CLIENT, LOCK_SERVER) VALUES (?,?,?,?,?,?): 18,Level Control,false,true,true,true => rowid: 75","v":1}
{"level":30,"time":1589725317918,"pid":31073,"hostname":"localhost.localdomain","msg":"Executed insert: INSERT INTO DEVICE_TYPE_CLUSTER (DEVICE_TYPE_REF, CLUSTER_NAME, INCLUDE_CLIENT, INCLUDE_SERVER, LOCK_CLIENT, LOCK_SERVER) VALUES (?,?,?,?,?,?): 18,Over the Air Bootloading,false,false,false,false => rowid: 76","v":1}
{"level":30,"time":1589725317918,"pid":31073,"hostname":"localhost.localdomain","msg":"Preparing statement: INSERT INTO DEVICE_TYPE_ATTRIBUTE (DEVICE_TYPE_CLUSTER_REF, ATTRIBUTE_NAME) VALUES (?, ?) to insert 22 records.","v":1}
{"level":30,"time":1589725317918,"pid":31073,"hostname":"localhost.localdomain","msg":"Preparing statement: INSERT INTO DEVICE_TYPE_COMMAND (DEVICE_TYPE_CLUSTER_REF, COMMAND_NAME) VALUES (?, ?) to insert 51 records.","v":1}
{"level":30,"time":1589725317918,"pid":31073,"hostname":"localhost.localdomain","msg":"Executed insert: INSERT INTO DEVICE_TYPE_CLUSTER (DEVICE_TYPE_REF, CLUSTER_NAME, INCLUDE_CLIENT, INCLUDE_SERVER, LOCK_CLIENT, LOCK_SERVER) VALUES (?,?,?,?,?,?): 25,Basic,false,true,true,true => rowid: 77","v":1}
{"level":30,"time":1589725317918,"pid":31073,"hostname":"localhost.localdomain","msg":"Executed insert: INSERT INTO DEVICE_TYPE_CLUSTER (DEVICE_TYPE_REF, CLUSTER_NAME, INCLUDE_CLIENT, INCLUDE_SERVER, LOCK_CLIENT, LOCK_SERVER) VALUES (?,?,?,?,?,?): 25,ZLL Commissioning,true,true,true,true => rowid: 78","v":1}
{"level":30,"time":1589725317918,"pid":31073,"hostname":"localhost.localdomain","msg":"Executed insert: INSERT INTO DEVICE_TYPE_CLUSTER (DEVICE_TYPE_REF, CLUSTER_NAME, INCLUDE_CLIENT, INCLUDE_SERVER, LOCK_CLIENT, LOCK_SERVER) VALUES (?,?,?,?,?,?): 25,Identify,false,true,true,true => rowid: 79","v":1}
{"level":30,"time":1589725317918,"pid":31073,"hostname":"localhost.localdomain","msg":"Executed insert: INSERT INTO DEVICE_TYPE_CLUSTER (DEVICE_TYPE_REF, CLUSTER_NAME, INCLUDE_CLIENT, INCLUDE_SERVER, LOCK_CLIENT, LOCK_SERVER) VALUES (?,?,?,?,?,?): 25,Groups,false,true,true,true => rowid: 80","v":1}
{"level":30,"time":1589725317918,"pid":31073,"hostname":"localhost.localdomain","msg":"Executed insert: INSERT INTO DEVICE_TYPE_CLUSTER (DEVICE_TYPE_REF, CLUSTER_NAME, INCLUDE_CLIENT, INCLUDE_SERVER, LOCK_CLIENT, LOCK_SERVER) VALUES (?,?,?,?,?,?): 25,Scenes,false,true,true,true => rowid: 81","v":1}
{"level":30,"time":1589725317919,"pid":31073,"hostname":"localhost.localdomain","msg":"Executed insert: INSERT INTO DEVICE_TYPE_CLUSTER (DEVICE_TYPE_REF, CLUSTER_NAME, INCLUDE_CLIENT, INCLUDE_SERVER, LOCK_CLIENT, LOCK_SERVER) VALUES (?,?,?,?,?,?): 25,On/Off,false,true,true,true => rowid: 82","v":1}
{"level":30,"time":1589725317919,"pid":31073,"hostname":"localhost.localdomain","msg":"Executed insert: INSERT INTO DEVICE_TYPE_CLUSTER (DEVICE_TYPE_REF, CLUSTER_NAME, INCLUDE_CLIENT, INCLUDE_SERVER, LOCK_CLIENT, LOCK_SERVER) VALUES (?,?,?,?,?,?): 25,Level Control,false,true,true,true => rowid: 83","v":1}
{"level":30,"time":1589725317919,"pid":31073,"hostname":"localhost.localdomain","msg":"Executed insert: INSERT INTO DEVICE_TYPE_CLUSTER (DEVICE_TYPE_REF, CLUSTER_NAME, INCLUDE_CLIENT, INCLUDE_SERVER, LOCK_CLIENT, LOCK_SERVER) VALUES (?,?,?,?,?,?): 25,Over the Air Bootloading,false,false,false,false => rowid: 84","v":1}
{"level":30,"time":1589725317919,"pid":31073,"hostname":"localhost.localdomain","msg":"Preparing statement: INSERT INTO DEVICE_TYPE_ATTRIBUTE (DEVICE_TYPE_CLUSTER_REF, ATTRIBUTE_NAME) VALUES (?, ?) to insert 22 records.","v":1}
{"level":30,"time":1589725317919,"pid":31073,"hostname":"localhost.localdomain","msg":"Preparing statement: INSERT INTO DEVICE_TYPE_COMMAND (DEVICE_TYPE_CLUSTER_REF, COMMAND_NAME) VALUES (?, ?) to insert 51 records.","v":1}
{"level":30,"time":1589725317919,"pid":31073,"hostname":"localhost.localdomain","msg":"Executed insert: INSERT INTO DEVICE_TYPE_CLUSTER (DEVICE_TYPE_REF, CLUSTER_NAME, INCLUDE_CLIENT, INCLUDE_SERVER, LOCK_CLIENT, LOCK_SERVER) VALUES (?,?,?,?,?,?): 31,Basic,false,true,true,true => rowid: 85","v":1}
{"level":30,"time":1589725317919,"pid":31073,"hostname":"localhost.localdomain","msg":"Executed insert: INSERT INTO DEVICE_TYPE_CLUSTER (DEVICE_TYPE_REF, CLUSTER_NAME, INCLUDE_CLIENT, INCLUDE_SERVER, LOCK_CLIENT, LOCK_SERVER) VALUES (?,?,?,?,?,?): 31,ZLL Commissioning,true,true,true,true => rowid: 86","v":1}
{"level":30,"time":1589725317919,"pid":31073,"hostname":"localhost.localdomain","msg":"Executed insert: INSERT INTO DEVICE_TYPE_CLUSTER (DEVICE_TYPE_REF, CLUSTER_NAME, INCLUDE_CLIENT, INCLUDE_SERVER, LOCK_CLIENT, LOCK_SERVER) VALUES (?,?,?,?,?,?): 31,Identify,false,true,true,true => rowid: 87","v":1}
{"level":30,"time":1589725317919,"pid":31073,"hostname":"localhost.localdomain","msg":"Executed insert: INSERT INTO DEVICE_TYPE_CLUSTER (DEVICE_TYPE_REF, CLUSTER_NAME, INCLUDE_CLIENT, INCLUDE_SERVER, LOCK_CLIENT, LOCK_SERVER) VALUES (?,?,?,?,?,?): 31,Groups,false,true,true,true => rowid: 88","v":1}
{"level":30,"time":1589725317919,"pid":31073,"hostname":"localhost.localdomain","msg":"Executed insert: INSERT INTO DEVICE_TYPE_CLUSTER (DEVICE_TYPE_REF, CLUSTER_NAME, INCLUDE_CLIENT, INCLUDE_SERVER, LOCK_CLIENT, LOCK_SERVER) VALUES (?,?,?,?,?,?): 31,Scenes,false,true,true,true => rowid: 89","v":1}
{"level":30,"time":1589725317919,"pid":31073,"hostname":"localhost.localdomain","msg":"Executed insert: INSERT INTO DEVICE_TYPE_CLUSTER (DEVICE_TYPE_REF, CLUSTER_NAME, INCLUDE_CLIENT, INCLUDE_SERVER, LOCK_CLIENT, LOCK_SERVER) VALUES (?,?,?,?,?,?): 31,On/Off,false,true,true,true => rowid: 90","v":1}
{"level":30,"time":1589725317919,"pid":31073,"hostname":"localhost.localdomain","msg":"Executed insert: INSERT INTO DEVICE_TYPE_CLUSTER (DEVICE_TYPE_REF, CLUSTER_NAME, INCLUDE_CLIENT, INCLUDE_SERVER, LOCK_CLIENT, LOCK_SERVER) VALUES (?,?,?,?,?,?): 31,Level Control,false,true,true,true => rowid: 91","v":1}
{"level":30,"time":1589725317919,"pid":31073,"hostname":"localhost.localdomain","msg":"Executed insert: INSERT INTO DEVICE_TYPE_CLUSTER (DEVICE_TYPE_REF, CLUSTER_NAME, INCLUDE_CLIENT, INCLUDE_SERVER, LOCK_CLIENT, LOCK_SERVER) VALUES (?,?,?,?,?,?): 31,Over the Air Bootloading,false,false,false,false => rowid: 92","v":1}
{"level":30,"time":1589725317919,"pid":31073,"hostname":"localhost.localdomain","msg":"Preparing statement: INSERT INTO DEVICE_TYPE_ATTRIBUTE (DEVICE_TYPE_CLUSTER_REF, ATTRIBUTE_NAME) VALUES (?, ?) to insert 22 records.","v":1}
{"level":30,"time":1589725317919,"pid":31073,"hostname":"localhost.localdomain","msg":"Preparing statement: INSERT INTO DEVICE_TYPE_COMMAND (DEVICE_TYPE_CLUSTER_REF, COMMAND_NAME) VALUES (?, ?) to insert 51 records.","v":1}
{"level":30,"time":1589725317920,"pid":31073,"hostname":"localhost.localdomain","msg":"Executed insert: INSERT INTO DEVICE_TYPE_CLUSTER (DEVICE_TYPE_REF, CLUSTER_NAME, INCLUDE_CLIENT, INCLUDE_SERVER, LOCK_CLIENT, LOCK_SERVER) VALUES (?,?,?,?,?,?): 37,Basic,false,true,true,true => rowid: 93","v":1}
{"level":30,"time":1589725317920,"pid":31073,"hostname":"localhost.localdomain","msg":"Executed insert: INSERT INTO DEVICE_TYPE_CLUSTER (DEVICE_TYPE_REF, CLUSTER_NAME, INCLUDE_CLIENT, INCLUDE_SERVER, LOCK_CLIENT, LOCK_SERVER) VALUES (?,?,?,?,?,?): 37,ZLL Commissioning,true,true,true,true => rowid: 94","v":1}
{"level":30,"time":1589725317920,"pid":31073,"hostname":"localhost.localdomain","msg":"Executed insert: INSERT INTO DEVICE_TYPE_CLUSTER (DEVICE_TYPE_REF, CLUSTER_NAME, INCLUDE_CLIENT, INCLUDE_SERVER, LOCK_CLIENT, LOCK_SERVER) VALUES (?,?,?,?,?,?): 37,Identify,false,true,true,true => rowid: 95","v":1}
{"level":30,"time":1589725317920,"pid":31073,"hostname":"localhost.localdomain","msg":"Executed insert: INSERT INTO DEVICE_TYPE_CLUSTER (DEVICE_TYPE_REF, CLUSTER_NAME, INCLUDE_CLIENT, INCLUDE_SERVER, LOCK_CLIENT, LOCK_SERVER) VALUES (?,?,?,?,?,?): 37,Groups,false,true,true,true => rowid: 96","v":1}
{"level":30,"time":1589725317920,"pid":31073,"hostname":"localhost.localdomain","msg":"Executed insert: INSERT INTO DEVICE_TYPE_CLUSTER (DEVICE_TYPE_REF, CLUSTER_NAME, INCLUDE_CLIENT, INCLUDE_SERVER, LOCK_CLIENT, LOCK_SERVER) VALUES (?,?,?,?,?,?): 37,Scenes,false,true,true,true => rowid: 97","v":1}
{"level":30,"time":1589725317920,"pid":31073,"hostname":"localhost.localdomain","msg":"Executed insert: INSERT INTO DEVICE_TYPE_CLUSTER (DEVICE_TYPE_REF, CLUSTER_NAME, INCLUDE_CLIENT, INCLUDE_SERVER, LOCK_CLIENT, LOCK_SERVER) VALUES (?,?,?,?,?,?): 37,On/Off,false,true,true,true => rowid: 98","v":1}
{"level":30,"time":1589725317920,"pid":31073,"hostname":"localhost.localdomain","msg":"Executed insert: INSERT INTO DEVICE_TYPE_CLUSTER (DEVICE_TYPE_REF, CLUSTER_NAME, INCLUDE_CLIENT, INCLUDE_SERVER, LOCK_CLIENT, LOCK_SERVER) VALUES (?,?,?,?,?,?): 37,Level Control,false,true,true,true => rowid: 99","v":1}
{"level":30,"time":1589725317920,"pid":31073,"hostname":"localhost.localdomain","msg":"Executed insert: INSERT INTO DEVICE_TYPE_CLUSTER (DEVICE_TYPE_REF, CLUSTER_NAME, INCLUDE_CLIENT, INCLUDE_SERVER, LOCK_CLIENT, LOCK_SERVER) VALUES (?,?,?,?,?,?): 37,Over the Air Bootloading,false,false,false,false => rowid: 100","v":1}
{"level":30,"time":1589725317920,"pid":31073,"hostname":"localhost.localdomain","msg":"Preparing statement: INSERT INTO DEVICE_TYPE_ATTRIBUTE (DEVICE_TYPE_CLUSTER_REF, ATTRIBUTE_NAME) VALUES (?, ?) to insert 22 records.","v":1}
{"level":30,"time":1589725317920,"pid":31073,"hostname":"localhost.localdomain","msg":"Preparing statement: INSERT INTO DEVICE_TYPE_COMMAND (DEVICE_TYPE_CLUSTER_REF, COMMAND_NAME) VALUES (?, ?) to insert 51 records.","v":1}
{"level":30,"time":1589725317920,"pid":31073,"hostname":"localhost.localdomain","msg":"Executed insert: INSERT INTO DEVICE_TYPE_CLUSTER (DEVICE_TYPE_REF, CLUSTER_NAME, INCLUDE_CLIENT, INCLUDE_SERVER, LOCK_CLIENT, LOCK_SERVER) VALUES (?,?,?,?,?,?): 43,Basic,false,true,true,true => rowid: 101","v":1}
{"level":30,"time":1589725317920,"pid":31073,"hostname":"localhost.localdomain","msg":"Executed insert: INSERT INTO DEVICE_TYPE_CLUSTER (DEVICE_TYPE_REF, CLUSTER_NAME, INCLUDE_CLIENT, INCLUDE_SERVER, LOCK_CLIENT, LOCK_SERVER) VALUES (?,?,?,?,?,?): 43,ZLL Commissioning,true,true,true,true => rowid: 102","v":1}
{"level":30,"time":1589725317920,"pid":31073,"hostname":"localhost.localdomain","msg":"Executed insert: INSERT INTO DEVICE_TYPE_CLUSTER (DEVICE_TYPE_REF, CLUSTER_NAME, INCLUDE_CLIENT, INCLUDE_SERVER, LOCK_CLIENT, LOCK_SERVER) VALUES (?,?,?,?,?,?): 43,Identify,false,true,true,true => rowid: 103","v":1}
{"level":30,"time":1589725317920,"pid":31073,"hostname":"localhost.localdomain","msg":"Executed insert: INSERT INTO DEVICE_TYPE_CLUSTER (DEVICE_TYPE_REF, CLUSTER_NAME, INCLUDE_CLIENT, INCLUDE_SERVER, LOCK_CLIENT, LOCK_SERVER) VALUES (?,?,?,?,?,?): 43,Groups,false,true,true,true => rowid: 104","v":1}
{"level":30,"time":1589725317921,"pid":31073,"hostname":"localhost.localdomain","msg":"Executed insert: INSERT INTO DEVICE_TYPE_CLUSTER (DEVICE_TYPE_REF, CLUSTER_NAME, INCLUDE_CLIENT, INCLUDE_SERVER, LOCK_CLIENT, LOCK_SERVER) VALUES (?,?,?,?,?,?): 43,Scenes,false,true,true,true => rowid: 105","v":1}
{"level":30,"time":1589725317921,"pid":31073,"hostname":"localhost.localdomain","msg":"Executed insert: INSERT INTO DEVICE_TYPE_CLUSTER (DEVICE_TYPE_REF, CLUSTER_NAME, INCLUDE_CLIENT, INCLUDE_SERVER, LOCK_CLIENT, LOCK_SERVER) VALUES (?,?,?,?,?,?): 43,On/Off,false,true,true,true => rowid: 106","v":1}
{"level":30,"time":1589725317921,"pid":31073,"hostname":"localhost.localdomain","msg":"Executed insert: INSERT INTO DEVICE_TYPE_CLUSTER (DEVICE_TYPE_REF, CLUSTER_NAME, INCLUDE_CLIENT, INCLUDE_SERVER, LOCK_CLIENT, LOCK_SERVER) VALUES (?,?,?,?,?,?): 43,Level Control,false,true,true,true => rowid: 107","v":1}
{"level":30,"time":1589725317921,"pid":31073,"hostname":"localhost.localdomain","msg":"Executed insert: INSERT INTO DEVICE_TYPE_CLUSTER (DEVICE_TYPE_REF, CLUSTER_NAME, INCLUDE_CLIENT, INCLUDE_SERVER, LOCK_CLIENT, LOCK_SERVER) VALUES (?,?,?,?,?,?): 43,Color Control,false,true,true,true => rowid: 108","v":1}
{"level":30,"time":1589725317921,"pid":31073,"hostname":"localhost.localdomain","msg":"Executed insert: INSERT INTO DEVICE_TYPE_CLUSTER (DEVICE_TYPE_REF, CLUSTER_NAME, INCLUDE_CLIENT, INCLUDE_SERVER, LOCK_CLIENT, LOCK_SERVER) VALUES (?,?,?,?,?,?): 43,Over the Air Bootloading,false,false,false,false => rowid: 109","v":1}
{"level":30,"time":1589725317921,"pid":31073,"hostname":"localhost.localdomain","msg":"Preparing statement: INSERT INTO DEVICE_TYPE_ATTRIBUTE (DEVICE_TYPE_CLUSTER_REF, ATTRIBUTE_NAME) VALUES (?, ?) to insert 58 records.","v":1}
{"level":30,"time":1589725317921,"pid":31079,"hostname":"localhost.localdomain","msg":"For file: zcl/ami.xml, got CRC: 1984946673","v":1}
{"level":30,"time":1589725317921,"pid":31073,"hostname":"localhost.localdomain","msg":"Preparing statement: INSERT INTO DEVICE_TYPE_COMMAND (DEVICE_TYPE_CLUSTER_REF, COMMAND_NAME) VALUES (?, ?) to insert 70 records.","v":1}
{"level":30,"time":1589725317921,"pid":31073,"hostname":"localhost.localdomain","msg":"Executed insert: INSERT INTO DEVICE_TYPE_CLUSTER (DEVICE_TYPE_REF, CLUSTER_NAME, INCLUDE_CLIENT, INCLUDE_SERVER, LOCK_CLIENT, LOCK_SERVER) VALUES (?,?,?,?,?,?): 48,Basic,false,true,true,true => rowid: 110","v":1}
{"level":30,"time":1589725317921,"pid":31073,"hostname":"localhost.localdomain","msg":"Executed insert: INSERT INTO DEVICE_TYPE_CLUSTER (DEVICE_TYPE_REF, CLUSTER_NAME, INCLUDE_CLIENT, INCLUDE_SERVER, LOCK_CLIENT, LOCK_SERVER) VALUES (?,?,?,?,?,?): 48,ZLL Commissioning,true,true,true,true => rowid: 111","v":1}
{"level":30,"time":1589725317921,"pid":31073,"hostname":"localhost.localdomain","msg":"Executed insert: INSERT INTO DEVICE_TYPE_CLUSTER (DEVICE_TYPE_REF, CLUSTER_NAME, INCLUDE_CLIENT, INCLUDE_SERVER, LOCK_CLIENT, LOCK_SERVER) VALUES (?,?,?,?,?,?): 48,Identify,false,true,true,true => rowid: 112","v":1}
{"level":30,"time":1589725317921,"pid":31073,"hostname":"localhost.localdomain","msg":"Executed insert: INSERT INTO DEVICE_TYPE_CLUSTER (DEVICE_TYPE_REF, CLUSTER_NAME, INCLUDE_CLIENT, INCLUDE_SERVER, LOCK_CLIENT, LOCK_SERVER) VALUES (?,?,?,?,?,?): 48,Groups,false,true,true,true => rowid: 113","v":1}
{"level":30,"time":1589725317921,"pid":31073,"hostname":"localhost.localdomain","msg":"Executed insert: INSERT INTO DEVICE_TYPE_CLUSTER (DEVICE_TYPE_REF, CLUSTER_NAME, INCLUDE_CLIENT, INCLUDE_SERVER, LOCK_CLIENT, LOCK_SERVER) VALUES (?,?,?,?,?,?): 48,Scenes,false,true,true,true => rowid: 114","v":1}
{"level":30,"time":1589725317921,"pid":31073,"hostname":"localhost.localdomain","msg":"Executed insert: INSERT INTO DEVICE_TYPE_CLUSTER (DEVICE_TYPE_REF, CLUSTER_NAME, INCLUDE_CLIENT, INCLUDE_SERVER, LOCK_CLIENT, LOCK_SERVER) VALUES (?,?,?,?,?,?): 48,On/Off,false,true,true,true => rowid: 115","v":1}
{"level":30,"time":1589725317922,"pid":31073,"hostname":"localhost.localdomain","msg":"Executed insert: INSERT INTO DEVICE_TYPE_CLUSTER (DEVICE_TYPE_REF, CLUSTER_NAME, INCLUDE_CLIENT, INCLUDE_SERVER, LOCK_CLIENT, LOCK_SERVER) VALUES (?,?,?,?,?,?): 48,Level Control,false,true,true,true => rowid: 116","v":1}
{"level":30,"time":1589725317922,"pid":31073,"hostname":"localhost.localdomain","msg":"Executed insert: INSERT INTO DEVICE_TYPE_CLUSTER (DEVICE_TYPE_REF, CLUSTER_NAME, INCLUDE_CLIENT, INCLUDE_SERVER, LOCK_CLIENT, LOCK_SERVER) VALUES (?,?,?,?,?,?): 48,Color Control,false,true,true,true => rowid: 117","v":1}
{"level":30,"time":1589725317922,"pid":31073,"hostname":"localhost.localdomain","msg":"Executed insert: INSERT INTO DEVICE_TYPE_CLUSTER (DEVICE_TYPE_REF, CLUSTER_NAME, INCLUDE_CLIENT, INCLUDE_SERVER, LOCK_CLIENT, LOCK_SERVER) VALUES (?,?,?,?,?,?): 48,Over the Air Bootloading,false,false,false,false => rowid: 118","v":1}
{"level":30,"time":1589725317922,"pid":31073,"hostname":"localhost.localdomain","msg":"Preparing statement: INSERT INTO DEVICE_TYPE_ATTRIBUTE (DEVICE_TYPE_CLUSTER_REF, ATTRIBUTE_NAME) VALUES (?, ?) to insert 58 records.","v":1}
{"level":30,"time":1589725317922,"pid":31073,"hostname":"localhost.localdomain","msg":"Preparing statement: INSERT INTO DEVICE_TYPE_COMMAND (DEVICE_TYPE_CLUSTER_REF, COMMAND_NAME) VALUES (?, ?) to insert 70 records.","v":1}
{"level":30,"time":1589725317922,"pid":31073,"hostname":"localhost.localdomain","msg":"Executed insert: INSERT INTO DEVICE_TYPE_CLUSTER (DEVICE_TYPE_REF, CLUSTER_NAME, INCLUDE_CLIENT, INCLUDE_SERVER, LOCK_CLIENT, LOCK_SERVER) VALUES (?,?,?,?,?,?): 53,Basic,false,true,true,true => rowid: 119","v":1}
{"level":30,"time":1589725317922,"pid":31073,"hostname":"localhost.localdomain","msg":"Executed insert: INSERT INTO DEVICE_TYPE_CLUSTER (DEVICE_TYPE_REF, CLUSTER_NAME, INCLUDE_CLIENT, INCLUDE_SERVER, LOCK_CLIENT, LOCK_SERVER) VALUES (?,?,?,?,?,?): 53,ZLL Commissioning,true,true,true,true => rowid: 120","v":1}
{"level":30,"time":1589725317922,"pid":31073,"hostname":"localhost.localdomain","msg":"Executed insert: INSERT INTO DEVICE_TYPE_CLUSTER (DEVICE_TYPE_REF, CLUSTER_NAME, INCLUDE_CLIENT, INCLUDE_SERVER, LOCK_CLIENT, LOCK_SERVER) VALUES (?,?,?,?,?,?): 53,Identify,false,true,true,true => rowid: 121","v":1}
{"level":30,"time":1589725317922,"pid":31073,"hostname":"localhost.localdomain","msg":"Executed insert: INSERT INTO DEVICE_TYPE_CLUSTER (DEVICE_TYPE_REF, CLUSTER_NAME, INCLUDE_CLIENT, INCLUDE_SERVER, LOCK_CLIENT, LOCK_SERVER) VALUES (?,?,?,?,?,?): 53,Groups,false,true,true,true => rowid: 122","v":1}
{"level":30,"time":1589725317922,"pid":31073,"hostname":"localhost.localdomain","msg":"Executed insert: INSERT INTO DEVICE_TYPE_CLUSTER (DEVICE_TYPE_REF, CLUSTER_NAME, INCLUDE_CLIENT, INCLUDE_SERVER, LOCK_CLIENT, LOCK_SERVER) VALUES (?,?,?,?,?,?): 53,Scenes,false,true,true,true => rowid: 123","v":1}
{"level":30,"time":1589725317922,"pid":31073,"hostname":"localhost.localdomain","msg":"Executed insert: INSERT INTO DEVICE_TYPE_CLUSTER (DEVICE_TYPE_REF, CLUSTER_NAME, INCLUDE_CLIENT, INCLUDE_SERVER, LOCK_CLIENT, LOCK_SERVER) VALUES (?,?,?,?,?,?): 53,On/Off,false,true,true,true => rowid: 124","v":1}
{"level":30,"time":1589725317922,"pid":31073,"hostname":"localhost.localdomain","msg":"Executed insert: INSERT INTO DEVICE_TYPE_CLUSTER (DEVICE_TYPE_REF, CLUSTER_NAME, INCLUDE_CLIENT, INCLUDE_SERVER, LOCK_CLIENT, LOCK_SERVER) VALUES (?,?,?,?,?,?): 53,Level Control,false,true,true,true => rowid: 125","v":1}
{"level":30,"time":1589725317923,"pid":31073,"hostname":"localhost.localdomain","msg":"Executed insert: INSERT INTO DEVICE_TYPE_CLUSTER (DEVICE_TYPE_REF, CLUSTER_NAME, INCLUDE_CLIENT, INCLUDE_SERVER, LOCK_CLIENT, LOCK_SERVER) VALUES (?,?,?,?,?,?): 53,Color Control,false,true,true,true => rowid: 126","v":1}
{"level":30,"time":1589725317923,"pid":31073,"hostname":"localhost.localdomain","msg":"Executed insert: INSERT INTO DEVICE_TYPE_CLUSTER (DEVICE_TYPE_REF, CLUSTER_NAME, INCLUDE_CLIENT, INCLUDE_SERVER, LOCK_CLIENT, LOCK_SERVER) VALUES (?,?,?,?,?,?): 53,Over the Air Bootloading,false,false,false,false => rowid: 127","v":1}
{"level":30,"time":1589725317923,"pid":31073,"hostname":"localhost.localdomain","msg":"Preparing statement: INSERT INTO DEVICE_TYPE_ATTRIBUTE (DEVICE_TYPE_CLUSTER_REF, ATTRIBUTE_NAME) VALUES (?, ?) to insert 58 records.","v":1}
{"level":30,"time":1589725317923,"pid":31073,"hostname":"localhost.localdomain","msg":"Preparing statement: INSERT INTO DEVICE_TYPE_COMMAND (DEVICE_TYPE_CLUSTER_REF, COMMAND_NAME) VALUES (?, ?) to insert 70 records.","v":1}
{"level":30,"time":1589725317923,"pid":31073,"hostname":"localhost.localdomain","msg":"Executed insert: INSERT INTO DEVICE_TYPE_CLUSTER (DEVICE_TYPE_REF, CLUSTER_NAME, INCLUDE_CLIENT, INCLUDE_SERVER, LOCK_CLIENT, LOCK_SERVER) VALUES (?,?,?,?,?,?): 58,Basic,false,true,true,true => rowid: 128","v":1}
{"level":30,"time":1589725317923,"pid":31073,"hostname":"localhost.localdomain","msg":"Executed insert: INSERT INTO DEVICE_TYPE_CLUSTER (DEVICE_TYPE_REF, CLUSTER_NAME, INCLUDE_CLIENT, INCLUDE_SERVER, LOCK_CLIENT, LOCK_SERVER) VALUES (?,?,?,?,?,?): 58,ZLL Commissioning,true,true,true,true => rowid: 129","v":1}
{"level":30,"time":1589725317923,"pid":31073,"hostname":"localhost.localdomain","msg":"Executed insert: INSERT INTO DEVICE_TYPE_CLUSTER (DEVICE_TYPE_REF, CLUSTER_NAME, INCLUDE_CLIENT, INCLUDE_SERVER, LOCK_CLIENT, LOCK_SERVER) VALUES (?,?,?,?,?,?): 58,Identify,true,false,true,true => rowid: 130","v":1}
{"level":30,"time":1589725317923,"pid":31073,"hostname":"localhost.localdomain","msg":"Executed insert: INSERT INTO DEVICE_TYPE_CLUSTER (DEVICE_TYPE_REF, CLUSTER_NAME, INCLUDE_CLIENT, INCLUDE_SERVER, LOCK_CLIENT, LOCK_SERVER) VALUES (?,?,?,?,?,?): 58,Groups,true,false,true,true => rowid: 131","v":1}
{"level":30,"time":1589725317923,"pid":31073,"hostname":"localhost.localdomain","msg":"Executed insert: INSERT INTO DEVICE_TYPE_CLUSTER (DEVICE_TYPE_REF, CLUSTER_NAME, INCLUDE_CLIENT, INCLUDE_SERVER, LOCK_CLIENT, LOCK_SERVER) VALUES (?,?,?,?,?,?): 58,On/Off,true,false,true,true => rowid: 132","v":1}
{"level":30,"time":1589725317923,"pid":31073,"hostname":"localhost.localdomain","msg":"Executed insert: INSERT INTO DEVICE_TYPE_CLUSTER (DEVICE_TYPE_REF, CLUSTER_NAME, INCLUDE_CLIENT, INCLUDE_SERVER, LOCK_CLIENT, LOCK_SERVER) VALUES (?,?,?,?,?,?): 58,Level Control,true,false,true,true => rowid: 133","v":1}
{"level":30,"time":1589725317923,"pid":31073,"hostname":"localhost.localdomain","msg":"Executed insert: INSERT INTO DEVICE_TYPE_CLUSTER (DEVICE_TYPE_REF, CLUSTER_NAME, INCLUDE_CLIENT, INCLUDE_SERVER, LOCK_CLIENT, LOCK_SERVER) VALUES (?,?,?,?,?,?): 58,Color Control,true,false,true,true => rowid: 134","v":1}
{"level":30,"time":1589725317923,"pid":31073,"hostname":"localhost.localdomain","msg":"Executed insert: INSERT INTO DEVICE_TYPE_CLUSTER (DEVICE_TYPE_REF, CLUSTER_NAME, INCLUDE_CLIENT, INCLUDE_SERVER, LOCK_CLIENT, LOCK_SERVER) VALUES (?,?,?,?,?,?): 58,Over the Air Bootloading,false,false,false,false => rowid: 135","v":1}
{"level":30,"time":1589725317923,"pid":31073,"hostname":"localhost.localdomain","msg":"Preparing statement: INSERT INTO DEVICE_TYPE_ATTRIBUTE (DEVICE_TYPE_CLUSTER_REF, ATTRIBUTE_NAME) VALUES (?, ?) to insert 9 records.","v":1}
{"level":30,"time":1589725317924,"pid":31073,"hostname":"localhost.localdomain","msg":"Preparing statement: INSERT INTO DEVICE_TYPE_COMMAND (DEVICE_TYPE_CLUSTER_REF, COMMAND_NAME) VALUES (?, ?) to insert 23 records.","v":1}
{"level":30,"time":1589725317924,"pid":31073,"hostname":"localhost.localdomain","msg":"Executed insert: INSERT INTO DEVICE_TYPE_CLUSTER (DEVICE_TYPE_REF, CLUSTER_NAME, INCLUDE_CLIENT, INCLUDE_SERVER, LOCK_CLIENT, LOCK_SERVER) VALUES (?,?,?,?,?,?): 63,Basic,false,true,true,true => rowid: 136","v":1}
{"level":30,"time":1589725317924,"pid":31073,"hostname":"localhost.localdomain","msg":"Executed insert: INSERT INTO DEVICE_TYPE_CLUSTER (DEVICE_TYPE_REF, CLUSTER_NAME, INCLUDE_CLIENT, INCLUDE_SERVER, LOCK_CLIENT, LOCK_SERVER) VALUES (?,?,?,?,?,?): 63,ZLL Commissioning,true,true,true,true => rowid: 137","v":1}
{"level":30,"time":1589725317924,"pid":31073,"hostname":"localhost.localdomain","msg":"Executed insert: INSERT INTO DEVICE_TYPE_CLUSTER (DEVICE_TYPE_REF, CLUSTER_NAME, INCLUDE_CLIENT, INCLUDE_SERVER, LOCK_CLIENT, LOCK_SERVER) VALUES (?,?,?,?,?,?): 63,Identify,true,false,true,true => rowid: 138","v":1}
{"level":30,"time":1589725317924,"pid":31073,"hostname":"localhost.localdomain","msg":"Executed insert: INSERT INTO DEVICE_TYPE_CLUSTER (DEVICE_TYPE_REF, CLUSTER_NAME, INCLUDE_CLIENT, INCLUDE_SERVER, LOCK_CLIENT, LOCK_SERVER) VALUES (?,?,?,?,?,?): 63,Groups,true,false,true,true => rowid: 139","v":1}
{"level":30,"time":1589725317924,"pid":31073,"hostname":"localhost.localdomain","msg":"Executed insert: INSERT INTO DEVICE_TYPE_CLUSTER (DEVICE_TYPE_REF, CLUSTER_NAME, INCLUDE_CLIENT, INCLUDE_SERVER, LOCK_CLIENT, LOCK_SERVER) VALUES (?,?,?,?,?,?): 63,Scenes,true,false,true,true => rowid: 140","v":1}
{"level":30,"time":1589725317924,"pid":31073,"hostname":"localhost.localdomain","msg":"Executed insert: INSERT INTO DEVICE_TYPE_CLUSTER (DEVICE_TYPE_REF, CLUSTER_NAME, INCLUDE_CLIENT, INCLUDE_SERVER, LOCK_CLIENT, LOCK_SERVER) VALUES (?,?,?,?,?,?): 63,On/Off,true,false,true,true => rowid: 141","v":1}
{"level":30,"time":1589725317922,"pid":31079,"hostname":"localhost.localdomain","msg":"Executed get: SELECT PACKAGE_ID, PATH, CRC FROM PACKAGE WHERE PATH = ?: zcl/ami.xml","v":1}
{"level":30,"time":1589725317922,"pid":31079,"hostname":"localhost.localdomain","msg":"No CRC in the database for file zcl/ami.xml, parsing.","v":1}
{"level":30,"time":1589725317925,"pid":31079,"hostname":"localhost.localdomain","msg":"Executed insert: INSERT INTO PACKAGE ( PATH, CRC ) VALUES (?, ?): zcl/ami.xml,1984946673 => rowid: 18","v":1}
{"level":30,"time":1589725317925,"pid":31073,"hostname":"localhost.localdomain","msg":"Executed insert: INSERT INTO DEVICE_TYPE_CLUSTER (DEVICE_TYPE_REF, CLUSTER_NAME, INCLUDE_CLIENT, INCLUDE_SERVER, LOCK_CLIENT, LOCK_SERVER) VALUES (?,?,?,?,?,?): 63,Level Control,true,false,true,true => rowid: 142","v":1}
{"level":30,"time":1589725317925,"pid":31073,"hostname":"localhost.localdomain","msg":"Executed insert: INSERT INTO DEVICE_TYPE_CLUSTER (DEVICE_TYPE_REF, CLUSTER_NAME, INCLUDE_CLIENT, INCLUDE_SERVER, LOCK_CLIENT, LOCK_SERVER) VALUES (?,?,?,?,?,?): 63,Color Control,true,false,true,true => rowid: 143","v":1}
{"level":30,"time":1589725317925,"pid":31073,"hostname":"localhost.localdomain","msg":"Executed insert: INSERT INTO DEVICE_TYPE_CLUSTER (DEVICE_TYPE_REF, CLUSTER_NAME, INCLUDE_CLIENT, INCLUDE_SERVER, LOCK_CLIENT, LOCK_SERVER) VALUES (?,?,?,?,?,?): 63,Over the Air Bootloading,false,false,false,false => rowid: 144","v":1}
{"level":30,"time":1589725317925,"pid":31073,"hostname":"localhost.localdomain","msg":"Preparing statement: INSERT INTO DEVICE_TYPE_ATTRIBUTE (DEVICE_TYPE_CLUSTER_REF, ATTRIBUTE_NAME) VALUES (?, ?) to insert 9 records.","v":1}
{"level":30,"time":1589725317925,"pid":31073,"hostname":"localhost.localdomain","msg":"Preparing statement: INSERT INTO DEVICE_TYPE_COMMAND (DEVICE_TYPE_CLUSTER_REF, COMMAND_NAME) VALUES (?, ?) to insert 32 records.","v":1}
{"level":30,"time":1589725317925,"pid":31073,"hostname":"localhost.localdomain","msg":"Executed insert: INSERT INTO DEVICE_TYPE_CLUSTER (DEVICE_TYPE_REF, CLUSTER_NAME, INCLUDE_CLIENT, INCLUDE_SERVER, LOCK_CLIENT, LOCK_SERVER) VALUES (?,?,?,?,?,?): 68,Basic,false,true,true,true => rowid: 145","v":1}
{"level":30,"time":1589725317925,"pid":31073,"hostname":"localhost.localdomain","msg":"Executed insert: INSERT INTO DEVICE_TYPE_CLUSTER (DEVICE_TYPE_REF, CLUSTER_NAME, INCLUDE_CLIENT, INCLUDE_SERVER, LOCK_CLIENT, LOCK_SERVER) VALUES (?,?,?,?,?,?): 68,ZLL Commissioning,true,true,true,true => rowid: 146","v":1}
{"level":30,"time":1589725317925,"pid":31073,"hostname":"localhost.localdomain","msg":"Executed insert: INSERT INTO DEVICE_TYPE_CLUSTER (DEVICE_TYPE_REF, CLUSTER_NAME, INCLUDE_CLIENT, INCLUDE_SERVER, LOCK_CLIENT, LOCK_SERVER) VALUES (?,?,?,?,?,?): 68,Identify,true,false,true,true => rowid: 147","v":1}
{"level":30,"time":1589725317925,"pid":31073,"hostname":"localhost.localdomain","msg":"Executed insert: INSERT INTO DEVICE_TYPE_CLUSTER (DEVICE_TYPE_REF, CLUSTER_NAME, INCLUDE_CLIENT, INCLUDE_SERVER, LOCK_CLIENT, LOCK_SERVER) VALUES (?,?,?,?,?,?): 68,Groups,true,false,true,true => rowid: 148","v":1}
{"level":30,"time":1589725317925,"pid":31073,"hostname":"localhost.localdomain","msg":"Executed insert: INSERT INTO DEVICE_TYPE_CLUSTER (DEVICE_TYPE_REF, CLUSTER_NAME, INCLUDE_CLIENT, INCLUDE_SERVER, LOCK_CLIENT, LOCK_SERVER) VALUES (?,?,?,?,?,?): 68,On/Off,true,false,true,true => rowid: 149","v":1}
{"level":30,"time":1589725317926,"pid":31073,"hostname":"localhost.localdomain","msg":"Executed insert: INSERT INTO DEVICE_TYPE_CLUSTER (DEVICE_TYPE_REF, CLUSTER_NAME, INCLUDE_CLIENT, INCLUDE_SERVER, LOCK_CLIENT, LOCK_SERVER) VALUES (?,?,?,?,?,?): 68,Level Control,true,false,true,true => rowid: 150","v":1}
{"level":30,"time":1589725317926,"pid":31073,"hostname":"localhost.localdomain","msg":"Executed insert: INSERT INTO DEVICE_TYPE_CLUSTER (DEVICE_TYPE_REF, CLUSTER_NAME, INCLUDE_CLIENT, INCLUDE_SERVER, LOCK_CLIENT, LOCK_SERVER) VALUES (?,?,?,?,?,?): 68,Over the Air Bootloading,false,false,false,false => rowid: 151","v":1}
{"level":30,"time":1589725317926,"pid":31073,"hostname":"localhost.localdomain","msg":"Preparing statement: INSERT INTO DEVICE_TYPE_ATTRIBUTE (DEVICE_TYPE_CLUSTER_REF, ATTRIBUTE_NAME) VALUES (?, ?) to insert 9 records.","v":1}
{"level":30,"time":1589725317926,"pid":31073,"hostname":"localhost.localdomain","msg":"Preparing statement: INSERT INTO DEVICE_TYPE_COMMAND (DEVICE_TYPE_CLUSTER_REF, COMMAND_NAME) VALUES (?, ?) to insert 23 records.","v":1}
{"level":30,"time":1589725317926,"pid":31073,"hostname":"localhost.localdomain","msg":"Executed insert: INSERT INTO DEVICE_TYPE_CLUSTER (DEVICE_TYPE_REF, CLUSTER_NAME, INCLUDE_CLIENT, INCLUDE_SERVER, LOCK_CLIENT, LOCK_SERVER) VALUES (?,?,?,?,?,?): 73,Basic,false,true,true,true => rowid: 152","v":1}
{"level":30,"time":1589725317926,"pid":31073,"hostname":"localhost.localdomain","msg":"Executed insert: INSERT INTO DEVICE_TYPE_CLUSTER (DEVICE_TYPE_REF, CLUSTER_NAME, INCLUDE_CLIENT, INCLUDE_SERVER, LOCK_CLIENT, LOCK_SERVER) VALUES (?,?,?,?,?,?): 73,ZLL Commissioning,true,true,true,true => rowid: 153","v":1}
{"level":30,"time":1589725317926,"pid":31073,"hostname":"localhost.localdomain","msg":"Executed insert: INSERT INTO DEVICE_TYPE_CLUSTER (DEVICE_TYPE_REF, CLUSTER_NAME, INCLUDE_CLIENT, INCLUDE_SERVER, LOCK_CLIENT, LOCK_SERVER) VALUES (?,?,?,?,?,?): 73,Identify,true,false,true,true => rowid: 154","v":1}
{"level":30,"time":1589725317926,"pid":31073,"hostname":"localhost.localdomain","msg":"Executed insert: INSERT INTO DEVICE_TYPE_CLUSTER (DEVICE_TYPE_REF, CLUSTER_NAME, INCLUDE_CLIENT, INCLUDE_SERVER, LOCK_CLIENT, LOCK_SERVER) VALUES (?,?,?,?,?,?): 73,Groups,true,false,true,true => rowid: 155","v":1}
{"level":30,"time":1589725317926,"pid":31073,"hostname":"localhost.localdomain","msg":"Executed insert: INSERT INTO DEVICE_TYPE_CLUSTER (DEVICE_TYPE_REF, CLUSTER_NAME, INCLUDE_CLIENT, INCLUDE_SERVER, LOCK_CLIENT, LOCK_SERVER) VALUES (?,?,?,?,?,?): 73,Scenes,true,false,true,true => rowid: 156","v":1}
{"level":30,"time":1589725317926,"pid":31073,"hostname":"localhost.localdomain","msg":"Executed insert: INSERT INTO DEVICE_TYPE_CLUSTER (DEVICE_TYPE_REF, CLUSTER_NAME, INCLUDE_CLIENT, INCLUDE_SERVER, LOCK_CLIENT, LOCK_SERVER) VALUES (?,?,?,?,?,?): 73,On/Off,true,false,true,true => rowid: 157","v":1}
{"level":30,"time":1589725317926,"pid":31073,"hostname":"localhost.localdomain","msg":"Executed insert: INSERT INTO DEVICE_TYPE_CLUSTER (DEVICE_TYPE_REF, CLUSTER_NAME, INCLUDE_CLIENT, INCLUDE_SERVER, LOCK_CLIENT, LOCK_SERVER) VALUES (?,?,?,?,?,?): 73,Level Control,true,false,true,true => rowid: 158","v":1}
{"level":30,"time":1589725317926,"pid":31073,"hostname":"localhost.localdomain","msg":"Executed insert: INSERT INTO DEVICE_TYPE_CLUSTER (DEVICE_TYPE_REF, CLUSTER_NAME, INCLUDE_CLIENT, INCLUDE_SERVER, LOCK_CLIENT, LOCK_SERVER) VALUES (?,?,?,?,?,?): 79,Identify,true,false,true,true => rowid: 159","v":1}
{"level":30,"time":1589725317926,"pid":31073,"hostname":"localhost.localdomain","msg":"Executed insert: INSERT INTO DEVICE_TYPE_CLUSTER (DEVICE_TYPE_REF, CLUSTER_NAME, INCLUDE_CLIENT, INCLUDE_SERVER, LOCK_CLIENT, LOCK_SERVER) VALUES (?,?,?,?,?,?): 79,Groups,true,false,true,true => rowid: 160","v":1}
{"level":30,"time":1589725317927,"pid":31073,"hostname":"localhost.localdomain","msg":"Executed insert: INSERT INTO DEVICE_TYPE_CLUSTER (DEVICE_TYPE_REF, CLUSTER_NAME, INCLUDE_CLIENT, INCLUDE_SERVER, LOCK_CLIENT, LOCK_SERVER) VALUES (?,?,?,?,?,?): 79,Scenes,true,false,true,true => rowid: 161","v":1}
{"level":30,"time":1589725317927,"pid":31073,"hostname":"localhost.localdomain","msg":"Executed insert: INSERT INTO DEVICE_TYPE_CLUSTER (DEVICE_TYPE_REF, CLUSTER_NAME, INCLUDE_CLIENT, INCLUDE_SERVER, LOCK_CLIENT, LOCK_SERVER) VALUES (?,?,?,?,?,?): 79,On/Off,true,false,true,true => rowid: 162","v":1}
{"level":30,"time":1589725317927,"pid":31073,"hostname":"localhost.localdomain","msg":"Executed insert: INSERT INTO DEVICE_TYPE_CLUSTER (DEVICE_TYPE_REF, CLUSTER_NAME, INCLUDE_CLIENT, INCLUDE_SERVER, LOCK_CLIENT, LOCK_SERVER) VALUES (?,?,?,?,?,?): 79,Level Control,true,false,true,true => rowid: 163","v":1}
{"level":30,"time":1589725317927,"pid":31073,"hostname":"localhost.localdomain","msg":"Executed insert: INSERT INTO DEVICE_TYPE_CLUSTER (DEVICE_TYPE_REF, CLUSTER_NAME, INCLUDE_CLIENT, INCLUDE_SERVER, LOCK_CLIENT, LOCK_SERVER) VALUES (?,?,?,?,?,?): 79,Color Control,true,false,true,true => rowid: 164","v":1}
{"level":30,"time":1589725317927,"pid":31073,"hostname":"localhost.localdomain","msg":"Executed insert: INSERT INTO DEVICE_TYPE_CLUSTER (DEVICE_TYPE_REF, CLUSTER_NAME, INCLUDE_CLIENT, INCLUDE_SERVER, LOCK_CLIENT, LOCK_SERVER) VALUES (?,?,?,?,?,?): 79,Over the Air Bootloading,false,false,false,false => rowid: 165","v":1}
{"level":30,"time":1589725317927,"pid":31073,"hostname":"localhost.localdomain","msg":"Executed insert: INSERT INTO DEVICE_TYPE_CLUSTER (DEVICE_TYPE_REF, CLUSTER_NAME, INCLUDE_CLIENT, INCLUDE_SERVER, LOCK_CLIENT, LOCK_SERVER) VALUES (?,?,?,?,?,?): 84,Basic,false,true,true,true => rowid: 166","v":1}
{"level":30,"time":1589725317927,"pid":31073,"hostname":"localhost.localdomain","msg":"Executed insert: INSERT INTO DEVICE_TYPE_CLUSTER (DEVICE_TYPE_REF, CLUSTER_NAME, INCLUDE_CLIENT, INCLUDE_SERVER, LOCK_CLIENT, LOCK_SERVER) VALUES (?,?,?,?,?,?): 84,ZLL Commissioning,true,true,true,true => rowid: 167","v":1}
{"level":30,"time":1589725317927,"pid":31073,"hostname":"localhost.localdomain","msg":"Executed insert: INSERT INTO DEVICE_TYPE_CLUSTER (DEVICE_TYPE_REF, CLUSTER_NAME, INCLUDE_CLIENT, INCLUDE_SERVER, LOCK_CLIENT, LOCK_SERVER) VALUES (?,?,?,?,?,?): 84,Identify,true,false,true,true => rowid: 168","v":1}
{"level":30,"time":1589725317927,"pid":31073,"hostname":"localhost.localdomain","msg":"Executed insert: INSERT INTO DEVICE_TYPE_CLUSTER (DEVICE_TYPE_REF, CLUSTER_NAME, INCLUDE_CLIENT, INCLUDE_SERVER, LOCK_CLIENT, LOCK_SERVER) VALUES (?,?,?,?,?,?): 84,Groups,true,false,true,true => rowid: 169","v":1}
{"level":30,"time":1589725317927,"pid":31073,"hostname":"localhost.localdomain","msg":"Executed insert: INSERT INTO DEVICE_TYPE_CLUSTER (DEVICE_TYPE_REF, CLUSTER_NAME, INCLUDE_CLIENT, INCLUDE_SERVER, LOCK_CLIENT, LOCK_SERVER) VALUES (?,?,?,?,?,?): 84,Scenes,true,false,true,true => rowid: 170","v":1}
{"level":30,"time":1589725317927,"pid":31073,"hostname":"localhost.localdomain","msg":"Executed insert: INSERT INTO DEVICE_TYPE_CLUSTER (DEVICE_TYPE_REF, CLUSTER_NAME, INCLUDE_CLIENT, INCLUDE_SERVER, LOCK_CLIENT, LOCK_SERVER) VALUES (?,?,?,?,?,?): 84,On/Off,true,false,true,true => rowid: 171","v":1}
{"level":30,"time":1589725317927,"pid":31073,"hostname":"localhost.localdomain","msg":"Executed insert: INSERT INTO DEVICE_TYPE_CLUSTER (DEVICE_TYPE_REF, CLUSTER_NAME, INCLUDE_CLIENT, INCLUDE_SERVER, LOCK_CLIENT, LOCK_SERVER) VALUES (?,?,?,?,?,?): 84,Level Control,true,false,true,true => rowid: 172","v":1}
{"level":30,"time":1589725317927,"pid":31073,"hostname":"localhost.localdomain","msg":"Executed insert: INSERT INTO DEVICE_TYPE_CLUSTER (DEVICE_TYPE_REF, CLUSTER_NAME, INCLUDE_CLIENT, INCLUDE_SERVER, LOCK_CLIENT, LOCK_SERVER) VALUES (?,?,?,?,?,?): 84,Color Control,true,false,true,true => rowid: 173","v":1}
{"level":30,"time":1589725317927,"pid":31073,"hostname":"localhost.localdomain","msg":"Executed insert: INSERT INTO DEVICE_TYPE_CLUSTER (DEVICE_TYPE_REF, CLUSTER_NAME, INCLUDE_CLIENT, INCLUDE_SERVER, LOCK_CLIENT, LOCK_SERVER) VALUES (?,?,?,?,?,?): 84,Over the Air Bootloading,false,false,false,false => rowid: 174","v":1}
{"level":30,"time":1589725317928,"pid":31073,"hostname":"localhost.localdomain","msg":"Preparing statement: INSERT INTO DEVICE_TYPE_ATTRIBUTE (DEVICE_TYPE_CLUSTER_REF, ATTRIBUTE_NAME) VALUES (?, ?) to insert 9 records.","v":1}
{"level":30,"time":1589725317928,"pid":31073,"hostname":"localhost.localdomain","msg":"Preparing statement: INSERT INTO DEVICE_TYPE_COMMAND (DEVICE_TYPE_CLUSTER_REF, COMMAND_NAME) VALUES (?, ?) to insert 32 records.","v":1}
{"level":30,"time":1589725317928,"pid":31073,"hostname":"localhost.localdomain","msg":"Executed insert: INSERT INTO DEVICE_TYPE_CLUSTER (DEVICE_TYPE_REF, CLUSTER_NAME, INCLUDE_CLIENT, INCLUDE_SERVER, LOCK_CLIENT, LOCK_SERVER) VALUES (?,?,?,?,?,?): 73,Over the Air Bootloading,false,false,false,false => rowid: 175","v":1}
{"level":30,"time":1589725317928,"pid":31073,"hostname":"localhost.localdomain","msg":"Preparing statement: INSERT INTO DEVICE_TYPE_ATTRIBUTE (DEVICE_TYPE_CLUSTER_REF, ATTRIBUTE_NAME) VALUES (?, ?) to insert 9 records.","v":1}
{"level":30,"time":1589725317928,"pid":31073,"hostname":"localhost.localdomain","msg":"Preparing statement: INSERT INTO DEVICE_TYPE_COMMAND (DEVICE_TYPE_CLUSTER_REF, COMMAND_NAME) VALUES (?, ?) to insert 32 records.","v":1}
{"level":30,"time":1589725317928,"pid":31073,"hostname":"localhost.localdomain","msg":"Executed insert: INSERT INTO DEVICE_TYPE_CLUSTER (DEVICE_TYPE_REF, CLUSTER_NAME, INCLUDE_CLIENT, INCLUDE_SERVER, LOCK_CLIENT, LOCK_SERVER) VALUES (?,?,?,?,?,?): 79,Basic,false,true,true,true => rowid: 176","v":1}
{"level":30,"time":1589725317928,"pid":31073,"hostname":"localhost.localdomain","msg":"Executed insert: INSERT INTO DEVICE_TYPE_CLUSTER (DEVICE_TYPE_REF, CLUSTER_NAME, INCLUDE_CLIENT, INCLUDE_SERVER, LOCK_CLIENT, LOCK_SERVER) VALUES (?,?,?,?,?,?): 79,ZLL Commissioning,true,true,true,true => rowid: 177","v":1}
{"level":30,"time":1589725317928,"pid":31073,"hostname":"localhost.localdomain","msg":"Preparing statement: INSERT INTO DEVICE_TYPE_ATTRIBUTE (DEVICE_TYPE_CLUSTER_REF, ATTRIBUTE_NAME) VALUES (?, ?) to insert 9 records.","v":1}
{"level":30,"time":1589725317928,"pid":31073,"hostname":"localhost.localdomain","msg":"Preparing statement: INSERT INTO DEVICE_TYPE_COMMAND (DEVICE_TYPE_CLUSTER_REF, COMMAND_NAME) VALUES (?, ?) to insert 32 records.","v":1}
{"level":30,"time":1589725317931,"pid":31073,"hostname":"localhost.localdomain","msg":"Preparing statement: INSERT INTO COMMAND_ARG (COMMAND_REF, NAME, TYPE, IS_ARRAY) VALUES (?,?,?,?) to insert 106 records.","v":1}
{"level":30,"time":1589725317938,"pid":31073,"hostname":"localhost.localdomain","msg":"Preparing statement: INSERT INTO COMMAND_ARG (COMMAND_REF, NAME, TYPE, IS_ARRAY) VALUES (?,?,?,?) to insert 123 records.","v":1}
{"level":30,"time":1589725317939,"pid":31073,"hostname":"localhost.localdomain","msg":"Executed insert: INSERT INTO DEVICE_TYPE_CLUSTER (DEVICE_TYPE_REF, CLUSTER_NAME, INCLUDE_CLIENT, INCLUDE_SERVER, LOCK_CLIENT, LOCK_SERVER) VALUES (?,?,?,?,?,?): 4,Basic,true,true,true,true => rowid: 178","v":1}
{"level":30,"time":1589725317939,"pid":31073,"hostname":"localhost.localdomain","msg":"Executed insert: INSERT INTO DEVICE_TYPE_CLUSTER (DEVICE_TYPE_REF, CLUSTER_NAME, INCLUDE_CLIENT, INCLUDE_SERVER, LOCK_CLIENT, LOCK_SERVER) VALUES (?,?,?,?,?,?): 4,Groups,false,false,true,false => rowid: 179","v":1}
{"level":30,"time":1589725317939,"pid":31073,"hostname":"localhost.localdomain","msg":"Executed insert: INSERT INTO DEVICE_TYPE_CLUSTER (DEVICE_TYPE_REF, CLUSTER_NAME, INCLUDE_CLIENT, INCLUDE_SERVER, LOCK_CLIENT, LOCK_SERVER) VALUES (?,?,?,?,?,?): 4,Commissioning,false,false,true,false => rowid: 180","v":1}
{"level":30,"time":1589725317939,"pid":31073,"hostname":"localhost.localdomain","msg":"Executed insert: INSERT INTO DEVICE_TYPE_CLUSTER (DEVICE_TYPE_REF, CLUSTER_NAME, INCLUDE_CLIENT, INCLUDE_SERVER, LOCK_CLIENT, LOCK_SERVER) VALUES (?,?,?,?,?,?): 4,Identify,true,false,true,false => rowid: 181","v":1}
{"level":30,"time":1589725317939,"pid":31073,"hostname":"localhost.localdomain","msg":"Executed insert: INSERT INTO DEVICE_TYPE_CLUSTER (DEVICE_TYPE_REF, CLUSTER_NAME, INCLUDE_CLIENT, INCLUDE_SERVER, LOCK_CLIENT, LOCK_SERVER) VALUES (?,?,?,?,?,?): 4,ISO 7816 Protocol Tunnel,true,false,true,false => rowid: 182","v":1}
{"level":30,"time":1589725317939,"pid":31073,"hostname":"localhost.localdomain","msg":"Executed insert: INSERT INTO DEVICE_TYPE_CLUSTER (DEVICE_TYPE_REF, CLUSTER_NAME, INCLUDE_CLIENT, INCLUDE_SERVER, LOCK_CLIENT, LOCK_SERVER) VALUES (?,?,?,?,?,?): 4,Information,false,false,false,false => rowid: 183","v":1}
{"level":30,"time":1589725317939,"pid":31073,"hostname":"localhost.localdomain","msg":"Executed insert: INSERT INTO DEVICE_TYPE_CLUSTER (DEVICE_TYPE_REF, CLUSTER_NAME, INCLUDE_CLIENT, INCLUDE_SERVER, LOCK_CLIENT, LOCK_SERVER) VALUES (?,?,?,?,?,?): 4,Payment,false,false,false,false => rowid: 184","v":1}
{"level":30,"time":1589725317940,"pid":31073,"hostname":"localhost.localdomain","msg":"Executed insert: INSERT INTO DEVICE_TYPE_CLUSTER (DEVICE_TYPE_REF, CLUSTER_NAME, INCLUDE_CLIENT, INCLUDE_SERVER, LOCK_CLIENT, LOCK_SERVER) VALUES (?,?,?,?,?,?): 4,Billing,false,false,false,true => rowid: 185","v":1}
{"level":30,"time":1589725317940,"pid":31073,"hostname":"localhost.localdomain","msg":"Executed insert: INSERT INTO DEVICE_TYPE_CLUSTER (DEVICE_TYPE_REF, CLUSTER_NAME, INCLUDE_CLIENT, INCLUDE_SERVER, LOCK_CLIENT, LOCK_SERVER) VALUES (?,?,?,?,?,?): 4,Data Sharing,false,false,false,false => rowid: 186","v":1}
{"level":30,"time":1589725317940,"pid":31073,"hostname":"localhost.localdomain","msg":"Executed insert: INSERT INTO DEVICE_TYPE_CLUSTER (DEVICE_TYPE_REF, CLUSTER_NAME, INCLUDE_CLIENT, INCLUDE_SERVER, LOCK_CLIENT, LOCK_SERVER) VALUES (?,?,?,?,?,?): 4,Voice over ZigBee,false,false,false,false => rowid: 187","v":1}
{"level":30,"time":1589725317940,"pid":31073,"hostname":"localhost.localdomain","msg":"Executed insert: INSERT INTO DEVICE_TYPE_CLUSTER (DEVICE_TYPE_REF, CLUSTER_NAME, INCLUDE_CLIENT, INCLUDE_SERVER, LOCK_CLIENT, LOCK_SERVER) VALUES (?,?,?,?,?,?): 4,Data Rate Control,false,false,false,false => rowid: 188","v":1}
{"level":30,"time":1589725317940,"pid":31073,"hostname":"localhost.localdomain","msg":"Executed insert: INSERT INTO DEVICE_TYPE_CLUSTER (DEVICE_TYPE_REF, CLUSTER_NAME, INCLUDE_CLIENT, INCLUDE_SERVER, LOCK_CLIENT, LOCK_SERVER) VALUES (?,?,?,?,?,?): 4,Chatting,false,false,false,false => rowid: 189","v":1}
{"level":30,"time":1589725317940,"pid":31073,"hostname":"localhost.localdomain","msg":"Executed insert: INSERT INTO DEVICE_TYPE_CLUSTER (DEVICE_TYPE_REF, CLUSTER_NAME, INCLUDE_CLIENT, INCLUDE_SERVER, LOCK_CLIENT, LOCK_SERVER) VALUES (?,?,?,?,?,?): 4,RSSI Location,false,false,true,false => rowid: 190","v":1}
{"level":30,"time":1589725317940,"pid":31073,"hostname":"localhost.localdomain","msg":"Preparing statement: INSERT INTO DEVICE_TYPE_ATTRIBUTE (DEVICE_TYPE_CLUSTER_REF, ATTRIBUTE_NAME) VALUES (?, ?) to insert 0 records.","v":1}
{"level":30,"time":1589725317940,"pid":31073,"hostname":"localhost.localdomain","msg":"Preparing statement: INSERT INTO DEVICE_TYPE_COMMAND (DEVICE_TYPE_CLUSTER_REF, COMMAND_NAME) VALUES (?, ?) to insert 0 records.","v":1}
{"level":30,"time":1589725317940,"pid":31073,"hostname":"localhost.localdomain","msg":"Executed insert: INSERT INTO DEVICE_TYPE_CLUSTER (DEVICE_TYPE_REF, CLUSTER_NAME, INCLUDE_CLIENT, INCLUDE_SERVER, LOCK_CLIENT, LOCK_SERVER) VALUES (?,?,?,?,?,?): 7,Basic,true,true,true,true => rowid: 191","v":1}
{"level":30,"time":1589725317940,"pid":31073,"hostname":"localhost.localdomain","msg":"Executed insert: INSERT INTO DEVICE_TYPE_CLUSTER (DEVICE_TYPE_REF, CLUSTER_NAME, INCLUDE_CLIENT, INCLUDE_SERVER, LOCK_CLIENT, LOCK_SERVER) VALUES (?,?,?,?,?,?): 7,Groups,false,false,true,false => rowid: 192","v":1}
{"level":30,"time":1589725317940,"pid":31073,"hostname":"localhost.localdomain","msg":"Executed insert: INSERT INTO DEVICE_TYPE_CLUSTER (DEVICE_TYPE_REF, CLUSTER_NAME, INCLUDE_CLIENT, INCLUDE_SERVER, LOCK_CLIENT, LOCK_SERVER) VALUES (?,?,?,?,?,?): 7,Commissioning,false,false,true,false => rowid: 193","v":1}
{"level":30,"time":1589725317940,"pid":31073,"hostname":"localhost.localdomain","msg":"Executed insert: INSERT INTO DEVICE_TYPE_CLUSTER (DEVICE_TYPE_REF, CLUSTER_NAME, INCLUDE_CLIENT, INCLUDE_SERVER, LOCK_CLIENT, LOCK_SERVER) VALUES (?,?,?,?,?,?): 7,Identify,true,false,true,false => rowid: 194","v":1}
{"level":30,"time":1589725317940,"pid":31073,"hostname":"localhost.localdomain","msg":"Executed insert: INSERT INTO DEVICE_TYPE_CLUSTER (DEVICE_TYPE_REF, CLUSTER_NAME, INCLUDE_CLIENT, INCLUDE_SERVER, LOCK_CLIENT, LOCK_SERVER) VALUES (?,?,?,?,?,?): 7,Information,false,false,false,false => rowid: 195","v":1}
{"level":30,"time":1589725317940,"pid":31073,"hostname":"localhost.localdomain","msg":"Executed insert: INSERT INTO DEVICE_TYPE_CLUSTER (DEVICE_TYPE_REF, CLUSTER_NAME, INCLUDE_CLIENT, INCLUDE_SERVER, LOCK_CLIENT, LOCK_SERVER) VALUES (?,?,?,?,?,?): 7,Payment,false,false,false,false => rowid: 196","v":1}
{"level":30,"time":1589725317941,"pid":31073,"hostname":"localhost.localdomain","msg":"Executed insert: INSERT INTO DEVICE_TYPE_CLUSTER (DEVICE_TYPE_REF, CLUSTER_NAME, INCLUDE_CLIENT, INCLUDE_SERVER, LOCK_CLIENT, LOCK_SERVER) VALUES (?,?,?,?,?,?): 7,Billing,false,false,false,true => rowid: 197","v":1}
{"level":30,"time":1589725317941,"pid":31073,"hostname":"localhost.localdomain","msg":"Executed insert: INSERT INTO DEVICE_TYPE_CLUSTER (DEVICE_TYPE_REF, CLUSTER_NAME, INCLUDE_CLIENT, INCLUDE_SERVER, LOCK_CLIENT, LOCK_SERVER) VALUES (?,?,?,?,?,?): 7,Data Sharing,false,false,false,false => rowid: 198","v":1}
{"level":30,"time":1589725317941,"pid":31073,"hostname":"localhost.localdomain","msg":"Executed insert: INSERT INTO DEVICE_TYPE_CLUSTER (DEVICE_TYPE_REF, CLUSTER_NAME, INCLUDE_CLIENT, INCLUDE_SERVER, LOCK_CLIENT, LOCK_SERVER) VALUES (?,?,?,?,?,?): 7,Data Rate Control,false,false,false,false => rowid: 199","v":1}
{"level":30,"time":1589725317941,"pid":31073,"hostname":"localhost.localdomain","msg":"Executed insert: INSERT INTO DEVICE_TYPE_CLUSTER (DEVICE_TYPE_REF, CLUSTER_NAME, INCLUDE_CLIENT, INCLUDE_SERVER, LOCK_CLIENT, LOCK_SERVER) VALUES (?,?,?,?,?,?): 7,Voice over ZigBee,false,false,false,false => rowid: 200","v":1}
{"level":30,"time":1589725317941,"pid":31073,"hostname":"localhost.localdomain","msg":"Executed insert: INSERT INTO DEVICE_TYPE_CLUSTER (DEVICE_TYPE_REF, CLUSTER_NAME, INCLUDE_CLIENT, INCLUDE_SERVER, LOCK_CLIENT, LOCK_SERVER) VALUES (?,?,?,?,?,?): 7,Gaming,false,false,false,false => rowid: 201","v":1}
{"level":30,"time":1589725317941,"pid":31073,"hostname":"localhost.localdomain","msg":"Executed insert: INSERT INTO DEVICE_TYPE_CLUSTER (DEVICE_TYPE_REF, CLUSTER_NAME, INCLUDE_CLIENT, INCLUDE_SERVER, LOCK_CLIENT, LOCK_SERVER) VALUES (?,?,?,?,?,?): 7,Chatting,false,false,false,false => rowid: 202","v":1}
{"level":30,"time":1589725317941,"pid":31073,"hostname":"localhost.localdomain","msg":"Executed insert: INSERT INTO DEVICE_TYPE_CLUSTER (DEVICE_TYPE_REF, CLUSTER_NAME, INCLUDE_CLIENT, INCLUDE_SERVER, LOCK_CLIENT, LOCK_SERVER) VALUES (?,?,?,?,?,?): 7,ISO 7816 Protocol Tunnel,false,false,false,false => rowid: 203","v":1}
{"level":30,"time":1589725317941,"pid":31073,"hostname":"localhost.localdomain","msg":"Executed insert: INSERT INTO DEVICE_TYPE_CLUSTER (DEVICE_TYPE_REF, CLUSTER_NAME, INCLUDE_CLIENT, INCLUDE_SERVER, LOCK_CLIENT, LOCK_SERVER) VALUES (?,?,?,?,?,?): 7,Partition,false,false,false,false => rowid: 204","v":1}
{"level":30,"time":1589725317941,"pid":31073,"hostname":"localhost.localdomain","msg":"Executed insert: INSERT INTO DEVICE_TYPE_CLUSTER (DEVICE_TYPE_REF, CLUSTER_NAME, INCLUDE_CLIENT, INCLUDE_SERVER, LOCK_CLIENT, LOCK_SERVER) VALUES (?,?,?,?,?,?): 7,RSSI Location,false,false,true,false => rowid: 205","v":1}
{"level":30,"time":1589725317941,"pid":31073,"hostname":"localhost.localdomain","msg":"Preparing statement: INSERT INTO DEVICE_TYPE_ATTRIBUTE (DEVICE_TYPE_CLUSTER_REF, ATTRIBUTE_NAME) VALUES (?, ?) to insert 0 records.","v":1}
{"level":30,"time":1589725317941,"pid":31073,"hostname":"localhost.localdomain","msg":"Preparing statement: INSERT INTO DEVICE_TYPE_COMMAND (DEVICE_TYPE_CLUSTER_REF, COMMAND_NAME) VALUES (?, ?) to insert 0 records.","v":1}
{"level":30,"time":1589725317941,"pid":31073,"hostname":"localhost.localdomain","msg":"Executed insert: INSERT INTO DEVICE_TYPE_CLUSTER (DEVICE_TYPE_REF, CLUSTER_NAME, INCLUDE_CLIENT, INCLUDE_SERVER, LOCK_CLIENT, LOCK_SERVER) VALUES (?,?,?,?,?,?): 12,Basic,true,true,true,true => rowid: 206","v":1}
{"level":30,"time":1589725317941,"pid":31073,"hostname":"localhost.localdomain","msg":"Executed insert: INSERT INTO DEVICE_TYPE_CLUSTER (DEVICE_TYPE_REF, CLUSTER_NAME, INCLUDE_CLIENT, INCLUDE_SERVER, LOCK_CLIENT, LOCK_SERVER) VALUES (?,?,?,?,?,?): 12,Groups,true,false,true,false => rowid: 207","v":1}
{"level":30,"time":1589725317941,"pid":31073,"hostname":"localhost.localdomain","msg":"Executed insert: INSERT INTO DEVICE_TYPE_CLUSTER (DEVICE_TYPE_REF, CLUSTER_NAME, INCLUDE_CLIENT, INCLUDE_SERVER, LOCK_CLIENT, LOCK_SERVER) VALUES (?,?,?,?,?,?): 12,Commissioning,false,false,true,false => rowid: 208","v":1}
{"level":30,"time":1589725317942,"pid":31073,"hostname":"localhost.localdomain","msg":"Executed insert: INSERT INTO DEVICE_TYPE_CLUSTER (DEVICE_TYPE_REF, CLUSTER_NAME, INCLUDE_CLIENT, INCLUDE_SERVER, LOCK_CLIENT, LOCK_SERVER) VALUES (?,?,?,?,?,?): 12,Identify,true,false,true,false => rowid: 209","v":1}
{"level":30,"time":1589725317942,"pid":31073,"hostname":"localhost.localdomain","msg":"Executed insert: INSERT INTO DEVICE_TYPE_CLUSTER (DEVICE_TYPE_REF, CLUSTER_NAME, INCLUDE_CLIENT, INCLUDE_SERVER, LOCK_CLIENT, LOCK_SERVER) VALUES (?,?,?,?,?,?): 12,Information,false,false,false,true => rowid: 210","v":1}
{"level":30,"time":1589725317942,"pid":31073,"hostname":"localhost.localdomain","msg":"Executed insert: INSERT INTO DEVICE_TYPE_CLUSTER (DEVICE_TYPE_REF, CLUSTER_NAME, INCLUDE_CLIENT, INCLUDE_SERVER, LOCK_CLIENT, LOCK_SERVER) VALUES (?,?,?,?,?,?): 12,Data Rate Control,false,false,false,true => rowid: 211","v":1}
{"level":30,"time":1589725317942,"pid":31073,"hostname":"localhost.localdomain","msg":"Executed insert: INSERT INTO DEVICE_TYPE_CLUSTER (DEVICE_TYPE_REF, CLUSTER_NAME, INCLUDE_CLIENT, INCLUDE_SERVER, LOCK_CLIENT, LOCK_SERVER) VALUES (?,?,?,?,?,?): 12,Data Sharing,false,false,false,true => rowid: 212","v":1}
{"level":30,"time":1589725317942,"pid":31073,"hostname":"localhost.localdomain","msg":"Executed insert: INSERT INTO DEVICE_TYPE_CLUSTER (DEVICE_TYPE_REF, CLUSTER_NAME, INCLUDE_CLIENT, INCLUDE_SERVER, LOCK_CLIENT, LOCK_SERVER) VALUES (?,?,?,?,?,?): 12,Payment,false,false,false,true => rowid: 213","v":1}
{"level":30,"time":1589725317942,"pid":31073,"hostname":"localhost.localdomain","msg":"Executed insert: INSERT INTO DEVICE_TYPE_CLUSTER (DEVICE_TYPE_REF, CLUSTER_NAME, INCLUDE_CLIENT, INCLUDE_SERVER, LOCK_CLIENT, LOCK_SERVER) VALUES (?,?,?,?,?,?): 12,Billing,false,false,false,true => rowid: 214","v":1}
{"level":30,"time":1589725317942,"pid":31073,"hostname":"localhost.localdomain","msg":"Executed insert: INSERT INTO DEVICE_TYPE_CLUSTER (DEVICE_TYPE_REF, CLUSTER_NAME, INCLUDE_CLIENT, INCLUDE_SERVER, LOCK_CLIENT, LOCK_SERVER) VALUES (?,?,?,?,?,?): 12,Voice over ZigBee,false,false,false,true => rowid: 215","v":1}
{"level":30,"time":1589725317942,"pid":31073,"hostname":"localhost.localdomain","msg":"Executed insert: INSERT INTO DEVICE_TYPE_CLUSTER (DEVICE_TYPE_REF, CLUSTER_NAME, INCLUDE_CLIENT, INCLUDE_SERVER, LOCK_CLIENT, LOCK_SERVER) VALUES (?,?,?,?,?,?): 12,RSSI Location,false,false,false,true => rowid: 216","v":1}
{"level":30,"time":1589725317942,"pid":31073,"hostname":"localhost.localdomain","msg":"Executed insert: INSERT INTO DEVICE_TYPE_CLUSTER (DEVICE_TYPE_REF, CLUSTER_NAME, INCLUDE_CLIENT, INCLUDE_SERVER, LOCK_CLIENT, LOCK_SERVER) VALUES (?,?,?,?,?,?): 12,Partition,false,false,false,true => rowid: 217","v":1}
{"level":30,"time":1589725317942,"pid":31073,"hostname":"localhost.localdomain","msg":"Preparing statement: INSERT INTO DEVICE_TYPE_ATTRIBUTE (DEVICE_TYPE_CLUSTER_REF, ATTRIBUTE_NAME) VALUES (?, ?) to insert 0 records.","v":1}
{"level":30,"time":1589725317942,"pid":31073,"hostname":"localhost.localdomain","msg":"Preparing statement: INSERT INTO DEVICE_TYPE_COMMAND (DEVICE_TYPE_CLUSTER_REF, COMMAND_NAME) VALUES (?, ?) to insert 0 records.","v":1}
{"level":30,"time":1589725317942,"pid":31073,"hostname":"localhost.localdomain","msg":"Executed insert: INSERT INTO DEVICE_TYPE_CLUSTER (DEVICE_TYPE_REF, CLUSTER_NAME, INCLUDE_CLIENT, INCLUDE_SERVER, LOCK_CLIENT, LOCK_SERVER) VALUES (?,?,?,?,?,?): 19,Basic,false,true,true,true => rowid: 218","v":1}
{"level":30,"time":1589725317942,"pid":31073,"hostname":"localhost.localdomain","msg":"Executed insert: INSERT INTO DEVICE_TYPE_CLUSTER (DEVICE_TYPE_REF, CLUSTER_NAME, INCLUDE_CLIENT, INCLUDE_SERVER, LOCK_CLIENT, LOCK_SERVER) VALUES (?,?,?,?,?,?): 19,Groups,false,false,true,false => rowid: 219","v":1}
{"level":30,"time":1589725317942,"pid":31073,"hostname":"localhost.localdomain","msg":"Executed insert: INSERT INTO DEVICE_TYPE_CLUSTER (DEVICE_TYPE_REF, CLUSTER_NAME, INCLUDE_CLIENT, INCLUDE_SERVER, LOCK_CLIENT, LOCK_SERVER) VALUES (?,?,?,?,?,?): 19,Commissioning,false,false,true,false => rowid: 220","v":1}
{"level":30,"time":1589725317943,"pid":31073,"hostname":"localhost.localdomain","msg":"Executed insert: INSERT INTO DEVICE_TYPE_CLUSTER (DEVICE_TYPE_REF, CLUSTER_NAME, INCLUDE_CLIENT, INCLUDE_SERVER, LOCK_CLIENT, LOCK_SERVER) VALUES (?,?,?,?,?,?): 19,Identify,false,false,true,false => rowid: 221","v":1}
{"level":30,"time":1589725317943,"pid":31073,"hostname":"localhost.localdomain","msg":"Preparing statement: INSERT INTO DEVICE_TYPE_ATTRIBUTE (DEVICE_TYPE_CLUSTER_REF, ATTRIBUTE_NAME) VALUES (?, ?) to insert 0 records.","v":1}
{"level":30,"time":1589725317943,"pid":31073,"hostname":"localhost.localdomain","msg":"Preparing statement: INSERT INTO DEVICE_TYPE_COMMAND (DEVICE_TYPE_CLUSTER_REF, COMMAND_NAME) VALUES (?, ?) to insert 0 records.","v":1}
{"level":30,"time":1589725317943,"pid":31073,"hostname":"localhost.localdomain","msg":"Executed insert: INSERT INTO DEVICE_TYPE_CLUSTER (DEVICE_TYPE_REF, CLUSTER_NAME, INCLUDE_CLIENT, INCLUDE_SERVER, LOCK_CLIENT, LOCK_SERVER) VALUES (?,?,?,?,?,?): 26,Basic,false,true,true,true => rowid: 222","v":1}
{"level":30,"time":1589725317943,"pid":31073,"hostname":"localhost.localdomain","msg":"Executed insert: INSERT INTO DEVICE_TYPE_CLUSTER (DEVICE_TYPE_REF, CLUSTER_NAME, INCLUDE_CLIENT, INCLUDE_SERVER, LOCK_CLIENT, LOCK_SERVER) VALUES (?,?,?,?,?,?): 26,Groups,false,false,true,false => rowid: 223","v":1}
{"level":30,"time":1589725317943,"pid":31073,"hostname":"localhost.localdomain","msg":"Executed insert: INSERT INTO DEVICE_TYPE_CLUSTER (DEVICE_TYPE_REF, CLUSTER_NAME, INCLUDE_CLIENT, INCLUDE_SERVER, LOCK_CLIENT, LOCK_SERVER) VALUES (?,?,?,?,?,?): 26,Commissioning,false,false,true,false => rowid: 224","v":1}
{"level":30,"time":1589725317943,"pid":31073,"hostname":"localhost.localdomain","msg":"Executed insert: INSERT INTO DEVICE_TYPE_CLUSTER (DEVICE_TYPE_REF, CLUSTER_NAME, INCLUDE_CLIENT, INCLUDE_SERVER, LOCK_CLIENT, LOCK_SERVER) VALUES (?,?,?,?,?,?): 26,Identify,false,false,true,false => rowid: 225","v":1}
{"level":30,"time":1589725317943,"pid":31073,"hostname":"localhost.localdomain","msg":"Executed insert: INSERT INTO DEVICE_TYPE_CLUSTER (DEVICE_TYPE_REF, CLUSTER_NAME, INCLUDE_CLIENT, INCLUDE_SERVER, LOCK_CLIENT, LOCK_SERVER) VALUES (?,?,?,?,?,?): 26,Information,true,true,true,true => rowid: 226","v":1}
{"level":30,"time":1589725317943,"pid":31073,"hostname":"localhost.localdomain","msg":"Executed insert: INSERT INTO DEVICE_TYPE_CLUSTER (DEVICE_TYPE_REF, CLUSTER_NAME, INCLUDE_CLIENT, INCLUDE_SERVER, LOCK_CLIENT, LOCK_SERVER) VALUES (?,?,?,?,?,?): 26,Payment,false,false,false,false => rowid: 227","v":1}
{"level":30,"time":1589725317943,"pid":31073,"hostname":"localhost.localdomain","msg":"Executed insert: INSERT INTO DEVICE_TYPE_CLUSTER (DEVICE_TYPE_REF, CLUSTER_NAME, INCLUDE_CLIENT, INCLUDE_SERVER, LOCK_CLIENT, LOCK_SERVER) VALUES (?,?,?,?,?,?): 26,Billing,false,false,false,false => rowid: 228","v":1}
{"level":30,"time":1589725317943,"pid":31073,"hostname":"localhost.localdomain","msg":"Preparing statement: INSERT INTO DEVICE_TYPE_ATTRIBUTE (DEVICE_TYPE_CLUSTER_REF, ATTRIBUTE_NAME) VALUES (?, ?) to insert 0 records.","v":1}
{"level":30,"time":1589725317943,"pid":31073,"hostname":"localhost.localdomain","msg":"Preparing statement: INSERT INTO DEVICE_TYPE_COMMAND (DEVICE_TYPE_CLUSTER_REF, COMMAND_NAME) VALUES (?, ?) to insert 0 records.","v":1}
{"level":30,"time":1589725317943,"pid":31073,"hostname":"localhost.localdomain","msg":"Executed insert: INSERT INTO DEVICE_TYPE_CLUSTER (DEVICE_TYPE_REF, CLUSTER_NAME, INCLUDE_CLIENT, INCLUDE_SERVER, LOCK_CLIENT, LOCK_SERVER) VALUES (?,?,?,?,?,?): 32,Basic,false,true,true,true => rowid: 229","v":1}
{"level":30,"time":1589725317943,"pid":31073,"hostname":"localhost.localdomain","msg":"Executed insert: INSERT INTO DEVICE_TYPE_CLUSTER (DEVICE_TYPE_REF, CLUSTER_NAME, INCLUDE_CLIENT, INCLUDE_SERVER, LOCK_CLIENT, LOCK_SERVER) VALUES (?,?,?,?,?,?): 32,Groups,false,false,true,false => rowid: 230","v":1}
{"level":30,"time":1589725317943,"pid":31073,"hostname":"localhost.localdomain","msg":"Executed insert: INSERT INTO DEVICE_TYPE_CLUSTER (DEVICE_TYPE_REF, CLUSTER_NAME, INCLUDE_CLIENT, INCLUDE_SERVER, LOCK_CLIENT, LOCK_SERVER) VALUES (?,?,?,?,?,?): 32,Commissioning,false,false,true,false => rowid: 231","v":1}
{"level":30,"time":1589725317944,"pid":31073,"hostname":"localhost.localdomain","msg":"Executed insert: INSERT INTO DEVICE_TYPE_CLUSTER (DEVICE_TYPE_REF, CLUSTER_NAME, INCLUDE_CLIENT, INCLUDE_SERVER, LOCK_CLIENT, LOCK_SERVER) VALUES (?,?,?,?,?,?): 32,Identify,false,false,true,false => rowid: 232","v":1}
{"level":30,"time":1589725317944,"pid":31073,"hostname":"localhost.localdomain","msg":"Executed insert: INSERT INTO DEVICE_TYPE_CLUSTER (DEVICE_TYPE_REF, CLUSTER_NAME, INCLUDE_CLIENT, INCLUDE_SERVER, LOCK_CLIENT, LOCK_SERVER) VALUES (?,?,?,?,?,?): 32,Information,false,true,false,true => rowid: 233","v":1}
{"level":30,"time":1589725317944,"pid":31073,"hostname":"localhost.localdomain","msg":"Executed insert: INSERT INTO DEVICE_TYPE_CLUSTER (DEVICE_TYPE_REF, CLUSTER_NAME, INCLUDE_CLIENT, INCLUDE_SERVER, LOCK_CLIENT, LOCK_SERVER) VALUES (?,?,?,?,?,?): 32,Billing,false,false,true,false => rowid: 234","v":1}
{"level":30,"time":1589725317944,"pid":31073,"hostname":"localhost.localdomain","msg":"Preparing statement: INSERT INTO DEVICE_TYPE_ATTRIBUTE (DEVICE_TYPE_CLUSTER_REF, ATTRIBUTE_NAME) VALUES (?, ?) to insert 0 records.","v":1}
{"level":30,"time":1589725317944,"pid":31073,"hostname":"localhost.localdomain","msg":"Preparing statement: INSERT INTO DEVICE_TYPE_COMMAND (DEVICE_TYPE_CLUSTER_REF, COMMAND_NAME) VALUES (?, ?) to insert 0 records.","v":1}
{"level":30,"time":1589725317944,"pid":31073,"hostname":"localhost.localdomain","msg":"Executed insert: INSERT INTO DEVICE_TYPE_CLUSTER (DEVICE_TYPE_REF, CLUSTER_NAME, INCLUDE_CLIENT, INCLUDE_SERVER, LOCK_CLIENT, LOCK_SERVER) VALUES (?,?,?,?,?,?): 38,Basic,false,true,true,true => rowid: 235","v":1}
{"level":30,"time":1589725317944,"pid":31073,"hostname":"localhost.localdomain","msg":"Executed insert: INSERT INTO DEVICE_TYPE_CLUSTER (DEVICE_TYPE_REF, CLUSTER_NAME, INCLUDE_CLIENT, INCLUDE_SERVER, LOCK_CLIENT, LOCK_SERVER) VALUES (?,?,?,?,?,?): 38,Groups,false,false,true,false => rowid: 236","v":1}
{"level":30,"time":1589725317944,"pid":31073,"hostname":"localhost.localdomain","msg":"Executed insert: INSERT INTO DEVICE_TYPE_CLUSTER (DEVICE_TYPE_REF, CLUSTER_NAME, INCLUDE_CLIENT, INCLUDE_SERVER, LOCK_CLIENT, LOCK_SERVER) VALUES (?,?,?,?,?,?): 38,Commissioning,false,false,true,false => rowid: 237","v":1}
{"level":30,"time":1589725317944,"pid":31073,"hostname":"localhost.localdomain","msg":"Executed insert: INSERT INTO DEVICE_TYPE_CLUSTER (DEVICE_TYPE_REF, CLUSTER_NAME, INCLUDE_CLIENT, INCLUDE_SERVER, LOCK_CLIENT, LOCK_SERVER) VALUES (?,?,?,?,?,?): 38,Identify,false,false,true,false => rowid: 238","v":1}
{"level":30,"time":1589725317944,"pid":31073,"hostname":"localhost.localdomain","msg":"Executed insert: INSERT INTO DEVICE_TYPE_CLUSTER (DEVICE_TYPE_REF, CLUSTER_NAME, INCLUDE_CLIENT, INCLUDE_SERVER, LOCK_CLIENT, LOCK_SERVER) VALUES (?,?,?,?,?,?): 38,Information,true,false,true,true => rowid: 239","v":1}
{"level":30,"time":1589725317944,"pid":31073,"hostname":"localhost.localdomain","msg":"Preparing statement: INSERT INTO DEVICE_TYPE_ATTRIBUTE (DEVICE_TYPE_CLUSTER_REF, ATTRIBUTE_NAME) VALUES (?, ?) to insert 0 records.","v":1}
{"level":30,"time":1589725317944,"pid":31073,"hostname":"localhost.localdomain","msg":"Preparing statement: INSERT INTO DEVICE_TYPE_COMMAND (DEVICE_TYPE_CLUSTER_REF, COMMAND_NAME) VALUES (?, ?) to insert 0 records.","v":1}
{"level":30,"time":1589725317944,"pid":31073,"hostname":"localhost.localdomain","msg":"Executed insert: INSERT INTO DEVICE_TYPE_CLUSTER (DEVICE_TYPE_REF, CLUSTER_NAME, INCLUDE_CLIENT, INCLUDE_SERVER, LOCK_CLIENT, LOCK_SERVER) VALUES (?,?,?,?,?,?): 44,Basic,false,true,true,true => rowid: 240","v":1}
{"level":30,"time":1589725317944,"pid":31073,"hostname":"localhost.localdomain","msg":"Executed insert: INSERT INTO DEVICE_TYPE_CLUSTER (DEVICE_TYPE_REF, CLUSTER_NAME, INCLUDE_CLIENT, INCLUDE_SERVER, LOCK_CLIENT, LOCK_SERVER) VALUES (?,?,?,?,?,?): 44,Groups,false,false,true,false => rowid: 241","v":1}
{"level":30,"time":1589725317944,"pid":31073,"hostname":"localhost.localdomain","msg":"Executed insert: INSERT INTO DEVICE_TYPE_CLUSTER (DEVICE_TYPE_REF, CLUSTER_NAME, INCLUDE_CLIENT, INCLUDE_SERVER, LOCK_CLIENT, LOCK_SERVER) VALUES (?,?,?,?,?,?): 44,Commissioning,false,false,true,false => rowid: 242","v":1}
{"level":30,"time":1589725317945,"pid":31073,"hostname":"localhost.localdomain","msg":"Executed insert: INSERT INTO DEVICE_TYPE_CLUSTER (DEVICE_TYPE_REF, CLUSTER_NAME, INCLUDE_CLIENT, INCLUDE_SERVER, LOCK_CLIENT, LOCK_SERVER) VALUES (?,?,?,?,?,?): 44,Identify,false,false,true,false => rowid: 243","v":1}
{"level":30,"time":1589725317945,"pid":31073,"hostname":"localhost.localdomain","msg":"Executed insert: INSERT INTO DEVICE_TYPE_CLUSTER (DEVICE_TYPE_REF, CLUSTER_NAME, INCLUDE_CLIENT, INCLUDE_SERVER, LOCK_CLIENT, LOCK_SERVER) VALUES (?,?,?,?,?,?): 44,Information,false,true,true,true => rowid: 244","v":1}
{"level":30,"time":1589725317945,"pid":31073,"hostname":"localhost.localdomain","msg":"Executed insert: INSERT INTO DEVICE_TYPE_CLUSTER (DEVICE_TYPE_REF, CLUSTER_NAME, INCLUDE_CLIENT, INCLUDE_SERVER, LOCK_CLIENT, LOCK_SERVER) VALUES (?,?,?,?,?,?): 44,Payment,false,true,true,true => rowid: 245","v":1}
{"level":30,"time":1589725317945,"pid":31073,"hostname":"localhost.localdomain","msg":"Preparing statement: INSERT INTO DEVICE_TYPE_ATTRIBUTE (DEVICE_TYPE_CLUSTER_REF, ATTRIBUTE_NAME) VALUES (?, ?) to insert 0 records.","v":1}
{"level":30,"time":1589725317945,"pid":31073,"hostname":"localhost.localdomain","msg":"Preparing statement: INSERT INTO DEVICE_TYPE_COMMAND (DEVICE_TYPE_CLUSTER_REF, COMMAND_NAME) VALUES (?, ?) to insert 0 records.","v":1}
{"level":30,"time":1589725317945,"pid":31073,"hostname":"localhost.localdomain","msg":"Executed insert: INSERT INTO DEVICE_TYPE_CLUSTER (DEVICE_TYPE_REF, CLUSTER_NAME, INCLUDE_CLIENT, INCLUDE_SERVER, LOCK_CLIENT, LOCK_SERVER) VALUES (?,?,?,?,?,?): 49,Basic,false,true,true,true => rowid: 246","v":1}
{"level":30,"time":1589725317945,"pid":31073,"hostname":"localhost.localdomain","msg":"Executed insert: INSERT INTO DEVICE_TYPE_CLUSTER (DEVICE_TYPE_REF, CLUSTER_NAME, INCLUDE_CLIENT, INCLUDE_SERVER, LOCK_CLIENT, LOCK_SERVER) VALUES (?,?,?,?,?,?): 49,Groups,false,false,true,false => rowid: 247","v":1}
{"level":30,"time":1589725317945,"pid":31073,"hostname":"localhost.localdomain","msg":"Executed insert: INSERT INTO DEVICE_TYPE_CLUSTER (DEVICE_TYPE_REF, CLUSTER_NAME, INCLUDE_CLIENT, INCLUDE_SERVER, LOCK_CLIENT, LOCK_SERVER) VALUES (?,?,?,?,?,?): 49,Commissioning,false,false,true,false => rowid: 248","v":1}
{"level":30,"time":1589725317945,"pid":31073,"hostname":"localhost.localdomain","msg":"Executed insert: INSERT INTO DEVICE_TYPE_CLUSTER (DEVICE_TYPE_REF, CLUSTER_NAME, INCLUDE_CLIENT, INCLUDE_SERVER, LOCK_CLIENT, LOCK_SERVER) VALUES (?,?,?,?,?,?): 49,Identify,false,false,true,false => rowid: 249","v":1}
{"level":30,"time":1589725317945,"pid":31073,"hostname":"localhost.localdomain","msg":"Executed insert: INSERT INTO DEVICE_TYPE_CLUSTER (DEVICE_TYPE_REF, CLUSTER_NAME, INCLUDE_CLIENT, INCLUDE_SERVER, LOCK_CLIENT, LOCK_SERVER) VALUES (?,?,?,?,?,?): 49,Information,false,true,true,true => rowid: 250","v":1}
{"level":30,"time":1589725317945,"pid":31073,"hostname":"localhost.localdomain","msg":"Executed insert: INSERT INTO DEVICE_TYPE_CLUSTER (DEVICE_TYPE_REF, CLUSTER_NAME, INCLUDE_CLIENT, INCLUDE_SERVER, LOCK_CLIENT, LOCK_SERVER) VALUES (?,?,?,?,?,?): 49,Payment,false,true,true,true => rowid: 251","v":1}
{"level":30,"time":1589725317945,"pid":31073,"hostname":"localhost.localdomain","msg":"Preparing statement: INSERT INTO DEVICE_TYPE_ATTRIBUTE (DEVICE_TYPE_CLUSTER_REF, ATTRIBUTE_NAME) VALUES (?, ?) to insert 0 records.","v":1}
{"level":30,"time":1589725317945,"pid":31073,"hostname":"localhost.localdomain","msg":"Preparing statement: INSERT INTO DEVICE_TYPE_COMMAND (DEVICE_TYPE_CLUSTER_REF, COMMAND_NAME) VALUES (?, ?) to insert 0 records.","v":1}
{"level":30,"time":1589725317945,"pid":31073,"hostname":"localhost.localdomain","msg":"Executed insert: INSERT INTO DEVICE_TYPE_CLUSTER (DEVICE_TYPE_REF, CLUSTER_NAME, INCLUDE_CLIENT, INCLUDE_SERVER, LOCK_CLIENT, LOCK_SERVER) VALUES (?,?,?,?,?,?): 54,Basic,false,true,true,true => rowid: 252","v":1}
{"level":30,"time":1589725317946,"pid":31073,"hostname":"localhost.localdomain","msg":"Executed insert: INSERT INTO DEVICE_TYPE_CLUSTER (DEVICE_TYPE_REF, CLUSTER_NAME, INCLUDE_CLIENT, INCLUDE_SERVER, LOCK_CLIENT, LOCK_SERVER) VALUES (?,?,?,?,?,?): 54,Groups,false,false,true,false => rowid: 253","v":1}
{"level":30,"time":1589725317946,"pid":31073,"hostname":"localhost.localdomain","msg":"Executed insert: INSERT INTO DEVICE_TYPE_CLUSTER (DEVICE_TYPE_REF, CLUSTER_NAME, INCLUDE_CLIENT, INCLUDE_SERVER, LOCK_CLIENT, LOCK_SERVER) VALUES (?,?,?,?,?,?): 54,Commissioning,false,false,true,false => rowid: 254","v":1}
{"level":30,"time":1589725317946,"pid":31073,"hostname":"localhost.localdomain","msg":"Executed insert: INSERT INTO DEVICE_TYPE_CLUSTER (DEVICE_TYPE_REF, CLUSTER_NAME, INCLUDE_CLIENT, INCLUDE_SERVER, LOCK_CLIENT, LOCK_SERVER) VALUES (?,?,?,?,?,?): 54,Identify,false,false,true,false => rowid: 255","v":1}
{"level":30,"time":1589725317946,"pid":31073,"hostname":"localhost.localdomain","msg":"Executed insert: INSERT INTO DEVICE_TYPE_CLUSTER (DEVICE_TYPE_REF, CLUSTER_NAME, INCLUDE_CLIENT, INCLUDE_SERVER, LOCK_CLIENT, LOCK_SERVER) VALUES (?,?,?,?,?,?): 54,Information,true,true,true,true => rowid: 256","v":1}
{"level":30,"time":1589725317946,"pid":31073,"hostname":"localhost.localdomain","msg":"Executed insert: INSERT INTO DEVICE_TYPE_CLUSTER (DEVICE_TYPE_REF, CLUSTER_NAME, INCLUDE_CLIENT, INCLUDE_SERVER, LOCK_CLIENT, LOCK_SERVER) VALUES (?,?,?,?,?,?): 54,Payment,false,false,false,false => rowid: 257","v":1}
{"level":30,"time":1589725317946,"pid":31073,"hostname":"localhost.localdomain","msg":"Preparing statement: INSERT INTO DEVICE_TYPE_ATTRIBUTE (DEVICE_TYPE_CLUSTER_REF, ATTRIBUTE_NAME) VALUES (?, ?) to insert 0 records.","v":1}
{"level":30,"time":1589725317946,"pid":31073,"hostname":"localhost.localdomain","msg":"Preparing statement: INSERT INTO DEVICE_TYPE_COMMAND (DEVICE_TYPE_CLUSTER_REF, COMMAND_NAME) VALUES (?, ?) to insert 0 records.","v":1}
{"level":30,"time":1589725317946,"pid":31073,"hostname":"localhost.localdomain","msg":"Executed insert: INSERT INTO DEVICE_TYPE_CLUSTER (DEVICE_TYPE_REF, CLUSTER_NAME, INCLUDE_CLIENT, INCLUDE_SERVER, LOCK_CLIENT, LOCK_SERVER) VALUES (?,?,?,?,?,?): 59,Basic,false,true,true,true => rowid: 258","v":1}
{"level":30,"time":1589725317946,"pid":31073,"hostname":"localhost.localdomain","msg":"Executed insert: INSERT INTO DEVICE_TYPE_CLUSTER (DEVICE_TYPE_REF, CLUSTER_NAME, INCLUDE_CLIENT, INCLUDE_SERVER, LOCK_CLIENT, LOCK_SERVER) VALUES (?,?,?,?,?,?): 59,Groups,false,false,true,false => rowid: 259","v":1}
{"level":30,"time":1589725317946,"pid":31073,"hostname":"localhost.localdomain","msg":"Executed insert: INSERT INTO DEVICE_TYPE_CLUSTER (DEVICE_TYPE_REF, CLUSTER_NAME, INCLUDE_CLIENT, INCLUDE_SERVER, LOCK_CLIENT, LOCK_SERVER) VALUES (?,?,?,?,?,?): 59,Commissioning,false,false,true,false => rowid: 260","v":1}
{"level":30,"time":1589725317946,"pid":31073,"hostname":"localhost.localdomain","msg":"Executed insert: INSERT INTO DEVICE_TYPE_CLUSTER (DEVICE_TYPE_REF, CLUSTER_NAME, INCLUDE_CLIENT, INCLUDE_SERVER, LOCK_CLIENT, LOCK_SERVER) VALUES (?,?,?,?,?,?): 59,Identify,false,false,true,false => rowid: 261","v":1}
{"level":30,"time":1589725317946,"pid":31073,"hostname":"localhost.localdomain","msg":"Executed insert: INSERT INTO DEVICE_TYPE_CLUSTER (DEVICE_TYPE_REF, CLUSTER_NAME, INCLUDE_CLIENT, INCLUDE_SERVER, LOCK_CLIENT, LOCK_SERVER) VALUES (?,?,?,?,?,?): 59,Information,true,true,true,true => rowid: 262","v":1}
{"level":30,"time":1589725317946,"pid":31073,"hostname":"localhost.localdomain","msg":"Executed insert: INSERT INTO DEVICE_TYPE_CLUSTER (DEVICE_TYPE_REF, CLUSTER_NAME, INCLUDE_CLIENT, INCLUDE_SERVER, LOCK_CLIENT, LOCK_SERVER) VALUES (?,?,?,?,?,?): 59,Billing,true,true,true,true => rowid: 263","v":1}
{"level":30,"time":1589725317946,"pid":31073,"hostname":"localhost.localdomain","msg":"Preparing statement: INSERT INTO DEVICE_TYPE_ATTRIBUTE (DEVICE_TYPE_CLUSTER_REF, ATTRIBUTE_NAME) VALUES (?, ?) to insert 0 records.","v":1}
{"level":30,"time":1589725317946,"pid":31073,"hostname":"localhost.localdomain","msg":"Preparing statement: INSERT INTO DEVICE_TYPE_COMMAND (DEVICE_TYPE_CLUSTER_REF, COMMAND_NAME) VALUES (?, ?) to insert 0 records.","v":1}
{"level":30,"time":1589725317947,"pid":31073,"hostname":"localhost.localdomain","msg":"Executed insert: INSERT INTO DEVICE_TYPE_CLUSTER (DEVICE_TYPE_REF, CLUSTER_NAME, INCLUDE_CLIENT, INCLUDE_SERVER, LOCK_CLIENT, LOCK_SERVER) VALUES (?,?,?,?,?,?): 64,Basic,false,true,true,true => rowid: 264","v":1}
{"level":30,"time":1589725317947,"pid":31073,"hostname":"localhost.localdomain","msg":"Executed insert: INSERT INTO DEVICE_TYPE_CLUSTER (DEVICE_TYPE_REF, CLUSTER_NAME, INCLUDE_CLIENT, INCLUDE_SERVER, LOCK_CLIENT, LOCK_SERVER) VALUES (?,?,?,?,?,?): 64,Groups,false,false,true,false => rowid: 265","v":1}
{"level":30,"time":1589725317947,"pid":31073,"hostname":"localhost.localdomain","msg":"Executed insert: INSERT INTO DEVICE_TYPE_CLUSTER (DEVICE_TYPE_REF, CLUSTER_NAME, INCLUDE_CLIENT, INCLUDE_SERVER, LOCK_CLIENT, LOCK_SERVER) VALUES (?,?,?,?,?,?): 64,Commissioning,false,false,true,false => rowid: 266","v":1}
{"level":30,"time":1589725317947,"pid":31073,"hostname":"localhost.localdomain","msg":"Executed insert: INSERT INTO DEVICE_TYPE_CLUSTER (DEVICE_TYPE_REF, CLUSTER_NAME, INCLUDE_CLIENT, INCLUDE_SERVER, LOCK_CLIENT, LOCK_SERVER) VALUES (?,?,?,?,?,?): 64,Identify,false,false,true,false => rowid: 267","v":1}
{"level":30,"time":1589725317947,"pid":31073,"hostname":"localhost.localdomain","msg":"Executed insert: INSERT INTO DEVICE_TYPE_CLUSTER (DEVICE_TYPE_REF, CLUSTER_NAME, INCLUDE_CLIENT, INCLUDE_SERVER, LOCK_CLIENT, LOCK_SERVER) VALUES (?,?,?,?,?,?): 64,Information,true,true,true,true => rowid: 268","v":1}
{"level":30,"time":1589725317947,"pid":31073,"hostname":"localhost.localdomain","msg":"Executed insert: INSERT INTO DEVICE_TYPE_CLUSTER (DEVICE_TYPE_REF, CLUSTER_NAME, INCLUDE_CLIENT, INCLUDE_SERVER, LOCK_CLIENT, LOCK_SERVER) VALUES (?,?,?,?,?,?): 64,Billing,true,true,true,true => rowid: 269","v":1}
{"level":30,"time":1589725317947,"pid":31073,"hostname":"localhost.localdomain","msg":"Preparing statement: INSERT INTO DEVICE_TYPE_ATTRIBUTE (DEVICE_TYPE_CLUSTER_REF, ATTRIBUTE_NAME) VALUES (?, ?) to insert 0 records.","v":1}
{"level":30,"time":1589725317947,"pid":31073,"hostname":"localhost.localdomain","msg":"Preparing statement: INSERT INTO DEVICE_TYPE_COMMAND (DEVICE_TYPE_CLUSTER_REF, COMMAND_NAME) VALUES (?, ?) to insert 0 records.","v":1}
{"level":30,"time":1589725317947,"pid":31073,"hostname":"localhost.localdomain","msg":"Executed insert: INSERT INTO DEVICE_TYPE_CLUSTER (DEVICE_TYPE_REF, CLUSTER_NAME, INCLUDE_CLIENT, INCLUDE_SERVER, LOCK_CLIENT, LOCK_SERVER) VALUES (?,?,?,?,?,?): 69,Basic,false,true,true,true => rowid: 270","v":1}
{"level":30,"time":1589725317947,"pid":31073,"hostname":"localhost.localdomain","msg":"Executed insert: INSERT INTO DEVICE_TYPE_CLUSTER (DEVICE_TYPE_REF, CLUSTER_NAME, INCLUDE_CLIENT, INCLUDE_SERVER, LOCK_CLIENT, LOCK_SERVER) VALUES (?,?,?,?,?,?): 69,Groups,false,false,true,false => rowid: 271","v":1}
{"level":30,"time":1589725317947,"pid":31073,"hostname":"localhost.localdomain","msg":"Executed insert: INSERT INTO DEVICE_TYPE_CLUSTER (DEVICE_TYPE_REF, CLUSTER_NAME, INCLUDE_CLIENT, INCLUDE_SERVER, LOCK_CLIENT, LOCK_SERVER) VALUES (?,?,?,?,?,?): 69,Commissioning,false,false,true,false => rowid: 272","v":1}
{"level":30,"time":1589725317947,"pid":31073,"hostname":"localhost.localdomain","msg":"Executed insert: INSERT INTO DEVICE_TYPE_CLUSTER (DEVICE_TYPE_REF, CLUSTER_NAME, INCLUDE_CLIENT, INCLUDE_SERVER, LOCK_CLIENT, LOCK_SERVER) VALUES (?,?,?,?,?,?): 69,Identify,false,false,true,false => rowid: 273","v":1}
{"level":30,"time":1589725317947,"pid":31073,"hostname":"localhost.localdomain","msg":"Executed insert: INSERT INTO DEVICE_TYPE_CLUSTER (DEVICE_TYPE_REF, CLUSTER_NAME, INCLUDE_CLIENT, INCLUDE_SERVER, LOCK_CLIENT, LOCK_SERVER) VALUES (?,?,?,?,?,?): 69,On/Off,false,true,true,true => rowid: 274","v":1}
{"level":30,"time":1589725317947,"pid":31073,"hostname":"localhost.localdomain","msg":"Executed insert: INSERT INTO DEVICE_TYPE_CLUSTER (DEVICE_TYPE_REF, CLUSTER_NAME, INCLUDE_CLIENT, INCLUDE_SERVER, LOCK_CLIENT, LOCK_SERVER) VALUES (?,?,?,?,?,?): 69,Data Sharing,false,false,false,false => rowid: 275","v":1}
{"level":30,"time":1589725317947,"pid":31073,"hostname":"localhost.localdomain","msg":"Executed insert: INSERT INTO DEVICE_TYPE_CLUSTER (DEVICE_TYPE_REF, CLUSTER_NAME, INCLUDE_CLIENT, INCLUDE_SERVER, LOCK_CLIENT, LOCK_SERVER) VALUES (?,?,?,?,?,?): 69,Data Rate Control,false,false,false,false => rowid: 276","v":1}
{"level":30,"time":1589725317948,"pid":31073,"hostname":"localhost.localdomain","msg":"Executed insert: INSERT INTO DEVICE_TYPE_CLUSTER (DEVICE_TYPE_REF, CLUSTER_NAME, INCLUDE_CLIENT, INCLUDE_SERVER, LOCK_CLIENT, LOCK_SERVER) VALUES (?,?,?,?,?,?): 69,Information,false,false,true,false => rowid: 277","v":1}
{"level":30,"time":1589725317948,"pid":31073,"hostname":"localhost.localdomain","msg":"Executed insert: INSERT INTO DEVICE_TYPE_CLUSTER (DEVICE_TYPE_REF, CLUSTER_NAME, INCLUDE_CLIENT, INCLUDE_SERVER, LOCK_CLIENT, LOCK_SERVER) VALUES (?,?,?,?,?,?): 69,Partition,false,false,false,false => rowid: 278","v":1}
{"level":30,"time":1589725317948,"pid":31073,"hostname":"localhost.localdomain","msg":"Preparing statement: INSERT INTO DEVICE_TYPE_ATTRIBUTE (DEVICE_TYPE_CLUSTER_REF, ATTRIBUTE_NAME) VALUES (?, ?) to insert 0 records.","v":1}
{"level":30,"time":1589725317948,"pid":31073,"hostname":"localhost.localdomain","msg":"Preparing statement: INSERT INTO DEVICE_TYPE_COMMAND (DEVICE_TYPE_CLUSTER_REF, COMMAND_NAME) VALUES (?, ?) to insert 0 records.","v":1}
{"level":30,"time":1589725317948,"pid":31073,"hostname":"localhost.localdomain","msg":"Executed insert: INSERT INTO DEVICE_TYPE_CLUSTER (DEVICE_TYPE_REF, CLUSTER_NAME, INCLUDE_CLIENT, INCLUDE_SERVER, LOCK_CLIENT, LOCK_SERVER) VALUES (?,?,?,?,?,?): 74,Basic,false,true,true,true => rowid: 279","v":1}
{"level":30,"time":1589725317948,"pid":31073,"hostname":"localhost.localdomain","msg":"Executed insert: INSERT INTO DEVICE_TYPE_CLUSTER (DEVICE_TYPE_REF, CLUSTER_NAME, INCLUDE_CLIENT, INCLUDE_SERVER, LOCK_CLIENT, LOCK_SERVER) VALUES (?,?,?,?,?,?): 74,Groups,false,false,true,false => rowid: 280","v":1}
{"level":30,"time":1589725317948,"pid":31073,"hostname":"localhost.localdomain","msg":"Executed insert: INSERT INTO DEVICE_TYPE_CLUSTER (DEVICE_TYPE_REF, CLUSTER_NAME, INCLUDE_CLIENT, INCLUDE_SERVER, LOCK_CLIENT, LOCK_SERVER) VALUES (?,?,?,?,?,?): 74,Commissioning,false,false,true,false => rowid: 281","v":1}
{"level":30,"time":1589725317948,"pid":31073,"hostname":"localhost.localdomain","msg":"Executed insert: INSERT INTO DEVICE_TYPE_CLUSTER (DEVICE_TYPE_REF, CLUSTER_NAME, INCLUDE_CLIENT, INCLUDE_SERVER, LOCK_CLIENT, LOCK_SERVER) VALUES (?,?,?,?,?,?): 74,Identify,false,false,true,false => rowid: 282","v":1}
{"level":30,"time":1589725317948,"pid":31073,"hostname":"localhost.localdomain","msg":"Executed insert: INSERT INTO DEVICE_TYPE_CLUSTER (DEVICE_TYPE_REF, CLUSTER_NAME, INCLUDE_CLIENT, INCLUDE_SERVER, LOCK_CLIENT, LOCK_SERVER) VALUES (?,?,?,?,?,?): 74,ISO 7816 Protocol Tunnel,false,true,true,true => rowid: 283","v":1}
{"level":30,"time":1589725317948,"pid":31073,"hostname":"localhost.localdomain","msg":"Preparing statement: INSERT INTO DEVICE_TYPE_ATTRIBUTE (DEVICE_TYPE_CLUSTER_REF, ATTRIBUTE_NAME) VALUES (?, ?) to insert 0 records.","v":1}
{"level":30,"time":1589725317948,"pid":31073,"hostname":"localhost.localdomain","msg":"Preparing statement: INSERT INTO DEVICE_TYPE_COMMAND (DEVICE_TYPE_CLUSTER_REF, COMMAND_NAME) VALUES (?, ?) to insert 0 records.","v":1}
{"level":30,"time":1589725317948,"pid":31073,"hostname":"localhost.localdomain","msg":"Executed insert: INSERT INTO DEVICE_TYPE_CLUSTER (DEVICE_TYPE_REF, CLUSTER_NAME, INCLUDE_CLIENT, INCLUDE_SERVER, LOCK_CLIENT, LOCK_SERVER) VALUES (?,?,?,?,?,?): 78,Basic,false,true,true,true => rowid: 284","v":1}
{"level":30,"time":1589725317948,"pid":31073,"hostname":"localhost.localdomain","msg":"Executed insert: INSERT INTO DEVICE_TYPE_CLUSTER (DEVICE_TYPE_REF, CLUSTER_NAME, INCLUDE_CLIENT, INCLUDE_SERVER, LOCK_CLIENT, LOCK_SERVER) VALUES (?,?,?,?,?,?): 78,Groups,false,false,true,false => rowid: 285","v":1}
{"level":30,"time":1589725317948,"pid":31073,"hostname":"localhost.localdomain","msg":"Executed insert: INSERT INTO DEVICE_TYPE_CLUSTER (DEVICE_TYPE_REF, CLUSTER_NAME, INCLUDE_CLIENT, INCLUDE_SERVER, LOCK_CLIENT, LOCK_SERVER) VALUES (?,?,?,?,?,?): 78,Commissioning,false,false,true,false => rowid: 286","v":1}
{"level":30,"time":1589725317949,"pid":31073,"hostname":"localhost.localdomain","msg":"Executed insert: INSERT INTO DEVICE_TYPE_CLUSTER (DEVICE_TYPE_REF, CLUSTER_NAME, INCLUDE_CLIENT, INCLUDE_SERVER, LOCK_CLIENT, LOCK_SERVER) VALUES (?,?,?,?,?,?): 78,Identify,false,false,true,false => rowid: 287","v":1}
{"level":30,"time":1589725317949,"pid":31073,"hostname":"localhost.localdomain","msg":"Executed insert: INSERT INTO DEVICE_TYPE_CLUSTER (DEVICE_TYPE_REF, CLUSTER_NAME, INCLUDE_CLIENT, INCLUDE_SERVER, LOCK_CLIENT, LOCK_SERVER) VALUES (?,?,?,?,?,?): 78,Voice over ZigBee,true,true,true,true => rowid: 288","v":1}
{"level":30,"time":1589725317949,"pid":31073,"hostname":"localhost.localdomain","msg":"Preparing statement: INSERT INTO DEVICE_TYPE_ATTRIBUTE (DEVICE_TYPE_CLUSTER_REF, ATTRIBUTE_NAME) VALUES (?, ?) to insert 0 records.","v":1}
{"level":30,"time":1589725317949,"pid":31073,"hostname":"localhost.localdomain","msg":"Preparing statement: INSERT INTO DEVICE_TYPE_COMMAND (DEVICE_TYPE_CLUSTER_REF, COMMAND_NAME) VALUES (?, ?) to insert 0 records.","v":1}
{"level":30,"time":1589725317949,"pid":31073,"hostname":"localhost.localdomain","msg":"Executed insert: INSERT INTO DEVICE_TYPE_CLUSTER (DEVICE_TYPE_REF, CLUSTER_NAME, INCLUDE_CLIENT, INCLUDE_SERVER, LOCK_CLIENT, LOCK_SERVER) VALUES (?,?,?,?,?,?): 83,Basic,false,true,true,true => rowid: 289","v":1}
{"level":30,"time":1589725317949,"pid":31073,"hostname":"localhost.localdomain","msg":"Executed insert: INSERT INTO DEVICE_TYPE_CLUSTER (DEVICE_TYPE_REF, CLUSTER_NAME, INCLUDE_CLIENT, INCLUDE_SERVER, LOCK_CLIENT, LOCK_SERVER) VALUES (?,?,?,?,?,?): 83,Groups,false,false,true,false => rowid: 290","v":1}
{"level":30,"time":1589725317949,"pid":31073,"hostname":"localhost.localdomain","msg":"Executed insert: INSERT INTO DEVICE_TYPE_CLUSTER (DEVICE_TYPE_REF, CLUSTER_NAME, INCLUDE_CLIENT, INCLUDE_SERVER, LOCK_CLIENT, LOCK_SERVER) VALUES (?,?,?,?,?,?): 83,Commissioning,false,false,true,false => rowid: 291","v":1}
{"level":30,"time":1589725317949,"pid":31073,"hostname":"localhost.localdomain","msg":"Executed insert: INSERT INTO DEVICE_TYPE_CLUSTER (DEVICE_TYPE_REF, CLUSTER_NAME, INCLUDE_CLIENT, INCLUDE_SERVER, LOCK_CLIENT, LOCK_SERVER) VALUES (?,?,?,?,?,?): 83,Identify,false,false,true,false => rowid: 292","v":1}
{"level":30,"time":1589725317949,"pid":31073,"hostname":"localhost.localdomain","msg":"Executed insert: INSERT INTO DEVICE_TYPE_CLUSTER (DEVICE_TYPE_REF, CLUSTER_NAME, INCLUDE_CLIENT, INCLUDE_SERVER, LOCK_CLIENT, LOCK_SERVER) VALUES (?,?,?,?,?,?): 83,Voice over ZigBee,true,false,true,true => rowid: 293","v":1}
{"level":30,"time":1589725317949,"pid":31073,"hostname":"localhost.localdomain","msg":"Preparing statement: INSERT INTO DEVICE_TYPE_ATTRIBUTE (DEVICE_TYPE_CLUSTER_REF, ATTRIBUTE_NAME) VALUES (?, ?) to insert 0 records.","v":1}
{"level":30,"time":1589725317949,"pid":31073,"hostname":"localhost.localdomain","msg":"Preparing statement: INSERT INTO DEVICE_TYPE_COMMAND (DEVICE_TYPE_CLUSTER_REF, COMMAND_NAME) VALUES (?, ?) to insert 0 records.","v":1}
{"level":30,"time":1589725317949,"pid":31073,"hostname":"localhost.localdomain","msg":"Executed insert: INSERT INTO DEVICE_TYPE_CLUSTER (DEVICE_TYPE_REF, CLUSTER_NAME, INCLUDE_CLIENT, INCLUDE_SERVER, LOCK_CLIENT, LOCK_SERVER) VALUES (?,?,?,?,?,?): 88,Basic,false,true,true,true => rowid: 294","v":1}
{"level":30,"time":1589725317949,"pid":31073,"hostname":"localhost.localdomain","msg":"Executed insert: INSERT INTO DEVICE_TYPE_CLUSTER (DEVICE_TYPE_REF, CLUSTER_NAME, INCLUDE_CLIENT, INCLUDE_SERVER, LOCK_CLIENT, LOCK_SERVER) VALUES (?,?,?,?,?,?): 88,Groups,false,false,true,false => rowid: 295","v":1}
{"level":30,"time":1589725317949,"pid":31073,"hostname":"localhost.localdomain","msg":"Executed insert: INSERT INTO DEVICE_TYPE_CLUSTER (DEVICE_TYPE_REF, CLUSTER_NAME, INCLUDE_CLIENT, INCLUDE_SERVER, LOCK_CLIENT, LOCK_SERVER) VALUES (?,?,?,?,?,?): 88,Commissioning,false,false,true,false => rowid: 296","v":1}
{"level":30,"time":1589725317950,"pid":31073,"hostname":"localhost.localdomain","msg":"Executed insert: INSERT INTO DEVICE_TYPE_CLUSTER (DEVICE_TYPE_REF, CLUSTER_NAME, INCLUDE_CLIENT, INCLUDE_SERVER, LOCK_CLIENT, LOCK_SERVER) VALUES (?,?,?,?,?,?): 88,Identify,false,false,true,false => rowid: 297","v":1}
{"level":30,"time":1589725317950,"pid":31073,"hostname":"localhost.localdomain","msg":"Executed insert: INSERT INTO DEVICE_TYPE_CLUSTER (DEVICE_TYPE_REF, CLUSTER_NAME, INCLUDE_CLIENT, INCLUDE_SERVER, LOCK_CLIENT, LOCK_SERVER) VALUES (?,?,?,?,?,?): 88,Voice over ZigBee,false,true,true,true => rowid: 298","v":1}
{"level":30,"time":1589725317950,"pid":31073,"hostname":"localhost.localdomain","msg":"Preparing statement: INSERT INTO DEVICE_TYPE_ATTRIBUTE (DEVICE_TYPE_CLUSTER_REF, ATTRIBUTE_NAME) VALUES (?, ?) to insert 0 records.","v":1}
{"level":30,"time":1589725317951,"pid":31073,"hostname":"localhost.localdomain","msg":"Preparing statement: INSERT INTO DEVICE_TYPE_COMMAND (DEVICE_TYPE_CLUSTER_REF, COMMAND_NAME) VALUES (?, ?) to insert 0 records.","v":1}
{"level":30,"time":1589725317951,"pid":31073,"hostname":"localhost.localdomain","msg":"Executed insert: INSERT INTO DEVICE_TYPE_CLUSTER (DEVICE_TYPE_REF, CLUSTER_NAME, INCLUDE_CLIENT, INCLUDE_SERVER, LOCK_CLIENT, LOCK_SERVER) VALUES (?,?,?,?,?,?): 92,Basic,false,true,true,true => rowid: 299","v":1}
{"level":30,"time":1589725317951,"pid":31073,"hostname":"localhost.localdomain","msg":"Executed insert: INSERT INTO DEVICE_TYPE_CLUSTER (DEVICE_TYPE_REF, CLUSTER_NAME, INCLUDE_CLIENT, INCLUDE_SERVER, LOCK_CLIENT, LOCK_SERVER) VALUES (?,?,?,?,?,?): 92,Groups,false,false,true,false => rowid: 300","v":1}
{"level":30,"time":1589725317951,"pid":31073,"hostname":"localhost.localdomain","msg":"Executed insert: INSERT INTO DEVICE_TYPE_CLUSTER (DEVICE_TYPE_REF, CLUSTER_NAME, INCLUDE_CLIENT, INCLUDE_SERVER, LOCK_CLIENT, LOCK_SERVER) VALUES (?,?,?,?,?,?): 92,Commissioning,false,false,true,false => rowid: 301","v":1}
{"level":30,"time":1589725317951,"pid":31073,"hostname":"localhost.localdomain","msg":"Executed insert: INSERT INTO DEVICE_TYPE_CLUSTER (DEVICE_TYPE_REF, CLUSTER_NAME, INCLUDE_CLIENT, INCLUDE_SERVER, LOCK_CLIENT, LOCK_SERVER) VALUES (?,?,?,?,?,?): 92,Identify,false,false,true,false => rowid: 302","v":1}
{"level":30,"time":1589725317951,"pid":31073,"hostname":"localhost.localdomain","msg":"Executed insert: INSERT INTO DEVICE_TYPE_CLUSTER (DEVICE_TYPE_REF, CLUSTER_NAME, INCLUDE_CLIENT, INCLUDE_SERVER, LOCK_CLIENT, LOCK_SERVER) VALUES (?,?,?,?,?,?): 92,RSSI Location,true,false,true,true => rowid: 303","v":1}
{"level":30,"time":1589725317951,"pid":31073,"hostname":"localhost.localdomain","msg":"Preparing statement: INSERT INTO DEVICE_TYPE_ATTRIBUTE (DEVICE_TYPE_CLUSTER_REF, ATTRIBUTE_NAME) VALUES (?, ?) to insert 0 records.","v":1}
{"level":30,"time":1589725317951,"pid":31073,"hostname":"localhost.localdomain","msg":"Preparing statement: INSERT INTO DEVICE_TYPE_COMMAND (DEVICE_TYPE_CLUSTER_REF, COMMAND_NAME) VALUES (?, ?) to insert 0 records.","v":1}
{"level":30,"time":1589725317951,"pid":31073,"hostname":"localhost.localdomain","msg":"Executed insert: INSERT INTO DEVICE_TYPE_CLUSTER (DEVICE_TYPE_REF, CLUSTER_NAME, INCLUDE_CLIENT, INCLUDE_SERVER, LOCK_CLIENT, LOCK_SERVER) VALUES (?,?,?,?,?,?): 96,Basic,false,true,true,true => rowid: 304","v":1}
{"level":30,"time":1589725317951,"pid":31073,"hostname":"localhost.localdomain","msg":"Executed insert: INSERT INTO DEVICE_TYPE_CLUSTER (DEVICE_TYPE_REF, CLUSTER_NAME, INCLUDE_CLIENT, INCLUDE_SERVER, LOCK_CLIENT, LOCK_SERVER) VALUES (?,?,?,?,?,?): 96,Groups,false,false,true,false => rowid: 305","v":1}
{"level":30,"time":1589725317951,"pid":31073,"hostname":"localhost.localdomain","msg":"Executed insert: INSERT INTO DEVICE_TYPE_CLUSTER (DEVICE_TYPE_REF, CLUSTER_NAME, INCLUDE_CLIENT, INCLUDE_SERVER, LOCK_CLIENT, LOCK_SERVER) VALUES (?,?,?,?,?,?): 96,Commissioning,false,false,true,false => rowid: 306","v":1}
{"level":30,"time":1589725317952,"pid":31073,"hostname":"localhost.localdomain","msg":"Executed insert: INSERT INTO DEVICE_TYPE_CLUSTER (DEVICE_TYPE_REF, CLUSTER_NAME, INCLUDE_CLIENT, INCLUDE_SERVER, LOCK_CLIENT, LOCK_SERVER) VALUES (?,?,?,?,?,?): 96,Identify,false,false,true,false => rowid: 307","v":1}
{"level":30,"time":1589725317952,"pid":31073,"hostname":"localhost.localdomain","msg":"Executed insert: INSERT INTO DEVICE_TYPE_CLUSTER (DEVICE_TYPE_REF, CLUSTER_NAME, INCLUDE_CLIENT, INCLUDE_SERVER, LOCK_CLIENT, LOCK_SERVER) VALUES (?,?,?,?,?,?): 96,RSSI Location,false,true,true,true => rowid: 308","v":1}
{"level":30,"time":1589725317952,"pid":31073,"hostname":"localhost.localdomain","msg":"Preparing statement: INSERT INTO DEVICE_TYPE_ATTRIBUTE (DEVICE_TYPE_CLUSTER_REF, ATTRIBUTE_NAME) VALUES (?, ?) to insert 0 records.","v":1}
{"level":30,"time":1589725317952,"pid":31073,"hostname":"localhost.localdomain","msg":"Preparing statement: INSERT INTO DEVICE_TYPE_COMMAND (DEVICE_TYPE_CLUSTER_REF, COMMAND_NAME) VALUES (?, ?) to insert 0 records.","v":1}
{"level":30,"time":1589725317952,"pid":31073,"hostname":"localhost.localdomain","msg":"Executed insert: INSERT INTO DEVICE_TYPE_CLUSTER (DEVICE_TYPE_REF, CLUSTER_NAME, INCLUDE_CLIENT, INCLUDE_SERVER, LOCK_CLIENT, LOCK_SERVER) VALUES (?,?,?,?,?,?): 100,Basic,false,true,true,true => rowid: 309","v":1}
{"level":30,"time":1589725317952,"pid":31073,"hostname":"localhost.localdomain","msg":"Executed insert: INSERT INTO DEVICE_TYPE_CLUSTER (DEVICE_TYPE_REF, CLUSTER_NAME, INCLUDE_CLIENT, INCLUDE_SERVER, LOCK_CLIENT, LOCK_SERVER) VALUES (?,?,?,?,?,?): 100,Groups,false,false,true,false => rowid: 310","v":1}
{"level":30,"time":1589725317952,"pid":31073,"hostname":"localhost.localdomain","msg":"Executed insert: INSERT INTO DEVICE_TYPE_CLUSTER (DEVICE_TYPE_REF, CLUSTER_NAME, INCLUDE_CLIENT, INCLUDE_SERVER, LOCK_CLIENT, LOCK_SERVER) VALUES (?,?,?,?,?,?): 100,Commissioning,false,false,true,false => rowid: 311","v":1}
{"level":30,"time":1589725317952,"pid":31073,"hostname":"localhost.localdomain","msg":"Executed insert: INSERT INTO DEVICE_TYPE_CLUSTER (DEVICE_TYPE_REF, CLUSTER_NAME, INCLUDE_CLIENT, INCLUDE_SERVER, LOCK_CLIENT, LOCK_SERVER) VALUES (?,?,?,?,?,?): 100,Identify,false,false,true,false => rowid: 312","v":1}
{"level":30,"time":1589725317952,"pid":31073,"hostname":"localhost.localdomain","msg":"Executed insert: INSERT INTO DEVICE_TYPE_CLUSTER (DEVICE_TYPE_REF, CLUSTER_NAME, INCLUDE_CLIENT, INCLUDE_SERVER, LOCK_CLIENT, LOCK_SERVER) VALUES (?,?,?,?,?,?): 100,RSSI Location,true,false,true,true => rowid: 313","v":1}
{"level":30,"time":1589725317952,"pid":31073,"hostname":"localhost.localdomain","msg":"Preparing statement: INSERT INTO DEVICE_TYPE_ATTRIBUTE (DEVICE_TYPE_CLUSTER_REF, ATTRIBUTE_NAME) VALUES (?, ?) to insert 0 records.","v":1}
{"level":30,"time":1589725317952,"pid":31073,"hostname":"localhost.localdomain","msg":"Preparing statement: INSERT INTO DEVICE_TYPE_COMMAND (DEVICE_TYPE_CLUSTER_REF, COMMAND_NAME) VALUES (?, ?) to insert 0 records.","v":1}
{"level":30,"time":1589725317952,"pid":31073,"hostname":"localhost.localdomain","msg":"Executed insert: INSERT INTO DEVICE_TYPE_CLUSTER (DEVICE_TYPE_REF, CLUSTER_NAME, INCLUDE_CLIENT, INCLUDE_SERVER, LOCK_CLIENT, LOCK_SERVER) VALUES (?,?,?,?,?,?): 104,Basic,false,true,true,true => rowid: 314","v":1}
{"level":30,"time":1589725317952,"pid":31073,"hostname":"localhost.localdomain","msg":"Executed insert: INSERT INTO DEVICE_TYPE_CLUSTER (DEVICE_TYPE_REF, CLUSTER_NAME, INCLUDE_CLIENT, INCLUDE_SERVER, LOCK_CLIENT, LOCK_SERVER) VALUES (?,?,?,?,?,?): 104,Groups,false,false,true,false => rowid: 315","v":1}
{"level":30,"time":1589725317952,"pid":31073,"hostname":"localhost.localdomain","msg":"Executed insert: INSERT INTO DEVICE_TYPE_CLUSTER (DEVICE_TYPE_REF, CLUSTER_NAME, INCLUDE_CLIENT, INCLUDE_SERVER, LOCK_CLIENT, LOCK_SERVER) VALUES (?,?,?,?,?,?): 104,Commissioning,false,false,true,false => rowid: 316","v":1}
{"level":30,"time":1589725317953,"pid":31073,"hostname":"localhost.localdomain","msg":"Executed insert: INSERT INTO DEVICE_TYPE_CLUSTER (DEVICE_TYPE_REF, CLUSTER_NAME, INCLUDE_CLIENT, INCLUDE_SERVER, LOCK_CLIENT, LOCK_SERVER) VALUES (?,?,?,?,?,?): 104,Identify,false,false,true,false => rowid: 317","v":1}
{"level":30,"time":1589725317953,"pid":31073,"hostname":"localhost.localdomain","msg":"Executed insert: INSERT INTO DEVICE_TYPE_CLUSTER (DEVICE_TYPE_REF, CLUSTER_NAME, INCLUDE_CLIENT, INCLUDE_SERVER, LOCK_CLIENT, LOCK_SERVER) VALUES (?,?,?,?,?,?): 104,Chatting,true,true,true,true => rowid: 318","v":1}
{"level":30,"time":1589725317953,"pid":31073,"hostname":"localhost.localdomain","msg":"Preparing statement: INSERT INTO DEVICE_TYPE_ATTRIBUTE (DEVICE_TYPE_CLUSTER_REF, ATTRIBUTE_NAME) VALUES (?, ?) to insert 0 records.","v":1}
{"level":30,"time":1589725317953,"pid":31073,"hostname":"localhost.localdomain","msg":"Preparing statement: INSERT INTO DEVICE_TYPE_COMMAND (DEVICE_TYPE_CLUSTER_REF, COMMAND_NAME) VALUES (?, ?) to insert 0 records.","v":1}
{"level":30,"time":1589725317953,"pid":31073,"hostname":"localhost.localdomain","msg":"Executed insert: INSERT INTO DEVICE_TYPE_CLUSTER (DEVICE_TYPE_REF, CLUSTER_NAME, INCLUDE_CLIENT, INCLUDE_SERVER, LOCK_CLIENT, LOCK_SERVER) VALUES (?,?,?,?,?,?): 108,Basic,false,true,true,true => rowid: 319","v":1}
{"level":30,"time":1589725317953,"pid":31073,"hostname":"localhost.localdomain","msg":"Executed insert: INSERT INTO DEVICE_TYPE_CLUSTER (DEVICE_TYPE_REF, CLUSTER_NAME, INCLUDE_CLIENT, INCLUDE_SERVER, LOCK_CLIENT, LOCK_SERVER) VALUES (?,?,?,?,?,?): 108,Groups,false,false,true,false => rowid: 320","v":1}
{"level":30,"time":1589725317953,"pid":31073,"hostname":"localhost.localdomain","msg":"Executed insert: INSERT INTO DEVICE_TYPE_CLUSTER (DEVICE_TYPE_REF, CLUSTER_NAME, INCLUDE_CLIENT, INCLUDE_SERVER, LOCK_CLIENT, LOCK_SERVER) VALUES (?,?,?,?,?,?): 108,Commissioning,false,false,true,false => rowid: 321","v":1}
{"level":30,"time":1589725317953,"pid":31073,"hostname":"localhost.localdomain","msg":"Executed insert: INSERT INTO DEVICE_TYPE_CLUSTER (DEVICE_TYPE_REF, CLUSTER_NAME, INCLUDE_CLIENT, INCLUDE_SERVER, LOCK_CLIENT, LOCK_SERVER) VALUES (?,?,?,?,?,?): 108,Identify,false,false,true,false => rowid: 322","v":1}
{"level":30,"time":1589725317953,"pid":31073,"hostname":"localhost.localdomain","msg":"Executed insert: INSERT INTO DEVICE_TYPE_CLUSTER (DEVICE_TYPE_REF, CLUSTER_NAME, INCLUDE_CLIENT, INCLUDE_SERVER, LOCK_CLIENT, LOCK_SERVER) VALUES (?,?,?,?,?,?): 108,Chatting,false,true,true,true => rowid: 323","v":1}
{"level":30,"time":1589725317953,"pid":31073,"hostname":"localhost.localdomain","msg":"Preparing statement: INSERT INTO DEVICE_TYPE_ATTRIBUTE (DEVICE_TYPE_CLUSTER_REF, ATTRIBUTE_NAME) VALUES (?, ?) to insert 0 records.","v":1}
{"level":30,"time":1589725317953,"pid":31073,"hostname":"localhost.localdomain","msg":"Preparing statement: INSERT INTO DEVICE_TYPE_COMMAND (DEVICE_TYPE_CLUSTER_REF, COMMAND_NAME) VALUES (?, ?) to insert 0 records.","v":1}
{"level":30,"time":1589725317955,"pid":31073,"hostname":"localhost.localdomain","msg":"Preparing statement: INSERT INTO STRUCT_ITEM (STRUCT_REF, NAME, TYPE) VALUES (?,?,?) to insert 90 records.","v":1}
{"level":30,"time":1589725317955,"pid":31073,"hostname":"localhost.localdomain","msg":"Preparing statement: INSERT INTO COMMAND_ARG (COMMAND_REF, NAME, TYPE, IS_ARRAY) VALUES (?,?,?,?) to insert 32 records.","v":1}
{"level":30,"time":1589725317978,"pid":31073,"hostname":"localhost.localdomain","msg":"Preparing statement: INSERT INTO BITMAP_FIELD (BITMAP_REF, NAME, MASK) VALUES (?, ?, ?) to insert 126 records.","v":1}
{"level":30,"time":1589725317978,"pid":31073,"hostname":"localhost.localdomain","msg":"Preparing statement: INSERT INTO BITMAP_FIELD (BITMAP_REF, NAME, MASK) VALUES (?, ?, ?) to insert 185 records.","v":1}
{"level":30,"time":1589725317980,"pid":31073,"hostname":"localhost.localdomain","msg":"Executed insert: INSERT INTO DEVICE_TYPE_CLUSTER (DEVICE_TYPE_REF, CLUSTER_NAME, INCLUDE_CLIENT, INCLUDE_SERVER, LOCK_CLIENT, LOCK_SERVER) VALUES (?,?,?,?,?,?): 11,Basic,false,true,true,true => rowid: 324","v":1}
{"level":30,"time":1589725317982,"pid":31073,"hostname":"localhost.localdomain","msg":"Executed insert: INSERT INTO DEVICE_TYPE_CLUSTER (DEVICE_TYPE_REF, CLUSTER_NAME, INCLUDE_CLIENT, INCLUDE_SERVER, LOCK_CLIENT, LOCK_SERVER) VALUES (?,?,?,?,?,?): 11,Key Establishment,true,true,true,true => rowid: 325","v":1}
{"level":30,"time":1589725317982,"pid":31073,"hostname":"localhost.localdomain","msg":"Executed insert: INSERT INTO DEVICE_TYPE_CLUSTER (DEVICE_TYPE_REF, CLUSTER_NAME, INCLUDE_CLIENT, INCLUDE_SERVER, LOCK_CLIENT, LOCK_SERVER) VALUES (?,?,?,?,?,?): 11,Power Configuration,false,false,true,false => rowid: 326","v":1}
{"level":30,"time":1589725317982,"pid":31073,"hostname":"localhost.localdomain","msg":"Executed insert: INSERT INTO DEVICE_TYPE_CLUSTER (DEVICE_TYPE_REF, CLUSTER_NAME, INCLUDE_CLIENT, INCLUDE_SERVER, LOCK_CLIENT, LOCK_SERVER) VALUES (?,?,?,?,?,?): 11,Alarms,false,false,true,false => rowid: 327","v":1}
{"level":30,"time":1589725317982,"pid":31073,"hostname":"localhost.localdomain","msg":"Executed insert: INSERT INTO DEVICE_TYPE_CLUSTER (DEVICE_TYPE_REF, CLUSTER_NAME, INCLUDE_CLIENT, INCLUDE_SERVER, LOCK_CLIENT, LOCK_SERVER) VALUES (?,?,?,?,?,?): 11,Commissioning,false,false,false,false => rowid: 328","v":1}
{"level":30,"time":1589725317982,"pid":31073,"hostname":"localhost.localdomain","msg":"Executed insert: INSERT INTO DEVICE_TYPE_CLUSTER (DEVICE_TYPE_REF, CLUSTER_NAME, INCLUDE_CLIENT, INCLUDE_SERVER, LOCK_CLIENT, LOCK_SERVER) VALUES (?,?,?,?,?,?): 11,Identify,false,false,true,false => rowid: 329","v":1}
{"level":30,"time":1589725317982,"pid":31073,"hostname":"localhost.localdomain","msg":"Executed insert: INSERT INTO DEVICE_TYPE_CLUSTER (DEVICE_TYPE_REF, CLUSTER_NAME, INCLUDE_CLIENT, INCLUDE_SERVER, LOCK_CLIENT, LOCK_SERVER) VALUES (?,?,?,?,?,?): 11,Over the Air Bootloading,false,false,false,false => rowid: 330","v":1}
{"level":30,"time":1589725317982,"pid":31073,"hostname":"localhost.localdomain","msg":"Executed insert: INSERT INTO DEVICE_TYPE_CLUSTER (DEVICE_TYPE_REF, CLUSTER_NAME, INCLUDE_CLIENT, INCLUDE_SERVER, LOCK_CLIENT, LOCK_SERVER) VALUES (?,?,?,?,?,?): 11,Tunneling,false,false,false,false => rowid: 331","v":1}
{"level":30,"time":1589725317982,"pid":31073,"hostname":"localhost.localdomain","msg":"Executed insert: INSERT INTO DEVICE_TYPE_CLUSTER (DEVICE_TYPE_REF, CLUSTER_NAME, INCLUDE_CLIENT, INCLUDE_SERVER, LOCK_CLIENT, LOCK_SERVER) VALUES (?,?,?,?,?,?): 11,Generic Tunnel,false,false,false,false => rowid: 332","v":1}
{"level":30,"time":1589725317982,"pid":31073,"hostname":"localhost.localdomain","msg":"Executed insert: INSERT INTO DEVICE_TYPE_CLUSTER (DEVICE_TYPE_REF, CLUSTER_NAME, INCLUDE_CLIENT, INCLUDE_SERVER, LOCK_CLIENT, LOCK_SERVER) VALUES (?,?,?,?,?,?): 11,Keep-Alive,false,false,false,false => rowid: 333","v":1}
{"level":30,"time":1589725317982,"pid":31073,"hostname":"localhost.localdomain","msg":"Preparing statement: INSERT INTO DEVICE_TYPE_ATTRIBUTE (DEVICE_TYPE_CLUSTER_REF, ATTRIBUTE_NAME) VALUES (?, ?) to insert 0 records.","v":1}
{"level":30,"time":1589725317982,"pid":31073,"hostname":"localhost.localdomain","msg":"Preparing statement: INSERT INTO DEVICE_TYPE_COMMAND (DEVICE_TYPE_CLUSTER_REF, COMMAND_NAME) VALUES (?, ?) to insert 0 records.","v":1}
{"level":30,"time":1589725317983,"pid":31073,"hostname":"localhost.localdomain","msg":"Executed insert: INSERT INTO DEVICE_TYPE_CLUSTER (DEVICE_TYPE_REF, CLUSTER_NAME, INCLUDE_CLIENT, INCLUDE_SERVER, LOCK_CLIENT, LOCK_SERVER) VALUES (?,?,?,?,?,?): 17,Basic,false,true,true,true => rowid: 334","v":1}
{"level":30,"time":1589725317983,"pid":31073,"hostname":"localhost.localdomain","msg":"Executed insert: INSERT INTO DEVICE_TYPE_CLUSTER (DEVICE_TYPE_REF, CLUSTER_NAME, INCLUDE_CLIENT, INCLUDE_SERVER, LOCK_CLIENT, LOCK_SERVER) VALUES (?,?,?,?,?,?): 17,Key Establishment,true,true,true,true => rowid: 335","v":1}
{"level":30,"time":1589725317983,"pid":31073,"hostname":"localhost.localdomain","msg":"Executed insert: INSERT INTO DEVICE_TYPE_CLUSTER (DEVICE_TYPE_REF, CLUSTER_NAME, INCLUDE_CLIENT, INCLUDE_SERVER, LOCK_CLIENT, LOCK_SERVER) VALUES (?,?,?,?,?,?): 17,Power Configuration,false,false,true,false => rowid: 336","v":1}
{"level":30,"time":1589725317983,"pid":31073,"hostname":"localhost.localdomain","msg":"Executed insert: INSERT INTO DEVICE_TYPE_CLUSTER (DEVICE_TYPE_REF, CLUSTER_NAME, INCLUDE_CLIENT, INCLUDE_SERVER, LOCK_CLIENT, LOCK_SERVER) VALUES (?,?,?,?,?,?): 17,Alarms,false,false,true,false => rowid: 337","v":1}
{"level":30,"time":1589725317983,"pid":31073,"hostname":"localhost.localdomain","msg":"Executed insert: INSERT INTO DEVICE_TYPE_CLUSTER (DEVICE_TYPE_REF, CLUSTER_NAME, INCLUDE_CLIENT, INCLUDE_SERVER, LOCK_CLIENT, LOCK_SERVER) VALUES (?,?,?,?,?,?): 17,Commissioning,false,false,false,false => rowid: 338","v":1}
{"level":30,"time":1589725317983,"pid":31073,"hostname":"localhost.localdomain","msg":"Executed insert: INSERT INTO DEVICE_TYPE_CLUSTER (DEVICE_TYPE_REF, CLUSTER_NAME, INCLUDE_CLIENT, INCLUDE_SERVER, LOCK_CLIENT, LOCK_SERVER) VALUES (?,?,?,?,?,?): 17,Identify,false,false,true,false => rowid: 339","v":1}
{"level":30,"time":1589725317983,"pid":31073,"hostname":"localhost.localdomain","msg":"Executed insert: INSERT INTO DEVICE_TYPE_CLUSTER (DEVICE_TYPE_REF, CLUSTER_NAME, INCLUDE_CLIENT, INCLUDE_SERVER, LOCK_CLIENT, LOCK_SERVER) VALUES (?,?,?,?,?,?): 17,Over the Air Bootloading,false,false,false,false => rowid: 340","v":1}
{"level":30,"time":1589725317983,"pid":31073,"hostname":"localhost.localdomain","msg":"Executed insert: INSERT INTO DEVICE_TYPE_CLUSTER (DEVICE_TYPE_REF, CLUSTER_NAME, INCLUDE_CLIENT, INCLUDE_SERVER, LOCK_CLIENT, LOCK_SERVER) VALUES (?,?,?,?,?,?): 17,Tunneling,false,false,false,false => rowid: 341","v":1}
{"level":30,"time":1589725317983,"pid":31073,"hostname":"localhost.localdomain","msg":"Executed insert: INSERT INTO DEVICE_TYPE_CLUSTER (DEVICE_TYPE_REF, CLUSTER_NAME, INCLUDE_CLIENT, INCLUDE_SERVER, LOCK_CLIENT, LOCK_SERVER) VALUES (?,?,?,?,?,?): 17,Generic Tunnel,false,false,false,false => rowid: 342","v":1}
{"level":30,"time":1589725317983,"pid":31073,"hostname":"localhost.localdomain","msg":"Executed insert: INSERT INTO DEVICE_TYPE_CLUSTER (DEVICE_TYPE_REF, CLUSTER_NAME, INCLUDE_CLIENT, INCLUDE_SERVER, LOCK_CLIENT, LOCK_SERVER) VALUES (?,?,?,?,?,?): 17,Messaging,false,true,true,true => rowid: 343","v":1}
{"level":30,"time":1589725317983,"pid":31073,"hostname":"localhost.localdomain","msg":"Executed insert: INSERT INTO DEVICE_TYPE_CLUSTER (DEVICE_TYPE_REF, CLUSTER_NAME, INCLUDE_CLIENT, INCLUDE_SERVER, LOCK_CLIENT, LOCK_SERVER) VALUES (?,?,?,?,?,?): 17,Price,false,true,false,true => rowid: 344","v":1}
{"level":30,"time":1589725317983,"pid":31073,"hostname":"localhost.localdomain","msg":"Executed insert: INSERT INTO DEVICE_TYPE_CLUSTER (DEVICE_TYPE_REF, CLUSTER_NAME, INCLUDE_CLIENT, INCLUDE_SERVER, LOCK_CLIENT, LOCK_SERVER) VALUES (?,?,?,?,?,?): 17,Demand Response and Load Control,false,true,true,true => rowid: 345","v":1}
{"level":30,"time":1589725317983,"pid":31073,"hostname":"localhost.localdomain","msg":"Executed insert: INSERT INTO DEVICE_TYPE_CLUSTER (DEVICE_TYPE_REF, CLUSTER_NAME, INCLUDE_CLIENT, INCLUDE_SERVER, LOCK_CLIENT, LOCK_SERVER) VALUES (?,?,?,?,?,?): 17,Time,false,true,true,true => rowid: 346","v":1}
{"level":30,"time":1589725317983,"pid":31073,"hostname":"localhost.localdomain","msg":"Executed insert: INSERT INTO DEVICE_TYPE_CLUSTER (DEVICE_TYPE_REF, CLUSTER_NAME, INCLUDE_CLIENT, INCLUDE_SERVER, LOCK_CLIENT, LOCK_SERVER) VALUES (?,?,?,?,?,?): 17,Simple Metering,false,false,false,false => rowid: 347","v":1}
{"level":30,"time":1589725317983,"pid":31073,"hostname":"localhost.localdomain","msg":"Executed insert: INSERT INTO DEVICE_TYPE_CLUSTER (DEVICE_TYPE_REF, CLUSTER_NAME, INCLUDE_CLIENT, INCLUDE_SERVER, LOCK_CLIENT, LOCK_SERVER) VALUES (?,?,?,?,?,?): 17,Keep-Alive,false,false,false,false => rowid: 348","v":1}
{"level":30,"time":1589725317984,"pid":31073,"hostname":"localhost.localdomain","msg":"Preparing statement: INSERT INTO DEVICE_TYPE_ATTRIBUTE (DEVICE_TYPE_CLUSTER_REF, ATTRIBUTE_NAME) VALUES (?, ?) to insert 0 records.","v":1}
{"level":30,"time":1589725317984,"pid":31073,"hostname":"localhost.localdomain","msg":"Preparing statement: INSERT INTO DEVICE_TYPE_COMMAND (DEVICE_TYPE_CLUSTER_REF, COMMAND_NAME) VALUES (?, ?) to insert 0 records.","v":1}
{"level":30,"time":1589725317984,"pid":31073,"hostname":"localhost.localdomain","msg":"Executed insert: INSERT INTO DEVICE_TYPE_CLUSTER (DEVICE_TYPE_REF, CLUSTER_NAME, INCLUDE_CLIENT, INCLUDE_SERVER, LOCK_CLIENT, LOCK_SERVER) VALUES (?,?,?,?,?,?): 24,Basic,false,true,true,true => rowid: 349","v":1}
{"level":30,"time":1589725317984,"pid":31073,"hostname":"localhost.localdomain","msg":"Executed insert: INSERT INTO DEVICE_TYPE_CLUSTER (DEVICE_TYPE_REF, CLUSTER_NAME, INCLUDE_CLIENT, INCLUDE_SERVER, LOCK_CLIENT, LOCK_SERVER) VALUES (?,?,?,?,?,?): 24,Key Establishment,true,true,true,true => rowid: 350","v":1}
{"level":30,"time":1589725317984,"pid":31073,"hostname":"localhost.localdomain","msg":"Executed insert: INSERT INTO DEVICE_TYPE_CLUSTER (DEVICE_TYPE_REF, CLUSTER_NAME, INCLUDE_CLIENT, INCLUDE_SERVER, LOCK_CLIENT, LOCK_SERVER) VALUES (?,?,?,?,?,?): 24,Power Configuration,false,false,true,false => rowid: 351","v":1}
{"level":30,"time":1589725317984,"pid":31073,"hostname":"localhost.localdomain","msg":"Executed insert: INSERT INTO DEVICE_TYPE_CLUSTER (DEVICE_TYPE_REF, CLUSTER_NAME, INCLUDE_CLIENT, INCLUDE_SERVER, LOCK_CLIENT, LOCK_SERVER) VALUES (?,?,?,?,?,?): 24,Alarms,false,false,true,false => rowid: 352","v":1}
{"level":30,"time":1589725317984,"pid":31073,"hostname":"localhost.localdomain","msg":"Executed insert: INSERT INTO DEVICE_TYPE_CLUSTER (DEVICE_TYPE_REF, CLUSTER_NAME, INCLUDE_CLIENT, INCLUDE_SERVER, LOCK_CLIENT, LOCK_SERVER) VALUES (?,?,?,?,?,?): 24,Commissioning,false,false,false,false => rowid: 353","v":1}
{"level":30,"time":1589725317984,"pid":31073,"hostname":"localhost.localdomain","msg":"Executed insert: INSERT INTO DEVICE_TYPE_CLUSTER (DEVICE_TYPE_REF, CLUSTER_NAME, INCLUDE_CLIENT, INCLUDE_SERVER, LOCK_CLIENT, LOCK_SERVER) VALUES (?,?,?,?,?,?): 24,Identify,false,false,true,false => rowid: 354","v":1}
{"level":30,"time":1589725317984,"pid":31073,"hostname":"localhost.localdomain","msg":"Executed insert: INSERT INTO DEVICE_TYPE_CLUSTER (DEVICE_TYPE_REF, CLUSTER_NAME, INCLUDE_CLIENT, INCLUDE_SERVER, LOCK_CLIENT, LOCK_SERVER) VALUES (?,?,?,?,?,?): 24,Over the Air Bootloading,false,false,false,false => rowid: 355","v":1}
{"level":30,"time":1589725317984,"pid":31073,"hostname":"localhost.localdomain","msg":"Executed insert: INSERT INTO DEVICE_TYPE_CLUSTER (DEVICE_TYPE_REF, CLUSTER_NAME, INCLUDE_CLIENT, INCLUDE_SERVER, LOCK_CLIENT, LOCK_SERVER) VALUES (?,?,?,?,?,?): 24,Tunneling,false,false,false,false => rowid: 356","v":1}
{"level":30,"time":1589725317984,"pid":31073,"hostname":"localhost.localdomain","msg":"Executed insert: INSERT INTO DEVICE_TYPE_CLUSTER (DEVICE_TYPE_REF, CLUSTER_NAME, INCLUDE_CLIENT, INCLUDE_SERVER, LOCK_CLIENT, LOCK_SERVER) VALUES (?,?,?,?,?,?): 24,Generic Tunnel,false,false,false,false => rowid: 357","v":1}
{"level":30,"time":1589725317984,"pid":31073,"hostname":"localhost.localdomain","msg":"Executed insert: INSERT INTO DEVICE_TYPE_CLUSTER (DEVICE_TYPE_REF, CLUSTER_NAME, INCLUDE_CLIENT, INCLUDE_SERVER, LOCK_CLIENT, LOCK_SERVER) VALUES (?,?,?,?,?,?): 24,Simple Metering,false,true,true,true => rowid: 358","v":1}
{"level":30,"time":1589725317984,"pid":31073,"hostname":"localhost.localdomain","msg":"Executed insert: INSERT INTO DEVICE_TYPE_CLUSTER (DEVICE_TYPE_REF, CLUSTER_NAME, INCLUDE_CLIENT, INCLUDE_SERVER, LOCK_CLIENT, LOCK_SERVER) VALUES (?,?,?,?,?,?): 24,Time,false,false,false,true => rowid: 359","v":1}
{"level":30,"time":1589725317984,"pid":31073,"hostname":"localhost.localdomain","msg":"Executed insert: INSERT INTO DEVICE_TYPE_CLUSTER (DEVICE_TYPE_REF, CLUSTER_NAME, INCLUDE_CLIENT, INCLUDE_SERVER, LOCK_CLIENT, LOCK_SERVER) VALUES (?,?,?,?,?,?): 24,Price,false,false,false,true => rowid: 360","v":1}
{"level":30,"time":1589725317984,"pid":31073,"hostname":"localhost.localdomain","msg":"Executed insert: INSERT INTO DEVICE_TYPE_CLUSTER (DEVICE_TYPE_REF, CLUSTER_NAME, INCLUDE_CLIENT, INCLUDE_SERVER, LOCK_CLIENT, LOCK_SERVER) VALUES (?,?,?,?,?,?): 24,Messaging,false,false,false,true => rowid: 361","v":1}
{"level":30,"time":1589725317985,"pid":31073,"hostname":"localhost.localdomain","msg":"Executed insert: INSERT INTO DEVICE_TYPE_CLUSTER (DEVICE_TYPE_REF, CLUSTER_NAME, INCLUDE_CLIENT, INCLUDE_SERVER, LOCK_CLIENT, LOCK_SERVER) VALUES (?,?,?,?,?,?): 24,Keep-Alive,false,false,false,false => rowid: 362","v":1}
{"level":30,"time":1589725317985,"pid":31073,"hostname":"localhost.localdomain","msg":"Preparing statement: INSERT INTO DEVICE_TYPE_ATTRIBUTE (DEVICE_TYPE_CLUSTER_REF, ATTRIBUTE_NAME) VALUES (?, ?) to insert 0 records.","v":1}
{"level":30,"time":1589725317985,"pid":31073,"hostname":"localhost.localdomain","msg":"Preparing statement: INSERT INTO DEVICE_TYPE_COMMAND (DEVICE_TYPE_CLUSTER_REF, COMMAND_NAME) VALUES (?, ?) to insert 0 records.","v":1}
{"level":30,"time":1589725317985,"pid":31073,"hostname":"localhost.localdomain","msg":"Executed insert: INSERT INTO DEVICE_TYPE_CLUSTER (DEVICE_TYPE_REF, CLUSTER_NAME, INCLUDE_CLIENT, INCLUDE_SERVER, LOCK_CLIENT, LOCK_SERVER) VALUES (?,?,?,?,?,?): 30,Basic,false,true,true,true => rowid: 363","v":1}
{"level":30,"time":1589725317985,"pid":31073,"hostname":"localhost.localdomain","msg":"Executed insert: INSERT INTO DEVICE_TYPE_CLUSTER (DEVICE_TYPE_REF, CLUSTER_NAME, INCLUDE_CLIENT, INCLUDE_SERVER, LOCK_CLIENT, LOCK_SERVER) VALUES (?,?,?,?,?,?): 30,Key Establishment,true,true,true,true => rowid: 364","v":1}
{"level":30,"time":1589725317985,"pid":31073,"hostname":"localhost.localdomain","msg":"Executed insert: INSERT INTO DEVICE_TYPE_CLUSTER (DEVICE_TYPE_REF, CLUSTER_NAME, INCLUDE_CLIENT, INCLUDE_SERVER, LOCK_CLIENT, LOCK_SERVER) VALUES (?,?,?,?,?,?): 30,Power Configuration,false,false,true,false => rowid: 365","v":1}
{"level":30,"time":1589725317985,"pid":31073,"hostname":"localhost.localdomain","msg":"Executed insert: INSERT INTO DEVICE_TYPE_CLUSTER (DEVICE_TYPE_REF, CLUSTER_NAME, INCLUDE_CLIENT, INCLUDE_SERVER, LOCK_CLIENT, LOCK_SERVER) VALUES (?,?,?,?,?,?): 30,Alarms,false,false,true,false => rowid: 366","v":1}
{"level":30,"time":1589725317985,"pid":31073,"hostname":"localhost.localdomain","msg":"Executed insert: INSERT INTO DEVICE_TYPE_CLUSTER (DEVICE_TYPE_REF, CLUSTER_NAME, INCLUDE_CLIENT, INCLUDE_SERVER, LOCK_CLIENT, LOCK_SERVER) VALUES (?,?,?,?,?,?): 30,Commissioning,false,false,false,false => rowid: 367","v":1}
{"level":30,"time":1589725317985,"pid":31073,"hostname":"localhost.localdomain","msg":"Executed insert: INSERT INTO DEVICE_TYPE_CLUSTER (DEVICE_TYPE_REF, CLUSTER_NAME, INCLUDE_CLIENT, INCLUDE_SERVER, LOCK_CLIENT, LOCK_SERVER) VALUES (?,?,?,?,?,?): 30,Identify,false,false,true,false => rowid: 368","v":1}
{"level":30,"time":1589725317985,"pid":31073,"hostname":"localhost.localdomain","msg":"Executed insert: INSERT INTO DEVICE_TYPE_CLUSTER (DEVICE_TYPE_REF, CLUSTER_NAME, INCLUDE_CLIENT, INCLUDE_SERVER, LOCK_CLIENT, LOCK_SERVER) VALUES (?,?,?,?,?,?): 30,Over the Air Bootloading,false,false,false,false => rowid: 369","v":1}
{"level":30,"time":1589725317985,"pid":31073,"hostname":"localhost.localdomain","msg":"Executed insert: INSERT INTO DEVICE_TYPE_CLUSTER (DEVICE_TYPE_REF, CLUSTER_NAME, INCLUDE_CLIENT, INCLUDE_SERVER, LOCK_CLIENT, LOCK_SERVER) VALUES (?,?,?,?,?,?): 30,Tunneling,false,false,false,false => rowid: 370","v":1}
{"level":30,"time":1589725317985,"pid":31073,"hostname":"localhost.localdomain","msg":"Executed insert: INSERT INTO DEVICE_TYPE_CLUSTER (DEVICE_TYPE_REF, CLUSTER_NAME, INCLUDE_CLIENT, INCLUDE_SERVER, LOCK_CLIENT, LOCK_SERVER) VALUES (?,?,?,?,?,?): 30,Generic Tunnel,false,false,false,false => rowid: 371","v":1}
{"level":30,"time":1589725317985,"pid":31073,"hostname":"localhost.localdomain","msg":"Executed insert: INSERT INTO DEVICE_TYPE_CLUSTER (DEVICE_TYPE_REF, CLUSTER_NAME, INCLUDE_CLIENT, INCLUDE_SERVER, LOCK_CLIENT, LOCK_SERVER) VALUES (?,?,?,?,?,?): 30,Simple Metering,false,true,true,true => rowid: 372","v":1}
{"level":30,"time":1589725317985,"pid":31073,"hostname":"localhost.localdomain","msg":"Executed insert: INSERT INTO DEVICE_TYPE_CLUSTER (DEVICE_TYPE_REF, CLUSTER_NAME, INCLUDE_CLIENT, INCLUDE_SERVER, LOCK_CLIENT, LOCK_SERVER) VALUES (?,?,?,?,?,?): 30,Time,false,false,false,true => rowid: 373","v":1}
{"level":30,"time":1589725317985,"pid":31073,"hostname":"localhost.localdomain","msg":"Executed insert: INSERT INTO DEVICE_TYPE_CLUSTER (DEVICE_TYPE_REF, CLUSTER_NAME, INCLUDE_CLIENT, INCLUDE_SERVER, LOCK_CLIENT, LOCK_SERVER) VALUES (?,?,?,?,?,?): 30,Price,false,false,false,true => rowid: 374","v":1}
{"level":30,"time":1589725317986,"pid":31073,"hostname":"localhost.localdomain","msg":"Executed insert: INSERT INTO DEVICE_TYPE_CLUSTER (DEVICE_TYPE_REF, CLUSTER_NAME, INCLUDE_CLIENT, INCLUDE_SERVER, LOCK_CLIENT, LOCK_SERVER) VALUES (?,?,?,?,?,?): 30,Messaging,false,false,false,true => rowid: 375","v":1}
{"level":30,"time":1589725317986,"pid":31073,"hostname":"localhost.localdomain","msg":"Executed insert: INSERT INTO DEVICE_TYPE_CLUSTER (DEVICE_TYPE_REF, CLUSTER_NAME, INCLUDE_CLIENT, INCLUDE_SERVER, LOCK_CLIENT, LOCK_SERVER) VALUES (?,?,?,?,?,?): 30,Keep-Alive,false,false,false,false => rowid: 376","v":1}
{"level":30,"time":1589725317986,"pid":31073,"hostname":"localhost.localdomain","msg":"Preparing statement: INSERT INTO DEVICE_TYPE_ATTRIBUTE (DEVICE_TYPE_CLUSTER_REF, ATTRIBUTE_NAME) VALUES (?, ?) to insert 0 records.","v":1}
{"level":30,"time":1589725317986,"pid":31073,"hostname":"localhost.localdomain","msg":"Preparing statement: INSERT INTO DEVICE_TYPE_COMMAND (DEVICE_TYPE_CLUSTER_REF, COMMAND_NAME) VALUES (?, ?) to insert 0 records.","v":1}
{"level":30,"time":1589725317986,"pid":31073,"hostname":"localhost.localdomain","msg":"Executed insert: INSERT INTO DEVICE_TYPE_CLUSTER (DEVICE_TYPE_REF, CLUSTER_NAME, INCLUDE_CLIENT, INCLUDE_SERVER, LOCK_CLIENT, LOCK_SERVER) VALUES (?,?,?,?,?,?): 36,Basic,false,true,true,true => rowid: 377","v":1}
{"level":30,"time":1589725317986,"pid":31073,"hostname":"localhost.localdomain","msg":"Executed insert: INSERT INTO DEVICE_TYPE_CLUSTER (DEVICE_TYPE_REF, CLUSTER_NAME, INCLUDE_CLIENT, INCLUDE_SERVER, LOCK_CLIENT, LOCK_SERVER) VALUES (?,?,?,?,?,?): 36,Key Establishment,true,true,true,true => rowid: 378","v":1}
{"level":30,"time":1589725317986,"pid":31073,"hostname":"localhost.localdomain","msg":"Executed insert: INSERT INTO DEVICE_TYPE_CLUSTER (DEVICE_TYPE_REF, CLUSTER_NAME, INCLUDE_CLIENT, INCLUDE_SERVER, LOCK_CLIENT, LOCK_SERVER) VALUES (?,?,?,?,?,?): 36,Power Configuration,false,false,true,false => rowid: 379","v":1}
{"level":30,"time":1589725317986,"pid":31073,"hostname":"localhost.localdomain","msg":"Executed insert: INSERT INTO DEVICE_TYPE_CLUSTER (DEVICE_TYPE_REF, CLUSTER_NAME, INCLUDE_CLIENT, INCLUDE_SERVER, LOCK_CLIENT, LOCK_SERVER) VALUES (?,?,?,?,?,?): 36,Alarms,false,false,true,false => rowid: 380","v":1}
{"level":30,"time":1589725317986,"pid":31073,"hostname":"localhost.localdomain","msg":"Executed insert: INSERT INTO DEVICE_TYPE_CLUSTER (DEVICE_TYPE_REF, CLUSTER_NAME, INCLUDE_CLIENT, INCLUDE_SERVER, LOCK_CLIENT, LOCK_SERVER) VALUES (?,?,?,?,?,?): 36,Commissioning,false,false,false,false => rowid: 381","v":1}
{"level":30,"time":1589725317986,"pid":31073,"hostname":"localhost.localdomain","msg":"Executed insert: INSERT INTO DEVICE_TYPE_CLUSTER (DEVICE_TYPE_REF, CLUSTER_NAME, INCLUDE_CLIENT, INCLUDE_SERVER, LOCK_CLIENT, LOCK_SERVER) VALUES (?,?,?,?,?,?): 36,Identify,false,false,true,false => rowid: 382","v":1}
{"level":30,"time":1589725317986,"pid":31073,"hostname":"localhost.localdomain","msg":"Executed insert: INSERT INTO DEVICE_TYPE_CLUSTER (DEVICE_TYPE_REF, CLUSTER_NAME, INCLUDE_CLIENT, INCLUDE_SERVER, LOCK_CLIENT, LOCK_SERVER) VALUES (?,?,?,?,?,?): 36,Over the Air Bootloading,false,false,false,false => rowid: 383","v":1}
{"level":30,"time":1589725317986,"pid":31073,"hostname":"localhost.localdomain","msg":"Executed insert: INSERT INTO DEVICE_TYPE_CLUSTER (DEVICE_TYPE_REF, CLUSTER_NAME, INCLUDE_CLIENT, INCLUDE_SERVER, LOCK_CLIENT, LOCK_SERVER) VALUES (?,?,?,?,?,?): 36,Tunneling,false,false,false,false => rowid: 384","v":1}
{"level":30,"time":1589725317986,"pid":31073,"hostname":"localhost.localdomain","msg":"Executed insert: INSERT INTO DEVICE_TYPE_CLUSTER (DEVICE_TYPE_REF, CLUSTER_NAME, INCLUDE_CLIENT, INCLUDE_SERVER, LOCK_CLIENT, LOCK_SERVER) VALUES (?,?,?,?,?,?): 36,Generic Tunnel,false,false,false,false => rowid: 385","v":1}
{"level":30,"time":1589725317986,"pid":31073,"hostname":"localhost.localdomain","msg":"Executed insert: INSERT INTO DEVICE_TYPE_CLUSTER (DEVICE_TYPE_REF, CLUSTER_NAME, INCLUDE_CLIENT, INCLUDE_SERVER, LOCK_CLIENT, LOCK_SERVER) VALUES (?,?,?,?,?,?): 36,Demand Response and Load Control,false,false,false,true => rowid: 386","v":1}
{"level":30,"time":1589725317986,"pid":31073,"hostname":"localhost.localdomain","msg":"Executed insert: INSERT INTO DEVICE_TYPE_CLUSTER (DEVICE_TYPE_REF, CLUSTER_NAME, INCLUDE_CLIENT, INCLUDE_SERVER, LOCK_CLIENT, LOCK_SERVER) VALUES (?,?,?,?,?,?): 36,Time,false,false,false,true => rowid: 387","v":1}
{"level":30,"time":1589725317987,"pid":31073,"hostname":"localhost.localdomain","msg":"Executed insert: INSERT INTO DEVICE_TYPE_CLUSTER (DEVICE_TYPE_REF, CLUSTER_NAME, INCLUDE_CLIENT, INCLUDE_SERVER, LOCK_CLIENT, LOCK_SERVER) VALUES (?,?,?,?,?,?): 36,Price,false,false,false,true => rowid: 388","v":1}
{"level":30,"time":1589725317987,"pid":31073,"hostname":"localhost.localdomain","msg":"Executed insert: INSERT INTO DEVICE_TYPE_CLUSTER (DEVICE_TYPE_REF, CLUSTER_NAME, INCLUDE_CLIENT, INCLUDE_SERVER, LOCK_CLIENT, LOCK_SERVER) VALUES (?,?,?,?,?,?): 36,Simple Metering,false,false,false,true => rowid: 389","v":1}
{"level":30,"time":1589725317987,"pid":31073,"hostname":"localhost.localdomain","msg":"Executed insert: INSERT INTO DEVICE_TYPE_CLUSTER (DEVICE_TYPE_REF, CLUSTER_NAME, INCLUDE_CLIENT, INCLUDE_SERVER, LOCK_CLIENT, LOCK_SERVER) VALUES (?,?,?,?,?,?): 36,Messaging,false,false,false,true => rowid: 390","v":1}
{"level":30,"time":1589725317987,"pid":31073,"hostname":"localhost.localdomain","msg":"Executed insert: INSERT INTO DEVICE_TYPE_CLUSTER (DEVICE_TYPE_REF, CLUSTER_NAME, INCLUDE_CLIENT, INCLUDE_SERVER, LOCK_CLIENT, LOCK_SERVER) VALUES (?,?,?,?,?,?): 36,Keep-Alive,false,false,false,false => rowid: 391","v":1}
{"level":30,"time":1589725317987,"pid":31073,"hostname":"localhost.localdomain","msg":"Preparing statement: INSERT INTO DEVICE_TYPE_ATTRIBUTE (DEVICE_TYPE_CLUSTER_REF, ATTRIBUTE_NAME) VALUES (?, ?) to insert 0 records.","v":1}
{"level":30,"time":1589725317987,"pid":31073,"hostname":"localhost.localdomain","msg":"Preparing statement: INSERT INTO DEVICE_TYPE_COMMAND (DEVICE_TYPE_CLUSTER_REF, COMMAND_NAME) VALUES (?, ?) to insert 0 records.","v":1}
{"level":30,"time":1589725317987,"pid":31073,"hostname":"localhost.localdomain","msg":"Executed insert: INSERT INTO DEVICE_TYPE_CLUSTER (DEVICE_TYPE_REF, CLUSTER_NAME, INCLUDE_CLIENT, INCLUDE_SERVER, LOCK_CLIENT, LOCK_SERVER) VALUES (?,?,?,?,?,?): 42,Basic,false,true,true,true => rowid: 392","v":1}
{"level":30,"time":1589725317987,"pid":31073,"hostname":"localhost.localdomain","msg":"Executed insert: INSERT INTO DEVICE_TYPE_CLUSTER (DEVICE_TYPE_REF, CLUSTER_NAME, INCLUDE_CLIENT, INCLUDE_SERVER, LOCK_CLIENT, LOCK_SERVER) VALUES (?,?,?,?,?,?): 42,Key Establishment,true,true,true,true => rowid: 393","v":1}
{"level":30,"time":1589725317987,"pid":31073,"hostname":"localhost.localdomain","msg":"Executed insert: INSERT INTO DEVICE_TYPE_CLUSTER (DEVICE_TYPE_REF, CLUSTER_NAME, INCLUDE_CLIENT, INCLUDE_SERVER, LOCK_CLIENT, LOCK_SERVER) VALUES (?,?,?,?,?,?): 42,Power Configuration,false,false,true,false => rowid: 394","v":1}
{"level":30,"time":1589725317987,"pid":31073,"hostname":"localhost.localdomain","msg":"Executed insert: INSERT INTO DEVICE_TYPE_CLUSTER (DEVICE_TYPE_REF, CLUSTER_NAME, INCLUDE_CLIENT, INCLUDE_SERVER, LOCK_CLIENT, LOCK_SERVER) VALUES (?,?,?,?,?,?): 42,Alarms,false,false,true,false => rowid: 395","v":1}
{"level":30,"time":1589725317987,"pid":31073,"hostname":"localhost.localdomain","msg":"Executed insert: INSERT INTO DEVICE_TYPE_CLUSTER (DEVICE_TYPE_REF, CLUSTER_NAME, INCLUDE_CLIENT, INCLUDE_SERVER, LOCK_CLIENT, LOCK_SERVER) VALUES (?,?,?,?,?,?): 42,Commissioning,false,false,false,false => rowid: 396","v":1}
{"level":30,"time":1589725317987,"pid":31073,"hostname":"localhost.localdomain","msg":"Executed insert: INSERT INTO DEVICE_TYPE_CLUSTER (DEVICE_TYPE_REF, CLUSTER_NAME, INCLUDE_CLIENT, INCLUDE_SERVER, LOCK_CLIENT, LOCK_SERVER) VALUES (?,?,?,?,?,?): 42,Identify,false,false,true,false => rowid: 397","v":1}
{"level":30,"time":1589725317987,"pid":31073,"hostname":"localhost.localdomain","msg":"Executed insert: INSERT INTO DEVICE_TYPE_CLUSTER (DEVICE_TYPE_REF, CLUSTER_NAME, INCLUDE_CLIENT, INCLUDE_SERVER, LOCK_CLIENT, LOCK_SERVER) VALUES (?,?,?,?,?,?): 42,Over the Air Bootloading,false,false,false,false => rowid: 398","v":1}
{"level":30,"time":1589725317987,"pid":31073,"hostname":"localhost.localdomain","msg":"Executed insert: INSERT INTO DEVICE_TYPE_CLUSTER (DEVICE_TYPE_REF, CLUSTER_NAME, INCLUDE_CLIENT, INCLUDE_SERVER, LOCK_CLIENT, LOCK_SERVER) VALUES (?,?,?,?,?,?): 42,Tunneling,false,false,false,false => rowid: 399","v":1}
{"level":30,"time":1589725317988,"pid":31073,"hostname":"localhost.localdomain","msg":"Executed insert: INSERT INTO DEVICE_TYPE_CLUSTER (DEVICE_TYPE_REF, CLUSTER_NAME, INCLUDE_CLIENT, INCLUDE_SERVER, LOCK_CLIENT, LOCK_SERVER) VALUES (?,?,?,?,?,?): 42,Generic Tunnel,false,false,false,false => rowid: 400","v":1}
{"level":30,"time":1589725317988,"pid":31073,"hostname":"localhost.localdomain","msg":"Executed insert: INSERT INTO DEVICE_TYPE_CLUSTER (DEVICE_TYPE_REF, CLUSTER_NAME, INCLUDE_CLIENT, INCLUDE_SERVER, LOCK_CLIENT, LOCK_SERVER) VALUES (?,?,?,?,?,?): 42,Demand Response and Load Control,true,false,true,true => rowid: 401","v":1}
{"level":30,"time":1589725317988,"pid":31073,"hostname":"localhost.localdomain","msg":"Executed insert: INSERT INTO DEVICE_TYPE_CLUSTER (DEVICE_TYPE_REF, CLUSTER_NAME, INCLUDE_CLIENT, INCLUDE_SERVER, LOCK_CLIENT, LOCK_SERVER) VALUES (?,?,?,?,?,?): 42,Time,true,false,true,true => rowid: 402","v":1}
{"level":30,"time":1589725317988,"pid":31073,"hostname":"localhost.localdomain","msg":"Executed insert: INSERT INTO DEVICE_TYPE_CLUSTER (DEVICE_TYPE_REF, CLUSTER_NAME, INCLUDE_CLIENT, INCLUDE_SERVER, LOCK_CLIENT, LOCK_SERVER) VALUES (?,?,?,?,?,?): 42,Price,false,false,false,true => rowid: 403","v":1}
{"level":30,"time":1589725317988,"pid":31073,"hostname":"localhost.localdomain","msg":"Executed insert: INSERT INTO DEVICE_TYPE_CLUSTER (DEVICE_TYPE_REF, CLUSTER_NAME, INCLUDE_CLIENT, INCLUDE_SERVER, LOCK_CLIENT, LOCK_SERVER) VALUES (?,?,?,?,?,?): 42,Simple Metering,false,false,false,true => rowid: 404","v":1}
{"level":30,"time":1589725317988,"pid":31073,"hostname":"localhost.localdomain","msg":"Executed insert: INSERT INTO DEVICE_TYPE_CLUSTER (DEVICE_TYPE_REF, CLUSTER_NAME, INCLUDE_CLIENT, INCLUDE_SERVER, LOCK_CLIENT, LOCK_SERVER) VALUES (?,?,?,?,?,?): 42,Messaging,false,false,false,true => rowid: 405","v":1}
{"level":30,"time":1589725317988,"pid":31073,"hostname":"localhost.localdomain","msg":"Executed insert: INSERT INTO DEVICE_TYPE_CLUSTER (DEVICE_TYPE_REF, CLUSTER_NAME, INCLUDE_CLIENT, INCLUDE_SERVER, LOCK_CLIENT, LOCK_SERVER) VALUES (?,?,?,?,?,?): 42,Keep-Alive,false,false,false,false => rowid: 406","v":1}
{"level":30,"time":1589725317988,"pid":31073,"hostname":"localhost.localdomain","msg":"Preparing statement: INSERT INTO DEVICE_TYPE_ATTRIBUTE (DEVICE_TYPE_CLUSTER_REF, ATTRIBUTE_NAME) VALUES (?, ?) to insert 0 records.","v":1}
{"level":30,"time":1589725317988,"pid":31073,"hostname":"localhost.localdomain","msg":"Preparing statement: INSERT INTO DEVICE_TYPE_COMMAND (DEVICE_TYPE_CLUSTER_REF, COMMAND_NAME) VALUES (?, ?) to insert 0 records.","v":1}
{"level":30,"time":1589725317988,"pid":31073,"hostname":"localhost.localdomain","msg":"Executed insert: INSERT INTO DEVICE_TYPE_CLUSTER (DEVICE_TYPE_REF, CLUSTER_NAME, INCLUDE_CLIENT, INCLUDE_SERVER, LOCK_CLIENT, LOCK_SERVER) VALUES (?,?,?,?,?,?): 47,Basic,false,true,true,true => rowid: 407","v":1}
{"level":30,"time":1589725317988,"pid":31073,"hostname":"localhost.localdomain","msg":"Executed insert: INSERT INTO DEVICE_TYPE_CLUSTER (DEVICE_TYPE_REF, CLUSTER_NAME, INCLUDE_CLIENT, INCLUDE_SERVER, LOCK_CLIENT, LOCK_SERVER) VALUES (?,?,?,?,?,?): 47,Key Establishment,true,true,true,true => rowid: 408","v":1}
{"level":30,"time":1589725317988,"pid":31073,"hostname":"localhost.localdomain","msg":"Executed insert: INSERT INTO DEVICE_TYPE_CLUSTER (DEVICE_TYPE_REF, CLUSTER_NAME, INCLUDE_CLIENT, INCLUDE_SERVER, LOCK_CLIENT, LOCK_SERVER) VALUES (?,?,?,?,?,?): 47,Power Configuration,false,false,true,false => rowid: 409","v":1}
{"level":30,"time":1589725317988,"pid":31073,"hostname":"localhost.localdomain","msg":"Executed insert: INSERT INTO DEVICE_TYPE_CLUSTER (DEVICE_TYPE_REF, CLUSTER_NAME, INCLUDE_CLIENT, INCLUDE_SERVER, LOCK_CLIENT, LOCK_SERVER) VALUES (?,?,?,?,?,?): 47,Alarms,false,false,true,false => rowid: 410","v":1}
{"level":30,"time":1589725317988,"pid":31073,"hostname":"localhost.localdomain","msg":"Executed insert: INSERT INTO DEVICE_TYPE_CLUSTER (DEVICE_TYPE_REF, CLUSTER_NAME, INCLUDE_CLIENT, INCLUDE_SERVER, LOCK_CLIENT, LOCK_SERVER) VALUES (?,?,?,?,?,?): 47,Commissioning,false,false,false,false => rowid: 411","v":1}
{"level":30,"time":1589725317988,"pid":31073,"hostname":"localhost.localdomain","msg":"Executed insert: INSERT INTO DEVICE_TYPE_CLUSTER (DEVICE_TYPE_REF, CLUSTER_NAME, INCLUDE_CLIENT, INCLUDE_SERVER, LOCK_CLIENT, LOCK_SERVER) VALUES (?,?,?,?,?,?): 47,Identify,false,false,true,false => rowid: 412","v":1}
{"level":30,"time":1589725317989,"pid":31073,"hostname":"localhost.localdomain","msg":"Executed insert: INSERT INTO DEVICE_TYPE_CLUSTER (DEVICE_TYPE_REF, CLUSTER_NAME, INCLUDE_CLIENT, INCLUDE_SERVER, LOCK_CLIENT, LOCK_SERVER) VALUES (?,?,?,?,?,?): 47,Over the Air Bootloading,false,false,false,false => rowid: 413","v":1}
{"level":30,"time":1589725317989,"pid":31073,"hostname":"localhost.localdomain","msg":"Executed insert: INSERT INTO DEVICE_TYPE_CLUSTER (DEVICE_TYPE_REF, CLUSTER_NAME, INCLUDE_CLIENT, INCLUDE_SERVER, LOCK_CLIENT, LOCK_SERVER) VALUES (?,?,?,?,?,?): 47,Tunneling,false,false,false,false => rowid: 414","v":1}
{"level":30,"time":1589725317989,"pid":31073,"hostname":"localhost.localdomain","msg":"Executed insert: INSERT INTO DEVICE_TYPE_CLUSTER (DEVICE_TYPE_REF, CLUSTER_NAME, INCLUDE_CLIENT, INCLUDE_SERVER, LOCK_CLIENT, LOCK_SERVER) VALUES (?,?,?,?,?,?): 47,Generic Tunnel,false,false,false,false => rowid: 415","v":1}
{"level":30,"time":1589725317989,"pid":31073,"hostname":"localhost.localdomain","msg":"Executed insert: INSERT INTO DEVICE_TYPE_CLUSTER (DEVICE_TYPE_REF, CLUSTER_NAME, INCLUDE_CLIENT, INCLUDE_SERVER, LOCK_CLIENT, LOCK_SERVER) VALUES (?,?,?,?,?,?): 47,Demand Response and Load Control,true,false,true,true => rowid: 416","v":1}
{"level":30,"time":1589725317989,"pid":31073,"hostname":"localhost.localdomain","msg":"Executed insert: INSERT INTO DEVICE_TYPE_CLUSTER (DEVICE_TYPE_REF, CLUSTER_NAME, INCLUDE_CLIENT, INCLUDE_SERVER, LOCK_CLIENT, LOCK_SERVER) VALUES (?,?,?,?,?,?): 47,Time,true,false,true,true => rowid: 417","v":1}
{"level":30,"time":1589725317989,"pid":31073,"hostname":"localhost.localdomain","msg":"Executed insert: INSERT INTO DEVICE_TYPE_CLUSTER (DEVICE_TYPE_REF, CLUSTER_NAME, INCLUDE_CLIENT, INCLUDE_SERVER, LOCK_CLIENT, LOCK_SERVER) VALUES (?,?,?,?,?,?): 47,Price,false,false,false,true => rowid: 418","v":1}
{"level":30,"time":1589725317989,"pid":31073,"hostname":"localhost.localdomain","msg":"Executed insert: INSERT INTO DEVICE_TYPE_CLUSTER (DEVICE_TYPE_REF, CLUSTER_NAME, INCLUDE_CLIENT, INCLUDE_SERVER, LOCK_CLIENT, LOCK_SERVER) VALUES (?,?,?,?,?,?): 47,Keep-Alive,false,false,false,false => rowid: 419","v":1}
{"level":30,"time":1589725317989,"pid":31073,"hostname":"localhost.localdomain","msg":"Preparing statement: INSERT INTO DEVICE_TYPE_ATTRIBUTE (DEVICE_TYPE_CLUSTER_REF, ATTRIBUTE_NAME) VALUES (?, ?) to insert 0 records.","v":1}
{"level":30,"time":1589725317989,"pid":31073,"hostname":"localhost.localdomain","msg":"Preparing statement: INSERT INTO DEVICE_TYPE_COMMAND (DEVICE_TYPE_CLUSTER_REF, COMMAND_NAME) VALUES (?, ?) to insert 0 records.","v":1}
{"level":30,"time":1589725317989,"pid":31073,"hostname":"localhost.localdomain","msg":"Executed insert: INSERT INTO DEVICE_TYPE_CLUSTER (DEVICE_TYPE_REF, CLUSTER_NAME, INCLUDE_CLIENT, INCLUDE_SERVER, LOCK_CLIENT, LOCK_SERVER) VALUES (?,?,?,?,?,?): 52,Basic,false,true,true,true => rowid: 420","v":1}
{"level":30,"time":1589725317989,"pid":31073,"hostname":"localhost.localdomain","msg":"Executed insert: INSERT INTO DEVICE_TYPE_CLUSTER (DEVICE_TYPE_REF, CLUSTER_NAME, INCLUDE_CLIENT, INCLUDE_SERVER, LOCK_CLIENT, LOCK_SERVER) VALUES (?,?,?,?,?,?): 52,Key Establishment,true,true,true,true => rowid: 421","v":1}
{"level":30,"time":1589725317989,"pid":31073,"hostname":"localhost.localdomain","msg":"Executed insert: INSERT INTO DEVICE_TYPE_CLUSTER (DEVICE_TYPE_REF, CLUSTER_NAME, INCLUDE_CLIENT, INCLUDE_SERVER, LOCK_CLIENT, LOCK_SERVER) VALUES (?,?,?,?,?,?): 52,Power Configuration,false,false,true,false => rowid: 422","v":1}
{"level":30,"time":1589725317989,"pid":31073,"hostname":"localhost.localdomain","msg":"Executed insert: INSERT INTO DEVICE_TYPE_CLUSTER (DEVICE_TYPE_REF, CLUSTER_NAME, INCLUDE_CLIENT, INCLUDE_SERVER, LOCK_CLIENT, LOCK_SERVER) VALUES (?,?,?,?,?,?): 52,Alarms,false,false,true,false => rowid: 423","v":1}
{"level":30,"time":1589725317990,"pid":31073,"hostname":"localhost.localdomain","msg":"Executed insert: INSERT INTO DEVICE_TYPE_CLUSTER (DEVICE_TYPE_REF, CLUSTER_NAME, INCLUDE_CLIENT, INCLUDE_SERVER, LOCK_CLIENT, LOCK_SERVER) VALUES (?,?,?,?,?,?): 52,Commissioning,false,false,false,false => rowid: 424","v":1}
{"level":30,"time":1589725317990,"pid":31073,"hostname":"localhost.localdomain","msg":"Executed insert: INSERT INTO DEVICE_TYPE_CLUSTER (DEVICE_TYPE_REF, CLUSTER_NAME, INCLUDE_CLIENT, INCLUDE_SERVER, LOCK_CLIENT, LOCK_SERVER) VALUES (?,?,?,?,?,?): 52,Identify,false,false,true,false => rowid: 425","v":1}
{"level":30,"time":1589725317990,"pid":31073,"hostname":"localhost.localdomain","msg":"Executed insert: INSERT INTO DEVICE_TYPE_CLUSTER (DEVICE_TYPE_REF, CLUSTER_NAME, INCLUDE_CLIENT, INCLUDE_SERVER, LOCK_CLIENT, LOCK_SERVER) VALUES (?,?,?,?,?,?): 52,Over the Air Bootloading,false,false,false,false => rowid: 426","v":1}
{"level":30,"time":1589725317990,"pid":31073,"hostname":"localhost.localdomain","msg":"Executed insert: INSERT INTO DEVICE_TYPE_CLUSTER (DEVICE_TYPE_REF, CLUSTER_NAME, INCLUDE_CLIENT, INCLUDE_SERVER, LOCK_CLIENT, LOCK_SERVER) VALUES (?,?,?,?,?,?): 52,Tunneling,false,false,false,false => rowid: 427","v":1}
{"level":30,"time":1589725317990,"pid":31073,"hostname":"localhost.localdomain","msg":"Executed insert: INSERT INTO DEVICE_TYPE_CLUSTER (DEVICE_TYPE_REF, CLUSTER_NAME, INCLUDE_CLIENT, INCLUDE_SERVER, LOCK_CLIENT, LOCK_SERVER) VALUES (?,?,?,?,?,?): 52,Generic Tunnel,false,false,false,false => rowid: 428","v":1}
{"level":30,"time":1589725317990,"pid":31073,"hostname":"localhost.localdomain","msg":"Executed insert: INSERT INTO DEVICE_TYPE_CLUSTER (DEVICE_TYPE_REF, CLUSTER_NAME, INCLUDE_CLIENT, INCLUDE_SERVER, LOCK_CLIENT, LOCK_SERVER) VALUES (?,?,?,?,?,?): 52,Price,true,false,true,true => rowid: 429","v":1}
{"level":30,"time":1589725317990,"pid":31073,"hostname":"localhost.localdomain","msg":"Executed insert: INSERT INTO DEVICE_TYPE_CLUSTER (DEVICE_TYPE_REF, CLUSTER_NAME, INCLUDE_CLIENT, INCLUDE_SERVER, LOCK_CLIENT, LOCK_SERVER) VALUES (?,?,?,?,?,?): 52,Time,true,false,true,true => rowid: 430","v":1}
{"level":30,"time":1589725317990,"pid":31073,"hostname":"localhost.localdomain","msg":"Executed insert: INSERT INTO DEVICE_TYPE_CLUSTER (DEVICE_TYPE_REF, CLUSTER_NAME, INCLUDE_CLIENT, INCLUDE_SERVER, LOCK_CLIENT, LOCK_SERVER) VALUES (?,?,?,?,?,?): 52,Demand Response and Load Control,false,false,false,true => rowid: 431","v":1}
{"level":30,"time":1589725317990,"pid":31073,"hostname":"localhost.localdomain","msg":"Executed insert: INSERT INTO DEVICE_TYPE_CLUSTER (DEVICE_TYPE_REF, CLUSTER_NAME, INCLUDE_CLIENT, INCLUDE_SERVER, LOCK_CLIENT, LOCK_SERVER) VALUES (?,?,?,?,?,?): 52,Messaging,false,false,false,true => rowid: 432","v":1}
{"level":30,"time":1589725317990,"pid":31073,"hostname":"localhost.localdomain","msg":"Executed insert: INSERT INTO DEVICE_TYPE_CLUSTER (DEVICE_TYPE_REF, CLUSTER_NAME, INCLUDE_CLIENT, INCLUDE_SERVER, LOCK_CLIENT, LOCK_SERVER) VALUES (?,?,?,?,?,?): 52,Keep-Alive,false,false,false,false => rowid: 433","v":1}
{"level":30,"time":1589725317990,"pid":31073,"hostname":"localhost.localdomain","msg":"Preparing statement: INSERT INTO DEVICE_TYPE_ATTRIBUTE (DEVICE_TYPE_CLUSTER_REF, ATTRIBUTE_NAME) VALUES (?, ?) to insert 0 records.","v":1}
{"level":30,"time":1589725317990,"pid":31073,"hostname":"localhost.localdomain","msg":"Preparing statement: INSERT INTO DEVICE_TYPE_COMMAND (DEVICE_TYPE_CLUSTER_REF, COMMAND_NAME) VALUES (?, ?) to insert 0 records.","v":1}
{"level":30,"time":1589725317990,"pid":31073,"hostname":"localhost.localdomain","msg":"Executed insert: INSERT INTO DEVICE_TYPE_CLUSTER (DEVICE_TYPE_REF, CLUSTER_NAME, INCLUDE_CLIENT, INCLUDE_SERVER, LOCK_CLIENT, LOCK_SERVER) VALUES (?,?,?,?,?,?): 57,Basic,false,true,true,true => rowid: 434","v":1}
{"level":30,"time":1589725317990,"pid":31073,"hostname":"localhost.localdomain","msg":"Executed insert: INSERT INTO DEVICE_TYPE_CLUSTER (DEVICE_TYPE_REF, CLUSTER_NAME, INCLUDE_CLIENT, INCLUDE_SERVER, LOCK_CLIENT, LOCK_SERVER) VALUES (?,?,?,?,?,?): 57,Key Establishment,true,true,true,true => rowid: 435","v":1}
{"level":30,"time":1589725317991,"pid":31073,"hostname":"localhost.localdomain","msg":"Executed insert: INSERT INTO DEVICE_TYPE_CLUSTER (DEVICE_TYPE_REF, CLUSTER_NAME, INCLUDE_CLIENT, INCLUDE_SERVER, LOCK_CLIENT, LOCK_SERVER) VALUES (?,?,?,?,?,?): 57,Power Configuration,false,false,true,false => rowid: 436","v":1}
{"level":30,"time":1589725317991,"pid":31073,"hostname":"localhost.localdomain","msg":"Executed insert: INSERT INTO DEVICE_TYPE_CLUSTER (DEVICE_TYPE_REF, CLUSTER_NAME, INCLUDE_CLIENT, INCLUDE_SERVER, LOCK_CLIENT, LOCK_SERVER) VALUES (?,?,?,?,?,?): 57,Alarms,false,false,true,false => rowid: 437","v":1}
{"level":30,"time":1589725317991,"pid":31073,"hostname":"localhost.localdomain","msg":"Executed insert: INSERT INTO DEVICE_TYPE_CLUSTER (DEVICE_TYPE_REF, CLUSTER_NAME, INCLUDE_CLIENT, INCLUDE_SERVER, LOCK_CLIENT, LOCK_SERVER) VALUES (?,?,?,?,?,?): 57,Commissioning,false,false,false,false => rowid: 438","v":1}
{"level":30,"time":1589725317991,"pid":31073,"hostname":"localhost.localdomain","msg":"Executed insert: INSERT INTO DEVICE_TYPE_CLUSTER (DEVICE_TYPE_REF, CLUSTER_NAME, INCLUDE_CLIENT, INCLUDE_SERVER, LOCK_CLIENT, LOCK_SERVER) VALUES (?,?,?,?,?,?): 57,Identify,false,false,true,false => rowid: 439","v":1}
{"level":30,"time":1589725317991,"pid":31073,"hostname":"localhost.localdomain","msg":"Executed insert: INSERT INTO DEVICE_TYPE_CLUSTER (DEVICE_TYPE_REF, CLUSTER_NAME, INCLUDE_CLIENT, INCLUDE_SERVER, LOCK_CLIENT, LOCK_SERVER) VALUES (?,?,?,?,?,?): 57,Over the Air Bootloading,false,false,false,false => rowid: 440","v":1}
{"level":30,"time":1589725317991,"pid":31073,"hostname":"localhost.localdomain","msg":"Executed insert: INSERT INTO DEVICE_TYPE_CLUSTER (DEVICE_TYPE_REF, CLUSTER_NAME, INCLUDE_CLIENT, INCLUDE_SERVER, LOCK_CLIENT, LOCK_SERVER) VALUES (?,?,?,?,?,?): 57,Tunneling,false,false,false,false => rowid: 441","v":1}
{"level":30,"time":1589725317991,"pid":31073,"hostname":"localhost.localdomain","msg":"Executed insert: INSERT INTO DEVICE_TYPE_CLUSTER (DEVICE_TYPE_REF, CLUSTER_NAME, INCLUDE_CLIENT, INCLUDE_SERVER, LOCK_CLIENT, LOCK_SERVER) VALUES (?,?,?,?,?,?): 57,Generic Tunnel,false,false,false,false => rowid: 442","v":1}
{"level":30,"time":1589725317991,"pid":31073,"hostname":"localhost.localdomain","msg":"Executed insert: INSERT INTO DEVICE_TYPE_CLUSTER (DEVICE_TYPE_REF, CLUSTER_NAME, INCLUDE_CLIENT, INCLUDE_SERVER, LOCK_CLIENT, LOCK_SERVER) VALUES (?,?,?,?,?,?): 57,Price,true,false,true,true => rowid: 443","v":1}
{"level":30,"time":1589725317991,"pid":31073,"hostname":"localhost.localdomain","msg":"Executed insert: INSERT INTO DEVICE_TYPE_CLUSTER (DEVICE_TYPE_REF, CLUSTER_NAME, INCLUDE_CLIENT, INCLUDE_SERVER, LOCK_CLIENT, LOCK_SERVER) VALUES (?,?,?,?,?,?): 57,Time,true,false,true,true => rowid: 444","v":1}
{"level":30,"time":1589725317992,"pid":31073,"hostname":"localhost.localdomain","msg":"Executed insert: INSERT INTO DEVICE_TYPE_CLUSTER (DEVICE_TYPE_REF, CLUSTER_NAME, INCLUDE_CLIENT, INCLUDE_SERVER, LOCK_CLIENT, LOCK_SERVER) VALUES (?,?,?,?,?,?): 57,Prepayment,true,true,true,true => rowid: 445","v":1}
{"level":30,"time":1589725317992,"pid":31073,"hostname":"localhost.localdomain","msg":"Executed insert: INSERT INTO DEVICE_TYPE_CLUSTER (DEVICE_TYPE_REF, CLUSTER_NAME, INCLUDE_CLIENT, INCLUDE_SERVER, LOCK_CLIENT, LOCK_SERVER) VALUES (?,?,?,?,?,?): 57,Demand Response and Load Control,false,false,false,true => rowid: 446","v":1}
{"level":30,"time":1589725317992,"pid":31073,"hostname":"localhost.localdomain","msg":"Executed insert: INSERT INTO DEVICE_TYPE_CLUSTER (DEVICE_TYPE_REF, CLUSTER_NAME, INCLUDE_CLIENT, INCLUDE_SERVER, LOCK_CLIENT, LOCK_SERVER) VALUES (?,?,?,?,?,?): 57,Simple Metering,false,false,false,true => rowid: 447","v":1}
{"level":30,"time":1589725317992,"pid":31073,"hostname":"localhost.localdomain","msg":"Executed insert: INSERT INTO DEVICE_TYPE_CLUSTER (DEVICE_TYPE_REF, CLUSTER_NAME, INCLUDE_CLIENT, INCLUDE_SERVER, LOCK_CLIENT, LOCK_SERVER) VALUES (?,?,?,?,?,?): 57,Messaging,false,false,false,true => rowid: 448","v":1}
{"level":30,"time":1589725317992,"pid":31073,"hostname":"localhost.localdomain","msg":"Executed insert: INSERT INTO DEVICE_TYPE_CLUSTER (DEVICE_TYPE_REF, CLUSTER_NAME, INCLUDE_CLIENT, INCLUDE_SERVER, LOCK_CLIENT, LOCK_SERVER) VALUES (?,?,?,?,?,?): 57,Calendar,false,false,false,true => rowid: 449","v":1}
{"level":30,"time":1589725317992,"pid":31073,"hostname":"localhost.localdomain","msg":"Executed insert: INSERT INTO DEVICE_TYPE_CLUSTER (DEVICE_TYPE_REF, CLUSTER_NAME, INCLUDE_CLIENT, INCLUDE_SERVER, LOCK_CLIENT, LOCK_SERVER) VALUES (?,?,?,?,?,?): 57,Device Management,false,false,false,true => rowid: 450","v":1}
{"level":30,"time":1589725317992,"pid":31073,"hostname":"localhost.localdomain","msg":"Executed insert: INSERT INTO DEVICE_TYPE_CLUSTER (DEVICE_TYPE_REF, CLUSTER_NAME, INCLUDE_CLIENT, INCLUDE_SERVER, LOCK_CLIENT, LOCK_SERVER) VALUES (?,?,?,?,?,?): 57,Events,false,false,true,false => rowid: 451","v":1}
{"level":30,"time":1589725317992,"pid":31073,"hostname":"localhost.localdomain","msg":"Executed insert: INSERT INTO DEVICE_TYPE_CLUSTER (DEVICE_TYPE_REF, CLUSTER_NAME, INCLUDE_CLIENT, INCLUDE_SERVER, LOCK_CLIENT, LOCK_SERVER) VALUES (?,?,?,?,?,?): 57,Keep-Alive,false,false,false,false => rowid: 452","v":1}
{"level":30,"time":1589725317992,"pid":31073,"hostname":"localhost.localdomain","msg":"Preparing statement: INSERT INTO DEVICE_TYPE_ATTRIBUTE (DEVICE_TYPE_CLUSTER_REF, ATTRIBUTE_NAME) VALUES (?, ?) to insert 0 records.","v":1}
{"level":30,"time":1589725317992,"pid":31073,"hostname":"localhost.localdomain","msg":"Preparing statement: INSERT INTO DEVICE_TYPE_COMMAND (DEVICE_TYPE_CLUSTER_REF, COMMAND_NAME) VALUES (?, ?) to insert 0 records.","v":1}
{"level":30,"time":1589725317992,"pid":31073,"hostname":"localhost.localdomain","msg":"Executed insert: INSERT INTO DEVICE_TYPE_CLUSTER (DEVICE_TYPE_REF, CLUSTER_NAME, INCLUDE_CLIENT, INCLUDE_SERVER, LOCK_CLIENT, LOCK_SERVER) VALUES (?,?,?,?,?,?): 62,Basic,false,true,true,true => rowid: 453","v":1}
{"level":30,"time":1589725317992,"pid":31073,"hostname":"localhost.localdomain","msg":"Executed insert: INSERT INTO DEVICE_TYPE_CLUSTER (DEVICE_TYPE_REF, CLUSTER_NAME, INCLUDE_CLIENT, INCLUDE_SERVER, LOCK_CLIENT, LOCK_SERVER) VALUES (?,?,?,?,?,?): 62,Key Establishment,true,true,true,true => rowid: 454","v":1}
{"level":30,"time":1589725317992,"pid":31073,"hostname":"localhost.localdomain","msg":"Executed insert: INSERT INTO DEVICE_TYPE_CLUSTER (DEVICE_TYPE_REF, CLUSTER_NAME, INCLUDE_CLIENT, INCLUDE_SERVER, LOCK_CLIENT, LOCK_SERVER) VALUES (?,?,?,?,?,?): 62,Power Configuration,false,false,true,false => rowid: 455","v":1}
{"level":30,"time":1589725317993,"pid":31073,"hostname":"localhost.localdomain","msg":"Executed insert: INSERT INTO DEVICE_TYPE_CLUSTER (DEVICE_TYPE_REF, CLUSTER_NAME, INCLUDE_CLIENT, INCLUDE_SERVER, LOCK_CLIENT, LOCK_SERVER) VALUES (?,?,?,?,?,?): 62,Commissioning,false,false,false,false => rowid: 456","v":1}
{"level":30,"time":1589725317993,"pid":31073,"hostname":"localhost.localdomain","msg":"Executed insert: INSERT INTO DEVICE_TYPE_CLUSTER (DEVICE_TYPE_REF, CLUSTER_NAME, INCLUDE_CLIENT, INCLUDE_SERVER, LOCK_CLIENT, LOCK_SERVER) VALUES (?,?,?,?,?,?): 62,Identify,false,false,true,false => rowid: 457","v":1}
{"level":30,"time":1589725317993,"pid":31073,"hostname":"localhost.localdomain","msg":"Executed insert: INSERT INTO DEVICE_TYPE_CLUSTER (DEVICE_TYPE_REF, CLUSTER_NAME, INCLUDE_CLIENT, INCLUDE_SERVER, LOCK_CLIENT, LOCK_SERVER) VALUES (?,?,?,?,?,?): 62,Events,false,false,true,false => rowid: 458","v":1}
{"level":30,"time":1589725317993,"pid":31073,"hostname":"localhost.localdomain","msg":"Executed insert: INSERT INTO DEVICE_TYPE_CLUSTER (DEVICE_TYPE_REF, CLUSTER_NAME, INCLUDE_CLIENT, INCLUDE_SERVER, LOCK_CLIENT, LOCK_SERVER) VALUES (?,?,?,?,?,?): 62,Over the Air Bootloading,false,false,false,false => rowid: 459","v":1}
{"level":30,"time":1589725317993,"pid":31073,"hostname":"localhost.localdomain","msg":"Preparing statement: INSERT INTO DEVICE_TYPE_ATTRIBUTE (DEVICE_TYPE_CLUSTER_REF, ATTRIBUTE_NAME) VALUES (?, ?) to insert 0 records.","v":1}
{"level":30,"time":1589725317993,"pid":31073,"hostname":"localhost.localdomain","msg":"Preparing statement: INSERT INTO DEVICE_TYPE_COMMAND (DEVICE_TYPE_CLUSTER_REF, COMMAND_NAME) VALUES (?, ?) to insert 0 records.","v":1}
{"level":30,"time":1589725317993,"pid":31073,"hostname":"localhost.localdomain","msg":"Executed insert: INSERT INTO DEVICE_TYPE_CLUSTER (DEVICE_TYPE_REF, CLUSTER_NAME, INCLUDE_CLIENT, INCLUDE_SERVER, LOCK_CLIENT, LOCK_SERVER) VALUES (?,?,?,?,?,?): 67,Basic,false,true,true,true => rowid: 460","v":1}
{"level":30,"time":1589725317993,"pid":31073,"hostname":"localhost.localdomain","msg":"Executed insert: INSERT INTO DEVICE_TYPE_CLUSTER (DEVICE_TYPE_REF, CLUSTER_NAME, INCLUDE_CLIENT, INCLUDE_SERVER, LOCK_CLIENT, LOCK_SERVER) VALUES (?,?,?,?,?,?): 67,Key Establishment,true,true,true,true => rowid: 461","v":1}
{"level":30,"time":1589725317993,"pid":31073,"hostname":"localhost.localdomain","msg":"Executed insert: INSERT INTO DEVICE_TYPE_CLUSTER (DEVICE_TYPE_REF, CLUSTER_NAME, INCLUDE_CLIENT, INCLUDE_SERVER, LOCK_CLIENT, LOCK_SERVER) VALUES (?,?,?,?,?,?): 67,Power Configuration,false,false,true,false => rowid: 462","v":1}
{"level":30,"time":1589725317993,"pid":31073,"hostname":"localhost.localdomain","msg":"Executed insert: INSERT INTO DEVICE_TYPE_CLUSTER (DEVICE_TYPE_REF, CLUSTER_NAME, INCLUDE_CLIENT, INCLUDE_SERVER, LOCK_CLIENT, LOCK_SERVER) VALUES (?,?,?,?,?,?): 67,Commissioning,false,false,false,false => rowid: 463","v":1}
{"level":30,"time":1589725317993,"pid":31073,"hostname":"localhost.localdomain","msg":"Executed insert: INSERT INTO DEVICE_TYPE_CLUSTER (DEVICE_TYPE_REF, CLUSTER_NAME, INCLUDE_CLIENT, INCLUDE_SERVER, LOCK_CLIENT, LOCK_SERVER) VALUES (?,?,?,?,?,?): 67,Identify,false,false,true,false => rowid: 464","v":1}
{"level":30,"time":1589725317993,"pid":31073,"hostname":"localhost.localdomain","msg":"Executed insert: INSERT INTO DEVICE_TYPE_CLUSTER (DEVICE_TYPE_REF, CLUSTER_NAME, INCLUDE_CLIENT, INCLUDE_SERVER, LOCK_CLIENT, LOCK_SERVER) VALUES (?,?,?,?,?,?): 67,Events,false,false,false,false => rowid: 465","v":1}
{"level":30,"time":1589725317993,"pid":31073,"hostname":"localhost.localdomain","msg":"Executed insert: INSERT INTO DEVICE_TYPE_CLUSTER (DEVICE_TYPE_REF, CLUSTER_NAME, INCLUDE_CLIENT, INCLUDE_SERVER, LOCK_CLIENT, LOCK_SERVER) VALUES (?,?,?,?,?,?): 67,Over the Air Bootloading,false,false,false,false => rowid: 466","v":1}
{"level":30,"time":1589725317993,"pid":31073,"hostname":"localhost.localdomain","msg":"Executed insert: INSERT INTO DEVICE_TYPE_CLUSTER (DEVICE_TYPE_REF, CLUSTER_NAME, INCLUDE_CLIENT, INCLUDE_SERVER, LOCK_CLIENT, LOCK_SERVER) VALUES (?,?,?,?,?,?): 67,Messaging,false,true,true,true => rowid: 467","v":1}
{"level":30,"time":1589725317993,"pid":31073,"hostname":"localhost.localdomain","msg":"Executed insert: INSERT INTO DEVICE_TYPE_CLUSTER (DEVICE_TYPE_REF, CLUSTER_NAME, INCLUDE_CLIENT, INCLUDE_SERVER, LOCK_CLIENT, LOCK_SERVER) VALUES (?,?,?,?,?,?): 67,Price,false,true,false,true => rowid: 468","v":1}
{"level":30,"time":1589725317993,"pid":31073,"hostname":"localhost.localdomain","msg":"Executed insert: INSERT INTO DEVICE_TYPE_CLUSTER (DEVICE_TYPE_REF, CLUSTER_NAME, INCLUDE_CLIENT, INCLUDE_SERVER, LOCK_CLIENT, LOCK_SERVER) VALUES (?,?,?,?,?,?): 67,Demand Response and Load Control,false,true,true,true => rowid: 469","v":1}
{"level":30,"time":1589725317994,"pid":31073,"hostname":"localhost.localdomain","msg":"Executed insert: INSERT INTO DEVICE_TYPE_CLUSTER (DEVICE_TYPE_REF, CLUSTER_NAME, INCLUDE_CLIENT, INCLUDE_SERVER, LOCK_CLIENT, LOCK_SERVER) VALUES (?,?,?,?,?,?): 67,Time,false,true,false,true => rowid: 470","v":1}
{"level":30,"time":1589725317994,"pid":31073,"hostname":"localhost.localdomain","msg":"Executed insert: INSERT INTO DEVICE_TYPE_CLUSTER (DEVICE_TYPE_REF, CLUSTER_NAME, INCLUDE_CLIENT, INCLUDE_SERVER, LOCK_CLIENT, LOCK_SERVER) VALUES (?,?,?,?,?,?): 67,Calendar,false,false,true,false => rowid: 471","v":1}
{"level":30,"time":1589725317994,"pid":31073,"hostname":"localhost.localdomain","msg":"Executed insert: INSERT INTO DEVICE_TYPE_CLUSTER (DEVICE_TYPE_REF, CLUSTER_NAME, INCLUDE_CLIENT, INCLUDE_SERVER, LOCK_CLIENT, LOCK_SERVER) VALUES (?,?,?,?,?,?): 67,Simple Metering,false,false,false,false => rowid: 472","v":1}
{"level":30,"time":1589725317994,"pid":31073,"hostname":"localhost.localdomain","msg":"Executed insert: INSERT INTO DEVICE_TYPE_CLUSTER (DEVICE_TYPE_REF, CLUSTER_NAME, INCLUDE_CLIENT, INCLUDE_SERVER, LOCK_CLIENT, LOCK_SERVER) VALUES (?,?,?,?,?,?): 67,Prepayment,false,false,false,false => rowid: 473","v":1}
{"level":30,"time":1589725317994,"pid":31073,"hostname":"localhost.localdomain","msg":"Executed insert: INSERT INTO DEVICE_TYPE_CLUSTER (DEVICE_TYPE_REF, CLUSTER_NAME, INCLUDE_CLIENT, INCLUDE_SERVER, LOCK_CLIENT, LOCK_SERVER) VALUES (?,?,?,?,?,?): 67,Device Management,false,false,false,false => rowid: 474","v":1}
{"level":30,"time":1589725317994,"pid":31073,"hostname":"localhost.localdomain","msg":"Executed insert: INSERT INTO DEVICE_TYPE_CLUSTER (DEVICE_TYPE_REF, CLUSTER_NAME, INCLUDE_CLIENT, INCLUDE_SERVER, LOCK_CLIENT, LOCK_SERVER) VALUES (?,?,?,?,?,?): 67,Alarms,false,false,true,false => rowid: 475","v":1}
{"level":30,"time":1589725317994,"pid":31073,"hostname":"localhost.localdomain","msg":"Executed insert: INSERT INTO DEVICE_TYPE_CLUSTER (DEVICE_TYPE_REF, CLUSTER_NAME, INCLUDE_CLIENT, INCLUDE_SERVER, LOCK_CLIENT, LOCK_SERVER) VALUES (?,?,?,?,?,?): 67,MDU Pairing,false,false,false,false => rowid: 476","v":1}
{"level":30,"time":1589725317994,"pid":31073,"hostname":"localhost.localdomain","msg":"Executed insert: INSERT INTO DEVICE_TYPE_CLUSTER (DEVICE_TYPE_REF, CLUSTER_NAME, INCLUDE_CLIENT, INCLUDE_SERVER, LOCK_CLIENT, LOCK_SERVER) VALUES (?,?,?,?,?,?): 67,Energy Management,false,false,false,true => rowid: 477","v":1}
{"level":30,"time":1589725317994,"pid":31073,"hostname":"localhost.localdomain","msg":"Executed insert: INSERT INTO DEVICE_TYPE_CLUSTER (DEVICE_TYPE_REF, CLUSTER_NAME, INCLUDE_CLIENT, INCLUDE_SERVER, LOCK_CLIENT, LOCK_SERVER) VALUES (?,?,?,?,?,?): 67,Tunneling,false,false,false,false => rowid: 478","v":1}
{"level":30,"time":1589725317994,"pid":31073,"hostname":"localhost.localdomain","msg":"Executed insert: INSERT INTO DEVICE_TYPE_CLUSTER (DEVICE_TYPE_REF, CLUSTER_NAME, INCLUDE_CLIENT, INCLUDE_SERVER, LOCK_CLIENT, LOCK_SERVER) VALUES (?,?,?,?,?,?): 67,Keep-Alive,false,false,false,false => rowid: 479","v":1}
{"level":30,"time":1589725317994,"pid":31073,"hostname":"localhost.localdomain","msg":"Preparing statement: INSERT INTO DEVICE_TYPE_ATTRIBUTE (DEVICE_TYPE_CLUSTER_REF, ATTRIBUTE_NAME) VALUES (?, ?) to insert 0 records.","v":1}
{"level":30,"time":1589725317994,"pid":31073,"hostname":"localhost.localdomain","msg":"Preparing statement: INSERT INTO DEVICE_TYPE_COMMAND (DEVICE_TYPE_CLUSTER_REF, COMMAND_NAME) VALUES (?, ?) to insert 0 records.","v":1}
{"level":30,"time":1589725317994,"pid":31073,"hostname":"localhost.localdomain","msg":"Executed insert: INSERT INTO DEVICE_TYPE_CLUSTER (DEVICE_TYPE_REF, CLUSTER_NAME, INCLUDE_CLIENT, INCLUDE_SERVER, LOCK_CLIENT, LOCK_SERVER) VALUES (?,?,?,?,?,?): 72,Basic,false,true,true,true => rowid: 480","v":1}
{"level":30,"time":1589725317994,"pid":31073,"hostname":"localhost.localdomain","msg":"Executed insert: INSERT INTO DEVICE_TYPE_CLUSTER (DEVICE_TYPE_REF, CLUSTER_NAME, INCLUDE_CLIENT, INCLUDE_SERVER, LOCK_CLIENT, LOCK_SERVER) VALUES (?,?,?,?,?,?): 72,Key Establishment,true,true,true,true => rowid: 481","v":1}
{"level":30,"time":1589725317995,"pid":31073,"hostname":"localhost.localdomain","msg":"Executed insert: INSERT INTO DEVICE_TYPE_CLUSTER (DEVICE_TYPE_REF, CLUSTER_NAME, INCLUDE_CLIENT, INCLUDE_SERVER, LOCK_CLIENT, LOCK_SERVER) VALUES (?,?,?,?,?,?): 72,Power Configuration,false,false,true,false => rowid: 482","v":1}
{"level":30,"time":1589725317995,"pid":31073,"hostname":"localhost.localdomain","msg":"Executed insert: INSERT INTO DEVICE_TYPE_CLUSTER (DEVICE_TYPE_REF, CLUSTER_NAME, INCLUDE_CLIENT, INCLUDE_SERVER, LOCK_CLIENT, LOCK_SERVER) VALUES (?,?,?,?,?,?): 72,Commissioning,false,false,false,false => rowid: 483","v":1}
{"level":30,"time":1589725317995,"pid":31073,"hostname":"localhost.localdomain","msg":"Executed insert: INSERT INTO DEVICE_TYPE_CLUSTER (DEVICE_TYPE_REF, CLUSTER_NAME, INCLUDE_CLIENT, INCLUDE_SERVER, LOCK_CLIENT, LOCK_SERVER) VALUES (?,?,?,?,?,?): 72,Identify,false,false,true,false => rowid: 484","v":1}
{"level":30,"time":1589725317995,"pid":31073,"hostname":"localhost.localdomain","msg":"Executed insert: INSERT INTO DEVICE_TYPE_CLUSTER (DEVICE_TYPE_REF, CLUSTER_NAME, INCLUDE_CLIENT, INCLUDE_SERVER, LOCK_CLIENT, LOCK_SERVER) VALUES (?,?,?,?,?,?): 72,Events,false,false,true,false => rowid: 485","v":1}
{"level":30,"time":1589725317995,"pid":31073,"hostname":"localhost.localdomain","msg":"Executed insert: INSERT INTO DEVICE_TYPE_CLUSTER (DEVICE_TYPE_REF, CLUSTER_NAME, INCLUDE_CLIENT, INCLUDE_SERVER, LOCK_CLIENT, LOCK_SERVER) VALUES (?,?,?,?,?,?): 72,Over the Air Bootloading,false,false,false,false => rowid: 486","v":1}
{"level":30,"time":1589725317995,"pid":31073,"hostname":"localhost.localdomain","msg":"Executed insert: INSERT INTO DEVICE_TYPE_CLUSTER (DEVICE_TYPE_REF, CLUSTER_NAME, INCLUDE_CLIENT, INCLUDE_SERVER, LOCK_CLIENT, LOCK_SERVER) VALUES (?,?,?,?,?,?): 72,Simple Metering,false,true,true,true => rowid: 487","v":1}
{"level":30,"time":1589725317995,"pid":31073,"hostname":"localhost.localdomain","msg":"Executed insert: INSERT INTO DEVICE_TYPE_CLUSTER (DEVICE_TYPE_REF, CLUSTER_NAME, INCLUDE_CLIENT, INCLUDE_SERVER, LOCK_CLIENT, LOCK_SERVER) VALUES (?,?,?,?,?,?): 72,Time,false,false,false,true => rowid: 488","v":1}
{"level":30,"time":1589725317995,"pid":31073,"hostname":"localhost.localdomain","msg":"Executed insert: INSERT INTO DEVICE_TYPE_CLUSTER (DEVICE_TYPE_REF, CLUSTER_NAME, INCLUDE_CLIENT, INCLUDE_SERVER, LOCK_CLIENT, LOCK_SERVER) VALUES (?,?,?,?,?,?): 72,Prepayment,false,false,true,false => rowid: 489","v":1}
{"level":30,"time":1589725317996,"pid":31073,"hostname":"localhost.localdomain","msg":"Executed insert: INSERT INTO DEVICE_TYPE_CLUSTER (DEVICE_TYPE_REF, CLUSTER_NAME, INCLUDE_CLIENT, INCLUDE_SERVER, LOCK_CLIENT, LOCK_SERVER) VALUES (?,?,?,?,?,?): 72,Price,false,false,false,true => rowid: 490","v":1}
{"level":30,"time":1589725317999,"pid":31073,"hostname":"localhost.localdomain","msg":"Executed insert: INSERT INTO DEVICE_TYPE_CLUSTER (DEVICE_TYPE_REF, CLUSTER_NAME, INCLUDE_CLIENT, INCLUDE_SERVER, LOCK_CLIENT, LOCK_SERVER) VALUES (?,?,?,?,?,?): 72,Calendar,false,false,false,true => rowid: 491","v":1}
{"level":30,"time":1589725317999,"pid":31073,"hostname":"localhost.localdomain","msg":"Executed insert: INSERT INTO DEVICE_TYPE_CLUSTER (DEVICE_TYPE_REF, CLUSTER_NAME, INCLUDE_CLIENT, INCLUDE_SERVER, LOCK_CLIENT, LOCK_SERVER) VALUES (?,?,?,?,?,?): 72,Messaging,false,false,false,true => rowid: 492","v":1}
{"level":30,"time":1589725317999,"pid":31073,"hostname":"localhost.localdomain","msg":"Executed insert: INSERT INTO DEVICE_TYPE_CLUSTER (DEVICE_TYPE_REF, CLUSTER_NAME, INCLUDE_CLIENT, INCLUDE_SERVER, LOCK_CLIENT, LOCK_SERVER) VALUES (?,?,?,?,?,?): 72,Device Management,false,false,false,true => rowid: 493","v":1}
{"level":30,"time":1589725317999,"pid":31073,"hostname":"localhost.localdomain","msg":"Executed insert: INSERT INTO DEVICE_TYPE_CLUSTER (DEVICE_TYPE_REF, CLUSTER_NAME, INCLUDE_CLIENT, INCLUDE_SERVER, LOCK_CLIENT, LOCK_SERVER) VALUES (?,?,?,?,?,?): 72,MDU Pairing,false,false,false,true => rowid: 494","v":1}
{"level":30,"time":1589725317999,"pid":31073,"hostname":"localhost.localdomain","msg":"Executed insert: INSERT INTO DEVICE_TYPE_CLUSTER (DEVICE_TYPE_REF, CLUSTER_NAME, INCLUDE_CLIENT, INCLUDE_SERVER, LOCK_CLIENT, LOCK_SERVER) VALUES (?,?,?,?,?,?): 72,Alarms,false,false,true,false => rowid: 495","v":1}
{"level":30,"time":1589725317999,"pid":31073,"hostname":"localhost.localdomain","msg":"Executed insert: INSERT INTO DEVICE_TYPE_CLUSTER (DEVICE_TYPE_REF, CLUSTER_NAME, INCLUDE_CLIENT, INCLUDE_SERVER, LOCK_CLIENT, LOCK_SERVER) VALUES (?,?,?,?,?,?): 72,Tunneling,false,false,false,false => rowid: 496","v":1}
{"level":30,"time":1589725317999,"pid":31073,"hostname":"localhost.localdomain","msg":"Executed insert: INSERT INTO DEVICE_TYPE_CLUSTER (DEVICE_TYPE_REF, CLUSTER_NAME, INCLUDE_CLIENT, INCLUDE_SERVER, LOCK_CLIENT, LOCK_SERVER) VALUES (?,?,?,?,?,?): 72,Keep-Alive,false,false,false,false => rowid: 497","v":1}
{"level":30,"time":1589725317999,"pid":31073,"hostname":"localhost.localdomain","msg":"Preparing statement: INSERT INTO DEVICE_TYPE_ATTRIBUTE (DEVICE_TYPE_CLUSTER_REF, ATTRIBUTE_NAME) VALUES (?, ?) to insert 0 records.","v":1}
{"level":30,"time":1589725318000,"pid":31073,"hostname":"localhost.localdomain","msg":"Preparing statement: INSERT INTO DEVICE_TYPE_COMMAND (DEVICE_TYPE_CLUSTER_REF, COMMAND_NAME) VALUES (?, ?) to insert 0 records.","v":1}
{"level":30,"time":1589725318000,"pid":31073,"hostname":"localhost.localdomain","msg":"Executed insert: INSERT INTO DEVICE_TYPE_CLUSTER (DEVICE_TYPE_REF, CLUSTER_NAME, INCLUDE_CLIENT, INCLUDE_SERVER, LOCK_CLIENT, LOCK_SERVER) VALUES (?,?,?,?,?,?): 77,Basic,false,true,true,true => rowid: 498","v":1}
{"level":30,"time":1589725318000,"pid":31073,"hostname":"localhost.localdomain","msg":"Executed insert: INSERT INTO DEVICE_TYPE_CLUSTER (DEVICE_TYPE_REF, CLUSTER_NAME, INCLUDE_CLIENT, INCLUDE_SERVER, LOCK_CLIENT, LOCK_SERVER) VALUES (?,?,?,?,?,?): 77,Key Establishment,true,true,true,true => rowid: 499","v":1}
{"level":30,"time":1589725318000,"pid":31073,"hostname":"localhost.localdomain","msg":"Executed insert: INSERT INTO DEVICE_TYPE_CLUSTER (DEVICE_TYPE_REF, CLUSTER_NAME, INCLUDE_CLIENT, INCLUDE_SERVER, LOCK_CLIENT, LOCK_SERVER) VALUES (?,?,?,?,?,?): 77,Power Configuration,false,false,true,false => rowid: 500","v":1}
{"level":30,"time":1589725318000,"pid":31073,"hostname":"localhost.localdomain","msg":"Executed insert: INSERT INTO DEVICE_TYPE_CLUSTER (DEVICE_TYPE_REF, CLUSTER_NAME, INCLUDE_CLIENT, INCLUDE_SERVER, LOCK_CLIENT, LOCK_SERVER) VALUES (?,?,?,?,?,?): 77,Commissioning,false,false,false,false => rowid: 501","v":1}
{"level":30,"time":1589725318000,"pid":31073,"hostname":"localhost.localdomain","msg":"Executed insert: INSERT INTO DEVICE_TYPE_CLUSTER (DEVICE_TYPE_REF, CLUSTER_NAME, INCLUDE_CLIENT, INCLUDE_SERVER, LOCK_CLIENT, LOCK_SERVER) VALUES (?,?,?,?,?,?): 77,Identify,false,false,true,false => rowid: 502","v":1}
{"level":30,"time":1589725318000,"pid":31073,"hostname":"localhost.localdomain","msg":"Executed insert: INSERT INTO DEVICE_TYPE_CLUSTER (DEVICE_TYPE_REF, CLUSTER_NAME, INCLUDE_CLIENT, INCLUDE_SERVER, LOCK_CLIENT, LOCK_SERVER) VALUES (?,?,?,?,?,?): 77,Events,false,false,false,false => rowid: 503","v":1}
{"level":30,"time":1589725318000,"pid":31073,"hostname":"localhost.localdomain","msg":"Executed insert: INSERT INTO DEVICE_TYPE_CLUSTER (DEVICE_TYPE_REF, CLUSTER_NAME, INCLUDE_CLIENT, INCLUDE_SERVER, LOCK_CLIENT, LOCK_SERVER) VALUES (?,?,?,?,?,?): 77,Over the Air Bootloading,false,false,false,false => rowid: 504","v":1}
{"level":30,"time":1589725318000,"pid":31073,"hostname":"localhost.localdomain","msg":"Executed insert: INSERT INTO DEVICE_TYPE_CLUSTER (DEVICE_TYPE_REF, CLUSTER_NAME, INCLUDE_CLIENT, INCLUDE_SERVER, LOCK_CLIENT, LOCK_SERVER) VALUES (?,?,?,?,?,?): 77,Simple Metering,false,true,false,true => rowid: 505","v":1}
{"level":30,"time":1589725318000,"pid":31073,"hostname":"localhost.localdomain","msg":"Executed insert: INSERT INTO DEVICE_TYPE_CLUSTER (DEVICE_TYPE_REF, CLUSTER_NAME, INCLUDE_CLIENT, INCLUDE_SERVER, LOCK_CLIENT, LOCK_SERVER) VALUES (?,?,?,?,?,?): 77,Time,false,false,false,true => rowid: 506","v":1}
{"level":30,"time":1589725318000,"pid":31073,"hostname":"localhost.localdomain","msg":"Executed insert: INSERT INTO DEVICE_TYPE_CLUSTER (DEVICE_TYPE_REF, CLUSTER_NAME, INCLUDE_CLIENT, INCLUDE_SERVER, LOCK_CLIENT, LOCK_SERVER) VALUES (?,?,?,?,?,?): 77,Prepayment,false,false,false,false => rowid: 507","v":1}
{"level":30,"time":1589725318000,"pid":31073,"hostname":"localhost.localdomain","msg":"Executed insert: INSERT INTO DEVICE_TYPE_CLUSTER (DEVICE_TYPE_REF, CLUSTER_NAME, INCLUDE_CLIENT, INCLUDE_SERVER, LOCK_CLIENT, LOCK_SERVER) VALUES (?,?,?,?,?,?): 77,Price,false,false,false,true => rowid: 508","v":1}
{"level":30,"time":1589725318000,"pid":31073,"hostname":"localhost.localdomain","msg":"Executed insert: INSERT INTO DEVICE_TYPE_CLUSTER (DEVICE_TYPE_REF, CLUSTER_NAME, INCLUDE_CLIENT, INCLUDE_SERVER, LOCK_CLIENT, LOCK_SERVER) VALUES (?,?,?,?,?,?): 77,Calendar,false,false,false,true => rowid: 509","v":1}
{"level":30,"time":1589725318000,"pid":31073,"hostname":"localhost.localdomain","msg":"Executed insert: INSERT INTO DEVICE_TYPE_CLUSTER (DEVICE_TYPE_REF, CLUSTER_NAME, INCLUDE_CLIENT, INCLUDE_SERVER, LOCK_CLIENT, LOCK_SERVER) VALUES (?,?,?,?,?,?): 77,Messaging,false,false,false,true => rowid: 510","v":1}
{"level":30,"time":1589725318000,"pid":31073,"hostname":"localhost.localdomain","msg":"Executed insert: INSERT INTO DEVICE_TYPE_CLUSTER (DEVICE_TYPE_REF, CLUSTER_NAME, INCLUDE_CLIENT, INCLUDE_SERVER, LOCK_CLIENT, LOCK_SERVER) VALUES (?,?,?,?,?,?): 77,Device Management,false,false,false,true => rowid: 511","v":1}
{"level":30,"time":1589725318000,"pid":31073,"hostname":"localhost.localdomain","msg":"Executed insert: INSERT INTO DEVICE_TYPE_CLUSTER (DEVICE_TYPE_REF, CLUSTER_NAME, INCLUDE_CLIENT, INCLUDE_SERVER, LOCK_CLIENT, LOCK_SERVER) VALUES (?,?,?,?,?,?): 77,MDU Pairing,false,false,false,true => rowid: 512","v":1}
{"level":30,"time":1589725318001,"pid":31073,"hostname":"localhost.localdomain","msg":"Executed insert: INSERT INTO DEVICE_TYPE_CLUSTER (DEVICE_TYPE_REF, CLUSTER_NAME, INCLUDE_CLIENT, INCLUDE_SERVER, LOCK_CLIENT, LOCK_SERVER) VALUES (?,?,?,?,?,?): 77,Alarms,false,false,true,false => rowid: 513","v":1}
{"level":30,"time":1589725318001,"pid":31073,"hostname":"localhost.localdomain","msg":"Executed insert: INSERT INTO DEVICE_TYPE_CLUSTER (DEVICE_TYPE_REF, CLUSTER_NAME, INCLUDE_CLIENT, INCLUDE_SERVER, LOCK_CLIENT, LOCK_SERVER) VALUES (?,?,?,?,?,?): 77,Tunneling,false,false,false,false => rowid: 514","v":1}
{"level":30,"time":1589725318001,"pid":31073,"hostname":"localhost.localdomain","msg":"Executed insert: INSERT INTO DEVICE_TYPE_CLUSTER (DEVICE_TYPE_REF, CLUSTER_NAME, INCLUDE_CLIENT, INCLUDE_SERVER, LOCK_CLIENT, LOCK_SERVER) VALUES (?,?,?,?,?,?): 77,Keep-Alive,false,false,false,false => rowid: 515","v":1}
{"level":30,"time":1589725318001,"pid":31073,"hostname":"localhost.localdomain","msg":"Preparing statement: INSERT INTO DEVICE_TYPE_ATTRIBUTE (DEVICE_TYPE_CLUSTER_REF, ATTRIBUTE_NAME) VALUES (?, ?) to insert 0 records.","v":1}
{"level":30,"time":1589725318001,"pid":31073,"hostname":"localhost.localdomain","msg":"Preparing statement: INSERT INTO DEVICE_TYPE_COMMAND (DEVICE_TYPE_CLUSTER_REF, COMMAND_NAME) VALUES (?, ?) to insert 0 records.","v":1}
{"level":30,"time":1589725318001,"pid":31073,"hostname":"localhost.localdomain","msg":"Executed insert: INSERT INTO DEVICE_TYPE_CLUSTER (DEVICE_TYPE_REF, CLUSTER_NAME, INCLUDE_CLIENT, INCLUDE_SERVER, LOCK_CLIENT, LOCK_SERVER) VALUES (?,?,?,?,?,?): 82,Basic,false,true,true,true => rowid: 516","v":1}
{"level":30,"time":1589725318001,"pid":31073,"hostname":"localhost.localdomain","msg":"Executed insert: INSERT INTO DEVICE_TYPE_CLUSTER (DEVICE_TYPE_REF, CLUSTER_NAME, INCLUDE_CLIENT, INCLUDE_SERVER, LOCK_CLIENT, LOCK_SERVER) VALUES (?,?,?,?,?,?): 82,Key Establishment,true,true,true,true => rowid: 517","v":1}
{"level":30,"time":1589725318001,"pid":31073,"hostname":"localhost.localdomain","msg":"Executed insert: INSERT INTO DEVICE_TYPE_CLUSTER (DEVICE_TYPE_REF, CLUSTER_NAME, INCLUDE_CLIENT, INCLUDE_SERVER, LOCK_CLIENT, LOCK_SERVER) VALUES (?,?,?,?,?,?): 82,Power Configuration,false,false,true,false => rowid: 518","v":1}
{"level":30,"time":1589725318001,"pid":31073,"hostname":"localhost.localdomain","msg":"Executed insert: INSERT INTO DEVICE_TYPE_CLUSTER (DEVICE_TYPE_REF, CLUSTER_NAME, INCLUDE_CLIENT, INCLUDE_SERVER, LOCK_CLIENT, LOCK_SERVER) VALUES (?,?,?,?,?,?): 82,Commissioning,false,false,false,false => rowid: 519","v":1}
{"level":30,"time":1589725318001,"pid":31073,"hostname":"localhost.localdomain","msg":"Executed insert: INSERT INTO DEVICE_TYPE_CLUSTER (DEVICE_TYPE_REF, CLUSTER_NAME, INCLUDE_CLIENT, INCLUDE_SERVER, LOCK_CLIENT, LOCK_SERVER) VALUES (?,?,?,?,?,?): 82,Identify,false,false,true,false => rowid: 520","v":1}
{"level":30,"time":1589725318001,"pid":31073,"hostname":"localhost.localdomain","msg":"Executed insert: INSERT INTO DEVICE_TYPE_CLUSTER (DEVICE_TYPE_REF, CLUSTER_NAME, INCLUDE_CLIENT, INCLUDE_SERVER, LOCK_CLIENT, LOCK_SERVER) VALUES (?,?,?,?,?,?): 82,Events,false,false,false,false => rowid: 521","v":1}
{"level":30,"time":1589725318001,"pid":31073,"hostname":"localhost.localdomain","msg":"Executed insert: INSERT INTO DEVICE_TYPE_CLUSTER (DEVICE_TYPE_REF, CLUSTER_NAME, INCLUDE_CLIENT, INCLUDE_SERVER, LOCK_CLIENT, LOCK_SERVER) VALUES (?,?,?,?,?,?): 82,Over the Air Bootloading,false,false,false,false => rowid: 522","v":1}
{"level":30,"time":1589725318001,"pid":31073,"hostname":"localhost.localdomain","msg":"Executed insert: INSERT INTO DEVICE_TYPE_CLUSTER (DEVICE_TYPE_REF, CLUSTER_NAME, INCLUDE_CLIENT, INCLUDE_SERVER, LOCK_CLIENT, LOCK_SERVER) VALUES (?,?,?,?,?,?): 82,Demand Response and Load Control,false,false,false,true => rowid: 523","v":1}
{"level":30,"time":1589725318002,"pid":31073,"hostname":"localhost.localdomain","msg":"Executed insert: INSERT INTO DEVICE_TYPE_CLUSTER (DEVICE_TYPE_REF, CLUSTER_NAME, INCLUDE_CLIENT, INCLUDE_SERVER, LOCK_CLIENT, LOCK_SERVER) VALUES (?,?,?,?,?,?): 82,Time,false,false,false,true => rowid: 524","v":1}
{"level":30,"time":1589725318002,"pid":31073,"hostname":"localhost.localdomain","msg":"Executed insert: INSERT INTO DEVICE_TYPE_CLUSTER (DEVICE_TYPE_REF, CLUSTER_NAME, INCLUDE_CLIENT, INCLUDE_SERVER, LOCK_CLIENT, LOCK_SERVER) VALUES (?,?,?,?,?,?): 82,Prepayment,false,false,false,true => rowid: 525","v":1}
{"level":30,"time":1589725318002,"pid":31073,"hostname":"localhost.localdomain","msg":"Executed insert: INSERT INTO DEVICE_TYPE_CLUSTER (DEVICE_TYPE_REF, CLUSTER_NAME, INCLUDE_CLIENT, INCLUDE_SERVER, LOCK_CLIENT, LOCK_SERVER) VALUES (?,?,?,?,?,?): 82,Price,false,false,false,true => rowid: 526","v":1}
{"level":30,"time":1589725318002,"pid":31073,"hostname":"localhost.localdomain","msg":"Executed insert: INSERT INTO DEVICE_TYPE_CLUSTER (DEVICE_TYPE_REF, CLUSTER_NAME, INCLUDE_CLIENT, INCLUDE_SERVER, LOCK_CLIENT, LOCK_SERVER) VALUES (?,?,?,?,?,?): 82,Calendar,false,false,false,true => rowid: 527","v":1}
{"level":30,"time":1589725318002,"pid":31073,"hostname":"localhost.localdomain","msg":"Executed insert: INSERT INTO DEVICE_TYPE_CLUSTER (DEVICE_TYPE_REF, CLUSTER_NAME, INCLUDE_CLIENT, INCLUDE_SERVER, LOCK_CLIENT, LOCK_SERVER) VALUES (?,?,?,?,?,?): 82,Simple Metering,false,false,false,true => rowid: 528","v":1}
{"level":30,"time":1589725318002,"pid":31073,"hostname":"localhost.localdomain","msg":"Executed insert: INSERT INTO DEVICE_TYPE_CLUSTER (DEVICE_TYPE_REF, CLUSTER_NAME, INCLUDE_CLIENT, INCLUDE_SERVER, LOCK_CLIENT, LOCK_SERVER) VALUES (?,?,?,?,?,?): 82,Messaging,false,false,false,true => rowid: 529","v":1}
{"level":30,"time":1589725318002,"pid":31073,"hostname":"localhost.localdomain","msg":"Executed insert: INSERT INTO DEVICE_TYPE_CLUSTER (DEVICE_TYPE_REF, CLUSTER_NAME, INCLUDE_CLIENT, INCLUDE_SERVER, LOCK_CLIENT, LOCK_SERVER) VALUES (?,?,?,?,?,?): 82,Device Management,false,false,false,true => rowid: 530","v":1}
{"level":30,"time":1589725318002,"pid":31073,"hostname":"localhost.localdomain","msg":"Executed insert: INSERT INTO DEVICE_TYPE_CLUSTER (DEVICE_TYPE_REF, CLUSTER_NAME, INCLUDE_CLIENT, INCLUDE_SERVER, LOCK_CLIENT, LOCK_SERVER) VALUES (?,?,?,?,?,?): 82,MDU Pairing,false,false,false,true => rowid: 531","v":1}
{"level":30,"time":1589725318002,"pid":31073,"hostname":"localhost.localdomain","msg":"Executed insert: INSERT INTO DEVICE_TYPE_CLUSTER (DEVICE_TYPE_REF, CLUSTER_NAME, INCLUDE_CLIENT, INCLUDE_SERVER, LOCK_CLIENT, LOCK_SERVER) VALUES (?,?,?,?,?,?): 82,Energy Management,false,false,false,true => rowid: 532","v":1}
{"level":30,"time":1589725318002,"pid":31073,"hostname":"localhost.localdomain","msg":"Executed insert: INSERT INTO DEVICE_TYPE_CLUSTER (DEVICE_TYPE_REF, CLUSTER_NAME, INCLUDE_CLIENT, INCLUDE_SERVER, LOCK_CLIENT, LOCK_SERVER) VALUES (?,?,?,?,?,?): 82,Alarms,false,false,true,false => rowid: 533","v":1}
{"level":30,"time":1589725318002,"pid":31073,"hostname":"localhost.localdomain","msg":"Executed insert: INSERT INTO DEVICE_TYPE_CLUSTER (DEVICE_TYPE_REF, CLUSTER_NAME, INCLUDE_CLIENT, INCLUDE_SERVER, LOCK_CLIENT, LOCK_SERVER) VALUES (?,?,?,?,?,?): 82,Tunneling,false,false,false,false => rowid: 534","v":1}
{"level":30,"time":1589725318002,"pid":31073,"hostname":"localhost.localdomain","msg":"Executed insert: INSERT INTO DEVICE_TYPE_CLUSTER (DEVICE_TYPE_REF, CLUSTER_NAME, INCLUDE_CLIENT, INCLUDE_SERVER, LOCK_CLIENT, LOCK_SERVER) VALUES (?,?,?,?,?,?): 82,Keep-Alive,false,false,false,false => rowid: 535","v":1}
{"level":30,"time":1589725318002,"pid":31073,"hostname":"localhost.localdomain","msg":"Preparing statement: INSERT INTO DEVICE_TYPE_ATTRIBUTE (DEVICE_TYPE_CLUSTER_REF, ATTRIBUTE_NAME) VALUES (?, ?) to insert 0 records.","v":1}
{"level":30,"time":1589725318002,"pid":31073,"hostname":"localhost.localdomain","msg":"Preparing statement: INSERT INTO DEVICE_TYPE_COMMAND (DEVICE_TYPE_CLUSTER_REF, COMMAND_NAME) VALUES (?, ?) to insert 0 records.","v":1}
{"level":30,"time":1589725318002,"pid":31073,"hostname":"localhost.localdomain","msg":"Executed insert: INSERT INTO DEVICE_TYPE_CLUSTER (DEVICE_TYPE_REF, CLUSTER_NAME, INCLUDE_CLIENT, INCLUDE_SERVER, LOCK_CLIENT, LOCK_SERVER) VALUES (?,?,?,?,?,?): 87,Basic,false,true,true,true => rowid: 536","v":1}
{"level":30,"time":1589725318002,"pid":31073,"hostname":"localhost.localdomain","msg":"Executed insert: INSERT INTO DEVICE_TYPE_CLUSTER (DEVICE_TYPE_REF, CLUSTER_NAME, INCLUDE_CLIENT, INCLUDE_SERVER, LOCK_CLIENT, LOCK_SERVER) VALUES (?,?,?,?,?,?): 87,Key Establishment,true,true,true,true => rowid: 537","v":1}
{"level":30,"time":1589725318002,"pid":31073,"hostname":"localhost.localdomain","msg":"Executed insert: INSERT INTO DEVICE_TYPE_CLUSTER (DEVICE_TYPE_REF, CLUSTER_NAME, INCLUDE_CLIENT, INCLUDE_SERVER, LOCK_CLIENT, LOCK_SERVER) VALUES (?,?,?,?,?,?): 87,Power Configuration,false,false,true,false => rowid: 538","v":1}
{"level":30,"time":1589725318003,"pid":31073,"hostname":"localhost.localdomain","msg":"Executed insert: INSERT INTO DEVICE_TYPE_CLUSTER (DEVICE_TYPE_REF, CLUSTER_NAME, INCLUDE_CLIENT, INCLUDE_SERVER, LOCK_CLIENT, LOCK_SERVER) VALUES (?,?,?,?,?,?): 87,Commissioning,false,false,false,false => rowid: 539","v":1}
{"level":30,"time":1589725318003,"pid":31073,"hostname":"localhost.localdomain","msg":"Executed insert: INSERT INTO DEVICE_TYPE_CLUSTER (DEVICE_TYPE_REF, CLUSTER_NAME, INCLUDE_CLIENT, INCLUDE_SERVER, LOCK_CLIENT, LOCK_SERVER) VALUES (?,?,?,?,?,?): 87,Identify,false,false,true,false => rowid: 540","v":1}
{"level":30,"time":1589725318003,"pid":31073,"hostname":"localhost.localdomain","msg":"Executed insert: INSERT INTO DEVICE_TYPE_CLUSTER (DEVICE_TYPE_REF, CLUSTER_NAME, INCLUDE_CLIENT, INCLUDE_SERVER, LOCK_CLIENT, LOCK_SERVER) VALUES (?,?,?,?,?,?): 87,Events,false,false,true,false => rowid: 541","v":1}
{"level":30,"time":1589725318003,"pid":31073,"hostname":"localhost.localdomain","msg":"Executed insert: INSERT INTO DEVICE_TYPE_CLUSTER (DEVICE_TYPE_REF, CLUSTER_NAME, INCLUDE_CLIENT, INCLUDE_SERVER, LOCK_CLIENT, LOCK_SERVER) VALUES (?,?,?,?,?,?): 87,Over the Air Bootloading,false,false,false,false => rowid: 542","v":1}
{"level":30,"time":1589725318003,"pid":31073,"hostname":"localhost.localdomain","msg":"Executed insert: INSERT INTO DEVICE_TYPE_CLUSTER (DEVICE_TYPE_REF, CLUSTER_NAME, INCLUDE_CLIENT, INCLUDE_SERVER, LOCK_CLIENT, LOCK_SERVER) VALUES (?,?,?,?,?,?): 87,Demand Response and Load Control,true,false,true,true => rowid: 543","v":1}
{"level":30,"time":1589725318003,"pid":31073,"hostname":"localhost.localdomain","msg":"Executed insert: INSERT INTO DEVICE_TYPE_CLUSTER (DEVICE_TYPE_REF, CLUSTER_NAME, INCLUDE_CLIENT, INCLUDE_SERVER, LOCK_CLIENT, LOCK_SERVER) VALUES (?,?,?,?,?,?): 87,Time,true,false,true,true => rowid: 544","v":1}
{"level":30,"time":1589725318003,"pid":31073,"hostname":"localhost.localdomain","msg":"Executed insert: INSERT INTO DEVICE_TYPE_CLUSTER (DEVICE_TYPE_REF, CLUSTER_NAME, INCLUDE_CLIENT, INCLUDE_SERVER, LOCK_CLIENT, LOCK_SERVER) VALUES (?,?,?,?,?,?): 87,Prepayment,false,false,false,true => rowid: 545","v":1}
{"level":30,"time":1589725318003,"pid":31073,"hostname":"localhost.localdomain","msg":"Executed insert: INSERT INTO DEVICE_TYPE_CLUSTER (DEVICE_TYPE_REF, CLUSTER_NAME, INCLUDE_CLIENT, INCLUDE_SERVER, LOCK_CLIENT, LOCK_SERVER) VALUES (?,?,?,?,?,?): 87,Price,false,false,false,true => rowid: 546","v":1}
{"level":30,"time":1589725318003,"pid":31073,"hostname":"localhost.localdomain","msg":"Executed insert: INSERT INTO DEVICE_TYPE_CLUSTER (DEVICE_TYPE_REF, CLUSTER_NAME, INCLUDE_CLIENT, INCLUDE_SERVER, LOCK_CLIENT, LOCK_SERVER) VALUES (?,?,?,?,?,?): 87,Calendar,false,false,false,true => rowid: 547","v":1}
{"level":30,"time":1589725318003,"pid":31073,"hostname":"localhost.localdomain","msg":"Executed insert: INSERT INTO DEVICE_TYPE_CLUSTER (DEVICE_TYPE_REF, CLUSTER_NAME, INCLUDE_CLIENT, INCLUDE_SERVER, LOCK_CLIENT, LOCK_SERVER) VALUES (?,?,?,?,?,?): 87,Simple Metering,false,false,false,true => rowid: 548","v":1}
{"level":30,"time":1589725318003,"pid":31073,"hostname":"localhost.localdomain","msg":"Executed insert: INSERT INTO DEVICE_TYPE_CLUSTER (DEVICE_TYPE_REF, CLUSTER_NAME, INCLUDE_CLIENT, INCLUDE_SERVER, LOCK_CLIENT, LOCK_SERVER) VALUES (?,?,?,?,?,?): 87,Messaging,false,false,false,true => rowid: 549","v":1}
{"level":30,"time":1589725318003,"pid":31073,"hostname":"localhost.localdomain","msg":"Executed insert: INSERT INTO DEVICE_TYPE_CLUSTER (DEVICE_TYPE_REF, CLUSTER_NAME, INCLUDE_CLIENT, INCLUDE_SERVER, LOCK_CLIENT, LOCK_SERVER) VALUES (?,?,?,?,?,?): 87,Device Management,false,false,false,true => rowid: 550","v":1}
{"level":30,"time":1589725318003,"pid":31073,"hostname":"localhost.localdomain","msg":"Executed insert: INSERT INTO DEVICE_TYPE_CLUSTER (DEVICE_TYPE_REF, CLUSTER_NAME, INCLUDE_CLIENT, INCLUDE_SERVER, LOCK_CLIENT, LOCK_SERVER) VALUES (?,?,?,?,?,?): 87,MDU Pairing,false,false,false,true => rowid: 551","v":1}
{"level":30,"time":1589725318003,"pid":31073,"hostname":"localhost.localdomain","msg":"Executed insert: INSERT INTO DEVICE_TYPE_CLUSTER (DEVICE_TYPE_REF, CLUSTER_NAME, INCLUDE_CLIENT, INCLUDE_SERVER, LOCK_CLIENT, LOCK_SERVER) VALUES (?,?,?,?,?,?): 87,Energy Management,false,false,true,false => rowid: 552","v":1}
{"level":30,"time":1589725318003,"pid":31073,"hostname":"localhost.localdomain","msg":"Executed insert: INSERT INTO DEVICE_TYPE_CLUSTER (DEVICE_TYPE_REF, CLUSTER_NAME, INCLUDE_CLIENT, INCLUDE_SERVER, LOCK_CLIENT, LOCK_SERVER) VALUES (?,?,?,?,?,?): 87,Alarms,false,false,true,false => rowid: 553","v":1}
{"level":30,"time":1589725318003,"pid":31073,"hostname":"localhost.localdomain","msg":"Executed insert: INSERT INTO DEVICE_TYPE_CLUSTER (DEVICE_TYPE_REF, CLUSTER_NAME, INCLUDE_CLIENT, INCLUDE_SERVER, LOCK_CLIENT, LOCK_SERVER) VALUES (?,?,?,?,?,?): 87,Tunneling,false,false,false,false => rowid: 554","v":1}
{"level":30,"time":1589725318003,"pid":31073,"hostname":"localhost.localdomain","msg":"Executed insert: INSERT INTO DEVICE_TYPE_CLUSTER (DEVICE_TYPE_REF, CLUSTER_NAME, INCLUDE_CLIENT, INCLUDE_SERVER, LOCK_CLIENT, LOCK_SERVER) VALUES (?,?,?,?,?,?): 87,Keep-Alive,false,false,false,false => rowid: 555","v":1}
{"level":30,"time":1589725318003,"pid":31073,"hostname":"localhost.localdomain","msg":"Preparing statement: INSERT INTO DEVICE_TYPE_ATTRIBUTE (DEVICE_TYPE_CLUSTER_REF, ATTRIBUTE_NAME) VALUES (?, ?) to insert 0 records.","v":1}
{"level":30,"time":1589725318003,"pid":31073,"hostname":"localhost.localdomain","msg":"Preparing statement: INSERT INTO DEVICE_TYPE_COMMAND (DEVICE_TYPE_CLUSTER_REF, COMMAND_NAME) VALUES (?, ?) to insert 0 records.","v":1}
{"level":30,"time":1589725318004,"pid":31073,"hostname":"localhost.localdomain","msg":"Executed insert: INSERT INTO DEVICE_TYPE_CLUSTER (DEVICE_TYPE_REF, CLUSTER_NAME, INCLUDE_CLIENT, INCLUDE_SERVER, LOCK_CLIENT, LOCK_SERVER) VALUES (?,?,?,?,?,?): 91,Basic,false,true,true,true => rowid: 556","v":1}
{"level":30,"time":1589725318004,"pid":31073,"hostname":"localhost.localdomain","msg":"Executed insert: INSERT INTO DEVICE_TYPE_CLUSTER (DEVICE_TYPE_REF, CLUSTER_NAME, INCLUDE_CLIENT, INCLUDE_SERVER, LOCK_CLIENT, LOCK_SERVER) VALUES (?,?,?,?,?,?): 91,Key Establishment,true,true,true,true => rowid: 557","v":1}
{"level":30,"time":1589725318004,"pid":31073,"hostname":"localhost.localdomain","msg":"Executed insert: INSERT INTO DEVICE_TYPE_CLUSTER (DEVICE_TYPE_REF, CLUSTER_NAME, INCLUDE_CLIENT, INCLUDE_SERVER, LOCK_CLIENT, LOCK_SERVER) VALUES (?,?,?,?,?,?): 91,Power Configuration,false,false,true,false => rowid: 558","v":1}
{"level":30,"time":1589725318004,"pid":31073,"hostname":"localhost.localdomain","msg":"Executed insert: INSERT INTO DEVICE_TYPE_CLUSTER (DEVICE_TYPE_REF, CLUSTER_NAME, INCLUDE_CLIENT, INCLUDE_SERVER, LOCK_CLIENT, LOCK_SERVER) VALUES (?,?,?,?,?,?): 91,Commissioning,false,false,false,false => rowid: 559","v":1}
{"level":30,"time":1589725318004,"pid":31073,"hostname":"localhost.localdomain","msg":"Executed insert: INSERT INTO DEVICE_TYPE_CLUSTER (DEVICE_TYPE_REF, CLUSTER_NAME, INCLUDE_CLIENT, INCLUDE_SERVER, LOCK_CLIENT, LOCK_SERVER) VALUES (?,?,?,?,?,?): 91,Identify,false,false,true,false => rowid: 560","v":1}
{"level":30,"time":1589725318004,"pid":31073,"hostname":"localhost.localdomain","msg":"Executed insert: INSERT INTO DEVICE_TYPE_CLUSTER (DEVICE_TYPE_REF, CLUSTER_NAME, INCLUDE_CLIENT, INCLUDE_SERVER, LOCK_CLIENT, LOCK_SERVER) VALUES (?,?,?,?,?,?): 91,Events,false,false,true,false => rowid: 561","v":1}
{"level":30,"time":1589725318004,"pid":31073,"hostname":"localhost.localdomain","msg":"Executed insert: INSERT INTO DEVICE_TYPE_CLUSTER (DEVICE_TYPE_REF, CLUSTER_NAME, INCLUDE_CLIENT, INCLUDE_SERVER, LOCK_CLIENT, LOCK_SERVER) VALUES (?,?,?,?,?,?): 91,Over the Air Bootloading,false,false,false,false => rowid: 562","v":1}
{"level":30,"time":1589725318004,"pid":31073,"hostname":"localhost.localdomain","msg":"Executed insert: INSERT INTO DEVICE_TYPE_CLUSTER (DEVICE_TYPE_REF, CLUSTER_NAME, INCLUDE_CLIENT, INCLUDE_SERVER, LOCK_CLIENT, LOCK_SERVER) VALUES (?,?,?,?,?,?): 91,Demand Response and Load Control,true,false,true,true => rowid: 563","v":1}
{"level":30,"time":1589725318004,"pid":31073,"hostname":"localhost.localdomain","msg":"Executed insert: INSERT INTO DEVICE_TYPE_CLUSTER (DEVICE_TYPE_REF, CLUSTER_NAME, INCLUDE_CLIENT, INCLUDE_SERVER, LOCK_CLIENT, LOCK_SERVER) VALUES (?,?,?,?,?,?): 91,Time,true,false,true,true => rowid: 564","v":1}
{"level":30,"time":1589725318004,"pid":31073,"hostname":"localhost.localdomain","msg":"Executed insert: INSERT INTO DEVICE_TYPE_CLUSTER (DEVICE_TYPE_REF, CLUSTER_NAME, INCLUDE_CLIENT, INCLUDE_SERVER, LOCK_CLIENT, LOCK_SERVER) VALUES (?,?,?,?,?,?): 91,Price,false,false,false,true => rowid: 565","v":1}
{"level":30,"time":1589725318004,"pid":31073,"hostname":"localhost.localdomain","msg":"Executed insert: INSERT INTO DEVICE_TYPE_CLUSTER (DEVICE_TYPE_REF, CLUSTER_NAME, INCLUDE_CLIENT, INCLUDE_SERVER, LOCK_CLIENT, LOCK_SERVER) VALUES (?,?,?,?,?,?): 91,Calendar,false,false,false,true => rowid: 566","v":1}
{"level":30,"time":1589725318004,"pid":31073,"hostname":"localhost.localdomain","msg":"Executed insert: INSERT INTO DEVICE_TYPE_CLUSTER (DEVICE_TYPE_REF, CLUSTER_NAME, INCLUDE_CLIENT, INCLUDE_SERVER, LOCK_CLIENT, LOCK_SERVER) VALUES (?,?,?,?,?,?): 91,Device Management,false,false,false,true => rowid: 567","v":1}
{"level":30,"time":1589725318004,"pid":31073,"hostname":"localhost.localdomain","msg":"Executed insert: INSERT INTO DEVICE_TYPE_CLUSTER (DEVICE_TYPE_REF, CLUSTER_NAME, INCLUDE_CLIENT, INCLUDE_SERVER, LOCK_CLIENT, LOCK_SERVER) VALUES (?,?,?,?,?,?): 91,MDU Pairing,false,false,false,true => rowid: 568","v":1}
{"level":30,"time":1589725318004,"pid":31073,"hostname":"localhost.localdomain","msg":"Executed insert: INSERT INTO DEVICE_TYPE_CLUSTER (DEVICE_TYPE_REF, CLUSTER_NAME, INCLUDE_CLIENT, INCLUDE_SERVER, LOCK_CLIENT, LOCK_SERVER) VALUES (?,?,?,?,?,?): 91,Energy Management,false,false,true,false => rowid: 569","v":1}
{"level":30,"time":1589725318004,"pid":31073,"hostname":"localhost.localdomain","msg":"Executed insert: INSERT INTO DEVICE_TYPE_CLUSTER (DEVICE_TYPE_REF, CLUSTER_NAME, INCLUDE_CLIENT, INCLUDE_SERVER, LOCK_CLIENT, LOCK_SERVER) VALUES (?,?,?,?,?,?): 91,Alarms,false,false,true,false => rowid: 570","v":1}
{"level":30,"time":1589725318004,"pid":31073,"hostname":"localhost.localdomain","msg":"Executed insert: INSERT INTO DEVICE_TYPE_CLUSTER (DEVICE_TYPE_REF, CLUSTER_NAME, INCLUDE_CLIENT, INCLUDE_SERVER, LOCK_CLIENT, LOCK_SERVER) VALUES (?,?,?,?,?,?): 91,Tunneling,false,false,false,false => rowid: 571","v":1}
{"level":30,"time":1589725318004,"pid":31073,"hostname":"localhost.localdomain","msg":"Executed insert: INSERT INTO DEVICE_TYPE_CLUSTER (DEVICE_TYPE_REF, CLUSTER_NAME, INCLUDE_CLIENT, INCLUDE_SERVER, LOCK_CLIENT, LOCK_SERVER) VALUES (?,?,?,?,?,?): 91,Keep-Alive,false,false,false,false => rowid: 572","v":1}
{"level":30,"time":1589725318004,"pid":31073,"hostname":"localhost.localdomain","msg":"Preparing statement: INSERT INTO DEVICE_TYPE_ATTRIBUTE (DEVICE_TYPE_CLUSTER_REF, ATTRIBUTE_NAME) VALUES (?, ?) to insert 0 records.","v":1}
{"level":30,"time":1589725318004,"pid":31073,"hostname":"localhost.localdomain","msg":"Preparing statement: INSERT INTO DEVICE_TYPE_COMMAND (DEVICE_TYPE_CLUSTER_REF, COMMAND_NAME) VALUES (?, ?) to insert 0 records.","v":1}
{"level":30,"time":1589725318005,"pid":31073,"hostname":"localhost.localdomain","msg":"Executed insert: INSERT INTO DEVICE_TYPE_CLUSTER (DEVICE_TYPE_REF, CLUSTER_NAME, INCLUDE_CLIENT, INCLUDE_SERVER, LOCK_CLIENT, LOCK_SERVER) VALUES (?,?,?,?,?,?): 95,Basic,false,true,true,true => rowid: 573","v":1}
{"level":30,"time":1589725318005,"pid":31073,"hostname":"localhost.localdomain","msg":"Executed insert: INSERT INTO DEVICE_TYPE_CLUSTER (DEVICE_TYPE_REF, CLUSTER_NAME, INCLUDE_CLIENT, INCLUDE_SERVER, LOCK_CLIENT, LOCK_SERVER) VALUES (?,?,?,?,?,?): 95,Key Establishment,true,true,true,true => rowid: 574","v":1}
{"level":30,"time":1589725318005,"pid":31073,"hostname":"localhost.localdomain","msg":"Executed insert: INSERT INTO DEVICE_TYPE_CLUSTER (DEVICE_TYPE_REF, CLUSTER_NAME, INCLUDE_CLIENT, INCLUDE_SERVER, LOCK_CLIENT, LOCK_SERVER) VALUES (?,?,?,?,?,?): 95,Power Configuration,false,false,true,false => rowid: 575","v":1}
{"level":30,"time":1589725318005,"pid":31073,"hostname":"localhost.localdomain","msg":"Executed insert: INSERT INTO DEVICE_TYPE_CLUSTER (DEVICE_TYPE_REF, CLUSTER_NAME, INCLUDE_CLIENT, INCLUDE_SERVER, LOCK_CLIENT, LOCK_SERVER) VALUES (?,?,?,?,?,?): 95,Commissioning,false,false,false,false => rowid: 576","v":1}
{"level":30,"time":1589725318005,"pid":31073,"hostname":"localhost.localdomain","msg":"Executed insert: INSERT INTO DEVICE_TYPE_CLUSTER (DEVICE_TYPE_REF, CLUSTER_NAME, INCLUDE_CLIENT, INCLUDE_SERVER, LOCK_CLIENT, LOCK_SERVER) VALUES (?,?,?,?,?,?): 95,Over the Air Bootloading,false,false,false,false => rowid: 577","v":1}
{"level":30,"time":1589725318005,"pid":31073,"hostname":"localhost.localdomain","msg":"Executed insert: INSERT INTO DEVICE_TYPE_CLUSTER (DEVICE_TYPE_REF, CLUSTER_NAME, INCLUDE_CLIENT, INCLUDE_SERVER, LOCK_CLIENT, LOCK_SERVER) VALUES (?,?,?,?,?,?): 95,Price,true,false,true,true => rowid: 578","v":1}
{"level":30,"time":1589725318005,"pid":31073,"hostname":"localhost.localdomain","msg":"Executed insert: INSERT INTO DEVICE_TYPE_CLUSTER (DEVICE_TYPE_REF, CLUSTER_NAME, INCLUDE_CLIENT, INCLUDE_SERVER, LOCK_CLIENT, LOCK_SERVER) VALUES (?,?,?,?,?,?): 95,Time,true,false,true,true => rowid: 579","v":1}
{"level":30,"time":1589725318005,"pid":31073,"hostname":"localhost.localdomain","msg":"Executed insert: INSERT INTO DEVICE_TYPE_CLUSTER (DEVICE_TYPE_REF, CLUSTER_NAME, INCLUDE_CLIENT, INCLUDE_SERVER, LOCK_CLIENT, LOCK_SERVER) VALUES (?,?,?,?,?,?): 95,Demand Response and Load Control,false,false,false,true => rowid: 580","v":1}
{"level":30,"time":1589725318005,"pid":31073,"hostname":"localhost.localdomain","msg":"Executed insert: INSERT INTO DEVICE_TYPE_CLUSTER (DEVICE_TYPE_REF, CLUSTER_NAME, INCLUDE_CLIENT, INCLUDE_SERVER, LOCK_CLIENT, LOCK_SERVER) VALUES (?,?,?,?,?,?): 95,Messaging,false,false,false,true => rowid: 581","v":1}
{"level":30,"time":1589725318005,"pid":31073,"hostname":"localhost.localdomain","msg":"Executed insert: INSERT INTO DEVICE_TYPE_CLUSTER (DEVICE_TYPE_REF, CLUSTER_NAME, INCLUDE_CLIENT, INCLUDE_SERVER, LOCK_CLIENT, LOCK_SERVER) VALUES (?,?,?,?,?,?): 95,Calendar,false,false,false,true => rowid: 582","v":1}
{"level":30,"time":1589725318005,"pid":31073,"hostname":"localhost.localdomain","msg":"Executed insert: INSERT INTO DEVICE_TYPE_CLUSTER (DEVICE_TYPE_REF, CLUSTER_NAME, INCLUDE_CLIENT, INCLUDE_SERVER, LOCK_CLIENT, LOCK_SERVER) VALUES (?,?,?,?,?,?): 95,Device Management,false,false,false,true => rowid: 583","v":1}
{"level":30,"time":1589725318005,"pid":31073,"hostname":"localhost.localdomain","msg":"Executed insert: INSERT INTO DEVICE_TYPE_CLUSTER (DEVICE_TYPE_REF, CLUSTER_NAME, INCLUDE_CLIENT, INCLUDE_SERVER, LOCK_CLIENT, LOCK_SERVER) VALUES (?,?,?,?,?,?): 95,MDU Pairing,false,false,false,true => rowid: 584","v":1}
{"level":30,"time":1589725318005,"pid":31073,"hostname":"localhost.localdomain","msg":"Executed insert: INSERT INTO DEVICE_TYPE_CLUSTER (DEVICE_TYPE_REF, CLUSTER_NAME, INCLUDE_CLIENT, INCLUDE_SERVER, LOCK_CLIENT, LOCK_SERVER) VALUES (?,?,?,?,?,?): 95,Energy Management,false,false,true,false => rowid: 585","v":1}
{"level":30,"time":1589725318005,"pid":31073,"hostname":"localhost.localdomain","msg":"Executed insert: INSERT INTO DEVICE_TYPE_CLUSTER (DEVICE_TYPE_REF, CLUSTER_NAME, INCLUDE_CLIENT, INCLUDE_SERVER, LOCK_CLIENT, LOCK_SERVER) VALUES (?,?,?,?,?,?): 95,Alarms,false,false,true,false => rowid: 586","v":1}
{"level":30,"time":1589725318005,"pid":31073,"hostname":"localhost.localdomain","msg":"Executed insert: INSERT INTO DEVICE_TYPE_CLUSTER (DEVICE_TYPE_REF, CLUSTER_NAME, INCLUDE_CLIENT, INCLUDE_SERVER, LOCK_CLIENT, LOCK_SERVER) VALUES (?,?,?,?,?,?): 95,Tunneling,false,false,false,false => rowid: 587","v":1}
{"level":30,"time":1589725318005,"pid":31073,"hostname":"localhost.localdomain","msg":"Executed insert: INSERT INTO DEVICE_TYPE_CLUSTER (DEVICE_TYPE_REF, CLUSTER_NAME, INCLUDE_CLIENT, INCLUDE_SERVER, LOCK_CLIENT, LOCK_SERVER) VALUES (?,?,?,?,?,?): 95,Keep-Alive,false,false,false,false => rowid: 588","v":1}
{"level":30,"time":1589725318005,"pid":31073,"hostname":"localhost.localdomain","msg":"Executed insert: INSERT INTO DEVICE_TYPE_CLUSTER (DEVICE_TYPE_REF, CLUSTER_NAME, INCLUDE_CLIENT, INCLUDE_SERVER, LOCK_CLIENT, LOCK_SERVER) VALUES (?,?,?,?,?,?): 99,Basic,false,true,true,true => rowid: 589","v":1}
{"level":30,"time":1589725318005,"pid":31073,"hostname":"localhost.localdomain","msg":"Executed insert: INSERT INTO DEVICE_TYPE_CLUSTER (DEVICE_TYPE_REF, CLUSTER_NAME, INCLUDE_CLIENT, INCLUDE_SERVER, LOCK_CLIENT, LOCK_SERVER) VALUES (?,?,?,?,?,?): 99,Key Establishment,true,true,true,true => rowid: 590","v":1}
{"level":30,"time":1589725318005,"pid":31073,"hostname":"localhost.localdomain","msg":"Executed insert: INSERT INTO DEVICE_TYPE_CLUSTER (DEVICE_TYPE_REF, CLUSTER_NAME, INCLUDE_CLIENT, INCLUDE_SERVER, LOCK_CLIENT, LOCK_SERVER) VALUES (?,?,?,?,?,?): 99,Power Configuration,false,false,true,false => rowid: 591","v":1}
{"level":30,"time":1589725318005,"pid":31073,"hostname":"localhost.localdomain","msg":"Executed insert: INSERT INTO DEVICE_TYPE_CLUSTER (DEVICE_TYPE_REF, CLUSTER_NAME, INCLUDE_CLIENT, INCLUDE_SERVER, LOCK_CLIENT, LOCK_SERVER) VALUES (?,?,?,?,?,?): 99,Commissioning,false,false,false,false => rowid: 592","v":1}
{"level":30,"time":1589725318006,"pid":31073,"hostname":"localhost.localdomain","msg":"Executed insert: INSERT INTO DEVICE_TYPE_CLUSTER (DEVICE_TYPE_REF, CLUSTER_NAME, INCLUDE_CLIENT, INCLUDE_SERVER, LOCK_CLIENT, LOCK_SERVER) VALUES (?,?,?,?,?,?): 99,Identify,false,false,true,false => rowid: 593","v":1}
{"level":30,"time":1589725318006,"pid":31073,"hostname":"localhost.localdomain","msg":"Executed insert: INSERT INTO DEVICE_TYPE_CLUSTER (DEVICE_TYPE_REF, CLUSTER_NAME, INCLUDE_CLIENT, INCLUDE_SERVER, LOCK_CLIENT, LOCK_SERVER) VALUES (?,?,?,?,?,?): 99,Events,false,false,true,false => rowid: 594","v":1}
{"level":30,"time":1589725318006,"pid":31073,"hostname":"localhost.localdomain","msg":"Executed insert: INSERT INTO DEVICE_TYPE_CLUSTER (DEVICE_TYPE_REF, CLUSTER_NAME, INCLUDE_CLIENT, INCLUDE_SERVER, LOCK_CLIENT, LOCK_SERVER) VALUES (?,?,?,?,?,?): 99,Over the Air Bootloading,false,false,false,false => rowid: 595","v":1}
{"level":30,"time":1589725318006,"pid":31073,"hostname":"localhost.localdomain","msg":"Executed insert: INSERT INTO DEVICE_TYPE_CLUSTER (DEVICE_TYPE_REF, CLUSTER_NAME, INCLUDE_CLIENT, INCLUDE_SERVER, LOCK_CLIENT, LOCK_SERVER) VALUES (?,?,?,?,?,?): 99,Tunneling,false,false,false,false => rowid: 596","v":1}
{"level":30,"time":1589725318006,"pid":31073,"hostname":"localhost.localdomain","msg":"Executed insert: INSERT INTO DEVICE_TYPE_CLUSTER (DEVICE_TYPE_REF, CLUSTER_NAME, INCLUDE_CLIENT, INCLUDE_SERVER, LOCK_CLIENT, LOCK_SERVER) VALUES (?,?,?,?,?,?): 99,Price,true,false,true,true => rowid: 597","v":1}
{"level":30,"time":1589725318006,"pid":31073,"hostname":"localhost.localdomain","msg":"Executed insert: INSERT INTO DEVICE_TYPE_CLUSTER (DEVICE_TYPE_REF, CLUSTER_NAME, INCLUDE_CLIENT, INCLUDE_SERVER, LOCK_CLIENT, LOCK_SERVER) VALUES (?,?,?,?,?,?): 99,Time,true,false,true,true => rowid: 598","v":1}
{"level":30,"time":1589725318006,"pid":31073,"hostname":"localhost.localdomain","msg":"Executed insert: INSERT INTO DEVICE_TYPE_CLUSTER (DEVICE_TYPE_REF, CLUSTER_NAME, INCLUDE_CLIENT, INCLUDE_SERVER, LOCK_CLIENT, LOCK_SERVER) VALUES (?,?,?,?,?,?): 99,Prepayment,true,true,true,true => rowid: 599","v":1}
{"level":30,"time":1589725318006,"pid":31073,"hostname":"localhost.localdomain","msg":"Executed insert: INSERT INTO DEVICE_TYPE_CLUSTER (DEVICE_TYPE_REF, CLUSTER_NAME, INCLUDE_CLIENT, INCLUDE_SERVER, LOCK_CLIENT, LOCK_SERVER) VALUES (?,?,?,?,?,?): 99,Demand Response and Load Control,false,false,false,true => rowid: 600","v":1}
{"level":30,"time":1589725318006,"pid":31073,"hostname":"localhost.localdomain","msg":"Executed insert: INSERT INTO DEVICE_TYPE_CLUSTER (DEVICE_TYPE_REF, CLUSTER_NAME, INCLUDE_CLIENT, INCLUDE_SERVER, LOCK_CLIENT, LOCK_SERVER) VALUES (?,?,?,?,?,?): 99,Calendar,false,false,false,true => rowid: 601","v":1}
{"level":30,"time":1589725318006,"pid":31073,"hostname":"localhost.localdomain","msg":"Executed insert: INSERT INTO DEVICE_TYPE_CLUSTER (DEVICE_TYPE_REF, CLUSTER_NAME, INCLUDE_CLIENT, INCLUDE_SERVER, LOCK_CLIENT, LOCK_SERVER) VALUES (?,?,?,?,?,?): 99,Simple Metering,false,false,false,true => rowid: 602","v":1}
{"level":30,"time":1589725318006,"pid":31073,"hostname":"localhost.localdomain","msg":"Executed insert: INSERT INTO DEVICE_TYPE_CLUSTER (DEVICE_TYPE_REF, CLUSTER_NAME, INCLUDE_CLIENT, INCLUDE_SERVER, LOCK_CLIENT, LOCK_SERVER) VALUES (?,?,?,?,?,?): 99,Messaging,false,false,false,true => rowid: 603","v":1}
{"level":30,"time":1589725318008,"pid":31073,"hostname":"localhost.localdomain","msg":"Executed insert: INSERT INTO DEVICE_TYPE_CLUSTER (DEVICE_TYPE_REF, CLUSTER_NAME, INCLUDE_CLIENT, INCLUDE_SERVER, LOCK_CLIENT, LOCK_SERVER) VALUES (?,?,?,?,?,?): 99,Device Management,false,false,false,true => rowid: 604","v":1}
{"level":30,"time":1589725318008,"pid":31073,"hostname":"localhost.localdomain","msg":"Executed insert: INSERT INTO DEVICE_TYPE_CLUSTER (DEVICE_TYPE_REF, CLUSTER_NAME, INCLUDE_CLIENT, INCLUDE_SERVER, LOCK_CLIENT, LOCK_SERVER) VALUES (?,?,?,?,?,?): 99,MDU Pairing,false,false,false,true => rowid: 605","v":1}
{"level":30,"time":1589725318009,"pid":31073,"hostname":"localhost.localdomain","msg":"Executed insert: INSERT INTO DEVICE_TYPE_CLUSTER (DEVICE_TYPE_REF, CLUSTER_NAME, INCLUDE_CLIENT, INCLUDE_SERVER, LOCK_CLIENT, LOCK_SERVER) VALUES (?,?,?,?,?,?): 99,Energy Management,false,false,false,true => rowid: 606","v":1}
{"level":30,"time":1589725318009,"pid":31073,"hostname":"localhost.localdomain","msg":"Executed insert: INSERT INTO DEVICE_TYPE_CLUSTER (DEVICE_TYPE_REF, CLUSTER_NAME, INCLUDE_CLIENT, INCLUDE_SERVER, LOCK_CLIENT, LOCK_SERVER) VALUES (?,?,?,?,?,?): 99,Alarms,false,false,true,false => rowid: 607","v":1}
{"level":30,"time":1589725318009,"pid":31073,"hostname":"localhost.localdomain","msg":"Executed insert: INSERT INTO DEVICE_TYPE_CLUSTER (DEVICE_TYPE_REF, CLUSTER_NAME, INCLUDE_CLIENT, INCLUDE_SERVER, LOCK_CLIENT, LOCK_SERVER) VALUES (?,?,?,?,?,?): 99,Tunneling,false,false,false,false => rowid: 608","v":1}
{"level":30,"time":1589725318009,"pid":31073,"hostname":"localhost.localdomain","msg":"Executed insert: INSERT INTO DEVICE_TYPE_CLUSTER (DEVICE_TYPE_REF, CLUSTER_NAME, INCLUDE_CLIENT, INCLUDE_SERVER, LOCK_CLIENT, LOCK_SERVER) VALUES (?,?,?,?,?,?): 99,Keep-Alive,false,false,false,false => rowid: 609","v":1}
{"level":30,"time":1589725318009,"pid":31073,"hostname":"localhost.localdomain","msg":"Preparing statement: INSERT INTO DEVICE_TYPE_ATTRIBUTE (DEVICE_TYPE_CLUSTER_REF, ATTRIBUTE_NAME) VALUES (?, ?) to insert 0 records.","v":1}
{"level":30,"time":1589725318009,"pid":31073,"hostname":"localhost.localdomain","msg":"Preparing statement: INSERT INTO DEVICE_TYPE_COMMAND (DEVICE_TYPE_CLUSTER_REF, COMMAND_NAME) VALUES (?, ?) to insert 0 records.","v":1}
{"level":30,"time":1589725318009,"pid":31073,"hostname":"localhost.localdomain","msg":"Executed insert: INSERT INTO DEVICE_TYPE_CLUSTER (DEVICE_TYPE_REF, CLUSTER_NAME, INCLUDE_CLIENT, INCLUDE_SERVER, LOCK_CLIENT, LOCK_SERVER) VALUES (?,?,?,?,?,?): 103,Basic,false,true,true,true => rowid: 610","v":1}
{"level":30,"time":1589725318009,"pid":31073,"hostname":"localhost.localdomain","msg":"Executed insert: INSERT INTO DEVICE_TYPE_CLUSTER (DEVICE_TYPE_REF, CLUSTER_NAME, INCLUDE_CLIENT, INCLUDE_SERVER, LOCK_CLIENT, LOCK_SERVER) VALUES (?,?,?,?,?,?): 103,Key Establishment,true,true,true,true => rowid: 611","v":1}
{"level":30,"time":1589725318009,"pid":31073,"hostname":"localhost.localdomain","msg":"Executed insert: INSERT INTO DEVICE_TYPE_CLUSTER (DEVICE_TYPE_REF, CLUSTER_NAME, INCLUDE_CLIENT, INCLUDE_SERVER, LOCK_CLIENT, LOCK_SERVER) VALUES (?,?,?,?,?,?): 103,Power Configuration,false,false,true,false => rowid: 612","v":1}
{"level":30,"time":1589725318009,"pid":31073,"hostname":"localhost.localdomain","msg":"Executed insert: INSERT INTO DEVICE_TYPE_CLUSTER (DEVICE_TYPE_REF, CLUSTER_NAME, INCLUDE_CLIENT, INCLUDE_SERVER, LOCK_CLIENT, LOCK_SERVER) VALUES (?,?,?,?,?,?): 103,Commissioning,false,false,false,false => rowid: 613","v":1}
{"level":30,"time":1589725318009,"pid":31073,"hostname":"localhost.localdomain","msg":"Executed insert: INSERT INTO DEVICE_TYPE_CLUSTER (DEVICE_TYPE_REF, CLUSTER_NAME, INCLUDE_CLIENT, INCLUDE_SERVER, LOCK_CLIENT, LOCK_SERVER) VALUES (?,?,?,?,?,?): 103,Identify,false,false,true,false => rowid: 614","v":1}
{"level":30,"time":1589725318010,"pid":31073,"hostname":"localhost.localdomain","msg":"Executed insert: INSERT INTO DEVICE_TYPE_CLUSTER (DEVICE_TYPE_REF, CLUSTER_NAME, INCLUDE_CLIENT, INCLUDE_SERVER, LOCK_CLIENT, LOCK_SERVER) VALUES (?,?,?,?,?,?): 103,Events,false,false,true,false => rowid: 615","v":1}
{"level":30,"time":1589725318010,"pid":31073,"hostname":"localhost.localdomain","msg":"Executed insert: INSERT INTO DEVICE_TYPE_CLUSTER (DEVICE_TYPE_REF, CLUSTER_NAME, INCLUDE_CLIENT, INCLUDE_SERVER, LOCK_CLIENT, LOCK_SERVER) VALUES (?,?,?,?,?,?): 103,Over the Air Bootloading,false,false,false,false => rowid: 616","v":1}
{"level":30,"time":1589725318010,"pid":31073,"hostname":"localhost.localdomain","msg":"Executed insert: INSERT INTO DEVICE_TYPE_CLUSTER (DEVICE_TYPE_REF, CLUSTER_NAME, INCLUDE_CLIENT, INCLUDE_SERVER, LOCK_CLIENT, LOCK_SERVER) VALUES (?,?,?,?,?,?): 103,Keep-Alive,false,false,false,false => rowid: 617","v":1}
{"level":30,"time":1589725318010,"pid":31073,"hostname":"localhost.localdomain","msg":"Preparing statement: INSERT INTO DEVICE_TYPE_ATTRIBUTE (DEVICE_TYPE_CLUSTER_REF, ATTRIBUTE_NAME) VALUES (?, ?) to insert 0 records.","v":1}
{"level":30,"time":1589725318010,"pid":31073,"hostname":"localhost.localdomain","msg":"Preparing statement: INSERT INTO DEVICE_TYPE_COMMAND (DEVICE_TYPE_CLUSTER_REF, COMMAND_NAME) VALUES (?, ?) to insert 0 records.","v":1}
{"level":30,"time":1589725318010,"pid":31073,"hostname":"localhost.localdomain","msg":"Executed insert: INSERT INTO DEVICE_TYPE_CLUSTER (DEVICE_TYPE_REF, CLUSTER_NAME, INCLUDE_CLIENT, INCLUDE_SERVER, LOCK_CLIENT, LOCK_SERVER) VALUES (?,?,?,?,?,?): 107,Basic,false,true,true,true => rowid: 618","v":1}
{"level":30,"time":1589725318010,"pid":31073,"hostname":"localhost.localdomain","msg":"Executed insert: INSERT INTO DEVICE_TYPE_CLUSTER (DEVICE_TYPE_REF, CLUSTER_NAME, INCLUDE_CLIENT, INCLUDE_SERVER, LOCK_CLIENT, LOCK_SERVER) VALUES (?,?,?,?,?,?): 107,Key Establishment,true,true,true,true => rowid: 619","v":1}
{"level":30,"time":1589725318010,"pid":31073,"hostname":"localhost.localdomain","msg":"Executed insert: INSERT INTO DEVICE_TYPE_CLUSTER (DEVICE_TYPE_REF, CLUSTER_NAME, INCLUDE_CLIENT, INCLUDE_SERVER, LOCK_CLIENT, LOCK_SERVER) VALUES (?,?,?,?,?,?): 107,Power Configuration,false,false,true,false => rowid: 620","v":1}
{"level":30,"time":1589725318010,"pid":31073,"hostname":"localhost.localdomain","msg":"Executed insert: INSERT INTO DEVICE_TYPE_CLUSTER (DEVICE_TYPE_REF, CLUSTER_NAME, INCLUDE_CLIENT, INCLUDE_SERVER, LOCK_CLIENT, LOCK_SERVER) VALUES (?,?,?,?,?,?): 107,Commissioning,false,false,false,false => rowid: 621","v":1}
{"level":30,"time":1589725318010,"pid":31073,"hostname":"localhost.localdomain","msg":"Executed insert: INSERT INTO DEVICE_TYPE_CLUSTER (DEVICE_TYPE_REF, CLUSTER_NAME, INCLUDE_CLIENT, INCLUDE_SERVER, LOCK_CLIENT, LOCK_SERVER) VALUES (?,?,?,?,?,?): 107,Identify,false,false,true,false => rowid: 622","v":1}
{"level":30,"time":1589725318011,"pid":31073,"hostname":"localhost.localdomain","msg":"Executed insert: INSERT INTO DEVICE_TYPE_CLUSTER (DEVICE_TYPE_REF, CLUSTER_NAME, INCLUDE_CLIENT, INCLUDE_SERVER, LOCK_CLIENT, LOCK_SERVER) VALUES (?,?,?,?,?,?): 107,Events,false,false,true,false => rowid: 623","v":1}
{"level":30,"time":1589725318011,"pid":31073,"hostname":"localhost.localdomain","msg":"Executed insert: INSERT INTO DEVICE_TYPE_CLUSTER (DEVICE_TYPE_REF, CLUSTER_NAME, INCLUDE_CLIENT, INCLUDE_SERVER, LOCK_CLIENT, LOCK_SERVER) VALUES (?,?,?,?,?,?): 107,Over the Air Bootloading,false,false,false,false => rowid: 624","v":1}
{"level":30,"time":1589725318011,"pid":31073,"hostname":"localhost.localdomain","msg":"Executed insert: INSERT INTO DEVICE_TYPE_CLUSTER (DEVICE_TYPE_REF, CLUSTER_NAME, INCLUDE_CLIENT, INCLUDE_SERVER, LOCK_CLIENT, LOCK_SERVER) VALUES (?,?,?,?,?,?): 107,Tunneling,false,false,false,false => rowid: 625","v":1}
{"level":30,"time":1589725318011,"pid":31073,"hostname":"localhost.localdomain","msg":"Executed insert: INSERT INTO DEVICE_TYPE_CLUSTER (DEVICE_TYPE_REF, CLUSTER_NAME, INCLUDE_CLIENT, INCLUDE_SERVER, LOCK_CLIENT, LOCK_SERVER) VALUES (?,?,?,?,?,?): 107,Time,false,false,true,false => rowid: 626","v":1}
{"level":30,"time":1589725318011,"pid":31073,"hostname":"localhost.localdomain","msg":"Executed insert: INSERT INTO DEVICE_TYPE_CLUSTER (DEVICE_TYPE_REF, CLUSTER_NAME, INCLUDE_CLIENT, INCLUDE_SERVER, LOCK_CLIENT, LOCK_SERVER) VALUES (?,?,?,?,?,?): 107,Keep-Alive,false,false,false,false => rowid: 627","v":1}
{"level":30,"time":1589725318011,"pid":31073,"hostname":"localhost.localdomain","msg":"Preparing statement: INSERT INTO DEVICE_TYPE_ATTRIBUTE (DEVICE_TYPE_CLUSTER_REF, ATTRIBUTE_NAME) VALUES (?, ?) to insert 0 records.","v":1}
{"level":30,"time":1589725318012,"pid":31073,"hostname":"localhost.localdomain","msg":"Preparing statement: INSERT INTO DEVICE_TYPE_COMMAND (DEVICE_TYPE_CLUSTER_REF, COMMAND_NAME) VALUES (?, ?) to insert 0 records.","v":1}
{"level":30,"time":1589725318012,"pid":31073,"hostname":"localhost.localdomain","msg":"Executed insert: INSERT INTO DEVICE_TYPE_CLUSTER (DEVICE_TYPE_REF, CLUSTER_NAME, INCLUDE_CLIENT, INCLUDE_SERVER, LOCK_CLIENT, LOCK_SERVER) VALUES (?,?,?,?,?,?): 111,Basic,false,true,true,true => rowid: 628","v":1}
{"level":30,"time":1589725318012,"pid":31073,"hostname":"localhost.localdomain","msg":"Executed insert: INSERT INTO DEVICE_TYPE_CLUSTER (DEVICE_TYPE_REF, CLUSTER_NAME, INCLUDE_CLIENT, INCLUDE_SERVER, LOCK_CLIENT, LOCK_SERVER) VALUES (?,?,?,?,?,?): 111,Key Establishment,true,true,true,true => rowid: 629","v":1}
{"level":30,"time":1589725318012,"pid":31073,"hostname":"localhost.localdomain","msg":"Executed insert: INSERT INTO DEVICE_TYPE_CLUSTER (DEVICE_TYPE_REF, CLUSTER_NAME, INCLUDE_CLIENT, INCLUDE_SERVER, LOCK_CLIENT, LOCK_SERVER) VALUES (?,?,?,?,?,?): 111,Power Configuration,false,false,true,false => rowid: 630","v":1}
{"level":30,"time":1589725318012,"pid":31073,"hostname":"localhost.localdomain","msg":"Executed insert: INSERT INTO DEVICE_TYPE_CLUSTER (DEVICE_TYPE_REF, CLUSTER_NAME, INCLUDE_CLIENT, INCLUDE_SERVER, LOCK_CLIENT, LOCK_SERVER) VALUES (?,?,?,?,?,?): 111,Commissioning,false,false,false,false => rowid: 631","v":1}
{"level":30,"time":1589725318012,"pid":31073,"hostname":"localhost.localdomain","msg":"Executed insert: INSERT INTO DEVICE_TYPE_CLUSTER (DEVICE_TYPE_REF, CLUSTER_NAME, INCLUDE_CLIENT, INCLUDE_SERVER, LOCK_CLIENT, LOCK_SERVER) VALUES (?,?,?,?,?,?): 111,Identify,false,false,true,false => rowid: 632","v":1}
{"level":30,"time":1589725318012,"pid":31073,"hostname":"localhost.localdomain","msg":"Executed insert: INSERT INTO DEVICE_TYPE_CLUSTER (DEVICE_TYPE_REF, CLUSTER_NAME, INCLUDE_CLIENT, INCLUDE_SERVER, LOCK_CLIENT, LOCK_SERVER) VALUES (?,?,?,?,?,?): 111,Events,false,false,true,false => rowid: 633","v":1}
{"level":30,"time":1589725318012,"pid":31073,"hostname":"localhost.localdomain","msg":"Executed insert: INSERT INTO DEVICE_TYPE_CLUSTER (DEVICE_TYPE_REF, CLUSTER_NAME, INCLUDE_CLIENT, INCLUDE_SERVER, LOCK_CLIENT, LOCK_SERVER) VALUES (?,?,?,?,?,?): 111,Over the Air Bootloading,false,false,false,false => rowid: 634","v":1}
{"level":30,"time":1589725318012,"pid":31073,"hostname":"localhost.localdomain","msg":"Executed insert: INSERT INTO DEVICE_TYPE_CLUSTER (DEVICE_TYPE_REF, CLUSTER_NAME, INCLUDE_CLIENT, INCLUDE_SERVER, LOCK_CLIENT, LOCK_SERVER) VALUES (?,?,?,?,?,?): 111,Sub-GHz,false,false,false,true => rowid: 635","v":1}
{"level":30,"time":1589725318012,"pid":31073,"hostname":"localhost.localdomain","msg":"Preparing statement: INSERT INTO DEVICE_TYPE_ATTRIBUTE (DEVICE_TYPE_CLUSTER_REF, ATTRIBUTE_NAME) VALUES (?, ?) to insert 0 records.","v":1}
{"level":30,"time":1589725318012,"pid":31073,"hostname":"localhost.localdomain","msg":"Preparing statement: INSERT INTO DEVICE_TYPE_COMMAND (DEVICE_TYPE_CLUSTER_REF, COMMAND_NAME) VALUES (?, ?) to insert 0 records.","v":1}
{"level":30,"time":1589725318013,"pid":31073,"hostname":"localhost.localdomain","msg":"Executed insert: INSERT INTO DEVICE_TYPE_CLUSTER (DEVICE_TYPE_REF, CLUSTER_NAME, INCLUDE_CLIENT, INCLUDE_SERVER, LOCK_CLIENT, LOCK_SERVER) VALUES (?,?,?,?,?,?): 114,Basic,false,true,true,true => rowid: 636","v":1}
{"level":30,"time":1589725318013,"pid":31073,"hostname":"localhost.localdomain","msg":"Executed insert: INSERT INTO DEVICE_TYPE_CLUSTER (DEVICE_TYPE_REF, CLUSTER_NAME, INCLUDE_CLIENT, INCLUDE_SERVER, LOCK_CLIENT, LOCK_SERVER) VALUES (?,?,?,?,?,?): 114,Key Establishment,true,true,true,true => rowid: 637","v":1}
{"level":30,"time":1589725318013,"pid":31073,"hostname":"localhost.localdomain","msg":"Executed insert: INSERT INTO DEVICE_TYPE_CLUSTER (DEVICE_TYPE_REF, CLUSTER_NAME, INCLUDE_CLIENT, INCLUDE_SERVER, LOCK_CLIENT, LOCK_SERVER) VALUES (?,?,?,?,?,?): 114,Power Configuration,false,false,true,false => rowid: 638","v":1}
{"level":30,"time":1589725318013,"pid":31073,"hostname":"localhost.localdomain","msg":"Executed insert: INSERT INTO DEVICE_TYPE_CLUSTER (DEVICE_TYPE_REF, CLUSTER_NAME, INCLUDE_CLIENT, INCLUDE_SERVER, LOCK_CLIENT, LOCK_SERVER) VALUES (?,?,?,?,?,?): 114,Commissioning,false,false,false,false => rowid: 639","v":1}
{"level":30,"time":1589725318013,"pid":31073,"hostname":"localhost.localdomain","msg":"Executed insert: INSERT INTO DEVICE_TYPE_CLUSTER (DEVICE_TYPE_REF, CLUSTER_NAME, INCLUDE_CLIENT, INCLUDE_SERVER, LOCK_CLIENT, LOCK_SERVER) VALUES (?,?,?,?,?,?): 114,Identify,false,false,true,false => rowid: 640","v":1}
{"level":30,"time":1589725318013,"pid":31073,"hostname":"localhost.localdomain","msg":"Executed insert: INSERT INTO DEVICE_TYPE_CLUSTER (DEVICE_TYPE_REF, CLUSTER_NAME, INCLUDE_CLIENT, INCLUDE_SERVER, LOCK_CLIENT, LOCK_SERVER) VALUES (?,?,?,?,?,?): 114,Events,false,false,false,false => rowid: 641","v":1}
{"level":30,"time":1589725318013,"pid":31073,"hostname":"localhost.localdomain","msg":"Executed insert: INSERT INTO DEVICE_TYPE_CLUSTER (DEVICE_TYPE_REF, CLUSTER_NAME, INCLUDE_CLIENT, INCLUDE_SERVER, LOCK_CLIENT, LOCK_SERVER) VALUES (?,?,?,?,?,?): 114,Over the Air Bootloading,false,false,false,false => rowid: 642","v":1}
{"level":30,"time":1589725318013,"pid":31073,"hostname":"localhost.localdomain","msg":"Executed insert: INSERT INTO DEVICE_TYPE_CLUSTER (DEVICE_TYPE_REF, CLUSTER_NAME, INCLUDE_CLIENT, INCLUDE_SERVER, LOCK_CLIENT, LOCK_SERVER) VALUES (?,?,?,?,?,?): 114,Messaging,false,true,true,true => rowid: 643","v":1}
{"level":30,"time":1589725318013,"pid":31073,"hostname":"localhost.localdomain","msg":"Executed insert: INSERT INTO DEVICE_TYPE_CLUSTER (DEVICE_TYPE_REF, CLUSTER_NAME, INCLUDE_CLIENT, INCLUDE_SERVER, LOCK_CLIENT, LOCK_SERVER) VALUES (?,?,?,?,?,?): 114,Price,false,true,false,true => rowid: 644","v":1}
{"level":30,"time":1589725318013,"pid":31073,"hostname":"localhost.localdomain","msg":"Executed insert: INSERT INTO DEVICE_TYPE_CLUSTER (DEVICE_TYPE_REF, CLUSTER_NAME, INCLUDE_CLIENT, INCLUDE_SERVER, LOCK_CLIENT, LOCK_SERVER) VALUES (?,?,?,?,?,?): 114,Demand Response and Load Control,false,true,true,true => rowid: 645","v":1}
{"level":30,"time":1589725318013,"pid":31073,"hostname":"localhost.localdomain","msg":"Executed insert: INSERT INTO DEVICE_TYPE_CLUSTER (DEVICE_TYPE_REF, CLUSTER_NAME, INCLUDE_CLIENT, INCLUDE_SERVER, LOCK_CLIENT, LOCK_SERVER) VALUES (?,?,?,?,?,?): 114,Time,false,true,false,true => rowid: 646","v":1}
{"level":30,"time":1589725318013,"pid":31073,"hostname":"localhost.localdomain","msg":"Executed insert: INSERT INTO DEVICE_TYPE_CLUSTER (DEVICE_TYPE_REF, CLUSTER_NAME, INCLUDE_CLIENT, INCLUDE_SERVER, LOCK_CLIENT, LOCK_SERVER) VALUES (?,?,?,?,?,?): 114,Calendar,false,false,true,false => rowid: 647","v":1}
{"level":30,"time":1589725318013,"pid":31073,"hostname":"localhost.localdomain","msg":"Executed insert: INSERT INTO DEVICE_TYPE_CLUSTER (DEVICE_TYPE_REF, CLUSTER_NAME, INCLUDE_CLIENT, INCLUDE_SERVER, LOCK_CLIENT, LOCK_SERVER) VALUES (?,?,?,?,?,?): 114,Simple Metering,false,false,false,false => rowid: 648","v":1}
{"level":30,"time":1589725318013,"pid":31073,"hostname":"localhost.localdomain","msg":"Executed insert: INSERT INTO DEVICE_TYPE_CLUSTER (DEVICE_TYPE_REF, CLUSTER_NAME, INCLUDE_CLIENT, INCLUDE_SERVER, LOCK_CLIENT, LOCK_SERVER) VALUES (?,?,?,?,?,?): 114,Prepayment,false,false,false,false => rowid: 649","v":1}
{"level":30,"time":1589725318013,"pid":31073,"hostname":"localhost.localdomain","msg":"Executed insert: INSERT INTO DEVICE_TYPE_CLUSTER (DEVICE_TYPE_REF, CLUSTER_NAME, INCLUDE_CLIENT, INCLUDE_SERVER, LOCK_CLIENT, LOCK_SERVER) VALUES (?,?,?,?,?,?): 114,Device Management,false,false,false,false => rowid: 650","v":1}
{"level":30,"time":1589725318015,"pid":31073,"hostname":"localhost.localdomain","msg":"Executed insert: INSERT INTO DEVICE_TYPE_CLUSTER (DEVICE_TYPE_REF, CLUSTER_NAME, INCLUDE_CLIENT, INCLUDE_SERVER, LOCK_CLIENT, LOCK_SERVER) VALUES (?,?,?,?,?,?): 114,Alarms,false,false,true,false => rowid: 651","v":1}
{"level":30,"time":1589725318015,"pid":31073,"hostname":"localhost.localdomain","msg":"Executed insert: INSERT INTO DEVICE_TYPE_CLUSTER (DEVICE_TYPE_REF, CLUSTER_NAME, INCLUDE_CLIENT, INCLUDE_SERVER, LOCK_CLIENT, LOCK_SERVER) VALUES (?,?,?,?,?,?): 114,MDU Pairing,false,false,false,false => rowid: 652","v":1}
{"level":30,"time":1589725318015,"pid":31073,"hostname":"localhost.localdomain","msg":"Executed insert: INSERT INTO DEVICE_TYPE_CLUSTER (DEVICE_TYPE_REF, CLUSTER_NAME, INCLUDE_CLIENT, INCLUDE_SERVER, LOCK_CLIENT, LOCK_SERVER) VALUES (?,?,?,?,?,?): 114,Energy Management,false,false,false,true => rowid: 653","v":1}
{"level":30,"time":1589725318015,"pid":31073,"hostname":"localhost.localdomain","msg":"Executed insert: INSERT INTO DEVICE_TYPE_CLUSTER (DEVICE_TYPE_REF, CLUSTER_NAME, INCLUDE_CLIENT, INCLUDE_SERVER, LOCK_CLIENT, LOCK_SERVER) VALUES (?,?,?,?,?,?): 114,Tunneling,false,false,false,false => rowid: 654","v":1}
{"level":30,"time":1589725318015,"pid":31073,"hostname":"localhost.localdomain","msg":"Executed insert: INSERT INTO DEVICE_TYPE_CLUSTER (DEVICE_TYPE_REF, CLUSTER_NAME, INCLUDE_CLIENT, INCLUDE_SERVER, LOCK_CLIENT, LOCK_SERVER) VALUES (?,?,?,?,?,?): 114,Keep-Alive,false,false,false,false => rowid: 655","v":1}
{"level":30,"time":1589725318015,"pid":31073,"hostname":"localhost.localdomain","msg":"Executed insert: INSERT INTO DEVICE_TYPE_CLUSTER (DEVICE_TYPE_REF, CLUSTER_NAME, INCLUDE_CLIENT, INCLUDE_SERVER, LOCK_CLIENT, LOCK_SERVER) VALUES (?,?,?,?,?,?): 114,Sub-GHz,false,false,false,false => rowid: 656","v":1}
{"level":30,"time":1589725318015,"pid":31073,"hostname":"localhost.localdomain","msg":"Preparing statement: INSERT INTO DEVICE_TYPE_ATTRIBUTE (DEVICE_TYPE_CLUSTER_REF, ATTRIBUTE_NAME) VALUES (?, ?) to insert 0 records.","v":1}
{"level":30,"time":1589725318018,"pid":31073,"hostname":"localhost.localdomain","msg":"Preparing statement: INSERT INTO DEVICE_TYPE_COMMAND (DEVICE_TYPE_CLUSTER_REF, COMMAND_NAME) VALUES (?, ?) to insert 0 records.","v":1}
{"level":30,"time":1589725318018,"pid":31073,"hostname":"localhost.localdomain","msg":"Executed insert: INSERT INTO DEVICE_TYPE_CLUSTER (DEVICE_TYPE_REF, CLUSTER_NAME, INCLUDE_CLIENT, INCLUDE_SERVER, LOCK_CLIENT, LOCK_SERVER) VALUES (?,?,?,?,?,?): 116,Basic,false,true,true,true => rowid: 657","v":1}
{"level":30,"time":1589725318018,"pid":31073,"hostname":"localhost.localdomain","msg":"Executed insert: INSERT INTO DEVICE_TYPE_CLUSTER (DEVICE_TYPE_REF, CLUSTER_NAME, INCLUDE_CLIENT, INCLUDE_SERVER, LOCK_CLIENT, LOCK_SERVER) VALUES (?,?,?,?,?,?): 116,Key Establishment,true,true,true,true => rowid: 658","v":1}
{"level":30,"time":1589725318018,"pid":31073,"hostname":"localhost.localdomain","msg":"Executed insert: INSERT INTO DEVICE_TYPE_CLUSTER (DEVICE_TYPE_REF, CLUSTER_NAME, INCLUDE_CLIENT, INCLUDE_SERVER, LOCK_CLIENT, LOCK_SERVER) VALUES (?,?,?,?,?,?): 116,Power Configuration,false,false,true,false => rowid: 659","v":1}
{"level":30,"time":1589725318018,"pid":31073,"hostname":"localhost.localdomain","msg":"Executed insert: INSERT INTO DEVICE_TYPE_CLUSTER (DEVICE_TYPE_REF, CLUSTER_NAME, INCLUDE_CLIENT, INCLUDE_SERVER, LOCK_CLIENT, LOCK_SERVER) VALUES (?,?,?,?,?,?): 116,Commissioning,false,false,false,false => rowid: 660","v":1}
{"level":30,"time":1589725318018,"pid":31073,"hostname":"localhost.localdomain","msg":"Executed insert: INSERT INTO DEVICE_TYPE_CLUSTER (DEVICE_TYPE_REF, CLUSTER_NAME, INCLUDE_CLIENT, INCLUDE_SERVER, LOCK_CLIENT, LOCK_SERVER) VALUES (?,?,?,?,?,?): 116,Identify,false,false,true,false => rowid: 661","v":1}
{"level":30,"time":1589725318018,"pid":31073,"hostname":"localhost.localdomain","msg":"Executed insert: INSERT INTO DEVICE_TYPE_CLUSTER (DEVICE_TYPE_REF, CLUSTER_NAME, INCLUDE_CLIENT, INCLUDE_SERVER, LOCK_CLIENT, LOCK_SERVER) VALUES (?,?,?,?,?,?): 116,Events,false,false,true,false => rowid: 662","v":1}
{"level":30,"time":1589725318018,"pid":31073,"hostname":"localhost.localdomain","msg":"Executed insert: INSERT INTO DEVICE_TYPE_CLUSTER (DEVICE_TYPE_REF, CLUSTER_NAME, INCLUDE_CLIENT, INCLUDE_SERVER, LOCK_CLIENT, LOCK_SERVER) VALUES (?,?,?,?,?,?): 116,Over the Air Bootloading,false,false,false,false => rowid: 663","v":1}
{"level":30,"time":1589725318018,"pid":31073,"hostname":"localhost.localdomain","msg":"Executed insert: INSERT INTO DEVICE_TYPE_CLUSTER (DEVICE_TYPE_REF, CLUSTER_NAME, INCLUDE_CLIENT, INCLUDE_SERVER, LOCK_CLIENT, LOCK_SERVER) VALUES (?,?,?,?,?,?): 116,Simple Metering,false,true,true,true => rowid: 664","v":1}
{"level":30,"time":1589725318018,"pid":31073,"hostname":"localhost.localdomain","msg":"Executed insert: INSERT INTO DEVICE_TYPE_CLUSTER (DEVICE_TYPE_REF, CLUSTER_NAME, INCLUDE_CLIENT, INCLUDE_SERVER, LOCK_CLIENT, LOCK_SERVER) VALUES (?,?,?,?,?,?): 116,Time,false,false,false,true => rowid: 665","v":1}
{"level":30,"time":1589725318019,"pid":31073,"hostname":"localhost.localdomain","msg":"Executed insert: INSERT INTO DEVICE_TYPE_CLUSTER (DEVICE_TYPE_REF, CLUSTER_NAME, INCLUDE_CLIENT, INCLUDE_SERVER, LOCK_CLIENT, LOCK_SERVER) VALUES (?,?,?,?,?,?): 116,Prepayment,false,false,true,false => rowid: 666","v":1}
{"level":30,"time":1589725318019,"pid":31073,"hostname":"localhost.localdomain","msg":"Executed insert: INSERT INTO DEVICE_TYPE_CLUSTER (DEVICE_TYPE_REF, CLUSTER_NAME, INCLUDE_CLIENT, INCLUDE_SERVER, LOCK_CLIENT, LOCK_SERVER) VALUES (?,?,?,?,?,?): 116,Price,false,false,false,true => rowid: 667","v":1}
{"level":30,"time":1589725318019,"pid":31073,"hostname":"localhost.localdomain","msg":"Executed insert: INSERT INTO DEVICE_TYPE_CLUSTER (DEVICE_TYPE_REF, CLUSTER_NAME, INCLUDE_CLIENT, INCLUDE_SERVER, LOCK_CLIENT, LOCK_SERVER) VALUES (?,?,?,?,?,?): 116,Calendar,false,false,false,true => rowid: 668","v":1}
{"level":30,"time":1589725318019,"pid":31073,"hostname":"localhost.localdomain","msg":"Executed insert: INSERT INTO DEVICE_TYPE_CLUSTER (DEVICE_TYPE_REF, CLUSTER_NAME, INCLUDE_CLIENT, INCLUDE_SERVER, LOCK_CLIENT, LOCK_SERVER) VALUES (?,?,?,?,?,?): 116,Messaging,false,false,false,true => rowid: 669","v":1}
{"level":30,"time":1589725318019,"pid":31073,"hostname":"localhost.localdomain","msg":"Executed insert: INSERT INTO DEVICE_TYPE_CLUSTER (DEVICE_TYPE_REF, CLUSTER_NAME, INCLUDE_CLIENT, INCLUDE_SERVER, LOCK_CLIENT, LOCK_SERVER) VALUES (?,?,?,?,?,?): 116,Device Management,false,false,false,true => rowid: 670","v":1}
{"level":30,"time":1589725318019,"pid":31073,"hostname":"localhost.localdomain","msg":"Executed insert: INSERT INTO DEVICE_TYPE_CLUSTER (DEVICE_TYPE_REF, CLUSTER_NAME, INCLUDE_CLIENT, INCLUDE_SERVER, LOCK_CLIENT, LOCK_SERVER) VALUES (?,?,?,?,?,?): 116,MDU Pairing,false,false,false,true => rowid: 671","v":1}
{"level":30,"time":1589725318019,"pid":31073,"hostname":"localhost.localdomain","msg":"Executed insert: INSERT INTO DEVICE_TYPE_CLUSTER (DEVICE_TYPE_REF, CLUSTER_NAME, INCLUDE_CLIENT, INCLUDE_SERVER, LOCK_CLIENT, LOCK_SERVER) VALUES (?,?,?,?,?,?): 116,Alarms,false,false,true,false => rowid: 672","v":1}
{"level":30,"time":1589725318019,"pid":31073,"hostname":"localhost.localdomain","msg":"Executed insert: INSERT INTO DEVICE_TYPE_CLUSTER (DEVICE_TYPE_REF, CLUSTER_NAME, INCLUDE_CLIENT, INCLUDE_SERVER, LOCK_CLIENT, LOCK_SERVER) VALUES (?,?,?,?,?,?): 116,Tunneling,false,false,false,false => rowid: 673","v":1}
{"level":30,"time":1589725318019,"pid":31073,"hostname":"localhost.localdomain","msg":"Executed insert: INSERT INTO DEVICE_TYPE_CLUSTER (DEVICE_TYPE_REF, CLUSTER_NAME, INCLUDE_CLIENT, INCLUDE_SERVER, LOCK_CLIENT, LOCK_SERVER) VALUES (?,?,?,?,?,?): 116,Keep-Alive,false,false,false,false => rowid: 674","v":1}
{"level":30,"time":1589725318019,"pid":31073,"hostname":"localhost.localdomain","msg":"Executed insert: INSERT INTO DEVICE_TYPE_CLUSTER (DEVICE_TYPE_REF, CLUSTER_NAME, INCLUDE_CLIENT, INCLUDE_SERVER, LOCK_CLIENT, LOCK_SERVER) VALUES (?,?,?,?,?,?): 116,Sub-GHz,false,false,false,true => rowid: 675","v":1}
{"level":30,"time":1589725318019,"pid":31073,"hostname":"localhost.localdomain","msg":"Preparing statement: INSERT INTO DEVICE_TYPE_ATTRIBUTE (DEVICE_TYPE_CLUSTER_REF, ATTRIBUTE_NAME) VALUES (?, ?) to insert 0 records.","v":1}
{"level":30,"time":1589725318019,"pid":31073,"hostname":"localhost.localdomain","msg":"Preparing statement: INSERT INTO DEVICE_TYPE_COMMAND (DEVICE_TYPE_CLUSTER_REF, COMMAND_NAME) VALUES (?, ?) to insert 0 records.","v":1}
{"level":30,"time":1589725318019,"pid":31073,"hostname":"localhost.localdomain","msg":"Executed insert: INSERT INTO DEVICE_TYPE_CLUSTER (DEVICE_TYPE_REF, CLUSTER_NAME, INCLUDE_CLIENT, INCLUDE_SERVER, LOCK_CLIENT, LOCK_SERVER) VALUES (?,?,?,?,?,?): 119,Basic,false,true,true,true => rowid: 676","v":1}
{"level":30,"time":1589725318019,"pid":31073,"hostname":"localhost.localdomain","msg":"Executed insert: INSERT INTO DEVICE_TYPE_CLUSTER (DEVICE_TYPE_REF, CLUSTER_NAME, INCLUDE_CLIENT, INCLUDE_SERVER, LOCK_CLIENT, LOCK_SERVER) VALUES (?,?,?,?,?,?): 119,Key Establishment,true,true,true,true => rowid: 677","v":1}
{"level":30,"time":1589725318019,"pid":31073,"hostname":"localhost.localdomain","msg":"Executed insert: INSERT INTO DEVICE_TYPE_CLUSTER (DEVICE_TYPE_REF, CLUSTER_NAME, INCLUDE_CLIENT, INCLUDE_SERVER, LOCK_CLIENT, LOCK_SERVER) VALUES (?,?,?,?,?,?): 119,Power Configuration,false,false,true,false => rowid: 678","v":1}
{"level":30,"time":1589725318019,"pid":31073,"hostname":"localhost.localdomain","msg":"Executed insert: INSERT INTO DEVICE_TYPE_CLUSTER (DEVICE_TYPE_REF, CLUSTER_NAME, INCLUDE_CLIENT, INCLUDE_SERVER, LOCK_CLIENT, LOCK_SERVER) VALUES (?,?,?,?,?,?): 119,Commissioning,false,false,false,false => rowid: 679","v":1}
{"level":30,"time":1589725318019,"pid":31073,"hostname":"localhost.localdomain","msg":"Executed insert: INSERT INTO DEVICE_TYPE_CLUSTER (DEVICE_TYPE_REF, CLUSTER_NAME, INCLUDE_CLIENT, INCLUDE_SERVER, LOCK_CLIENT, LOCK_SERVER) VALUES (?,?,?,?,?,?): 119,Identify,false,false,true,false => rowid: 680","v":1}
{"level":30,"time":1589725318019,"pid":31073,"hostname":"localhost.localdomain","msg":"Executed insert: INSERT INTO DEVICE_TYPE_CLUSTER (DEVICE_TYPE_REF, CLUSTER_NAME, INCLUDE_CLIENT, INCLUDE_SERVER, LOCK_CLIENT, LOCK_SERVER) VALUES (?,?,?,?,?,?): 119,Events,false,false,false,false => rowid: 681","v":1}
{"level":30,"time":1589725318019,"pid":31073,"hostname":"localhost.localdomain","msg":"Executed insert: INSERT INTO DEVICE_TYPE_CLUSTER (DEVICE_TYPE_REF, CLUSTER_NAME, INCLUDE_CLIENT, INCLUDE_SERVER, LOCK_CLIENT, LOCK_SERVER) VALUES (?,?,?,?,?,?): 119,Over the Air Bootloading,false,false,false,false => rowid: 682","v":1}
{"level":30,"time":1589725318019,"pid":31073,"hostname":"localhost.localdomain","msg":"Executed insert: INSERT INTO DEVICE_TYPE_CLUSTER (DEVICE_TYPE_REF, CLUSTER_NAME, INCLUDE_CLIENT, INCLUDE_SERVER, LOCK_CLIENT, LOCK_SERVER) VALUES (?,?,?,?,?,?): 119,Simple Metering,false,true,false,true => rowid: 683","v":1}
{"level":30,"time":1589725318019,"pid":31073,"hostname":"localhost.localdomain","msg":"Executed insert: INSERT INTO DEVICE_TYPE_CLUSTER (DEVICE_TYPE_REF, CLUSTER_NAME, INCLUDE_CLIENT, INCLUDE_SERVER, LOCK_CLIENT, LOCK_SERVER) VALUES (?,?,?,?,?,?): 119,Time,false,false,false,true => rowid: 684","v":1}
{"level":30,"time":1589725318019,"pid":31073,"hostname":"localhost.localdomain","msg":"Executed insert: INSERT INTO DEVICE_TYPE_CLUSTER (DEVICE_TYPE_REF, CLUSTER_NAME, INCLUDE_CLIENT, INCLUDE_SERVER, LOCK_CLIENT, LOCK_SERVER) VALUES (?,?,?,?,?,?): 119,Prepayment,false,false,false,false => rowid: 685","v":1}
{"level":30,"time":1589725318019,"pid":31073,"hostname":"localhost.localdomain","msg":"Executed insert: INSERT INTO DEVICE_TYPE_CLUSTER (DEVICE_TYPE_REF, CLUSTER_NAME, INCLUDE_CLIENT, INCLUDE_SERVER, LOCK_CLIENT, LOCK_SERVER) VALUES (?,?,?,?,?,?): 119,Price,false,false,false,true => rowid: 686","v":1}
{"level":30,"time":1589725318020,"pid":31073,"hostname":"localhost.localdomain","msg":"Executed insert: INSERT INTO DEVICE_TYPE_CLUSTER (DEVICE_TYPE_REF, CLUSTER_NAME, INCLUDE_CLIENT, INCLUDE_SERVER, LOCK_CLIENT, LOCK_SERVER) VALUES (?,?,?,?,?,?): 119,Calendar,false,false,false,true => rowid: 687","v":1}
{"level":30,"time":1589725318020,"pid":31073,"hostname":"localhost.localdomain","msg":"Executed insert: INSERT INTO DEVICE_TYPE_CLUSTER (DEVICE_TYPE_REF, CLUSTER_NAME, INCLUDE_CLIENT, INCLUDE_SERVER, LOCK_CLIENT, LOCK_SERVER) VALUES (?,?,?,?,?,?): 119,Messaging,false,false,false,true => rowid: 688","v":1}
{"level":30,"time":1589725318020,"pid":31073,"hostname":"localhost.localdomain","msg":"Executed insert: INSERT INTO DEVICE_TYPE_CLUSTER (DEVICE_TYPE_REF, CLUSTER_NAME, INCLUDE_CLIENT, INCLUDE_SERVER, LOCK_CLIENT, LOCK_SERVER) VALUES (?,?,?,?,?,?): 119,Device Management,false,false,false,true => rowid: 689","v":1}
{"level":30,"time":1589725318020,"pid":31073,"hostname":"localhost.localdomain","msg":"Executed insert: INSERT INTO DEVICE_TYPE_CLUSTER (DEVICE_TYPE_REF, CLUSTER_NAME, INCLUDE_CLIENT, INCLUDE_SERVER, LOCK_CLIENT, LOCK_SERVER) VALUES (?,?,?,?,?,?): 119,MDU Pairing,false,false,false,true => rowid: 690","v":1}
{"level":30,"time":1589725318020,"pid":31073,"hostname":"localhost.localdomain","msg":"Executed insert: INSERT INTO DEVICE_TYPE_CLUSTER (DEVICE_TYPE_REF, CLUSTER_NAME, INCLUDE_CLIENT, INCLUDE_SERVER, LOCK_CLIENT, LOCK_SERVER) VALUES (?,?,?,?,?,?): 119,Alarms,false,false,true,false => rowid: 691","v":1}
{"level":30,"time":1589725318020,"pid":31073,"hostname":"localhost.localdomain","msg":"Executed insert: INSERT INTO DEVICE_TYPE_CLUSTER (DEVICE_TYPE_REF, CLUSTER_NAME, INCLUDE_CLIENT, INCLUDE_SERVER, LOCK_CLIENT, LOCK_SERVER) VALUES (?,?,?,?,?,?): 119,Tunneling,false,false,false,false => rowid: 692","v":1}
{"level":30,"time":1589725318020,"pid":31073,"hostname":"localhost.localdomain","msg":"Executed insert: INSERT INTO DEVICE_TYPE_CLUSTER (DEVICE_TYPE_REF, CLUSTER_NAME, INCLUDE_CLIENT, INCLUDE_SERVER, LOCK_CLIENT, LOCK_SERVER) VALUES (?,?,?,?,?,?): 119,Keep-Alive,false,false,false,false => rowid: 693","v":1}
{"level":30,"time":1589725318020,"pid":31073,"hostname":"localhost.localdomain","msg":"Executed insert: INSERT INTO DEVICE_TYPE_CLUSTER (DEVICE_TYPE_REF, CLUSTER_NAME, INCLUDE_CLIENT, INCLUDE_SERVER, LOCK_CLIENT, LOCK_SERVER) VALUES (?,?,?,?,?,?): 119,Sub-GHz,false,false,false,true => rowid: 694","v":1}
{"level":30,"time":1589725318020,"pid":31073,"hostname":"localhost.localdomain","msg":"Preparing statement: INSERT INTO DEVICE_TYPE_ATTRIBUTE (DEVICE_TYPE_CLUSTER_REF, ATTRIBUTE_NAME) VALUES (?, ?) to insert 0 records.","v":1}
{"level":30,"time":1589725318020,"pid":31073,"hostname":"localhost.localdomain","msg":"Preparing statement: INSERT INTO DEVICE_TYPE_COMMAND (DEVICE_TYPE_CLUSTER_REF, COMMAND_NAME) VALUES (?, ?) to insert 0 records.","v":1}
{"level":30,"time":1589725318020,"pid":31073,"hostname":"localhost.localdomain","msg":"Executed insert: INSERT INTO DEVICE_TYPE_CLUSTER (DEVICE_TYPE_REF, CLUSTER_NAME, INCLUDE_CLIENT, INCLUDE_SERVER, LOCK_CLIENT, LOCK_SERVER) VALUES (?,?,?,?,?,?): 122,Basic,false,true,true,true => rowid: 695","v":1}
{"level":30,"time":1589725318020,"pid":31073,"hostname":"localhost.localdomain","msg":"Executed insert: INSERT INTO DEVICE_TYPE_CLUSTER (DEVICE_TYPE_REF, CLUSTER_NAME, INCLUDE_CLIENT, INCLUDE_SERVER, LOCK_CLIENT, LOCK_SERVER) VALUES (?,?,?,?,?,?): 122,Key Establishment,true,true,true,true => rowid: 696","v":1}
{"level":30,"time":1589725318020,"pid":31073,"hostname":"localhost.localdomain","msg":"Executed insert: INSERT INTO DEVICE_TYPE_CLUSTER (DEVICE_TYPE_REF, CLUSTER_NAME, INCLUDE_CLIENT, INCLUDE_SERVER, LOCK_CLIENT, LOCK_SERVER) VALUES (?,?,?,?,?,?): 122,Power Configuration,false,false,true,false => rowid: 697","v":1}
{"level":30,"time":1589725318020,"pid":31073,"hostname":"localhost.localdomain","msg":"Executed insert: INSERT INTO DEVICE_TYPE_CLUSTER (DEVICE_TYPE_REF, CLUSTER_NAME, INCLUDE_CLIENT, INCLUDE_SERVER, LOCK_CLIENT, LOCK_SERVER) VALUES (?,?,?,?,?,?): 122,Commissioning,false,false,false,false => rowid: 698","v":1}
{"level":30,"time":1589725318020,"pid":31073,"hostname":"localhost.localdomain","msg":"Executed insert: INSERT INTO DEVICE_TYPE_CLUSTER (DEVICE_TYPE_REF, CLUSTER_NAME, INCLUDE_CLIENT, INCLUDE_SERVER, LOCK_CLIENT, LOCK_SERVER) VALUES (?,?,?,?,?,?): 122,Identify,false,false,true,false => rowid: 699","v":1}
{"level":30,"time":1589725318020,"pid":31073,"hostname":"localhost.localdomain","msg":"Executed insert: INSERT INTO DEVICE_TYPE_CLUSTER (DEVICE_TYPE_REF, CLUSTER_NAME, INCLUDE_CLIENT, INCLUDE_SERVER, LOCK_CLIENT, LOCK_SERVER) VALUES (?,?,?,?,?,?): 122,Events,false,false,false,false => rowid: 700","v":1}
{"level":30,"time":1589725318020,"pid":31073,"hostname":"localhost.localdomain","msg":"Executed insert: INSERT INTO DEVICE_TYPE_CLUSTER (DEVICE_TYPE_REF, CLUSTER_NAME, INCLUDE_CLIENT, INCLUDE_SERVER, LOCK_CLIENT, LOCK_SERVER) VALUES (?,?,?,?,?,?): 122,Over the Air Bootloading,false,false,false,false => rowid: 701","v":1}
{"level":30,"time":1589725318020,"pid":31073,"hostname":"localhost.localdomain","msg":"Executed insert: INSERT INTO DEVICE_TYPE_CLUSTER (DEVICE_TYPE_REF, CLUSTER_NAME, INCLUDE_CLIENT, INCLUDE_SERVER, LOCK_CLIENT, LOCK_SERVER) VALUES (?,?,?,?,?,?): 122,Demand Response and Load Control,false,false,false,true => rowid: 702","v":1}
{"level":30,"time":1589725318020,"pid":31073,"hostname":"localhost.localdomain","msg":"Executed insert: INSERT INTO DEVICE_TYPE_CLUSTER (DEVICE_TYPE_REF, CLUSTER_NAME, INCLUDE_CLIENT, INCLUDE_SERVER, LOCK_CLIENT, LOCK_SERVER) VALUES (?,?,?,?,?,?): 122,Time,false,false,false,true => rowid: 703","v":1}
{"level":30,"time":1589725318020,"pid":31073,"hostname":"localhost.localdomain","msg":"Executed insert: INSERT INTO DEVICE_TYPE_CLUSTER (DEVICE_TYPE_REF, CLUSTER_NAME, INCLUDE_CLIENT, INCLUDE_SERVER, LOCK_CLIENT, LOCK_SERVER) VALUES (?,?,?,?,?,?): 122,Prepayment,false,false,false,true => rowid: 704","v":1}
{"level":30,"time":1589725318020,"pid":31073,"hostname":"localhost.localdomain","msg":"Executed insert: INSERT INTO DEVICE_TYPE_CLUSTER (DEVICE_TYPE_REF, CLUSTER_NAME, INCLUDE_CLIENT, INCLUDE_SERVER, LOCK_CLIENT, LOCK_SERVER) VALUES (?,?,?,?,?,?): 122,Price,false,false,false,true => rowid: 705","v":1}
{"level":30,"time":1589725318021,"pid":31073,"hostname":"localhost.localdomain","msg":"Executed insert: INSERT INTO DEVICE_TYPE_CLUSTER (DEVICE_TYPE_REF, CLUSTER_NAME, INCLUDE_CLIENT, INCLUDE_SERVER, LOCK_CLIENT, LOCK_SERVER) VALUES (?,?,?,?,?,?): 122,Calendar,false,false,false,true => rowid: 706","v":1}
{"level":30,"time":1589725318021,"pid":31073,"hostname":"localhost.localdomain","msg":"Executed insert: INSERT INTO DEVICE_TYPE_CLUSTER (DEVICE_TYPE_REF, CLUSTER_NAME, INCLUDE_CLIENT, INCLUDE_SERVER, LOCK_CLIENT, LOCK_SERVER) VALUES (?,?,?,?,?,?): 122,Simple Metering,false,false,false,true => rowid: 707","v":1}
{"level":30,"time":1589725318021,"pid":31073,"hostname":"localhost.localdomain","msg":"Executed insert: INSERT INTO DEVICE_TYPE_CLUSTER (DEVICE_TYPE_REF, CLUSTER_NAME, INCLUDE_CLIENT, INCLUDE_SERVER, LOCK_CLIENT, LOCK_SERVER) VALUES (?,?,?,?,?,?): 122,Messaging,false,false,false,true => rowid: 708","v":1}
{"level":30,"time":1589725318021,"pid":31073,"hostname":"localhost.localdomain","msg":"Executed insert: INSERT INTO DEVICE_TYPE_CLUSTER (DEVICE_TYPE_REF, CLUSTER_NAME, INCLUDE_CLIENT, INCLUDE_SERVER, LOCK_CLIENT, LOCK_SERVER) VALUES (?,?,?,?,?,?): 122,Device Management,false,false,false,true => rowid: 709","v":1}
{"level":30,"time":1589725318021,"pid":31073,"hostname":"localhost.localdomain","msg":"Executed insert: INSERT INTO DEVICE_TYPE_CLUSTER (DEVICE_TYPE_REF, CLUSTER_NAME, INCLUDE_CLIENT, INCLUDE_SERVER, LOCK_CLIENT, LOCK_SERVER) VALUES (?,?,?,?,?,?): 122,MDU Pairing,false,false,false,true => rowid: 710","v":1}
{"level":30,"time":1589725318021,"pid":31073,"hostname":"localhost.localdomain","msg":"Executed insert: INSERT INTO DEVICE_TYPE_CLUSTER (DEVICE_TYPE_REF, CLUSTER_NAME, INCLUDE_CLIENT, INCLUDE_SERVER, LOCK_CLIENT, LOCK_SERVER) VALUES (?,?,?,?,?,?): 122,Energy Management,false,false,false,true => rowid: 711","v":1}
{"level":30,"time":1589725318021,"pid":31073,"hostname":"localhost.localdomain","msg":"Executed insert: INSERT INTO DEVICE_TYPE_CLUSTER (DEVICE_TYPE_REF, CLUSTER_NAME, INCLUDE_CLIENT, INCLUDE_SERVER, LOCK_CLIENT, LOCK_SERVER) VALUES (?,?,?,?,?,?): 122,Alarms,false,false,true,false => rowid: 712","v":1}
{"level":30,"time":1589725318021,"pid":31073,"hostname":"localhost.localdomain","msg":"Executed insert: INSERT INTO DEVICE_TYPE_CLUSTER (DEVICE_TYPE_REF, CLUSTER_NAME, INCLUDE_CLIENT, INCLUDE_SERVER, LOCK_CLIENT, LOCK_SERVER) VALUES (?,?,?,?,?,?): 122,Tunneling,false,false,false,false => rowid: 713","v":1}
{"level":30,"time":1589725318021,"pid":31073,"hostname":"localhost.localdomain","msg":"Executed insert: INSERT INTO DEVICE_TYPE_CLUSTER (DEVICE_TYPE_REF, CLUSTER_NAME, INCLUDE_CLIENT, INCLUDE_SERVER, LOCK_CLIENT, LOCK_SERVER) VALUES (?,?,?,?,?,?): 122,Keep-Alive,false,false,false,false => rowid: 714","v":1}
{"level":30,"time":1589725318021,"pid":31073,"hostname":"localhost.localdomain","msg":"Executed insert: INSERT INTO DEVICE_TYPE_CLUSTER (DEVICE_TYPE_REF, CLUSTER_NAME, INCLUDE_CLIENT, INCLUDE_SERVER, LOCK_CLIENT, LOCK_SERVER) VALUES (?,?,?,?,?,?): 122,Sub-GHz,false,false,false,true => rowid: 715","v":1}
{"level":30,"time":1589725318021,"pid":31073,"hostname":"localhost.localdomain","msg":"Preparing statement: INSERT INTO DEVICE_TYPE_ATTRIBUTE (DEVICE_TYPE_CLUSTER_REF, ATTRIBUTE_NAME) VALUES (?, ?) to insert 0 records.","v":1}
{"level":30,"time":1589725318021,"pid":31073,"hostname":"localhost.localdomain","msg":"Preparing statement: INSERT INTO DEVICE_TYPE_COMMAND (DEVICE_TYPE_CLUSTER_REF, COMMAND_NAME) VALUES (?, ?) to insert 0 records.","v":1}
{"level":30,"time":1589725318021,"pid":31073,"hostname":"localhost.localdomain","msg":"Executed insert: INSERT INTO DEVICE_TYPE_CLUSTER (DEVICE_TYPE_REF, CLUSTER_NAME, INCLUDE_CLIENT, INCLUDE_SERVER, LOCK_CLIENT, LOCK_SERVER) VALUES (?,?,?,?,?,?): 125,Basic,false,true,true,true => rowid: 716","v":1}
{"level":30,"time":1589725318021,"pid":31073,"hostname":"localhost.localdomain","msg":"Executed insert: INSERT INTO DEVICE_TYPE_CLUSTER (DEVICE_TYPE_REF, CLUSTER_NAME, INCLUDE_CLIENT, INCLUDE_SERVER, LOCK_CLIENT, LOCK_SERVER) VALUES (?,?,?,?,?,?): 125,Key Establishment,true,true,true,true => rowid: 717","v":1}
{"level":30,"time":1589725318021,"pid":31073,"hostname":"localhost.localdomain","msg":"Executed insert: INSERT INTO DEVICE_TYPE_CLUSTER (DEVICE_TYPE_REF, CLUSTER_NAME, INCLUDE_CLIENT, INCLUDE_SERVER, LOCK_CLIENT, LOCK_SERVER) VALUES (?,?,?,?,?,?): 125,Power Configuration,false,false,true,false => rowid: 718","v":1}
{"level":30,"time":1589725318021,"pid":31073,"hostname":"localhost.localdomain","msg":"Executed insert: INSERT INTO DEVICE_TYPE_CLUSTER (DEVICE_TYPE_REF, CLUSTER_NAME, INCLUDE_CLIENT, INCLUDE_SERVER, LOCK_CLIENT, LOCK_SERVER) VALUES (?,?,?,?,?,?): 125,Commissioning,false,false,false,false => rowid: 719","v":1}
{"level":30,"time":1589725318021,"pid":31073,"hostname":"localhost.localdomain","msg":"Executed insert: INSERT INTO DEVICE_TYPE_CLUSTER (DEVICE_TYPE_REF, CLUSTER_NAME, INCLUDE_CLIENT, INCLUDE_SERVER, LOCK_CLIENT, LOCK_SERVER) VALUES (?,?,?,?,?,?): 125,Identify,false,false,true,false => rowid: 720","v":1}
{"level":30,"time":1589725318021,"pid":31073,"hostname":"localhost.localdomain","msg":"Executed insert: INSERT INTO DEVICE_TYPE_CLUSTER (DEVICE_TYPE_REF, CLUSTER_NAME, INCLUDE_CLIENT, INCLUDE_SERVER, LOCK_CLIENT, LOCK_SERVER) VALUES (?,?,?,?,?,?): 125,Events,false,false,true,false => rowid: 721","v":1}
{"level":30,"time":1589725318021,"pid":31073,"hostname":"localhost.localdomain","msg":"Executed insert: INSERT INTO DEVICE_TYPE_CLUSTER (DEVICE_TYPE_REF, CLUSTER_NAME, INCLUDE_CLIENT, INCLUDE_SERVER, LOCK_CLIENT, LOCK_SERVER) VALUES (?,?,?,?,?,?): 125,Over the Air Bootloading,false,false,false,false => rowid: 722","v":1}
{"level":30,"time":1589725318021,"pid":31073,"hostname":"localhost.localdomain","msg":"Executed insert: INSERT INTO DEVICE_TYPE_CLUSTER (DEVICE_TYPE_REF, CLUSTER_NAME, INCLUDE_CLIENT, INCLUDE_SERVER, LOCK_CLIENT, LOCK_SERVER) VALUES (?,?,?,?,?,?): 125,Demand Response and Load Control,true,false,true,true => rowid: 723","v":1}
{"level":30,"time":1589725318021,"pid":31073,"hostname":"localhost.localdomain","msg":"Executed insert: INSERT INTO DEVICE_TYPE_CLUSTER (DEVICE_TYPE_REF, CLUSTER_NAME, INCLUDE_CLIENT, INCLUDE_SERVER, LOCK_CLIENT, LOCK_SERVER) VALUES (?,?,?,?,?,?): 125,Time,true,false,true,true => rowid: 724","v":1}
{"level":30,"time":1589725318021,"pid":31073,"hostname":"localhost.localdomain","msg":"Executed insert: INSERT INTO DEVICE_TYPE_CLUSTER (DEVICE_TYPE_REF, CLUSTER_NAME, INCLUDE_CLIENT, INCLUDE_SERVER, LOCK_CLIENT, LOCK_SERVER) VALUES (?,?,?,?,?,?): 125,Prepayment,false,false,false,true => rowid: 725","v":1}
{"level":30,"time":1589725318022,"pid":31073,"hostname":"localhost.localdomain","msg":"Executed insert: INSERT INTO DEVICE_TYPE_CLUSTER (DEVICE_TYPE_REF, CLUSTER_NAME, INCLUDE_CLIENT, INCLUDE_SERVER, LOCK_CLIENT, LOCK_SERVER) VALUES (?,?,?,?,?,?): 125,Price,false,false,false,true => rowid: 726","v":1}
{"level":30,"time":1589725318022,"pid":31073,"hostname":"localhost.localdomain","msg":"Executed insert: INSERT INTO DEVICE_TYPE_CLUSTER (DEVICE_TYPE_REF, CLUSTER_NAME, INCLUDE_CLIENT, INCLUDE_SERVER, LOCK_CLIENT, LOCK_SERVER) VALUES (?,?,?,?,?,?): 125,Calendar,false,false,false,true => rowid: 727","v":1}
{"level":30,"time":1589725318022,"pid":31073,"hostname":"localhost.localdomain","msg":"Executed insert: INSERT INTO DEVICE_TYPE_CLUSTER (DEVICE_TYPE_REF, CLUSTER_NAME, INCLUDE_CLIENT, INCLUDE_SERVER, LOCK_CLIENT, LOCK_SERVER) VALUES (?,?,?,?,?,?): 125,Simple Metering,false,false,false,true => rowid: 728","v":1}
{"level":30,"time":1589725318022,"pid":31073,"hostname":"localhost.localdomain","msg":"Executed insert: INSERT INTO DEVICE_TYPE_CLUSTER (DEVICE_TYPE_REF, CLUSTER_NAME, INCLUDE_CLIENT, INCLUDE_SERVER, LOCK_CLIENT, LOCK_SERVER) VALUES (?,?,?,?,?,?): 125,Messaging,false,false,false,true => rowid: 729","v":1}
{"level":30,"time":1589725318022,"pid":31073,"hostname":"localhost.localdomain","msg":"Executed insert: INSERT INTO DEVICE_TYPE_CLUSTER (DEVICE_TYPE_REF, CLUSTER_NAME, INCLUDE_CLIENT, INCLUDE_SERVER, LOCK_CLIENT, LOCK_SERVER) VALUES (?,?,?,?,?,?): 125,Device Management,false,false,false,true => rowid: 730","v":1}
{"level":30,"time":1589725318022,"pid":31073,"hostname":"localhost.localdomain","msg":"Executed insert: INSERT INTO DEVICE_TYPE_CLUSTER (DEVICE_TYPE_REF, CLUSTER_NAME, INCLUDE_CLIENT, INCLUDE_SERVER, LOCK_CLIENT, LOCK_SERVER) VALUES (?,?,?,?,?,?): 125,MDU Pairing,false,false,false,true => rowid: 731","v":1}
{"level":30,"time":1589725318022,"pid":31073,"hostname":"localhost.localdomain","msg":"Executed insert: INSERT INTO DEVICE_TYPE_CLUSTER (DEVICE_TYPE_REF, CLUSTER_NAME, INCLUDE_CLIENT, INCLUDE_SERVER, LOCK_CLIENT, LOCK_SERVER) VALUES (?,?,?,?,?,?): 125,Energy Management,false,false,true,false => rowid: 732","v":1}
{"level":30,"time":1589725318022,"pid":31073,"hostname":"localhost.localdomain","msg":"Executed insert: INSERT INTO DEVICE_TYPE_CLUSTER (DEVICE_TYPE_REF, CLUSTER_NAME, INCLUDE_CLIENT, INCLUDE_SERVER, LOCK_CLIENT, LOCK_SERVER) VALUES (?,?,?,?,?,?): 125,Alarms,false,false,true,false => rowid: 733","v":1}
{"level":30,"time":1589725318022,"pid":31073,"hostname":"localhost.localdomain","msg":"Executed insert: INSERT INTO DEVICE_TYPE_CLUSTER (DEVICE_TYPE_REF, CLUSTER_NAME, INCLUDE_CLIENT, INCLUDE_SERVER, LOCK_CLIENT, LOCK_SERVER) VALUES (?,?,?,?,?,?): 125,Tunneling,false,false,false,false => rowid: 734","v":1}
{"level":30,"time":1589725318022,"pid":31073,"hostname":"localhost.localdomain","msg":"Executed insert: INSERT INTO DEVICE_TYPE_CLUSTER (DEVICE_TYPE_REF, CLUSTER_NAME, INCLUDE_CLIENT, INCLUDE_SERVER, LOCK_CLIENT, LOCK_SERVER) VALUES (?,?,?,?,?,?): 125,Keep-Alive,false,false,false,false => rowid: 735","v":1}
{"level":30,"time":1589725318022,"pid":31073,"hostname":"localhost.localdomain","msg":"Executed insert: INSERT INTO DEVICE_TYPE_CLUSTER (DEVICE_TYPE_REF, CLUSTER_NAME, INCLUDE_CLIENT, INCLUDE_SERVER, LOCK_CLIENT, LOCK_SERVER) VALUES (?,?,?,?,?,?): 125,Sub-GHz,false,false,false,true => rowid: 736","v":1}
{"level":30,"time":1589725318022,"pid":31073,"hostname":"localhost.localdomain","msg":"Preparing statement: INSERT INTO DEVICE_TYPE_ATTRIBUTE (DEVICE_TYPE_CLUSTER_REF, ATTRIBUTE_NAME) VALUES (?, ?) to insert 0 records.","v":1}
{"level":30,"time":1589725318022,"pid":31073,"hostname":"localhost.localdomain","msg":"Preparing statement: INSERT INTO DEVICE_TYPE_COMMAND (DEVICE_TYPE_CLUSTER_REF, COMMAND_NAME) VALUES (?, ?) to insert 0 records.","v":1}
{"level":30,"time":1589725318022,"pid":31073,"hostname":"localhost.localdomain","msg":"Executed insert: INSERT INTO DEVICE_TYPE_CLUSTER (DEVICE_TYPE_REF, CLUSTER_NAME, INCLUDE_CLIENT, INCLUDE_SERVER, LOCK_CLIENT, LOCK_SERVER) VALUES (?,?,?,?,?,?): 128,Basic,false,true,true,true => rowid: 737","v":1}
{"level":30,"time":1589725318022,"pid":31073,"hostname":"localhost.localdomain","msg":"Executed insert: INSERT INTO DEVICE_TYPE_CLUSTER (DEVICE_TYPE_REF, CLUSTER_NAME, INCLUDE_CLIENT, INCLUDE_SERVER, LOCK_CLIENT, LOCK_SERVER) VALUES (?,?,?,?,?,?): 128,Key Establishment,true,true,true,true => rowid: 738","v":1}
{"level":30,"time":1589725318022,"pid":31073,"hostname":"localhost.localdomain","msg":"Executed insert: INSERT INTO DEVICE_TYPE_CLUSTER (DEVICE_TYPE_REF, CLUSTER_NAME, INCLUDE_CLIENT, INCLUDE_SERVER, LOCK_CLIENT, LOCK_SERVER) VALUES (?,?,?,?,?,?): 128,Power Configuration,false,false,true,false => rowid: 739","v":1}
{"level":30,"time":1589725318022,"pid":31073,"hostname":"localhost.localdomain","msg":"Executed insert: INSERT INTO DEVICE_TYPE_CLUSTER (DEVICE_TYPE_REF, CLUSTER_NAME, INCLUDE_CLIENT, INCLUDE_SERVER, LOCK_CLIENT, LOCK_SERVER) VALUES (?,?,?,?,?,?): 128,Commissioning,false,false,false,false => rowid: 740","v":1}
{"level":30,"time":1589725318022,"pid":31073,"hostname":"localhost.localdomain","msg":"Executed insert: INSERT INTO DEVICE_TYPE_CLUSTER (DEVICE_TYPE_REF, CLUSTER_NAME, INCLUDE_CLIENT, INCLUDE_SERVER, LOCK_CLIENT, LOCK_SERVER) VALUES (?,?,?,?,?,?): 128,Identify,false,false,true,false => rowid: 741","v":1}
{"level":30,"time":1589725318022,"pid":31073,"hostname":"localhost.localdomain","msg":"Executed insert: INSERT INTO DEVICE_TYPE_CLUSTER (DEVICE_TYPE_REF, CLUSTER_NAME, INCLUDE_CLIENT, INCLUDE_SERVER, LOCK_CLIENT, LOCK_SERVER) VALUES (?,?,?,?,?,?): 128,Events,false,false,true,false => rowid: 742","v":1}
{"level":30,"time":1589725318022,"pid":31073,"hostname":"localhost.localdomain","msg":"Executed insert: INSERT INTO DEVICE_TYPE_CLUSTER (DEVICE_TYPE_REF, CLUSTER_NAME, INCLUDE_CLIENT, INCLUDE_SERVER, LOCK_CLIENT, LOCK_SERVER) VALUES (?,?,?,?,?,?): 128,Over the Air Bootloading,false,false,false,false => rowid: 743","v":1}
{"level":30,"time":1589725318022,"pid":31073,"hostname":"localhost.localdomain","msg":"Executed insert: INSERT INTO DEVICE_TYPE_CLUSTER (DEVICE_TYPE_REF, CLUSTER_NAME, INCLUDE_CLIENT, INCLUDE_SERVER, LOCK_CLIENT, LOCK_SERVER) VALUES (?,?,?,?,?,?): 128,Demand Response and Load Control,true,false,true,true => rowid: 744","v":1}
{"level":30,"time":1589725318022,"pid":31073,"hostname":"localhost.localdomain","msg":"Executed insert: INSERT INTO DEVICE_TYPE_CLUSTER (DEVICE_TYPE_REF, CLUSTER_NAME, INCLUDE_CLIENT, INCLUDE_SERVER, LOCK_CLIENT, LOCK_SERVER) VALUES (?,?,?,?,?,?): 128,Time,true,false,true,true => rowid: 745","v":1}
{"level":30,"time":1589725318022,"pid":31073,"hostname":"localhost.localdomain","msg":"Executed insert: INSERT INTO DEVICE_TYPE_CLUSTER (DEVICE_TYPE_REF, CLUSTER_NAME, INCLUDE_CLIENT, INCLUDE_SERVER, LOCK_CLIENT, LOCK_SERVER) VALUES (?,?,?,?,?,?): 128,Price,false,false,false,true => rowid: 746","v":1}
{"level":30,"time":1589725318022,"pid":31073,"hostname":"localhost.localdomain","msg":"Executed insert: INSERT INTO DEVICE_TYPE_CLUSTER (DEVICE_TYPE_REF, CLUSTER_NAME, INCLUDE_CLIENT, INCLUDE_SERVER, LOCK_CLIENT, LOCK_SERVER) VALUES (?,?,?,?,?,?): 128,Calendar,false,false,false,true => rowid: 747","v":1}
{"level":30,"time":1589725318023,"pid":31073,"hostname":"localhost.localdomain","msg":"Executed insert: INSERT INTO DEVICE_TYPE_CLUSTER (DEVICE_TYPE_REF, CLUSTER_NAME, INCLUDE_CLIENT, INCLUDE_SERVER, LOCK_CLIENT, LOCK_SERVER) VALUES (?,?,?,?,?,?): 128,Device Management,false,false,false,true => rowid: 748","v":1}
{"level":30,"time":1589725318023,"pid":31073,"hostname":"localhost.localdomain","msg":"Executed insert: INSERT INTO DEVICE_TYPE_CLUSTER (DEVICE_TYPE_REF, CLUSTER_NAME, INCLUDE_CLIENT, INCLUDE_SERVER, LOCK_CLIENT, LOCK_SERVER) VALUES (?,?,?,?,?,?): 128,MDU Pairing,false,false,false,true => rowid: 749","v":1}
{"level":30,"time":1589725318023,"pid":31073,"hostname":"localhost.localdomain","msg":"Executed insert: INSERT INTO DEVICE_TYPE_CLUSTER (DEVICE_TYPE_REF, CLUSTER_NAME, INCLUDE_CLIENT, INCLUDE_SERVER, LOCK_CLIENT, LOCK_SERVER) VALUES (?,?,?,?,?,?): 128,Energy Management,false,false,true,false => rowid: 750","v":1}
{"level":30,"time":1589725318023,"pid":31073,"hostname":"localhost.localdomain","msg":"Executed insert: INSERT INTO DEVICE_TYPE_CLUSTER (DEVICE_TYPE_REF, CLUSTER_NAME, INCLUDE_CLIENT, INCLUDE_SERVER, LOCK_CLIENT, LOCK_SERVER) VALUES (?,?,?,?,?,?): 128,Alarms,false,false,true,false => rowid: 751","v":1}
{"level":30,"time":1589725318023,"pid":31073,"hostname":"localhost.localdomain","msg":"Executed insert: INSERT INTO DEVICE_TYPE_CLUSTER (DEVICE_TYPE_REF, CLUSTER_NAME, INCLUDE_CLIENT, INCLUDE_SERVER, LOCK_CLIENT, LOCK_SERVER) VALUES (?,?,?,?,?,?): 128,Tunneling,false,false,false,false => rowid: 752","v":1}
{"level":30,"time":1589725318023,"pid":31073,"hostname":"localhost.localdomain","msg":"Executed insert: INSERT INTO DEVICE_TYPE_CLUSTER (DEVICE_TYPE_REF, CLUSTER_NAME, INCLUDE_CLIENT, INCLUDE_SERVER, LOCK_CLIENT, LOCK_SERVER) VALUES (?,?,?,?,?,?): 128,Keep-Alive,false,false,false,false => rowid: 753","v":1}
{"level":30,"time":1589725318023,"pid":31073,"hostname":"localhost.localdomain","msg":"Executed insert: INSERT INTO DEVICE_TYPE_CLUSTER (DEVICE_TYPE_REF, CLUSTER_NAME, INCLUDE_CLIENT, INCLUDE_SERVER, LOCK_CLIENT, LOCK_SERVER) VALUES (?,?,?,?,?,?): 128,Sub-GHz,false,false,false,true => rowid: 754","v":1}
{"level":30,"time":1589725318023,"pid":31073,"hostname":"localhost.localdomain","msg":"Preparing statement: INSERT INTO DEVICE_TYPE_ATTRIBUTE (DEVICE_TYPE_CLUSTER_REF, ATTRIBUTE_NAME) VALUES (?, ?) to insert 0 records.","v":1}
{"level":30,"time":1589725318023,"pid":31073,"hostname":"localhost.localdomain","msg":"Preparing statement: INSERT INTO DEVICE_TYPE_COMMAND (DEVICE_TYPE_CLUSTER_REF, COMMAND_NAME) VALUES (?, ?) to insert 0 records.","v":1}
{"level":30,"time":1589725318023,"pid":31073,"hostname":"localhost.localdomain","msg":"Executed insert: INSERT INTO DEVICE_TYPE_CLUSTER (DEVICE_TYPE_REF, CLUSTER_NAME, INCLUDE_CLIENT, INCLUDE_SERVER, LOCK_CLIENT, LOCK_SERVER) VALUES (?,?,?,?,?,?): 131,Basic,false,true,true,true => rowid: 755","v":1}
{"level":30,"time":1589725318023,"pid":31073,"hostname":"localhost.localdomain","msg":"Executed insert: INSERT INTO DEVICE_TYPE_CLUSTER (DEVICE_TYPE_REF, CLUSTER_NAME, INCLUDE_CLIENT, INCLUDE_SERVER, LOCK_CLIENT, LOCK_SERVER) VALUES (?,?,?,?,?,?): 131,Key Establishment,true,true,true,true => rowid: 756","v":1}
{"level":30,"time":1589725318023,"pid":31073,"hostname":"localhost.localdomain","msg":"Executed insert: INSERT INTO DEVICE_TYPE_CLUSTER (DEVICE_TYPE_REF, CLUSTER_NAME, INCLUDE_CLIENT, INCLUDE_SERVER, LOCK_CLIENT, LOCK_SERVER) VALUES (?,?,?,?,?,?): 131,Power Configuration,false,false,true,false => rowid: 757","v":1}
{"level":30,"time":1589725318023,"pid":31073,"hostname":"localhost.localdomain","msg":"Executed insert: INSERT INTO DEVICE_TYPE_CLUSTER (DEVICE_TYPE_REF, CLUSTER_NAME, INCLUDE_CLIENT, INCLUDE_SERVER, LOCK_CLIENT, LOCK_SERVER) VALUES (?,?,?,?,?,?): 131,Commissioning,false,false,false,false => rowid: 758","v":1}
{"level":30,"time":1589725318023,"pid":31073,"hostname":"localhost.localdomain","msg":"Executed insert: INSERT INTO DEVICE_TYPE_CLUSTER (DEVICE_TYPE_REF, CLUSTER_NAME, INCLUDE_CLIENT, INCLUDE_SERVER, LOCK_CLIENT, LOCK_SERVER) VALUES (?,?,?,?,?,?): 131,Identify,false,false,true,false => rowid: 759","v":1}
{"level":30,"time":1589725318023,"pid":31073,"hostname":"localhost.localdomain","msg":"Executed insert: INSERT INTO DEVICE_TYPE_CLUSTER (DEVICE_TYPE_REF, CLUSTER_NAME, INCLUDE_CLIENT, INCLUDE_SERVER, LOCK_CLIENT, LOCK_SERVER) VALUES (?,?,?,?,?,?): 131,Events,false,false,true,false => rowid: 760","v":1}
{"level":30,"time":1589725318023,"pid":31073,"hostname":"localhost.localdomain","msg":"Executed insert: INSERT INTO DEVICE_TYPE_CLUSTER (DEVICE_TYPE_REF, CLUSTER_NAME, INCLUDE_CLIENT, INCLUDE_SERVER, LOCK_CLIENT, LOCK_SERVER) VALUES (?,?,?,?,?,?): 131,Over the Air Bootloading,false,false,false,false => rowid: 761","v":1}
{"level":30,"time":1589725318023,"pid":31073,"hostname":"localhost.localdomain","msg":"Executed insert: INSERT INTO DEVICE_TYPE_CLUSTER (DEVICE_TYPE_REF, CLUSTER_NAME, INCLUDE_CLIENT, INCLUDE_SERVER, LOCK_CLIENT, LOCK_SERVER) VALUES (?,?,?,?,?,?): 131,Price,true,false,true,true => rowid: 762","v":1}
{"level":30,"time":1589725318023,"pid":31073,"hostname":"localhost.localdomain","msg":"Executed insert: INSERT INTO DEVICE_TYPE_CLUSTER (DEVICE_TYPE_REF, CLUSTER_NAME, INCLUDE_CLIENT, INCLUDE_SERVER, LOCK_CLIENT, LOCK_SERVER) VALUES (?,?,?,?,?,?): 131,Time,true,false,true,true => rowid: 763","v":1}
{"level":30,"time":1589725318023,"pid":31073,"hostname":"localhost.localdomain","msg":"Executed insert: INSERT INTO DEVICE_TYPE_CLUSTER (DEVICE_TYPE_REF, CLUSTER_NAME, INCLUDE_CLIENT, INCLUDE_SERVER, LOCK_CLIENT, LOCK_SERVER) VALUES (?,?,?,?,?,?): 131,Demand Response and Load Control,false,false,false,true => rowid: 764","v":1}
{"level":30,"time":1589725318023,"pid":31073,"hostname":"localhost.localdomain","msg":"Executed insert: INSERT INTO DEVICE_TYPE_CLUSTER (DEVICE_TYPE_REF, CLUSTER_NAME, INCLUDE_CLIENT, INCLUDE_SERVER, LOCK_CLIENT, LOCK_SERVER) VALUES (?,?,?,?,?,?): 131,Messaging,false,false,false,true => rowid: 765","v":1}
{"level":30,"time":1589725318024,"pid":31073,"hostname":"localhost.localdomain","msg":"Executed insert: INSERT INTO DEVICE_TYPE_CLUSTER (DEVICE_TYPE_REF, CLUSTER_NAME, INCLUDE_CLIENT, INCLUDE_SERVER, LOCK_CLIENT, LOCK_SERVER) VALUES (?,?,?,?,?,?): 131,Calendar,false,false,false,true => rowid: 766","v":1}
{"level":30,"time":1589725318024,"pid":31073,"hostname":"localhost.localdomain","msg":"Executed insert: INSERT INTO DEVICE_TYPE_CLUSTER (DEVICE_TYPE_REF, CLUSTER_NAME, INCLUDE_CLIENT, INCLUDE_SERVER, LOCK_CLIENT, LOCK_SERVER) VALUES (?,?,?,?,?,?): 131,Device Management,false,false,false,true => rowid: 767","v":1}
{"level":30,"time":1589725318024,"pid":31073,"hostname":"localhost.localdomain","msg":"Executed insert: INSERT INTO DEVICE_TYPE_CLUSTER (DEVICE_TYPE_REF, CLUSTER_NAME, INCLUDE_CLIENT, INCLUDE_SERVER, LOCK_CLIENT, LOCK_SERVER) VALUES (?,?,?,?,?,?): 131,MDU Pairing,false,false,false,true => rowid: 768","v":1}
{"level":30,"time":1589725318024,"pid":31073,"hostname":"localhost.localdomain","msg":"Executed insert: INSERT INTO DEVICE_TYPE_CLUSTER (DEVICE_TYPE_REF, CLUSTER_NAME, INCLUDE_CLIENT, INCLUDE_SERVER, LOCK_CLIENT, LOCK_SERVER) VALUES (?,?,?,?,?,?): 131,Energy Management,false,false,true,false => rowid: 769","v":1}
{"level":30,"time":1589725318025,"pid":31073,"hostname":"localhost.localdomain","msg":"Executed insert: INSERT INTO DEVICE_TYPE_CLUSTER (DEVICE_TYPE_REF, CLUSTER_NAME, INCLUDE_CLIENT, INCLUDE_SERVER, LOCK_CLIENT, LOCK_SERVER) VALUES (?,?,?,?,?,?): 131,Alarms,false,false,true,false => rowid: 770","v":1}
{"level":30,"time":1589725318025,"pid":31073,"hostname":"localhost.localdomain","msg":"Executed insert: INSERT INTO DEVICE_TYPE_CLUSTER (DEVICE_TYPE_REF, CLUSTER_NAME, INCLUDE_CLIENT, INCLUDE_SERVER, LOCK_CLIENT, LOCK_SERVER) VALUES (?,?,?,?,?,?): 131,Tunneling,false,false,false,false => rowid: 771","v":1}
{"level":30,"time":1589725318025,"pid":31073,"hostname":"localhost.localdomain","msg":"Executed insert: INSERT INTO DEVICE_TYPE_CLUSTER (DEVICE_TYPE_REF, CLUSTER_NAME, INCLUDE_CLIENT, INCLUDE_SERVER, LOCK_CLIENT, LOCK_SERVER) VALUES (?,?,?,?,?,?): 131,Keep-Alive,false,false,false,false => rowid: 772","v":1}
{"level":30,"time":1589725318025,"pid":31073,"hostname":"localhost.localdomain","msg":"Executed insert: INSERT INTO DEVICE_TYPE_CLUSTER (DEVICE_TYPE_REF, CLUSTER_NAME, INCLUDE_CLIENT, INCLUDE_SERVER, LOCK_CLIENT, LOCK_SERVER) VALUES (?,?,?,?,?,?): 131,Sub-GHz,false,false,false,true => rowid: 773","v":1}
{"level":30,"time":1589725318025,"pid":31073,"hostname":"localhost.localdomain","msg":"Preparing statement: INSERT INTO DEVICE_TYPE_ATTRIBUTE (DEVICE_TYPE_CLUSTER_REF, ATTRIBUTE_NAME) VALUES (?, ?) to insert 0 records.","v":1}
{"level":30,"time":1589725318025,"pid":31073,"hostname":"localhost.localdomain","msg":"Preparing statement: INSERT INTO DEVICE_TYPE_COMMAND (DEVICE_TYPE_CLUSTER_REF, COMMAND_NAME) VALUES (?, ?) to insert 0 records.","v":1}
{"level":30,"time":1589725318025,"pid":31073,"hostname":"localhost.localdomain","msg":"Executed insert: INSERT INTO DEVICE_TYPE_CLUSTER (DEVICE_TYPE_REF, CLUSTER_NAME, INCLUDE_CLIENT, INCLUDE_SERVER, LOCK_CLIENT, LOCK_SERVER) VALUES (?,?,?,?,?,?): 134,Basic,false,true,true,true => rowid: 774","v":1}
{"level":30,"time":1589725318025,"pid":31073,"hostname":"localhost.localdomain","msg":"Executed insert: INSERT INTO DEVICE_TYPE_CLUSTER (DEVICE_TYPE_REF, CLUSTER_NAME, INCLUDE_CLIENT, INCLUDE_SERVER, LOCK_CLIENT, LOCK_SERVER) VALUES (?,?,?,?,?,?): 134,Key Establishment,true,true,true,true => rowid: 775","v":1}
{"level":30,"time":1589725318025,"pid":31073,"hostname":"localhost.localdomain","msg":"Executed insert: INSERT INTO DEVICE_TYPE_CLUSTER (DEVICE_TYPE_REF, CLUSTER_NAME, INCLUDE_CLIENT, INCLUDE_SERVER, LOCK_CLIENT, LOCK_SERVER) VALUES (?,?,?,?,?,?): 134,Power Configuration,false,false,true,false => rowid: 776","v":1}
{"level":30,"time":1589725318025,"pid":31073,"hostname":"localhost.localdomain","msg":"Executed insert: INSERT INTO DEVICE_TYPE_CLUSTER (DEVICE_TYPE_REF, CLUSTER_NAME, INCLUDE_CLIENT, INCLUDE_SERVER, LOCK_CLIENT, LOCK_SERVER) VALUES (?,?,?,?,?,?): 134,Commissioning,false,false,false,false => rowid: 777","v":1}
{"level":30,"time":1589725318025,"pid":31073,"hostname":"localhost.localdomain","msg":"Executed insert: INSERT INTO DEVICE_TYPE_CLUSTER (DEVICE_TYPE_REF, CLUSTER_NAME, INCLUDE_CLIENT, INCLUDE_SERVER, LOCK_CLIENT, LOCK_SERVER) VALUES (?,?,?,?,?,?): 134,Identify,false,false,true,false => rowid: 778","v":1}
{"level":30,"time":1589725318025,"pid":31073,"hostname":"localhost.localdomain","msg":"Executed insert: INSERT INTO DEVICE_TYPE_CLUSTER (DEVICE_TYPE_REF, CLUSTER_NAME, INCLUDE_CLIENT, INCLUDE_SERVER, LOCK_CLIENT, LOCK_SERVER) VALUES (?,?,?,?,?,?): 134,Events,false,false,true,false => rowid: 779","v":1}
{"level":30,"time":1589725318025,"pid":31073,"hostname":"localhost.localdomain","msg":"Executed insert: INSERT INTO DEVICE_TYPE_CLUSTER (DEVICE_TYPE_REF, CLUSTER_NAME, INCLUDE_CLIENT, INCLUDE_SERVER, LOCK_CLIENT, LOCK_SERVER) VALUES (?,?,?,?,?,?): 134,Over the Air Bootloading,false,false,false,false => rowid: 780","v":1}
{"level":30,"time":1589725318025,"pid":31073,"hostname":"localhost.localdomain","msg":"Executed insert: INSERT INTO DEVICE_TYPE_CLUSTER (DEVICE_TYPE_REF, CLUSTER_NAME, INCLUDE_CLIENT, INCLUDE_SERVER, LOCK_CLIENT, LOCK_SERVER) VALUES (?,?,?,?,?,?): 134,Tunneling,false,false,false,false => rowid: 781","v":1}
{"level":30,"time":1589725318025,"pid":31073,"hostname":"localhost.localdomain","msg":"Executed insert: INSERT INTO DEVICE_TYPE_CLUSTER (DEVICE_TYPE_REF, CLUSTER_NAME, INCLUDE_CLIENT, INCLUDE_SERVER, LOCK_CLIENT, LOCK_SERVER) VALUES (?,?,?,?,?,?): 134,Price,true,false,true,true => rowid: 782","v":1}
{"level":30,"time":1589725318025,"pid":31073,"hostname":"localhost.localdomain","msg":"Executed insert: INSERT INTO DEVICE_TYPE_CLUSTER (DEVICE_TYPE_REF, CLUSTER_NAME, INCLUDE_CLIENT, INCLUDE_SERVER, LOCK_CLIENT, LOCK_SERVER) VALUES (?,?,?,?,?,?): 134,Time,true,false,true,true => rowid: 783","v":1}
{"level":30,"time":1589725318025,"pid":31073,"hostname":"localhost.localdomain","msg":"Executed insert: INSERT INTO DEVICE_TYPE_CLUSTER (DEVICE_TYPE_REF, CLUSTER_NAME, INCLUDE_CLIENT, INCLUDE_SERVER, LOCK_CLIENT, LOCK_SERVER) VALUES (?,?,?,?,?,?): 134,Prepayment,true,true,true,true => rowid: 784","v":1}
{"level":30,"time":1589725318025,"pid":31073,"hostname":"localhost.localdomain","msg":"Executed insert: INSERT INTO DEVICE_TYPE_CLUSTER (DEVICE_TYPE_REF, CLUSTER_NAME, INCLUDE_CLIENT, INCLUDE_SERVER, LOCK_CLIENT, LOCK_SERVER) VALUES (?,?,?,?,?,?): 134,Demand Response and Load Control,false,false,false,true => rowid: 785","v":1}
{"level":30,"time":1589725318025,"pid":31073,"hostname":"localhost.localdomain","msg":"Executed insert: INSERT INTO DEVICE_TYPE_CLUSTER (DEVICE_TYPE_REF, CLUSTER_NAME, INCLUDE_CLIENT, INCLUDE_SERVER, LOCK_CLIENT, LOCK_SERVER) VALUES (?,?,?,?,?,?): 134,Calendar,false,false,false,true => rowid: 786","v":1}
{"level":30,"time":1589725318025,"pid":31073,"hostname":"localhost.localdomain","msg":"Executed insert: INSERT INTO DEVICE_TYPE_CLUSTER (DEVICE_TYPE_REF, CLUSTER_NAME, INCLUDE_CLIENT, INCLUDE_SERVER, LOCK_CLIENT, LOCK_SERVER) VALUES (?,?,?,?,?,?): 134,Simple Metering,false,false,false,true => rowid: 787","v":1}
{"level":30,"time":1589725318025,"pid":31073,"hostname":"localhost.localdomain","msg":"Executed insert: INSERT INTO DEVICE_TYPE_CLUSTER (DEVICE_TYPE_REF, CLUSTER_NAME, INCLUDE_CLIENT, INCLUDE_SERVER, LOCK_CLIENT, LOCK_SERVER) VALUES (?,?,?,?,?,?): 134,Messaging,false,false,false,true => rowid: 788","v":1}
{"level":30,"time":1589725318025,"pid":31073,"hostname":"localhost.localdomain","msg":"Executed insert: INSERT INTO DEVICE_TYPE_CLUSTER (DEVICE_TYPE_REF, CLUSTER_NAME, INCLUDE_CLIENT, INCLUDE_SERVER, LOCK_CLIENT, LOCK_SERVER) VALUES (?,?,?,?,?,?): 134,Device Management,false,false,false,true => rowid: 789","v":1}
{"level":30,"time":1589725318026,"pid":31073,"hostname":"localhost.localdomain","msg":"Executed insert: INSERT INTO DEVICE_TYPE_CLUSTER (DEVICE_TYPE_REF, CLUSTER_NAME, INCLUDE_CLIENT, INCLUDE_SERVER, LOCK_CLIENT, LOCK_SERVER) VALUES (?,?,?,?,?,?): 134,MDU Pairing,false,false,false,true => rowid: 790","v":1}
{"level":30,"time":1589725318026,"pid":31073,"hostname":"localhost.localdomain","msg":"Executed insert: INSERT INTO DEVICE_TYPE_CLUSTER (DEVICE_TYPE_REF, CLUSTER_NAME, INCLUDE_CLIENT, INCLUDE_SERVER, LOCK_CLIENT, LOCK_SERVER) VALUES (?,?,?,?,?,?): 134,Energy Management,false,false,false,true => rowid: 791","v":1}
{"level":30,"time":1589725318026,"pid":31073,"hostname":"localhost.localdomain","msg":"Executed insert: INSERT INTO DEVICE_TYPE_CLUSTER (DEVICE_TYPE_REF, CLUSTER_NAME, INCLUDE_CLIENT, INCLUDE_SERVER, LOCK_CLIENT, LOCK_SERVER) VALUES (?,?,?,?,?,?): 134,Alarms,false,false,true,false => rowid: 792","v":1}
{"level":30,"time":1589725318026,"pid":31073,"hostname":"localhost.localdomain","msg":"Executed insert: INSERT INTO DEVICE_TYPE_CLUSTER (DEVICE_TYPE_REF, CLUSTER_NAME, INCLUDE_CLIENT, INCLUDE_SERVER, LOCK_CLIENT, LOCK_SERVER) VALUES (?,?,?,?,?,?): 134,Tunneling,false,false,false,false => rowid: 793","v":1}
{"level":30,"time":1589725318026,"pid":31073,"hostname":"localhost.localdomain","msg":"Executed insert: INSERT INTO DEVICE_TYPE_CLUSTER (DEVICE_TYPE_REF, CLUSTER_NAME, INCLUDE_CLIENT, INCLUDE_SERVER, LOCK_CLIENT, LOCK_SERVER) VALUES (?,?,?,?,?,?): 134,Keep-Alive,false,false,false,false => rowid: 794","v":1}
{"level":30,"time":1589725318026,"pid":31073,"hostname":"localhost.localdomain","msg":"Executed insert: INSERT INTO DEVICE_TYPE_CLUSTER (DEVICE_TYPE_REF, CLUSTER_NAME, INCLUDE_CLIENT, INCLUDE_SERVER, LOCK_CLIENT, LOCK_SERVER) VALUES (?,?,?,?,?,?): 134,Sub-GHz,false,false,false,true => rowid: 795","v":1}
{"level":30,"time":1589725318026,"pid":31073,"hostname":"localhost.localdomain","msg":"Preparing statement: INSERT INTO DEVICE_TYPE_ATTRIBUTE (DEVICE_TYPE_CLUSTER_REF, ATTRIBUTE_NAME) VALUES (?, ?) to insert 0 records.","v":1}
{"level":30,"time":1589725318026,"pid":31073,"hostname":"localhost.localdomain","msg":"Preparing statement: INSERT INTO DEVICE_TYPE_COMMAND (DEVICE_TYPE_CLUSTER_REF, COMMAND_NAME) VALUES (?, ?) to insert 0 records.","v":1}
{"level":30,"time":1589725318026,"pid":31073,"hostname":"localhost.localdomain","msg":"Executed insert: INSERT INTO DEVICE_TYPE_CLUSTER (DEVICE_TYPE_REF, CLUSTER_NAME, INCLUDE_CLIENT, INCLUDE_SERVER, LOCK_CLIENT, LOCK_SERVER) VALUES (?,?,?,?,?,?): 137,Basic,false,true,true,true => rowid: 796","v":1}
{"level":30,"time":1589725318026,"pid":31073,"hostname":"localhost.localdomain","msg":"Executed insert: INSERT INTO DEVICE_TYPE_CLUSTER (DEVICE_TYPE_REF, CLUSTER_NAME, INCLUDE_CLIENT, INCLUDE_SERVER, LOCK_CLIENT, LOCK_SERVER) VALUES (?,?,?,?,?,?): 137,Key Establishment,true,true,true,true => rowid: 797","v":1}
{"level":30,"time":1589725318026,"pid":31073,"hostname":"localhost.localdomain","msg":"Executed insert: INSERT INTO DEVICE_TYPE_CLUSTER (DEVICE_TYPE_REF, CLUSTER_NAME, INCLUDE_CLIENT, INCLUDE_SERVER, LOCK_CLIENT, LOCK_SERVER) VALUES (?,?,?,?,?,?): 137,Power Configuration,false,false,true,false => rowid: 798","v":1}
{"level":30,"time":1589725318026,"pid":31073,"hostname":"localhost.localdomain","msg":"Executed insert: INSERT INTO DEVICE_TYPE_CLUSTER (DEVICE_TYPE_REF, CLUSTER_NAME, INCLUDE_CLIENT, INCLUDE_SERVER, LOCK_CLIENT, LOCK_SERVER) VALUES (?,?,?,?,?,?): 137,Commissioning,false,false,false,false => rowid: 799","v":1}
{"level":30,"time":1589725318026,"pid":31073,"hostname":"localhost.localdomain","msg":"Executed insert: INSERT INTO DEVICE_TYPE_CLUSTER (DEVICE_TYPE_REF, CLUSTER_NAME, INCLUDE_CLIENT, INCLUDE_SERVER, LOCK_CLIENT, LOCK_SERVER) VALUES (?,?,?,?,?,?): 137,Identify,false,false,true,false => rowid: 800","v":1}
{"level":30,"time":1589725318026,"pid":31073,"hostname":"localhost.localdomain","msg":"Executed insert: INSERT INTO DEVICE_TYPE_CLUSTER (DEVICE_TYPE_REF, CLUSTER_NAME, INCLUDE_CLIENT, INCLUDE_SERVER, LOCK_CLIENT, LOCK_SERVER) VALUES (?,?,?,?,?,?): 137,Events,false,false,true,false => rowid: 801","v":1}
{"level":30,"time":1589725318026,"pid":31073,"hostname":"localhost.localdomain","msg":"Executed insert: INSERT INTO DEVICE_TYPE_CLUSTER (DEVICE_TYPE_REF, CLUSTER_NAME, INCLUDE_CLIENT, INCLUDE_SERVER, LOCK_CLIENT, LOCK_SERVER) VALUES (?,?,?,?,?,?): 137,Over the Air Bootloading,false,false,false,false => rowid: 802","v":1}
{"level":30,"time":1589725318026,"pid":31073,"hostname":"localhost.localdomain","msg":"Executed insert: INSERT INTO DEVICE_TYPE_CLUSTER (DEVICE_TYPE_REF, CLUSTER_NAME, INCLUDE_CLIENT, INCLUDE_SERVER, LOCK_CLIENT, LOCK_SERVER) VALUES (?,?,?,?,?,?): 137,Keep-Alive,false,false,false,false => rowid: 803","v":1}
{"level":30,"time":1589725318026,"pid":31073,"hostname":"localhost.localdomain","msg":"Executed insert: INSERT INTO DEVICE_TYPE_CLUSTER (DEVICE_TYPE_REF, CLUSTER_NAME, INCLUDE_CLIENT, INCLUDE_SERVER, LOCK_CLIENT, LOCK_SERVER) VALUES (?,?,?,?,?,?): 137,Sub-GHz,false,false,false,true => rowid: 804","v":1}
{"level":30,"time":1589725318026,"pid":31073,"hostname":"localhost.localdomain","msg":"Preparing statement: INSERT INTO DEVICE_TYPE_ATTRIBUTE (DEVICE_TYPE_CLUSTER_REF, ATTRIBUTE_NAME) VALUES (?, ?) to insert 0 records.","v":1}
{"level":30,"time":1589725318026,"pid":31073,"hostname":"localhost.localdomain","msg":"Preparing statement: INSERT INTO DEVICE_TYPE_COMMAND (DEVICE_TYPE_CLUSTER_REF, COMMAND_NAME) VALUES (?, ?) to insert 0 records.","v":1}
{"level":30,"time":1589725318026,"pid":31073,"hostname":"localhost.localdomain","msg":"Executed insert: INSERT INTO DEVICE_TYPE_CLUSTER (DEVICE_TYPE_REF, CLUSTER_NAME, INCLUDE_CLIENT, INCLUDE_SERVER, LOCK_CLIENT, LOCK_SERVER) VALUES (?,?,?,?,?,?): 140,Basic,false,true,true,true => rowid: 805","v":1}
{"level":30,"time":1589725318026,"pid":31073,"hostname":"localhost.localdomain","msg":"Executed insert: INSERT INTO DEVICE_TYPE_CLUSTER (DEVICE_TYPE_REF, CLUSTER_NAME, INCLUDE_CLIENT, INCLUDE_SERVER, LOCK_CLIENT, LOCK_SERVER) VALUES (?,?,?,?,?,?): 140,Key Establishment,true,true,true,true => rowid: 806","v":1}
{"level":30,"time":1589725318027,"pid":31073,"hostname":"localhost.localdomain","msg":"Executed insert: INSERT INTO DEVICE_TYPE_CLUSTER (DEVICE_TYPE_REF, CLUSTER_NAME, INCLUDE_CLIENT, INCLUDE_SERVER, LOCK_CLIENT, LOCK_SERVER) VALUES (?,?,?,?,?,?): 140,Power Configuration,false,false,true,false => rowid: 807","v":1}
{"level":30,"time":1589725318027,"pid":31073,"hostname":"localhost.localdomain","msg":"Executed insert: INSERT INTO DEVICE_TYPE_CLUSTER (DEVICE_TYPE_REF, CLUSTER_NAME, INCLUDE_CLIENT, INCLUDE_SERVER, LOCK_CLIENT, LOCK_SERVER) VALUES (?,?,?,?,?,?): 140,Commissioning,false,false,false,false => rowid: 808","v":1}
{"level":30,"time":1589725318027,"pid":31073,"hostname":"localhost.localdomain","msg":"Executed insert: INSERT INTO DEVICE_TYPE_CLUSTER (DEVICE_TYPE_REF, CLUSTER_NAME, INCLUDE_CLIENT, INCLUDE_SERVER, LOCK_CLIENT, LOCK_SERVER) VALUES (?,?,?,?,?,?): 140,Identify,false,false,true,false => rowid: 809","v":1}
{"level":30,"time":1589725318027,"pid":31073,"hostname":"localhost.localdomain","msg":"Executed insert: INSERT INTO DEVICE_TYPE_CLUSTER (DEVICE_TYPE_REF, CLUSTER_NAME, INCLUDE_CLIENT, INCLUDE_SERVER, LOCK_CLIENT, LOCK_SERVER) VALUES (?,?,?,?,?,?): 140,Events,false,false,true,false => rowid: 810","v":1}
{"level":30,"time":1589725318027,"pid":31073,"hostname":"localhost.localdomain","msg":"Executed insert: INSERT INTO DEVICE_TYPE_CLUSTER (DEVICE_TYPE_REF, CLUSTER_NAME, INCLUDE_CLIENT, INCLUDE_SERVER, LOCK_CLIENT, LOCK_SERVER) VALUES (?,?,?,?,?,?): 140,Over the Air Bootloading,false,false,false,false => rowid: 811","v":1}
{"level":30,"time":1589725318027,"pid":31073,"hostname":"localhost.localdomain","msg":"Executed insert: INSERT INTO DEVICE_TYPE_CLUSTER (DEVICE_TYPE_REF, CLUSTER_NAME, INCLUDE_CLIENT, INCLUDE_SERVER, LOCK_CLIENT, LOCK_SERVER) VALUES (?,?,?,?,?,?): 140,Tunneling,false,false,false,false => rowid: 812","v":1}
{"level":30,"time":1589725318027,"pid":31073,"hostname":"localhost.localdomain","msg":"Executed insert: INSERT INTO DEVICE_TYPE_CLUSTER (DEVICE_TYPE_REF, CLUSTER_NAME, INCLUDE_CLIENT, INCLUDE_SERVER, LOCK_CLIENT, LOCK_SERVER) VALUES (?,?,?,?,?,?): 140,Time,false,false,true,false => rowid: 813","v":1}
{"level":30,"time":1589725318027,"pid":31073,"hostname":"localhost.localdomain","msg":"Executed insert: INSERT INTO DEVICE_TYPE_CLUSTER (DEVICE_TYPE_REF, CLUSTER_NAME, INCLUDE_CLIENT, INCLUDE_SERVER, LOCK_CLIENT, LOCK_SERVER) VALUES (?,?,?,?,?,?): 140,Keep-Alive,false,false,false,false => rowid: 814","v":1}
{"level":30,"time":1589725318027,"pid":31073,"hostname":"localhost.localdomain","msg":"Executed insert: INSERT INTO DEVICE_TYPE_CLUSTER (DEVICE_TYPE_REF, CLUSTER_NAME, INCLUDE_CLIENT, INCLUDE_SERVER, LOCK_CLIENT, LOCK_SERVER) VALUES (?,?,?,?,?,?): 140,Sub-GHz,false,false,true,false => rowid: 815","v":1}
{"level":30,"time":1589725318027,"pid":31073,"hostname":"localhost.localdomain","msg":"Preparing statement: INSERT INTO DEVICE_TYPE_ATTRIBUTE (DEVICE_TYPE_CLUSTER_REF, ATTRIBUTE_NAME) VALUES (?, ?) to insert 0 records.","v":1}
{"level":30,"time":1589725318027,"pid":31073,"hostname":"localhost.localdomain","msg":"Preparing statement: INSERT INTO DEVICE_TYPE_COMMAND (DEVICE_TYPE_CLUSTER_REF, COMMAND_NAME) VALUES (?, ?) to insert 0 records.","v":1}
{"level":30,"time":1589725318027,"pid":31073,"hostname":"localhost.localdomain","msg":"Executed insert: INSERT INTO DEVICE_TYPE_CLUSTER (DEVICE_TYPE_REF, CLUSTER_NAME, INCLUDE_CLIENT, INCLUDE_SERVER, LOCK_CLIENT, LOCK_SERVER) VALUES (?,?,?,?,?,?): 8,Basic,false,true,true,true => rowid: 816","v":1}
{"level":30,"time":1589725318027,"pid":31073,"hostname":"localhost.localdomain","msg":"Executed insert: INSERT INTO DEVICE_TYPE_CLUSTER (DEVICE_TYPE_REF, CLUSTER_NAME, INCLUDE_CLIENT, INCLUDE_SERVER, LOCK_CLIENT, LOCK_SERVER) VALUES (?,?,?,?,?,?): 8,Identify,false,true,true,true => rowid: 817","v":1}
{"level":30,"time":1589725318027,"pid":31073,"hostname":"localhost.localdomain","msg":"Executed insert: INSERT INTO DEVICE_TYPE_CLUSTER (DEVICE_TYPE_REF, CLUSTER_NAME, INCLUDE_CLIENT, INCLUDE_SERVER, LOCK_CLIENT, LOCK_SERVER) VALUES (?,?,?,?,?,?): 8,Generic Tunnel,false,true,true,true => rowid: 818","v":1}
{"level":30,"time":1589725318027,"pid":31073,"hostname":"localhost.localdomain","msg":"Executed insert: INSERT INTO DEVICE_TYPE_CLUSTER (DEVICE_TYPE_REF, CLUSTER_NAME, INCLUDE_CLIENT, INCLUDE_SERVER, LOCK_CLIENT, LOCK_SERVER) VALUES (?,?,?,?,?,?): 8,11073 Protocol Tunnel,true,true,true,true => rowid: 819","v":1}
{"level":30,"time":1589725318027,"pid":31073,"hostname":"localhost.localdomain","msg":"Executed insert: INSERT INTO DEVICE_TYPE_CLUSTER (DEVICE_TYPE_REF, CLUSTER_NAME, INCLUDE_CLIENT, INCLUDE_SERVER, LOCK_CLIENT, LOCK_SERVER) VALUES (?,?,?,?,?,?): 8,Power Configuration,false,true,true,false => rowid: 820","v":1}
{"level":30,"time":1589725318027,"pid":31073,"hostname":"localhost.localdomain","msg":"Executed insert: INSERT INTO DEVICE_TYPE_CLUSTER (DEVICE_TYPE_REF, CLUSTER_NAME, INCLUDE_CLIENT, INCLUDE_SERVER, LOCK_CLIENT, LOCK_SERVER) VALUES (?,?,?,?,?,?): 8,Alarms,false,true,true,false => rowid: 821","v":1}
{"level":30,"time":1589725318027,"pid":31073,"hostname":"localhost.localdomain","msg":"Executed insert: INSERT INTO DEVICE_TYPE_CLUSTER (DEVICE_TYPE_REF, CLUSTER_NAME, INCLUDE_CLIENT, INCLUDE_SERVER, LOCK_CLIENT, LOCK_SERVER) VALUES (?,?,?,?,?,?): 8,Time,false,true,true,false => rowid: 822","v":1}
{"level":30,"time":1589725318027,"pid":31073,"hostname":"localhost.localdomain","msg":"Preparing statement: INSERT INTO DEVICE_TYPE_ATTRIBUTE (DEVICE_TYPE_CLUSTER_REF, ATTRIBUTE_NAME) VALUES (?, ?) to insert 0 records.","v":1}
{"level":30,"time":1589725318027,"pid":31073,"hostname":"localhost.localdomain","msg":"Preparing statement: INSERT INTO DEVICE_TYPE_COMMAND (DEVICE_TYPE_CLUSTER_REF, COMMAND_NAME) VALUES (?, ?) to insert 0 records.","v":1}
{"level":30,"time":1589725318028,"pid":31073,"hostname":"localhost.localdomain","msg":"Executed insert: INSERT INTO DEVICE_TYPE_CLUSTER (DEVICE_TYPE_REF, CLUSTER_NAME, INCLUDE_CLIENT, INCLUDE_SERVER, LOCK_CLIENT, LOCK_SERVER) VALUES (?,?,?,?,?,?): 13,Basic,false,true,true,true => rowid: 823","v":1}
{"level":30,"time":1589725318028,"pid":31073,"hostname":"localhost.localdomain","msg":"Executed insert: INSERT INTO DEVICE_TYPE_CLUSTER (DEVICE_TYPE_REF, CLUSTER_NAME, INCLUDE_CLIENT, INCLUDE_SERVER, LOCK_CLIENT, LOCK_SERVER) VALUES (?,?,?,?,?,?): 13,Identify,false,true,true,true => rowid: 824","v":1}
{"level":30,"time":1589725318028,"pid":31073,"hostname":"localhost.localdomain","msg":"Executed insert: INSERT INTO DEVICE_TYPE_CLUSTER (DEVICE_TYPE_REF, CLUSTER_NAME, INCLUDE_CLIENT, INCLUDE_SERVER, LOCK_CLIENT, LOCK_SERVER) VALUES (?,?,?,?,?,?): 13,Generic Tunnel,false,true,true,true => rowid: 825","v":1}
{"level":30,"time":1589725318028,"pid":31073,"hostname":"localhost.localdomain","msg":"Executed insert: INSERT INTO DEVICE_TYPE_CLUSTER (DEVICE_TYPE_REF, CLUSTER_NAME, INCLUDE_CLIENT, INCLUDE_SERVER, LOCK_CLIENT, LOCK_SERVER) VALUES (?,?,?,?,?,?): 13,11073 Protocol Tunnel,true,true,true,true => rowid: 826","v":1}
{"level":30,"time":1589725318028,"pid":31073,"hostname":"localhost.localdomain","msg":"Executed insert: INSERT INTO DEVICE_TYPE_CLUSTER (DEVICE_TYPE_REF, CLUSTER_NAME, INCLUDE_CLIENT, INCLUDE_SERVER, LOCK_CLIENT, LOCK_SERVER) VALUES (?,?,?,?,?,?): 13,Power Configuration,false,true,true,false => rowid: 827","v":1}
{"level":30,"time":1589725318031,"pid":31073,"hostname":"localhost.localdomain","msg":"Executed insert: INSERT INTO DEVICE_TYPE_CLUSTER (DEVICE_TYPE_REF, CLUSTER_NAME, INCLUDE_CLIENT, INCLUDE_SERVER, LOCK_CLIENT, LOCK_SERVER) VALUES (?,?,?,?,?,?): 13,Alarms,false,true,true,false => rowid: 828","v":1}
{"level":30,"time":1589725318031,"pid":31073,"hostname":"localhost.localdomain","msg":"Executed insert: INSERT INTO DEVICE_TYPE_CLUSTER (DEVICE_TYPE_REF, CLUSTER_NAME, INCLUDE_CLIENT, INCLUDE_SERVER, LOCK_CLIENT, LOCK_SERVER) VALUES (?,?,?,?,?,?): 13,Time,false,true,true,false => rowid: 829","v":1}
{"level":30,"time":1589725318031,"pid":31073,"hostname":"localhost.localdomain","msg":"Preparing statement: INSERT INTO DEVICE_TYPE_ATTRIBUTE (DEVICE_TYPE_CLUSTER_REF, ATTRIBUTE_NAME) VALUES (?, ?) to insert 0 records.","v":1}
{"level":30,"time":1589725318032,"pid":31073,"hostname":"localhost.localdomain","msg":"Preparing statement: INSERT INTO DEVICE_TYPE_COMMAND (DEVICE_TYPE_CLUSTER_REF, COMMAND_NAME) VALUES (?, ?) to insert 0 records.","v":1}
{"level":30,"time":1589725318032,"pid":31073,"hostname":"localhost.localdomain","msg":"Executed insert: INSERT INTO DEVICE_TYPE_CLUSTER (DEVICE_TYPE_REF, CLUSTER_NAME, INCLUDE_CLIENT, INCLUDE_SERVER, LOCK_CLIENT, LOCK_SERVER) VALUES (?,?,?,?,?,?): 20,Basic,false,true,true,true => rowid: 830","v":1}
{"level":30,"time":1589725318032,"pid":31073,"hostname":"localhost.localdomain","msg":"Executed insert: INSERT INTO DEVICE_TYPE_CLUSTER (DEVICE_TYPE_REF, CLUSTER_NAME, INCLUDE_CLIENT, INCLUDE_SERVER, LOCK_CLIENT, LOCK_SERVER) VALUES (?,?,?,?,?,?): 20,Identify,false,true,true,true => rowid: 831","v":1}
{"level":30,"time":1589725318032,"pid":31073,"hostname":"localhost.localdomain","msg":"Executed insert: INSERT INTO DEVICE_TYPE_CLUSTER (DEVICE_TYPE_REF, CLUSTER_NAME, INCLUDE_CLIENT, INCLUDE_SERVER, LOCK_CLIENT, LOCK_SERVER) VALUES (?,?,?,?,?,?): 20,Generic Tunnel,false,true,true,true => rowid: 832","v":1}
{"level":30,"time":1589725318032,"pid":31073,"hostname":"localhost.localdomain","msg":"Executed insert: INSERT INTO DEVICE_TYPE_CLUSTER (DEVICE_TYPE_REF, CLUSTER_NAME, INCLUDE_CLIENT, INCLUDE_SERVER, LOCK_CLIENT, LOCK_SERVER) VALUES (?,?,?,?,?,?): 20,11073 Protocol Tunnel,true,true,true,true => rowid: 833","v":1}
{"level":30,"time":1589725318032,"pid":31073,"hostname":"localhost.localdomain","msg":"Executed insert: INSERT INTO DEVICE_TYPE_CLUSTER (DEVICE_TYPE_REF, CLUSTER_NAME, INCLUDE_CLIENT, INCLUDE_SERVER, LOCK_CLIENT, LOCK_SERVER) VALUES (?,?,?,?,?,?): 20,Power Configuration,false,true,true,false => rowid: 834","v":1}
{"level":30,"time":1589725318032,"pid":31073,"hostname":"localhost.localdomain","msg":"Executed insert: INSERT INTO DEVICE_TYPE_CLUSTER (DEVICE_TYPE_REF, CLUSTER_NAME, INCLUDE_CLIENT, INCLUDE_SERVER, LOCK_CLIENT, LOCK_SERVER) VALUES (?,?,?,?,?,?): 20,Alarms,false,true,true,false => rowid: 835","v":1}
{"level":30,"time":1589725318032,"pid":31073,"hostname":"localhost.localdomain","msg":"Executed insert: INSERT INTO DEVICE_TYPE_CLUSTER (DEVICE_TYPE_REF, CLUSTER_NAME, INCLUDE_CLIENT, INCLUDE_SERVER, LOCK_CLIENT, LOCK_SERVER) VALUES (?,?,?,?,?,?): 20,Time,false,true,true,false => rowid: 836","v":1}
{"level":30,"time":1589725318032,"pid":31073,"hostname":"localhost.localdomain","msg":"Preparing statement: INSERT INTO DEVICE_TYPE_ATTRIBUTE (DEVICE_TYPE_CLUSTER_REF, ATTRIBUTE_NAME) VALUES (?, ?) to insert 0 records.","v":1}
{"level":30,"time":1589725318032,"pid":31073,"hostname":"localhost.localdomain","msg":"Preparing statement: INSERT INTO DEVICE_TYPE_COMMAND (DEVICE_TYPE_CLUSTER_REF, COMMAND_NAME) VALUES (?, ?) to insert 0 records.","v":1}
{"level":30,"time":1589725318032,"pid":31073,"hostname":"localhost.localdomain","msg":"Executed insert: INSERT INTO DEVICE_TYPE_CLUSTER (DEVICE_TYPE_REF, CLUSTER_NAME, INCLUDE_CLIENT, INCLUDE_SERVER, LOCK_CLIENT, LOCK_SERVER) VALUES (?,?,?,?,?,?): 27,Basic,false,true,true,true => rowid: 837","v":1}
{"level":30,"time":1589725318032,"pid":31073,"hostname":"localhost.localdomain","msg":"Executed insert: INSERT INTO DEVICE_TYPE_CLUSTER (DEVICE_TYPE_REF, CLUSTER_NAME, INCLUDE_CLIENT, INCLUDE_SERVER, LOCK_CLIENT, LOCK_SERVER) VALUES (?,?,?,?,?,?): 27,Identify,false,true,true,true => rowid: 838","v":1}
{"level":30,"time":1589725318032,"pid":31073,"hostname":"localhost.localdomain","msg":"Executed insert: INSERT INTO DEVICE_TYPE_CLUSTER (DEVICE_TYPE_REF, CLUSTER_NAME, INCLUDE_CLIENT, INCLUDE_SERVER, LOCK_CLIENT, LOCK_SERVER) VALUES (?,?,?,?,?,?): 27,Generic Tunnel,false,true,true,true => rowid: 839","v":1}
{"level":30,"time":1589725318032,"pid":31073,"hostname":"localhost.localdomain","msg":"Executed insert: INSERT INTO DEVICE_TYPE_CLUSTER (DEVICE_TYPE_REF, CLUSTER_NAME, INCLUDE_CLIENT, INCLUDE_SERVER, LOCK_CLIENT, LOCK_SERVER) VALUES (?,?,?,?,?,?): 27,11073 Protocol Tunnel,true,true,true,true => rowid: 840","v":1}
{"level":30,"time":1589725318032,"pid":31073,"hostname":"localhost.localdomain","msg":"Executed insert: INSERT INTO DEVICE_TYPE_CLUSTER (DEVICE_TYPE_REF, CLUSTER_NAME, INCLUDE_CLIENT, INCLUDE_SERVER, LOCK_CLIENT, LOCK_SERVER) VALUES (?,?,?,?,?,?): 27,Power Configuration,false,true,true,false => rowid: 841","v":1}
{"level":30,"time":1589725318032,"pid":31073,"hostname":"localhost.localdomain","msg":"Executed insert: INSERT INTO DEVICE_TYPE_CLUSTER (DEVICE_TYPE_REF, CLUSTER_NAME, INCLUDE_CLIENT, INCLUDE_SERVER, LOCK_CLIENT, LOCK_SERVER) VALUES (?,?,?,?,?,?): 27,Alarms,false,true,true,false => rowid: 842","v":1}
{"level":30,"time":1589725318033,"pid":31073,"hostname":"localhost.localdomain","msg":"Executed insert: INSERT INTO DEVICE_TYPE_CLUSTER (DEVICE_TYPE_REF, CLUSTER_NAME, INCLUDE_CLIENT, INCLUDE_SERVER, LOCK_CLIENT, LOCK_SERVER) VALUES (?,?,?,?,?,?): 27,Time,false,true,true,false => rowid: 843","v":1}
{"level":30,"time":1589725318033,"pid":31073,"hostname":"localhost.localdomain","msg":"Preparing statement: INSERT INTO DEVICE_TYPE_ATTRIBUTE (DEVICE_TYPE_CLUSTER_REF, ATTRIBUTE_NAME) VALUES (?, ?) to insert 0 records.","v":1}
{"level":30,"time":1589725318033,"pid":31073,"hostname":"localhost.localdomain","msg":"Preparing statement: INSERT INTO DEVICE_TYPE_COMMAND (DEVICE_TYPE_CLUSTER_REF, COMMAND_NAME) VALUES (?, ?) to insert 0 records.","v":1}
{"level":30,"time":1589725318033,"pid":31073,"hostname":"localhost.localdomain","msg":"Executed insert: INSERT INTO DEVICE_TYPE_CLUSTER (DEVICE_TYPE_REF, CLUSTER_NAME, INCLUDE_CLIENT, INCLUDE_SERVER, LOCK_CLIENT, LOCK_SERVER) VALUES (?,?,?,?,?,?): 33,Basic,false,true,true,true => rowid: 844","v":1}
{"level":30,"time":1589725318033,"pid":31073,"hostname":"localhost.localdomain","msg":"Executed insert: INSERT INTO DEVICE_TYPE_CLUSTER (DEVICE_TYPE_REF, CLUSTER_NAME, INCLUDE_CLIENT, INCLUDE_SERVER, LOCK_CLIENT, LOCK_SERVER) VALUES (?,?,?,?,?,?): 33,Identify,false,true,true,true => rowid: 845","v":1}
{"level":30,"time":1589725318033,"pid":31073,"hostname":"localhost.localdomain","msg":"Executed insert: INSERT INTO DEVICE_TYPE_CLUSTER (DEVICE_TYPE_REF, CLUSTER_NAME, INCLUDE_CLIENT, INCLUDE_SERVER, LOCK_CLIENT, LOCK_SERVER) VALUES (?,?,?,?,?,?): 33,Generic Tunnel,false,true,true,true => rowid: 846","v":1}
{"level":30,"time":1589725318033,"pid":31073,"hostname":"localhost.localdomain","msg":"Executed insert: INSERT INTO DEVICE_TYPE_CLUSTER (DEVICE_TYPE_REF, CLUSTER_NAME, INCLUDE_CLIENT, INCLUDE_SERVER, LOCK_CLIENT, LOCK_SERVER) VALUES (?,?,?,?,?,?): 33,11073 Protocol Tunnel,true,true,true,true => rowid: 847","v":1}
{"level":30,"time":1589725318033,"pid":31073,"hostname":"localhost.localdomain","msg":"Executed insert: INSERT INTO DEVICE_TYPE_CLUSTER (DEVICE_TYPE_REF, CLUSTER_NAME, INCLUDE_CLIENT, INCLUDE_SERVER, LOCK_CLIENT, LOCK_SERVER) VALUES (?,?,?,?,?,?): 33,Power Configuration,false,true,true,false => rowid: 848","v":1}
{"level":30,"time":1589725318033,"pid":31073,"hostname":"localhost.localdomain","msg":"Executed insert: INSERT INTO DEVICE_TYPE_CLUSTER (DEVICE_TYPE_REF, CLUSTER_NAME, INCLUDE_CLIENT, INCLUDE_SERVER, LOCK_CLIENT, LOCK_SERVER) VALUES (?,?,?,?,?,?): 33,Alarms,false,true,true,false => rowid: 849","v":1}
{"level":30,"time":1589725318033,"pid":31073,"hostname":"localhost.localdomain","msg":"Executed insert: INSERT INTO DEVICE_TYPE_CLUSTER (DEVICE_TYPE_REF, CLUSTER_NAME, INCLUDE_CLIENT, INCLUDE_SERVER, LOCK_CLIENT, LOCK_SERVER) VALUES (?,?,?,?,?,?): 33,Time,false,true,true,false => rowid: 850","v":1}
{"level":30,"time":1589725318033,"pid":31073,"hostname":"localhost.localdomain","msg":"Preparing statement: INSERT INTO DEVICE_TYPE_ATTRIBUTE (DEVICE_TYPE_CLUSTER_REF, ATTRIBUTE_NAME) VALUES (?, ?) to insert 0 records.","v":1}
{"level":30,"time":1589725318033,"pid":31073,"hostname":"localhost.localdomain","msg":"Preparing statement: INSERT INTO DEVICE_TYPE_COMMAND (DEVICE_TYPE_CLUSTER_REF, COMMAND_NAME) VALUES (?, ?) to insert 0 records.","v":1}
{"level":30,"time":1589725318033,"pid":31073,"hostname":"localhost.localdomain","msg":"Executed insert: INSERT INTO DEVICE_TYPE_CLUSTER (DEVICE_TYPE_REF, CLUSTER_NAME, INCLUDE_CLIENT, INCLUDE_SERVER, LOCK_CLIENT, LOCK_SERVER) VALUES (?,?,?,?,?,?): 39,Basic,false,true,true,true => rowid: 851","v":1}
{"level":30,"time":1589725318033,"pid":31073,"hostname":"localhost.localdomain","msg":"Executed insert: INSERT INTO DEVICE_TYPE_CLUSTER (DEVICE_TYPE_REF, CLUSTER_NAME, INCLUDE_CLIENT, INCLUDE_SERVER, LOCK_CLIENT, LOCK_SERVER) VALUES (?,?,?,?,?,?): 39,Identify,false,true,true,true => rowid: 852","v":1}
{"level":30,"time":1589725318033,"pid":31073,"hostname":"localhost.localdomain","msg":"Executed insert: INSERT INTO DEVICE_TYPE_CLUSTER (DEVICE_TYPE_REF, CLUSTER_NAME, INCLUDE_CLIENT, INCLUDE_SERVER, LOCK_CLIENT, LOCK_SERVER) VALUES (?,?,?,?,?,?): 39,Generic Tunnel,false,true,true,true => rowid: 853","v":1}
{"level":30,"time":1589725318033,"pid":31073,"hostname":"localhost.localdomain","msg":"Executed insert: INSERT INTO DEVICE_TYPE_CLUSTER (DEVICE_TYPE_REF, CLUSTER_NAME, INCLUDE_CLIENT, INCLUDE_SERVER, LOCK_CLIENT, LOCK_SERVER) VALUES (?,?,?,?,?,?): 39,11073 Protocol Tunnel,true,true,true,true => rowid: 854","v":1}
{"level":30,"time":1589725318033,"pid":31073,"hostname":"localhost.localdomain","msg":"Executed insert: INSERT INTO DEVICE_TYPE_CLUSTER (DEVICE_TYPE_REF, CLUSTER_NAME, INCLUDE_CLIENT, INCLUDE_SERVER, LOCK_CLIENT, LOCK_SERVER) VALUES (?,?,?,?,?,?): 39,Power Configuration,false,true,true,false => rowid: 855","v":1}
{"level":30,"time":1589725318033,"pid":31073,"hostname":"localhost.localdomain","msg":"Executed insert: INSERT INTO DEVICE_TYPE_CLUSTER (DEVICE_TYPE_REF, CLUSTER_NAME, INCLUDE_CLIENT, INCLUDE_SERVER, LOCK_CLIENT, LOCK_SERVER) VALUES (?,?,?,?,?,?): 39,Alarms,false,true,true,false => rowid: 856","v":1}
{"level":30,"time":1589725318033,"pid":31073,"hostname":"localhost.localdomain","msg":"Executed insert: INSERT INTO DEVICE_TYPE_CLUSTER (DEVICE_TYPE_REF, CLUSTER_NAME, INCLUDE_CLIENT, INCLUDE_SERVER, LOCK_CLIENT, LOCK_SERVER) VALUES (?,?,?,?,?,?): 39,Time,false,true,true,false => rowid: 857","v":1}
{"level":30,"time":1589725318033,"pid":31073,"hostname":"localhost.localdomain","msg":"Preparing statement: INSERT INTO DEVICE_TYPE_ATTRIBUTE (DEVICE_TYPE_CLUSTER_REF, ATTRIBUTE_NAME) VALUES (?, ?) to insert 0 records.","v":1}
{"level":30,"time":1589725318035,"pid":31073,"hostname":"localhost.localdomain","msg":"Preparing statement: INSERT INTO DEVICE_TYPE_COMMAND (DEVICE_TYPE_CLUSTER_REF, COMMAND_NAME) VALUES (?, ?) to insert 0 records.","v":1}
{"level":30,"time":1589725318035,"pid":31073,"hostname":"localhost.localdomain","msg":"Executed insert: INSERT INTO DEVICE_TYPE_CLUSTER (DEVICE_TYPE_REF, CLUSTER_NAME, INCLUDE_CLIENT, INCLUDE_SERVER, LOCK_CLIENT, LOCK_SERVER) VALUES (?,?,?,?,?,?): 45,Basic,false,true,true,true => rowid: 858","v":1}
{"level":30,"time":1589725318035,"pid":31073,"hostname":"localhost.localdomain","msg":"Executed insert: INSERT INTO DEVICE_TYPE_CLUSTER (DEVICE_TYPE_REF, CLUSTER_NAME, INCLUDE_CLIENT, INCLUDE_SERVER, LOCK_CLIENT, LOCK_SERVER) VALUES (?,?,?,?,?,?): 45,Identify,false,true,true,true => rowid: 859","v":1}
{"level":30,"time":1589725318035,"pid":31073,"hostname":"localhost.localdomain","msg":"Executed insert: INSERT INTO DEVICE_TYPE_CLUSTER (DEVICE_TYPE_REF, CLUSTER_NAME, INCLUDE_CLIENT, INCLUDE_SERVER, LOCK_CLIENT, LOCK_SERVER) VALUES (?,?,?,?,?,?): 45,Generic Tunnel,false,true,true,true => rowid: 860","v":1}
{"level":30,"time":1589725318035,"pid":31073,"hostname":"localhost.localdomain","msg":"Executed insert: INSERT INTO DEVICE_TYPE_CLUSTER (DEVICE_TYPE_REF, CLUSTER_NAME, INCLUDE_CLIENT, INCLUDE_SERVER, LOCK_CLIENT, LOCK_SERVER) VALUES (?,?,?,?,?,?): 45,11073 Protocol Tunnel,true,true,true,true => rowid: 861","v":1}
{"level":30,"time":1589725318036,"pid":31073,"hostname":"localhost.localdomain","msg":"Executed insert: INSERT INTO DEVICE_TYPE_CLUSTER (DEVICE_TYPE_REF, CLUSTER_NAME, INCLUDE_CLIENT, INCLUDE_SERVER, LOCK_CLIENT, LOCK_SERVER) VALUES (?,?,?,?,?,?): 45,Power Configuration,false,true,true,false => rowid: 862","v":1}
{"level":30,"time":1589725318036,"pid":31073,"hostname":"localhost.localdomain","msg":"Executed insert: INSERT INTO DEVICE_TYPE_CLUSTER (DEVICE_TYPE_REF, CLUSTER_NAME, INCLUDE_CLIENT, INCLUDE_SERVER, LOCK_CLIENT, LOCK_SERVER) VALUES (?,?,?,?,?,?): 45,Alarms,false,true,true,false => rowid: 863","v":1}
{"level":30,"time":1589725318036,"pid":31073,"hostname":"localhost.localdomain","msg":"Executed insert: INSERT INTO DEVICE_TYPE_CLUSTER (DEVICE_TYPE_REF, CLUSTER_NAME, INCLUDE_CLIENT, INCLUDE_SERVER, LOCK_CLIENT, LOCK_SERVER) VALUES (?,?,?,?,?,?): 50,Basic,false,true,true,true => rowid: 864","v":1}
{"level":30,"time":1589725318036,"pid":31073,"hostname":"localhost.localdomain","msg":"Executed insert: INSERT INTO DEVICE_TYPE_CLUSTER (DEVICE_TYPE_REF, CLUSTER_NAME, INCLUDE_CLIENT, INCLUDE_SERVER, LOCK_CLIENT, LOCK_SERVER) VALUES (?,?,?,?,?,?): 50,Identify,false,true,true,true => rowid: 865","v":1}
{"level":30,"time":1589725318036,"pid":31073,"hostname":"localhost.localdomain","msg":"Executed insert: INSERT INTO DEVICE_TYPE_CLUSTER (DEVICE_TYPE_REF, CLUSTER_NAME, INCLUDE_CLIENT, INCLUDE_SERVER, LOCK_CLIENT, LOCK_SERVER) VALUES (?,?,?,?,?,?): 50,Generic Tunnel,false,true,true,true => rowid: 866","v":1}
{"level":30,"time":1589725318036,"pid":31073,"hostname":"localhost.localdomain","msg":"Executed insert: INSERT INTO DEVICE_TYPE_CLUSTER (DEVICE_TYPE_REF, CLUSTER_NAME, INCLUDE_CLIENT, INCLUDE_SERVER, LOCK_CLIENT, LOCK_SERVER) VALUES (?,?,?,?,?,?): 50,11073 Protocol Tunnel,true,true,true,true => rowid: 867","v":1}
{"level":30,"time":1589725318036,"pid":31073,"hostname":"localhost.localdomain","msg":"Executed insert: INSERT INTO DEVICE_TYPE_CLUSTER (DEVICE_TYPE_REF, CLUSTER_NAME, INCLUDE_CLIENT, INCLUDE_SERVER, LOCK_CLIENT, LOCK_SERVER) VALUES (?,?,?,?,?,?): 50,Power Configuration,false,true,true,false => rowid: 868","v":1}
{"level":30,"time":1589725318036,"pid":31073,"hostname":"localhost.localdomain","msg":"Executed insert: INSERT INTO DEVICE_TYPE_CLUSTER (DEVICE_TYPE_REF, CLUSTER_NAME, INCLUDE_CLIENT, INCLUDE_SERVER, LOCK_CLIENT, LOCK_SERVER) VALUES (?,?,?,?,?,?): 50,Alarms,false,true,true,false => rowid: 869","v":1}
{"level":30,"time":1589725318036,"pid":31073,"hostname":"localhost.localdomain","msg":"Executed insert: INSERT INTO DEVICE_TYPE_CLUSTER (DEVICE_TYPE_REF, CLUSTER_NAME, INCLUDE_CLIENT, INCLUDE_SERVER, LOCK_CLIENT, LOCK_SERVER) VALUES (?,?,?,?,?,?): 50,Time,false,true,true,false => rowid: 870","v":1}
{"level":30,"time":1589725318036,"pid":31073,"hostname":"localhost.localdomain","msg":"Preparing statement: INSERT INTO DEVICE_TYPE_ATTRIBUTE (DEVICE_TYPE_CLUSTER_REF, ATTRIBUTE_NAME) VALUES (?, ?) to insert 0 records.","v":1}
{"level":30,"time":1589725318036,"pid":31073,"hostname":"localhost.localdomain","msg":"Preparing statement: INSERT INTO DEVICE_TYPE_COMMAND (DEVICE_TYPE_CLUSTER_REF, COMMAND_NAME) VALUES (?, ?) to insert 0 records.","v":1}
{"level":30,"time":1589725318036,"pid":31073,"hostname":"localhost.localdomain","msg":"Executed insert: INSERT INTO DEVICE_TYPE_CLUSTER (DEVICE_TYPE_REF, CLUSTER_NAME, INCLUDE_CLIENT, INCLUDE_SERVER, LOCK_CLIENT, LOCK_SERVER) VALUES (?,?,?,?,?,?): 55,Basic,false,true,true,true => rowid: 871","v":1}
{"level":30,"time":1589725318036,"pid":31073,"hostname":"localhost.localdomain","msg":"Executed insert: INSERT INTO DEVICE_TYPE_CLUSTER (DEVICE_TYPE_REF, CLUSTER_NAME, INCLUDE_CLIENT, INCLUDE_SERVER, LOCK_CLIENT, LOCK_SERVER) VALUES (?,?,?,?,?,?): 55,Identify,false,true,true,true => rowid: 872","v":1}
{"level":30,"time":1589725318036,"pid":31073,"hostname":"localhost.localdomain","msg":"Executed insert: INSERT INTO DEVICE_TYPE_CLUSTER (DEVICE_TYPE_REF, CLUSTER_NAME, INCLUDE_CLIENT, INCLUDE_SERVER, LOCK_CLIENT, LOCK_SERVER) VALUES (?,?,?,?,?,?): 55,Generic Tunnel,false,true,true,true => rowid: 873","v":1}
{"level":30,"time":1589725318036,"pid":31073,"hostname":"localhost.localdomain","msg":"Executed insert: INSERT INTO DEVICE_TYPE_CLUSTER (DEVICE_TYPE_REF, CLUSTER_NAME, INCLUDE_CLIENT, INCLUDE_SERVER, LOCK_CLIENT, LOCK_SERVER) VALUES (?,?,?,?,?,?): 55,11073 Protocol Tunnel,true,true,true,true => rowid: 874","v":1}
{"level":30,"time":1589725318036,"pid":31073,"hostname":"localhost.localdomain","msg":"Executed insert: INSERT INTO DEVICE_TYPE_CLUSTER (DEVICE_TYPE_REF, CLUSTER_NAME, INCLUDE_CLIENT, INCLUDE_SERVER, LOCK_CLIENT, LOCK_SERVER) VALUES (?,?,?,?,?,?): 55,Power Configuration,false,true,true,false => rowid: 875","v":1}
{"level":30,"time":1589725318036,"pid":31073,"hostname":"localhost.localdomain","msg":"Executed insert: INSERT INTO DEVICE_TYPE_CLUSTER (DEVICE_TYPE_REF, CLUSTER_NAME, INCLUDE_CLIENT, INCLUDE_SERVER, LOCK_CLIENT, LOCK_SERVER) VALUES (?,?,?,?,?,?): 55,Alarms,false,true,true,false => rowid: 876","v":1}
{"level":30,"time":1589725318036,"pid":31073,"hostname":"localhost.localdomain","msg":"Executed insert: INSERT INTO DEVICE_TYPE_CLUSTER (DEVICE_TYPE_REF, CLUSTER_NAME, INCLUDE_CLIENT, INCLUDE_SERVER, LOCK_CLIENT, LOCK_SERVER) VALUES (?,?,?,?,?,?): 55,Time,false,true,true,false => rowid: 877","v":1}
{"level":30,"time":1589725318036,"pid":31073,"hostname":"localhost.localdomain","msg":"Preparing statement: INSERT INTO DEVICE_TYPE_ATTRIBUTE (DEVICE_TYPE_CLUSTER_REF, ATTRIBUTE_NAME) VALUES (?, ?) to insert 0 records.","v":1}
{"level":30,"time":1589725318036,"pid":31073,"hostname":"localhost.localdomain","msg":"Preparing statement: INSERT INTO DEVICE_TYPE_COMMAND (DEVICE_TYPE_CLUSTER_REF, COMMAND_NAME) VALUES (?, ?) to insert 0 records.","v":1}
{"level":30,"time":1589725318036,"pid":31073,"hostname":"localhost.localdomain","msg":"Executed insert: INSERT INTO DEVICE_TYPE_CLUSTER (DEVICE_TYPE_REF, CLUSTER_NAME, INCLUDE_CLIENT, INCLUDE_SERVER, LOCK_CLIENT, LOCK_SERVER) VALUES (?,?,?,?,?,?): 60,Basic,false,true,true,true => rowid: 878","v":1}
{"level":30,"time":1589725318037,"pid":31073,"hostname":"localhost.localdomain","msg":"Executed insert: INSERT INTO DEVICE_TYPE_CLUSTER (DEVICE_TYPE_REF, CLUSTER_NAME, INCLUDE_CLIENT, INCLUDE_SERVER, LOCK_CLIENT, LOCK_SERVER) VALUES (?,?,?,?,?,?): 60,Identify,false,true,true,true => rowid: 879","v":1}
{"level":30,"time":1589725318037,"pid":31073,"hostname":"localhost.localdomain","msg":"Executed insert: INSERT INTO DEVICE_TYPE_CLUSTER (DEVICE_TYPE_REF, CLUSTER_NAME, INCLUDE_CLIENT, INCLUDE_SERVER, LOCK_CLIENT, LOCK_SERVER) VALUES (?,?,?,?,?,?): 60,Generic Tunnel,false,true,true,true => rowid: 880","v":1}
{"level":30,"time":1589725318037,"pid":31073,"hostname":"localhost.localdomain","msg":"Executed insert: INSERT INTO DEVICE_TYPE_CLUSTER (DEVICE_TYPE_REF, CLUSTER_NAME, INCLUDE_CLIENT, INCLUDE_SERVER, LOCK_CLIENT, LOCK_SERVER) VALUES (?,?,?,?,?,?): 60,11073 Protocol Tunnel,true,true,true,true => rowid: 881","v":1}
{"level":30,"time":1589725318037,"pid":31073,"hostname":"localhost.localdomain","msg":"Executed insert: INSERT INTO DEVICE_TYPE_CLUSTER (DEVICE_TYPE_REF, CLUSTER_NAME, INCLUDE_CLIENT, INCLUDE_SERVER, LOCK_CLIENT, LOCK_SERVER) VALUES (?,?,?,?,?,?): 60,Power Configuration,false,true,true,false => rowid: 882","v":1}
{"level":30,"time":1589725318037,"pid":31073,"hostname":"localhost.localdomain","msg":"Executed insert: INSERT INTO DEVICE_TYPE_CLUSTER (DEVICE_TYPE_REF, CLUSTER_NAME, INCLUDE_CLIENT, INCLUDE_SERVER, LOCK_CLIENT, LOCK_SERVER) VALUES (?,?,?,?,?,?): 60,Alarms,false,true,true,false => rowid: 883","v":1}
{"level":30,"time":1589725318037,"pid":31073,"hostname":"localhost.localdomain","msg":"Executed insert: INSERT INTO DEVICE_TYPE_CLUSTER (DEVICE_TYPE_REF, CLUSTER_NAME, INCLUDE_CLIENT, INCLUDE_SERVER, LOCK_CLIENT, LOCK_SERVER) VALUES (?,?,?,?,?,?): 60,Time,false,true,true,false => rowid: 884","v":1}
{"level":30,"time":1589725318037,"pid":31073,"hostname":"localhost.localdomain","msg":"Preparing statement: INSERT INTO DEVICE_TYPE_ATTRIBUTE (DEVICE_TYPE_CLUSTER_REF, ATTRIBUTE_NAME) VALUES (?, ?) to insert 0 records.","v":1}
{"level":30,"time":1589725318037,"pid":31073,"hostname":"localhost.localdomain","msg":"Preparing statement: INSERT INTO DEVICE_TYPE_COMMAND (DEVICE_TYPE_CLUSTER_REF, COMMAND_NAME) VALUES (?, ?) to insert 0 records.","v":1}
{"level":30,"time":1589725318037,"pid":31073,"hostname":"localhost.localdomain","msg":"Executed insert: INSERT INTO DEVICE_TYPE_CLUSTER (DEVICE_TYPE_REF, CLUSTER_NAME, INCLUDE_CLIENT, INCLUDE_SERVER, LOCK_CLIENT, LOCK_SERVER) VALUES (?,?,?,?,?,?): 65,Basic,false,true,true,true => rowid: 885","v":1}
{"level":30,"time":1589725318037,"pid":31073,"hostname":"localhost.localdomain","msg":"Executed insert: INSERT INTO DEVICE_TYPE_CLUSTER (DEVICE_TYPE_REF, CLUSTER_NAME, INCLUDE_CLIENT, INCLUDE_SERVER, LOCK_CLIENT, LOCK_SERVER) VALUES (?,?,?,?,?,?): 65,Identify,false,true,true,true => rowid: 886","v":1}
{"level":30,"time":1589725318037,"pid":31073,"hostname":"localhost.localdomain","msg":"Executed insert: INSERT INTO DEVICE_TYPE_CLUSTER (DEVICE_TYPE_REF, CLUSTER_NAME, INCLUDE_CLIENT, INCLUDE_SERVER, LOCK_CLIENT, LOCK_SERVER) VALUES (?,?,?,?,?,?): 65,Generic Tunnel,false,true,true,true => rowid: 887","v":1}
{"level":30,"time":1589725318037,"pid":31073,"hostname":"localhost.localdomain","msg":"Executed insert: INSERT INTO DEVICE_TYPE_CLUSTER (DEVICE_TYPE_REF, CLUSTER_NAME, INCLUDE_CLIENT, INCLUDE_SERVER, LOCK_CLIENT, LOCK_SERVER) VALUES (?,?,?,?,?,?): 65,11073 Protocol Tunnel,true,true,true,true => rowid: 888","v":1}
{"level":30,"time":1589725318037,"pid":31073,"hostname":"localhost.localdomain","msg":"Executed insert: INSERT INTO DEVICE_TYPE_CLUSTER (DEVICE_TYPE_REF, CLUSTER_NAME, INCLUDE_CLIENT, INCLUDE_SERVER, LOCK_CLIENT, LOCK_SERVER) VALUES (?,?,?,?,?,?): 65,Power Configuration,false,true,true,false => rowid: 889","v":1}
{"level":30,"time":1589725318037,"pid":31073,"hostname":"localhost.localdomain","msg":"Executed insert: INSERT INTO DEVICE_TYPE_CLUSTER (DEVICE_TYPE_REF, CLUSTER_NAME, INCLUDE_CLIENT, INCLUDE_SERVER, LOCK_CLIENT, LOCK_SERVER) VALUES (?,?,?,?,?,?): 65,Alarms,false,true,true,false => rowid: 890","v":1}
{"level":30,"time":1589725318037,"pid":31073,"hostname":"localhost.localdomain","msg":"Executed insert: INSERT INTO DEVICE_TYPE_CLUSTER (DEVICE_TYPE_REF, CLUSTER_NAME, INCLUDE_CLIENT, INCLUDE_SERVER, LOCK_CLIENT, LOCK_SERVER) VALUES (?,?,?,?,?,?): 65,Time,false,true,true,false => rowid: 891","v":1}
{"level":30,"time":1589725318037,"pid":31073,"hostname":"localhost.localdomain","msg":"Preparing statement: INSERT INTO DEVICE_TYPE_ATTRIBUTE (DEVICE_TYPE_CLUSTER_REF, ATTRIBUTE_NAME) VALUES (?, ?) to insert 0 records.","v":1}
{"level":30,"time":1589725318037,"pid":31073,"hostname":"localhost.localdomain","msg":"Preparing statement: INSERT INTO DEVICE_TYPE_COMMAND (DEVICE_TYPE_CLUSTER_REF, COMMAND_NAME) VALUES (?, ?) to insert 0 records.","v":1}
{"level":30,"time":1589725318037,"pid":31073,"hostname":"localhost.localdomain","msg":"Executed insert: INSERT INTO DEVICE_TYPE_CLUSTER (DEVICE_TYPE_REF, CLUSTER_NAME, INCLUDE_CLIENT, INCLUDE_SERVER, LOCK_CLIENT, LOCK_SERVER) VALUES (?,?,?,?,?,?): 70,Basic,false,true,true,true => rowid: 892","v":1}
{"level":30,"time":1589725318037,"pid":31073,"hostname":"localhost.localdomain","msg":"Executed insert: INSERT INTO DEVICE_TYPE_CLUSTER (DEVICE_TYPE_REF, CLUSTER_NAME, INCLUDE_CLIENT, INCLUDE_SERVER, LOCK_CLIENT, LOCK_SERVER) VALUES (?,?,?,?,?,?): 70,Identify,false,true,true,true => rowid: 893","v":1}
{"level":30,"time":1589725318037,"pid":31073,"hostname":"localhost.localdomain","msg":"Executed insert: INSERT INTO DEVICE_TYPE_CLUSTER (DEVICE_TYPE_REF, CLUSTER_NAME, INCLUDE_CLIENT, INCLUDE_SERVER, LOCK_CLIENT, LOCK_SERVER) VALUES (?,?,?,?,?,?): 70,Generic Tunnel,false,true,true,true => rowid: 894","v":1}
{"level":30,"time":1589725318037,"pid":31073,"hostname":"localhost.localdomain","msg":"Executed insert: INSERT INTO DEVICE_TYPE_CLUSTER (DEVICE_TYPE_REF, CLUSTER_NAME, INCLUDE_CLIENT, INCLUDE_SERVER, LOCK_CLIENT, LOCK_SERVER) VALUES (?,?,?,?,?,?): 70,11073 Protocol Tunnel,true,true,true,true => rowid: 895","v":1}
{"level":30,"time":1589725318037,"pid":31073,"hostname":"localhost.localdomain","msg":"Executed insert: INSERT INTO DEVICE_TYPE_CLUSTER (DEVICE_TYPE_REF, CLUSTER_NAME, INCLUDE_CLIENT, INCLUDE_SERVER, LOCK_CLIENT, LOCK_SERVER) VALUES (?,?,?,?,?,?): 70,Power Configuration,false,true,true,false => rowid: 896","v":1}
{"level":30,"time":1589725318038,"pid":31073,"hostname":"localhost.localdomain","msg":"Executed insert: INSERT INTO DEVICE_TYPE_CLUSTER (DEVICE_TYPE_REF, CLUSTER_NAME, INCLUDE_CLIENT, INCLUDE_SERVER, LOCK_CLIENT, LOCK_SERVER) VALUES (?,?,?,?,?,?): 70,Alarms,false,true,true,false => rowid: 897","v":1}
{"level":30,"time":1589725318038,"pid":31073,"hostname":"localhost.localdomain","msg":"Executed insert: INSERT INTO DEVICE_TYPE_CLUSTER (DEVICE_TYPE_REF, CLUSTER_NAME, INCLUDE_CLIENT, INCLUDE_SERVER, LOCK_CLIENT, LOCK_SERVER) VALUES (?,?,?,?,?,?): 70,Time,false,true,true,false => rowid: 898","v":1}
{"level":30,"time":1589725318038,"pid":31073,"hostname":"localhost.localdomain","msg":"Preparing statement: INSERT INTO DEVICE_TYPE_ATTRIBUTE (DEVICE_TYPE_CLUSTER_REF, ATTRIBUTE_NAME) VALUES (?, ?) to insert 0 records.","v":1}
{"level":30,"time":1589725318038,"pid":31073,"hostname":"localhost.localdomain","msg":"Preparing statement: INSERT INTO DEVICE_TYPE_COMMAND (DEVICE_TYPE_CLUSTER_REF, COMMAND_NAME) VALUES (?, ?) to insert 0 records.","v":1}
{"level":30,"time":1589725318038,"pid":31073,"hostname":"localhost.localdomain","msg":"Executed insert: INSERT INTO DEVICE_TYPE_CLUSTER (DEVICE_TYPE_REF, CLUSTER_NAME, INCLUDE_CLIENT, INCLUDE_SERVER, LOCK_CLIENT, LOCK_SERVER) VALUES (?,?,?,?,?,?): 75,Basic,false,true,true,true => rowid: 899","v":1}
{"level":30,"time":1589725318038,"pid":31073,"hostname":"localhost.localdomain","msg":"Executed insert: INSERT INTO DEVICE_TYPE_CLUSTER (DEVICE_TYPE_REF, CLUSTER_NAME, INCLUDE_CLIENT, INCLUDE_SERVER, LOCK_CLIENT, LOCK_SERVER) VALUES (?,?,?,?,?,?): 75,Identify,false,true,true,true => rowid: 900","v":1}
{"level":30,"time":1589725318038,"pid":31073,"hostname":"localhost.localdomain","msg":"Executed insert: INSERT INTO DEVICE_TYPE_CLUSTER (DEVICE_TYPE_REF, CLUSTER_NAME, INCLUDE_CLIENT, INCLUDE_SERVER, LOCK_CLIENT, LOCK_SERVER) VALUES (?,?,?,?,?,?): 75,Generic Tunnel,false,true,true,true => rowid: 901","v":1}
{"level":30,"time":1589725318038,"pid":31073,"hostname":"localhost.localdomain","msg":"Executed insert: INSERT INTO DEVICE_TYPE_CLUSTER (DEVICE_TYPE_REF, CLUSTER_NAME, INCLUDE_CLIENT, INCLUDE_SERVER, LOCK_CLIENT, LOCK_SERVER) VALUES (?,?,?,?,?,?): 75,11073 Protocol Tunnel,true,true,true,true => rowid: 902","v":1}
{"level":30,"time":1589725318038,"pid":31073,"hostname":"localhost.localdomain","msg":"Executed insert: INSERT INTO DEVICE_TYPE_CLUSTER (DEVICE_TYPE_REF, CLUSTER_NAME, INCLUDE_CLIENT, INCLUDE_SERVER, LOCK_CLIENT, LOCK_SERVER) VALUES (?,?,?,?,?,?): 75,Power Configuration,false,true,true,false => rowid: 903","v":1}
{"level":30,"time":1589725318038,"pid":31073,"hostname":"localhost.localdomain","msg":"Executed insert: INSERT INTO DEVICE_TYPE_CLUSTER (DEVICE_TYPE_REF, CLUSTER_NAME, INCLUDE_CLIENT, INCLUDE_SERVER, LOCK_CLIENT, LOCK_SERVER) VALUES (?,?,?,?,?,?): 75,Alarms,false,true,true,false => rowid: 904","v":1}
{"level":30,"time":1589725318038,"pid":31073,"hostname":"localhost.localdomain","msg":"Executed insert: INSERT INTO DEVICE_TYPE_CLUSTER (DEVICE_TYPE_REF, CLUSTER_NAME, INCLUDE_CLIENT, INCLUDE_SERVER, LOCK_CLIENT, LOCK_SERVER) VALUES (?,?,?,?,?,?): 75,Time,false,true,true,false => rowid: 905","v":1}
{"level":30,"time":1589725318038,"pid":31073,"hostname":"localhost.localdomain","msg":"Preparing statement: INSERT INTO DEVICE_TYPE_ATTRIBUTE (DEVICE_TYPE_CLUSTER_REF, ATTRIBUTE_NAME) VALUES (?, ?) to insert 0 records.","v":1}
{"level":30,"time":1589725318038,"pid":31073,"hostname":"localhost.localdomain","msg":"Preparing statement: INSERT INTO DEVICE_TYPE_COMMAND (DEVICE_TYPE_CLUSTER_REF, COMMAND_NAME) VALUES (?, ?) to insert 0 records.","v":1}
{"level":30,"time":1589725318038,"pid":31073,"hostname":"localhost.localdomain","msg":"Executed insert: INSERT INTO DEVICE_TYPE_CLUSTER (DEVICE_TYPE_REF, CLUSTER_NAME, INCLUDE_CLIENT, INCLUDE_SERVER, LOCK_CLIENT, LOCK_SERVER) VALUES (?,?,?,?,?,?): 80,Basic,false,true,true,true => rowid: 906","v":1}
{"level":30,"time":1589725318038,"pid":31073,"hostname":"localhost.localdomain","msg":"Executed insert: INSERT INTO DEVICE_TYPE_CLUSTER (DEVICE_TYPE_REF, CLUSTER_NAME, INCLUDE_CLIENT, INCLUDE_SERVER, LOCK_CLIENT, LOCK_SERVER) VALUES (?,?,?,?,?,?): 80,Identify,false,true,true,true => rowid: 907","v":1}
{"level":30,"time":1589725318038,"pid":31073,"hostname":"localhost.localdomain","msg":"Executed insert: INSERT INTO DEVICE_TYPE_CLUSTER (DEVICE_TYPE_REF, CLUSTER_NAME, INCLUDE_CLIENT, INCLUDE_SERVER, LOCK_CLIENT, LOCK_SERVER) VALUES (?,?,?,?,?,?): 80,Generic Tunnel,false,true,true,true => rowid: 908","v":1}
{"level":30,"time":1589725318038,"pid":31073,"hostname":"localhost.localdomain","msg":"Executed insert: INSERT INTO DEVICE_TYPE_CLUSTER (DEVICE_TYPE_REF, CLUSTER_NAME, INCLUDE_CLIENT, INCLUDE_SERVER, LOCK_CLIENT, LOCK_SERVER) VALUES (?,?,?,?,?,?): 80,11073 Protocol Tunnel,true,true,true,true => rowid: 909","v":1}
{"level":30,"time":1589725318038,"pid":31073,"hostname":"localhost.localdomain","msg":"Executed insert: INSERT INTO DEVICE_TYPE_CLUSTER (DEVICE_TYPE_REF, CLUSTER_NAME, INCLUDE_CLIENT, INCLUDE_SERVER, LOCK_CLIENT, LOCK_SERVER) VALUES (?,?,?,?,?,?): 80,Power Configuration,false,true,true,false => rowid: 910","v":1}
{"level":30,"time":1589725318038,"pid":31073,"hostname":"localhost.localdomain","msg":"Executed insert: INSERT INTO DEVICE_TYPE_CLUSTER (DEVICE_TYPE_REF, CLUSTER_NAME, INCLUDE_CLIENT, INCLUDE_SERVER, LOCK_CLIENT, LOCK_SERVER) VALUES (?,?,?,?,?,?): 80,Alarms,false,true,true,false => rowid: 911","v":1}
{"level":30,"time":1589725318038,"pid":31073,"hostname":"localhost.localdomain","msg":"Executed insert: INSERT INTO DEVICE_TYPE_CLUSTER (DEVICE_TYPE_REF, CLUSTER_NAME, INCLUDE_CLIENT, INCLUDE_SERVER, LOCK_CLIENT, LOCK_SERVER) VALUES (?,?,?,?,?,?): 80,Time,false,true,true,false => rowid: 912","v":1}
{"level":30,"time":1589725318038,"pid":31073,"hostname":"localhost.localdomain","msg":"Preparing statement: INSERT INTO DEVICE_TYPE_ATTRIBUTE (DEVICE_TYPE_CLUSTER_REF, ATTRIBUTE_NAME) VALUES (?, ?) to insert 0 records.","v":1}
{"level":30,"time":1589725318039,"pid":31073,"hostname":"localhost.localdomain","msg":"Preparing statement: INSERT INTO DEVICE_TYPE_COMMAND (DEVICE_TYPE_CLUSTER_REF, COMMAND_NAME) VALUES (?, ?) to insert 0 records.","v":1}
{"level":30,"time":1589725318039,"pid":31073,"hostname":"localhost.localdomain","msg":"Executed insert: INSERT INTO DEVICE_TYPE_CLUSTER (DEVICE_TYPE_REF, CLUSTER_NAME, INCLUDE_CLIENT, INCLUDE_SERVER, LOCK_CLIENT, LOCK_SERVER) VALUES (?,?,?,?,?,?): 85,Basic,false,true,true,true => rowid: 913","v":1}
{"level":30,"time":1589725318039,"pid":31073,"hostname":"localhost.localdomain","msg":"Executed insert: INSERT INTO DEVICE_TYPE_CLUSTER (DEVICE_TYPE_REF, CLUSTER_NAME, INCLUDE_CLIENT, INCLUDE_SERVER, LOCK_CLIENT, LOCK_SERVER) VALUES (?,?,?,?,?,?): 85,Identify,false,true,true,true => rowid: 914","v":1}
{"level":30,"time":1589725318039,"pid":31073,"hostname":"localhost.localdomain","msg":"Executed insert: INSERT INTO DEVICE_TYPE_CLUSTER (DEVICE_TYPE_REF, CLUSTER_NAME, INCLUDE_CLIENT, INCLUDE_SERVER, LOCK_CLIENT, LOCK_SERVER) VALUES (?,?,?,?,?,?): 85,Generic Tunnel,false,true,true,true => rowid: 915","v":1}
{"level":30,"time":1589725318039,"pid":31073,"hostname":"localhost.localdomain","msg":"Executed insert: INSERT INTO DEVICE_TYPE_CLUSTER (DEVICE_TYPE_REF, CLUSTER_NAME, INCLUDE_CLIENT, INCLUDE_SERVER, LOCK_CLIENT, LOCK_SERVER) VALUES (?,?,?,?,?,?): 85,11073 Protocol Tunnel,true,true,true,true => rowid: 916","v":1}
{"level":30,"time":1589725318039,"pid":31073,"hostname":"localhost.localdomain","msg":"Executed insert: INSERT INTO DEVICE_TYPE_CLUSTER (DEVICE_TYPE_REF, CLUSTER_NAME, INCLUDE_CLIENT, INCLUDE_SERVER, LOCK_CLIENT, LOCK_SERVER) VALUES (?,?,?,?,?,?): 85,Power Configuration,false,true,true,false => rowid: 917","v":1}
{"level":30,"time":1589725318039,"pid":31073,"hostname":"localhost.localdomain","msg":"Executed insert: INSERT INTO DEVICE_TYPE_CLUSTER (DEVICE_TYPE_REF, CLUSTER_NAME, INCLUDE_CLIENT, INCLUDE_SERVER, LOCK_CLIENT, LOCK_SERVER) VALUES (?,?,?,?,?,?): 85,Alarms,false,true,true,false => rowid: 918","v":1}
{"level":30,"time":1589725318039,"pid":31073,"hostname":"localhost.localdomain","msg":"Executed insert: INSERT INTO DEVICE_TYPE_CLUSTER (DEVICE_TYPE_REF, CLUSTER_NAME, INCLUDE_CLIENT, INCLUDE_SERVER, LOCK_CLIENT, LOCK_SERVER) VALUES (?,?,?,?,?,?): 85,Time,false,true,true,false => rowid: 919","v":1}
{"level":30,"time":1589725318039,"pid":31073,"hostname":"localhost.localdomain","msg":"Preparing statement: INSERT INTO DEVICE_TYPE_ATTRIBUTE (DEVICE_TYPE_CLUSTER_REF, ATTRIBUTE_NAME) VALUES (?, ?) to insert 0 records.","v":1}
{"level":30,"time":1589725318039,"pid":31073,"hostname":"localhost.localdomain","msg":"Preparing statement: INSERT INTO DEVICE_TYPE_COMMAND (DEVICE_TYPE_CLUSTER_REF, COMMAND_NAME) VALUES (?, ?) to insert 0 records.","v":1}
{"level":30,"time":1589725318039,"pid":31073,"hostname":"localhost.localdomain","msg":"Executed insert: INSERT INTO DEVICE_TYPE_CLUSTER (DEVICE_TYPE_REF, CLUSTER_NAME, INCLUDE_CLIENT, INCLUDE_SERVER, LOCK_CLIENT, LOCK_SERVER) VALUES (?,?,?,?,?,?): 89,Basic,false,true,true,true => rowid: 920","v":1}
{"level":30,"time":1589725318039,"pid":31073,"hostname":"localhost.localdomain","msg":"Executed insert: INSERT INTO DEVICE_TYPE_CLUSTER (DEVICE_TYPE_REF, CLUSTER_NAME, INCLUDE_CLIENT, INCLUDE_SERVER, LOCK_CLIENT, LOCK_SERVER) VALUES (?,?,?,?,?,?): 89,Identify,false,true,true,true => rowid: 921","v":1}
{"level":30,"time":1589725318039,"pid":31073,"hostname":"localhost.localdomain","msg":"Executed insert: INSERT INTO DEVICE_TYPE_CLUSTER (DEVICE_TYPE_REF, CLUSTER_NAME, INCLUDE_CLIENT, INCLUDE_SERVER, LOCK_CLIENT, LOCK_SERVER) VALUES (?,?,?,?,?,?): 89,Generic Tunnel,false,true,true,true => rowid: 922","v":1}
{"level":30,"time":1589725318039,"pid":31073,"hostname":"localhost.localdomain","msg":"Executed insert: INSERT INTO DEVICE_TYPE_CLUSTER (DEVICE_TYPE_REF, CLUSTER_NAME, INCLUDE_CLIENT, INCLUDE_SERVER, LOCK_CLIENT, LOCK_SERVER) VALUES (?,?,?,?,?,?): 89,11073 Protocol Tunnel,true,true,true,true => rowid: 923","v":1}
{"level":30,"time":1589725318039,"pid":31073,"hostname":"localhost.localdomain","msg":"Executed insert: INSERT INTO DEVICE_TYPE_CLUSTER (DEVICE_TYPE_REF, CLUSTER_NAME, INCLUDE_CLIENT, INCLUDE_SERVER, LOCK_CLIENT, LOCK_SERVER) VALUES (?,?,?,?,?,?): 89,Power Configuration,false,true,true,false => rowid: 924","v":1}
{"level":30,"time":1589725318039,"pid":31073,"hostname":"localhost.localdomain","msg":"Executed insert: INSERT INTO DEVICE_TYPE_CLUSTER (DEVICE_TYPE_REF, CLUSTER_NAME, INCLUDE_CLIENT, INCLUDE_SERVER, LOCK_CLIENT, LOCK_SERVER) VALUES (?,?,?,?,?,?): 89,Alarms,false,true,true,false => rowid: 925","v":1}
{"level":30,"time":1589725318039,"pid":31073,"hostname":"localhost.localdomain","msg":"Executed insert: INSERT INTO DEVICE_TYPE_CLUSTER (DEVICE_TYPE_REF, CLUSTER_NAME, INCLUDE_CLIENT, INCLUDE_SERVER, LOCK_CLIENT, LOCK_SERVER) VALUES (?,?,?,?,?,?): 89,Time,false,true,true,false => rowid: 926","v":1}
{"level":30,"time":1589725318047,"pid":31073,"hostname":"localhost.localdomain","msg":"Preparing statement: INSERT INTO DEVICE_TYPE_ATTRIBUTE (DEVICE_TYPE_CLUSTER_REF, ATTRIBUTE_NAME) VALUES (?, ?) to insert 0 records.","v":1}
{"level":30,"time":1589725318047,"pid":31073,"hostname":"localhost.localdomain","msg":"Preparing statement: INSERT INTO DEVICE_TYPE_COMMAND (DEVICE_TYPE_CLUSTER_REF, COMMAND_NAME) VALUES (?, ?) to insert 0 records.","v":1}
{"level":30,"time":1589725318047,"pid":31073,"hostname":"localhost.localdomain","msg":"Executed insert: INSERT INTO DEVICE_TYPE_CLUSTER (DEVICE_TYPE_REF, CLUSTER_NAME, INCLUDE_CLIENT, INCLUDE_SERVER, LOCK_CLIENT, LOCK_SERVER) VALUES (?,?,?,?,?,?): 93,Basic,false,true,true,true => rowid: 927","v":1}
{"level":30,"time":1589725318047,"pid":31073,"hostname":"localhost.localdomain","msg":"Executed insert: INSERT INTO DEVICE_TYPE_CLUSTER (DEVICE_TYPE_REF, CLUSTER_NAME, INCLUDE_CLIENT, INCLUDE_SERVER, LOCK_CLIENT, LOCK_SERVER) VALUES (?,?,?,?,?,?): 93,Identify,false,true,true,true => rowid: 928","v":1}
{"level":30,"time":1589725318047,"pid":31073,"hostname":"localhost.localdomain","msg":"Executed insert: INSERT INTO DEVICE_TYPE_CLUSTER (DEVICE_TYPE_REF, CLUSTER_NAME, INCLUDE_CLIENT, INCLUDE_SERVER, LOCK_CLIENT, LOCK_SERVER) VALUES (?,?,?,?,?,?): 93,Generic Tunnel,false,true,true,true => rowid: 929","v":1}
{"level":30,"time":1589725318047,"pid":31073,"hostname":"localhost.localdomain","msg":"Executed insert: INSERT INTO DEVICE_TYPE_CLUSTER (DEVICE_TYPE_REF, CLUSTER_NAME, INCLUDE_CLIENT, INCLUDE_SERVER, LOCK_CLIENT, LOCK_SERVER) VALUES (?,?,?,?,?,?): 93,11073 Protocol Tunnel,true,true,true,true => rowid: 930","v":1}
{"level":30,"time":1589725318047,"pid":31073,"hostname":"localhost.localdomain","msg":"Executed insert: INSERT INTO DEVICE_TYPE_CLUSTER (DEVICE_TYPE_REF, CLUSTER_NAME, INCLUDE_CLIENT, INCLUDE_SERVER, LOCK_CLIENT, LOCK_SERVER) VALUES (?,?,?,?,?,?): 93,Power Configuration,false,true,true,false => rowid: 931","v":1}
{"level":30,"time":1589725318047,"pid":31073,"hostname":"localhost.localdomain","msg":"Executed insert: INSERT INTO DEVICE_TYPE_CLUSTER (DEVICE_TYPE_REF, CLUSTER_NAME, INCLUDE_CLIENT, INCLUDE_SERVER, LOCK_CLIENT, LOCK_SERVER) VALUES (?,?,?,?,?,?): 93,Alarms,false,true,true,false => rowid: 932","v":1}
{"level":30,"time":1589725318048,"pid":31073,"hostname":"localhost.localdomain","msg":"Executed insert: INSERT INTO DEVICE_TYPE_CLUSTER (DEVICE_TYPE_REF, CLUSTER_NAME, INCLUDE_CLIENT, INCLUDE_SERVER, LOCK_CLIENT, LOCK_SERVER) VALUES (?,?,?,?,?,?): 93,Time,false,true,true,false => rowid: 933","v":1}
{"level":30,"time":1589725318048,"pid":31073,"hostname":"localhost.localdomain","msg":"Preparing statement: INSERT INTO DEVICE_TYPE_ATTRIBUTE (DEVICE_TYPE_CLUSTER_REF, ATTRIBUTE_NAME) VALUES (?, ?) to insert 0 records.","v":1}
{"level":30,"time":1589725318048,"pid":31073,"hostname":"localhost.localdomain","msg":"Preparing statement: INSERT INTO DEVICE_TYPE_COMMAND (DEVICE_TYPE_CLUSTER_REF, COMMAND_NAME) VALUES (?, ?) to insert 0 records.","v":1}
{"level":30,"time":1589725318048,"pid":31073,"hostname":"localhost.localdomain","msg":"Executed insert: INSERT INTO DEVICE_TYPE_CLUSTER (DEVICE_TYPE_REF, CLUSTER_NAME, INCLUDE_CLIENT, INCLUDE_SERVER, LOCK_CLIENT, LOCK_SERVER) VALUES (?,?,?,?,?,?): 97,Basic,false,true,true,true => rowid: 934","v":1}
{"level":30,"time":1589725318048,"pid":31073,"hostname":"localhost.localdomain","msg":"Executed insert: INSERT INTO DEVICE_TYPE_CLUSTER (DEVICE_TYPE_REF, CLUSTER_NAME, INCLUDE_CLIENT, INCLUDE_SERVER, LOCK_CLIENT, LOCK_SERVER) VALUES (?,?,?,?,?,?): 97,Identify,false,true,true,true => rowid: 935","v":1}
{"level":30,"time":1589725318048,"pid":31073,"hostname":"localhost.localdomain","msg":"Executed insert: INSERT INTO DEVICE_TYPE_CLUSTER (DEVICE_TYPE_REF, CLUSTER_NAME, INCLUDE_CLIENT, INCLUDE_SERVER, LOCK_CLIENT, LOCK_SERVER) VALUES (?,?,?,?,?,?): 97,Generic Tunnel,false,true,true,true => rowid: 936","v":1}
{"level":30,"time":1589725318048,"pid":31073,"hostname":"localhost.localdomain","msg":"Executed insert: INSERT INTO DEVICE_TYPE_CLUSTER (DEVICE_TYPE_REF, CLUSTER_NAME, INCLUDE_CLIENT, INCLUDE_SERVER, LOCK_CLIENT, LOCK_SERVER) VALUES (?,?,?,?,?,?): 97,11073 Protocol Tunnel,true,true,true,true => rowid: 937","v":1}
{"level":30,"time":1589725318048,"pid":31073,"hostname":"localhost.localdomain","msg":"Executed insert: INSERT INTO DEVICE_TYPE_CLUSTER (DEVICE_TYPE_REF, CLUSTER_NAME, INCLUDE_CLIENT, INCLUDE_SERVER, LOCK_CLIENT, LOCK_SERVER) VALUES (?,?,?,?,?,?): 97,Power Configuration,false,true,true,false => rowid: 938","v":1}
{"level":30,"time":1589725318048,"pid":31073,"hostname":"localhost.localdomain","msg":"Executed insert: INSERT INTO DEVICE_TYPE_CLUSTER (DEVICE_TYPE_REF, CLUSTER_NAME, INCLUDE_CLIENT, INCLUDE_SERVER, LOCK_CLIENT, LOCK_SERVER) VALUES (?,?,?,?,?,?): 97,Alarms,false,true,true,false => rowid: 939","v":1}
{"level":30,"time":1589725318048,"pid":31073,"hostname":"localhost.localdomain","msg":"Executed insert: INSERT INTO DEVICE_TYPE_CLUSTER (DEVICE_TYPE_REF, CLUSTER_NAME, INCLUDE_CLIENT, INCLUDE_SERVER, LOCK_CLIENT, LOCK_SERVER) VALUES (?,?,?,?,?,?): 97,Time,false,true,true,false => rowid: 940","v":1}
{"level":30,"time":1589725318048,"pid":31073,"hostname":"localhost.localdomain","msg":"Preparing statement: INSERT INTO DEVICE_TYPE_ATTRIBUTE (DEVICE_TYPE_CLUSTER_REF, ATTRIBUTE_NAME) VALUES (?, ?) to insert 0 records.","v":1}
{"level":30,"time":1589725318048,"pid":31073,"hostname":"localhost.localdomain","msg":"Preparing statement: INSERT INTO DEVICE_TYPE_COMMAND (DEVICE_TYPE_CLUSTER_REF, COMMAND_NAME) VALUES (?, ?) to insert 0 records.","v":1}
{"level":30,"time":1589725318048,"pid":31073,"hostname":"localhost.localdomain","msg":"Executed insert: INSERT INTO DEVICE_TYPE_CLUSTER (DEVICE_TYPE_REF, CLUSTER_NAME, INCLUDE_CLIENT, INCLUDE_SERVER, LOCK_CLIENT, LOCK_SERVER) VALUES (?,?,?,?,?,?): 101,Basic,false,true,true,true => rowid: 941","v":1}
{"level":30,"time":1589725318048,"pid":31073,"hostname":"localhost.localdomain","msg":"Executed insert: INSERT INTO DEVICE_TYPE_CLUSTER (DEVICE_TYPE_REF, CLUSTER_NAME, INCLUDE_CLIENT, INCLUDE_SERVER, LOCK_CLIENT, LOCK_SERVER) VALUES (?,?,?,?,?,?): 101,Identify,false,true,true,true => rowid: 942","v":1}
{"level":30,"time":1589725318048,"pid":31073,"hostname":"localhost.localdomain","msg":"Executed insert: INSERT INTO DEVICE_TYPE_CLUSTER (DEVICE_TYPE_REF, CLUSTER_NAME, INCLUDE_CLIENT, INCLUDE_SERVER, LOCK_CLIENT, LOCK_SERVER) VALUES (?,?,?,?,?,?): 101,Generic Tunnel,false,true,true,true => rowid: 943","v":1}
{"level":30,"time":1589725318048,"pid":31073,"hostname":"localhost.localdomain","msg":"Executed insert: INSERT INTO DEVICE_TYPE_CLUSTER (DEVICE_TYPE_REF, CLUSTER_NAME, INCLUDE_CLIENT, INCLUDE_SERVER, LOCK_CLIENT, LOCK_SERVER) VALUES (?,?,?,?,?,?): 101,11073 Protocol Tunnel,true,true,true,true => rowid: 944","v":1}
{"level":30,"time":1589725318048,"pid":31073,"hostname":"localhost.localdomain","msg":"Executed insert: INSERT INTO DEVICE_TYPE_CLUSTER (DEVICE_TYPE_REF, CLUSTER_NAME, INCLUDE_CLIENT, INCLUDE_SERVER, LOCK_CLIENT, LOCK_SERVER) VALUES (?,?,?,?,?,?): 101,Power Configuration,false,true,true,false => rowid: 945","v":1}
{"level":30,"time":1589725318048,"pid":31073,"hostname":"localhost.localdomain","msg":"Executed insert: INSERT INTO DEVICE_TYPE_CLUSTER (DEVICE_TYPE_REF, CLUSTER_NAME, INCLUDE_CLIENT, INCLUDE_SERVER, LOCK_CLIENT, LOCK_SERVER) VALUES (?,?,?,?,?,?): 101,Alarms,false,true,true,false => rowid: 946","v":1}
{"level":30,"time":1589725318048,"pid":31073,"hostname":"localhost.localdomain","msg":"Executed insert: INSERT INTO DEVICE_TYPE_CLUSTER (DEVICE_TYPE_REF, CLUSTER_NAME, INCLUDE_CLIENT, INCLUDE_SERVER, LOCK_CLIENT, LOCK_SERVER) VALUES (?,?,?,?,?,?): 101,Time,false,true,true,false => rowid: 947","v":1}
{"level":30,"time":1589725318048,"pid":31073,"hostname":"localhost.localdomain","msg":"Preparing statement: INSERT INTO DEVICE_TYPE_ATTRIBUTE (DEVICE_TYPE_CLUSTER_REF, ATTRIBUTE_NAME) VALUES (?, ?) to insert 0 records.","v":1}
{"level":30,"time":1589725318048,"pid":31073,"hostname":"localhost.localdomain","msg":"Preparing statement: INSERT INTO DEVICE_TYPE_COMMAND (DEVICE_TYPE_CLUSTER_REF, COMMAND_NAME) VALUES (?, ?) to insert 0 records.","v":1}
{"level":30,"time":1589725318048,"pid":31073,"hostname":"localhost.localdomain","msg":"Executed insert: INSERT INTO DEVICE_TYPE_CLUSTER (DEVICE_TYPE_REF, CLUSTER_NAME, INCLUDE_CLIENT, INCLUDE_SERVER, LOCK_CLIENT, LOCK_SERVER) VALUES (?,?,?,?,?,?): 105,Basic,false,true,true,true => rowid: 948","v":1}
{"level":30,"time":1589725318049,"pid":31073,"hostname":"localhost.localdomain","msg":"Executed insert: INSERT INTO DEVICE_TYPE_CLUSTER (DEVICE_TYPE_REF, CLUSTER_NAME, INCLUDE_CLIENT, INCLUDE_SERVER, LOCK_CLIENT, LOCK_SERVER) VALUES (?,?,?,?,?,?): 105,Identify,false,true,true,true => rowid: 949","v":1}
{"level":30,"time":1589725318049,"pid":31073,"hostname":"localhost.localdomain","msg":"Executed insert: INSERT INTO DEVICE_TYPE_CLUSTER (DEVICE_TYPE_REF, CLUSTER_NAME, INCLUDE_CLIENT, INCLUDE_SERVER, LOCK_CLIENT, LOCK_SERVER) VALUES (?,?,?,?,?,?): 105,Generic Tunnel,false,true,true,true => rowid: 950","v":1}
{"level":30,"time":1589725318049,"pid":31073,"hostname":"localhost.localdomain","msg":"Executed insert: INSERT INTO DEVICE_TYPE_CLUSTER (DEVICE_TYPE_REF, CLUSTER_NAME, INCLUDE_CLIENT, INCLUDE_SERVER, LOCK_CLIENT, LOCK_SERVER) VALUES (?,?,?,?,?,?): 105,11073 Protocol Tunnel,true,true,true,true => rowid: 951","v":1}
{"level":30,"time":1589725318049,"pid":31073,"hostname":"localhost.localdomain","msg":"Executed insert: INSERT INTO DEVICE_TYPE_CLUSTER (DEVICE_TYPE_REF, CLUSTER_NAME, INCLUDE_CLIENT, INCLUDE_SERVER, LOCK_CLIENT, LOCK_SERVER) VALUES (?,?,?,?,?,?): 105,Power Configuration,false,true,true,false => rowid: 952","v":1}
{"level":30,"time":1589725318050,"pid":31073,"hostname":"localhost.localdomain","msg":"Executed insert: INSERT INTO DEVICE_TYPE_CLUSTER (DEVICE_TYPE_REF, CLUSTER_NAME, INCLUDE_CLIENT, INCLUDE_SERVER, LOCK_CLIENT, LOCK_SERVER) VALUES (?,?,?,?,?,?): 105,Alarms,false,true,true,false => rowid: 953","v":1}
{"level":30,"time":1589725318050,"pid":31073,"hostname":"localhost.localdomain","msg":"Executed insert: INSERT INTO DEVICE_TYPE_CLUSTER (DEVICE_TYPE_REF, CLUSTER_NAME, INCLUDE_CLIENT, INCLUDE_SERVER, LOCK_CLIENT, LOCK_SERVER) VALUES (?,?,?,?,?,?): 105,Time,false,true,true,false => rowid: 954","v":1}
{"level":30,"time":1589725318050,"pid":31073,"hostname":"localhost.localdomain","msg":"Preparing statement: INSERT INTO DEVICE_TYPE_ATTRIBUTE (DEVICE_TYPE_CLUSTER_REF, ATTRIBUTE_NAME) VALUES (?, ?) to insert 0 records.","v":1}
{"level":30,"time":1589725318050,"pid":31073,"hostname":"localhost.localdomain","msg":"Preparing statement: INSERT INTO DEVICE_TYPE_COMMAND (DEVICE_TYPE_CLUSTER_REF, COMMAND_NAME) VALUES (?, ?) to insert 0 records.","v":1}
{"level":30,"time":1589725318050,"pid":31073,"hostname":"localhost.localdomain","msg":"Executed insert: INSERT INTO DEVICE_TYPE_CLUSTER (DEVICE_TYPE_REF, CLUSTER_NAME, INCLUDE_CLIENT, INCLUDE_SERVER, LOCK_CLIENT, LOCK_SERVER) VALUES (?,?,?,?,?,?): 109,Basic,false,true,true,true => rowid: 955","v":1}
{"level":30,"time":1589725318050,"pid":31073,"hostname":"localhost.localdomain","msg":"Executed insert: INSERT INTO DEVICE_TYPE_CLUSTER (DEVICE_TYPE_REF, CLUSTER_NAME, INCLUDE_CLIENT, INCLUDE_SERVER, LOCK_CLIENT, LOCK_SERVER) VALUES (?,?,?,?,?,?): 109,Identify,false,true,true,true => rowid: 956","v":1}
{"level":30,"time":1589725318050,"pid":31073,"hostname":"localhost.localdomain","msg":"Executed insert: INSERT INTO DEVICE_TYPE_CLUSTER (DEVICE_TYPE_REF, CLUSTER_NAME, INCLUDE_CLIENT, INCLUDE_SERVER, LOCK_CLIENT, LOCK_SERVER) VALUES (?,?,?,?,?,?): 109,Generic Tunnel,false,true,true,true => rowid: 957","v":1}
{"level":30,"time":1589725318050,"pid":31073,"hostname":"localhost.localdomain","msg":"Executed insert: INSERT INTO DEVICE_TYPE_CLUSTER (DEVICE_TYPE_REF, CLUSTER_NAME, INCLUDE_CLIENT, INCLUDE_SERVER, LOCK_CLIENT, LOCK_SERVER) VALUES (?,?,?,?,?,?): 109,11073 Protocol Tunnel,true,true,true,true => rowid: 958","v":1}
{"level":30,"time":1589725318050,"pid":31073,"hostname":"localhost.localdomain","msg":"Executed insert: INSERT INTO DEVICE_TYPE_CLUSTER (DEVICE_TYPE_REF, CLUSTER_NAME, INCLUDE_CLIENT, INCLUDE_SERVER, LOCK_CLIENT, LOCK_SERVER) VALUES (?,?,?,?,?,?): 109,Power Configuration,false,true,true,false => rowid: 959","v":1}
{"level":30,"time":1589725318050,"pid":31073,"hostname":"localhost.localdomain","msg":"Executed insert: INSERT INTO DEVICE_TYPE_CLUSTER (DEVICE_TYPE_REF, CLUSTER_NAME, INCLUDE_CLIENT, INCLUDE_SERVER, LOCK_CLIENT, LOCK_SERVER) VALUES (?,?,?,?,?,?): 109,Alarms,false,true,true,false => rowid: 960","v":1}
{"level":30,"time":1589725318050,"pid":31073,"hostname":"localhost.localdomain","msg":"Executed insert: INSERT INTO DEVICE_TYPE_CLUSTER (DEVICE_TYPE_REF, CLUSTER_NAME, INCLUDE_CLIENT, INCLUDE_SERVER, LOCK_CLIENT, LOCK_SERVER) VALUES (?,?,?,?,?,?): 109,Time,false,true,true,false => rowid: 961","v":1}
{"level":30,"time":1589725318050,"pid":31073,"hostname":"localhost.localdomain","msg":"Preparing statement: INSERT INTO DEVICE_TYPE_ATTRIBUTE (DEVICE_TYPE_CLUSTER_REF, ATTRIBUTE_NAME) VALUES (?, ?) to insert 0 records.","v":1}
{"level":30,"time":1589725318050,"pid":31073,"hostname":"localhost.localdomain","msg":"Preparing statement: INSERT INTO DEVICE_TYPE_COMMAND (DEVICE_TYPE_CLUSTER_REF, COMMAND_NAME) VALUES (?, ?) to insert 0 records.","v":1}
{"level":30,"time":1589725318050,"pid":31073,"hostname":"localhost.localdomain","msg":"Executed insert: INSERT INTO DEVICE_TYPE_CLUSTER (DEVICE_TYPE_REF, CLUSTER_NAME, INCLUDE_CLIENT, INCLUDE_SERVER, LOCK_CLIENT, LOCK_SERVER) VALUES (?,?,?,?,?,?): 112,Basic,false,true,true,true => rowid: 962","v":1}
{"level":30,"time":1589725318050,"pid":31073,"hostname":"localhost.localdomain","msg":"Executed insert: INSERT INTO DEVICE_TYPE_CLUSTER (DEVICE_TYPE_REF, CLUSTER_NAME, INCLUDE_CLIENT, INCLUDE_SERVER, LOCK_CLIENT, LOCK_SERVER) VALUES (?,?,?,?,?,?): 112,Identify,false,true,true,true => rowid: 963","v":1}
{"level":30,"time":1589725318051,"pid":31073,"hostname":"localhost.localdomain","msg":"Executed insert: INSERT INTO DEVICE_TYPE_CLUSTER (DEVICE_TYPE_REF, CLUSTER_NAME, INCLUDE_CLIENT, INCLUDE_SERVER, LOCK_CLIENT, LOCK_SERVER) VALUES (?,?,?,?,?,?): 112,Generic Tunnel,false,true,true,true => rowid: 964","v":1}
{"level":30,"time":1589725318051,"pid":31073,"hostname":"localhost.localdomain","msg":"Executed insert: INSERT INTO DEVICE_TYPE_CLUSTER (DEVICE_TYPE_REF, CLUSTER_NAME, INCLUDE_CLIENT, INCLUDE_SERVER, LOCK_CLIENT, LOCK_SERVER) VALUES (?,?,?,?,?,?): 112,11073 Protocol Tunnel,true,true,true,true => rowid: 965","v":1}
{"level":30,"time":1589725318051,"pid":31073,"hostname":"localhost.localdomain","msg":"Executed insert: INSERT INTO DEVICE_TYPE_CLUSTER (DEVICE_TYPE_REF, CLUSTER_NAME, INCLUDE_CLIENT, INCLUDE_SERVER, LOCK_CLIENT, LOCK_SERVER) VALUES (?,?,?,?,?,?): 112,Power Configuration,false,true,true,false => rowid: 966","v":1}
{"level":30,"time":1589725318051,"pid":31073,"hostname":"localhost.localdomain","msg":"Executed insert: INSERT INTO DEVICE_TYPE_CLUSTER (DEVICE_TYPE_REF, CLUSTER_NAME, INCLUDE_CLIENT, INCLUDE_SERVER, LOCK_CLIENT, LOCK_SERVER) VALUES (?,?,?,?,?,?): 112,Alarms,false,true,true,false => rowid: 967","v":1}
{"level":30,"time":1589725318051,"pid":31073,"hostname":"localhost.localdomain","msg":"Executed insert: INSERT INTO DEVICE_TYPE_CLUSTER (DEVICE_TYPE_REF, CLUSTER_NAME, INCLUDE_CLIENT, INCLUDE_SERVER, LOCK_CLIENT, LOCK_SERVER) VALUES (?,?,?,?,?,?): 112,Time,false,true,true,false => rowid: 968","v":1}
{"level":30,"time":1589725318051,"pid":31073,"hostname":"localhost.localdomain","msg":"Preparing statement: INSERT INTO DEVICE_TYPE_ATTRIBUTE (DEVICE_TYPE_CLUSTER_REF, ATTRIBUTE_NAME) VALUES (?, ?) to insert 0 records.","v":1}
{"level":30,"time":1589725318051,"pid":31073,"hostname":"localhost.localdomain","msg":"Preparing statement: INSERT INTO DEVICE_TYPE_COMMAND (DEVICE_TYPE_CLUSTER_REF, COMMAND_NAME) VALUES (?, ?) to insert 0 records.","v":1}
{"level":30,"time":1589725318051,"pid":31073,"hostname":"localhost.localdomain","msg":"Executed insert: INSERT INTO DEVICE_TYPE_CLUSTER (DEVICE_TYPE_REF, CLUSTER_NAME, INCLUDE_CLIENT, INCLUDE_SERVER, LOCK_CLIENT, LOCK_SERVER) VALUES (?,?,?,?,?,?): 117,Basic,false,true,true,true => rowid: 969","v":1}
{"level":30,"time":1589725318051,"pid":31073,"hostname":"localhost.localdomain","msg":"Executed insert: INSERT INTO DEVICE_TYPE_CLUSTER (DEVICE_TYPE_REF, CLUSTER_NAME, INCLUDE_CLIENT, INCLUDE_SERVER, LOCK_CLIENT, LOCK_SERVER) VALUES (?,?,?,?,?,?): 117,Identify,false,true,true,true => rowid: 970","v":1}
{"level":30,"time":1589725318051,"pid":31073,"hostname":"localhost.localdomain","msg":"Executed insert: INSERT INTO DEVICE_TYPE_CLUSTER (DEVICE_TYPE_REF, CLUSTER_NAME, INCLUDE_CLIENT, INCLUDE_SERVER, LOCK_CLIENT, LOCK_SERVER) VALUES (?,?,?,?,?,?): 117,Generic Tunnel,false,true,true,true => rowid: 971","v":1}
{"level":30,"time":1589725318051,"pid":31073,"hostname":"localhost.localdomain","msg":"Executed insert: INSERT INTO DEVICE_TYPE_CLUSTER (DEVICE_TYPE_REF, CLUSTER_NAME, INCLUDE_CLIENT, INCLUDE_SERVER, LOCK_CLIENT, LOCK_SERVER) VALUES (?,?,?,?,?,?): 117,11073 Protocol Tunnel,true,true,true,true => rowid: 972","v":1}
{"level":30,"time":1589725318051,"pid":31073,"hostname":"localhost.localdomain","msg":"Executed insert: INSERT INTO DEVICE_TYPE_CLUSTER (DEVICE_TYPE_REF, CLUSTER_NAME, INCLUDE_CLIENT, INCLUDE_SERVER, LOCK_CLIENT, LOCK_SERVER) VALUES (?,?,?,?,?,?): 117,Power Configuration,false,true,true,false => rowid: 973","v":1}
{"level":30,"time":1589725318051,"pid":31073,"hostname":"localhost.localdomain","msg":"Executed insert: INSERT INTO DEVICE_TYPE_CLUSTER (DEVICE_TYPE_REF, CLUSTER_NAME, INCLUDE_CLIENT, INCLUDE_SERVER, LOCK_CLIENT, LOCK_SERVER) VALUES (?,?,?,?,?,?): 117,Alarms,false,true,true,false => rowid: 974","v":1}
{"level":30,"time":1589725318051,"pid":31073,"hostname":"localhost.localdomain","msg":"Executed insert: INSERT INTO DEVICE_TYPE_CLUSTER (DEVICE_TYPE_REF, CLUSTER_NAME, INCLUDE_CLIENT, INCLUDE_SERVER, LOCK_CLIENT, LOCK_SERVER) VALUES (?,?,?,?,?,?): 117,Time,false,true,true,false => rowid: 975","v":1}
{"level":30,"time":1589725318051,"pid":31073,"hostname":"localhost.localdomain","msg":"Preparing statement: INSERT INTO DEVICE_TYPE_ATTRIBUTE (DEVICE_TYPE_CLUSTER_REF, ATTRIBUTE_NAME) VALUES (?, ?) to insert 0 records.","v":1}
{"level":30,"time":1589725318051,"pid":31073,"hostname":"localhost.localdomain","msg":"Preparing statement: INSERT INTO DEVICE_TYPE_COMMAND (DEVICE_TYPE_CLUSTER_REF, COMMAND_NAME) VALUES (?, ?) to insert 0 records.","v":1}
{"level":30,"time":1589725318051,"pid":31073,"hostname":"localhost.localdomain","msg":"Executed insert: INSERT INTO DEVICE_TYPE_CLUSTER (DEVICE_TYPE_REF, CLUSTER_NAME, INCLUDE_CLIENT, INCLUDE_SERVER, LOCK_CLIENT, LOCK_SERVER) VALUES (?,?,?,?,?,?): 120,Basic,false,true,true,true => rowid: 976","v":1}
{"level":30,"time":1589725318051,"pid":31073,"hostname":"localhost.localdomain","msg":"Executed insert: INSERT INTO DEVICE_TYPE_CLUSTER (DEVICE_TYPE_REF, CLUSTER_NAME, INCLUDE_CLIENT, INCLUDE_SERVER, LOCK_CLIENT, LOCK_SERVER) VALUES (?,?,?,?,?,?): 120,Identify,false,true,true,true => rowid: 977","v":1}
{"level":30,"time":1589725318051,"pid":31073,"hostname":"localhost.localdomain","msg":"Executed insert: INSERT INTO DEVICE_TYPE_CLUSTER (DEVICE_TYPE_REF, CLUSTER_NAME, INCLUDE_CLIENT, INCLUDE_SERVER, LOCK_CLIENT, LOCK_SERVER) VALUES (?,?,?,?,?,?): 120,Generic Tunnel,false,true,true,true => rowid: 978","v":1}
{"level":30,"time":1589725318051,"pid":31073,"hostname":"localhost.localdomain","msg":"Executed insert: INSERT INTO DEVICE_TYPE_CLUSTER (DEVICE_TYPE_REF, CLUSTER_NAME, INCLUDE_CLIENT, INCLUDE_SERVER, LOCK_CLIENT, LOCK_SERVER) VALUES (?,?,?,?,?,?): 120,11073 Protocol Tunnel,true,true,true,true => rowid: 979","v":1}
{"level":30,"time":1589725318055,"pid":31073,"hostname":"localhost.localdomain","msg":"Executed insert: INSERT INTO DEVICE_TYPE_CLUSTER (DEVICE_TYPE_REF, CLUSTER_NAME, INCLUDE_CLIENT, INCLUDE_SERVER, LOCK_CLIENT, LOCK_SERVER) VALUES (?,?,?,?,?,?): 120,Power Configuration,false,true,true,false => rowid: 980","v":1}
{"level":30,"time":1589725318055,"pid":31073,"hostname":"localhost.localdomain","msg":"Executed insert: INSERT INTO DEVICE_TYPE_CLUSTER (DEVICE_TYPE_REF, CLUSTER_NAME, INCLUDE_CLIENT, INCLUDE_SERVER, LOCK_CLIENT, LOCK_SERVER) VALUES (?,?,?,?,?,?): 120,Alarms,false,true,true,false => rowid: 981","v":1}
{"level":30,"time":1589725318055,"pid":31073,"hostname":"localhost.localdomain","msg":"Executed insert: INSERT INTO DEVICE_TYPE_CLUSTER (DEVICE_TYPE_REF, CLUSTER_NAME, INCLUDE_CLIENT, INCLUDE_SERVER, LOCK_CLIENT, LOCK_SERVER) VALUES (?,?,?,?,?,?): 120,Time,false,true,true,false => rowid: 982","v":1}
{"level":30,"time":1589725318055,"pid":31073,"hostname":"localhost.localdomain","msg":"Preparing statement: INSERT INTO DEVICE_TYPE_ATTRIBUTE (DEVICE_TYPE_CLUSTER_REF, ATTRIBUTE_NAME) VALUES (?, ?) to insert 0 records.","v":1}
{"level":30,"time":1589725318055,"pid":31073,"hostname":"localhost.localdomain","msg":"Preparing statement: INSERT INTO DEVICE_TYPE_COMMAND (DEVICE_TYPE_CLUSTER_REF, COMMAND_NAME) VALUES (?, ?) to insert 0 records.","v":1}
{"level":30,"time":1589725318055,"pid":31073,"hostname":"localhost.localdomain","msg":"Executed insert: INSERT INTO DEVICE_TYPE_CLUSTER (DEVICE_TYPE_REF, CLUSTER_NAME, INCLUDE_CLIENT, INCLUDE_SERVER, LOCK_CLIENT, LOCK_SERVER) VALUES (?,?,?,?,?,?): 123,Basic,false,true,true,true => rowid: 983","v":1}
{"level":30,"time":1589725318055,"pid":31073,"hostname":"localhost.localdomain","msg":"Executed insert: INSERT INTO DEVICE_TYPE_CLUSTER (DEVICE_TYPE_REF, CLUSTER_NAME, INCLUDE_CLIENT, INCLUDE_SERVER, LOCK_CLIENT, LOCK_SERVER) VALUES (?,?,?,?,?,?): 123,Identify,false,true,true,true => rowid: 984","v":1}
{"level":30,"time":1589725318056,"pid":31073,"hostname":"localhost.localdomain","msg":"Executed insert: INSERT INTO DEVICE_TYPE_CLUSTER (DEVICE_TYPE_REF, CLUSTER_NAME, INCLUDE_CLIENT, INCLUDE_SERVER, LOCK_CLIENT, LOCK_SERVER) VALUES (?,?,?,?,?,?): 123,Generic Tunnel,false,true,true,true => rowid: 985","v":1}
{"level":30,"time":1589725318056,"pid":31073,"hostname":"localhost.localdomain","msg":"Executed insert: INSERT INTO DEVICE_TYPE_CLUSTER (DEVICE_TYPE_REF, CLUSTER_NAME, INCLUDE_CLIENT, INCLUDE_SERVER, LOCK_CLIENT, LOCK_SERVER) VALUES (?,?,?,?,?,?): 123,11073 Protocol Tunnel,true,true,true,true => rowid: 986","v":1}
{"level":30,"time":1589725318056,"pid":31073,"hostname":"localhost.localdomain","msg":"Executed insert: INSERT INTO DEVICE_TYPE_CLUSTER (DEVICE_TYPE_REF, CLUSTER_NAME, INCLUDE_CLIENT, INCLUDE_SERVER, LOCK_CLIENT, LOCK_SERVER) VALUES (?,?,?,?,?,?): 123,Power Configuration,false,true,true,false => rowid: 987","v":1}
{"level":30,"time":1589725318056,"pid":31073,"hostname":"localhost.localdomain","msg":"Executed insert: INSERT INTO DEVICE_TYPE_CLUSTER (DEVICE_TYPE_REF, CLUSTER_NAME, INCLUDE_CLIENT, INCLUDE_SERVER, LOCK_CLIENT, LOCK_SERVER) VALUES (?,?,?,?,?,?): 123,Alarms,false,true,true,false => rowid: 988","v":1}
{"level":30,"time":1589725318056,"pid":31073,"hostname":"localhost.localdomain","msg":"Executed insert: INSERT INTO DEVICE_TYPE_CLUSTER (DEVICE_TYPE_REF, CLUSTER_NAME, INCLUDE_CLIENT, INCLUDE_SERVER, LOCK_CLIENT, LOCK_SERVER) VALUES (?,?,?,?,?,?): 123,Time,false,true,true,false => rowid: 989","v":1}
{"level":30,"time":1589725318056,"pid":31073,"hostname":"localhost.localdomain","msg":"Preparing statement: INSERT INTO DEVICE_TYPE_ATTRIBUTE (DEVICE_TYPE_CLUSTER_REF, ATTRIBUTE_NAME) VALUES (?, ?) to insert 0 records.","v":1}
{"level":30,"time":1589725318056,"pid":31073,"hostname":"localhost.localdomain","msg":"Preparing statement: INSERT INTO DEVICE_TYPE_COMMAND (DEVICE_TYPE_CLUSTER_REF, COMMAND_NAME) VALUES (?, ?) to insert 0 records.","v":1}
{"level":30,"time":1589725318056,"pid":31073,"hostname":"localhost.localdomain","msg":"Executed insert: INSERT INTO DEVICE_TYPE_CLUSTER (DEVICE_TYPE_REF, CLUSTER_NAME, INCLUDE_CLIENT, INCLUDE_SERVER, LOCK_CLIENT, LOCK_SERVER) VALUES (?,?,?,?,?,?): 126,Basic,false,true,true,true => rowid: 990","v":1}
{"level":30,"time":1589725318056,"pid":31073,"hostname":"localhost.localdomain","msg":"Executed insert: INSERT INTO DEVICE_TYPE_CLUSTER (DEVICE_TYPE_REF, CLUSTER_NAME, INCLUDE_CLIENT, INCLUDE_SERVER, LOCK_CLIENT, LOCK_SERVER) VALUES (?,?,?,?,?,?): 126,Identify,false,true,true,true => rowid: 991","v":1}
{"level":30,"time":1589725318056,"pid":31073,"hostname":"localhost.localdomain","msg":"Executed insert: INSERT INTO DEVICE_TYPE_CLUSTER (DEVICE_TYPE_REF, CLUSTER_NAME, INCLUDE_CLIENT, INCLUDE_SERVER, LOCK_CLIENT, LOCK_SERVER) VALUES (?,?,?,?,?,?): 126,Generic Tunnel,false,true,true,true => rowid: 992","v":1}
{"level":30,"time":1589725318056,"pid":31073,"hostname":"localhost.localdomain","msg":"Executed insert: INSERT INTO DEVICE_TYPE_CLUSTER (DEVICE_TYPE_REF, CLUSTER_NAME, INCLUDE_CLIENT, INCLUDE_SERVER, LOCK_CLIENT, LOCK_SERVER) VALUES (?,?,?,?,?,?): 126,11073 Protocol Tunnel,true,true,true,true => rowid: 993","v":1}
{"level":30,"time":1589725318056,"pid":31073,"hostname":"localhost.localdomain","msg":"Executed insert: INSERT INTO DEVICE_TYPE_CLUSTER (DEVICE_TYPE_REF, CLUSTER_NAME, INCLUDE_CLIENT, INCLUDE_SERVER, LOCK_CLIENT, LOCK_SERVER) VALUES (?,?,?,?,?,?): 126,Power Configuration,false,true,true,false => rowid: 994","v":1}
{"level":30,"time":1589725318056,"pid":31073,"hostname":"localhost.localdomain","msg":"Executed insert: INSERT INTO DEVICE_TYPE_CLUSTER (DEVICE_TYPE_REF, CLUSTER_NAME, INCLUDE_CLIENT, INCLUDE_SERVER, LOCK_CLIENT, LOCK_SERVER) VALUES (?,?,?,?,?,?): 126,Alarms,false,true,true,false => rowid: 995","v":1}
{"level":30,"time":1589725318056,"pid":31073,"hostname":"localhost.localdomain","msg":"Executed insert: INSERT INTO DEVICE_TYPE_CLUSTER (DEVICE_TYPE_REF, CLUSTER_NAME, INCLUDE_CLIENT, INCLUDE_SERVER, LOCK_CLIENT, LOCK_SERVER) VALUES (?,?,?,?,?,?): 126,Time,false,true,true,false => rowid: 996","v":1}
{"level":30,"time":1589725318056,"pid":31073,"hostname":"localhost.localdomain","msg":"Preparing statement: INSERT INTO DEVICE_TYPE_ATTRIBUTE (DEVICE_TYPE_CLUSTER_REF, ATTRIBUTE_NAME) VALUES (?, ?) to insert 0 records.","v":1}
{"level":30,"time":1589725318056,"pid":31073,"hostname":"localhost.localdomain","msg":"Preparing statement: INSERT INTO DEVICE_TYPE_COMMAND (DEVICE_TYPE_CLUSTER_REF, COMMAND_NAME) VALUES (?, ?) to insert 0 records.","v":1}
{"level":30,"time":1589725318056,"pid":31073,"hostname":"localhost.localdomain","msg":"Executed insert: INSERT INTO DEVICE_TYPE_CLUSTER (DEVICE_TYPE_REF, CLUSTER_NAME, INCLUDE_CLIENT, INCLUDE_SERVER, LOCK_CLIENT, LOCK_SERVER) VALUES (?,?,?,?,?,?): 129,Basic,false,true,true,true => rowid: 997","v":1}
{"level":30,"time":1589725318056,"pid":31073,"hostname":"localhost.localdomain","msg":"Executed insert: INSERT INTO DEVICE_TYPE_CLUSTER (DEVICE_TYPE_REF, CLUSTER_NAME, INCLUDE_CLIENT, INCLUDE_SERVER, LOCK_CLIENT, LOCK_SERVER) VALUES (?,?,?,?,?,?): 129,Identify,false,true,true,true => rowid: 998","v":1}
{"level":30,"time":1589725318056,"pid":31073,"hostname":"localhost.localdomain","msg":"Executed insert: INSERT INTO DEVICE_TYPE_CLUSTER (DEVICE_TYPE_REF, CLUSTER_NAME, INCLUDE_CLIENT, INCLUDE_SERVER, LOCK_CLIENT, LOCK_SERVER) VALUES (?,?,?,?,?,?): 129,Generic Tunnel,false,true,true,true => rowid: 999","v":1}
{"level":30,"time":1589725318056,"pid":31073,"hostname":"localhost.localdomain","msg":"Executed insert: INSERT INTO DEVICE_TYPE_CLUSTER (DEVICE_TYPE_REF, CLUSTER_NAME, INCLUDE_CLIENT, INCLUDE_SERVER, LOCK_CLIENT, LOCK_SERVER) VALUES (?,?,?,?,?,?): 129,11073 Protocol Tunnel,true,true,true,true => rowid: 1000","v":1}
{"level":30,"time":1589725318056,"pid":31073,"hostname":"localhost.localdomain","msg":"Executed insert: INSERT INTO DEVICE_TYPE_CLUSTER (DEVICE_TYPE_REF, CLUSTER_NAME, INCLUDE_CLIENT, INCLUDE_SERVER, LOCK_CLIENT, LOCK_SERVER) VALUES (?,?,?,?,?,?): 129,Power Configuration,false,true,true,false => rowid: 1001","v":1}
{"level":30,"time":1589725318056,"pid":31073,"hostname":"localhost.localdomain","msg":"Executed insert: INSERT INTO DEVICE_TYPE_CLUSTER (DEVICE_TYPE_REF, CLUSTER_NAME, INCLUDE_CLIENT, INCLUDE_SERVER, LOCK_CLIENT, LOCK_SERVER) VALUES (?,?,?,?,?,?): 129,Alarms,false,true,true,false => rowid: 1002","v":1}
{"level":30,"time":1589725318056,"pid":31073,"hostname":"localhost.localdomain","msg":"Executed insert: INSERT INTO DEVICE_TYPE_CLUSTER (DEVICE_TYPE_REF, CLUSTER_NAME, INCLUDE_CLIENT, INCLUDE_SERVER, LOCK_CLIENT, LOCK_SERVER) VALUES (?,?,?,?,?,?): 129,Time,false,true,true,false => rowid: 1003","v":1}
{"level":30,"time":1589725318057,"pid":31073,"hostname":"localhost.localdomain","msg":"Preparing statement: INSERT INTO DEVICE_TYPE_ATTRIBUTE (DEVICE_TYPE_CLUSTER_REF, ATTRIBUTE_NAME) VALUES (?, ?) to insert 0 records.","v":1}
{"level":30,"time":1589725318057,"pid":31073,"hostname":"localhost.localdomain","msg":"Preparing statement: INSERT INTO DEVICE_TYPE_COMMAND (DEVICE_TYPE_CLUSTER_REF, COMMAND_NAME) VALUES (?, ?) to insert 0 records.","v":1}
{"level":30,"time":1589725318057,"pid":31073,"hostname":"localhost.localdomain","msg":"Executed insert: INSERT INTO DEVICE_TYPE_CLUSTER (DEVICE_TYPE_REF, CLUSTER_NAME, INCLUDE_CLIENT, INCLUDE_SERVER, LOCK_CLIENT, LOCK_SERVER) VALUES (?,?,?,?,?,?): 132,Basic,false,true,true,true => rowid: 1004","v":1}
{"level":30,"time":1589725318057,"pid":31073,"hostname":"localhost.localdomain","msg":"Executed insert: INSERT INTO DEVICE_TYPE_CLUSTER (DEVICE_TYPE_REF, CLUSTER_NAME, INCLUDE_CLIENT, INCLUDE_SERVER, LOCK_CLIENT, LOCK_SERVER) VALUES (?,?,?,?,?,?): 132,Identify,false,true,true,true => rowid: 1005","v":1}
{"level":30,"time":1589725318057,"pid":31073,"hostname":"localhost.localdomain","msg":"Executed insert: INSERT INTO DEVICE_TYPE_CLUSTER (DEVICE_TYPE_REF, CLUSTER_NAME, INCLUDE_CLIENT, INCLUDE_SERVER, LOCK_CLIENT, LOCK_SERVER) VALUES (?,?,?,?,?,?): 132,Generic Tunnel,false,true,true,true => rowid: 1006","v":1}
{"level":30,"time":1589725318057,"pid":31073,"hostname":"localhost.localdomain","msg":"Executed insert: INSERT INTO DEVICE_TYPE_CLUSTER (DEVICE_TYPE_REF, CLUSTER_NAME, INCLUDE_CLIENT, INCLUDE_SERVER, LOCK_CLIENT, LOCK_SERVER) VALUES (?,?,?,?,?,?): 132,11073 Protocol Tunnel,true,true,true,true => rowid: 1007","v":1}
{"level":30,"time":1589725318057,"pid":31073,"hostname":"localhost.localdomain","msg":"Executed insert: INSERT INTO DEVICE_TYPE_CLUSTER (DEVICE_TYPE_REF, CLUSTER_NAME, INCLUDE_CLIENT, INCLUDE_SERVER, LOCK_CLIENT, LOCK_SERVER) VALUES (?,?,?,?,?,?): 132,Power Configuration,false,true,true,false => rowid: 1008","v":1}
{"level":30,"time":1589725318057,"pid":31073,"hostname":"localhost.localdomain","msg":"Executed insert: INSERT INTO DEVICE_TYPE_CLUSTER (DEVICE_TYPE_REF, CLUSTER_NAME, INCLUDE_CLIENT, INCLUDE_SERVER, LOCK_CLIENT, LOCK_SERVER) VALUES (?,?,?,?,?,?): 132,Alarms,false,true,true,false => rowid: 1009","v":1}
{"level":30,"time":1589725318057,"pid":31073,"hostname":"localhost.localdomain","msg":"Executed insert: INSERT INTO DEVICE_TYPE_CLUSTER (DEVICE_TYPE_REF, CLUSTER_NAME, INCLUDE_CLIENT, INCLUDE_SERVER, LOCK_CLIENT, LOCK_SERVER) VALUES (?,?,?,?,?,?): 132,Time,false,true,true,false => rowid: 1010","v":1}
{"level":30,"time":1589725318057,"pid":31073,"hostname":"localhost.localdomain","msg":"Preparing statement: INSERT INTO DEVICE_TYPE_ATTRIBUTE (DEVICE_TYPE_CLUSTER_REF, ATTRIBUTE_NAME) VALUES (?, ?) to insert 0 records.","v":1}
{"level":30,"time":1589725318057,"pid":31073,"hostname":"localhost.localdomain","msg":"Preparing statement: INSERT INTO DEVICE_TYPE_COMMAND (DEVICE_TYPE_CLUSTER_REF, COMMAND_NAME) VALUES (?, ?) to insert 0 records.","v":1}
{"level":30,"time":1589725318057,"pid":31073,"hostname":"localhost.localdomain","msg":"Executed insert: INSERT INTO DEVICE_TYPE_CLUSTER (DEVICE_TYPE_REF, CLUSTER_NAME, INCLUDE_CLIENT, INCLUDE_SERVER, LOCK_CLIENT, LOCK_SERVER) VALUES (?,?,?,?,?,?): 135,Basic,false,true,true,true => rowid: 1011","v":1}
{"level":30,"time":1589725318057,"pid":31073,"hostname":"localhost.localdomain","msg":"Executed insert: INSERT INTO DEVICE_TYPE_CLUSTER (DEVICE_TYPE_REF, CLUSTER_NAME, INCLUDE_CLIENT, INCLUDE_SERVER, LOCK_CLIENT, LOCK_SERVER) VALUES (?,?,?,?,?,?): 135,Identify,false,true,true,true => rowid: 1012","v":1}
{"level":30,"time":1589725318057,"pid":31073,"hostname":"localhost.localdomain","msg":"Executed insert: INSERT INTO DEVICE_TYPE_CLUSTER (DEVICE_TYPE_REF, CLUSTER_NAME, INCLUDE_CLIENT, INCLUDE_SERVER, LOCK_CLIENT, LOCK_SERVER) VALUES (?,?,?,?,?,?): 135,Generic Tunnel,false,true,true,true => rowid: 1013","v":1}
{"level":30,"time":1589725318057,"pid":31073,"hostname":"localhost.localdomain","msg":"Executed insert: INSERT INTO DEVICE_TYPE_CLUSTER (DEVICE_TYPE_REF, CLUSTER_NAME, INCLUDE_CLIENT, INCLUDE_SERVER, LOCK_CLIENT, LOCK_SERVER) VALUES (?,?,?,?,?,?): 135,11073 Protocol Tunnel,true,true,true,true => rowid: 1014","v":1}
{"level":30,"time":1589725318057,"pid":31073,"hostname":"localhost.localdomain","msg":"Executed insert: INSERT INTO DEVICE_TYPE_CLUSTER (DEVICE_TYPE_REF, CLUSTER_NAME, INCLUDE_CLIENT, INCLUDE_SERVER, LOCK_CLIENT, LOCK_SERVER) VALUES (?,?,?,?,?,?): 135,Power Configuration,false,true,true,false => rowid: 1015","v":1}
{"level":30,"time":1589725318057,"pid":31073,"hostname":"localhost.localdomain","msg":"Executed insert: INSERT INTO DEVICE_TYPE_CLUSTER (DEVICE_TYPE_REF, CLUSTER_NAME, INCLUDE_CLIENT, INCLUDE_SERVER, LOCK_CLIENT, LOCK_SERVER) VALUES (?,?,?,?,?,?): 135,Alarms,false,true,true,false => rowid: 1016","v":1}
{"level":30,"time":1589725318057,"pid":31073,"hostname":"localhost.localdomain","msg":"Executed insert: INSERT INTO DEVICE_TYPE_CLUSTER (DEVICE_TYPE_REF, CLUSTER_NAME, INCLUDE_CLIENT, INCLUDE_SERVER, LOCK_CLIENT, LOCK_SERVER) VALUES (?,?,?,?,?,?): 135,Time,false,true,true,false => rowid: 1017","v":1}
{"level":30,"time":1589725318057,"pid":31073,"hostname":"localhost.localdomain","msg":"Preparing statement: INSERT INTO DEVICE_TYPE_ATTRIBUTE (DEVICE_TYPE_CLUSTER_REF, ATTRIBUTE_NAME) VALUES (?, ?) to insert 0 records.","v":1}
{"level":30,"time":1589725318057,"pid":31073,"hostname":"localhost.localdomain","msg":"Preparing statement: INSERT INTO DEVICE_TYPE_COMMAND (DEVICE_TYPE_CLUSTER_REF, COMMAND_NAME) VALUES (?, ?) to insert 0 records.","v":1}
{"level":30,"time":1589725318057,"pid":31073,"hostname":"localhost.localdomain","msg":"Executed insert: INSERT INTO DEVICE_TYPE_CLUSTER (DEVICE_TYPE_REF, CLUSTER_NAME, INCLUDE_CLIENT, INCLUDE_SERVER, LOCK_CLIENT, LOCK_SERVER) VALUES (?,?,?,?,?,?): 138,Basic,false,true,true,true => rowid: 1018","v":1}
{"level":30,"time":1589725318057,"pid":31073,"hostname":"localhost.localdomain","msg":"Executed insert: INSERT INTO DEVICE_TYPE_CLUSTER (DEVICE_TYPE_REF, CLUSTER_NAME, INCLUDE_CLIENT, INCLUDE_SERVER, LOCK_CLIENT, LOCK_SERVER) VALUES (?,?,?,?,?,?): 138,Identify,false,true,true,true => rowid: 1019","v":1}
{"level":30,"time":1589725318057,"pid":31073,"hostname":"localhost.localdomain","msg":"Executed insert: INSERT INTO DEVICE_TYPE_CLUSTER (DEVICE_TYPE_REF, CLUSTER_NAME, INCLUDE_CLIENT, INCLUDE_SERVER, LOCK_CLIENT, LOCK_SERVER) VALUES (?,?,?,?,?,?): 138,Generic Tunnel,false,true,true,true => rowid: 1020","v":1}
{"level":30,"time":1589725318058,"pid":31073,"hostname":"localhost.localdomain","msg":"Executed insert: INSERT INTO DEVICE_TYPE_CLUSTER (DEVICE_TYPE_REF, CLUSTER_NAME, INCLUDE_CLIENT, INCLUDE_SERVER, LOCK_CLIENT, LOCK_SERVER) VALUES (?,?,?,?,?,?): 138,11073 Protocol Tunnel,true,true,true,true => rowid: 1021","v":1}
{"level":30,"time":1589725318058,"pid":31073,"hostname":"localhost.localdomain","msg":"Executed insert: INSERT INTO DEVICE_TYPE_CLUSTER (DEVICE_TYPE_REF, CLUSTER_NAME, INCLUDE_CLIENT, INCLUDE_SERVER, LOCK_CLIENT, LOCK_SERVER) VALUES (?,?,?,?,?,?): 138,Power Configuration,false,true,true,false => rowid: 1022","v":1}
{"level":30,"time":1589725318058,"pid":31073,"hostname":"localhost.localdomain","msg":"Executed insert: INSERT INTO DEVICE_TYPE_CLUSTER (DEVICE_TYPE_REF, CLUSTER_NAME, INCLUDE_CLIENT, INCLUDE_SERVER, LOCK_CLIENT, LOCK_SERVER) VALUES (?,?,?,?,?,?): 138,Alarms,false,true,true,false => rowid: 1023","v":1}
{"level":30,"time":1589725318058,"pid":31073,"hostname":"localhost.localdomain","msg":"Executed insert: INSERT INTO DEVICE_TYPE_CLUSTER (DEVICE_TYPE_REF, CLUSTER_NAME, INCLUDE_CLIENT, INCLUDE_SERVER, LOCK_CLIENT, LOCK_SERVER) VALUES (?,?,?,?,?,?): 138,Time,false,true,true,false => rowid: 1024","v":1}
{"level":30,"time":1589725318058,"pid":31073,"hostname":"localhost.localdomain","msg":"Preparing statement: INSERT INTO DEVICE_TYPE_ATTRIBUTE (DEVICE_TYPE_CLUSTER_REF, ATTRIBUTE_NAME) VALUES (?, ?) to insert 0 records.","v":1}
{"level":30,"time":1589725318058,"pid":31073,"hostname":"localhost.localdomain","msg":"Preparing statement: INSERT INTO DEVICE_TYPE_COMMAND (DEVICE_TYPE_CLUSTER_REF, COMMAND_NAME) VALUES (?, ?) to insert 0 records.","v":1}
{"level":30,"time":1589725318058,"pid":31073,"hostname":"localhost.localdomain","msg":"Executed insert: INSERT INTO DEVICE_TYPE_CLUSTER (DEVICE_TYPE_REF, CLUSTER_NAME, INCLUDE_CLIENT, INCLUDE_SERVER, LOCK_CLIENT, LOCK_SERVER) VALUES (?,?,?,?,?,?): 141,Basic,false,true,true,true => rowid: 1025","v":1}
{"level":30,"time":1589725318058,"pid":31073,"hostname":"localhost.localdomain","msg":"Executed insert: INSERT INTO DEVICE_TYPE_CLUSTER (DEVICE_TYPE_REF, CLUSTER_NAME, INCLUDE_CLIENT, INCLUDE_SERVER, LOCK_CLIENT, LOCK_SERVER) VALUES (?,?,?,?,?,?): 141,11073 Protocol Tunnel,true,true,true,true => rowid: 1026","v":1}
{"level":30,"time":1589725318058,"pid":31073,"hostname":"localhost.localdomain","msg":"Executed insert: INSERT INTO DEVICE_TYPE_CLUSTER (DEVICE_TYPE_REF, CLUSTER_NAME, INCLUDE_CLIENT, INCLUDE_SERVER, LOCK_CLIENT, LOCK_SERVER) VALUES (?,?,?,?,?,?): 141,Power Configuration,false,true,true,false => rowid: 1027","v":1}
{"level":30,"time":1589725318058,"pid":31073,"hostname":"localhost.localdomain","msg":"Executed insert: INSERT INTO DEVICE_TYPE_CLUSTER (DEVICE_TYPE_REF, CLUSTER_NAME, INCLUDE_CLIENT, INCLUDE_SERVER, LOCK_CLIENT, LOCK_SERVER) VALUES (?,?,?,?,?,?): 141,Alarms,false,true,true,false => rowid: 1028","v":1}
{"level":30,"time":1589725318058,"pid":31073,"hostname":"localhost.localdomain","msg":"Executed insert: INSERT INTO DEVICE_TYPE_CLUSTER (DEVICE_TYPE_REF, CLUSTER_NAME, INCLUDE_CLIENT, INCLUDE_SERVER, LOCK_CLIENT, LOCK_SERVER) VALUES (?,?,?,?,?,?): 141,Time,false,true,true,false => rowid: 1029","v":1}
{"level":30,"time":1589725318058,"pid":31086,"hostname":"localhost.localdomain","msg":"Temporarily, we are forcibly deleting the sqlite file every time we start up the app. This goes away after a while, obviously.","v":1}
{"level":30,"time":1589725318058,"pid":31073,"hostname":"localhost.localdomain","msg":"Executed insert: INSERT INTO DEVICE_TYPE_CLUSTER (DEVICE_TYPE_REF, CLUSTER_NAME, INCLUDE_CLIENT, INCLUDE_SERVER, LOCK_CLIENT, LOCK_SERVER) VALUES (?,?,?,?,?,?): 141,Generic Tunnel,false,true,true,true => rowid: 1030","v":1}
{"level":30,"time":1589725318058,"pid":31073,"hostname":"localhost.localdomain","msg":"Executed insert: INSERT INTO DEVICE_TYPE_CLUSTER (DEVICE_TYPE_REF, CLUSTER_NAME, INCLUDE_CLIENT, INCLUDE_SERVER, LOCK_CLIENT, LOCK_SERVER) VALUES (?,?,?,?,?,?): 141,Identify,false,true,true,true => rowid: 1031","v":1}
{"level":30,"time":1589725318058,"pid":31073,"hostname":"localhost.localdomain","msg":"Preparing statement: INSERT INTO DEVICE_TYPE_ATTRIBUTE (DEVICE_TYPE_CLUSTER_REF, ATTRIBUTE_NAME) VALUES (?, ?) to insert 0 records.","v":1}
{"level":30,"time":1589725318058,"pid":31073,"hostname":"localhost.localdomain","msg":"Preparing statement: INSERT INTO DEVICE_TYPE_COMMAND (DEVICE_TYPE_CLUSTER_REF, COMMAND_NAME) VALUES (?, ?) to insert 0 records.","v":1}
{"level":30,"time":1589725318059,"pid":31086,"hostname":"localhost.localdomain","msg":"Connected to the database at: /home/timotej/.silabs/zap/test-2.sqlite","v":1}
{"level":30,"time":1589725318059,"pid":31086,"hostname":"localhost.localdomain","msg":"Populate schema.","v":1}
{"level":30,"time":1589725318059,"pid":31073,"hostname":"localhost.localdomain","msg":"Executed insert: INSERT INTO DEVICE_TYPE_CLUSTER (DEVICE_TYPE_REF, CLUSTER_NAME, INCLUDE_CLIENT, INCLUDE_SERVER, LOCK_CLIENT, LOCK_SERVER) VALUES (?,?,?,?,?,?): 95,Identify,false,false,true,false => rowid: 1032","v":1}
{"level":30,"time":1589725318059,"pid":31073,"hostname":"localhost.localdomain","msg":"Executed insert: INSERT INTO DEVICE_TYPE_CLUSTER (DEVICE_TYPE_REF, CLUSTER_NAME, INCLUDE_CLIENT, INCLUDE_SERVER, LOCK_CLIENT, LOCK_SERVER) VALUES (?,?,?,?,?,?): 95,Events,false,false,true,false => rowid: 1033","v":1}
{"level":30,"time":1589725318059,"pid":31073,"hostname":"localhost.localdomain","msg":"Preparing statement: INSERT INTO DEVICE_TYPE_ATTRIBUTE (DEVICE_TYPE_CLUSTER_REF, ATTRIBUTE_NAME) VALUES (?, ?) to insert 0 records.","v":1}
{"level":30,"time":1589725318059,"pid":31073,"hostname":"localhost.localdomain","msg":"Preparing statement: INSERT INTO DEVICE_TYPE_COMMAND (DEVICE_TYPE_CLUSTER_REF, COMMAND_NAME) VALUES (?, ?) to insert 0 records.","v":1}
{"level":30,"time":1589725318059,"pid":31073,"hostname":"localhost.localdomain","msg":"Executed insert: INSERT INTO DEVICE_TYPE_CLUSTER (DEVICE_TYPE_REF, CLUSTER_NAME, INCLUDE_CLIENT, INCLUDE_SERVER, LOCK_CLIENT, LOCK_SERVER) VALUES (?,?,?,?,?,?): 45,Time,false,true,true,false => rowid: 1034","v":1}
{"level":30,"time":1589725318059,"pid":31073,"hostname":"localhost.localdomain","msg":"Preparing statement: INSERT INTO DEVICE_TYPE_ATTRIBUTE (DEVICE_TYPE_CLUSTER_REF, ATTRIBUTE_NAME) VALUES (?, ?) to insert 0 records.","v":1}
{"level":30,"time":1589725318059,"pid":31073,"hostname":"localhost.localdomain","msg":"Preparing statement: INSERT INTO DEVICE_TYPE_COMMAND (DEVICE_TYPE_CLUSTER_REF, COMMAND_NAME) VALUES (?, ?) to insert 0 records.","v":1}
{"level":30,"time":1589725318069,"pid":31073,"hostname":"localhost.localdomain","msg":"For file: zcl/ami.xml, got CRC: 1984946673","v":1}
{"level":30,"time":1589725318074,"pid":31073,"hostname":"localhost.localdomain","msg":"Executed get: SELECT PACKAGE_ID, PATH, CRC FROM PACKAGE WHERE PATH = ?: zcl/ami.xml","v":1}
{"level":30,"time":1589725318074,"pid":31073,"hostname":"localhost.localdomain","msg":"No CRC in the database for file zcl/ami.xml, parsing.","v":1}
{"level":30,"time":1589725318075,"pid":31073,"hostname":"localhost.localdomain","msg":"Executed insert: INSERT INTO PACKAGE ( PATH, CRC ) VALUES (?, ?): zcl/ami.xml,1984946673 => rowid: 22","v":1}
{"level":30,"time":1589725318097,"pid":31079,"hostname":"localhost.localdomain","msg":"zcl/ami.xml, 18: 50 bitmaps.","v":1}
{"level":30,"time":1589725318103,"pid":31079,"hostname":"localhost.localdomain","msg":"Preparing statement: INSERT INTO BITMAP (PACKAGE_REF, NAME, TYPE) VALUES (?, ?, ?) to insert 50 records.","v":1}
{"level":30,"time":1589725318103,"pid":31079,"hostname":"localhost.localdomain","msg":"zcl/ami.xml, 18: 14 clusters.","v":1}
{"level":30,"time":1589725318105,"pid":31079,"hostname":"localhost.localdomain","msg":"Preparing statement: INSERT INTO CLUSTER (PACKAGE_REF, CODE, NAME, DESCRIPTION, DEFINE) VALUES (?, ?, ?, ?, ?) to insert 14 records.","v":1}
{"level":30,"time":1589725318106,"pid":31079,"hostname":"localhost.localdomain","msg":"zcl/ami.xml, 18: 1 domains.","v":1}
{"level":30,"time":1589725318106,"pid":31079,"hostname":"localhost.localdomain","msg":"Preparing statement: INSERT INTO DOMAIN (PACKAGE_REF, NAME) VALUES (?, ?) to insert 1 records.","v":1}
{"level":30,"time":1589725318106,"pid":31079,"hostname":"localhost.localdomain","msg":"zcl/ami.xml, 18: 88 enums.","v":1}
{"level":30,"time":1589725318106,"pid":31079,"hostname":"localhost.localdomain","msg":"Preparing statement: INSERT INTO ENUM (PACKAGE_REF, NAME, TYPE) VALUES (?, ?, ?) to insert 88 records.","v":1}
{"level":30,"time":1589725318106,"pid":31079,"hostname":"localhost.localdomain","msg":"zcl/ami.xml, 18: 20 structs.","v":1}
{"level":30,"time":1589725318106,"pid":31079,"hostname":"localhost.localdomain","msg":"Preparing statement: INSERT INTO STRUCT (PACKAGE_REF, NAME) VALUES (?, ?) to insert 20 records.","v":1}
{"level":30,"time":1589725318126,"pid":31079,"hostname":"localhost.localdomain","msg":"Executed insert: INSERT INTO DEVICE_TYPE_CLUSTER (DEVICE_TYPE_REF, CLUSTER_NAME, INCLUDE_CLIENT, INCLUDE_SERVER, LOCK_CLIENT, LOCK_SERVER) VALUES (?,?,?,?,?,?): 15,Basic,false,true,true,true => rowid: 1035","v":1}
{"level":30,"time":1589725318126,"pid":31079,"hostname":"localhost.localdomain","msg":"Executed insert: INSERT INTO DEVICE_TYPE_CLUSTER (DEVICE_TYPE_REF, CLUSTER_NAME, INCLUDE_CLIENT, INCLUDE_SERVER, LOCK_CLIENT, LOCK_SERVER) VALUES (?,?,?,?,?,?): 15,Identify,true,true,true,true => rowid: 1036","v":1}
{"level":30,"time":1589725318126,"pid":31079,"hostname":"localhost.localdomain","msg":"Executed insert: INSERT INTO DEVICE_TYPE_CLUSTER (DEVICE_TYPE_REF, CLUSTER_NAME, INCLUDE_CLIENT, INCLUDE_SERVER, LOCK_CLIENT, LOCK_SERVER) VALUES (?,?,?,?,?,?): 15,Power Configuration,false,false,true,false => rowid: 1037","v":1}
{"level":30,"time":1589725318126,"pid":31079,"hostname":"localhost.localdomain","msg":"Executed insert: INSERT INTO DEVICE_TYPE_CLUSTER (DEVICE_TYPE_REF, CLUSTER_NAME, INCLUDE_CLIENT, INCLUDE_SERVER, LOCK_CLIENT, LOCK_SERVER) VALUES (?,?,?,?,?,?): 15,Device Temperature Configuration,false,false,true,false => rowid: 1038","v":1}
{"level":30,"time":1589725318126,"pid":31079,"hostname":"localhost.localdomain","msg":"Executed insert: INSERT INTO DEVICE_TYPE_CLUSTER (DEVICE_TYPE_REF, CLUSTER_NAME, INCLUDE_CLIENT, INCLUDE_SERVER, LOCK_CLIENT, LOCK_SERVER) VALUES (?,?,?,?,?,?): 15,Alarms,false,false,true,false => rowid: 1039","v":1}
{"level":30,"time":1589725318126,"pid":31079,"hostname":"localhost.localdomain","msg":"Executed insert: INSERT INTO DEVICE_TYPE_CLUSTER (DEVICE_TYPE_REF, CLUSTER_NAME, INCLUDE_CLIENT, INCLUDE_SERVER, LOCK_CLIENT, LOCK_SERVER) VALUES (?,?,?,?,?,?): 15,On/off,true,false,true,true => rowid: 1040","v":1}
{"level":30,"time":1589725318126,"pid":31079,"hostname":"localhost.localdomain","msg":"Executed insert: INSERT INTO DEVICE_TYPE_CLUSTER (DEVICE_TYPE_REF, CLUSTER_NAME, INCLUDE_CLIENT, INCLUDE_SERVER, LOCK_CLIENT, LOCK_SERVER) VALUES (?,?,?,?,?,?): 15,Scenes,false,false,false,true => rowid: 1041","v":1}
{"level":30,"time":1589725318126,"pid":31079,"hostname":"localhost.localdomain","msg":"Executed insert: INSERT INTO DEVICE_TYPE_CLUSTER (DEVICE_TYPE_REF, CLUSTER_NAME, INCLUDE_CLIENT, INCLUDE_SERVER, LOCK_CLIENT, LOCK_SERVER) VALUES (?,?,?,?,?,?): 15,Groups,false,false,false,true => rowid: 1042","v":1}
{"level":30,"time":1589725318126,"pid":31079,"hostname":"localhost.localdomain","msg":"Executed insert: INSERT INTO DEVICE_TYPE_CLUSTER (DEVICE_TYPE_REF, CLUSTER_NAME, INCLUDE_CLIENT, INCLUDE_SERVER, LOCK_CLIENT, LOCK_SERVER) VALUES (?,?,?,?,?,?): 15,On/Off Switch Configuration,false,false,true,false => rowid: 1043","v":1}
{"level":30,"time":1589725318126,"pid":31079,"hostname":"localhost.localdomain","msg":"Executed insert: INSERT INTO DEVICE_TYPE_CLUSTER (DEVICE_TYPE_REF, CLUSTER_NAME, INCLUDE_CLIENT, INCLUDE_SERVER, LOCK_CLIENT, LOCK_SERVER) VALUES (?,?,?,?,?,?): 15,Poll Control,false,false,true,false => rowid: 1044","v":1}
{"level":30,"time":1589725318126,"pid":31079,"hostname":"localhost.localdomain","msg":"Executed insert: INSERT INTO DEVICE_TYPE_CLUSTER (DEVICE_TYPE_REF, CLUSTER_NAME, INCLUDE_CLIENT, INCLUDE_SERVER, LOCK_CLIENT, LOCK_SERVER) VALUES (?,?,?,?,?,?): 15,Over the Air Bootloading,false,false,false,false => rowid: 1045","v":1}
{"level":30,"time":1589725318126,"pid":31079,"hostname":"localhost.localdomain","msg":"Executed insert: INSERT INTO DEVICE_TYPE_CLUSTER (DEVICE_TYPE_REF, CLUSTER_NAME, INCLUDE_CLIENT, INCLUDE_SERVER, LOCK_CLIENT, LOCK_SERVER) VALUES (?,?,?,?,?,?): 15,Partition,false,false,false,false => rowid: 1046","v":1}
{"level":30,"time":1589725318126,"pid":31079,"hostname":"localhost.localdomain","msg":"Executed insert: INSERT INTO DEVICE_TYPE_CLUSTER (DEVICE_TYPE_REF, CLUSTER_NAME, INCLUDE_CLIENT, INCLUDE_SERVER, LOCK_CLIENT, LOCK_SERVER) VALUES (?,?,?,?,?,?): 22,Basic,false,true,true,true => rowid: 1047","v":1}
{"level":30,"time":1589725318126,"pid":31079,"hostname":"localhost.localdomain","msg":"Executed insert: INSERT INTO DEVICE_TYPE_CLUSTER (DEVICE_TYPE_REF, CLUSTER_NAME, INCLUDE_CLIENT, INCLUDE_SERVER, LOCK_CLIENT, LOCK_SERVER) VALUES (?,?,?,?,?,?): 22,Identify,true,true,true,true => rowid: 1048","v":1}
{"level":30,"time":1589725318126,"pid":31079,"hostname":"localhost.localdomain","msg":"Executed insert: INSERT INTO DEVICE_TYPE_CLUSTER (DEVICE_TYPE_REF, CLUSTER_NAME, INCLUDE_CLIENT, INCLUDE_SERVER, LOCK_CLIENT, LOCK_SERVER) VALUES (?,?,?,?,?,?): 22,Power Configuration,false,false,true,false => rowid: 1049","v":1}
{"level":30,"time":1589725318126,"pid":31079,"hostname":"localhost.localdomain","msg":"Executed insert: INSERT INTO DEVICE_TYPE_CLUSTER (DEVICE_TYPE_REF, CLUSTER_NAME, INCLUDE_CLIENT, INCLUDE_SERVER, LOCK_CLIENT, LOCK_SERVER) VALUES (?,?,?,?,?,?): 22,Device Temperature Configuration,false,false,true,false => rowid: 1050","v":1}
{"level":30,"time":1589725318126,"pid":31079,"hostname":"localhost.localdomain","msg":"Executed insert: INSERT INTO DEVICE_TYPE_CLUSTER (DEVICE_TYPE_REF, CLUSTER_NAME, INCLUDE_CLIENT, INCLUDE_SERVER, LOCK_CLIENT, LOCK_SERVER) VALUES (?,?,?,?,?,?): 22,Alarms,false,false,true,false => rowid: 1051","v":1}
{"level":30,"time":1589725318126,"pid":31079,"hostname":"localhost.localdomain","msg":"Executed insert: INSERT INTO DEVICE_TYPE_CLUSTER (DEVICE_TYPE_REF, CLUSTER_NAME, INCLUDE_CLIENT, INCLUDE_SERVER, LOCK_CLIENT, LOCK_SERVER) VALUES (?,?,?,?,?,?): 22,Level control,true,false,true,true => rowid: 1052","v":1}
{"level":30,"time":1589725318126,"pid":31079,"hostname":"localhost.localdomain","msg":"Executed insert: INSERT INTO DEVICE_TYPE_CLUSTER (DEVICE_TYPE_REF, CLUSTER_NAME, INCLUDE_CLIENT, INCLUDE_SERVER, LOCK_CLIENT, LOCK_SERVER) VALUES (?,?,?,?,?,?): 22,On/off,true,false,true,true => rowid: 1053","v":1}
{"level":30,"time":1589725318127,"pid":31079,"hostname":"localhost.localdomain","msg":"Executed insert: INSERT INTO DEVICE_TYPE_CLUSTER (DEVICE_TYPE_REF, CLUSTER_NAME, INCLUDE_CLIENT, INCLUDE_SERVER, LOCK_CLIENT, LOCK_SERVER) VALUES (?,?,?,?,?,?): 22,On/Off Switch Configuration,false,false,true,false => rowid: 1054","v":1}
{"level":30,"time":1589725318127,"pid":31079,"hostname":"localhost.localdomain","msg":"Executed insert: INSERT INTO DEVICE_TYPE_CLUSTER (DEVICE_TYPE_REF, CLUSTER_NAME, INCLUDE_CLIENT, INCLUDE_SERVER, LOCK_CLIENT, LOCK_SERVER) VALUES (?,?,?,?,?,?): 22,Scenes,false,false,false,true => rowid: 1055","v":1}
{"level":30,"time":1589725318127,"pid":31079,"hostname":"localhost.localdomain","msg":"Executed insert: INSERT INTO DEVICE_TYPE_CLUSTER (DEVICE_TYPE_REF, CLUSTER_NAME, INCLUDE_CLIENT, INCLUDE_SERVER, LOCK_CLIENT, LOCK_SERVER) VALUES (?,?,?,?,?,?): 22,Groups,false,false,false,true => rowid: 1056","v":1}
{"level":30,"time":1589725318127,"pid":31079,"hostname":"localhost.localdomain","msg":"Executed insert: INSERT INTO DEVICE_TYPE_CLUSTER (DEVICE_TYPE_REF, CLUSTER_NAME, INCLUDE_CLIENT, INCLUDE_SERVER, LOCK_CLIENT, LOCK_SERVER) VALUES (?,?,?,?,?,?): 22,Poll Control,false,false,true,false => rowid: 1057","v":1}
{"level":30,"time":1589725318127,"pid":31079,"hostname":"localhost.localdomain","msg":"Executed insert: INSERT INTO DEVICE_TYPE_CLUSTER (DEVICE_TYPE_REF, CLUSTER_NAME, INCLUDE_CLIENT, INCLUDE_SERVER, LOCK_CLIENT, LOCK_SERVER) VALUES (?,?,?,?,?,?): 22,Electrical Measurement,false,false,true,false => rowid: 1058","v":1}
{"level":30,"time":1589725318127,"pid":31079,"hostname":"localhost.localdomain","msg":"Executed insert: INSERT INTO DEVICE_TYPE_CLUSTER (DEVICE_TYPE_REF, CLUSTER_NAME, INCLUDE_CLIENT, INCLUDE_SERVER, LOCK_CLIENT, LOCK_SERVER) VALUES (?,?,?,?,?,?): 22,Time,false,false,false,true => rowid: 1059","v":1}
{"level":30,"time":1589725318127,"pid":31079,"hostname":"localhost.localdomain","msg":"Executed insert: INSERT INTO DEVICE_TYPE_CLUSTER (DEVICE_TYPE_REF, CLUSTER_NAME, INCLUDE_CLIENT, INCLUDE_SERVER, LOCK_CLIENT, LOCK_SERVER) VALUES (?,?,?,?,?,?): 22,Over the Air Bootloading,false,false,false,false => rowid: 1060","v":1}
{"level":30,"time":1589725318127,"pid":31079,"hostname":"localhost.localdomain","msg":"Executed insert: INSERT INTO DEVICE_TYPE_CLUSTER (DEVICE_TYPE_REF, CLUSTER_NAME, INCLUDE_CLIENT, INCLUDE_SERVER, LOCK_CLIENT, LOCK_SERVER) VALUES (?,?,?,?,?,?): 22,Partition,false,false,false,false => rowid: 1061","v":1}
{"level":30,"time":1589725318127,"pid":31079,"hostname":"localhost.localdomain","msg":"Preparing statement: INSERT INTO DEVICE_TYPE_ATTRIBUTE (DEVICE_TYPE_CLUSTER_REF, ATTRIBUTE_NAME) VALUES (?, ?) to insert 0 records.","v":1}
{"level":30,"time":1589725318127,"pid":31079,"hostname":"localhost.localdomain","msg":"Preparing statement: INSERT INTO DEVICE_TYPE_COMMAND (DEVICE_TYPE_CLUSTER_REF, COMMAND_NAME) VALUES (?, ?) to insert 0 records.","v":1}
{"level":30,"time":1589725318127,"pid":31079,"hostname":"localhost.localdomain","msg":"Executed insert: INSERT INTO DEVICE_TYPE_CLUSTER (DEVICE_TYPE_REF, CLUSTER_NAME, INCLUDE_CLIENT, INCLUDE_SERVER, LOCK_CLIENT, LOCK_SERVER) VALUES (?,?,?,?,?,?): 29,Basic,false,true,true,true => rowid: 1062","v":1}
{"level":30,"time":1589725318127,"pid":31079,"hostname":"localhost.localdomain","msg":"Executed insert: INSERT INTO DEVICE_TYPE_CLUSTER (DEVICE_TYPE_REF, CLUSTER_NAME, INCLUDE_CLIENT, INCLUDE_SERVER, LOCK_CLIENT, LOCK_SERVER) VALUES (?,?,?,?,?,?): 29,Identify,true,true,true,true => rowid: 1063","v":1}
{"level":30,"time":1589725318127,"pid":31079,"hostname":"localhost.localdomain","msg":"Executed insert: INSERT INTO DEVICE_TYPE_CLUSTER (DEVICE_TYPE_REF, CLUSTER_NAME, INCLUDE_CLIENT, INCLUDE_SERVER, LOCK_CLIENT, LOCK_SERVER) VALUES (?,?,?,?,?,?): 29,Power Configuration,false,false,true,false => rowid: 1064","v":1}
{"level":30,"time":1589725318127,"pid":31079,"hostname":"localhost.localdomain","msg":"Executed insert: INSERT INTO DEVICE_TYPE_CLUSTER (DEVICE_TYPE_REF, CLUSTER_NAME, INCLUDE_CLIENT, INCLUDE_SERVER, LOCK_CLIENT, LOCK_SERVER) VALUES (?,?,?,?,?,?): 29,Device Temperature Configuration,false,false,true,false => rowid: 1065","v":1}
{"level":30,"time":1589725318127,"pid":31079,"hostname":"localhost.localdomain","msg":"Executed insert: INSERT INTO DEVICE_TYPE_CLUSTER (DEVICE_TYPE_REF, CLUSTER_NAME, INCLUDE_CLIENT, INCLUDE_SERVER, LOCK_CLIENT, LOCK_SERVER) VALUES (?,?,?,?,?,?): 29,Alarms,false,false,true,false => rowid: 1066","v":1}
{"level":30,"time":1589725318127,"pid":31079,"hostname":"localhost.localdomain","msg":"Executed insert: INSERT INTO DEVICE_TYPE_CLUSTER (DEVICE_TYPE_REF, CLUSTER_NAME, INCLUDE_CLIENT, INCLUDE_SERVER, LOCK_CLIENT, LOCK_SERVER) VALUES (?,?,?,?,?,?): 29,On/off,false,true,true,true => rowid: 1067","v":1}
{"level":30,"time":1589725318127,"pid":31079,"hostname":"localhost.localdomain","msg":"Executed insert: INSERT INTO DEVICE_TYPE_CLUSTER (DEVICE_TYPE_REF, CLUSTER_NAME, INCLUDE_CLIENT, INCLUDE_SERVER, LOCK_CLIENT, LOCK_SERVER) VALUES (?,?,?,?,?,?): 29,Scenes,false,true,true,true => rowid: 1068","v":1}
{"level":30,"time":1589725318127,"pid":31079,"hostname":"localhost.localdomain","msg":"Executed insert: INSERT INTO DEVICE_TYPE_CLUSTER (DEVICE_TYPE_REF, CLUSTER_NAME, INCLUDE_CLIENT, INCLUDE_SERVER, LOCK_CLIENT, LOCK_SERVER) VALUES (?,?,?,?,?,?): 29,Groups,false,true,true,true => rowid: 1069","v":1}
{"level":30,"time":1589725318127,"pid":31079,"hostname":"localhost.localdomain","msg":"Executed insert: INSERT INTO DEVICE_TYPE_CLUSTER (DEVICE_TYPE_REF, CLUSTER_NAME, INCLUDE_CLIENT, INCLUDE_SERVER, LOCK_CLIENT, LOCK_SERVER) VALUES (?,?,?,?,?,?): 29,Poll Control,false,false,true,false => rowid: 1070","v":1}
{"level":30,"time":1589725318127,"pid":31079,"hostname":"localhost.localdomain","msg":"Executed insert: INSERT INTO DEVICE_TYPE_CLUSTER (DEVICE_TYPE_REF, CLUSTER_NAME, INCLUDE_CLIENT, INCLUDE_SERVER, LOCK_CLIENT, LOCK_SERVER) VALUES (?,?,?,?,?,?): 29,Electrical Measurement,false,false,true,false => rowid: 1071","v":1}
{"level":30,"time":1589725318127,"pid":31079,"hostname":"localhost.localdomain","msg":"Executed insert: INSERT INTO DEVICE_TYPE_CLUSTER (DEVICE_TYPE_REF, CLUSTER_NAME, INCLUDE_CLIENT, INCLUDE_SERVER, LOCK_CLIENT, LOCK_SERVER) VALUES (?,?,?,?,?,?): 29,Time,false,false,false,true => rowid: 1072","v":1}
{"level":30,"time":1589725318127,"pid":31079,"hostname":"localhost.localdomain","msg":"Executed insert: INSERT INTO DEVICE_TYPE_CLUSTER (DEVICE_TYPE_REF, CLUSTER_NAME, INCLUDE_CLIENT, INCLUDE_SERVER, LOCK_CLIENT, LOCK_SERVER) VALUES (?,?,?,?,?,?): 29,Over the Air Bootloading,false,false,false,false => rowid: 1073","v":1}
{"level":30,"time":1589725318128,"pid":31079,"hostname":"localhost.localdomain","msg":"Executed insert: INSERT INTO DEVICE_TYPE_CLUSTER (DEVICE_TYPE_REF, CLUSTER_NAME, INCLUDE_CLIENT, INCLUDE_SERVER, LOCK_CLIENT, LOCK_SERVER) VALUES (?,?,?,?,?,?): 29,Partition,false,false,false,false => rowid: 1074","v":1}
{"level":30,"time":1589725318128,"pid":31079,"hostname":"localhost.localdomain","msg":"Preparing statement: INSERT INTO DEVICE_TYPE_ATTRIBUTE (DEVICE_TYPE_CLUSTER_REF, ATTRIBUTE_NAME) VALUES (?, ?) to insert 0 records.","v":1}
{"level":30,"time":1589725318128,"pid":31079,"hostname":"localhost.localdomain","msg":"Preparing statement: INSERT INTO DEVICE_TYPE_COMMAND (DEVICE_TYPE_CLUSTER_REF, COMMAND_NAME) VALUES (?, ?) to insert 0 records.","v":1}
{"level":30,"time":1589725318128,"pid":31079,"hostname":"localhost.localdomain","msg":"Executed insert: INSERT INTO DEVICE_TYPE_CLUSTER (DEVICE_TYPE_REF, CLUSTER_NAME, INCLUDE_CLIENT, INCLUDE_SERVER, LOCK_CLIENT, LOCK_SERVER) VALUES (?,?,?,?,?,?): 35,Basic,false,true,true,true => rowid: 1075","v":1}
{"level":30,"time":1589725318128,"pid":31079,"hostname":"localhost.localdomain","msg":"Executed insert: INSERT INTO DEVICE_TYPE_CLUSTER (DEVICE_TYPE_REF, CLUSTER_NAME, INCLUDE_CLIENT, INCLUDE_SERVER, LOCK_CLIENT, LOCK_SERVER) VALUES (?,?,?,?,?,?): 35,Identify,true,true,true,true => rowid: 1076","v":1}
{"level":30,"time":1589725318128,"pid":31079,"hostname":"localhost.localdomain","msg":"Executed insert: INSERT INTO DEVICE_TYPE_CLUSTER (DEVICE_TYPE_REF, CLUSTER_NAME, INCLUDE_CLIENT, INCLUDE_SERVER, LOCK_CLIENT, LOCK_SERVER) VALUES (?,?,?,?,?,?): 35,Power Configuration,false,false,true,false => rowid: 1077","v":1}
{"level":30,"time":1589725318128,"pid":31079,"hostname":"localhost.localdomain","msg":"Executed insert: INSERT INTO DEVICE_TYPE_CLUSTER (DEVICE_TYPE_REF, CLUSTER_NAME, INCLUDE_CLIENT, INCLUDE_SERVER, LOCK_CLIENT, LOCK_SERVER) VALUES (?,?,?,?,?,?): 35,Device Temperature Configuration,false,false,true,false => rowid: 1078","v":1}
{"level":30,"time":1589725318129,"pid":31079,"hostname":"localhost.localdomain","msg":"Executed insert: INSERT INTO DEVICE_TYPE_CLUSTER (DEVICE_TYPE_REF, CLUSTER_NAME, INCLUDE_CLIENT, INCLUDE_SERVER, LOCK_CLIENT, LOCK_SERVER) VALUES (?,?,?,?,?,?): 35,Alarms,false,false,true,false => rowid: 1079","v":1}
{"level":30,"time":1589725318129,"pid":31079,"hostname":"localhost.localdomain","msg":"Executed insert: INSERT INTO DEVICE_TYPE_CLUSTER (DEVICE_TYPE_REF, CLUSTER_NAME, INCLUDE_CLIENT, INCLUDE_SERVER, LOCK_CLIENT, LOCK_SERVER) VALUES (?,?,?,?,?,?): 35,On/off,false,true,true,true => rowid: 1080","v":1}
{"level":30,"time":1589725318129,"pid":31079,"hostname":"localhost.localdomain","msg":"Executed insert: INSERT INTO DEVICE_TYPE_CLUSTER (DEVICE_TYPE_REF, CLUSTER_NAME, INCLUDE_CLIENT, INCLUDE_SERVER, LOCK_CLIENT, LOCK_SERVER) VALUES (?,?,?,?,?,?): 35,Level control,false,true,true,true => rowid: 1081","v":1}
{"level":30,"time":1589725318129,"pid":31079,"hostname":"localhost.localdomain","msg":"Executed insert: INSERT INTO DEVICE_TYPE_CLUSTER (DEVICE_TYPE_REF, CLUSTER_NAME, INCLUDE_CLIENT, INCLUDE_SERVER, LOCK_CLIENT, LOCK_SERVER) VALUES (?,?,?,?,?,?): 15,Electrical Measurement,false,false,true,false => rowid: 1082","v":1}
{"level":30,"time":1589725318129,"pid":31079,"hostname":"localhost.localdomain","msg":"Executed insert: INSERT INTO DEVICE_TYPE_CLUSTER (DEVICE_TYPE_REF, CLUSTER_NAME, INCLUDE_CLIENT, INCLUDE_SERVER, LOCK_CLIENT, LOCK_SERVER) VALUES (?,?,?,?,?,?): 35,Poll Control,false,false,false,true => rowid: 1083","v":1}
{"level":30,"time":1589725318129,"pid":31079,"hostname":"localhost.localdomain","msg":"Executed insert: INSERT INTO DEVICE_TYPE_CLUSTER (DEVICE_TYPE_REF, CLUSTER_NAME, INCLUDE_CLIENT, INCLUDE_SERVER, LOCK_CLIENT, LOCK_SERVER) VALUES (?,?,?,?,?,?): 35,Electrical Measurement,false,false,true,false => rowid: 1084","v":1}
{"level":30,"time":1589725318129,"pid":31079,"hostname":"localhost.localdomain","msg":"Executed insert: INSERT INTO DEVICE_TYPE_CLUSTER (DEVICE_TYPE_REF, CLUSTER_NAME, INCLUDE_CLIENT, INCLUDE_SERVER, LOCK_CLIENT, LOCK_SERVER) VALUES (?,?,?,?,?,?): 35,Time,false,false,false,true => rowid: 1085","v":1}
{"level":30,"time":1589725318129,"pid":31079,"hostname":"localhost.localdomain","msg":"Executed insert: INSERT INTO DEVICE_TYPE_CLUSTER (DEVICE_TYPE_REF, CLUSTER_NAME, INCLUDE_CLIENT, INCLUDE_SERVER, LOCK_CLIENT, LOCK_SERVER) VALUES (?,?,?,?,?,?): 35,Over the Air Bootloading,false,false,false,false => rowid: 1086","v":1}
{"level":30,"time":1589725318129,"pid":31079,"hostname":"localhost.localdomain","msg":"Executed insert: INSERT INTO DEVICE_TYPE_CLUSTER (DEVICE_TYPE_REF, CLUSTER_NAME, INCLUDE_CLIENT, INCLUDE_SERVER, LOCK_CLIENT, LOCK_SERVER) VALUES (?,?,?,?,?,?): 35,Partition,false,false,false,false => rowid: 1087","v":1}
{"level":30,"time":1589725318129,"pid":31079,"hostname":"localhost.localdomain","msg":"Executed insert: INSERT INTO DEVICE_TYPE_CLUSTER (DEVICE_TYPE_REF, CLUSTER_NAME, INCLUDE_CLIENT, INCLUDE_SERVER, LOCK_CLIENT, LOCK_SERVER) VALUES (?,?,?,?,?,?): 41,Basic,false,true,true,true => rowid: 1088","v":1}
{"level":30,"time":1589725318129,"pid":31079,"hostname":"localhost.localdomain","msg":"Executed insert: INSERT INTO DEVICE_TYPE_CLUSTER (DEVICE_TYPE_REF, CLUSTER_NAME, INCLUDE_CLIENT, INCLUDE_SERVER, LOCK_CLIENT, LOCK_SERVER) VALUES (?,?,?,?,?,?): 41,Identify,true,true,true,true => rowid: 1089","v":1}
{"level":30,"time":1589725318129,"pid":31079,"hostname":"localhost.localdomain","msg":"Executed insert: INSERT INTO DEVICE_TYPE_CLUSTER (DEVICE_TYPE_REF, CLUSTER_NAME, INCLUDE_CLIENT, INCLUDE_SERVER, LOCK_CLIENT, LOCK_SERVER) VALUES (?,?,?,?,?,?): 41,Power Configuration,false,false,true,false => rowid: 1090","v":1}
{"level":30,"time":1589725318129,"pid":31079,"hostname":"localhost.localdomain","msg":"Executed insert: INSERT INTO DEVICE_TYPE_CLUSTER (DEVICE_TYPE_REF, CLUSTER_NAME, INCLUDE_CLIENT, INCLUDE_SERVER, LOCK_CLIENT, LOCK_SERVER) VALUES (?,?,?,?,?,?): 41,Device Temperature Configuration,false,false,true,false => rowid: 1091","v":1}
{"level":30,"time":1589725318129,"pid":31079,"hostname":"localhost.localdomain","msg":"Executed insert: INSERT INTO DEVICE_TYPE_CLUSTER (DEVICE_TYPE_REF, CLUSTER_NAME, INCLUDE_CLIENT, INCLUDE_SERVER, LOCK_CLIENT, LOCK_SERVER) VALUES (?,?,?,?,?,?): 41,Alarms,false,false,true,false => rowid: 1092","v":1}
{"level":30,"time":1589725318129,"pid":31079,"hostname":"localhost.localdomain","msg":"Executed insert: INSERT INTO DEVICE_TYPE_CLUSTER (DEVICE_TYPE_REF, CLUSTER_NAME, INCLUDE_CLIENT, INCLUDE_SERVER, LOCK_CLIENT, LOCK_SERVER) VALUES (?,?,?,?,?,?): 41,Scenes,true,false,true,true => rowid: 1093","v":1}
{"level":30,"time":1589725318129,"pid":31079,"hostname":"localhost.localdomain","msg":"Executed insert: INSERT INTO DEVICE_TYPE_CLUSTER (DEVICE_TYPE_REF, CLUSTER_NAME, INCLUDE_CLIENT, INCLUDE_SERVER, LOCK_CLIENT, LOCK_SERVER) VALUES (?,?,?,?,?,?): 41,Groups,true,false,true,true => rowid: 1094","v":1}
{"level":30,"time":1589725318129,"pid":31079,"hostname":"localhost.localdomain","msg":"Executed insert: INSERT INTO DEVICE_TYPE_CLUSTER (DEVICE_TYPE_REF, CLUSTER_NAME, INCLUDE_CLIENT, INCLUDE_SERVER, LOCK_CLIENT, LOCK_SERVER) VALUES (?,?,?,?,?,?): 41,Electrical Measurement,false,false,true,false => rowid: 1095","v":1}
{"level":30,"time":1589725318129,"pid":31079,"hostname":"localhost.localdomain","msg":"Executed insert: INSERT INTO DEVICE_TYPE_CLUSTER (DEVICE_TYPE_REF, CLUSTER_NAME, INCLUDE_CLIENT, INCLUDE_SERVER, LOCK_CLIENT, LOCK_SERVER) VALUES (?,?,?,?,?,?): 41,Time,false,false,false,true => rowid: 1096","v":1}
{"level":30,"time":1589725318129,"pid":31079,"hostname":"localhost.localdomain","msg":"Executed insert: INSERT INTO DEVICE_TYPE_CLUSTER (DEVICE_TYPE_REF, CLUSTER_NAME, INCLUDE_CLIENT, INCLUDE_SERVER, LOCK_CLIENT, LOCK_SERVER) VALUES (?,?,?,?,?,?): 41,Poll Control,false,false,true,false => rowid: 1097","v":1}
{"level":30,"time":1589725318129,"pid":31079,"hostname":"localhost.localdomain","msg":"Executed insert: INSERT INTO DEVICE_TYPE_CLUSTER (DEVICE_TYPE_REF, CLUSTER_NAME, INCLUDE_CLIENT, INCLUDE_SERVER, LOCK_CLIENT, LOCK_SERVER) VALUES (?,?,?,?,?,?): 41,Over the Air Bootloading,false,false,false,false => rowid: 1098","v":1}
{"level":30,"time":1589725318129,"pid":31079,"hostname":"localhost.localdomain","msg":"Executed insert: INSERT INTO DEVICE_TYPE_CLUSTER (DEVICE_TYPE_REF, CLUSTER_NAME, INCLUDE_CLIENT, INCLUDE_SERVER, LOCK_CLIENT, LOCK_SERVER) VALUES (?,?,?,?,?,?): 41,Partition,false,false,false,false => rowid: 1099","v":1}
{"level":30,"time":1589725318129,"pid":31079,"hostname":"localhost.localdomain","msg":"Preparing statement: INSERT INTO DEVICE_TYPE_ATTRIBUTE (DEVICE_TYPE_CLUSTER_REF, ATTRIBUTE_NAME) VALUES (?, ?) to insert 0 records.","v":1}
{"level":30,"time":1589725318129,"pid":31079,"hostname":"localhost.localdomain","msg":"Preparing statement: INSERT INTO DEVICE_TYPE_COMMAND (DEVICE_TYPE_CLUSTER_REF, COMMAND_NAME) VALUES (?, ?) to insert 0 records.","v":1}
{"level":30,"time":1589725318129,"pid":31079,"hostname":"localhost.localdomain","msg":"Executed insert: INSERT INTO DEVICE_TYPE_CLUSTER (DEVICE_TYPE_REF, CLUSTER_NAME, INCLUDE_CLIENT, INCLUDE_SERVER, LOCK_CLIENT, LOCK_SERVER) VALUES (?,?,?,?,?,?): 46,Basic,false,true,false,true => rowid: 1100","v":1}
{"level":30,"time":1589725318129,"pid":31079,"hostname":"localhost.localdomain","msg":"Executed insert: INSERT INTO DEVICE_TYPE_CLUSTER (DEVICE_TYPE_REF, CLUSTER_NAME, INCLUDE_CLIENT, INCLUDE_SERVER, LOCK_CLIENT, LOCK_SERVER) VALUES (?,?,?,?,?,?): 46,Identify,true,true,true,true => rowid: 1101","v":1}
{"level":30,"time":1589725318129,"pid":31079,"hostname":"localhost.localdomain","msg":"Executed insert: INSERT INTO DEVICE_TYPE_CLUSTER (DEVICE_TYPE_REF, CLUSTER_NAME, INCLUDE_CLIENT, INCLUDE_SERVER, LOCK_CLIENT, LOCK_SERVER) VALUES (?,?,?,?,?,?): 46,Power Configuration,false,false,true,false => rowid: 1102","v":1}
{"level":30,"time":1589725318130,"pid":31079,"hostname":"localhost.localdomain","msg":"Executed insert: INSERT INTO DEVICE_TYPE_CLUSTER (DEVICE_TYPE_REF, CLUSTER_NAME, INCLUDE_CLIENT, INCLUDE_SERVER, LOCK_CLIENT, LOCK_SERVER) VALUES (?,?,?,?,?,?): 46,Device Temperature Configuration,false,false,true,false => rowid: 1103","v":1}
{"level":30,"time":1589725318130,"pid":31079,"hostname":"localhost.localdomain","msg":"Executed insert: INSERT INTO DEVICE_TYPE_CLUSTER (DEVICE_TYPE_REF, CLUSTER_NAME, INCLUDE_CLIENT, INCLUDE_SERVER, LOCK_CLIENT, LOCK_SERVER) VALUES (?,?,?,?,?,?): 46,Alarms,false,false,true,false => rowid: 1104","v":1}
{"level":30,"time":1589725318130,"pid":31079,"hostname":"localhost.localdomain","msg":"Executed insert: INSERT INTO DEVICE_TYPE_CLUSTER (DEVICE_TYPE_REF, CLUSTER_NAME, INCLUDE_CLIENT, INCLUDE_SERVER, LOCK_CLIENT, LOCK_SERVER) VALUES (?,?,?,?,?,?): 46,Groups,false,false,false,true => rowid: 1105","v":1}
{"level":30,"time":1589725318130,"pid":31079,"hostname":"localhost.localdomain","msg":"Executed insert: INSERT INTO DEVICE_TYPE_CLUSTER (DEVICE_TYPE_REF, CLUSTER_NAME, INCLUDE_CLIENT, INCLUDE_SERVER, LOCK_CLIENT, LOCK_SERVER) VALUES (?,?,?,?,?,?): 46,Scenes,false,false,false,true => rowid: 1106","v":1}
{"level":30,"time":1589725318130,"pid":31079,"hostname":"localhost.localdomain","msg":"Executed insert: INSERT INTO DEVICE_TYPE_CLUSTER (DEVICE_TYPE_REF, CLUSTER_NAME, INCLUDE_CLIENT, INCLUDE_SERVER, LOCK_CLIENT, LOCK_SERVER) VALUES (?,?,?,?,?,?): 46,Illuminance Level Sensing,false,false,false,true => rowid: 1107","v":1}
{"level":30,"time":1589725318130,"pid":31079,"hostname":"localhost.localdomain","msg":"Executed insert: INSERT INTO DEVICE_TYPE_CLUSTER (DEVICE_TYPE_REF, CLUSTER_NAME, INCLUDE_CLIENT, INCLUDE_SERVER, LOCK_CLIENT, LOCK_SERVER) VALUES (?,?,?,?,?,?): 46,Temperature Measurement,false,false,false,true => rowid: 1108","v":1}
{"level":30,"time":1589725318130,"pid":31079,"hostname":"localhost.localdomain","msg":"Executed insert: INSERT INTO DEVICE_TYPE_CLUSTER (DEVICE_TYPE_REF, CLUSTER_NAME, INCLUDE_CLIENT, INCLUDE_SERVER, LOCK_CLIENT, LOCK_SERVER) VALUES (?,?,?,?,?,?): 46,Pressure Measurement,false,false,false,true => rowid: 1109","v":1}
{"level":30,"time":1589725318130,"pid":31079,"hostname":"localhost.localdomain","msg":"Executed insert: INSERT INTO DEVICE_TYPE_CLUSTER (DEVICE_TYPE_REF, CLUSTER_NAME, INCLUDE_CLIENT, INCLUDE_SERVER, LOCK_CLIENT, LOCK_SERVER) VALUES (?,?,?,?,?,?): 46,Flow Measurement,false,false,false,true => rowid: 1110","v":1}
{"level":30,"time":1589725318130,"pid":31079,"hostname":"localhost.localdomain","msg":"Executed insert: INSERT INTO DEVICE_TYPE_CLUSTER (DEVICE_TYPE_REF, CLUSTER_NAME, INCLUDE_CLIENT, INCLUDE_SERVER, LOCK_CLIENT, LOCK_SERVER) VALUES (?,?,?,?,?,?): 46,Occupancy Sensing,false,false,false,true => rowid: 1111","v":1}
{"level":30,"time":1589725318130,"pid":31079,"hostname":"localhost.localdomain","msg":"Executed insert: INSERT INTO DEVICE_TYPE_CLUSTER (DEVICE_TYPE_REF, CLUSTER_NAME, INCLUDE_CLIENT, INCLUDE_SERVER, LOCK_CLIENT, LOCK_SERVER) VALUES (?,?,?,?,?,?): 46,Pump Configuration and Control,false,false,false,true => rowid: 1112","v":1}
{"level":30,"time":1589725318130,"pid":31079,"hostname":"localhost.localdomain","msg":"Executed insert: INSERT INTO DEVICE_TYPE_CLUSTER (DEVICE_TYPE_REF, CLUSTER_NAME, INCLUDE_CLIENT, INCLUDE_SERVER, LOCK_CLIENT, LOCK_SERVER) VALUES (?,?,?,?,?,?): 46,Shade Configuration,false,false,false,true => rowid: 1113","v":1}
{"level":30,"time":1589725318130,"pid":31079,"hostname":"localhost.localdomain","msg":"Executed insert: INSERT INTO DEVICE_TYPE_CLUSTER (DEVICE_TYPE_REF, CLUSTER_NAME, INCLUDE_CLIENT, INCLUDE_SERVER, LOCK_CLIENT, LOCK_SERVER) VALUES (?,?,?,?,?,?): 46,Thermostat User Interface Configuration,false,false,false,true => rowid: 1114","v":1}
{"level":30,"time":1589725318130,"pid":31079,"hostname":"localhost.localdomain","msg":"Executed insert: INSERT INTO DEVICE_TYPE_CLUSTER (DEVICE_TYPE_REF, CLUSTER_NAME, INCLUDE_CLIENT, INCLUDE_SERVER, LOCK_CLIENT, LOCK_SERVER) VALUES (?,?,?,?,?,?): 46,Poll Control,false,false,true,false => rowid: 1115","v":1}
{"level":30,"time":1589725318130,"pid":31079,"hostname":"localhost.localdomain","msg":"Executed insert: INSERT INTO DEVICE_TYPE_CLUSTER (DEVICE_TYPE_REF, CLUSTER_NAME, INCLUDE_CLIENT, INCLUDE_SERVER, LOCK_CLIENT, LOCK_SERVER) VALUES (?,?,?,?,?,?): 46,Electrical Measurement,false,false,true,false => rowid: 1116","v":1}
{"level":30,"time":1589725318130,"pid":31079,"hostname":"localhost.localdomain","msg":"Executed insert: INSERT INTO DEVICE_TYPE_CLUSTER (DEVICE_TYPE_REF, CLUSTER_NAME, INCLUDE_CLIENT, INCLUDE_SERVER, LOCK_CLIENT, LOCK_SERVER) VALUES (?,?,?,?,?,?): 46,Time,false,false,false,true => rowid: 1117","v":1}
{"level":30,"time":1589725318130,"pid":31079,"hostname":"localhost.localdomain","msg":"Executed insert: INSERT INTO DEVICE_TYPE_CLUSTER (DEVICE_TYPE_REF, CLUSTER_NAME, INCLUDE_CLIENT, INCLUDE_SERVER, LOCK_CLIENT, LOCK_SERVER) VALUES (?,?,?,?,?,?): 46,Over the Air Bootloading,false,false,false,false => rowid: 1118","v":1}
{"level":30,"time":1589725318130,"pid":31079,"hostname":"localhost.localdomain","msg":"Executed insert: INSERT INTO DEVICE_TYPE_CLUSTER (DEVICE_TYPE_REF, CLUSTER_NAME, INCLUDE_CLIENT, INCLUDE_SERVER, LOCK_CLIENT, LOCK_SERVER) VALUES (?,?,?,?,?,?): 46,Partition,false,false,false,false => rowid: 1119","v":1}
{"level":30,"time":1589725318130,"pid":31079,"hostname":"localhost.localdomain","msg":"Preparing statement: INSERT INTO DEVICE_TYPE_ATTRIBUTE (DEVICE_TYPE_CLUSTER_REF, ATTRIBUTE_NAME) VALUES (?, ?) to insert 0 records.","v":1}
{"level":30,"time":1589725318130,"pid":31079,"hostname":"localhost.localdomain","msg":"Preparing statement: INSERT INTO DEVICE_TYPE_COMMAND (DEVICE_TYPE_CLUSTER_REF, COMMAND_NAME) VALUES (?, ?) to insert 0 records.","v":1}
{"level":30,"time":1589725318132,"pid":31079,"hostname":"localhost.localdomain","msg":"Executed insert: INSERT INTO DEVICE_TYPE_CLUSTER (DEVICE_TYPE_REF, CLUSTER_NAME, INCLUDE_CLIENT, INCLUDE_SERVER, LOCK_CLIENT, LOCK_SERVER) VALUES (?,?,?,?,?,?): 51,Basic,false,true,false,true => rowid: 1120","v":1}
{"level":30,"time":1589725318133,"pid":31079,"hostname":"localhost.localdomain","msg":"Executed insert: INSERT INTO DEVICE_TYPE_CLUSTER (DEVICE_TYPE_REF, CLUSTER_NAME, INCLUDE_CLIENT, INCLUDE_SERVER, LOCK_CLIENT, LOCK_SERVER) VALUES (?,?,?,?,?,?): 51,Identify,true,true,true,true => rowid: 1121","v":1}
{"level":30,"time":1589725318133,"pid":31079,"hostname":"localhost.localdomain","msg":"Executed insert: INSERT INTO DEVICE_TYPE_CLUSTER (DEVICE_TYPE_REF, CLUSTER_NAME, INCLUDE_CLIENT, INCLUDE_SERVER, LOCK_CLIENT, LOCK_SERVER) VALUES (?,?,?,?,?,?): 51,Power Configuration,false,false,false,true => rowid: 1122","v":1}
{"level":30,"time":1589725318133,"pid":31079,"hostname":"localhost.localdomain","msg":"Executed insert: INSERT INTO DEVICE_TYPE_CLUSTER (DEVICE_TYPE_REF, CLUSTER_NAME, INCLUDE_CLIENT, INCLUDE_SERVER, LOCK_CLIENT, LOCK_SERVER) VALUES (?,?,?,?,?,?): 51,Device Temperature Configuration,false,false,false,true => rowid: 1123","v":1}
{"level":30,"time":1589725318133,"pid":31079,"hostname":"localhost.localdomain","msg":"Executed insert: INSERT INTO DEVICE_TYPE_CLUSTER (DEVICE_TYPE_REF, CLUSTER_NAME, INCLUDE_CLIENT, INCLUDE_SERVER, LOCK_CLIENT, LOCK_SERVER) VALUES (?,?,?,?,?,?): 51,Alarms,false,false,false,true => rowid: 1124","v":1}
{"level":30,"time":1589725318133,"pid":31079,"hostname":"localhost.localdomain","msg":"Executed insert: INSERT INTO DEVICE_TYPE_CLUSTER (DEVICE_TYPE_REF, CLUSTER_NAME, INCLUDE_CLIENT, INCLUDE_SERVER, LOCK_CLIENT, LOCK_SERVER) VALUES (?,?,?,?,?,?): 51,Simple Metering,false,false,false,false => rowid: 1125","v":1}
{"level":30,"time":1589725318133,"pid":31079,"hostname":"localhost.localdomain","msg":"Executed insert: INSERT INTO DEVICE_TYPE_CLUSTER (DEVICE_TYPE_REF, CLUSTER_NAME, INCLUDE_CLIENT, INCLUDE_SERVER, LOCK_CLIENT, LOCK_SERVER) VALUES (?,?,?,?,?,?): 51,On/off,false,false,false,true => rowid: 1126","v":1}
{"level":30,"time":1589725318133,"pid":31079,"hostname":"localhost.localdomain","msg":"Executed insert: INSERT INTO DEVICE_TYPE_CLUSTER (DEVICE_TYPE_REF, CLUSTER_NAME, INCLUDE_CLIENT, INCLUDE_SERVER, LOCK_CLIENT, LOCK_SERVER) VALUES (?,?,?,?,?,?): 51,Level control,false,false,false,true => rowid: 1127","v":1}
{"level":30,"time":1589725318133,"pid":31079,"hostname":"localhost.localdomain","msg":"Executed insert: INSERT INTO DEVICE_TYPE_CLUSTER (DEVICE_TYPE_REF, CLUSTER_NAME, INCLUDE_CLIENT, INCLUDE_SERVER, LOCK_CLIENT, LOCK_SERVER) VALUES (?,?,?,?,?,?): 51,Groups,false,false,false,true => rowid: 1128","v":1}
{"level":30,"time":1589725318133,"pid":31079,"hostname":"localhost.localdomain","msg":"Executed insert: INSERT INTO DEVICE_TYPE_CLUSTER (DEVICE_TYPE_REF, CLUSTER_NAME, INCLUDE_CLIENT, INCLUDE_SERVER, LOCK_CLIENT, LOCK_SERVER) VALUES (?,?,?,?,?,?): 51,Scenes,false,false,false,true => rowid: 1129","v":1}
{"level":30,"time":1589725318133,"pid":31079,"hostname":"localhost.localdomain","msg":"Executed insert: INSERT INTO DEVICE_TYPE_CLUSTER (DEVICE_TYPE_REF, CLUSTER_NAME, INCLUDE_CLIENT, INCLUDE_SERVER, LOCK_CLIENT, LOCK_SERVER) VALUES (?,?,?,?,?,?): 51,Color control,false,false,false,true => rowid: 1130","v":1}
{"level":30,"time":1589725318133,"pid":31079,"hostname":"localhost.localdomain","msg":"Executed insert: INSERT INTO DEVICE_TYPE_CLUSTER (DEVICE_TYPE_REF, CLUSTER_NAME, INCLUDE_CLIENT, INCLUDE_SERVER, LOCK_CLIENT, LOCK_SERVER) VALUES (?,?,?,?,?,?): 51,Pump Configuration and Control,false,false,false,true => rowid: 1131","v":1}
{"level":30,"time":1589725318133,"pid":31079,"hostname":"localhost.localdomain","msg":"Executed insert: INSERT INTO DEVICE_TYPE_CLUSTER (DEVICE_TYPE_REF, CLUSTER_NAME, INCLUDE_CLIENT, INCLUDE_SERVER, LOCK_CLIENT, LOCK_SERVER) VALUES (?,?,?,?,?,?): 51,Shade Configuration,false,false,false,true => rowid: 1132","v":1}
{"level":30,"time":1589725318133,"pid":31079,"hostname":"localhost.localdomain","msg":"Executed insert: INSERT INTO DEVICE_TYPE_CLUSTER (DEVICE_TYPE_REF, CLUSTER_NAME, INCLUDE_CLIENT, INCLUDE_SERVER, LOCK_CLIENT, LOCK_SERVER) VALUES (?,?,?,?,?,?): 51,On/Off Switch Configuration,false,false,false,true => rowid: 1133","v":1}
{"level":30,"time":1589725318133,"pid":31079,"hostname":"localhost.localdomain","msg":"Executed insert: INSERT INTO DEVICE_TYPE_CLUSTER (DEVICE_TYPE_REF, CLUSTER_NAME, INCLUDE_CLIENT, INCLUDE_SERVER, LOCK_CLIENT, LOCK_SERVER) VALUES (?,?,?,?,?,?): 51,Temperature Measurement,false,false,false,true => rowid: 1134","v":1}
{"level":30,"time":1589725318133,"pid":31079,"hostname":"localhost.localdomain","msg":"Executed insert: INSERT INTO DEVICE_TYPE_CLUSTER (DEVICE_TYPE_REF, CLUSTER_NAME, INCLUDE_CLIENT, INCLUDE_SERVER, LOCK_CLIENT, LOCK_SERVER) VALUES (?,?,?,?,?,?): 51,Illuminance Level Sensing,false,false,false,true => rowid: 1135","v":1}
{"level":30,"time":1589725318133,"pid":31079,"hostname":"localhost.localdomain","msg":"Executed insert: INSERT INTO DEVICE_TYPE_CLUSTER (DEVICE_TYPE_REF, CLUSTER_NAME, INCLUDE_CLIENT, INCLUDE_SERVER, LOCK_CLIENT, LOCK_SERVER) VALUES (?,?,?,?,?,?): 51,Illuminance Measurement,false,false,false,true => rowid: 1136","v":1}
{"level":30,"time":1589725318133,"pid":31079,"hostname":"localhost.localdomain","msg":"Executed insert: INSERT INTO DEVICE_TYPE_CLUSTER (DEVICE_TYPE_REF, CLUSTER_NAME, INCLUDE_CLIENT, INCLUDE_SERVER, LOCK_CLIENT, LOCK_SERVER) VALUES (?,?,?,?,?,?): 51,Window Covering,false,false,false,true => rowid: 1137","v":1}
{"level":30,"time":1589725318133,"pid":31079,"hostname":"localhost.localdomain","msg":"Executed insert: INSERT INTO DEVICE_TYPE_CLUSTER (DEVICE_TYPE_REF, CLUSTER_NAME, INCLUDE_CLIENT, INCLUDE_SERVER, LOCK_CLIENT, LOCK_SERVER) VALUES (?,?,?,?,?,?): 51,Door Lock,false,false,false,true => rowid: 1138","v":1}
{"level":30,"time":1589725318133,"pid":31079,"hostname":"localhost.localdomain","msg":"Executed insert: INSERT INTO DEVICE_TYPE_CLUSTER (DEVICE_TYPE_REF, CLUSTER_NAME, INCLUDE_CLIENT, INCLUDE_SERVER, LOCK_CLIENT, LOCK_SERVER) VALUES (?,?,?,?,?,?): 51,Thermostat,false,false,false,true => rowid: 1139","v":1}
{"level":30,"time":1589725318133,"pid":31079,"hostname":"localhost.localdomain","msg":"Executed insert: INSERT INTO DEVICE_TYPE_CLUSTER (DEVICE_TYPE_REF, CLUSTER_NAME, INCLUDE_CLIENT, INCLUDE_SERVER, LOCK_CLIENT, LOCK_SERVER) VALUES (?,?,?,?,?,?): 51,Poll Control,false,false,true,false => rowid: 1140","v":1}
{"level":30,"time":1589725318133,"pid":31079,"hostname":"localhost.localdomain","msg":"Executed insert: INSERT INTO DEVICE_TYPE_CLUSTER (DEVICE_TYPE_REF, CLUSTER_NAME, INCLUDE_CLIENT, INCLUDE_SERVER, LOCK_CLIENT, LOCK_SERVER) VALUES (?,?,?,?,?,?): 51,Time,false,false,false,true => rowid: 1141","v":1}
{"level":30,"time":1589725318133,"pid":31079,"hostname":"localhost.localdomain","msg":"Executed insert: INSERT INTO DEVICE_TYPE_CLUSTER (DEVICE_TYPE_REF, CLUSTER_NAME, INCLUDE_CLIENT, INCLUDE_SERVER, LOCK_CLIENT, LOCK_SERVER) VALUES (?,?,?,?,?,?): 51,Electrical Measurement,false,false,true,false => rowid: 1142","v":1}
{"level":30,"time":1589725318133,"pid":31079,"hostname":"localhost.localdomain","msg":"Executed insert: INSERT INTO DEVICE_TYPE_CLUSTER (DEVICE_TYPE_REF, CLUSTER_NAME, INCLUDE_CLIENT, INCLUDE_SERVER, LOCK_CLIENT, LOCK_SERVER) VALUES (?,?,?,?,?,?): 51,Over the Air Bootloading,false,false,false,false => rowid: 1143","v":1}
{"level":30,"time":1589725318133,"pid":31079,"hostname":"localhost.localdomain","msg":"Executed insert: INSERT INTO DEVICE_TYPE_CLUSTER (DEVICE_TYPE_REF, CLUSTER_NAME, INCLUDE_CLIENT, INCLUDE_SERVER, LOCK_CLIENT, LOCK_SERVER) VALUES (?,?,?,?,?,?): 51,Partition,false,false,false,false => rowid: 1144","v":1}
{"level":30,"time":1589725318133,"pid":31079,"hostname":"localhost.localdomain","msg":"Preparing statement: INSERT INTO DEVICE_TYPE_ATTRIBUTE (DEVICE_TYPE_CLUSTER_REF, ATTRIBUTE_NAME) VALUES (?, ?) to insert 0 records.","v":1}
{"level":30,"time":1589725318133,"pid":31079,"hostname":"localhost.localdomain","msg":"Preparing statement: INSERT INTO DEVICE_TYPE_COMMAND (DEVICE_TYPE_CLUSTER_REF, COMMAND_NAME) VALUES (?, ?) to insert 0 records.","v":1}
{"level":30,"time":1589725318133,"pid":31079,"hostname":"localhost.localdomain","msg":"Executed insert: INSERT INTO DEVICE_TYPE_CLUSTER (DEVICE_TYPE_REF, CLUSTER_NAME, INCLUDE_CLIENT, INCLUDE_SERVER, LOCK_CLIENT, LOCK_SERVER) VALUES (?,?,?,?,?,?): 56,Basic,false,true,false,true => rowid: 1145","v":1}
{"level":30,"time":1589725318134,"pid":31079,"hostname":"localhost.localdomain","msg":"Executed insert: INSERT INTO DEVICE_TYPE_CLUSTER (DEVICE_TYPE_REF, CLUSTER_NAME, INCLUDE_CLIENT, INCLUDE_SERVER, LOCK_CLIENT, LOCK_SERVER) VALUES (?,?,?,?,?,?): 56,Identify,true,true,true,true => rowid: 1146","v":1}
{"level":30,"time":1589725318134,"pid":31079,"hostname":"localhost.localdomain","msg":"Executed insert: INSERT INTO DEVICE_TYPE_CLUSTER (DEVICE_TYPE_REF, CLUSTER_NAME, INCLUDE_CLIENT, INCLUDE_SERVER, LOCK_CLIENT, LOCK_SERVER) VALUES (?,?,?,?,?,?): 56,Power Configuration,false,false,true,false => rowid: 1147","v":1}
{"level":30,"time":1589725318134,"pid":31079,"hostname":"localhost.localdomain","msg":"Executed insert: INSERT INTO DEVICE_TYPE_CLUSTER (DEVICE_TYPE_REF, CLUSTER_NAME, INCLUDE_CLIENT, INCLUDE_SERVER, LOCK_CLIENT, LOCK_SERVER) VALUES (?,?,?,?,?,?): 56,Device Temperature Configuration,false,false,true,false => rowid: 1148","v":1}
{"level":30,"time":1589725318134,"pid":31079,"hostname":"localhost.localdomain","msg":"Executed insert: INSERT INTO DEVICE_TYPE_CLUSTER (DEVICE_TYPE_REF, CLUSTER_NAME, INCLUDE_CLIENT, INCLUDE_SERVER, LOCK_CLIENT, LOCK_SERVER) VALUES (?,?,?,?,?,?): 56,Alarms,false,false,true,false => rowid: 1149","v":1}
{"level":30,"time":1589725318134,"pid":31079,"hostname":"localhost.localdomain","msg":"Executed insert: INSERT INTO DEVICE_TYPE_CLUSTER (DEVICE_TYPE_REF, CLUSTER_NAME, INCLUDE_CLIENT, INCLUDE_SERVER, LOCK_CLIENT, LOCK_SERVER) VALUES (?,?,?,?,?,?): 56,Color control,false,false,false,true => rowid: 1150","v":1}
{"level":30,"time":1589725318134,"pid":31079,"hostname":"localhost.localdomain","msg":"Executed insert: INSERT INTO DEVICE_TYPE_CLUSTER (DEVICE_TYPE_REF, CLUSTER_NAME, INCLUDE_CLIENT, INCLUDE_SERVER, LOCK_CLIENT, LOCK_SERVER) VALUES (?,?,?,?,?,?): 56,Pump Configuration and Control,false,false,false,true => rowid: 1151","v":1}
{"level":30,"time":1589725318134,"pid":31079,"hostname":"localhost.localdomain","msg":"Executed insert: INSERT INTO DEVICE_TYPE_CLUSTER (DEVICE_TYPE_REF, CLUSTER_NAME, INCLUDE_CLIENT, INCLUDE_SERVER, LOCK_CLIENT, LOCK_SERVER) VALUES (?,?,?,?,?,?): 56,Shade Configuration,false,false,false,true => rowid: 1152","v":1}
{"level":30,"time":1589725318134,"pid":31079,"hostname":"localhost.localdomain","msg":"Executed insert: INSERT INTO DEVICE_TYPE_CLUSTER (DEVICE_TYPE_REF, CLUSTER_NAME, INCLUDE_CLIENT, INCLUDE_SERVER, LOCK_CLIENT, LOCK_SERVER) VALUES (?,?,?,?,?,?): 56,On/Off Switch Configuration,false,false,false,true => rowid: 1153","v":1}
{"level":30,"time":1589725318134,"pid":31079,"hostname":"localhost.localdomain","msg":"Executed insert: INSERT INTO DEVICE_TYPE_CLUSTER (DEVICE_TYPE_REF, CLUSTER_NAME, INCLUDE_CLIENT, INCLUDE_SERVER, LOCK_CLIENT, LOCK_SERVER) VALUES (?,?,?,?,?,?): 56,Temperature Measurement,false,false,false,true => rowid: 1154","v":1}
{"level":30,"time":1589725318134,"pid":31079,"hostname":"localhost.localdomain","msg":"Executed insert: INSERT INTO DEVICE_TYPE_CLUSTER (DEVICE_TYPE_REF, CLUSTER_NAME, INCLUDE_CLIENT, INCLUDE_SERVER, LOCK_CLIENT, LOCK_SERVER) VALUES (?,?,?,?,?,?): 56,Illuminance Level Sensing,false,false,false,true => rowid: 1155","v":1}
{"level":30,"time":1589725318134,"pid":31079,"hostname":"localhost.localdomain","msg":"Executed insert: INSERT INTO DEVICE_TYPE_CLUSTER (DEVICE_TYPE_REF, CLUSTER_NAME, INCLUDE_CLIENT, INCLUDE_SERVER, LOCK_CLIENT, LOCK_SERVER) VALUES (?,?,?,?,?,?): 56,Illuminance Measurement,false,false,false,true => rowid: 1156","v":1}
{"level":30,"time":1589725318134,"pid":31079,"hostname":"localhost.localdomain","msg":"Executed insert: INSERT INTO DEVICE_TYPE_CLUSTER (DEVICE_TYPE_REF, CLUSTER_NAME, INCLUDE_CLIENT, INCLUDE_SERVER, LOCK_CLIENT, LOCK_SERVER) VALUES (?,?,?,?,?,?): 56,Thermostat User Interface Configuration,false,false,false,true => rowid: 1157","v":1}
{"level":30,"time":1589725318134,"pid":31079,"hostname":"localhost.localdomain","msg":"Executed insert: INSERT INTO DEVICE_TYPE_CLUSTER (DEVICE_TYPE_REF, CLUSTER_NAME, INCLUDE_CLIENT, INCLUDE_SERVER, LOCK_CLIENT, LOCK_SERVER) VALUES (?,?,?,?,?,?): 56,Level control,false,false,false,true => rowid: 1158","v":1}
{"level":30,"time":1589725318134,"pid":31079,"hostname":"localhost.localdomain","msg":"Executed insert: INSERT INTO DEVICE_TYPE_CLUSTER (DEVICE_TYPE_REF, CLUSTER_NAME, INCLUDE_CLIENT, INCLUDE_SERVER, LOCK_CLIENT, LOCK_SERVER) VALUES (?,?,?,?,?,?): 56,Groups,false,false,false,true => rowid: 1159","v":1}
{"level":30,"time":1589725318134,"pid":31079,"hostname":"localhost.localdomain","msg":"Executed insert: INSERT INTO DEVICE_TYPE_CLUSTER (DEVICE_TYPE_REF, CLUSTER_NAME, INCLUDE_CLIENT, INCLUDE_SERVER, LOCK_CLIENT, LOCK_SERVER) VALUES (?,?,?,?,?,?): 56,Scenes,false,false,false,true => rowid: 1160","v":1}
{"level":30,"time":1589725318134,"pid":31079,"hostname":"localhost.localdomain","msg":"Executed insert: INSERT INTO DEVICE_TYPE_CLUSTER (DEVICE_TYPE_REF, CLUSTER_NAME, INCLUDE_CLIENT, INCLUDE_SERVER, LOCK_CLIENT, LOCK_SERVER) VALUES (?,?,?,?,?,?): 56,Window Covering,false,false,false,true => rowid: 1161","v":1}
{"level":30,"time":1589725318134,"pid":31079,"hostname":"localhost.localdomain","msg":"Executed insert: INSERT INTO DEVICE_TYPE_CLUSTER (DEVICE_TYPE_REF, CLUSTER_NAME, INCLUDE_CLIENT, INCLUDE_SERVER, LOCK_CLIENT, LOCK_SERVER) VALUES (?,?,?,?,?,?): 56,Door Lock,false,false,false,true => rowid: 1162","v":1}
{"level":30,"time":1589725318134,"pid":31079,"hostname":"localhost.localdomain","msg":"Executed insert: INSERT INTO DEVICE_TYPE_CLUSTER (DEVICE_TYPE_REF, CLUSTER_NAME, INCLUDE_CLIENT, INCLUDE_SERVER, LOCK_CLIENT, LOCK_SERVER) VALUES (?,?,?,?,?,?): 56,Thermostat,false,false,false,true => rowid: 1163","v":1}
{"level":30,"time":1589725318134,"pid":31079,"hostname":"localhost.localdomain","msg":"Executed insert: INSERT INTO DEVICE_TYPE_CLUSTER (DEVICE_TYPE_REF, CLUSTER_NAME, INCLUDE_CLIENT, INCLUDE_SERVER, LOCK_CLIENT, LOCK_SERVER) VALUES (?,?,?,?,?,?): 56,On/off,false,false,false,true => rowid: 1164","v":1}
{"level":30,"time":1589725318134,"pid":31079,"hostname":"localhost.localdomain","msg":"Executed insert: INSERT INTO DEVICE_TYPE_CLUSTER (DEVICE_TYPE_REF, CLUSTER_NAME, INCLUDE_CLIENT, INCLUDE_SERVER, LOCK_CLIENT, LOCK_SERVER) VALUES (?,?,?,?,?,?): 56,Poll Control,false,false,true,false => rowid: 1165","v":1}
{"level":30,"time":1589725318134,"pid":31079,"hostname":"localhost.localdomain","msg":"Executed insert: INSERT INTO DEVICE_TYPE_CLUSTER (DEVICE_TYPE_REF, CLUSTER_NAME, INCLUDE_CLIENT, INCLUDE_SERVER, LOCK_CLIENT, LOCK_SERVER) VALUES (?,?,?,?,?,?): 56,Electrical Measurement,false,false,true,false => rowid: 1166","v":1}
{"level":30,"time":1589725318134,"pid":31079,"hostname":"localhost.localdomain","msg":"Executed insert: INSERT INTO DEVICE_TYPE_CLUSTER (DEVICE_TYPE_REF, CLUSTER_NAME, INCLUDE_CLIENT, INCLUDE_SERVER, LOCK_CLIENT, LOCK_SERVER) VALUES (?,?,?,?,?,?): 56,Time,false,false,false,true => rowid: 1167","v":1}
{"level":30,"time":1589725318134,"pid":31079,"hostname":"localhost.localdomain","msg":"Executed insert: INSERT INTO DEVICE_TYPE_CLUSTER (DEVICE_TYPE_REF, CLUSTER_NAME, INCLUDE_CLIENT, INCLUDE_SERVER, LOCK_CLIENT, LOCK_SERVER) VALUES (?,?,?,?,?,?): 56,Over the Air Bootloading,false,false,false,false => rowid: 1168","v":1}
{"level":30,"time":1589725318134,"pid":31079,"hostname":"localhost.localdomain","msg":"Executed insert: INSERT INTO DEVICE_TYPE_CLUSTER (DEVICE_TYPE_REF, CLUSTER_NAME, INCLUDE_CLIENT, INCLUDE_SERVER, LOCK_CLIENT, LOCK_SERVER) VALUES (?,?,?,?,?,?): 56,Partition,false,false,false,false => rowid: 1169","v":1}
{"level":30,"time":1589725318134,"pid":31079,"hostname":"localhost.localdomain","msg":"Preparing statement: INSERT INTO DEVICE_TYPE_ATTRIBUTE (DEVICE_TYPE_CLUSTER_REF, ATTRIBUTE_NAME) VALUES (?, ?) to insert 0 records.","v":1}
{"level":30,"time":1589725318134,"pid":31079,"hostname":"localhost.localdomain","msg":"Preparing statement: INSERT INTO DEVICE_TYPE_COMMAND (DEVICE_TYPE_CLUSTER_REF, COMMAND_NAME) VALUES (?, ?) to insert 0 records.","v":1}
{"level":30,"time":1589725318134,"pid":31079,"hostname":"localhost.localdomain","msg":"Executed insert: INSERT INTO DEVICE_TYPE_CLUSTER (DEVICE_TYPE_REF, CLUSTER_NAME, INCLUDE_CLIENT, INCLUDE_SERVER, LOCK_CLIENT, LOCK_SERVER) VALUES (?,?,?,?,?,?): 61,Basic,false,true,true,true => rowid: 1170","v":1}
{"level":30,"time":1589725318134,"pid":31079,"hostname":"localhost.localdomain","msg":"Executed insert: INSERT INTO DEVICE_TYPE_CLUSTER (DEVICE_TYPE_REF, CLUSTER_NAME, INCLUDE_CLIENT, INCLUDE_SERVER, LOCK_CLIENT, LOCK_SERVER) VALUES (?,?,?,?,?,?): 61,Identify,true,true,true,true => rowid: 1171","v":1}
{"level":30,"time":1589725318134,"pid":31079,"hostname":"localhost.localdomain","msg":"Executed insert: INSERT INTO DEVICE_TYPE_CLUSTER (DEVICE_TYPE_REF, CLUSTER_NAME, INCLUDE_CLIENT, INCLUDE_SERVER, LOCK_CLIENT, LOCK_SERVER) VALUES (?,?,?,?,?,?): 61,Power Configuration,false,false,true,false => rowid: 1172","v":1}
{"level":30,"time":1589725318134,"pid":31079,"hostname":"localhost.localdomain","msg":"Executed insert: INSERT INTO DEVICE_TYPE_CLUSTER (DEVICE_TYPE_REF, CLUSTER_NAME, INCLUDE_CLIENT, INCLUDE_SERVER, LOCK_CLIENT, LOCK_SERVER) VALUES (?,?,?,?,?,?): 61,Device Temperature Configuration,false,false,true,false => rowid: 1173","v":1}
{"level":30,"time":1589725318134,"pid":31079,"hostname":"localhost.localdomain","msg":"Executed insert: INSERT INTO DEVICE_TYPE_CLUSTER (DEVICE_TYPE_REF, CLUSTER_NAME, INCLUDE_CLIENT, INCLUDE_SERVER, LOCK_CLIENT, LOCK_SERVER) VALUES (?,?,?,?,?,?): 61,Alarms,false,false,true,false => rowid: 1174","v":1}
{"level":30,"time":1589725318134,"pid":31079,"hostname":"localhost.localdomain","msg":"Executed insert: INSERT INTO DEVICE_TYPE_CLUSTER (DEVICE_TYPE_REF, CLUSTER_NAME, INCLUDE_CLIENT, INCLUDE_SERVER, LOCK_CLIENT, LOCK_SERVER) VALUES (?,?,?,?,?,?): 61,Poll Control,false,false,true,false => rowid: 1175","v":1}
{"level":30,"time":1589725318134,"pid":31079,"hostname":"localhost.localdomain","msg":"Executed insert: INSERT INTO DEVICE_TYPE_CLUSTER (DEVICE_TYPE_REF, CLUSTER_NAME, INCLUDE_CLIENT, INCLUDE_SERVER, LOCK_CLIENT, LOCK_SERVER) VALUES (?,?,?,?,?,?): 61,Electrical Measurement,false,false,true,false => rowid: 1176","v":1}
{"level":30,"time":1589725318134,"pid":31079,"hostname":"localhost.localdomain","msg":"Executed insert: INSERT INTO DEVICE_TYPE_CLUSTER (DEVICE_TYPE_REF, CLUSTER_NAME, INCLUDE_CLIENT, INCLUDE_SERVER, LOCK_CLIENT, LOCK_SERVER) VALUES (?,?,?,?,?,?): 61,Time,false,false,false,true => rowid: 1177","v":1}
{"level":30,"time":1589725318134,"pid":31079,"hostname":"localhost.localdomain","msg":"Executed insert: INSERT INTO DEVICE_TYPE_CLUSTER (DEVICE_TYPE_REF, CLUSTER_NAME, INCLUDE_CLIENT, INCLUDE_SERVER, LOCK_CLIENT, LOCK_SERVER) VALUES (?,?,?,?,?,?): 61,Over the Air Bootloading,false,false,false,false => rowid: 1178","v":1}
{"level":30,"time":1589725318134,"pid":31079,"hostname":"localhost.localdomain","msg":"Executed insert: INSERT INTO DEVICE_TYPE_CLUSTER (DEVICE_TYPE_REF, CLUSTER_NAME, INCLUDE_CLIENT, INCLUDE_SERVER, LOCK_CLIENT, LOCK_SERVER) VALUES (?,?,?,?,?,?): 61,Partition,false,false,false,false => rowid: 1179","v":1}
{"level":30,"time":1589725318134,"pid":31079,"hostname":"localhost.localdomain","msg":"Preparing statement: INSERT INTO DEVICE_TYPE_ATTRIBUTE (DEVICE_TYPE_CLUSTER_REF, ATTRIBUTE_NAME) VALUES (?, ?) to insert 0 records.","v":1}
{"level":30,"time":1589725318134,"pid":31079,"hostname":"localhost.localdomain","msg":"Preparing statement: INSERT INTO DEVICE_TYPE_COMMAND (DEVICE_TYPE_CLUSTER_REF, COMMAND_NAME) VALUES (?, ?) to insert 0 records.","v":1}
{"level":30,"time":1589725318134,"pid":31079,"hostname":"localhost.localdomain","msg":"Executed insert: INSERT INTO DEVICE_TYPE_CLUSTER (DEVICE_TYPE_REF, CLUSTER_NAME, INCLUDE_CLIENT, INCLUDE_SERVER, LOCK_CLIENT, LOCK_SERVER) VALUES (?,?,?,?,?,?): 66,Basic,false,true,true,true => rowid: 1180","v":1}
{"level":30,"time":1589725318134,"pid":31079,"hostname":"localhost.localdomain","msg":"Executed insert: INSERT INTO DEVICE_TYPE_CLUSTER (DEVICE_TYPE_REF, CLUSTER_NAME, INCLUDE_CLIENT, INCLUDE_SERVER, LOCK_CLIENT, LOCK_SERVER) VALUES (?,?,?,?,?,?): 66,Identify,true,true,true,true => rowid: 1181","v":1}
{"level":30,"time":1589725318134,"pid":31079,"hostname":"localhost.localdomain","msg":"Executed insert: INSERT INTO DEVICE_TYPE_CLUSTER (DEVICE_TYPE_REF, CLUSTER_NAME, INCLUDE_CLIENT, INCLUDE_SERVER, LOCK_CLIENT, LOCK_SERVER) VALUES (?,?,?,?,?,?): 66,Power Configuration,false,false,true,false => rowid: 1182","v":1}
{"level":30,"time":1589725318135,"pid":31079,"hostname":"localhost.localdomain","msg":"Executed insert: INSERT INTO DEVICE_TYPE_CLUSTER (DEVICE_TYPE_REF, CLUSTER_NAME, INCLUDE_CLIENT, INCLUDE_SERVER, LOCK_CLIENT, LOCK_SERVER) VALUES (?,?,?,?,?,?): 66,Device Temperature Configuration,false,false,true,false => rowid: 1183","v":1}
{"level":30,"time":1589725318135,"pid":31079,"hostname":"localhost.localdomain","msg":"Executed insert: INSERT INTO DEVICE_TYPE_CLUSTER (DEVICE_TYPE_REF, CLUSTER_NAME, INCLUDE_CLIENT, INCLUDE_SERVER, LOCK_CLIENT, LOCK_SERVER) VALUES (?,?,?,?,?,?): 66,Alarms,false,false,true,false => rowid: 1184","v":1}
{"level":30,"time":1589725318135,"pid":31079,"hostname":"localhost.localdomain","msg":"Executed insert: INSERT INTO DEVICE_TYPE_CLUSTER (DEVICE_TYPE_REF, CLUSTER_NAME, INCLUDE_CLIENT, INCLUDE_SERVER, LOCK_CLIENT, LOCK_SERVER) VALUES (?,?,?,?,?,?): 66,On/off,false,true,true,true => rowid: 1185","v":1}
{"level":30,"time":1589725318135,"pid":31079,"hostname":"localhost.localdomain","msg":"Executed insert: INSERT INTO DEVICE_TYPE_CLUSTER (DEVICE_TYPE_REF, CLUSTER_NAME, INCLUDE_CLIENT, INCLUDE_SERVER, LOCK_CLIENT, LOCK_SERVER) VALUES (?,?,?,?,?,?): 66,Scenes,false,true,true,true => rowid: 1186","v":1}
{"level":30,"time":1589725318135,"pid":31079,"hostname":"localhost.localdomain","msg":"Executed insert: INSERT INTO DEVICE_TYPE_CLUSTER (DEVICE_TYPE_REF, CLUSTER_NAME, INCLUDE_CLIENT, INCLUDE_SERVER, LOCK_CLIENT, LOCK_SERVER) VALUES (?,?,?,?,?,?): 66,Groups,false,true,true,true => rowid: 1187","v":1}
{"level":30,"time":1589725318135,"pid":31079,"hostname":"localhost.localdomain","msg":"Executed insert: INSERT INTO DEVICE_TYPE_CLUSTER (DEVICE_TYPE_REF, CLUSTER_NAME, INCLUDE_CLIENT, INCLUDE_SERVER, LOCK_CLIENT, LOCK_SERVER) VALUES (?,?,?,?,?,?): 66,Poll Control,false,false,true,false => rowid: 1188","v":1}
{"level":30,"time":1589725318135,"pid":31079,"hostname":"localhost.localdomain","msg":"Executed insert: INSERT INTO DEVICE_TYPE_CLUSTER (DEVICE_TYPE_REF, CLUSTER_NAME, INCLUDE_CLIENT, INCLUDE_SERVER, LOCK_CLIENT, LOCK_SERVER) VALUES (?,?,?,?,?,?): 66,Electrical Measurement,false,false,true,false => rowid: 1189","v":1}
{"level":30,"time":1589725318135,"pid":31079,"hostname":"localhost.localdomain","msg":"Executed insert: INSERT INTO DEVICE_TYPE_CLUSTER (DEVICE_TYPE_REF, CLUSTER_NAME, INCLUDE_CLIENT, INCLUDE_SERVER, LOCK_CLIENT, LOCK_SERVER) VALUES (?,?,?,?,?,?): 66,Time,false,false,false,true => rowid: 1190","v":1}
{"level":30,"time":1589725318135,"pid":31079,"hostname":"localhost.localdomain","msg":"Executed insert: INSERT INTO DEVICE_TYPE_CLUSTER (DEVICE_TYPE_REF, CLUSTER_NAME, INCLUDE_CLIENT, INCLUDE_SERVER, LOCK_CLIENT, LOCK_SERVER) VALUES (?,?,?,?,?,?): 66,Over the Air Bootloading,false,false,false,false => rowid: 1191","v":1}
{"level":30,"time":1589725318135,"pid":31079,"hostname":"localhost.localdomain","msg":"Executed insert: INSERT INTO DEVICE_TYPE_CLUSTER (DEVICE_TYPE_REF, CLUSTER_NAME, INCLUDE_CLIENT, INCLUDE_SERVER, LOCK_CLIENT, LOCK_SERVER) VALUES (?,?,?,?,?,?): 66,Partition,false,false,false,false => rowid: 1192","v":1}
{"level":30,"time":1589725318135,"pid":31079,"hostname":"localhost.localdomain","msg":"Preparing statement: INSERT INTO DEVICE_TYPE_ATTRIBUTE (DEVICE_TYPE_CLUSTER_REF, ATTRIBUTE_NAME) VALUES (?, ?) to insert 0 records.","v":1}
{"level":30,"time":1589725318135,"pid":31079,"hostname":"localhost.localdomain","msg":"Preparing statement: INSERT INTO DEVICE_TYPE_COMMAND (DEVICE_TYPE_CLUSTER_REF, COMMAND_NAME) VALUES (?, ?) to insert 0 records.","v":1}
{"level":30,"time":1589725318135,"pid":31079,"hostname":"localhost.localdomain","msg":"Executed insert: INSERT INTO DEVICE_TYPE_CLUSTER (DEVICE_TYPE_REF, CLUSTER_NAME, INCLUDE_CLIENT, INCLUDE_SERVER, LOCK_CLIENT, LOCK_SERVER) VALUES (?,?,?,?,?,?): 71,Basic,false,true,true,true => rowid: 1193","v":1}
{"level":30,"time":1589725318135,"pid":31079,"hostname":"localhost.localdomain","msg":"Executed insert: INSERT INTO DEVICE_TYPE_CLUSTER (DEVICE_TYPE_REF, CLUSTER_NAME, INCLUDE_CLIENT, INCLUDE_SERVER, LOCK_CLIENT, LOCK_SERVER) VALUES (?,?,?,?,?,?): 71,Identify,true,true,true,true => rowid: 1194","v":1}
{"level":30,"time":1589725318135,"pid":31079,"hostname":"localhost.localdomain","msg":"Executed insert: INSERT INTO DEVICE_TYPE_CLUSTER (DEVICE_TYPE_REF, CLUSTER_NAME, INCLUDE_CLIENT, INCLUDE_SERVER, LOCK_CLIENT, LOCK_SERVER) VALUES (?,?,?,?,?,?): 71,Power Configuration,false,false,true,false => rowid: 1195","v":1}
{"level":30,"time":1589725318135,"pid":31079,"hostname":"localhost.localdomain","msg":"Executed insert: INSERT INTO DEVICE_TYPE_CLUSTER (DEVICE_TYPE_REF, CLUSTER_NAME, INCLUDE_CLIENT, INCLUDE_SERVER, LOCK_CLIENT, LOCK_SERVER) VALUES (?,?,?,?,?,?): 71,Device Temperature Configuration,false,false,true,false => rowid: 1196","v":1}
{"level":30,"time":1589725318135,"pid":31079,"hostname":"localhost.localdomain","msg":"Executed insert: INSERT INTO DEVICE_TYPE_CLUSTER (DEVICE_TYPE_REF, CLUSTER_NAME, INCLUDE_CLIENT, INCLUDE_SERVER, LOCK_CLIENT, LOCK_SERVER) VALUES (?,?,?,?,?,?): 71,Door Lock,false,true,true,true => rowid: 1197","v":1}
{"level":30,"time":1589725318135,"pid":31079,"hostname":"localhost.localdomain","msg":"Executed insert: INSERT INTO DEVICE_TYPE_CLUSTER (DEVICE_TYPE_REF, CLUSTER_NAME, INCLUDE_CLIENT, INCLUDE_SERVER, LOCK_CLIENT, LOCK_SERVER) VALUES (?,?,?,?,?,?): 35,Scenes,false,true,true,true => rowid: 1198","v":1}
{"level":30,"time":1589725318135,"pid":31079,"hostname":"localhost.localdomain","msg":"Executed insert: INSERT INTO DEVICE_TYPE_CLUSTER (DEVICE_TYPE_REF, CLUSTER_NAME, INCLUDE_CLIENT, INCLUDE_SERVER, LOCK_CLIENT, LOCK_SERVER) VALUES (?,?,?,?,?,?): 71,Alarms,false,false,true,false => rowid: 1199","v":1}
{"level":30,"time":1589725318135,"pid":31079,"hostname":"localhost.localdomain","msg":"Executed insert: INSERT INTO DEVICE_TYPE_CLUSTER (DEVICE_TYPE_REF, CLUSTER_NAME, INCLUDE_CLIENT, INCLUDE_SERVER, LOCK_CLIENT, LOCK_SERVER) VALUES (?,?,?,?,?,?): 71,Groups,false,true,true,true => rowid: 1200","v":1}
{"level":30,"time":1589725318135,"pid":31079,"hostname":"localhost.localdomain","msg":"Executed insert: INSERT INTO DEVICE_TYPE_CLUSTER (DEVICE_TYPE_REF, CLUSTER_NAME, INCLUDE_CLIENT, INCLUDE_SERVER, LOCK_CLIENT, LOCK_SERVER) VALUES (?,?,?,?,?,?): 71,Poll Control,false,false,true,false => rowid: 1201","v":1}
{"level":30,"time":1589725318135,"pid":31079,"hostname":"localhost.localdomain","msg":"Executed insert: INSERT INTO DEVICE_TYPE_CLUSTER (DEVICE_TYPE_REF, CLUSTER_NAME, INCLUDE_CLIENT, INCLUDE_SERVER, LOCK_CLIENT, LOCK_SERVER) VALUES (?,?,?,?,?,?): 71,Electrical Measurement,false,false,true,false => rowid: 1202","v":1}
{"level":30,"time":1589725318135,"pid":31079,"hostname":"localhost.localdomain","msg":"Executed insert: INSERT INTO DEVICE_TYPE_CLUSTER (DEVICE_TYPE_REF, CLUSTER_NAME, INCLUDE_CLIENT, INCLUDE_SERVER, LOCK_CLIENT, LOCK_SERVER) VALUES (?,?,?,?,?,?): 71,Time,false,false,false,true => rowid: 1203","v":1}
{"level":30,"time":1589725318135,"pid":31079,"hostname":"localhost.localdomain","msg":"Executed insert: INSERT INTO DEVICE_TYPE_CLUSTER (DEVICE_TYPE_REF, CLUSTER_NAME, INCLUDE_CLIENT, INCLUDE_SERVER, LOCK_CLIENT, LOCK_SERVER) VALUES (?,?,?,?,?,?): 71,Over the Air Bootloading,false,false,false,false => rowid: 1204","v":1}
{"level":30,"time":1589725318135,"pid":31079,"hostname":"localhost.localdomain","msg":"Executed insert: INSERT INTO DEVICE_TYPE_CLUSTER (DEVICE_TYPE_REF, CLUSTER_NAME, INCLUDE_CLIENT, INCLUDE_SERVER, LOCK_CLIENT, LOCK_SERVER) VALUES (?,?,?,?,?,?): 71,Partition,false,false,false,false => rowid: 1205","v":1}
{"level":30,"time":1589725318135,"pid":31079,"hostname":"localhost.localdomain","msg":"Executed insert: INSERT INTO DEVICE_TYPE_CLUSTER (DEVICE_TYPE_REF, CLUSTER_NAME, INCLUDE_CLIENT, INCLUDE_SERVER, LOCK_CLIENT, LOCK_SERVER) VALUES (?,?,?,?,?,?): 76,Basic,false,true,true,true => rowid: 1206","v":1}
{"level":30,"time":1589725318135,"pid":31079,"hostname":"localhost.localdomain","msg":"Executed insert: INSERT INTO DEVICE_TYPE_CLUSTER (DEVICE_TYPE_REF, CLUSTER_NAME, INCLUDE_CLIENT, INCLUDE_SERVER, LOCK_CLIENT, LOCK_SERVER) VALUES (?,?,?,?,?,?): 76,Identify,true,true,true,true => rowid: 1207","v":1}
{"level":30,"time":1589725318135,"pid":31079,"hostname":"localhost.localdomain","msg":"Executed insert: INSERT INTO DEVICE_TYPE_CLUSTER (DEVICE_TYPE_REF, CLUSTER_NAME, INCLUDE_CLIENT, INCLUDE_SERVER, LOCK_CLIENT, LOCK_SERVER) VALUES (?,?,?,?,?,?): 76,Power Configuration,false,false,true,false => rowid: 1208","v":1}
{"level":30,"time":1589725318135,"pid":31079,"hostname":"localhost.localdomain","msg":"Executed insert: INSERT INTO DEVICE_TYPE_CLUSTER (DEVICE_TYPE_REF, CLUSTER_NAME, INCLUDE_CLIENT, INCLUDE_SERVER, LOCK_CLIENT, LOCK_SERVER) VALUES (?,?,?,?,?,?): 76,Device Temperature Configuration,false,false,true,false => rowid: 1209","v":1}
{"level":30,"time":1589725318135,"pid":31079,"hostname":"localhost.localdomain","msg":"Executed insert: INSERT INTO DEVICE_TYPE_CLUSTER (DEVICE_TYPE_REF, CLUSTER_NAME, INCLUDE_CLIENT, INCLUDE_SERVER, LOCK_CLIENT, LOCK_SERVER) VALUES (?,?,?,?,?,?): 76,Alarms,false,false,true,false => rowid: 1210","v":1}
{"level":30,"time":1589725318135,"pid":31079,"hostname":"localhost.localdomain","msg":"Executed insert: INSERT INTO DEVICE_TYPE_CLUSTER (DEVICE_TYPE_REF, CLUSTER_NAME, INCLUDE_CLIENT, INCLUDE_SERVER, LOCK_CLIENT, LOCK_SERVER) VALUES (?,?,?,?,?,?): 76,Door Lock,true,false,true,true => rowid: 1211","v":1}
{"level":30,"time":1589725318135,"pid":31079,"hostname":"localhost.localdomain","msg":"Executed insert: INSERT INTO DEVICE_TYPE_CLUSTER (DEVICE_TYPE_REF, CLUSTER_NAME, INCLUDE_CLIENT, INCLUDE_SERVER, LOCK_CLIENT, LOCK_SERVER) VALUES (?,?,?,?,?,?): 76,Time,false,true,true,true => rowid: 1212","v":1}
{"level":30,"time":1589725318135,"pid":31079,"hostname":"localhost.localdomain","msg":"Executed insert: INSERT INTO DEVICE_TYPE_CLUSTER (DEVICE_TYPE_REF, CLUSTER_NAME, INCLUDE_CLIENT, INCLUDE_SERVER, LOCK_CLIENT, LOCK_SERVER) VALUES (?,?,?,?,?,?): 76,Scenes,true,false,true,true => rowid: 1213","v":1}
{"level":30,"time":1589725318135,"pid":31079,"hostname":"localhost.localdomain","msg":"Executed insert: INSERT INTO DEVICE_TYPE_CLUSTER (DEVICE_TYPE_REF, CLUSTER_NAME, INCLUDE_CLIENT, INCLUDE_SERVER, LOCK_CLIENT, LOCK_SERVER) VALUES (?,?,?,?,?,?): 76,Groups,true,false,true,true => rowid: 1214","v":1}
{"level":30,"time":1589725318135,"pid":31079,"hostname":"localhost.localdomain","msg":"Executed insert: INSERT INTO DEVICE_TYPE_CLUSTER (DEVICE_TYPE_REF, CLUSTER_NAME, INCLUDE_CLIENT, INCLUDE_SERVER, LOCK_CLIENT, LOCK_SERVER) VALUES (?,?,?,?,?,?): 76,Poll Control,false,false,true,false => rowid: 1215","v":1}
{"level":30,"time":1589725318135,"pid":31079,"hostname":"localhost.localdomain","msg":"Executed insert: INSERT INTO DEVICE_TYPE_CLUSTER (DEVICE_TYPE_REF, CLUSTER_NAME, INCLUDE_CLIENT, INCLUDE_SERVER, LOCK_CLIENT, LOCK_SERVER) VALUES (?,?,?,?,?,?): 76,Electrical Measurement,false,false,true,false => rowid: 1216","v":1}
{"level":30,"time":1589725318135,"pid":31079,"hostname":"localhost.localdomain","msg":"Executed insert: INSERT INTO DEVICE_TYPE_CLUSTER (DEVICE_TYPE_REF, CLUSTER_NAME, INCLUDE_CLIENT, INCLUDE_SERVER, LOCK_CLIENT, LOCK_SERVER) VALUES (?,?,?,?,?,?): 76,Time,false,false,false,true => rowid: 1217","v":1}
{"level":30,"time":1589725318136,"pid":31079,"hostname":"localhost.localdomain","msg":"Executed insert: INSERT INTO DEVICE_TYPE_CLUSTER (DEVICE_TYPE_REF, CLUSTER_NAME, INCLUDE_CLIENT, INCLUDE_SERVER, LOCK_CLIENT, LOCK_SERVER) VALUES (?,?,?,?,?,?): 76,Over the Air Bootloading,false,false,false,false => rowid: 1218","v":1}
{"level":30,"time":1589725318136,"pid":31079,"hostname":"localhost.localdomain","msg":"Executed insert: INSERT INTO DEVICE_TYPE_CLUSTER (DEVICE_TYPE_REF, CLUSTER_NAME, INCLUDE_CLIENT, INCLUDE_SERVER, LOCK_CLIENT, LOCK_SERVER) VALUES (?,?,?,?,?,?): 76,Partition,false,false,false,false => rowid: 1219","v":1}
{"level":30,"time":1589725318136,"pid":31079,"hostname":"localhost.localdomain","msg":"Preparing statement: INSERT INTO DEVICE_TYPE_ATTRIBUTE (DEVICE_TYPE_CLUSTER_REF, ATTRIBUTE_NAME) VALUES (?, ?) to insert 0 records.","v":1}
{"level":30,"time":1589725318136,"pid":31079,"hostname":"localhost.localdomain","msg":"Preparing statement: INSERT INTO DEVICE_TYPE_COMMAND (DEVICE_TYPE_CLUSTER_REF, COMMAND_NAME) VALUES (?, ?) to insert 0 records.","v":1}
{"level":30,"time":1589725318136,"pid":31079,"hostname":"localhost.localdomain","msg":"Executed insert: INSERT INTO DEVICE_TYPE_CLUSTER (DEVICE_TYPE_REF, CLUSTER_NAME, INCLUDE_CLIENT, INCLUDE_SERVER, LOCK_CLIENT, LOCK_SERVER) VALUES (?,?,?,?,?,?): 81,Basic,false,true,true,true => rowid: 1220","v":1}
{"level":30,"time":1589725318136,"pid":31079,"hostname":"localhost.localdomain","msg":"Executed insert: INSERT INTO DEVICE_TYPE_CLUSTER (DEVICE_TYPE_REF, CLUSTER_NAME, INCLUDE_CLIENT, INCLUDE_SERVER, LOCK_CLIENT, LOCK_SERVER) VALUES (?,?,?,?,?,?): 81,Identify,true,true,true,true => rowid: 1221","v":1}
{"level":30,"time":1589725318136,"pid":31079,"hostname":"localhost.localdomain","msg":"Executed insert: INSERT INTO DEVICE_TYPE_CLUSTER (DEVICE_TYPE_REF, CLUSTER_NAME, INCLUDE_CLIENT, INCLUDE_SERVER, LOCK_CLIENT, LOCK_SERVER) VALUES (?,?,?,?,?,?): 81,Power Configuration,false,false,true,false => rowid: 1222","v":1}
{"level":30,"time":1589725318136,"pid":31079,"hostname":"localhost.localdomain","msg":"Executed insert: INSERT INTO DEVICE_TYPE_CLUSTER (DEVICE_TYPE_REF, CLUSTER_NAME, INCLUDE_CLIENT, INCLUDE_SERVER, LOCK_CLIENT, LOCK_SERVER) VALUES (?,?,?,?,?,?): 81,Device Temperature Configuration,false,false,true,false => rowid: 1223","v":1}
{"level":30,"time":1589725318136,"pid":31079,"hostname":"localhost.localdomain","msg":"Executed insert: INSERT INTO DEVICE_TYPE_CLUSTER (DEVICE_TYPE_REF, CLUSTER_NAME, INCLUDE_CLIENT, INCLUDE_SERVER, LOCK_CLIENT, LOCK_SERVER) VALUES (?,?,?,?,?,?): 81,Alarms,false,false,true,false => rowid: 1224","v":1}
{"level":30,"time":1589725318136,"pid":31079,"hostname":"localhost.localdomain","msg":"Executed insert: INSERT INTO DEVICE_TYPE_CLUSTER (DEVICE_TYPE_REF, CLUSTER_NAME, INCLUDE_CLIENT, INCLUDE_SERVER, LOCK_CLIENT, LOCK_SERVER) VALUES (?,?,?,?,?,?): 81,Binary Input (Basic),false,true,true,true => rowid: 1225","v":1}
{"level":30,"time":1589725318136,"pid":31079,"hostname":"localhost.localdomain","msg":"Executed insert: INSERT INTO DEVICE_TYPE_CLUSTER (DEVICE_TYPE_REF, CLUSTER_NAME, INCLUDE_CLIENT, INCLUDE_SERVER, LOCK_CLIENT, LOCK_SERVER) VALUES (?,?,?,?,?,?): 81,Poll Control,false,false,true,false => rowid: 1226","v":1}
{"level":30,"time":1589725318136,"pid":31079,"hostname":"localhost.localdomain","msg":"Executed insert: INSERT INTO DEVICE_TYPE_CLUSTER (DEVICE_TYPE_REF, CLUSTER_NAME, INCLUDE_CLIENT, INCLUDE_SERVER, LOCK_CLIENT, LOCK_SERVER) VALUES (?,?,?,?,?,?): 81,Electrical Measurement,false,false,true,false => rowid: 1227","v":1}
{"level":30,"time":1589725318136,"pid":31079,"hostname":"localhost.localdomain","msg":"Executed insert: INSERT INTO DEVICE_TYPE_CLUSTER (DEVICE_TYPE_REF, CLUSTER_NAME, INCLUDE_CLIENT, INCLUDE_SERVER, LOCK_CLIENT, LOCK_SERVER) VALUES (?,?,?,?,?,?): 81,Time,false,false,false,true => rowid: 1228","v":1}
{"level":30,"time":1589725318136,"pid":31079,"hostname":"localhost.localdomain","msg":"Executed insert: INSERT INTO DEVICE_TYPE_CLUSTER (DEVICE_TYPE_REF, CLUSTER_NAME, INCLUDE_CLIENT, INCLUDE_SERVER, LOCK_CLIENT, LOCK_SERVER) VALUES (?,?,?,?,?,?): 81,Over the Air Bootloading,false,false,false,false => rowid: 1229","v":1}
{"level":30,"time":1589725318136,"pid":31079,"hostname":"localhost.localdomain","msg":"Executed insert: INSERT INTO DEVICE_TYPE_CLUSTER (DEVICE_TYPE_REF, CLUSTER_NAME, INCLUDE_CLIENT, INCLUDE_SERVER, LOCK_CLIENT, LOCK_SERVER) VALUES (?,?,?,?,?,?): 81,Partition,false,false,false,false => rowid: 1230","v":1}
{"level":30,"time":1589725318136,"pid":31079,"hostname":"localhost.localdomain","msg":"Preparing statement: INSERT INTO DEVICE_TYPE_ATTRIBUTE (DEVICE_TYPE_CLUSTER_REF, ATTRIBUTE_NAME) VALUES (?, ?) to insert 0 records.","v":1}
{"level":30,"time":1589725318136,"pid":31079,"hostname":"localhost.localdomain","msg":"Preparing statement: INSERT INTO DEVICE_TYPE_COMMAND (DEVICE_TYPE_CLUSTER_REF, COMMAND_NAME) VALUES (?, ?) to insert 0 records.","v":1}
{"level":30,"time":1589725318137,"pid":31079,"hostname":"localhost.localdomain","msg":"Executed insert: INSERT INTO DEVICE_TYPE_CLUSTER (DEVICE_TYPE_REF, CLUSTER_NAME, INCLUDE_CLIENT, INCLUDE_SERVER, LOCK_CLIENT, LOCK_SERVER) VALUES (?,?,?,?,?,?): 86,Basic,false,true,true,true => rowid: 1231","v":1}
{"level":30,"time":1589725318137,"pid":31079,"hostname":"localhost.localdomain","msg":"Executed insert: INSERT INTO DEVICE_TYPE_CLUSTER (DEVICE_TYPE_REF, CLUSTER_NAME, INCLUDE_CLIENT, INCLUDE_SERVER, LOCK_CLIENT, LOCK_SERVER) VALUES (?,?,?,?,?,?): 86,Identify,false,true,true,true => rowid: 1232","v":1}
{"level":30,"time":1589725318137,"pid":31079,"hostname":"localhost.localdomain","msg":"Executed insert: INSERT INTO DEVICE_TYPE_CLUSTER (DEVICE_TYPE_REF, CLUSTER_NAME, INCLUDE_CLIENT, INCLUDE_SERVER, LOCK_CLIENT, LOCK_SERVER) VALUES (?,?,?,?,?,?): 86,Power Configuration,false,false,true,false => rowid: 1233","v":1}
{"level":30,"time":1589725318137,"pid":31079,"hostname":"localhost.localdomain","msg":"Executed insert: INSERT INTO DEVICE_TYPE_CLUSTER (DEVICE_TYPE_REF, CLUSTER_NAME, INCLUDE_CLIENT, INCLUDE_SERVER, LOCK_CLIENT, LOCK_SERVER) VALUES (?,?,?,?,?,?): 86,Device Temperature Configuration,false,false,true,false => rowid: 1234","v":1}
{"level":30,"time":1589725318137,"pid":31079,"hostname":"localhost.localdomain","msg":"Executed insert: INSERT INTO DEVICE_TYPE_CLUSTER (DEVICE_TYPE_REF, CLUSTER_NAME, INCLUDE_CLIENT, INCLUDE_SERVER, LOCK_CLIENT, LOCK_SERVER) VALUES (?,?,?,?,?,?): 86,Alarms,false,false,true,false => rowid: 1235","v":1}
{"level":30,"time":1589725318137,"pid":31079,"hostname":"localhost.localdomain","msg":"Executed insert: INSERT INTO DEVICE_TYPE_CLUSTER (DEVICE_TYPE_REF, CLUSTER_NAME, INCLUDE_CLIENT, INCLUDE_SERVER, LOCK_CLIENT, LOCK_SERVER) VALUES (?,?,?,?,?,?): 86,On/off,false,true,true,true => rowid: 1236","v":1}
{"level":30,"time":1589725318137,"pid":31079,"hostname":"localhost.localdomain","msg":"Executed insert: INSERT INTO DEVICE_TYPE_CLUSTER (DEVICE_TYPE_REF, CLUSTER_NAME, INCLUDE_CLIENT, INCLUDE_SERVER, LOCK_CLIENT, LOCK_SERVER) VALUES (?,?,?,?,?,?): 86,Scenes,false,true,true,true => rowid: 1237","v":1}
{"level":30,"time":1589725318137,"pid":31079,"hostname":"localhost.localdomain","msg":"Executed insert: INSERT INTO DEVICE_TYPE_CLUSTER (DEVICE_TYPE_REF, CLUSTER_NAME, INCLUDE_CLIENT, INCLUDE_SERVER, LOCK_CLIENT, LOCK_SERVER) VALUES (?,?,?,?,?,?): 86,Groups,false,true,true,true => rowid: 1238","v":1}
{"level":30,"time":1589725318137,"pid":31079,"hostname":"localhost.localdomain","msg":"Executed insert: INSERT INTO DEVICE_TYPE_CLUSTER (DEVICE_TYPE_REF, CLUSTER_NAME, INCLUDE_CLIENT, INCLUDE_SERVER, LOCK_CLIENT, LOCK_SERVER) VALUES (?,?,?,?,?,?): 86,Occupancy Sensing,false,false,false,true => rowid: 1239","v":1}
{"level":30,"time":1589725318137,"pid":31079,"hostname":"localhost.localdomain","msg":"Executed insert: INSERT INTO DEVICE_TYPE_CLUSTER (DEVICE_TYPE_REF, CLUSTER_NAME, INCLUDE_CLIENT, INCLUDE_SERVER, LOCK_CLIENT, LOCK_SERVER) VALUES (?,?,?,?,?,?): 86,Poll Control,false,false,false,true => rowid: 1240","v":1}
{"level":30,"time":1589725318137,"pid":31079,"hostname":"localhost.localdomain","msg":"Executed insert: INSERT INTO DEVICE_TYPE_CLUSTER (DEVICE_TYPE_REF, CLUSTER_NAME, INCLUDE_CLIENT, INCLUDE_SERVER, LOCK_CLIENT, LOCK_SERVER) VALUES (?,?,?,?,?,?): 86,Electrical Measurement,false,false,true,false => rowid: 1241","v":1}
{"level":30,"time":1589725318137,"pid":31079,"hostname":"localhost.localdomain","msg":"Executed insert: INSERT INTO DEVICE_TYPE_CLUSTER (DEVICE_TYPE_REF, CLUSTER_NAME, INCLUDE_CLIENT, INCLUDE_SERVER, LOCK_CLIENT, LOCK_SERVER) VALUES (?,?,?,?,?,?): 86,Time,false,false,false,true => rowid: 1242","v":1}
{"level":30,"time":1589725318137,"pid":31079,"hostname":"localhost.localdomain","msg":"Executed insert: INSERT INTO DEVICE_TYPE_CLUSTER (DEVICE_TYPE_REF, CLUSTER_NAME, INCLUDE_CLIENT, INCLUDE_SERVER, LOCK_CLIENT, LOCK_SERVER) VALUES (?,?,?,?,?,?): 86,Over the Air Bootloading,false,false,false,false => rowid: 1243","v":1}
{"level":30,"time":1589725318137,"pid":31079,"hostname":"localhost.localdomain","msg":"Executed insert: INSERT INTO DEVICE_TYPE_CLUSTER (DEVICE_TYPE_REF, CLUSTER_NAME, INCLUDE_CLIENT, INCLUDE_SERVER, LOCK_CLIENT, LOCK_SERVER) VALUES (?,?,?,?,?,?): 86,Partition,false,false,false,false => rowid: 1244","v":1}
{"level":30,"time":1589725318137,"pid":31079,"hostname":"localhost.localdomain","msg":"Preparing statement: INSERT INTO DEVICE_TYPE_ATTRIBUTE (DEVICE_TYPE_CLUSTER_REF, ATTRIBUTE_NAME) VALUES (?, ?) to insert 0 records.","v":1}
{"level":30,"time":1589725318137,"pid":31079,"hostname":"localhost.localdomain","msg":"Preparing statement: INSERT INTO DEVICE_TYPE_COMMAND (DEVICE_TYPE_CLUSTER_REF, COMMAND_NAME) VALUES (?, ?) to insert 0 records.","v":1}
{"level":30,"time":1589725318137,"pid":31079,"hostname":"localhost.localdomain","msg":"Executed insert: INSERT INTO DEVICE_TYPE_CLUSTER (DEVICE_TYPE_REF, CLUSTER_NAME, INCLUDE_CLIENT, INCLUDE_SERVER, LOCK_CLIENT, LOCK_SERVER) VALUES (?,?,?,?,?,?): 90,Basic,false,true,true,true => rowid: 1245","v":1}
{"level":30,"time":1589725318137,"pid":31079,"hostname":"localhost.localdomain","msg":"Executed insert: INSERT INTO DEVICE_TYPE_CLUSTER (DEVICE_TYPE_REF, CLUSTER_NAME, INCLUDE_CLIENT, INCLUDE_SERVER, LOCK_CLIENT, LOCK_SERVER) VALUES (?,?,?,?,?,?): 90,Identify,false,true,true,true => rowid: 1246","v":1}
{"level":30,"time":1589725318137,"pid":31079,"hostname":"localhost.localdomain","msg":"Executed insert: INSERT INTO DEVICE_TYPE_CLUSTER (DEVICE_TYPE_REF, CLUSTER_NAME, INCLUDE_CLIENT, INCLUDE_SERVER, LOCK_CLIENT, LOCK_SERVER) VALUES (?,?,?,?,?,?): 90,Power Configuration,false,false,true,false => rowid: 1247","v":1}
{"level":30,"time":1589725318137,"pid":31079,"hostname":"localhost.localdomain","msg":"Executed insert: INSERT INTO DEVICE_TYPE_CLUSTER (DEVICE_TYPE_REF, CLUSTER_NAME, INCLUDE_CLIENT, INCLUDE_SERVER, LOCK_CLIENT, LOCK_SERVER) VALUES (?,?,?,?,?,?): 90,Device Temperature Configuration,false,false,true,false => rowid: 1248","v":1}
{"level":30,"time":1589725318137,"pid":31079,"hostname":"localhost.localdomain","msg":"Executed insert: INSERT INTO DEVICE_TYPE_CLUSTER (DEVICE_TYPE_REF, CLUSTER_NAME, INCLUDE_CLIENT, INCLUDE_SERVER, LOCK_CLIENT, LOCK_SERVER) VALUES (?,?,?,?,?,?): 90,Alarms,false,false,true,false => rowid: 1249","v":1}
{"level":30,"time":1589725318137,"pid":31079,"hostname":"localhost.localdomain","msg":"Executed insert: INSERT INTO DEVICE_TYPE_CLUSTER (DEVICE_TYPE_REF, CLUSTER_NAME, INCLUDE_CLIENT, INCLUDE_SERVER, LOCK_CLIENT, LOCK_SERVER) VALUES (?,?,?,?,?,?): 90,On/off,false,true,true,true => rowid: 1250","v":1}
{"level":30,"time":1589725318137,"pid":31079,"hostname":"localhost.localdomain","msg":"Executed insert: INSERT INTO DEVICE_TYPE_CLUSTER (DEVICE_TYPE_REF, CLUSTER_NAME, INCLUDE_CLIENT, INCLUDE_SERVER, LOCK_CLIENT, LOCK_SERVER) VALUES (?,?,?,?,?,?): 90,Level control,false,true,true,true => rowid: 1251","v":1}
{"level":30,"time":1589725318137,"pid":31079,"hostname":"localhost.localdomain","msg":"Executed insert: INSERT INTO DEVICE_TYPE_CLUSTER (DEVICE_TYPE_REF, CLUSTER_NAME, INCLUDE_CLIENT, INCLUDE_SERVER, LOCK_CLIENT, LOCK_SERVER) VALUES (?,?,?,?,?,?): 90,Scenes,false,true,true,true => rowid: 1252","v":1}
{"level":30,"time":1589725318137,"pid":31079,"hostname":"localhost.localdomain","msg":"Executed insert: INSERT INTO DEVICE_TYPE_CLUSTER (DEVICE_TYPE_REF, CLUSTER_NAME, INCLUDE_CLIENT, INCLUDE_SERVER, LOCK_CLIENT, LOCK_SERVER) VALUES (?,?,?,?,?,?): 90,Groups,false,true,true,true => rowid: 1253","v":1}
{"level":30,"time":1589725318137,"pid":31079,"hostname":"localhost.localdomain","msg":"Executed insert: INSERT INTO DEVICE_TYPE_CLUSTER (DEVICE_TYPE_REF, CLUSTER_NAME, INCLUDE_CLIENT, INCLUDE_SERVER, LOCK_CLIENT, LOCK_SERVER) VALUES (?,?,?,?,?,?): 90,Occupancy Sensing,false,false,false,true => rowid: 1254","v":1}
{"level":30,"time":1589725318137,"pid":31079,"hostname":"localhost.localdomain","msg":"Executed insert: INSERT INTO DEVICE_TYPE_CLUSTER (DEVICE_TYPE_REF, CLUSTER_NAME, INCLUDE_CLIENT, INCLUDE_SERVER, LOCK_CLIENT, LOCK_SERVER) VALUES (?,?,?,?,?,?): 90,Poll Control,false,false,false,true => rowid: 1255","v":1}
{"level":30,"time":1589725318137,"pid":31079,"hostname":"localhost.localdomain","msg":"Executed insert: INSERT INTO DEVICE_TYPE_CLUSTER (DEVICE_TYPE_REF, CLUSTER_NAME, INCLUDE_CLIENT, INCLUDE_SERVER, LOCK_CLIENT, LOCK_SERVER) VALUES (?,?,?,?,?,?): 90,Electrical Measurement,false,false,true,false => rowid: 1256","v":1}
{"level":30,"time":1589725318137,"pid":31079,"hostname":"localhost.localdomain","msg":"Executed insert: INSERT INTO DEVICE_TYPE_CLUSTER (DEVICE_TYPE_REF, CLUSTER_NAME, INCLUDE_CLIENT, INCLUDE_SERVER, LOCK_CLIENT, LOCK_SERVER) VALUES (?,?,?,?,?,?): 90,Time,false,false,false,true => rowid: 1257","v":1}
{"level":30,"time":1589725318137,"pid":31079,"hostname":"localhost.localdomain","msg":"Executed insert: INSERT INTO DEVICE_TYPE_CLUSTER (DEVICE_TYPE_REF, CLUSTER_NAME, INCLUDE_CLIENT, INCLUDE_SERVER, LOCK_CLIENT, LOCK_SERVER) VALUES (?,?,?,?,?,?): 90,Over the Air Bootloading,false,false,false,false => rowid: 1258","v":1}
{"level":30,"time":1589725318137,"pid":31079,"hostname":"localhost.localdomain","msg":"Executed insert: INSERT INTO DEVICE_TYPE_CLUSTER (DEVICE_TYPE_REF, CLUSTER_NAME, INCLUDE_CLIENT, INCLUDE_SERVER, LOCK_CLIENT, LOCK_SERVER) VALUES (?,?,?,?,?,?): 35,Groups,false,true,true,true => rowid: 1259","v":1}
{"level":30,"time":1589725318137,"pid":31079,"hostname":"localhost.localdomain","msg":"Preparing statement: INSERT INTO DEVICE_TYPE_ATTRIBUTE (DEVICE_TYPE_CLUSTER_REF, ATTRIBUTE_NAME) VALUES (?, ?) to insert 0 records.","v":1}
{"level":30,"time":1589725318137,"pid":31079,"hostname":"localhost.localdomain","msg":"Preparing statement: INSERT INTO DEVICE_TYPE_COMMAND (DEVICE_TYPE_CLUSTER_REF, COMMAND_NAME) VALUES (?, ?) to insert 0 records.","v":1}
{"level":30,"time":1589725318137,"pid":31079,"hostname":"localhost.localdomain","msg":"Executed insert: INSERT INTO DEVICE_TYPE_CLUSTER (DEVICE_TYPE_REF, CLUSTER_NAME, INCLUDE_CLIENT, INCLUDE_SERVER, LOCK_CLIENT, LOCK_SERVER) VALUES (?,?,?,?,?,?): 94,Basic,false,true,true,true => rowid: 1260","v":1}
{"level":30,"time":1589725318137,"pid":31079,"hostname":"localhost.localdomain","msg":"Executed insert: INSERT INTO DEVICE_TYPE_CLUSTER (DEVICE_TYPE_REF, CLUSTER_NAME, INCLUDE_CLIENT, INCLUDE_SERVER, LOCK_CLIENT, LOCK_SERVER) VALUES (?,?,?,?,?,?): 94,Identify,false,true,true,true => rowid: 1261","v":1}
{"level":30,"time":1589725318137,"pid":31079,"hostname":"localhost.localdomain","msg":"Executed insert: INSERT INTO DEVICE_TYPE_CLUSTER (DEVICE_TYPE_REF, CLUSTER_NAME, INCLUDE_CLIENT, INCLUDE_SERVER, LOCK_CLIENT, LOCK_SERVER) VALUES (?,?,?,?,?,?): 94,Power Configuration,false,false,true,false => rowid: 1262","v":1}
{"level":30,"time":1589725318137,"pid":31079,"hostname":"localhost.localdomain","msg":"Executed insert: INSERT INTO DEVICE_TYPE_CLUSTER (DEVICE_TYPE_REF, CLUSTER_NAME, INCLUDE_CLIENT, INCLUDE_SERVER, LOCK_CLIENT, LOCK_SERVER) VALUES (?,?,?,?,?,?): 94,Device Temperature Configuration,false,false,true,false => rowid: 1263","v":1}
{"level":30,"time":1589725318137,"pid":31079,"hostname":"localhost.localdomain","msg":"Executed insert: INSERT INTO DEVICE_TYPE_CLUSTER (DEVICE_TYPE_REF, CLUSTER_NAME, INCLUDE_CLIENT, INCLUDE_SERVER, LOCK_CLIENT, LOCK_SERVER) VALUES (?,?,?,?,?,?): 94,Alarms,false,false,true,false => rowid: 1264","v":1}
{"level":30,"time":1589725318138,"pid":31079,"hostname":"localhost.localdomain","msg":"Executed insert: INSERT INTO DEVICE_TYPE_CLUSTER (DEVICE_TYPE_REF, CLUSTER_NAME, INCLUDE_CLIENT, INCLUDE_SERVER, LOCK_CLIENT, LOCK_SERVER) VALUES (?,?,?,?,?,?): 94,On/off,false,true,true,true => rowid: 1265","v":1}
{"level":30,"time":1589725318138,"pid":31079,"hostname":"localhost.localdomain","msg":"Executed insert: INSERT INTO DEVICE_TYPE_CLUSTER (DEVICE_TYPE_REF, CLUSTER_NAME, INCLUDE_CLIENT, INCLUDE_SERVER, LOCK_CLIENT, LOCK_SERVER) VALUES (?,?,?,?,?,?): 94,Level control,false,true,true,true => rowid: 1266","v":1}
{"level":30,"time":1589725318138,"pid":31079,"hostname":"localhost.localdomain","msg":"Executed insert: INSERT INTO DEVICE_TYPE_CLUSTER (DEVICE_TYPE_REF, CLUSTER_NAME, INCLUDE_CLIENT, INCLUDE_SERVER, LOCK_CLIENT, LOCK_SERVER) VALUES (?,?,?,?,?,?): 94,Color control,false,true,true,true => rowid: 1267","v":1}
{"level":30,"time":1589725318138,"pid":31079,"hostname":"localhost.localdomain","msg":"Executed insert: INSERT INTO DEVICE_TYPE_CLUSTER (DEVICE_TYPE_REF, CLUSTER_NAME, INCLUDE_CLIENT, INCLUDE_SERVER, LOCK_CLIENT, LOCK_SERVER) VALUES (?,?,?,?,?,?): 94,Scenes,false,true,true,true => rowid: 1268","v":1}
{"level":30,"time":1589725318138,"pid":31079,"hostname":"localhost.localdomain","msg":"Executed insert: INSERT INTO DEVICE_TYPE_CLUSTER (DEVICE_TYPE_REF, CLUSTER_NAME, INCLUDE_CLIENT, INCLUDE_SERVER, LOCK_CLIENT, LOCK_SERVER) VALUES (?,?,?,?,?,?): 94,Groups,false,true,true,true => rowid: 1269","v":1}
{"level":30,"time":1589725318138,"pid":31079,"hostname":"localhost.localdomain","msg":"Executed insert: INSERT INTO DEVICE_TYPE_CLUSTER (DEVICE_TYPE_REF, CLUSTER_NAME, INCLUDE_CLIENT, INCLUDE_SERVER, LOCK_CLIENT, LOCK_SERVER) VALUES (?,?,?,?,?,?): 94,Occupancy Sensing,false,false,false,true => rowid: 1270","v":1}
{"level":30,"time":1589725318138,"pid":31079,"hostname":"localhost.localdomain","msg":"Executed insert: INSERT INTO DEVICE_TYPE_CLUSTER (DEVICE_TYPE_REF, CLUSTER_NAME, INCLUDE_CLIENT, INCLUDE_SERVER, LOCK_CLIENT, LOCK_SERVER) VALUES (?,?,?,?,?,?): 94,Poll Control,false,false,false,true => rowid: 1271","v":1}
{"level":30,"time":1589725318138,"pid":31079,"hostname":"localhost.localdomain","msg":"Executed insert: INSERT INTO DEVICE_TYPE_CLUSTER (DEVICE_TYPE_REF, CLUSTER_NAME, INCLUDE_CLIENT, INCLUDE_SERVER, LOCK_CLIENT, LOCK_SERVER) VALUES (?,?,?,?,?,?): 94,Electrical Measurement,false,false,true,false => rowid: 1272","v":1}
{"level":30,"time":1589725318138,"pid":31079,"hostname":"localhost.localdomain","msg":"Executed insert: INSERT INTO DEVICE_TYPE_CLUSTER (DEVICE_TYPE_REF, CLUSTER_NAME, INCLUDE_CLIENT, INCLUDE_SERVER, LOCK_CLIENT, LOCK_SERVER) VALUES (?,?,?,?,?,?): 94,Time,false,false,false,true => rowid: 1273","v":1}
{"level":30,"time":1589725318138,"pid":31079,"hostname":"localhost.localdomain","msg":"Executed insert: INSERT INTO DEVICE_TYPE_CLUSTER (DEVICE_TYPE_REF, CLUSTER_NAME, INCLUDE_CLIENT, INCLUDE_SERVER, LOCK_CLIENT, LOCK_SERVER) VALUES (?,?,?,?,?,?): 94,Over the Air Bootloading,false,false,false,false => rowid: 1274","v":1}
{"level":30,"time":1589725318138,"pid":31079,"hostname":"localhost.localdomain","msg":"Executed insert: INSERT INTO DEVICE_TYPE_CLUSTER (DEVICE_TYPE_REF, CLUSTER_NAME, INCLUDE_CLIENT, INCLUDE_SERVER, LOCK_CLIENT, LOCK_SERVER) VALUES (?,?,?,?,?,?): 94,Partition,false,false,false,false => rowid: 1275","v":1}
{"level":30,"time":1589725318138,"pid":31079,"hostname":"localhost.localdomain","msg":"Preparing statement: INSERT INTO DEVICE_TYPE_ATTRIBUTE (DEVICE_TYPE_CLUSTER_REF, ATTRIBUTE_NAME) VALUES (?, ?) to insert 0 records.","v":1}
{"level":30,"time":1589725318138,"pid":31079,"hostname":"localhost.localdomain","msg":"Preparing statement: INSERT INTO DEVICE_TYPE_COMMAND (DEVICE_TYPE_CLUSTER_REF, COMMAND_NAME) VALUES (?, ?) to insert 0 records.","v":1}
{"level":30,"time":1589725318138,"pid":31079,"hostname":"localhost.localdomain","msg":"Executed insert: INSERT INTO DEVICE_TYPE_CLUSTER (DEVICE_TYPE_REF, CLUSTER_NAME, INCLUDE_CLIENT, INCLUDE_SERVER, LOCK_CLIENT, LOCK_SERVER) VALUES (?,?,?,?,?,?): 98,Basic,false,true,true,true => rowid: 1276","v":1}
{"level":30,"time":1589725318138,"pid":31079,"hostname":"localhost.localdomain","msg":"Executed insert: INSERT INTO DEVICE_TYPE_CLUSTER (DEVICE_TYPE_REF, CLUSTER_NAME, INCLUDE_CLIENT, INCLUDE_SERVER, LOCK_CLIENT, LOCK_SERVER) VALUES (?,?,?,?,?,?): 98,Identify,true,true,true,true => rowid: 1277","v":1}
{"level":30,"time":1589725318138,"pid":31079,"hostname":"localhost.localdomain","msg":"Executed insert: INSERT INTO DEVICE_TYPE_CLUSTER (DEVICE_TYPE_REF, CLUSTER_NAME, INCLUDE_CLIENT, INCLUDE_SERVER, LOCK_CLIENT, LOCK_SERVER) VALUES (?,?,?,?,?,?): 98,Power Configuration,false,false,true,false => rowid: 1278","v":1}
{"level":30,"time":1589725318138,"pid":31079,"hostname":"localhost.localdomain","msg":"Executed insert: INSERT INTO DEVICE_TYPE_CLUSTER (DEVICE_TYPE_REF, CLUSTER_NAME, INCLUDE_CLIENT, INCLUDE_SERVER, LOCK_CLIENT, LOCK_SERVER) VALUES (?,?,?,?,?,?): 98,Device Temperature Configuration,false,false,true,false => rowid: 1279","v":1}
{"level":30,"time":1589725318138,"pid":31079,"hostname":"localhost.localdomain","msg":"Executed insert: INSERT INTO DEVICE_TYPE_CLUSTER (DEVICE_TYPE_REF, CLUSTER_NAME, INCLUDE_CLIENT, INCLUDE_SERVER, LOCK_CLIENT, LOCK_SERVER) VALUES (?,?,?,?,?,?): 98,Alarms,false,false,true,false => rowid: 1280","v":1}
{"level":30,"time":1589725318138,"pid":31079,"hostname":"localhost.localdomain","msg":"Executed insert: INSERT INTO DEVICE_TYPE_CLUSTER (DEVICE_TYPE_REF, CLUSTER_NAME, INCLUDE_CLIENT, INCLUDE_SERVER, LOCK_CLIENT, LOCK_SERVER) VALUES (?,?,?,?,?,?): 98,On/off,true,false,true,true => rowid: 1281","v":1}
{"level":30,"time":1589725318138,"pid":31079,"hostname":"localhost.localdomain","msg":"Executed insert: INSERT INTO DEVICE_TYPE_CLUSTER (DEVICE_TYPE_REF, CLUSTER_NAME, INCLUDE_CLIENT, INCLUDE_SERVER, LOCK_CLIENT, LOCK_SERVER) VALUES (?,?,?,?,?,?): 98,Scenes,false,false,false,true => rowid: 1282","v":1}
{"level":30,"time":1589725318138,"pid":31079,"hostname":"localhost.localdomain","msg":"Executed insert: INSERT INTO DEVICE_TYPE_CLUSTER (DEVICE_TYPE_REF, CLUSTER_NAME, INCLUDE_CLIENT, INCLUDE_SERVER, LOCK_CLIENT, LOCK_SERVER) VALUES (?,?,?,?,?,?): 98,Groups,false,false,false,true => rowid: 1283","v":1}
{"level":30,"time":1589725318138,"pid":31079,"hostname":"localhost.localdomain","msg":"Executed insert: INSERT INTO DEVICE_TYPE_CLUSTER (DEVICE_TYPE_REF, CLUSTER_NAME, INCLUDE_CLIENT, INCLUDE_SERVER, LOCK_CLIENT, LOCK_SERVER) VALUES (?,?,?,?,?,?): 98,On/Off Switch Configuration,false,false,true,false => rowid: 1284","v":1}
{"level":30,"time":1589725318138,"pid":31079,"hostname":"localhost.localdomain","msg":"Executed insert: INSERT INTO DEVICE_TYPE_CLUSTER (DEVICE_TYPE_REF, CLUSTER_NAME, INCLUDE_CLIENT, INCLUDE_SERVER, LOCK_CLIENT, LOCK_SERVER) VALUES (?,?,?,?,?,?): 98,Poll Control,false,false,true,false => rowid: 1285","v":1}
{"level":30,"time":1589725318138,"pid":31079,"hostname":"localhost.localdomain","msg":"Executed insert: INSERT INTO DEVICE_TYPE_CLUSTER (DEVICE_TYPE_REF, CLUSTER_NAME, INCLUDE_CLIENT, INCLUDE_SERVER, LOCK_CLIENT, LOCK_SERVER) VALUES (?,?,?,?,?,?): 98,Electrical Measurement,false,false,true,false => rowid: 1286","v":1}
{"level":30,"time":1589725318138,"pid":31079,"hostname":"localhost.localdomain","msg":"Executed insert: INSERT INTO DEVICE_TYPE_CLUSTER (DEVICE_TYPE_REF, CLUSTER_NAME, INCLUDE_CLIENT, INCLUDE_SERVER, LOCK_CLIENT, LOCK_SERVER) VALUES (?,?,?,?,?,?): 98,Time,false,false,false,true => rowid: 1287","v":1}
{"level":30,"time":1589725318138,"pid":31079,"hostname":"localhost.localdomain","msg":"Executed insert: INSERT INTO DEVICE_TYPE_CLUSTER (DEVICE_TYPE_REF, CLUSTER_NAME, INCLUDE_CLIENT, INCLUDE_SERVER, LOCK_CLIENT, LOCK_SERVER) VALUES (?,?,?,?,?,?): 98,Over the Air Bootloading,false,false,false,false => rowid: 1288","v":1}
{"level":30,"time":1589725318138,"pid":31079,"hostname":"localhost.localdomain","msg":"Executed insert: INSERT INTO DEVICE_TYPE_CLUSTER (DEVICE_TYPE_REF, CLUSTER_NAME, INCLUDE_CLIENT, INCLUDE_SERVER, LOCK_CLIENT, LOCK_SERVER) VALUES (?,?,?,?,?,?): 98,Partition,false,false,false,false => rowid: 1289","v":1}
{"level":30,"time":1589725318138,"pid":31079,"hostname":"localhost.localdomain","msg":"Preparing statement: INSERT INTO DEVICE_TYPE_ATTRIBUTE (DEVICE_TYPE_CLUSTER_REF, ATTRIBUTE_NAME) VALUES (?, ?) to insert 0 records.","v":1}
{"level":30,"time":1589725318138,"pid":31079,"hostname":"localhost.localdomain","msg":"Preparing statement: INSERT INTO DEVICE_TYPE_COMMAND (DEVICE_TYPE_CLUSTER_REF, COMMAND_NAME) VALUES (?, ?) to insert 0 records.","v":1}
{"level":30,"time":1589725318138,"pid":31079,"hostname":"localhost.localdomain","msg":"Executed insert: INSERT INTO DEVICE_TYPE_CLUSTER (DEVICE_TYPE_REF, CLUSTER_NAME, INCLUDE_CLIENT, INCLUDE_SERVER, LOCK_CLIENT, LOCK_SERVER) VALUES (?,?,?,?,?,?): 102,Basic,false,true,true,true => rowid: 1290","v":1}
{"level":30,"time":1589725318138,"pid":31079,"hostname":"localhost.localdomain","msg":"Executed insert: INSERT INTO DEVICE_TYPE_CLUSTER (DEVICE_TYPE_REF, CLUSTER_NAME, INCLUDE_CLIENT, INCLUDE_SERVER, LOCK_CLIENT, LOCK_SERVER) VALUES (?,?,?,?,?,?): 102,Identify,true,true,true,true => rowid: 1291","v":1}
{"level":30,"time":1589725318138,"pid":31079,"hostname":"localhost.localdomain","msg":"Executed insert: INSERT INTO DEVICE_TYPE_CLUSTER (DEVICE_TYPE_REF, CLUSTER_NAME, INCLUDE_CLIENT, INCLUDE_SERVER, LOCK_CLIENT, LOCK_SERVER) VALUES (?,?,?,?,?,?): 102,Power Configuration,false,false,true,false => rowid: 1292","v":1}
{"level":30,"time":1589725318138,"pid":31079,"hostname":"localhost.localdomain","msg":"Executed insert: INSERT INTO DEVICE_TYPE_CLUSTER (DEVICE_TYPE_REF, CLUSTER_NAME, INCLUDE_CLIENT, INCLUDE_SERVER, LOCK_CLIENT, LOCK_SERVER) VALUES (?,?,?,?,?,?): 102,Device Temperature Configuration,false,false,true,false => rowid: 1293","v":1}
{"level":30,"time":1589725318138,"pid":31079,"hostname":"localhost.localdomain","msg":"Executed insert: INSERT INTO DEVICE_TYPE_CLUSTER (DEVICE_TYPE_REF, CLUSTER_NAME, INCLUDE_CLIENT, INCLUDE_SERVER, LOCK_CLIENT, LOCK_SERVER) VALUES (?,?,?,?,?,?): 102,Alarms,false,false,true,false => rowid: 1294","v":1}
{"level":30,"time":1589725318138,"pid":31079,"hostname":"localhost.localdomain","msg":"Executed insert: INSERT INTO DEVICE_TYPE_CLUSTER (DEVICE_TYPE_REF, CLUSTER_NAME, INCLUDE_CLIENT, INCLUDE_SERVER, LOCK_CLIENT, LOCK_SERVER) VALUES (?,?,?,?,?,?): 102,On/off,true,false,true,true => rowid: 1295","v":1}
{"level":30,"time":1589725318138,"pid":31079,"hostname":"localhost.localdomain","msg":"Executed insert: INSERT INTO DEVICE_TYPE_CLUSTER (DEVICE_TYPE_REF, CLUSTER_NAME, INCLUDE_CLIENT, INCLUDE_SERVER, LOCK_CLIENT, LOCK_SERVER) VALUES (?,?,?,?,?,?): 102,Level control,true,false,true,true => rowid: 1296","v":1}
{"level":30,"time":1589725318138,"pid":31079,"hostname":"localhost.localdomain","msg":"Executed insert: INSERT INTO DEVICE_TYPE_CLUSTER (DEVICE_TYPE_REF, CLUSTER_NAME, INCLUDE_CLIENT, INCLUDE_SERVER, LOCK_CLIENT, LOCK_SERVER) VALUES (?,?,?,?,?,?): 102,Scenes,false,false,false,true => rowid: 1297","v":1}
{"level":30,"time":1589725318138,"pid":31079,"hostname":"localhost.localdomain","msg":"Executed insert: INSERT INTO DEVICE_TYPE_CLUSTER (DEVICE_TYPE_REF, CLUSTER_NAME, INCLUDE_CLIENT, INCLUDE_SERVER, LOCK_CLIENT, LOCK_SERVER) VALUES (?,?,?,?,?,?): 102,On/Off Switch Configuration,false,false,true,false => rowid: 1298","v":1}
{"level":30,"time":1589725318138,"pid":31079,"hostname":"localhost.localdomain","msg":"Executed insert: INSERT INTO DEVICE_TYPE_CLUSTER (DEVICE_TYPE_REF, CLUSTER_NAME, INCLUDE_CLIENT, INCLUDE_SERVER, LOCK_CLIENT, LOCK_SERVER) VALUES (?,?,?,?,?,?): 102,Groups,false,false,false,true => rowid: 1299","v":1}
{"level":30,"time":1589725318139,"pid":31079,"hostname":"localhost.localdomain","msg":"Executed insert: INSERT INTO DEVICE_TYPE_CLUSTER (DEVICE_TYPE_REF, CLUSTER_NAME, INCLUDE_CLIENT, INCLUDE_SERVER, LOCK_CLIENT, LOCK_SERVER) VALUES (?,?,?,?,?,?): 102,Poll Control,false,false,true,false => rowid: 1300","v":1}
{"level":30,"time":1589725318139,"pid":31079,"hostname":"localhost.localdomain","msg":"Executed insert: INSERT INTO DEVICE_TYPE_CLUSTER (DEVICE_TYPE_REF, CLUSTER_NAME, INCLUDE_CLIENT, INCLUDE_SERVER, LOCK_CLIENT, LOCK_SERVER) VALUES (?,?,?,?,?,?): 102,Electrical Measurement,false,false,true,false => rowid: 1301","v":1}
{"level":30,"time":1589725318139,"pid":31079,"hostname":"localhost.localdomain","msg":"Executed insert: INSERT INTO DEVICE_TYPE_CLUSTER (DEVICE_TYPE_REF, CLUSTER_NAME, INCLUDE_CLIENT, INCLUDE_SERVER, LOCK_CLIENT, LOCK_SERVER) VALUES (?,?,?,?,?,?): 102,Time,false,false,false,true => rowid: 1302","v":1}
{"level":30,"time":1589725318139,"pid":31079,"hostname":"localhost.localdomain","msg":"Executed insert: INSERT INTO DEVICE_TYPE_CLUSTER (DEVICE_TYPE_REF, CLUSTER_NAME, INCLUDE_CLIENT, INCLUDE_SERVER, LOCK_CLIENT, LOCK_SERVER) VALUES (?,?,?,?,?,?): 102,Partition,false,false,false,false => rowid: 1303","v":1}
{"level":30,"time":1589725318139,"pid":31079,"hostname":"localhost.localdomain","msg":"Executed insert: INSERT INTO DEVICE_TYPE_CLUSTER (DEVICE_TYPE_REF, CLUSTER_NAME, INCLUDE_CLIENT, INCLUDE_SERVER, LOCK_CLIENT, LOCK_SERVER) VALUES (?,?,?,?,?,?): 102,Over the Air Bootloading,false,false,false,false => rowid: 1304","v":1}
{"level":30,"time":1589725318139,"pid":31079,"hostname":"localhost.localdomain","msg":"Preparing statement: INSERT INTO DEVICE_TYPE_ATTRIBUTE (DEVICE_TYPE_CLUSTER_REF, ATTRIBUTE_NAME) VALUES (?, ?) to insert 0 records.","v":1}
{"level":30,"time":1589725318139,"pid":31079,"hostname":"localhost.localdomain","msg":"Preparing statement: INSERT INTO DEVICE_TYPE_COMMAND (DEVICE_TYPE_CLUSTER_REF, COMMAND_NAME) VALUES (?, ?) to insert 0 records.","v":1}
{"level":30,"time":1589725318139,"pid":31079,"hostname":"localhost.localdomain","msg":"Executed insert: INSERT INTO DEVICE_TYPE_CLUSTER (DEVICE_TYPE_REF, CLUSTER_NAME, INCLUDE_CLIENT, INCLUDE_SERVER, LOCK_CLIENT, LOCK_SERVER) VALUES (?,?,?,?,?,?): 106,Basic,false,true,true,true => rowid: 1305","v":1}
{"level":30,"time":1589725318139,"pid":31079,"hostname":"localhost.localdomain","msg":"Executed insert: INSERT INTO DEVICE_TYPE_CLUSTER (DEVICE_TYPE_REF, CLUSTER_NAME, INCLUDE_CLIENT, INCLUDE_SERVER, LOCK_CLIENT, LOCK_SERVER) VALUES (?,?,?,?,?,?): 106,Identify,true,true,true,true => rowid: 1306","v":1}
{"level":30,"time":1589725318139,"pid":31079,"hostname":"localhost.localdomain","msg":"Executed insert: INSERT INTO DEVICE_TYPE_CLUSTER (DEVICE_TYPE_REF, CLUSTER_NAME, INCLUDE_CLIENT, INCLUDE_SERVER, LOCK_CLIENT, LOCK_SERVER) VALUES (?,?,?,?,?,?): 106,Power Configuration,false,false,true,false => rowid: 1307","v":1}
{"level":30,"time":1589725318139,"pid":31079,"hostname":"localhost.localdomain","msg":"Executed insert: INSERT INTO DEVICE_TYPE_CLUSTER (DEVICE_TYPE_REF, CLUSTER_NAME, INCLUDE_CLIENT, INCLUDE_SERVER, LOCK_CLIENT, LOCK_SERVER) VALUES (?,?,?,?,?,?): 106,Device Temperature Configuration,false,false,true,false => rowid: 1308","v":1}
{"level":30,"time":1589725318139,"pid":31079,"hostname":"localhost.localdomain","msg":"Executed insert: INSERT INTO DEVICE_TYPE_CLUSTER (DEVICE_TYPE_REF, CLUSTER_NAME, INCLUDE_CLIENT, INCLUDE_SERVER, LOCK_CLIENT, LOCK_SERVER) VALUES (?,?,?,?,?,?): 106,Alarms,false,false,true,false => rowid: 1309","v":1}
{"level":30,"time":1589725318139,"pid":31079,"hostname":"localhost.localdomain","msg":"Executed insert: INSERT INTO DEVICE_TYPE_CLUSTER (DEVICE_TYPE_REF, CLUSTER_NAME, INCLUDE_CLIENT, INCLUDE_SERVER, LOCK_CLIENT, LOCK_SERVER) VALUES (?,?,?,?,?,?): 106,On/off,true,false,true,true => rowid: 1310","v":1}
{"level":30,"time":1589725318139,"pid":31079,"hostname":"localhost.localdomain","msg":"Executed insert: INSERT INTO DEVICE_TYPE_CLUSTER (DEVICE_TYPE_REF, CLUSTER_NAME, INCLUDE_CLIENT, INCLUDE_SERVER, LOCK_CLIENT, LOCK_SERVER) VALUES (?,?,?,?,?,?): 106,Level control,true,false,true,true => rowid: 1311","v":1}
{"level":30,"time":1589725318139,"pid":31079,"hostname":"localhost.localdomain","msg":"Executed insert: INSERT INTO DEVICE_TYPE_CLUSTER (DEVICE_TYPE_REF, CLUSTER_NAME, INCLUDE_CLIENT, INCLUDE_SERVER, LOCK_CLIENT, LOCK_SERVER) VALUES (?,?,?,?,?,?): 106,Color control,true,false,true,true => rowid: 1312","v":1}
{"level":30,"time":1589725318139,"pid":31079,"hostname":"localhost.localdomain","msg":"Executed insert: INSERT INTO DEVICE_TYPE_CLUSTER (DEVICE_TYPE_REF, CLUSTER_NAME, INCLUDE_CLIENT, INCLUDE_SERVER, LOCK_CLIENT, LOCK_SERVER) VALUES (?,?,?,?,?,?): 106,On/Off Switch Configuration,false,false,true,false => rowid: 1313","v":1}
{"level":30,"time":1589725318139,"pid":31079,"hostname":"localhost.localdomain","msg":"Executed insert: INSERT INTO DEVICE_TYPE_CLUSTER (DEVICE_TYPE_REF, CLUSTER_NAME, INCLUDE_CLIENT, INCLUDE_SERVER, LOCK_CLIENT, LOCK_SERVER) VALUES (?,?,?,?,?,?): 106,Scenes,false,false,false,true => rowid: 1314","v":1}
{"level":30,"time":1589725318139,"pid":31079,"hostname":"localhost.localdomain","msg":"Executed insert: INSERT INTO DEVICE_TYPE_CLUSTER (DEVICE_TYPE_REF, CLUSTER_NAME, INCLUDE_CLIENT, INCLUDE_SERVER, LOCK_CLIENT, LOCK_SERVER) VALUES (?,?,?,?,?,?): 106,Groups,false,false,false,true => rowid: 1315","v":1}
{"level":30,"time":1589725318139,"pid":31079,"hostname":"localhost.localdomain","msg":"Executed insert: INSERT INTO DEVICE_TYPE_CLUSTER (DEVICE_TYPE_REF, CLUSTER_NAME, INCLUDE_CLIENT, INCLUDE_SERVER, LOCK_CLIENT, LOCK_SERVER) VALUES (?,?,?,?,?,?): 106,Poll Control,false,false,true,false => rowid: 1316","v":1}
{"level":30,"time":1589725318139,"pid":31079,"hostname":"localhost.localdomain","msg":"Executed insert: INSERT INTO DEVICE_TYPE_CLUSTER (DEVICE_TYPE_REF, CLUSTER_NAME, INCLUDE_CLIENT, INCLUDE_SERVER, LOCK_CLIENT, LOCK_SERVER) VALUES (?,?,?,?,?,?): 106,Electrical Measurement,false,false,true,false => rowid: 1317","v":1}
{"level":30,"time":1589725318139,"pid":31079,"hostname":"localhost.localdomain","msg":"Executed insert: INSERT INTO DEVICE_TYPE_CLUSTER (DEVICE_TYPE_REF, CLUSTER_NAME, INCLUDE_CLIENT, INCLUDE_SERVER, LOCK_CLIENT, LOCK_SERVER) VALUES (?,?,?,?,?,?): 106,Time,false,false,false,true => rowid: 1318","v":1}
{"level":30,"time":1589725318139,"pid":31079,"hostname":"localhost.localdomain","msg":"Executed insert: INSERT INTO DEVICE_TYPE_CLUSTER (DEVICE_TYPE_REF, CLUSTER_NAME, INCLUDE_CLIENT, INCLUDE_SERVER, LOCK_CLIENT, LOCK_SERVER) VALUES (?,?,?,?,?,?): 106,Over the Air Bootloading,false,false,false,false => rowid: 1319","v":1}
{"level":30,"time":1589725318139,"pid":31079,"hostname":"localhost.localdomain","msg":"Executed insert: INSERT INTO DEVICE_TYPE_CLUSTER (DEVICE_TYPE_REF, CLUSTER_NAME, INCLUDE_CLIENT, INCLUDE_SERVER, LOCK_CLIENT, LOCK_SERVER) VALUES (?,?,?,?,?,?): 106,Partition,false,false,false,false => rowid: 1320","v":1}
{"level":30,"time":1589725318139,"pid":31079,"hostname":"localhost.localdomain","msg":"Preparing statement: INSERT INTO DEVICE_TYPE_ATTRIBUTE (DEVICE_TYPE_CLUSTER_REF, ATTRIBUTE_NAME) VALUES (?, ?) to insert 0 records.","v":1}
{"level":30,"time":1589725318139,"pid":31079,"hostname":"localhost.localdomain","msg":"Preparing statement: INSERT INTO DEVICE_TYPE_COMMAND (DEVICE_TYPE_CLUSTER_REF, COMMAND_NAME) VALUES (?, ?) to insert 0 records.","v":1}
{"level":30,"time":1589725318139,"pid":31079,"hostname":"localhost.localdomain","msg":"Executed insert: INSERT INTO DEVICE_TYPE_CLUSTER (DEVICE_TYPE_REF, CLUSTER_NAME, INCLUDE_CLIENT, INCLUDE_SERVER, LOCK_CLIENT, LOCK_SERVER) VALUES (?,?,?,?,?,?): 110,Basic,false,true,true,true => rowid: 1321","v":1}
{"level":30,"time":1589725318139,"pid":31079,"hostname":"localhost.localdomain","msg":"Executed insert: INSERT INTO DEVICE_TYPE_CLUSTER (DEVICE_TYPE_REF, CLUSTER_NAME, INCLUDE_CLIENT, INCLUDE_SERVER, LOCK_CLIENT, LOCK_SERVER) VALUES (?,?,?,?,?,?): 110,Identify,true,true,true,true => rowid: 1322","v":1}
{"level":30,"time":1589725318139,"pid":31079,"hostname":"localhost.localdomain","msg":"Executed insert: INSERT INTO DEVICE_TYPE_CLUSTER (DEVICE_TYPE_REF, CLUSTER_NAME, INCLUDE_CLIENT, INCLUDE_SERVER, LOCK_CLIENT, LOCK_SERVER) VALUES (?,?,?,?,?,?): 110,Power Configuration,false,false,true,false => rowid: 1323","v":1}
{"level":30,"time":1589725318139,"pid":31079,"hostname":"localhost.localdomain","msg":"Executed insert: INSERT INTO DEVICE_TYPE_CLUSTER (DEVICE_TYPE_REF, CLUSTER_NAME, INCLUDE_CLIENT, INCLUDE_SERVER, LOCK_CLIENT, LOCK_SERVER) VALUES (?,?,?,?,?,?): 110,Device Temperature Configuration,false,false,true,false => rowid: 1324","v":1}
{"level":30,"time":1589725318139,"pid":31079,"hostname":"localhost.localdomain","msg":"Executed insert: INSERT INTO DEVICE_TYPE_CLUSTER (DEVICE_TYPE_REF, CLUSTER_NAME, INCLUDE_CLIENT, INCLUDE_SERVER, LOCK_CLIENT, LOCK_SERVER) VALUES (?,?,?,?,?,?): 110,Alarms,false,false,true,false => rowid: 1325","v":1}
{"level":30,"time":1589725318139,"pid":31079,"hostname":"localhost.localdomain","msg":"Executed insert: INSERT INTO DEVICE_TYPE_CLUSTER (DEVICE_TYPE_REF, CLUSTER_NAME, INCLUDE_CLIENT, INCLUDE_SERVER, LOCK_CLIENT, LOCK_SERVER) VALUES (?,?,?,?,?,?): 110,Illuminance measurement,false,true,true,true => rowid: 1326","v":1}
{"level":30,"time":1589725318139,"pid":31079,"hostname":"localhost.localdomain","msg":"Executed insert: INSERT INTO DEVICE_TYPE_CLUSTER (DEVICE_TYPE_REF, CLUSTER_NAME, INCLUDE_CLIENT, INCLUDE_SERVER, LOCK_CLIENT, LOCK_SERVER) VALUES (?,?,?,?,?,?): 110,Groups,false,false,false,true => rowid: 1327","v":1}
{"level":30,"time":1589725318139,"pid":31079,"hostname":"localhost.localdomain","msg":"Executed insert: INSERT INTO DEVICE_TYPE_CLUSTER (DEVICE_TYPE_REF, CLUSTER_NAME, INCLUDE_CLIENT, INCLUDE_SERVER, LOCK_CLIENT, LOCK_SERVER) VALUES (?,?,?,?,?,?): 110,Poll Control,false,false,true,false => rowid: 1328","v":1}
{"level":30,"time":1589725318139,"pid":31079,"hostname":"localhost.localdomain","msg":"Executed insert: INSERT INTO DEVICE_TYPE_CLUSTER (DEVICE_TYPE_REF, CLUSTER_NAME, INCLUDE_CLIENT, INCLUDE_SERVER, LOCK_CLIENT, LOCK_SERVER) VALUES (?,?,?,?,?,?): 110,Electrical Measurement,false,false,true,false => rowid: 1329","v":1}
{"level":30,"time":1589725318139,"pid":31079,"hostname":"localhost.localdomain","msg":"Executed insert: INSERT INTO DEVICE_TYPE_CLUSTER (DEVICE_TYPE_REF, CLUSTER_NAME, INCLUDE_CLIENT, INCLUDE_SERVER, LOCK_CLIENT, LOCK_SERVER) VALUES (?,?,?,?,?,?): 110,Time,false,false,false,true => rowid: 1330","v":1}
{"level":30,"time":1589725318139,"pid":31079,"hostname":"localhost.localdomain","msg":"Executed insert: INSERT INTO DEVICE_TYPE_CLUSTER (DEVICE_TYPE_REF, CLUSTER_NAME, INCLUDE_CLIENT, INCLUDE_SERVER, LOCK_CLIENT, LOCK_SERVER) VALUES (?,?,?,?,?,?): 110,Over the Air Bootloading,false,false,false,false => rowid: 1331","v":1}
{"level":30,"time":1589725318139,"pid":31079,"hostname":"localhost.localdomain","msg":"Executed insert: INSERT INTO DEVICE_TYPE_CLUSTER (DEVICE_TYPE_REF, CLUSTER_NAME, INCLUDE_CLIENT, INCLUDE_SERVER, LOCK_CLIENT, LOCK_SERVER) VALUES (?,?,?,?,?,?): 110,Partition,false,false,false,false => rowid: 1332","v":1}
{"level":30,"time":1589725318139,"pid":31079,"hostname":"localhost.localdomain","msg":"Preparing statement: INSERT INTO DEVICE_TYPE_ATTRIBUTE (DEVICE_TYPE_CLUSTER_REF, ATTRIBUTE_NAME) VALUES (?, ?) to insert 0 records.","v":1}
{"level":30,"time":1589725318139,"pid":31079,"hostname":"localhost.localdomain","msg":"Preparing statement: INSERT INTO DEVICE_TYPE_COMMAND (DEVICE_TYPE_CLUSTER_REF, COMMAND_NAME) VALUES (?, ?) to insert 0 records.","v":1}
{"level":30,"time":1589725318140,"pid":31079,"hostname":"localhost.localdomain","msg":"Executed insert: INSERT INTO DEVICE_TYPE_CLUSTER (DEVICE_TYPE_REF, CLUSTER_NAME, INCLUDE_CLIENT, INCLUDE_SERVER, LOCK_CLIENT, LOCK_SERVER) VALUES (?,?,?,?,?,?): 113,Basic,false,true,true,true => rowid: 1333","v":1}
{"level":30,"time":1589725318140,"pid":31079,"hostname":"localhost.localdomain","msg":"Executed insert: INSERT INTO DEVICE_TYPE_CLUSTER (DEVICE_TYPE_REF, CLUSTER_NAME, INCLUDE_CLIENT, INCLUDE_SERVER, LOCK_CLIENT, LOCK_SERVER) VALUES (?,?,?,?,?,?): 113,Identify,true,true,true,true => rowid: 1334","v":1}
{"level":30,"time":1589725318140,"pid":31079,"hostname":"localhost.localdomain","msg":"Executed insert: INSERT INTO DEVICE_TYPE_CLUSTER (DEVICE_TYPE_REF, CLUSTER_NAME, INCLUDE_CLIENT, INCLUDE_SERVER, LOCK_CLIENT, LOCK_SERVER) VALUES (?,?,?,?,?,?): 113,Power Configuration,false,false,true,false => rowid: 1335","v":1}
{"level":30,"time":1589725318140,"pid":31079,"hostname":"localhost.localdomain","msg":"Executed insert: INSERT INTO DEVICE_TYPE_CLUSTER (DEVICE_TYPE_REF, CLUSTER_NAME, INCLUDE_CLIENT, INCLUDE_SERVER, LOCK_CLIENT, LOCK_SERVER) VALUES (?,?,?,?,?,?): 113,Device Temperature Configuration,false,false,true,false => rowid: 1336","v":1}
{"level":30,"time":1589725318140,"pid":31079,"hostname":"localhost.localdomain","msg":"Executed insert: INSERT INTO DEVICE_TYPE_CLUSTER (DEVICE_TYPE_REF, CLUSTER_NAME, INCLUDE_CLIENT, INCLUDE_SERVER, LOCK_CLIENT, LOCK_SERVER) VALUES (?,?,?,?,?,?): 113,Alarms,false,false,true,false => rowid: 1337","v":1}
{"level":30,"time":1589725318140,"pid":31079,"hostname":"localhost.localdomain","msg":"Executed insert: INSERT INTO DEVICE_TYPE_CLUSTER (DEVICE_TYPE_REF, CLUSTER_NAME, INCLUDE_CLIENT, INCLUDE_SERVER, LOCK_CLIENT, LOCK_SERVER) VALUES (?,?,?,?,?,?): 113,Occupancy Sensing,false,true,true,true => rowid: 1338","v":1}
{"level":30,"time":1589725318140,"pid":31079,"hostname":"localhost.localdomain","msg":"Executed insert: INSERT INTO DEVICE_TYPE_CLUSTER (DEVICE_TYPE_REF, CLUSTER_NAME, INCLUDE_CLIENT, INCLUDE_SERVER, LOCK_CLIENT, LOCK_SERVER) VALUES (?,?,?,?,?,?): 113,Groups,false,false,false,true => rowid: 1339","v":1}
{"level":30,"time":1589725318140,"pid":31079,"hostname":"localhost.localdomain","msg":"Executed insert: INSERT INTO DEVICE_TYPE_CLUSTER (DEVICE_TYPE_REF, CLUSTER_NAME, INCLUDE_CLIENT, INCLUDE_SERVER, LOCK_CLIENT, LOCK_SERVER) VALUES (?,?,?,?,?,?): 113,Poll Control,false,false,true,false => rowid: 1340","v":1}
{"level":30,"time":1589725318140,"pid":31079,"hostname":"localhost.localdomain","msg":"Executed insert: INSERT INTO DEVICE_TYPE_CLUSTER (DEVICE_TYPE_REF, CLUSTER_NAME, INCLUDE_CLIENT, INCLUDE_SERVER, LOCK_CLIENT, LOCK_SERVER) VALUES (?,?,?,?,?,?): 113,Electrical Measurement,false,false,true,false => rowid: 1341","v":1}
{"level":30,"time":1589725318140,"pid":31079,"hostname":"localhost.localdomain","msg":"Executed insert: INSERT INTO DEVICE_TYPE_CLUSTER (DEVICE_TYPE_REF, CLUSTER_NAME, INCLUDE_CLIENT, INCLUDE_SERVER, LOCK_CLIENT, LOCK_SERVER) VALUES (?,?,?,?,?,?): 113,Time,false,false,false,true => rowid: 1342","v":1}
{"level":30,"time":1589725318140,"pid":31079,"hostname":"localhost.localdomain","msg":"Executed insert: INSERT INTO DEVICE_TYPE_CLUSTER (DEVICE_TYPE_REF, CLUSTER_NAME, INCLUDE_CLIENT, INCLUDE_SERVER, LOCK_CLIENT, LOCK_SERVER) VALUES (?,?,?,?,?,?): 113,Over the Air Bootloading,false,false,false,false => rowid: 1343","v":1}
{"level":30,"time":1589725318140,"pid":31079,"hostname":"localhost.localdomain","msg":"Executed insert: INSERT INTO DEVICE_TYPE_CLUSTER (DEVICE_TYPE_REF, CLUSTER_NAME, INCLUDE_CLIENT, INCLUDE_SERVER, LOCK_CLIENT, LOCK_SERVER) VALUES (?,?,?,?,?,?): 113,Partition,false,false,false,false => rowid: 1344","v":1}
{"level":30,"time":1589725318140,"pid":31079,"hostname":"localhost.localdomain","msg":"Preparing statement: INSERT INTO DEVICE_TYPE_ATTRIBUTE (DEVICE_TYPE_CLUSTER_REF, ATTRIBUTE_NAME) VALUES (?, ?) to insert 0 records.","v":1}
{"level":30,"time":1589725318140,"pid":31079,"hostname":"localhost.localdomain","msg":"Preparing statement: INSERT INTO DEVICE_TYPE_COMMAND (DEVICE_TYPE_CLUSTER_REF, COMMAND_NAME) VALUES (?, ?) to insert 0 records.","v":1}
{"level":30,"time":1589725318140,"pid":31079,"hostname":"localhost.localdomain","msg":"Executed insert: INSERT INTO DEVICE_TYPE_CLUSTER (DEVICE_TYPE_REF, CLUSTER_NAME, INCLUDE_CLIENT, INCLUDE_SERVER, LOCK_CLIENT, LOCK_SERVER) VALUES (?,?,?,?,?,?): 116,Basic,false,true,true,true => rowid: 1345","v":1}
{"level":30,"time":1589725318140,"pid":31079,"hostname":"localhost.localdomain","msg":"Executed insert: INSERT INTO DEVICE_TYPE_CLUSTER (DEVICE_TYPE_REF, CLUSTER_NAME, INCLUDE_CLIENT, INCLUDE_SERVER, LOCK_CLIENT, LOCK_SERVER) VALUES (?,?,?,?,?,?): 116,Identify,true,true,true,true => rowid: 1346","v":1}
{"level":30,"time":1589725318140,"pid":31079,"hostname":"localhost.localdomain","msg":"Executed insert: INSERT INTO DEVICE_TYPE_CLUSTER (DEVICE_TYPE_REF, CLUSTER_NAME, INCLUDE_CLIENT, INCLUDE_SERVER, LOCK_CLIENT, LOCK_SERVER) VALUES (?,?,?,?,?,?): 116,Power Configuration,false,false,true,false => rowid: 1347","v":1}
{"level":30,"time":1589725318140,"pid":31079,"hostname":"localhost.localdomain","msg":"Executed insert: INSERT INTO DEVICE_TYPE_CLUSTER (DEVICE_TYPE_REF, CLUSTER_NAME, INCLUDE_CLIENT, INCLUDE_SERVER, LOCK_CLIENT, LOCK_SERVER) VALUES (?,?,?,?,?,?): 116,Device Temperature Configuration,false,false,true,false => rowid: 1348","v":1}
{"level":30,"time":1589725318140,"pid":31079,"hostname":"localhost.localdomain","msg":"Executed insert: INSERT INTO DEVICE_TYPE_CLUSTER (DEVICE_TYPE_REF, CLUSTER_NAME, INCLUDE_CLIENT, INCLUDE_SERVER, LOCK_CLIENT, LOCK_SERVER) VALUES (?,?,?,?,?,?): 116,Alarms,false,false,true,false => rowid: 1349","v":1}
{"level":30,"time":1589725318140,"pid":31079,"hostname":"localhost.localdomain","msg":"Executed insert: INSERT INTO DEVICE_TYPE_CLUSTER (DEVICE_TYPE_REF, CLUSTER_NAME, INCLUDE_CLIENT, INCLUDE_SERVER, LOCK_CLIENT, LOCK_SERVER) VALUES (?,?,?,?,?,?): 116,Shade configuration,false,true,true,true => rowid: 1350","v":1}
{"level":30,"time":1589725318140,"pid":31079,"hostname":"localhost.localdomain","msg":"Executed insert: INSERT INTO DEVICE_TYPE_CLUSTER (DEVICE_TYPE_REF, CLUSTER_NAME, INCLUDE_CLIENT, INCLUDE_SERVER, LOCK_CLIENT, LOCK_SERVER) VALUES (?,?,?,?,?,?): 116,On/off,false,true,true,true => rowid: 1351","v":1}
{"level":30,"time":1589725318140,"pid":31079,"hostname":"localhost.localdomain","msg":"Executed insert: INSERT INTO DEVICE_TYPE_CLUSTER (DEVICE_TYPE_REF, CLUSTER_NAME, INCLUDE_CLIENT, INCLUDE_SERVER, LOCK_CLIENT, LOCK_SERVER) VALUES (?,?,?,?,?,?): 116,Level control,false,true,true,true => rowid: 1352","v":1}
{"level":30,"time":1589725318140,"pid":31079,"hostname":"localhost.localdomain","msg":"Executed insert: INSERT INTO DEVICE_TYPE_CLUSTER (DEVICE_TYPE_REF, CLUSTER_NAME, INCLUDE_CLIENT, INCLUDE_SERVER, LOCK_CLIENT, LOCK_SERVER) VALUES (?,?,?,?,?,?): 116,Scenes,false,true,true,true => rowid: 1353","v":1}
{"level":30,"time":1589725318140,"pid":31079,"hostname":"localhost.localdomain","msg":"Executed insert: INSERT INTO DEVICE_TYPE_CLUSTER (DEVICE_TYPE_REF, CLUSTER_NAME, INCLUDE_CLIENT, INCLUDE_SERVER, LOCK_CLIENT, LOCK_SERVER) VALUES (?,?,?,?,?,?): 116,Groups,false,true,true,true => rowid: 1354","v":1}
{"level":30,"time":1589725318140,"pid":31079,"hostname":"localhost.localdomain","msg":"Executed insert: INSERT INTO DEVICE_TYPE_CLUSTER (DEVICE_TYPE_REF, CLUSTER_NAME, INCLUDE_CLIENT, INCLUDE_SERVER, LOCK_CLIENT, LOCK_SERVER) VALUES (?,?,?,?,?,?): 116,Electrical Measurement,false,false,true,false => rowid: 1355","v":1}
{"level":30,"time":1589725318140,"pid":31079,"hostname":"localhost.localdomain","msg":"Executed insert: INSERT INTO DEVICE_TYPE_CLUSTER (DEVICE_TYPE_REF, CLUSTER_NAME, INCLUDE_CLIENT, INCLUDE_SERVER, LOCK_CLIENT, LOCK_SERVER) VALUES (?,?,?,?,?,?): 116,Poll Control,false,false,true,false => rowid: 1356","v":1}
{"level":30,"time":1589725318140,"pid":31079,"hostname":"localhost.localdomain","msg":"Executed insert: INSERT INTO DEVICE_TYPE_CLUSTER (DEVICE_TYPE_REF, CLUSTER_NAME, INCLUDE_CLIENT, INCLUDE_SERVER, LOCK_CLIENT, LOCK_SERVER) VALUES (?,?,?,?,?,?): 116,Time,false,false,false,true => rowid: 1357","v":1}
{"level":30,"time":1589725318140,"pid":31079,"hostname":"localhost.localdomain","msg":"Executed insert: INSERT INTO DEVICE_TYPE_CLUSTER (DEVICE_TYPE_REF, CLUSTER_NAME, INCLUDE_CLIENT, INCLUDE_SERVER, LOCK_CLIENT, LOCK_SERVER) VALUES (?,?,?,?,?,?): 116,Over the Air Bootloading,false,false,false,false => rowid: 1358","v":1}
{"level":30,"time":1589725318140,"pid":31079,"hostname":"localhost.localdomain","msg":"Executed insert: INSERT INTO DEVICE_TYPE_CLUSTER (DEVICE_TYPE_REF, CLUSTER_NAME, INCLUDE_CLIENT, INCLUDE_SERVER, LOCK_CLIENT, LOCK_SERVER) VALUES (?,?,?,?,?,?): 116,Partition,false,false,false,false => rowid: 1359","v":1}
{"level":30,"time":1589725318140,"pid":31079,"hostname":"localhost.localdomain","msg":"Preparing statement: INSERT INTO DEVICE_TYPE_ATTRIBUTE (DEVICE_TYPE_CLUSTER_REF, ATTRIBUTE_NAME) VALUES (?, ?) to insert 0 records.","v":1}
{"level":30,"time":1589725318140,"pid":31079,"hostname":"localhost.localdomain","msg":"Preparing statement: INSERT INTO DEVICE_TYPE_COMMAND (DEVICE_TYPE_CLUSTER_REF, COMMAND_NAME) VALUES (?, ?) to insert 0 records.","v":1}
{"level":30,"time":1589725318140,"pid":31079,"hostname":"localhost.localdomain","msg":"Executed insert: INSERT INTO DEVICE_TYPE_CLUSTER (DEVICE_TYPE_REF, CLUSTER_NAME, INCLUDE_CLIENT, INCLUDE_SERVER, LOCK_CLIENT, LOCK_SERVER) VALUES (?,?,?,?,?,?): 119,Basic,false,true,true,true => rowid: 1360","v":1}
{"level":30,"time":1589725318140,"pid":31079,"hostname":"localhost.localdomain","msg":"Executed insert: INSERT INTO DEVICE_TYPE_CLUSTER (DEVICE_TYPE_REF, CLUSTER_NAME, INCLUDE_CLIENT, INCLUDE_SERVER, LOCK_CLIENT, LOCK_SERVER) VALUES (?,?,?,?,?,?): 119,Identify,true,true,true,true => rowid: 1361","v":1}
{"level":30,"time":1589725318141,"pid":31079,"hostname":"localhost.localdomain","msg":"Executed insert: INSERT INTO DEVICE_TYPE_CLUSTER (DEVICE_TYPE_REF, CLUSTER_NAME, INCLUDE_CLIENT, INCLUDE_SERVER, LOCK_CLIENT, LOCK_SERVER) VALUES (?,?,?,?,?,?): 119,Power Configuration,false,false,true,false => rowid: 1362","v":1}
{"level":30,"time":1589725318141,"pid":31079,"hostname":"localhost.localdomain","msg":"Executed insert: INSERT INTO DEVICE_TYPE_CLUSTER (DEVICE_TYPE_REF, CLUSTER_NAME, INCLUDE_CLIENT, INCLUDE_SERVER, LOCK_CLIENT, LOCK_SERVER) VALUES (?,?,?,?,?,?): 119,Device Temperature Configuration,false,false,true,false => rowid: 1363","v":1}
{"level":30,"time":1589725318141,"pid":31079,"hostname":"localhost.localdomain","msg":"Executed insert: INSERT INTO DEVICE_TYPE_CLUSTER (DEVICE_TYPE_REF, CLUSTER_NAME, INCLUDE_CLIENT, INCLUDE_SERVER, LOCK_CLIENT, LOCK_SERVER) VALUES (?,?,?,?,?,?): 119,Alarms,false,false,true,false => rowid: 1364","v":1}
{"level":30,"time":1589725318141,"pid":31079,"hostname":"localhost.localdomain","msg":"Executed insert: INSERT INTO DEVICE_TYPE_CLUSTER (DEVICE_TYPE_REF, CLUSTER_NAME, INCLUDE_CLIENT, INCLUDE_SERVER, LOCK_CLIENT, LOCK_SERVER) VALUES (?,?,?,?,?,?): 119,On/off,true,false,true,true => rowid: 1365","v":1}
{"level":30,"time":1589725318141,"pid":31079,"hostname":"localhost.localdomain","msg":"Executed insert: INSERT INTO DEVICE_TYPE_CLUSTER (DEVICE_TYPE_REF, CLUSTER_NAME, INCLUDE_CLIENT, INCLUDE_SERVER, LOCK_CLIENT, LOCK_SERVER) VALUES (?,?,?,?,?,?): 119,Level control,true,false,true,true => rowid: 1366","v":1}
{"level":30,"time":1589725318141,"pid":31079,"hostname":"localhost.localdomain","msg":"Executed insert: INSERT INTO DEVICE_TYPE_CLUSTER (DEVICE_TYPE_REF, CLUSTER_NAME, INCLUDE_CLIENT, INCLUDE_SERVER, LOCK_CLIENT, LOCK_SERVER) VALUES (?,?,?,?,?,?): 119,Shade configuration,false,false,false,true => rowid: 1367","v":1}
{"level":30,"time":1589725318141,"pid":31079,"hostname":"localhost.localdomain","msg":"Executed insert: INSERT INTO DEVICE_TYPE_CLUSTER (DEVICE_TYPE_REF, CLUSTER_NAME, INCLUDE_CLIENT, INCLUDE_SERVER, LOCK_CLIENT, LOCK_SERVER) VALUES (?,?,?,?,?,?): 119,Scenes,false,false,false,true => rowid: 1368","v":1}
{"level":30,"time":1589725318141,"pid":31079,"hostname":"localhost.localdomain","msg":"Executed insert: INSERT INTO DEVICE_TYPE_CLUSTER (DEVICE_TYPE_REF, CLUSTER_NAME, INCLUDE_CLIENT, INCLUDE_SERVER, LOCK_CLIENT, LOCK_SERVER) VALUES (?,?,?,?,?,?): 119,Groups,false,false,false,true => rowid: 1369","v":1}
{"level":30,"time":1589725318141,"pid":31079,"hostname":"localhost.localdomain","msg":"Executed insert: INSERT INTO DEVICE_TYPE_CLUSTER (DEVICE_TYPE_REF, CLUSTER_NAME, INCLUDE_CLIENT, INCLUDE_SERVER, LOCK_CLIENT, LOCK_SERVER) VALUES (?,?,?,?,?,?): 119,Poll Control,false,false,true,false => rowid: 1370","v":1}
{"level":30,"time":1589725318141,"pid":31079,"hostname":"localhost.localdomain","msg":"Executed insert: INSERT INTO DEVICE_TYPE_CLUSTER (DEVICE_TYPE_REF, CLUSTER_NAME, INCLUDE_CLIENT, INCLUDE_SERVER, LOCK_CLIENT, LOCK_SERVER) VALUES (?,?,?,?,?,?): 119,Electrical Measurement,false,false,true,false => rowid: 1371","v":1}
{"level":30,"time":1589725318141,"pid":31079,"hostname":"localhost.localdomain","msg":"Executed insert: INSERT INTO DEVICE_TYPE_CLUSTER (DEVICE_TYPE_REF, CLUSTER_NAME, INCLUDE_CLIENT, INCLUDE_SERVER, LOCK_CLIENT, LOCK_SERVER) VALUES (?,?,?,?,?,?): 119,Time,false,false,false,true => rowid: 1372","v":1}
{"level":30,"time":1589725318141,"pid":31079,"hostname":"localhost.localdomain","msg":"Executed insert: INSERT INTO DEVICE_TYPE_CLUSTER (DEVICE_TYPE_REF, CLUSTER_NAME, INCLUDE_CLIENT, INCLUDE_SERVER, LOCK_CLIENT, LOCK_SERVER) VALUES (?,?,?,?,?,?): 119,Over the Air Bootloading,false,false,false,false => rowid: 1373","v":1}
{"level":30,"time":1589725318141,"pid":31079,"hostname":"localhost.localdomain","msg":"Executed insert: INSERT INTO DEVICE_TYPE_CLUSTER (DEVICE_TYPE_REF, CLUSTER_NAME, INCLUDE_CLIENT, INCLUDE_SERVER, LOCK_CLIENT, LOCK_SERVER) VALUES (?,?,?,?,?,?): 119,Partition,false,false,false,false => rowid: 1374","v":1}
{"level":30,"time":1589725318141,"pid":31079,"hostname":"localhost.localdomain","msg":"Preparing statement: INSERT INTO DEVICE_TYPE_ATTRIBUTE (DEVICE_TYPE_CLUSTER_REF, ATTRIBUTE_NAME) VALUES (?, ?) to insert 0 records.","v":1}
{"level":30,"time":1589725318141,"pid":31079,"hostname":"localhost.localdomain","msg":"Preparing statement: INSERT INTO DEVICE_TYPE_COMMAND (DEVICE_TYPE_CLUSTER_REF, COMMAND_NAME) VALUES (?, ?) to insert 0 records.","v":1}
{"level":30,"time":1589725318141,"pid":31079,"hostname":"localhost.localdomain","msg":"Executed insert: INSERT INTO DEVICE_TYPE_CLUSTER (DEVICE_TYPE_REF, CLUSTER_NAME, INCLUDE_CLIENT, INCLUDE_SERVER, LOCK_CLIENT, LOCK_SERVER) VALUES (?,?,?,?,?,?): 122,Basic,false,true,true,true => rowid: 1375","v":1}
{"level":30,"time":1589725318141,"pid":31079,"hostname":"localhost.localdomain","msg":"Executed insert: INSERT INTO DEVICE_TYPE_CLUSTER (DEVICE_TYPE_REF, CLUSTER_NAME, INCLUDE_CLIENT, INCLUDE_SERVER, LOCK_CLIENT, LOCK_SERVER) VALUES (?,?,?,?,?,?): 122,Identify,true,true,true,true => rowid: 1376","v":1}
{"level":30,"time":1589725318141,"pid":31079,"hostname":"localhost.localdomain","msg":"Executed insert: INSERT INTO DEVICE_TYPE_CLUSTER (DEVICE_TYPE_REF, CLUSTER_NAME, INCLUDE_CLIENT, INCLUDE_SERVER, LOCK_CLIENT, LOCK_SERVER) VALUES (?,?,?,?,?,?): 122,Power Configuration,false,false,true,false => rowid: 1377","v":1}
{"level":30,"time":1589725318141,"pid":31079,"hostname":"localhost.localdomain","msg":"Executed insert: INSERT INTO DEVICE_TYPE_CLUSTER (DEVICE_TYPE_REF, CLUSTER_NAME, INCLUDE_CLIENT, INCLUDE_SERVER, LOCK_CLIENT, LOCK_SERVER) VALUES (?,?,?,?,?,?): 122,Device Temperature Configuration,false,false,true,false => rowid: 1378","v":1}
{"level":30,"time":1589725318141,"pid":31079,"hostname":"localhost.localdomain","msg":"Executed insert: INSERT INTO DEVICE_TYPE_CLUSTER (DEVICE_TYPE_REF, CLUSTER_NAME, INCLUDE_CLIENT, INCLUDE_SERVER, LOCK_CLIENT, LOCK_SERVER) VALUES (?,?,?,?,?,?): 122,Alarms,false,false,true,false => rowid: 1379","v":1}
{"level":30,"time":1589725318141,"pid":31079,"hostname":"localhost.localdomain","msg":"Executed insert: INSERT INTO DEVICE_TYPE_CLUSTER (DEVICE_TYPE_REF, CLUSTER_NAME, INCLUDE_CLIENT, INCLUDE_SERVER, LOCK_CLIENT, LOCK_SERVER) VALUES (?,?,?,?,?,?): 122,Window Covering,false,true,true,true => rowid: 1380","v":1}
{"level":30,"time":1589725318141,"pid":31079,"hostname":"localhost.localdomain","msg":"Executed insert: INSERT INTO DEVICE_TYPE_CLUSTER (DEVICE_TYPE_REF, CLUSTER_NAME, INCLUDE_CLIENT, INCLUDE_SERVER, LOCK_CLIENT, LOCK_SERVER) VALUES (?,?,?,?,?,?): 122,Scenes,false,true,true,true => rowid: 1381","v":1}
{"level":30,"time":1589725318141,"pid":31079,"hostname":"localhost.localdomain","msg":"Executed insert: INSERT INTO DEVICE_TYPE_CLUSTER (DEVICE_TYPE_REF, CLUSTER_NAME, INCLUDE_CLIENT, INCLUDE_SERVER, LOCK_CLIENT, LOCK_SERVER) VALUES (?,?,?,?,?,?): 122,Groups,false,true,true,true => rowid: 1382","v":1}
{"level":30,"time":1589725318141,"pid":31079,"hostname":"localhost.localdomain","msg":"Executed insert: INSERT INTO DEVICE_TYPE_CLUSTER (DEVICE_TYPE_REF, CLUSTER_NAME, INCLUDE_CLIENT, INCLUDE_SERVER, LOCK_CLIENT, LOCK_SERVER) VALUES (?,?,?,?,?,?): 122,Poll Control,false,false,true,false => rowid: 1383","v":1}
{"level":30,"time":1589725318141,"pid":31079,"hostname":"localhost.localdomain","msg":"Executed insert: INSERT INTO DEVICE_TYPE_CLUSTER (DEVICE_TYPE_REF, CLUSTER_NAME, INCLUDE_CLIENT, INCLUDE_SERVER, LOCK_CLIENT, LOCK_SERVER) VALUES (?,?,?,?,?,?): 122,Electrical Measurement,false,false,true,false => rowid: 1384","v":1}
{"level":30,"time":1589725318141,"pid":31079,"hostname":"localhost.localdomain","msg":"Executed insert: INSERT INTO DEVICE_TYPE_CLUSTER (DEVICE_TYPE_REF, CLUSTER_NAME, INCLUDE_CLIENT, INCLUDE_SERVER, LOCK_CLIENT, LOCK_SERVER) VALUES (?,?,?,?,?,?): 122,Time,false,false,false,true => rowid: 1385","v":1}
{"level":30,"time":1589725318141,"pid":31079,"hostname":"localhost.localdomain","msg":"Executed insert: INSERT INTO DEVICE_TYPE_CLUSTER (DEVICE_TYPE_REF, CLUSTER_NAME, INCLUDE_CLIENT, INCLUDE_SERVER, LOCK_CLIENT, LOCK_SERVER) VALUES (?,?,?,?,?,?): 122,Over the Air Bootloading,false,false,false,false => rowid: 1386","v":1}
{"level":30,"time":1589725318141,"pid":31079,"hostname":"localhost.localdomain","msg":"Executed insert: INSERT INTO DEVICE_TYPE_CLUSTER (DEVICE_TYPE_REF, CLUSTER_NAME, INCLUDE_CLIENT, INCLUDE_SERVER, LOCK_CLIENT, LOCK_SERVER) VALUES (?,?,?,?,?,?): 122,Partition,false,false,false,false => rowid: 1387","v":1}
{"level":30,"time":1589725318141,"pid":31079,"hostname":"localhost.localdomain","msg":"Preparing statement: INSERT INTO DEVICE_TYPE_ATTRIBUTE (DEVICE_TYPE_CLUSTER_REF, ATTRIBUTE_NAME) VALUES (?, ?) to insert 0 records.","v":1}
{"level":30,"time":1589725318141,"pid":31079,"hostname":"localhost.localdomain","msg":"Preparing statement: INSERT INTO DEVICE_TYPE_COMMAND (DEVICE_TYPE_CLUSTER_REF, COMMAND_NAME) VALUES (?, ?) to insert 0 records.","v":1}
{"level":30,"time":1589725318141,"pid":31079,"hostname":"localhost.localdomain","msg":"Executed insert: INSERT INTO DEVICE_TYPE_CLUSTER (DEVICE_TYPE_REF, CLUSTER_NAME, INCLUDE_CLIENT, INCLUDE_SERVER, LOCK_CLIENT, LOCK_SERVER) VALUES (?,?,?,?,?,?): 125,Basic,false,true,true,true => rowid: 1388","v":1}
{"level":30,"time":1589725318141,"pid":31079,"hostname":"localhost.localdomain","msg":"Executed insert: INSERT INTO DEVICE_TYPE_CLUSTER (DEVICE_TYPE_REF, CLUSTER_NAME, INCLUDE_CLIENT, INCLUDE_SERVER, LOCK_CLIENT, LOCK_SERVER) VALUES (?,?,?,?,?,?): 125,Identify,true,true,true,true => rowid: 1389","v":1}
{"level":30,"time":1589725318141,"pid":31079,"hostname":"localhost.localdomain","msg":"Executed insert: INSERT INTO DEVICE_TYPE_CLUSTER (DEVICE_TYPE_REF, CLUSTER_NAME, INCLUDE_CLIENT, INCLUDE_SERVER, LOCK_CLIENT, LOCK_SERVER) VALUES (?,?,?,?,?,?): 125,Power Configuration,false,false,true,false => rowid: 1390","v":1}
{"level":30,"time":1589725318141,"pid":31079,"hostname":"localhost.localdomain","msg":"Executed insert: INSERT INTO DEVICE_TYPE_CLUSTER (DEVICE_TYPE_REF, CLUSTER_NAME, INCLUDE_CLIENT, INCLUDE_SERVER, LOCK_CLIENT, LOCK_SERVER) VALUES (?,?,?,?,?,?): 125,Device Temperature Configuration,false,false,true,false => rowid: 1391","v":1}
{"level":30,"time":1589725318141,"pid":31079,"hostname":"localhost.localdomain","msg":"Executed insert: INSERT INTO DEVICE_TYPE_CLUSTER (DEVICE_TYPE_REF, CLUSTER_NAME, INCLUDE_CLIENT, INCLUDE_SERVER, LOCK_CLIENT, LOCK_SERVER) VALUES (?,?,?,?,?,?): 125,Alarms,false,false,true,false => rowid: 1392","v":1}
{"level":30,"time":1589725318141,"pid":31079,"hostname":"localhost.localdomain","msg":"Executed insert: INSERT INTO DEVICE_TYPE_CLUSTER (DEVICE_TYPE_REF, CLUSTER_NAME, INCLUDE_CLIENT, INCLUDE_SERVER, LOCK_CLIENT, LOCK_SERVER) VALUES (?,?,?,?,?,?): 125,Window Covering,true,false,true,true => rowid: 1393","v":1}
{"level":30,"time":1589725318141,"pid":31079,"hostname":"localhost.localdomain","msg":"Executed insert: INSERT INTO DEVICE_TYPE_CLUSTER (DEVICE_TYPE_REF, CLUSTER_NAME, INCLUDE_CLIENT, INCLUDE_SERVER, LOCK_CLIENT, LOCK_SERVER) VALUES (?,?,?,?,?,?): 125,Scenes,false,false,false,true => rowid: 1394","v":1}
{"level":30,"time":1589725318141,"pid":31079,"hostname":"localhost.localdomain","msg":"Executed insert: INSERT INTO DEVICE_TYPE_CLUSTER (DEVICE_TYPE_REF, CLUSTER_NAME, INCLUDE_CLIENT, INCLUDE_SERVER, LOCK_CLIENT, LOCK_SERVER) VALUES (?,?,?,?,?,?): 125,Groups,false,false,false,true => rowid: 1395","v":1}
{"level":30,"time":1589725318141,"pid":31079,"hostname":"localhost.localdomain","msg":"Executed insert: INSERT INTO DEVICE_TYPE_CLUSTER (DEVICE_TYPE_REF, CLUSTER_NAME, INCLUDE_CLIENT, INCLUDE_SERVER, LOCK_CLIENT, LOCK_SERVER) VALUES (?,?,?,?,?,?): 125,Poll Control,false,false,true,false => rowid: 1396","v":1}
{"level":30,"time":1589725318141,"pid":31079,"hostname":"localhost.localdomain","msg":"Executed insert: INSERT INTO DEVICE_TYPE_CLUSTER (DEVICE_TYPE_REF, CLUSTER_NAME, INCLUDE_CLIENT, INCLUDE_SERVER, LOCK_CLIENT, LOCK_SERVER) VALUES (?,?,?,?,?,?): 125,Electrical Measurement,false,false,true,false => rowid: 1397","v":1}
{"level":30,"time":1589725318141,"pid":31079,"hostname":"localhost.localdomain","msg":"Executed insert: INSERT INTO DEVICE_TYPE_CLUSTER (DEVICE_TYPE_REF, CLUSTER_NAME, INCLUDE_CLIENT, INCLUDE_SERVER, LOCK_CLIENT, LOCK_SERVER) VALUES (?,?,?,?,?,?): 125,Partition,false,false,false,false => rowid: 1398","v":1}
{"level":30,"time":1589725318142,"pid":31079,"hostname":"localhost.localdomain","msg":"Executed insert: INSERT INTO DEVICE_TYPE_CLUSTER (DEVICE_TYPE_REF, CLUSTER_NAME, INCLUDE_CLIENT, INCLUDE_SERVER, LOCK_CLIENT, LOCK_SERVER) VALUES (?,?,?,?,?,?): 125,Time,false,false,false,true => rowid: 1399","v":1}
{"level":30,"time":1589725318142,"pid":31079,"hostname":"localhost.localdomain","msg":"Executed insert: INSERT INTO DEVICE_TYPE_CLUSTER (DEVICE_TYPE_REF, CLUSTER_NAME, INCLUDE_CLIENT, INCLUDE_SERVER, LOCK_CLIENT, LOCK_SERVER) VALUES (?,?,?,?,?,?): 125,Over the Air Bootloading,false,false,false,false => rowid: 1400","v":1}
{"level":30,"time":1589725318142,"pid":31079,"hostname":"localhost.localdomain","msg":"Preparing statement: INSERT INTO DEVICE_TYPE_ATTRIBUTE (DEVICE_TYPE_CLUSTER_REF, ATTRIBUTE_NAME) VALUES (?, ?) to insert 0 records.","v":1}
{"level":30,"time":1589725318142,"pid":31079,"hostname":"localhost.localdomain","msg":"Preparing statement: INSERT INTO DEVICE_TYPE_COMMAND (DEVICE_TYPE_CLUSTER_REF, COMMAND_NAME) VALUES (?, ?) to insert 0 records.","v":1}
{"level":30,"time":1589725318142,"pid":31079,"hostname":"localhost.localdomain","msg":"Executed insert: INSERT INTO DEVICE_TYPE_CLUSTER (DEVICE_TYPE_REF, CLUSTER_NAME, INCLUDE_CLIENT, INCLUDE_SERVER, LOCK_CLIENT, LOCK_SERVER) VALUES (?,?,?,?,?,?): 128,Basic,false,true,true,true => rowid: 1401","v":1}
{"level":30,"time":1589725318142,"pid":31079,"hostname":"localhost.localdomain","msg":"Executed insert: INSERT INTO DEVICE_TYPE_CLUSTER (DEVICE_TYPE_REF, CLUSTER_NAME, INCLUDE_CLIENT, INCLUDE_SERVER, LOCK_CLIENT, LOCK_SERVER) VALUES (?,?,?,?,?,?): 128,Identify,true,true,true,true => rowid: 1402","v":1}
{"level":30,"time":1589725318142,"pid":31079,"hostname":"localhost.localdomain","msg":"Executed insert: INSERT INTO DEVICE_TYPE_CLUSTER (DEVICE_TYPE_REF, CLUSTER_NAME, INCLUDE_CLIENT, INCLUDE_SERVER, LOCK_CLIENT, LOCK_SERVER) VALUES (?,?,?,?,?,?): 128,Power Configuration,false,false,true,false => rowid: 1403","v":1}
{"level":30,"time":1589725318142,"pid":31079,"hostname":"localhost.localdomain","msg":"Executed insert: INSERT INTO DEVICE_TYPE_CLUSTER (DEVICE_TYPE_REF, CLUSTER_NAME, INCLUDE_CLIENT, INCLUDE_SERVER, LOCK_CLIENT, LOCK_SERVER) VALUES (?,?,?,?,?,?): 128,Device Temperature Configuration,false,false,true,false => rowid: 1404","v":1}
{"level":30,"time":1589725318142,"pid":31079,"hostname":"localhost.localdomain","msg":"Executed insert: INSERT INTO DEVICE_TYPE_CLUSTER (DEVICE_TYPE_REF, CLUSTER_NAME, INCLUDE_CLIENT, INCLUDE_SERVER, LOCK_CLIENT, LOCK_SERVER) VALUES (?,?,?,?,?,?): 128,Alarms,false,false,true,false => rowid: 1405","v":1}
{"level":30,"time":1589725318142,"pid":31079,"hostname":"localhost.localdomain","msg":"Executed insert: INSERT INTO DEVICE_TYPE_CLUSTER (DEVICE_TYPE_REF, CLUSTER_NAME, INCLUDE_CLIENT, INCLUDE_SERVER, LOCK_CLIENT, LOCK_SERVER) VALUES (?,?,?,?,?,?): 128,On/off,false,true,true,true => rowid: 1406","v":1}
{"level":30,"time":1589725318142,"pid":31079,"hostname":"localhost.localdomain","msg":"Executed insert: INSERT INTO DEVICE_TYPE_CLUSTER (DEVICE_TYPE_REF, CLUSTER_NAME, INCLUDE_CLIENT, INCLUDE_SERVER, LOCK_CLIENT, LOCK_SERVER) VALUES (?,?,?,?,?,?): 128,Thermostat,false,true,true,true => rowid: 1407","v":1}
{"level":30,"time":1589725318142,"pid":31079,"hostname":"localhost.localdomain","msg":"Executed insert: INSERT INTO DEVICE_TYPE_CLUSTER (DEVICE_TYPE_REF, CLUSTER_NAME, INCLUDE_CLIENT, INCLUDE_SERVER, LOCK_CLIENT, LOCK_SERVER) VALUES (?,?,?,?,?,?): 128,Fan control,false,false,true,false => rowid: 1408","v":1}
{"level":30,"time":1589725318142,"pid":31079,"hostname":"localhost.localdomain","msg":"Executed insert: INSERT INTO DEVICE_TYPE_CLUSTER (DEVICE_TYPE_REF, CLUSTER_NAME, INCLUDE_CLIENT, INCLUDE_SERVER, LOCK_CLIENT, LOCK_SERVER) VALUES (?,?,?,?,?,?): 128,Level control,false,false,true,false => rowid: 1409","v":1}
{"level":30,"time":1589725318142,"pid":31079,"hostname":"localhost.localdomain","msg":"Executed insert: INSERT INTO DEVICE_TYPE_CLUSTER (DEVICE_TYPE_REF, CLUSTER_NAME, INCLUDE_CLIENT, INCLUDE_SERVER, LOCK_CLIENT, LOCK_SERVER) VALUES (?,?,?,?,?,?): 128,Groups,false,false,true,false => rowid: 1410","v":1}
{"level":30,"time":1589725318142,"pid":31079,"hostname":"localhost.localdomain","msg":"Executed insert: INSERT INTO DEVICE_TYPE_CLUSTER (DEVICE_TYPE_REF, CLUSTER_NAME, INCLUDE_CLIENT, INCLUDE_SERVER, LOCK_CLIENT, LOCK_SERVER) VALUES (?,?,?,?,?,?): 128,Poll Control,false,false,true,false => rowid: 1411","v":1}
{"level":30,"time":1589725318142,"pid":31079,"hostname":"localhost.localdomain","msg":"Executed insert: INSERT INTO DEVICE_TYPE_CLUSTER (DEVICE_TYPE_REF, CLUSTER_NAME, INCLUDE_CLIENT, INCLUDE_SERVER, LOCK_CLIENT, LOCK_SERVER) VALUES (?,?,?,?,?,?): 128,Electrical Measurement,false,false,true,false => rowid: 1412","v":1}
{"level":30,"time":1589725318142,"pid":31079,"hostname":"localhost.localdomain","msg":"Executed insert: INSERT INTO DEVICE_TYPE_CLUSTER (DEVICE_TYPE_REF, CLUSTER_NAME, INCLUDE_CLIENT, INCLUDE_SERVER, LOCK_CLIENT, LOCK_SERVER) VALUES (?,?,?,?,?,?): 128,Time,false,false,false,true => rowid: 1413","v":1}
{"level":30,"time":1589725318142,"pid":31079,"hostname":"localhost.localdomain","msg":"Executed insert: INSERT INTO DEVICE_TYPE_CLUSTER (DEVICE_TYPE_REF, CLUSTER_NAME, INCLUDE_CLIENT, INCLUDE_SERVER, LOCK_CLIENT, LOCK_SERVER) VALUES (?,?,?,?,?,?): 128,Over the Air Bootloading,false,false,false,false => rowid: 1414","v":1}
{"level":30,"time":1589725318142,"pid":31079,"hostname":"localhost.localdomain","msg":"Executed insert: INSERT INTO DEVICE_TYPE_CLUSTER (DEVICE_TYPE_REF, CLUSTER_NAME, INCLUDE_CLIENT, INCLUDE_SERVER, LOCK_CLIENT, LOCK_SERVER) VALUES (?,?,?,?,?,?): 128,Partition,false,false,false,false => rowid: 1415","v":1}
{"level":30,"time":1589725318142,"pid":31079,"hostname":"localhost.localdomain","msg":"Preparing statement: INSERT INTO DEVICE_TYPE_ATTRIBUTE (DEVICE_TYPE_CLUSTER_REF, ATTRIBUTE_NAME) VALUES (?, ?) to insert 0 records.","v":1}
{"level":30,"time":1589725318142,"pid":31079,"hostname":"localhost.localdomain","msg":"Preparing statement: INSERT INTO DEVICE_TYPE_COMMAND (DEVICE_TYPE_CLUSTER_REF, COMMAND_NAME) VALUES (?, ?) to insert 0 records.","v":1}
{"level":30,"time":1589725318143,"pid":31079,"hostname":"localhost.localdomain","msg":"Executed insert: INSERT INTO DEVICE_TYPE_CLUSTER (DEVICE_TYPE_REF, CLUSTER_NAME, INCLUDE_CLIENT, INCLUDE_SERVER, LOCK_CLIENT, LOCK_SERVER) VALUES (?,?,?,?,?,?): 131,Basic,false,true,true,true => rowid: 1416","v":1}
{"level":30,"time":1589725318143,"pid":31079,"hostname":"localhost.localdomain","msg":"Executed insert: INSERT INTO DEVICE_TYPE_CLUSTER (DEVICE_TYPE_REF, CLUSTER_NAME, INCLUDE_CLIENT, INCLUDE_SERVER, LOCK_CLIENT, LOCK_SERVER) VALUES (?,?,?,?,?,?): 131,Identify,true,true,true,true => rowid: 1417","v":1}
{"level":30,"time":1589725318143,"pid":31079,"hostname":"localhost.localdomain","msg":"Executed insert: INSERT INTO DEVICE_TYPE_CLUSTER (DEVICE_TYPE_REF, CLUSTER_NAME, INCLUDE_CLIENT, INCLUDE_SERVER, LOCK_CLIENT, LOCK_SERVER) VALUES (?,?,?,?,?,?): 131,Power Configuration,false,false,true,false => rowid: 1418","v":1}
{"level":30,"time":1589725318143,"pid":31079,"hostname":"localhost.localdomain","msg":"Executed insert: INSERT INTO DEVICE_TYPE_CLUSTER (DEVICE_TYPE_REF, CLUSTER_NAME, INCLUDE_CLIENT, INCLUDE_SERVER, LOCK_CLIENT, LOCK_SERVER) VALUES (?,?,?,?,?,?): 131,Device Temperature Configuration,false,false,true,false => rowid: 1419","v":1}
{"level":30,"time":1589725318143,"pid":31079,"hostname":"localhost.localdomain","msg":"Executed insert: INSERT INTO DEVICE_TYPE_CLUSTER (DEVICE_TYPE_REF, CLUSTER_NAME, INCLUDE_CLIENT, INCLUDE_SERVER, LOCK_CLIENT, LOCK_SERVER) VALUES (?,?,?,?,?,?): 131,Alarms,false,false,true,false => rowid: 1420","v":1}
{"level":30,"time":1589725318143,"pid":31079,"hostname":"localhost.localdomain","msg":"Executed insert: INSERT INTO DEVICE_TYPE_CLUSTER (DEVICE_TYPE_REF, CLUSTER_NAME, INCLUDE_CLIENT, INCLUDE_SERVER, LOCK_CLIENT, LOCK_SERVER) VALUES (?,?,?,?,?,?): 131,Thermostat,false,true,true,true => rowid: 1421","v":1}
{"level":30,"time":1589725318143,"pid":31079,"hostname":"localhost.localdomain","msg":"Executed insert: INSERT INTO DEVICE_TYPE_CLUSTER (DEVICE_TYPE_REF, CLUSTER_NAME, INCLUDE_CLIENT, INCLUDE_SERVER, LOCK_CLIENT, LOCK_SERVER) VALUES (?,?,?,?,?,?): 131,Scenes,false,false,true,false => rowid: 1422","v":1}
{"level":30,"time":1589725318143,"pid":31079,"hostname":"localhost.localdomain","msg":"Executed insert: INSERT INTO DEVICE_TYPE_CLUSTER (DEVICE_TYPE_REF, CLUSTER_NAME, INCLUDE_CLIENT, INCLUDE_SERVER, LOCK_CLIENT, LOCK_SERVER) VALUES (?,?,?,?,?,?): 131,Groups,false,false,true,false => rowid: 1423","v":1}
{"level":30,"time":1589725318143,"pid":31079,"hostname":"localhost.localdomain","msg":"Executed insert: INSERT INTO DEVICE_TYPE_CLUSTER (DEVICE_TYPE_REF, CLUSTER_NAME, INCLUDE_CLIENT, INCLUDE_SERVER, LOCK_CLIENT, LOCK_SERVER) VALUES (?,?,?,?,?,?): 131,Thermostat User Interface Configuration,false,false,true,false => rowid: 1424","v":1}
{"level":30,"time":1589725318143,"pid":31079,"hostname":"localhost.localdomain","msg":"Executed insert: INSERT INTO DEVICE_TYPE_CLUSTER (DEVICE_TYPE_REF, CLUSTER_NAME, INCLUDE_CLIENT, INCLUDE_SERVER, LOCK_CLIENT, LOCK_SERVER) VALUES (?,?,?,?,?,?): 131,Fan control,false,false,false,false => rowid: 1425","v":1}
{"level":30,"time":1589725318143,"pid":31079,"hostname":"localhost.localdomain","msg":"Executed insert: INSERT INTO DEVICE_TYPE_CLUSTER (DEVICE_TYPE_REF, CLUSTER_NAME, INCLUDE_CLIENT, INCLUDE_SERVER, LOCK_CLIENT, LOCK_SERVER) VALUES (?,?,?,?,?,?): 131,Temperature measurement,false,false,false,false => rowid: 1426","v":1}
{"level":30,"time":1589725318143,"pid":31079,"hostname":"localhost.localdomain","msg":"Executed insert: INSERT INTO DEVICE_TYPE_CLUSTER (DEVICE_TYPE_REF, CLUSTER_NAME, INCLUDE_CLIENT, INCLUDE_SERVER, LOCK_CLIENT, LOCK_SERVER) VALUES (?,?,?,?,?,?): 131,Occupancy Sensing,false,false,false,false => rowid: 1427","v":1}
{"level":30,"time":1589725318143,"pid":31079,"hostname":"localhost.localdomain","msg":"Executed insert: INSERT INTO DEVICE_TYPE_CLUSTER (DEVICE_TYPE_REF, CLUSTER_NAME, INCLUDE_CLIENT, INCLUDE_SERVER, LOCK_CLIENT, LOCK_SERVER) VALUES (?,?,?,?,?,?): 131,Relative Humidity Measurement,false,false,false,false => rowid: 1428","v":1}
{"level":30,"time":1589725318143,"pid":31079,"hostname":"localhost.localdomain","msg":"Executed insert: INSERT INTO DEVICE_TYPE_CLUSTER (DEVICE_TYPE_REF, CLUSTER_NAME, INCLUDE_CLIENT, INCLUDE_SERVER, LOCK_CLIENT, LOCK_SERVER) VALUES (?,?,?,?,?,?): 131,Poll Control,false,false,true,false => rowid: 1429","v":1}
{"level":30,"time":1589725318143,"pid":31079,"hostname":"localhost.localdomain","msg":"Executed insert: INSERT INTO DEVICE_TYPE_CLUSTER (DEVICE_TYPE_REF, CLUSTER_NAME, INCLUDE_CLIENT, INCLUDE_SERVER, LOCK_CLIENT, LOCK_SERVER) VALUES (?,?,?,?,?,?): 131,Electrical Measurement,false,false,true,false => rowid: 1430","v":1}
{"level":30,"time":1589725318143,"pid":31079,"hostname":"localhost.localdomain","msg":"Executed insert: INSERT INTO DEVICE_TYPE_CLUSTER (DEVICE_TYPE_REF, CLUSTER_NAME, INCLUDE_CLIENT, INCLUDE_SERVER, LOCK_CLIENT, LOCK_SERVER) VALUES (?,?,?,?,?,?): 131,Time,false,false,false,true => rowid: 1431","v":1}
{"level":30,"time":1589725318143,"pid":31079,"hostname":"localhost.localdomain","msg":"Executed insert: INSERT INTO DEVICE_TYPE_CLUSTER (DEVICE_TYPE_REF, CLUSTER_NAME, INCLUDE_CLIENT, INCLUDE_SERVER, LOCK_CLIENT, LOCK_SERVER) VALUES (?,?,?,?,?,?): 131,Over the Air Bootloading,false,false,false,false => rowid: 1432","v":1}
{"level":30,"time":1589725318143,"pid":31079,"hostname":"localhost.localdomain","msg":"Executed insert: INSERT INTO DEVICE_TYPE_CLUSTER (DEVICE_TYPE_REF, CLUSTER_NAME, INCLUDE_CLIENT, INCLUDE_SERVER, LOCK_CLIENT, LOCK_SERVER) VALUES (?,?,?,?,?,?): 131,Partition,false,false,false,false => rowid: 1433","v":1}
{"level":30,"time":1589725318143,"pid":31079,"hostname":"localhost.localdomain","msg":"Preparing statement: INSERT INTO DEVICE_TYPE_ATTRIBUTE (DEVICE_TYPE_CLUSTER_REF, ATTRIBUTE_NAME) VALUES (?, ?) to insert 0 records.","v":1}
{"level":30,"time":1589725318144,"pid":31079,"hostname":"localhost.localdomain","msg":"Preparing statement: INSERT INTO DEVICE_TYPE_COMMAND (DEVICE_TYPE_CLUSTER_REF, COMMAND_NAME) VALUES (?, ?) to insert 0 records.","v":1}
{"level":30,"time":1589725318144,"pid":31079,"hostname":"localhost.localdomain","msg":"Executed insert: INSERT INTO DEVICE_TYPE_CLUSTER (DEVICE_TYPE_REF, CLUSTER_NAME, INCLUDE_CLIENT, INCLUDE_SERVER, LOCK_CLIENT, LOCK_SERVER) VALUES (?,?,?,?,?,?): 134,Basic,false,true,true,true => rowid: 1434","v":1}
{"level":30,"time":1589725318144,"pid":31079,"hostname":"localhost.localdomain","msg":"Executed insert: INSERT INTO DEVICE_TYPE_CLUSTER (DEVICE_TYPE_REF, CLUSTER_NAME, INCLUDE_CLIENT, INCLUDE_SERVER, LOCK_CLIENT, LOCK_SERVER) VALUES (?,?,?,?,?,?): 134,Identify,true,true,true,true => rowid: 1435","v":1}
{"level":30,"time":1589725318144,"pid":31079,"hostname":"localhost.localdomain","msg":"Executed insert: INSERT INTO DEVICE_TYPE_CLUSTER (DEVICE_TYPE_REF, CLUSTER_NAME, INCLUDE_CLIENT, INCLUDE_SERVER, LOCK_CLIENT, LOCK_SERVER) VALUES (?,?,?,?,?,?): 134,Power Configuration,false,false,true,false => rowid: 1436","v":1}
{"level":30,"time":1589725318144,"pid":31079,"hostname":"localhost.localdomain","msg":"Executed insert: INSERT INTO DEVICE_TYPE_CLUSTER (DEVICE_TYPE_REF, CLUSTER_NAME, INCLUDE_CLIENT, INCLUDE_SERVER, LOCK_CLIENT, LOCK_SERVER) VALUES (?,?,?,?,?,?): 134,Device Temperature Configuration,false,false,true,false => rowid: 1437","v":1}
{"level":30,"time":1589725318144,"pid":31079,"hostname":"localhost.localdomain","msg":"Executed insert: INSERT INTO DEVICE_TYPE_CLUSTER (DEVICE_TYPE_REF, CLUSTER_NAME, INCLUDE_CLIENT, INCLUDE_SERVER, LOCK_CLIENT, LOCK_SERVER) VALUES (?,?,?,?,?,?): 134,Alarms,false,false,true,false => rowid: 1438","v":1}
{"level":30,"time":1589725318144,"pid":31079,"hostname":"localhost.localdomain","msg":"Executed insert: INSERT INTO DEVICE_TYPE_CLUSTER (DEVICE_TYPE_REF, CLUSTER_NAME, INCLUDE_CLIENT, INCLUDE_SERVER, LOCK_CLIENT, LOCK_SERVER) VALUES (?,?,?,?,?,?): 134,Temperature measurement,false,true,true,true => rowid: 1439","v":1}
{"level":30,"time":1589725318144,"pid":31079,"hostname":"localhost.localdomain","msg":"Executed insert: INSERT INTO DEVICE_TYPE_CLUSTER (DEVICE_TYPE_REF, CLUSTER_NAME, INCLUDE_CLIENT, INCLUDE_SERVER, LOCK_CLIENT, LOCK_SERVER) VALUES (?,?,?,?,?,?): 134,Groups,false,false,false,true => rowid: 1440","v":1}
{"level":30,"time":1589725318144,"pid":31079,"hostname":"localhost.localdomain","msg":"Executed insert: INSERT INTO DEVICE_TYPE_CLUSTER (DEVICE_TYPE_REF, CLUSTER_NAME, INCLUDE_CLIENT, INCLUDE_SERVER, LOCK_CLIENT, LOCK_SERVER) VALUES (?,?,?,?,?,?): 134,Poll Control,false,false,true,false => rowid: 1441","v":1}
{"level":30,"time":1589725318144,"pid":31079,"hostname":"localhost.localdomain","msg":"Executed insert: INSERT INTO DEVICE_TYPE_CLUSTER (DEVICE_TYPE_REF, CLUSTER_NAME, INCLUDE_CLIENT, INCLUDE_SERVER, LOCK_CLIENT, LOCK_SERVER) VALUES (?,?,?,?,?,?): 134,Electrical Measurement,false,false,true,false => rowid: 1442","v":1}
{"level":30,"time":1589725318144,"pid":31079,"hostname":"localhost.localdomain","msg":"Executed insert: INSERT INTO DEVICE_TYPE_CLUSTER (DEVICE_TYPE_REF, CLUSTER_NAME, INCLUDE_CLIENT, INCLUDE_SERVER, LOCK_CLIENT, LOCK_SERVER) VALUES (?,?,?,?,?,?): 134,Time,false,false,false,true => rowid: 1443","v":1}
{"level":30,"time":1589725318144,"pid":31079,"hostname":"localhost.localdomain","msg":"Executed insert: INSERT INTO DEVICE_TYPE_CLUSTER (DEVICE_TYPE_REF, CLUSTER_NAME, INCLUDE_CLIENT, INCLUDE_SERVER, LOCK_CLIENT, LOCK_SERVER) VALUES (?,?,?,?,?,?): 134,Over the Air Bootloading,false,false,false,false => rowid: 1444","v":1}
{"level":30,"time":1589725318144,"pid":31079,"hostname":"localhost.localdomain","msg":"Executed insert: INSERT INTO DEVICE_TYPE_CLUSTER (DEVICE_TYPE_REF, CLUSTER_NAME, INCLUDE_CLIENT, INCLUDE_SERVER, LOCK_CLIENT, LOCK_SERVER) VALUES (?,?,?,?,?,?): 134,Partition,false,false,false,false => rowid: 1445","v":1}
{"level":30,"time":1589725318144,"pid":31079,"hostname":"localhost.localdomain","msg":"Preparing statement: INSERT INTO DEVICE_TYPE_ATTRIBUTE (DEVICE_TYPE_CLUSTER_REF, ATTRIBUTE_NAME) VALUES (?, ?) to insert 0 records.","v":1}
{"level":30,"time":1589725318144,"pid":31079,"hostname":"localhost.localdomain","msg":"Preparing statement: INSERT INTO DEVICE_TYPE_COMMAND (DEVICE_TYPE_CLUSTER_REF, COMMAND_NAME) VALUES (?, ?) to insert 0 records.","v":1}
{"level":30,"time":1589725318144,"pid":31079,"hostname":"localhost.localdomain","msg":"Executed insert: INSERT INTO DEVICE_TYPE_CLUSTER (DEVICE_TYPE_REF, CLUSTER_NAME, INCLUDE_CLIENT, INCLUDE_SERVER, LOCK_CLIENT, LOCK_SERVER) VALUES (?,?,?,?,?,?): 137,Basic,false,true,true,true => rowid: 1446","v":1}
{"level":30,"time":1589725318144,"pid":31079,"hostname":"localhost.localdomain","msg":"Executed insert: INSERT INTO DEVICE_TYPE_CLUSTER (DEVICE_TYPE_REF, CLUSTER_NAME, INCLUDE_CLIENT, INCLUDE_SERVER, LOCK_CLIENT, LOCK_SERVER) VALUES (?,?,?,?,?,?): 137,Identify,true,true,true,true => rowid: 1447","v":1}
{"level":30,"time":1589725318144,"pid":31079,"hostname":"localhost.localdomain","msg":"Executed insert: INSERT INTO DEVICE_TYPE_CLUSTER (DEVICE_TYPE_REF, CLUSTER_NAME, INCLUDE_CLIENT, INCLUDE_SERVER, LOCK_CLIENT, LOCK_SERVER) VALUES (?,?,?,?,?,?): 137,Device Temperature Configuration,false,false,true,false => rowid: 1448","v":1}
{"level":30,"time":1589725318144,"pid":31079,"hostname":"localhost.localdomain","msg":"Executed insert: INSERT INTO DEVICE_TYPE_CLUSTER (DEVICE_TYPE_REF, CLUSTER_NAME, INCLUDE_CLIENT, INCLUDE_SERVER, LOCK_CLIENT, LOCK_SERVER) VALUES (?,?,?,?,?,?): 137,Power Configuration,false,false,true,false => rowid: 1449","v":1}
{"level":30,"time":1589725318144,"pid":31079,"hostname":"localhost.localdomain","msg":"Executed insert: INSERT INTO DEVICE_TYPE_CLUSTER (DEVICE_TYPE_REF, CLUSTER_NAME, INCLUDE_CLIENT, INCLUDE_SERVER, LOCK_CLIENT, LOCK_SERVER) VALUES (?,?,?,?,?,?): 137,Alarms,false,false,true,false => rowid: 1450","v":1}
{"level":30,"time":1589725318144,"pid":31079,"hostname":"localhost.localdomain","msg":"Executed insert: INSERT INTO DEVICE_TYPE_CLUSTER (DEVICE_TYPE_REF, CLUSTER_NAME, INCLUDE_CLIENT, INCLUDE_SERVER, LOCK_CLIENT, LOCK_SERVER) VALUES (?,?,?,?,?,?): 137,Pump Configuration and Control,false,true,true,true => rowid: 1451","v":1}
{"level":30,"time":1589725318144,"pid":31079,"hostname":"localhost.localdomain","msg":"Executed insert: INSERT INTO DEVICE_TYPE_CLUSTER (DEVICE_TYPE_REF, CLUSTER_NAME, INCLUDE_CLIENT, INCLUDE_SERVER, LOCK_CLIENT, LOCK_SERVER) VALUES (?,?,?,?,?,?): 137,On/off,false,true,true,true => rowid: 1452","v":1}
{"level":30,"time":1589725318144,"pid":31079,"hostname":"localhost.localdomain","msg":"Executed insert: INSERT INTO DEVICE_TYPE_CLUSTER (DEVICE_TYPE_REF, CLUSTER_NAME, INCLUDE_CLIENT, INCLUDE_SERVER, LOCK_CLIENT, LOCK_SERVER) VALUES (?,?,?,?,?,?): 137,Scenes,false,true,true,true => rowid: 1453","v":1}
{"level":30,"time":1589725318144,"pid":31079,"hostname":"localhost.localdomain","msg":"Executed insert: INSERT INTO DEVICE_TYPE_CLUSTER (DEVICE_TYPE_REF, CLUSTER_NAME, INCLUDE_CLIENT, INCLUDE_SERVER, LOCK_CLIENT, LOCK_SERVER) VALUES (?,?,?,?,?,?): 137,Groups,false,true,true,true => rowid: 1454","v":1}
{"level":30,"time":1589725318144,"pid":31079,"hostname":"localhost.localdomain","msg":"Executed insert: INSERT INTO DEVICE_TYPE_CLUSTER (DEVICE_TYPE_REF, CLUSTER_NAME, INCLUDE_CLIENT, INCLUDE_SERVER, LOCK_CLIENT, LOCK_SERVER) VALUES (?,?,?,?,?,?): 137,Level control,false,false,true,false => rowid: 1455","v":1}
{"level":30,"time":1589725318144,"pid":31079,"hostname":"localhost.localdomain","msg":"Executed insert: INSERT INTO DEVICE_TYPE_CLUSTER (DEVICE_TYPE_REF, CLUSTER_NAME, INCLUDE_CLIENT, INCLUDE_SERVER, LOCK_CLIENT, LOCK_SERVER) VALUES (?,?,?,?,?,?): 137,Pressure measurement,false,false,false,false => rowid: 1456","v":1}
{"level":30,"time":1589725318144,"pid":31079,"hostname":"localhost.localdomain","msg":"Executed insert: INSERT INTO DEVICE_TYPE_CLUSTER (DEVICE_TYPE_REF, CLUSTER_NAME, INCLUDE_CLIENT, INCLUDE_SERVER, LOCK_CLIENT, LOCK_SERVER) VALUES (?,?,?,?,?,?): 137,Temperature measurement,false,false,false,false => rowid: 1457","v":1}
{"level":30,"time":1589725318144,"pid":31079,"hostname":"localhost.localdomain","msg":"Executed insert: INSERT INTO DEVICE_TYPE_CLUSTER (DEVICE_TYPE_REF, CLUSTER_NAME, INCLUDE_CLIENT, INCLUDE_SERVER, LOCK_CLIENT, LOCK_SERVER) VALUES (?,?,?,?,?,?): 137,Flow measurement,false,false,false,false => rowid: 1458","v":1}
{"level":30,"time":1589725318144,"pid":31079,"hostname":"localhost.localdomain","msg":"Executed insert: INSERT INTO DEVICE_TYPE_CLUSTER (DEVICE_TYPE_REF, CLUSTER_NAME, INCLUDE_CLIENT, INCLUDE_SERVER, LOCK_CLIENT, LOCK_SERVER) VALUES (?,?,?,?,?,?): 137,Poll Control,false,false,true,false => rowid: 1459","v":1}
{"level":30,"time":1589725318144,"pid":31079,"hostname":"localhost.localdomain","msg":"Executed insert: INSERT INTO DEVICE_TYPE_CLUSTER (DEVICE_TYPE_REF, CLUSTER_NAME, INCLUDE_CLIENT, INCLUDE_SERVER, LOCK_CLIENT, LOCK_SERVER) VALUES (?,?,?,?,?,?): 137,Electrical Measurement,false,false,true,false => rowid: 1460","v":1}
{"level":30,"time":1589725318144,"pid":31079,"hostname":"localhost.localdomain","msg":"Executed insert: INSERT INTO DEVICE_TYPE_CLUSTER (DEVICE_TYPE_REF, CLUSTER_NAME, INCLUDE_CLIENT, INCLUDE_SERVER, LOCK_CLIENT, LOCK_SERVER) VALUES (?,?,?,?,?,?): 137,Time,false,false,false,true => rowid: 1461","v":1}
{"level":30,"time":1589725318144,"pid":31079,"hostname":"localhost.localdomain","msg":"Executed insert: INSERT INTO DEVICE_TYPE_CLUSTER (DEVICE_TYPE_REF, CLUSTER_NAME, INCLUDE_CLIENT, INCLUDE_SERVER, LOCK_CLIENT, LOCK_SERVER) VALUES (?,?,?,?,?,?): 137,Over the Air Bootloading,false,false,false,false => rowid: 1462","v":1}
{"level":30,"time":1589725318144,"pid":31079,"hostname":"localhost.localdomain","msg":"Executed insert: INSERT INTO DEVICE_TYPE_CLUSTER (DEVICE_TYPE_REF, CLUSTER_NAME, INCLUDE_CLIENT, INCLUDE_SERVER, LOCK_CLIENT, LOCK_SERVER) VALUES (?,?,?,?,?,?): 137,Partition,false,false,false,false => rowid: 1463","v":1}
{"level":30,"time":1589725318144,"pid":31079,"hostname":"localhost.localdomain","msg":"Preparing statement: INSERT INTO DEVICE_TYPE_ATTRIBUTE (DEVICE_TYPE_CLUSTER_REF, ATTRIBUTE_NAME) VALUES (?, ?) to insert 0 records.","v":1}
{"level":30,"time":1589725318144,"pid":31079,"hostname":"localhost.localdomain","msg":"Preparing statement: INSERT INTO DEVICE_TYPE_COMMAND (DEVICE_TYPE_CLUSTER_REF, COMMAND_NAME) VALUES (?, ?) to insert 0 records.","v":1}
{"level":30,"time":1589725318145,"pid":31079,"hostname":"localhost.localdomain","msg":"Executed insert: INSERT INTO DEVICE_TYPE_CLUSTER (DEVICE_TYPE_REF, CLUSTER_NAME, INCLUDE_CLIENT, INCLUDE_SERVER, LOCK_CLIENT, LOCK_SERVER) VALUES (?,?,?,?,?,?): 140,Basic,false,true,true,true => rowid: 1464","v":1}
{"level":30,"time":1589725318145,"pid":31079,"hostname":"localhost.localdomain","msg":"Executed insert: INSERT INTO DEVICE_TYPE_CLUSTER (DEVICE_TYPE_REF, CLUSTER_NAME, INCLUDE_CLIENT, INCLUDE_SERVER, LOCK_CLIENT, LOCK_SERVER) VALUES (?,?,?,?,?,?): 140,Identify,true,true,true,true => rowid: 1465","v":1}
{"level":30,"time":1589725318145,"pid":31079,"hostname":"localhost.localdomain","msg":"Executed insert: INSERT INTO DEVICE_TYPE_CLUSTER (DEVICE_TYPE_REF, CLUSTER_NAME, INCLUDE_CLIENT, INCLUDE_SERVER, LOCK_CLIENT, LOCK_SERVER) VALUES (?,?,?,?,?,?): 15,Time,false,false,false,true => rowid: 1466","v":1}
{"level":30,"time":1589725318145,"pid":31079,"hostname":"localhost.localdomain","msg":"Preparing statement: INSERT INTO DEVICE_TYPE_ATTRIBUTE (DEVICE_TYPE_CLUSTER_REF, ATTRIBUTE_NAME) VALUES (?, ?) to insert 0 records.","v":1}
{"level":30,"time":1589725318145,"pid":31079,"hostname":"localhost.localdomain","msg":"Preparing statement: INSERT INTO DEVICE_TYPE_COMMAND (DEVICE_TYPE_CLUSTER_REF, COMMAND_NAME) VALUES (?, ?) to insert 0 records.","v":1}
{"level":30,"time":1589725318145,"pid":31079,"hostname":"localhost.localdomain","msg":"Executed insert: INSERT INTO DEVICE_TYPE_CLUSTER (DEVICE_TYPE_REF, CLUSTER_NAME, INCLUDE_CLIENT, INCLUDE_SERVER, LOCK_CLIENT, LOCK_SERVER) VALUES (?,?,?,?,?,?): 140,Device Temperature Configuration,false,false,true,false => rowid: 1467","v":1}
{"level":30,"time":1589725318145,"pid":31079,"hostname":"localhost.localdomain","msg":"Executed insert: INSERT INTO DEVICE_TYPE_CLUSTER (DEVICE_TYPE_REF, CLUSTER_NAME, INCLUDE_CLIENT, INCLUDE_SERVER, LOCK_CLIENT, LOCK_SERVER) VALUES (?,?,?,?,?,?): 140,Alarms,false,false,true,false => rowid: 1468","v":1}
{"level":30,"time":1589725318145,"pid":31079,"hostname":"localhost.localdomain","msg":"Executed insert: INSERT INTO DEVICE_TYPE_CLUSTER (DEVICE_TYPE_REF, CLUSTER_NAME, INCLUDE_CLIENT, INCLUDE_SERVER, LOCK_CLIENT, LOCK_SERVER) VALUES (?,?,?,?,?,?): 140,Pump Configuration and Control,true,false,true,true => rowid: 1469","v":1}
{"level":30,"time":1589725318145,"pid":31079,"hostname":"localhost.localdomain","msg":"Executed insert: INSERT INTO DEVICE_TYPE_CLUSTER (DEVICE_TYPE_REF, CLUSTER_NAME, INCLUDE_CLIENT, INCLUDE_SERVER, LOCK_CLIENT, LOCK_SERVER) VALUES (?,?,?,?,?,?): 140,On/off,true,false,true,true => rowid: 1470","v":1}
{"level":30,"time":1589725318145,"pid":31079,"hostname":"localhost.localdomain","msg":"Executed insert: INSERT INTO DEVICE_TYPE_CLUSTER (DEVICE_TYPE_REF, CLUSTER_NAME, INCLUDE_CLIENT, INCLUDE_SERVER, LOCK_CLIENT, LOCK_SERVER) VALUES (?,?,?,?,?,?): 140,Scenes,false,false,false,true => rowid: 1471","v":1}
{"level":30,"time":1589725318145,"pid":31079,"hostname":"localhost.localdomain","msg":"Executed insert: INSERT INTO DEVICE_TYPE_CLUSTER (DEVICE_TYPE_REF, CLUSTER_NAME, INCLUDE_CLIENT, INCLUDE_SERVER, LOCK_CLIENT, LOCK_SERVER) VALUES (?,?,?,?,?,?): 140,Groups,false,false,false,true => rowid: 1472","v":1}
{"level":30,"time":1589725318145,"pid":31079,"hostname":"localhost.localdomain","msg":"Executed insert: INSERT INTO DEVICE_TYPE_CLUSTER (DEVICE_TYPE_REF, CLUSTER_NAME, INCLUDE_CLIENT, INCLUDE_SERVER, LOCK_CLIENT, LOCK_SERVER) VALUES (?,?,?,?,?,?): 140,Pressure measurement,false,false,false,true => rowid: 1473","v":1}
{"level":30,"time":1589725318145,"pid":31079,"hostname":"localhost.localdomain","msg":"Executed insert: INSERT INTO DEVICE_TYPE_CLUSTER (DEVICE_TYPE_REF, CLUSTER_NAME, INCLUDE_CLIENT, INCLUDE_SERVER, LOCK_CLIENT, LOCK_SERVER) VALUES (?,?,?,?,?,?): 140,Temperature measurement,false,false,false,true => rowid: 1474","v":1}
{"level":30,"time":1589725318145,"pid":31079,"hostname":"localhost.localdomain","msg":"Executed insert: INSERT INTO DEVICE_TYPE_CLUSTER (DEVICE_TYPE_REF, CLUSTER_NAME, INCLUDE_CLIENT, INCLUDE_SERVER, LOCK_CLIENT, LOCK_SERVER) VALUES (?,?,?,?,?,?): 140,Flow measurement,false,false,false,true => rowid: 1475","v":1}
{"level":30,"time":1589725318145,"pid":31079,"hostname":"localhost.localdomain","msg":"Executed insert: INSERT INTO DEVICE_TYPE_CLUSTER (DEVICE_TYPE_REF, CLUSTER_NAME, INCLUDE_CLIENT, INCLUDE_SERVER, LOCK_CLIENT, LOCK_SERVER) VALUES (?,?,?,?,?,?): 140,Level control,false,false,false,true => rowid: 1476","v":1}
{"level":30,"time":1589725318145,"pid":31079,"hostname":"localhost.localdomain","msg":"Executed insert: INSERT INTO DEVICE_TYPE_CLUSTER (DEVICE_TYPE_REF, CLUSTER_NAME, INCLUDE_CLIENT, INCLUDE_SERVER, LOCK_CLIENT, LOCK_SERVER) VALUES (?,?,?,?,?,?): 140,Poll Control,false,false,true,false => rowid: 1477","v":1}
{"level":30,"time":1589725318145,"pid":31079,"hostname":"localhost.localdomain","msg":"Executed insert: INSERT INTO DEVICE_TYPE_CLUSTER (DEVICE_TYPE_REF, CLUSTER_NAME, INCLUDE_CLIENT, INCLUDE_SERVER, LOCK_CLIENT, LOCK_SERVER) VALUES (?,?,?,?,?,?): 140,Electrical Measurement,false,false,true,false => rowid: 1478","v":1}
{"level":30,"time":1589725318145,"pid":31079,"hostname":"localhost.localdomain","msg":"Executed insert: INSERT INTO DEVICE_TYPE_CLUSTER (DEVICE_TYPE_REF, CLUSTER_NAME, INCLUDE_CLIENT, INCLUDE_SERVER, LOCK_CLIENT, LOCK_SERVER) VALUES (?,?,?,?,?,?): 140,Time,false,false,false,true => rowid: 1479","v":1}
{"level":30,"time":1589725318145,"pid":31079,"hostname":"localhost.localdomain","msg":"Executed insert: INSERT INTO DEVICE_TYPE_CLUSTER (DEVICE_TYPE_REF, CLUSTER_NAME, INCLUDE_CLIENT, INCLUDE_SERVER, LOCK_CLIENT, LOCK_SERVER) VALUES (?,?,?,?,?,?): 140,Over the Air Bootloading,false,false,false,false => rowid: 1480","v":1}
{"level":30,"time":1589725318145,"pid":31079,"hostname":"localhost.localdomain","msg":"Executed insert: INSERT INTO DEVICE_TYPE_CLUSTER (DEVICE_TYPE_REF, CLUSTER_NAME, INCLUDE_CLIENT, INCLUDE_SERVER, LOCK_CLIENT, LOCK_SERVER) VALUES (?,?,?,?,?,?): 140,Partition,false,false,false,false => rowid: 1481","v":1}
{"level":30,"time":1589725318145,"pid":31079,"hostname":"localhost.localdomain","msg":"Executed insert: INSERT INTO DEVICE_TYPE_CLUSTER (DEVICE_TYPE_REF, CLUSTER_NAME, INCLUDE_CLIENT, INCLUDE_SERVER, LOCK_CLIENT, LOCK_SERVER) VALUES (?,?,?,?,?,?): 142,Basic,false,true,true,true => rowid: 1482","v":1}
{"level":30,"time":1589725318145,"pid":31079,"hostname":"localhost.localdomain","msg":"Executed insert: INSERT INTO DEVICE_TYPE_CLUSTER (DEVICE_TYPE_REF, CLUSTER_NAME, INCLUDE_CLIENT, INCLUDE_SERVER, LOCK_CLIENT, LOCK_SERVER) VALUES (?,?,?,?,?,?): 142,Identify,true,true,true,true => rowid: 1483","v":1}
{"level":30,"time":1589725318145,"pid":31079,"hostname":"localhost.localdomain","msg":"Executed insert: INSERT INTO DEVICE_TYPE_CLUSTER (DEVICE_TYPE_REF, CLUSTER_NAME, INCLUDE_CLIENT, INCLUDE_SERVER, LOCK_CLIENT, LOCK_SERVER) VALUES (?,?,?,?,?,?): 142,Power Configuration,false,false,true,false => rowid: 1484","v":1}
{"level":30,"time":1589725318145,"pid":31079,"hostname":"localhost.localdomain","msg":"Executed insert: INSERT INTO DEVICE_TYPE_CLUSTER (DEVICE_TYPE_REF, CLUSTER_NAME, INCLUDE_CLIENT, INCLUDE_SERVER, LOCK_CLIENT, LOCK_SERVER) VALUES (?,?,?,?,?,?): 142,Device Temperature Configuration,false,false,true,false => rowid: 1485","v":1}
{"level":30,"time":1589725318145,"pid":31079,"hostname":"localhost.localdomain","msg":"Executed insert: INSERT INTO DEVICE_TYPE_CLUSTER (DEVICE_TYPE_REF, CLUSTER_NAME, INCLUDE_CLIENT, INCLUDE_SERVER, LOCK_CLIENT, LOCK_SERVER) VALUES (?,?,?,?,?,?): 142,Alarms,false,false,true,false => rowid: 1486","v":1}
{"level":30,"time":1589725318145,"pid":31079,"hostname":"localhost.localdomain","msg":"Executed insert: INSERT INTO DEVICE_TYPE_CLUSTER (DEVICE_TYPE_REF, CLUSTER_NAME, INCLUDE_CLIENT, INCLUDE_SERVER, LOCK_CLIENT, LOCK_SERVER) VALUES (?,?,?,?,?,?): 142,Pressure measurement,false,true,true,true => rowid: 1487","v":1}
{"level":30,"time":1589725318145,"pid":31079,"hostname":"localhost.localdomain","msg":"Executed insert: INSERT INTO DEVICE_TYPE_CLUSTER (DEVICE_TYPE_REF, CLUSTER_NAME, INCLUDE_CLIENT, INCLUDE_SERVER, LOCK_CLIENT, LOCK_SERVER) VALUES (?,?,?,?,?,?): 142,Groups,false,false,false,true => rowid: 1488","v":1}
{"level":30,"time":1589725318145,"pid":31079,"hostname":"localhost.localdomain","msg":"Executed insert: INSERT INTO DEVICE_TYPE_CLUSTER (DEVICE_TYPE_REF, CLUSTER_NAME, INCLUDE_CLIENT, INCLUDE_SERVER, LOCK_CLIENT, LOCK_SERVER) VALUES (?,?,?,?,?,?): 142,Poll Control,false,false,true,false => rowid: 1489","v":1}
{"level":30,"time":1589725318145,"pid":31079,"hostname":"localhost.localdomain","msg":"Executed insert: INSERT INTO DEVICE_TYPE_CLUSTER (DEVICE_TYPE_REF, CLUSTER_NAME, INCLUDE_CLIENT, INCLUDE_SERVER, LOCK_CLIENT, LOCK_SERVER) VALUES (?,?,?,?,?,?): 142,Time,false,false,false,true => rowid: 1490","v":1}
{"level":30,"time":1589725318145,"pid":31079,"hostname":"localhost.localdomain","msg":"Executed insert: INSERT INTO DEVICE_TYPE_CLUSTER (DEVICE_TYPE_REF, CLUSTER_NAME, INCLUDE_CLIENT, INCLUDE_SERVER, LOCK_CLIENT, LOCK_SERVER) VALUES (?,?,?,?,?,?): 142,Over the Air Bootloading,false,false,false,false => rowid: 1491","v":1}
{"level":30,"time":1589725318145,"pid":31079,"hostname":"localhost.localdomain","msg":"Executed insert: INSERT INTO DEVICE_TYPE_CLUSTER (DEVICE_TYPE_REF, CLUSTER_NAME, INCLUDE_CLIENT, INCLUDE_SERVER, LOCK_CLIENT, LOCK_SERVER) VALUES (?,?,?,?,?,?): 142,Partition,false,false,false,false => rowid: 1492","v":1}
{"level":30,"time":1589725318145,"pid":31079,"hostname":"localhost.localdomain","msg":"Executed insert: INSERT INTO DEVICE_TYPE_CLUSTER (DEVICE_TYPE_REF, CLUSTER_NAME, INCLUDE_CLIENT, INCLUDE_SERVER, LOCK_CLIENT, LOCK_SERVER) VALUES (?,?,?,?,?,?): 142,Electrical Measurement,false,false,true,false => rowid: 1493","v":1}
{"level":30,"time":1589725318145,"pid":31079,"hostname":"localhost.localdomain","msg":"Preparing statement: INSERT INTO DEVICE_TYPE_ATTRIBUTE (DEVICE_TYPE_CLUSTER_REF, ATTRIBUTE_NAME) VALUES (?, ?) to insert 0 records.","v":1}
{"level":30,"time":1589725318145,"pid":31079,"hostname":"localhost.localdomain","msg":"Preparing statement: INSERT INTO DEVICE_TYPE_COMMAND (DEVICE_TYPE_CLUSTER_REF, COMMAND_NAME) VALUES (?, ?) to insert 0 records.","v":1}
{"level":30,"time":1589725318145,"pid":31079,"hostname":"localhost.localdomain","msg":"Executed insert: INSERT INTO DEVICE_TYPE_CLUSTER (DEVICE_TYPE_REF, CLUSTER_NAME, INCLUDE_CLIENT, INCLUDE_SERVER, LOCK_CLIENT, LOCK_SERVER) VALUES (?,?,?,?,?,?): 143,Basic,false,true,true,true => rowid: 1494","v":1}
{"level":30,"time":1589725318146,"pid":31079,"hostname":"localhost.localdomain","msg":"Executed insert: INSERT INTO DEVICE_TYPE_CLUSTER (DEVICE_TYPE_REF, CLUSTER_NAME, INCLUDE_CLIENT, INCLUDE_SERVER, LOCK_CLIENT, LOCK_SERVER) VALUES (?,?,?,?,?,?): 143,Identify,true,true,true,true => rowid: 1495","v":1}
{"level":30,"time":1589725318146,"pid":31079,"hostname":"localhost.localdomain","msg":"Executed insert: INSERT INTO DEVICE_TYPE_CLUSTER (DEVICE_TYPE_REF, CLUSTER_NAME, INCLUDE_CLIENT, INCLUDE_SERVER, LOCK_CLIENT, LOCK_SERVER) VALUES (?,?,?,?,?,?): 143,Power Configuration,false,false,true,false => rowid: 1496","v":1}
{"level":30,"time":1589725318146,"pid":31079,"hostname":"localhost.localdomain","msg":"Executed insert: INSERT INTO DEVICE_TYPE_CLUSTER (DEVICE_TYPE_REF, CLUSTER_NAME, INCLUDE_CLIENT, INCLUDE_SERVER, LOCK_CLIENT, LOCK_SERVER) VALUES (?,?,?,?,?,?): 143,Device Temperature Configuration,false,false,true,false => rowid: 1497","v":1}
{"level":30,"time":1589725318146,"pid":31079,"hostname":"localhost.localdomain","msg":"Executed insert: INSERT INTO DEVICE_TYPE_CLUSTER (DEVICE_TYPE_REF, CLUSTER_NAME, INCLUDE_CLIENT, INCLUDE_SERVER, LOCK_CLIENT, LOCK_SERVER) VALUES (?,?,?,?,?,?): 143,Alarms,false,false,true,false => rowid: 1498","v":1}
{"level":30,"time":1589725318146,"pid":31079,"hostname":"localhost.localdomain","msg":"Executed insert: INSERT INTO DEVICE_TYPE_CLUSTER (DEVICE_TYPE_REF, CLUSTER_NAME, INCLUDE_CLIENT, INCLUDE_SERVER, LOCK_CLIENT, LOCK_SERVER) VALUES (?,?,?,?,?,?): 143,Flow measurement,false,true,true,true => rowid: 1499","v":1}
{"level":30,"time":1589725318146,"pid":31079,"hostname":"localhost.localdomain","msg":"Executed insert: INSERT INTO DEVICE_TYPE_CLUSTER (DEVICE_TYPE_REF, CLUSTER_NAME, INCLUDE_CLIENT, INCLUDE_SERVER, LOCK_CLIENT, LOCK_SERVER) VALUES (?,?,?,?,?,?): 143,Groups,false,false,false,true => rowid: 1500","v":1}
{"level":30,"time":1589725318146,"pid":31079,"hostname":"localhost.localdomain","msg":"Executed insert: INSERT INTO DEVICE_TYPE_CLUSTER (DEVICE_TYPE_REF, CLUSTER_NAME, INCLUDE_CLIENT, INCLUDE_SERVER, LOCK_CLIENT, LOCK_SERVER) VALUES (?,?,?,?,?,?): 143,Poll Control,false,false,true,false => rowid: 1501","v":1}
{"level":30,"time":1589725318146,"pid":31079,"hostname":"localhost.localdomain","msg":"Executed insert: INSERT INTO DEVICE_TYPE_CLUSTER (DEVICE_TYPE_REF, CLUSTER_NAME, INCLUDE_CLIENT, INCLUDE_SERVER, LOCK_CLIENT, LOCK_SERVER) VALUES (?,?,?,?,?,?): 143,Electrical Measurement,false,false,true,false => rowid: 1502","v":1}
{"level":30,"time":1589725318146,"pid":31079,"hostname":"localhost.localdomain","msg":"Executed insert: INSERT INTO DEVICE_TYPE_CLUSTER (DEVICE_TYPE_REF, CLUSTER_NAME, INCLUDE_CLIENT, INCLUDE_SERVER, LOCK_CLIENT, LOCK_SERVER) VALUES (?,?,?,?,?,?): 143,Time,false,false,false,true => rowid: 1503","v":1}
{"level":30,"time":1589725318146,"pid":31079,"hostname":"localhost.localdomain","msg":"Executed insert: INSERT INTO DEVICE_TYPE_CLUSTER (DEVICE_TYPE_REF, CLUSTER_NAME, INCLUDE_CLIENT, INCLUDE_SERVER, LOCK_CLIENT, LOCK_SERVER) VALUES (?,?,?,?,?,?): 143,Over the Air Bootloading,false,false,false,false => rowid: 1504","v":1}
{"level":30,"time":1589725318146,"pid":31079,"hostname":"localhost.localdomain","msg":"Executed insert: INSERT INTO DEVICE_TYPE_CLUSTER (DEVICE_TYPE_REF, CLUSTER_NAME, INCLUDE_CLIENT, INCLUDE_SERVER, LOCK_CLIENT, LOCK_SERVER) VALUES (?,?,?,?,?,?): 143,Partition,false,false,false,false => rowid: 1505","v":1}
{"level":30,"time":1589725318146,"pid":31079,"hostname":"localhost.localdomain","msg":"Preparing statement: INSERT INTO DEVICE_TYPE_ATTRIBUTE (DEVICE_TYPE_CLUSTER_REF, ATTRIBUTE_NAME) VALUES (?, ?) to insert 0 records.","v":1}
{"level":30,"time":1589725318146,"pid":31079,"hostname":"localhost.localdomain","msg":"Preparing statement: INSERT INTO DEVICE_TYPE_COMMAND (DEVICE_TYPE_CLUSTER_REF, COMMAND_NAME) VALUES (?, ?) to insert 0 records.","v":1}
{"level":30,"time":1589725318146,"pid":31079,"hostname":"localhost.localdomain","msg":"Executed insert: INSERT INTO DEVICE_TYPE_CLUSTER (DEVICE_TYPE_REF, CLUSTER_NAME, INCLUDE_CLIENT, INCLUDE_SERVER, LOCK_CLIENT, LOCK_SERVER) VALUES (?,?,?,?,?,?): 144,Basic,false,true,true,true => rowid: 1506","v":1}
{"level":30,"time":1589725318146,"pid":31079,"hostname":"localhost.localdomain","msg":"Executed insert: INSERT INTO DEVICE_TYPE_CLUSTER (DEVICE_TYPE_REF, CLUSTER_NAME, INCLUDE_CLIENT, INCLUDE_SERVER, LOCK_CLIENT, LOCK_SERVER) VALUES (?,?,?,?,?,?): 144,Identify,true,true,true,true => rowid: 1507","v":1}
{"level":30,"time":1589725318146,"pid":31079,"hostname":"localhost.localdomain","msg":"Executed insert: INSERT INTO DEVICE_TYPE_CLUSTER (DEVICE_TYPE_REF, CLUSTER_NAME, INCLUDE_CLIENT, INCLUDE_SERVER, LOCK_CLIENT, LOCK_SERVER) VALUES (?,?,?,?,?,?): 144,Power Configuration,false,false,true,false => rowid: 1508","v":1}
{"level":30,"time":1589725318146,"pid":31079,"hostname":"localhost.localdomain","msg":"Executed insert: INSERT INTO DEVICE_TYPE_CLUSTER (DEVICE_TYPE_REF, CLUSTER_NAME, INCLUDE_CLIENT, INCLUDE_SERVER, LOCK_CLIENT, LOCK_SERVER) VALUES (?,?,?,?,?,?): 144,Device Temperature Configuration,false,false,true,false => rowid: 1509","v":1}
{"level":30,"time":1589725318146,"pid":31079,"hostname":"localhost.localdomain","msg":"Executed insert: INSERT INTO DEVICE_TYPE_CLUSTER (DEVICE_TYPE_REF, CLUSTER_NAME, INCLUDE_CLIENT, INCLUDE_SERVER, LOCK_CLIENT, LOCK_SERVER) VALUES (?,?,?,?,?,?): 144,Alarms,false,false,true,false => rowid: 1510","v":1}
{"level":30,"time":1589725318146,"pid":31079,"hostname":"localhost.localdomain","msg":"Executed insert: INSERT INTO DEVICE_TYPE_CLUSTER (DEVICE_TYPE_REF, CLUSTER_NAME, INCLUDE_CLIENT, INCLUDE_SERVER, LOCK_CLIENT, LOCK_SERVER) VALUES (?,?,?,?,?,?): 144,IAS ACE,false,true,true,true => rowid: 1511","v":1}
{"level":30,"time":1589725318146,"pid":31079,"hostname":"localhost.localdomain","msg":"Executed insert: INSERT INTO DEVICE_TYPE_CLUSTER (DEVICE_TYPE_REF, CLUSTER_NAME, INCLUDE_CLIENT, INCLUDE_SERVER, LOCK_CLIENT, LOCK_SERVER) VALUES (?,?,?,?,?,?): 144,IAS WD,true,false,true,true => rowid: 1512","v":1}
{"level":30,"time":1589725318146,"pid":31079,"hostname":"localhost.localdomain","msg":"Executed insert: INSERT INTO DEVICE_TYPE_CLUSTER (DEVICE_TYPE_REF, CLUSTER_NAME, INCLUDE_CLIENT, INCLUDE_SERVER, LOCK_CLIENT, LOCK_SERVER) VALUES (?,?,?,?,?,?): 144,IAS Zone,true,false,true,true => rowid: 1513","v":1}
{"level":30,"time":1589725318146,"pid":31079,"hostname":"localhost.localdomain","msg":"Executed insert: INSERT INTO DEVICE_TYPE_CLUSTER (DEVICE_TYPE_REF, CLUSTER_NAME, INCLUDE_CLIENT, INCLUDE_SERVER, LOCK_CLIENT, LOCK_SERVER) VALUES (?,?,?,?,?,?): 144,Scenes,false,false,false,true => rowid: 1514","v":1}
{"level":30,"time":1589725318146,"pid":31079,"hostname":"localhost.localdomain","msg":"Executed insert: INSERT INTO DEVICE_TYPE_CLUSTER (DEVICE_TYPE_REF, CLUSTER_NAME, INCLUDE_CLIENT, INCLUDE_SERVER, LOCK_CLIENT, LOCK_SERVER) VALUES (?,?,?,?,?,?): 144,Groups,false,false,false,true => rowid: 1515","v":1}
{"level":30,"time":1589725318146,"pid":31079,"hostname":"localhost.localdomain","msg":"Executed insert: INSERT INTO DEVICE_TYPE_CLUSTER (DEVICE_TYPE_REF, CLUSTER_NAME, INCLUDE_CLIENT, INCLUDE_SERVER, LOCK_CLIENT, LOCK_SERVER) VALUES (?,?,?,?,?,?): 144,Poll Control,false,false,true,false => rowid: 1516","v":1}
{"level":30,"time":1589725318146,"pid":31079,"hostname":"localhost.localdomain","msg":"Executed insert: INSERT INTO DEVICE_TYPE_CLUSTER (DEVICE_TYPE_REF, CLUSTER_NAME, INCLUDE_CLIENT, INCLUDE_SERVER, LOCK_CLIENT, LOCK_SERVER) VALUES (?,?,?,?,?,?): 144,Electrical Measurement,false,false,true,false => rowid: 1517","v":1}
{"level":30,"time":1589725318146,"pid":31079,"hostname":"localhost.localdomain","msg":"Executed insert: INSERT INTO DEVICE_TYPE_CLUSTER (DEVICE_TYPE_REF, CLUSTER_NAME, INCLUDE_CLIENT, INCLUDE_SERVER, LOCK_CLIENT, LOCK_SERVER) VALUES (?,?,?,?,?,?): 144,Time,false,false,false,true => rowid: 1518","v":1}
{"level":30,"time":1589725318146,"pid":31079,"hostname":"localhost.localdomain","msg":"Executed insert: INSERT INTO DEVICE_TYPE_CLUSTER (DEVICE_TYPE_REF, CLUSTER_NAME, INCLUDE_CLIENT, INCLUDE_SERVER, LOCK_CLIENT, LOCK_SERVER) VALUES (?,?,?,?,?,?): 144,Over the Air Bootloading,false,false,false,false => rowid: 1519","v":1}
{"level":30,"time":1589725318146,"pid":31079,"hostname":"localhost.localdomain","msg":"Executed insert: INSERT INTO DEVICE_TYPE_CLUSTER (DEVICE_TYPE_REF, CLUSTER_NAME, INCLUDE_CLIENT, INCLUDE_SERVER, LOCK_CLIENT, LOCK_SERVER) VALUES (?,?,?,?,?,?): 144,Partition,false,false,false,false => rowid: 1520","v":1}
{"level":30,"time":1589725318147,"pid":31079,"hostname":"localhost.localdomain","msg":"Preparing statement: INSERT INTO DEVICE_TYPE_ATTRIBUTE (DEVICE_TYPE_CLUSTER_REF, ATTRIBUTE_NAME) VALUES (?, ?) to insert 0 records.","v":1}
{"level":30,"time":1589725318147,"pid":31079,"hostname":"localhost.localdomain","msg":"Preparing statement: INSERT INTO DEVICE_TYPE_COMMAND (DEVICE_TYPE_CLUSTER_REF, COMMAND_NAME) VALUES (?, ?) to insert 0 records.","v":1}
{"level":30,"time":1589725318147,"pid":31079,"hostname":"localhost.localdomain","msg":"Executed insert: INSERT INTO DEVICE_TYPE_CLUSTER (DEVICE_TYPE_REF, CLUSTER_NAME, INCLUDE_CLIENT, INCLUDE_SERVER, LOCK_CLIENT, LOCK_SERVER) VALUES (?,?,?,?,?,?): 145,Basic,false,true,true,true => rowid: 1521","v":1}
{"level":30,"time":1589725318147,"pid":31079,"hostname":"localhost.localdomain","msg":"Executed insert: INSERT INTO DEVICE_TYPE_CLUSTER (DEVICE_TYPE_REF, CLUSTER_NAME, INCLUDE_CLIENT, INCLUDE_SERVER, LOCK_CLIENT, LOCK_SERVER) VALUES (?,?,?,?,?,?): 145,Identify,true,true,true,true => rowid: 1522","v":1}
{"level":30,"time":1589725318147,"pid":31079,"hostname":"localhost.localdomain","msg":"Executed insert: INSERT INTO DEVICE_TYPE_CLUSTER (DEVICE_TYPE_REF, CLUSTER_NAME, INCLUDE_CLIENT, INCLUDE_SERVER, LOCK_CLIENT, LOCK_SERVER) VALUES (?,?,?,?,?,?): 145,Power Configuration,false,false,true,false => rowid: 1523","v":1}
{"level":30,"time":1589725318147,"pid":31079,"hostname":"localhost.localdomain","msg":"Executed insert: INSERT INTO DEVICE_TYPE_CLUSTER (DEVICE_TYPE_REF, CLUSTER_NAME, INCLUDE_CLIENT, INCLUDE_SERVER, LOCK_CLIENT, LOCK_SERVER) VALUES (?,?,?,?,?,?): 145,Device Temperature Configuration,false,false,true,false => rowid: 1524","v":1}
{"level":30,"time":1589725318147,"pid":31079,"hostname":"localhost.localdomain","msg":"Executed insert: INSERT INTO DEVICE_TYPE_CLUSTER (DEVICE_TYPE_REF, CLUSTER_NAME, INCLUDE_CLIENT, INCLUDE_SERVER, LOCK_CLIENT, LOCK_SERVER) VALUES (?,?,?,?,?,?): 145,Alarms,false,false,true,false => rowid: 1525","v":1}
{"level":30,"time":1589725318147,"pid":31079,"hostname":"localhost.localdomain","msg":"Executed insert: INSERT INTO DEVICE_TYPE_CLUSTER (DEVICE_TYPE_REF, CLUSTER_NAME, INCLUDE_CLIENT, INCLUDE_SERVER, LOCK_CLIENT, LOCK_SERVER) VALUES (?,?,?,?,?,?): 145,IAS Zone,false,true,true,true => rowid: 1526","v":1}
{"level":30,"time":1589725318147,"pid":31079,"hostname":"localhost.localdomain","msg":"Executed insert: INSERT INTO DEVICE_TYPE_CLUSTER (DEVICE_TYPE_REF, CLUSTER_NAME, INCLUDE_CLIENT, INCLUDE_SERVER, LOCK_CLIENT, LOCK_SERVER) VALUES (?,?,?,?,?,?): 145,IAS ACE,true,false,true,true => rowid: 1527","v":1}
{"level":30,"time":1589725318147,"pid":31079,"hostname":"localhost.localdomain","msg":"Executed insert: INSERT INTO DEVICE_TYPE_CLUSTER (DEVICE_TYPE_REF, CLUSTER_NAME, INCLUDE_CLIENT, INCLUDE_SERVER, LOCK_CLIENT, LOCK_SERVER) VALUES (?,?,?,?,?,?): 145,Poll Control,false,false,true,false => rowid: 1528","v":1}
{"level":30,"time":1589725318147,"pid":31079,"hostname":"localhost.localdomain","msg":"Executed insert: INSERT INTO DEVICE_TYPE_CLUSTER (DEVICE_TYPE_REF, CLUSTER_NAME, INCLUDE_CLIENT, INCLUDE_SERVER, LOCK_CLIENT, LOCK_SERVER) VALUES (?,?,?,?,?,?): 145,Electrical Measurement,false,false,true,false => rowid: 1529","v":1}
{"level":30,"time":1589725318147,"pid":31079,"hostname":"localhost.localdomain","msg":"Executed insert: INSERT INTO DEVICE_TYPE_CLUSTER (DEVICE_TYPE_REF, CLUSTER_NAME, INCLUDE_CLIENT, INCLUDE_SERVER, LOCK_CLIENT, LOCK_SERVER) VALUES (?,?,?,?,?,?): 145,Time,false,false,false,true => rowid: 1530","v":1}
{"level":30,"time":1589725318147,"pid":31079,"hostname":"localhost.localdomain","msg":"Executed insert: INSERT INTO DEVICE_TYPE_CLUSTER (DEVICE_TYPE_REF, CLUSTER_NAME, INCLUDE_CLIENT, INCLUDE_SERVER, LOCK_CLIENT, LOCK_SERVER) VALUES (?,?,?,?,?,?): 145,Over the Air Bootloading,false,false,false,false => rowid: 1531","v":1}
{"level":30,"time":1589725318147,"pid":31079,"hostname":"localhost.localdomain","msg":"Executed insert: INSERT INTO DEVICE_TYPE_CLUSTER (DEVICE_TYPE_REF, CLUSTER_NAME, INCLUDE_CLIENT, INCLUDE_SERVER, LOCK_CLIENT, LOCK_SERVER) VALUES (?,?,?,?,?,?): 145,Partition,false,false,false,false => rowid: 1532","v":1}
{"level":30,"time":1589725318147,"pid":31079,"hostname":"localhost.localdomain","msg":"Preparing statement: INSERT INTO DEVICE_TYPE_ATTRIBUTE (DEVICE_TYPE_CLUSTER_REF, ATTRIBUTE_NAME) VALUES (?, ?) to insert 0 records.","v":1}
{"level":30,"time":1589725318147,"pid":31079,"hostname":"localhost.localdomain","msg":"Preparing statement: INSERT INTO DEVICE_TYPE_COMMAND (DEVICE_TYPE_CLUSTER_REF, COMMAND_NAME) VALUES (?, ?) to insert 0 records.","v":1}
{"level":30,"time":1589725318147,"pid":31079,"hostname":"localhost.localdomain","msg":"Executed insert: INSERT INTO DEVICE_TYPE_CLUSTER (DEVICE_TYPE_REF, CLUSTER_NAME, INCLUDE_CLIENT, INCLUDE_SERVER, LOCK_CLIENT, LOCK_SERVER) VALUES (?,?,?,?,?,?): 146,Basic,false,true,true,true => rowid: 1533","v":1}
{"level":30,"time":1589725318147,"pid":31079,"hostname":"localhost.localdomain","msg":"Executed insert: INSERT INTO DEVICE_TYPE_CLUSTER (DEVICE_TYPE_REF, CLUSTER_NAME, INCLUDE_CLIENT, INCLUDE_SERVER, LOCK_CLIENT, LOCK_SERVER) VALUES (?,?,?,?,?,?): 146,Identify,true,true,true,true => rowid: 1534","v":1}
{"level":30,"time":1589725318147,"pid":31079,"hostname":"localhost.localdomain","msg":"Executed insert: INSERT INTO DEVICE_TYPE_CLUSTER (DEVICE_TYPE_REF, CLUSTER_NAME, INCLUDE_CLIENT, INCLUDE_SERVER, LOCK_CLIENT, LOCK_SERVER) VALUES (?,?,?,?,?,?): 146,Power Configuration,false,false,true,false => rowid: 1535","v":1}
{"level":30,"time":1589725318147,"pid":31079,"hostname":"localhost.localdomain","msg":"Executed insert: INSERT INTO DEVICE_TYPE_CLUSTER (DEVICE_TYPE_REF, CLUSTER_NAME, INCLUDE_CLIENT, INCLUDE_SERVER, LOCK_CLIENT, LOCK_SERVER) VALUES (?,?,?,?,?,?): 146,Device Temperature Configuration,false,false,true,false => rowid: 1536","v":1}
{"level":30,"time":1589725318147,"pid":31079,"hostname":"localhost.localdomain","msg":"Executed insert: INSERT INTO DEVICE_TYPE_CLUSTER (DEVICE_TYPE_REF, CLUSTER_NAME, INCLUDE_CLIENT, INCLUDE_SERVER, LOCK_CLIENT, LOCK_SERVER) VALUES (?,?,?,?,?,?): 146,Alarms,false,false,true,false => rowid: 1537","v":1}
{"level":30,"time":1589725318147,"pid":31079,"hostname":"localhost.localdomain","msg":"Executed insert: INSERT INTO DEVICE_TYPE_CLUSTER (DEVICE_TYPE_REF, CLUSTER_NAME, INCLUDE_CLIENT, INCLUDE_SERVER, LOCK_CLIENT, LOCK_SERVER) VALUES (?,?,?,?,?,?): 146,IAS Zone,false,true,true,true => rowid: 1538","v":1}
{"level":30,"time":1589725318147,"pid":31079,"hostname":"localhost.localdomain","msg":"Executed insert: INSERT INTO DEVICE_TYPE_CLUSTER (DEVICE_TYPE_REF, CLUSTER_NAME, INCLUDE_CLIENT, INCLUDE_SERVER, LOCK_CLIENT, LOCK_SERVER) VALUES (?,?,?,?,?,?): 146,Poll Control,false,false,true,false => rowid: 1539","v":1}
{"level":30,"time":1589725318147,"pid":31079,"hostname":"localhost.localdomain","msg":"Executed insert: INSERT INTO DEVICE_TYPE_CLUSTER (DEVICE_TYPE_REF, CLUSTER_NAME, INCLUDE_CLIENT, INCLUDE_SERVER, LOCK_CLIENT, LOCK_SERVER) VALUES (?,?,?,?,?,?): 146,Electrical Measurement,false,false,true,false => rowid: 1540","v":1}
{"level":30,"time":1589725318147,"pid":31079,"hostname":"localhost.localdomain","msg":"Executed insert: INSERT INTO DEVICE_TYPE_CLUSTER (DEVICE_TYPE_REF, CLUSTER_NAME, INCLUDE_CLIENT, INCLUDE_SERVER, LOCK_CLIENT, LOCK_SERVER) VALUES (?,?,?,?,?,?): 146,Time,false,false,false,true => rowid: 1541","v":1}
{"level":30,"time":1589725318147,"pid":31079,"hostname":"localhost.localdomain","msg":"Executed insert: INSERT INTO DEVICE_TYPE_CLUSTER (DEVICE_TYPE_REF, CLUSTER_NAME, INCLUDE_CLIENT, INCLUDE_SERVER, LOCK_CLIENT, LOCK_SERVER) VALUES (?,?,?,?,?,?): 146,Over the Air Bootloading,false,false,false,false => rowid: 1542","v":1}
{"level":30,"time":1589725318147,"pid":31079,"hostname":"localhost.localdomain","msg":"Executed insert: INSERT INTO DEVICE_TYPE_CLUSTER (DEVICE_TYPE_REF, CLUSTER_NAME, INCLUDE_CLIENT, INCLUDE_SERVER, LOCK_CLIENT, LOCK_SERVER) VALUES (?,?,?,?,?,?): 146,Partition,false,false,false,false => rowid: 1543","v":1}
{"level":30,"time":1589725318148,"pid":31079,"hostname":"localhost.localdomain","msg":"Preparing statement: INSERT INTO DEVICE_TYPE_ATTRIBUTE (DEVICE_TYPE_CLUSTER_REF, ATTRIBUTE_NAME) VALUES (?, ?) to insert 0 records.","v":1}
{"level":30,"time":1589725318148,"pid":31079,"hostname":"localhost.localdomain","msg":"Preparing statement: INSERT INTO DEVICE_TYPE_COMMAND (DEVICE_TYPE_CLUSTER_REF, COMMAND_NAME) VALUES (?, ?) to insert 0 records.","v":1}
{"level":30,"time":1589725318148,"pid":31079,"hostname":"localhost.localdomain","msg":"Executed insert: INSERT INTO DEVICE_TYPE_CLUSTER (DEVICE_TYPE_REF, CLUSTER_NAME, INCLUDE_CLIENT, INCLUDE_SERVER, LOCK_CLIENT, LOCK_SERVER) VALUES (?,?,?,?,?,?): 147,Basic,false,true,true,true => rowid: 1544","v":1}
{"level":30,"time":1589725318148,"pid":31079,"hostname":"localhost.localdomain","msg":"Executed insert: INSERT INTO DEVICE_TYPE_CLUSTER (DEVICE_TYPE_REF, CLUSTER_NAME, INCLUDE_CLIENT, INCLUDE_SERVER, LOCK_CLIENT, LOCK_SERVER) VALUES (?,?,?,?,?,?): 71,Scenes,false,true,true,true => rowid: 1545","v":1}
{"level":30,"time":1589725318149,"pid":31079,"hostname":"localhost.localdomain","msg":"Preparing statement: INSERT INTO DEVICE_TYPE_ATTRIBUTE (DEVICE_TYPE_CLUSTER_REF, ATTRIBUTE_NAME) VALUES (?, ?) to insert 0 records.","v":1}
{"level":30,"time":1589725318149,"pid":31079,"hostname":"localhost.localdomain","msg":"Preparing statement: INSERT INTO DEVICE_TYPE_COMMAND (DEVICE_TYPE_CLUSTER_REF, COMMAND_NAME) VALUES (?, ?) to insert 0 records.","v":1}
{"level":30,"time":1589725318149,"pid":31079,"hostname":"localhost.localdomain","msg":"Executed insert: INSERT INTO DEVICE_TYPE_CLUSTER (DEVICE_TYPE_REF, CLUSTER_NAME, INCLUDE_CLIENT, INCLUDE_SERVER, LOCK_CLIENT, LOCK_SERVER) VALUES (?,?,?,?,?,?): 147,Power Configuration,false,false,true,false => rowid: 1546","v":1}
{"level":30,"time":1589725318149,"pid":31079,"hostname":"localhost.localdomain","msg":"Executed insert: INSERT INTO DEVICE_TYPE_CLUSTER (DEVICE_TYPE_REF, CLUSTER_NAME, INCLUDE_CLIENT, INCLUDE_SERVER, LOCK_CLIENT, LOCK_SERVER) VALUES (?,?,?,?,?,?): 147,Device Temperature Configuration,false,false,true,false => rowid: 1547","v":1}
{"level":30,"time":1589725318149,"pid":31079,"hostname":"localhost.localdomain","msg":"Executed insert: INSERT INTO DEVICE_TYPE_CLUSTER (DEVICE_TYPE_REF, CLUSTER_NAME, INCLUDE_CLIENT, INCLUDE_SERVER, LOCK_CLIENT, LOCK_SERVER) VALUES (?,?,?,?,?,?): 147,Alarms,false,false,true,false => rowid: 1548","v":1}
{"level":30,"time":1589725318149,"pid":31079,"hostname":"localhost.localdomain","msg":"Executed insert: INSERT INTO DEVICE_TYPE_CLUSTER (DEVICE_TYPE_REF, CLUSTER_NAME, INCLUDE_CLIENT, INCLUDE_SERVER, LOCK_CLIENT, LOCK_SERVER) VALUES (?,?,?,?,?,?): 147,IAS WD,false,true,true,true => rowid: 1549","v":1}
{"level":30,"time":1589725318149,"pid":31079,"hostname":"localhost.localdomain","msg":"Executed insert: INSERT INTO DEVICE_TYPE_CLUSTER (DEVICE_TYPE_REF, CLUSTER_NAME, INCLUDE_CLIENT, INCLUDE_SERVER, LOCK_CLIENT, LOCK_SERVER) VALUES (?,?,?,?,?,?): 147,IAS Zone,false,true,true,true => rowid: 1550","v":1}
{"level":30,"time":1589725318149,"pid":31079,"hostname":"localhost.localdomain","msg":"Executed insert: INSERT INTO DEVICE_TYPE_CLUSTER (DEVICE_TYPE_REF, CLUSTER_NAME, INCLUDE_CLIENT, INCLUDE_SERVER, LOCK_CLIENT, LOCK_SERVER) VALUES (?,?,?,?,?,?): 147,Scenes,false,false,true,false => rowid: 1551","v":1}
{"level":30,"time":1589725318149,"pid":31079,"hostname":"localhost.localdomain","msg":"Executed insert: INSERT INTO DEVICE_TYPE_CLUSTER (DEVICE_TYPE_REF, CLUSTER_NAME, INCLUDE_CLIENT, INCLUDE_SERVER, LOCK_CLIENT, LOCK_SERVER) VALUES (?,?,?,?,?,?): 147,Groups,false,false,true,false => rowid: 1552","v":1}
{"level":30,"time":1589725318149,"pid":31079,"hostname":"localhost.localdomain","msg":"Executed insert: INSERT INTO DEVICE_TYPE_CLUSTER (DEVICE_TYPE_REF, CLUSTER_NAME, INCLUDE_CLIENT, INCLUDE_SERVER, LOCK_CLIENT, LOCK_SERVER) VALUES (?,?,?,?,?,?): 147,Poll Control,false,false,true,false => rowid: 1553","v":1}
{"level":30,"time":1589725318149,"pid":31079,"hostname":"localhost.localdomain","msg":"Executed insert: INSERT INTO DEVICE_TYPE_CLUSTER (DEVICE_TYPE_REF, CLUSTER_NAME, INCLUDE_CLIENT, INCLUDE_SERVER, LOCK_CLIENT, LOCK_SERVER) VALUES (?,?,?,?,?,?): 147,Electrical Measurement,false,false,true,false => rowid: 1554","v":1}
{"level":30,"time":1589725318149,"pid":31079,"hostname":"localhost.localdomain","msg":"Executed insert: INSERT INTO DEVICE_TYPE_CLUSTER (DEVICE_TYPE_REF, CLUSTER_NAME, INCLUDE_CLIENT, INCLUDE_SERVER, LOCK_CLIENT, LOCK_SERVER) VALUES (?,?,?,?,?,?): 147,Time,false,false,false,true => rowid: 1555","v":1}
{"level":30,"time":1589725318149,"pid":31079,"hostname":"localhost.localdomain","msg":"Executed insert: INSERT INTO DEVICE_TYPE_CLUSTER (DEVICE_TYPE_REF, CLUSTER_NAME, INCLUDE_CLIENT, INCLUDE_SERVER, LOCK_CLIENT, LOCK_SERVER) VALUES (?,?,?,?,?,?): 147,Over the Air Bootloading,false,false,false,false => rowid: 1556","v":1}
{"level":30,"time":1589725318149,"pid":31079,"hostname":"localhost.localdomain","msg":"Executed insert: INSERT INTO DEVICE_TYPE_CLUSTER (DEVICE_TYPE_REF, CLUSTER_NAME, INCLUDE_CLIENT, INCLUDE_SERVER, LOCK_CLIENT, LOCK_SERVER) VALUES (?,?,?,?,?,?): 147,Partition,false,false,false,false => rowid: 1557","v":1}
{"level":30,"time":1589725318149,"pid":31079,"hostname":"localhost.localdomain","msg":"Executed insert: INSERT INTO DEVICE_TYPE_CLUSTER (DEVICE_TYPE_REF, CLUSTER_NAME, INCLUDE_CLIENT, INCLUDE_SERVER, LOCK_CLIENT, LOCK_SERVER) VALUES (?,?,?,?,?,?): 148,Basic,false,true,true,true => rowid: 1558","v":1}
{"level":30,"time":1589725318149,"pid":31079,"hostname":"localhost.localdomain","msg":"Executed insert: INSERT INTO DEVICE_TYPE_CLUSTER (DEVICE_TYPE_REF, CLUSTER_NAME, INCLUDE_CLIENT, INCLUDE_SERVER, LOCK_CLIENT, LOCK_SERVER) VALUES (?,?,?,?,?,?): 148,Identify,true,true,true,true => rowid: 1559","v":1}
{"level":30,"time":1589725318149,"pid":31079,"hostname":"localhost.localdomain","msg":"Executed insert: INSERT INTO DEVICE_TYPE_CLUSTER (DEVICE_TYPE_REF, CLUSTER_NAME, INCLUDE_CLIENT, INCLUDE_SERVER, LOCK_CLIENT, LOCK_SERVER) VALUES (?,?,?,?,?,?): 148,Power Configuration,false,false,true,false => rowid: 1560","v":1}
{"level":30,"time":1589725318149,"pid":31079,"hostname":"localhost.localdomain","msg":"Executed insert: INSERT INTO DEVICE_TYPE_CLUSTER (DEVICE_TYPE_REF, CLUSTER_NAME, INCLUDE_CLIENT, INCLUDE_SERVER, LOCK_CLIENT, LOCK_SERVER) VALUES (?,?,?,?,?,?): 148,Device Temperature Configuration,false,false,true,false => rowid: 1561","v":1}
{"level":30,"time":1589725318149,"pid":31079,"hostname":"localhost.localdomain","msg":"Executed insert: INSERT INTO DEVICE_TYPE_CLUSTER (DEVICE_TYPE_REF, CLUSTER_NAME, INCLUDE_CLIENT, INCLUDE_SERVER, LOCK_CLIENT, LOCK_SERVER) VALUES (?,?,?,?,?,?): 148,Alarms,false,false,true,false => rowid: 1562","v":1}
{"level":30,"time":1589725318149,"pid":31079,"hostname":"localhost.localdomain","msg":"Executed insert: INSERT INTO DEVICE_TYPE_CLUSTER (DEVICE_TYPE_REF, CLUSTER_NAME, INCLUDE_CLIENT, INCLUDE_SERVER, LOCK_CLIENT, LOCK_SERVER) VALUES (?,?,?,?,?,?): 148,Poll Control,false,false,true,false => rowid: 1563","v":1}
{"level":30,"time":1589725318149,"pid":31079,"hostname":"localhost.localdomain","msg":"Executed insert: INSERT INTO DEVICE_TYPE_CLUSTER (DEVICE_TYPE_REF, CLUSTER_NAME, INCLUDE_CLIENT, INCLUDE_SERVER, LOCK_CLIENT, LOCK_SERVER) VALUES (?,?,?,?,?,?): 148,Electrical Measurement,false,false,true,false => rowid: 1564","v":1}
{"level":30,"time":1589725318149,"pid":31079,"hostname":"localhost.localdomain","msg":"Executed insert: INSERT INTO DEVICE_TYPE_CLUSTER (DEVICE_TYPE_REF, CLUSTER_NAME, INCLUDE_CLIENT, INCLUDE_SERVER, LOCK_CLIENT, LOCK_SERVER) VALUES (?,?,?,?,?,?): 148,Time,false,false,false,true => rowid: 1565","v":1}
{"level":30,"time":1589725318149,"pid":31079,"hostname":"localhost.localdomain","msg":"Executed insert: INSERT INTO DEVICE_TYPE_CLUSTER (DEVICE_TYPE_REF, CLUSTER_NAME, INCLUDE_CLIENT, INCLUDE_SERVER, LOCK_CLIENT, LOCK_SERVER) VALUES (?,?,?,?,?,?): 148,Simple Metering,false,true,false,true => rowid: 1566","v":1}
{"level":30,"time":1589725318149,"pid":31079,"hostname":"localhost.localdomain","msg":"Executed insert: INSERT INTO DEVICE_TYPE_CLUSTER (DEVICE_TYPE_REF, CLUSTER_NAME, INCLUDE_CLIENT, INCLUDE_SERVER, LOCK_CLIENT, LOCK_SERVER) VALUES (?,?,?,?,?,?): 148,Over the Air Bootloading,false,false,false,false => rowid: 1567","v":1}
{"level":30,"time":1589725318149,"pid":31079,"hostname":"localhost.localdomain","msg":"Executed insert: INSERT INTO DEVICE_TYPE_CLUSTER (DEVICE_TYPE_REF, CLUSTER_NAME, INCLUDE_CLIENT, INCLUDE_SERVER, LOCK_CLIENT, LOCK_SERVER) VALUES (?,?,?,?,?,?): 148,Partition,false,false,false,false => rowid: 1568","v":1}
{"level":30,"time":1589725318149,"pid":31079,"hostname":"localhost.localdomain","msg":"Preparing statement: INSERT INTO DEVICE_TYPE_ATTRIBUTE (DEVICE_TYPE_CLUSTER_REF, ATTRIBUTE_NAME) VALUES (?, ?) to insert 0 records.","v":1}
{"level":30,"time":1589725318149,"pid":31079,"hostname":"localhost.localdomain","msg":"Preparing statement: INSERT INTO DEVICE_TYPE_COMMAND (DEVICE_TYPE_CLUSTER_REF, COMMAND_NAME) VALUES (?, ?) to insert 0 records.","v":1}
{"level":30,"time":1589725318149,"pid":31079,"hostname":"localhost.localdomain","msg":"Executed insert: INSERT INTO DEVICE_TYPE_CLUSTER (DEVICE_TYPE_REF, CLUSTER_NAME, INCLUDE_CLIENT, INCLUDE_SERVER, LOCK_CLIENT, LOCK_SERVER) VALUES (?,?,?,?,?,?): 149,Basic,false,true,true,true => rowid: 1569","v":1}
{"level":30,"time":1589725318149,"pid":31079,"hostname":"localhost.localdomain","msg":"Executed insert: INSERT INTO DEVICE_TYPE_CLUSTER (DEVICE_TYPE_REF, CLUSTER_NAME, INCLUDE_CLIENT, INCLUDE_SERVER, LOCK_CLIENT, LOCK_SERVER) VALUES (?,?,?,?,?,?): 149,Identify,true,true,true,true => rowid: 1570","v":1}
{"level":30,"time":1589725318149,"pid":31079,"hostname":"localhost.localdomain","msg":"Executed insert: INSERT INTO DEVICE_TYPE_CLUSTER (DEVICE_TYPE_REF, CLUSTER_NAME, INCLUDE_CLIENT, INCLUDE_SERVER, LOCK_CLIENT, LOCK_SERVER) VALUES (?,?,?,?,?,?): 149,Power Configuration,false,false,true,false => rowid: 1571","v":1}
{"level":30,"time":1589725318149,"pid":31079,"hostname":"localhost.localdomain","msg":"Executed insert: INSERT INTO DEVICE_TYPE_CLUSTER (DEVICE_TYPE_REF, CLUSTER_NAME, INCLUDE_CLIENT, INCLUDE_SERVER, LOCK_CLIENT, LOCK_SERVER) VALUES (?,?,?,?,?,?): 149,Device Temperature Configuration,false,false,true,false => rowid: 1572","v":1}
{"level":30,"time":1589725318149,"pid":31079,"hostname":"localhost.localdomain","msg":"Executed insert: INSERT INTO DEVICE_TYPE_CLUSTER (DEVICE_TYPE_REF, CLUSTER_NAME, INCLUDE_CLIENT, INCLUDE_SERVER, LOCK_CLIENT, LOCK_SERVER) VALUES (?,?,?,?,?,?): 149,Alarms,false,false,true,false => rowid: 1573","v":1}
{"level":30,"time":1589725318149,"pid":31079,"hostname":"localhost.localdomain","msg":"Executed insert: INSERT INTO DEVICE_TYPE_CLUSTER (DEVICE_TYPE_REF, CLUSTER_NAME, INCLUDE_CLIENT, INCLUDE_SERVER, LOCK_CLIENT, LOCK_SERVER) VALUES (?,?,?,?,?,?): 149,Poll Control,false,false,true,false => rowid: 1574","v":1}
{"level":30,"time":1589725318149,"pid":31079,"hostname":"localhost.localdomain","msg":"Executed insert: INSERT INTO DEVICE_TYPE_CLUSTER (DEVICE_TYPE_REF, CLUSTER_NAME, INCLUDE_CLIENT, INCLUDE_SERVER, LOCK_CLIENT, LOCK_SERVER) VALUES (?,?,?,?,?,?): 149,Electrical Measurement,false,false,true,false => rowid: 1575","v":1}
{"level":30,"time":1589725318149,"pid":31079,"hostname":"localhost.localdomain","msg":"Executed insert: INSERT INTO DEVICE_TYPE_CLUSTER (DEVICE_TYPE_REF, CLUSTER_NAME, INCLUDE_CLIENT, INCLUDE_SERVER, LOCK_CLIENT, LOCK_SERVER) VALUES (?,?,?,?,?,?): 149,Time,false,true,false,true => rowid: 1576","v":1}
{"level":30,"time":1589725318149,"pid":31079,"hostname":"localhost.localdomain","msg":"Executed insert: INSERT INTO DEVICE_TYPE_CLUSTER (DEVICE_TYPE_REF, CLUSTER_NAME, INCLUDE_CLIENT, INCLUDE_SERVER, LOCK_CLIENT, LOCK_SERVER) VALUES (?,?,?,?,?,?): 149,Simple Metering,true,false,true,false => rowid: 1577","v":1}
{"level":30,"time":1589725318149,"pid":31079,"hostname":"localhost.localdomain","msg":"Executed insert: INSERT INTO DEVICE_TYPE_CLUSTER (DEVICE_TYPE_REF, CLUSTER_NAME, INCLUDE_CLIENT, INCLUDE_SERVER, LOCK_CLIENT, LOCK_SERVER) VALUES (?,?,?,?,?,?): 149,Meter Identification,true,false,true,true => rowid: 1578","v":1}
{"level":30,"time":1589725318149,"pid":31079,"hostname":"localhost.localdomain","msg":"Executed insert: INSERT INTO DEVICE_TYPE_CLUSTER (DEVICE_TYPE_REF, CLUSTER_NAME, INCLUDE_CLIENT, INCLUDE_SERVER, LOCK_CLIENT, LOCK_SERVER) VALUES (?,?,?,?,?,?): 149,Power Profile,true,false,true,true => rowid: 1579","v":1}
{"level":30,"time":1589725318149,"pid":31079,"hostname":"localhost.localdomain","msg":"Executed insert: INSERT INTO DEVICE_TYPE_CLUSTER (DEVICE_TYPE_REF, CLUSTER_NAME, INCLUDE_CLIENT, INCLUDE_SERVER, LOCK_CLIENT, LOCK_SERVER) VALUES (?,?,?,?,?,?): 149,Appliance Statistics,true,false,true,true => rowid: 1580","v":1}
{"level":30,"time":1589725318149,"pid":31079,"hostname":"localhost.localdomain","msg":"Executed insert: INSERT INTO DEVICE_TYPE_CLUSTER (DEVICE_TYPE_REF, CLUSTER_NAME, INCLUDE_CLIENT, INCLUDE_SERVER, LOCK_CLIENT, LOCK_SERVER) VALUES (?,?,?,?,?,?): 149,Appliance Control,false,false,false,true => rowid: 1581","v":1}
{"level":30,"time":1589725318149,"pid":31079,"hostname":"localhost.localdomain","msg":"Executed insert: INSERT INTO DEVICE_TYPE_CLUSTER (DEVICE_TYPE_REF, CLUSTER_NAME, INCLUDE_CLIENT, INCLUDE_SERVER, LOCK_CLIENT, LOCK_SERVER) VALUES (?,?,?,?,?,?): 149,Appliance Identification,false,false,false,true => rowid: 1582","v":1}
{"level":30,"time":1589725318149,"pid":31079,"hostname":"localhost.localdomain","msg":"Executed insert: INSERT INTO DEVICE_TYPE_CLUSTER (DEVICE_TYPE_REF, CLUSTER_NAME, INCLUDE_CLIENT, INCLUDE_SERVER, LOCK_CLIENT, LOCK_SERVER) VALUES (?,?,?,?,?,?): 149,Appliance Events and Alert,false,false,false,true => rowid: 1583","v":1}
{"level":30,"time":1589725318150,"pid":31079,"hostname":"localhost.localdomain","msg":"Executed insert: INSERT INTO DEVICE_TYPE_CLUSTER (DEVICE_TYPE_REF, CLUSTER_NAME, INCLUDE_CLIENT, INCLUDE_SERVER, LOCK_CLIENT, LOCK_SERVER) VALUES (?,?,?,?,?,?): 149,Price,false,false,false,true => rowid: 1584","v":1}
{"level":30,"time":1589725318150,"pid":31079,"hostname":"localhost.localdomain","msg":"Executed insert: INSERT INTO DEVICE_TYPE_CLUSTER (DEVICE_TYPE_REF, CLUSTER_NAME, INCLUDE_CLIENT, INCLUDE_SERVER, LOCK_CLIENT, LOCK_SERVER) VALUES (?,?,?,?,?,?): 149,Over the Air Bootloading,false,false,false,false => rowid: 1585","v":1}
{"level":30,"time":1589725318150,"pid":31079,"hostname":"localhost.localdomain","msg":"Executed insert: INSERT INTO DEVICE_TYPE_CLUSTER (DEVICE_TYPE_REF, CLUSTER_NAME, INCLUDE_CLIENT, INCLUDE_SERVER, LOCK_CLIENT, LOCK_SERVER) VALUES (?,?,?,?,?,?): 149,Partition,false,false,false,false => rowid: 1586","v":1}
{"level":30,"time":1589725318150,"pid":31079,"hostname":"localhost.localdomain","msg":"Preparing statement: INSERT INTO DEVICE_TYPE_ATTRIBUTE (DEVICE_TYPE_CLUSTER_REF, ATTRIBUTE_NAME) VALUES (?, ?) to insert 0 records.","v":1}
{"level":30,"time":1589725318150,"pid":31079,"hostname":"localhost.localdomain","msg":"Preparing statement: INSERT INTO DEVICE_TYPE_COMMAND (DEVICE_TYPE_CLUSTER_REF, COMMAND_NAME) VALUES (?, ?) to insert 0 records.","v":1}
{"level":30,"time":1589725318150,"pid":31079,"hostname":"localhost.localdomain","msg":"Executed insert: INSERT INTO DEVICE_TYPE_CLUSTER (DEVICE_TYPE_REF, CLUSTER_NAME, INCLUDE_CLIENT, INCLUDE_SERVER, LOCK_CLIENT, LOCK_SERVER) VALUES (?,?,?,?,?,?): 150,Basic,false,true,true,true => rowid: 1587","v":1}
{"level":30,"time":1589725318150,"pid":31079,"hostname":"localhost.localdomain","msg":"Executed insert: INSERT INTO DEVICE_TYPE_CLUSTER (DEVICE_TYPE_REF, CLUSTER_NAME, INCLUDE_CLIENT, INCLUDE_SERVER, LOCK_CLIENT, LOCK_SERVER) VALUES (?,?,?,?,?,?): 150,Identify,true,true,true,true => rowid: 1588","v":1}
{"level":30,"time":1589725318150,"pid":31079,"hostname":"localhost.localdomain","msg":"Executed insert: INSERT INTO DEVICE_TYPE_CLUSTER (DEVICE_TYPE_REF, CLUSTER_NAME, INCLUDE_CLIENT, INCLUDE_SERVER, LOCK_CLIENT, LOCK_SERVER) VALUES (?,?,?,?,?,?): 150,On/off,false,true,true,true => rowid: 1589","v":1}
{"level":30,"time":1589725318150,"pid":31079,"hostname":"localhost.localdomain","msg":"Executed insert: INSERT INTO DEVICE_TYPE_CLUSTER (DEVICE_TYPE_REF, CLUSTER_NAME, INCLUDE_CLIENT, INCLUDE_SERVER, LOCK_CLIENT, LOCK_SERVER) VALUES (?,?,?,?,?,?): 150,Power Configuration,false,false,true,false => rowid: 1590","v":1}
{"level":30,"time":1589725318150,"pid":31079,"hostname":"localhost.localdomain","msg":"Executed insert: INSERT INTO DEVICE_TYPE_CLUSTER (DEVICE_TYPE_REF, CLUSTER_NAME, INCLUDE_CLIENT, INCLUDE_SERVER, LOCK_CLIENT, LOCK_SERVER) VALUES (?,?,?,?,?,?): 150,Device Temperature Configuration,false,false,true,false => rowid: 1591","v":1}
{"level":30,"time":1589725318150,"pid":31079,"hostname":"localhost.localdomain","msg":"Executed insert: INSERT INTO DEVICE_TYPE_CLUSTER (DEVICE_TYPE_REF, CLUSTER_NAME, INCLUDE_CLIENT, INCLUDE_SERVER, LOCK_CLIENT, LOCK_SERVER) VALUES (?,?,?,?,?,?): 150,Alarms,false,false,true,false => rowid: 1592","v":1}
{"level":30,"time":1589725318150,"pid":31079,"hostname":"localhost.localdomain","msg":"Executed insert: INSERT INTO DEVICE_TYPE_CLUSTER (DEVICE_TYPE_REF, CLUSTER_NAME, INCLUDE_CLIENT, INCLUDE_SERVER, LOCK_CLIENT, LOCK_SERVER) VALUES (?,?,?,?,?,?): 150,Poll Control,false,false,true,false => rowid: 1593","v":1}
{"level":30,"time":1589725318150,"pid":31079,"hostname":"localhost.localdomain","msg":"Executed insert: INSERT INTO DEVICE_TYPE_CLUSTER (DEVICE_TYPE_REF, CLUSTER_NAME, INCLUDE_CLIENT, INCLUDE_SERVER, LOCK_CLIENT, LOCK_SERVER) VALUES (?,?,?,?,?,?): 150,Electrical Measurement,false,false,true,false => rowid: 1594","v":1}
{"level":30,"time":1589725318150,"pid":31079,"hostname":"localhost.localdomain","msg":"Executed insert: INSERT INTO DEVICE_TYPE_CLUSTER (DEVICE_TYPE_REF, CLUSTER_NAME, INCLUDE_CLIENT, INCLUDE_SERVER, LOCK_CLIENT, LOCK_SERVER) VALUES (?,?,?,?,?,?): 150,Simple Metering,false,true,true,true => rowid: 1595","v":1}
{"level":30,"time":1589725318150,"pid":31079,"hostname":"localhost.localdomain","msg":"Executed insert: INSERT INTO DEVICE_TYPE_CLUSTER (DEVICE_TYPE_REF, CLUSTER_NAME, INCLUDE_CLIENT, INCLUDE_SERVER, LOCK_CLIENT, LOCK_SERVER) VALUES (?,?,?,?,?,?): 150,Time,false,false,false,true => rowid: 1596","v":1}
{"level":30,"time":1589725318150,"pid":31079,"hostname":"localhost.localdomain","msg":"Executed insert: INSERT INTO DEVICE_TYPE_CLUSTER (DEVICE_TYPE_REF, CLUSTER_NAME, INCLUDE_CLIENT, INCLUDE_SERVER, LOCK_CLIENT, LOCK_SERVER) VALUES (?,?,?,?,?,?): 150,Demand Response and Load Control,false,false,false,true => rowid: 1597","v":1}
{"level":30,"time":1589725318150,"pid":31079,"hostname":"localhost.localdomain","msg":"Executed insert: INSERT INTO DEVICE_TYPE_CLUSTER (DEVICE_TYPE_REF, CLUSTER_NAME, INCLUDE_CLIENT, INCLUDE_SERVER, LOCK_CLIENT, LOCK_SERVER) VALUES (?,?,?,?,?,?): 150,Price,false,false,false,true => rowid: 1598","v":1}
{"level":30,"time":1589725318150,"pid":31079,"hostname":"localhost.localdomain","msg":"Executed insert: INSERT INTO DEVICE_TYPE_CLUSTER (DEVICE_TYPE_REF, CLUSTER_NAME, INCLUDE_CLIENT, INCLUDE_SERVER, LOCK_CLIENT, LOCK_SERVER) VALUES (?,?,?,?,?,?): 150,Time,false,false,false,true => rowid: 1599","v":1}
{"level":30,"time":1589725318150,"pid":31079,"hostname":"localhost.localdomain","msg":"Executed insert: INSERT INTO DEVICE_TYPE_CLUSTER (DEVICE_TYPE_REF, CLUSTER_NAME, INCLUDE_CLIENT, INCLUDE_SERVER, LOCK_CLIENT, LOCK_SERVER) VALUES (?,?,?,?,?,?): 150,Over the Air Bootloading,false,false,false,false => rowid: 1600","v":1}
{"level":30,"time":1589725318150,"pid":31079,"hostname":"localhost.localdomain","msg":"Executed insert: INSERT INTO DEVICE_TYPE_CLUSTER (DEVICE_TYPE_REF, CLUSTER_NAME, INCLUDE_CLIENT, INCLUDE_SERVER, LOCK_CLIENT, LOCK_SERVER) VALUES (?,?,?,?,?,?): 150,Partition,false,false,false,false => rowid: 1601","v":1}
{"level":30,"time":1589725318150,"pid":31079,"hostname":"localhost.localdomain","msg":"Preparing statement: INSERT INTO DEVICE_TYPE_ATTRIBUTE (DEVICE_TYPE_CLUSTER_REF, ATTRIBUTE_NAME) VALUES (?, ?) to insert 0 records.","v":1}
{"level":30,"time":1589725318150,"pid":31079,"hostname":"localhost.localdomain","msg":"Preparing statement: INSERT INTO DEVICE_TYPE_COMMAND (DEVICE_TYPE_CLUSTER_REF, COMMAND_NAME) VALUES (?, ?) to insert 0 records.","v":1}
{"level":30,"time":1589725318150,"pid":31079,"hostname":"localhost.localdomain","msg":"Executed insert: INSERT INTO DEVICE_TYPE_CLUSTER (DEVICE_TYPE_REF, CLUSTER_NAME, INCLUDE_CLIENT, INCLUDE_SERVER, LOCK_CLIENT, LOCK_SERVER) VALUES (?,?,?,?,?,?): 151,Basic,false,true,true,true => rowid: 1602","v":1}
{"level":30,"time":1589725318150,"pid":31079,"hostname":"localhost.localdomain","msg":"Executed insert: INSERT INTO DEVICE_TYPE_CLUSTER (DEVICE_TYPE_REF, CLUSTER_NAME, INCLUDE_CLIENT, INCLUDE_SERVER, LOCK_CLIENT, LOCK_SERVER) VALUES (?,?,?,?,?,?): 151,Identify,true,true,true,true => rowid: 1603","v":1}
{"level":30,"time":1589725318150,"pid":31079,"hostname":"localhost.localdomain","msg":"Executed insert: INSERT INTO DEVICE_TYPE_CLUSTER (DEVICE_TYPE_REF, CLUSTER_NAME, INCLUDE_CLIENT, INCLUDE_SERVER, LOCK_CLIENT, LOCK_SERVER) VALUES (?,?,?,?,?,?): 151,Power Configuration,false,false,true,false => rowid: 1604","v":1}
{"level":30,"time":1589725318150,"pid":31079,"hostname":"localhost.localdomain","msg":"Executed insert: INSERT INTO DEVICE_TYPE_CLUSTER (DEVICE_TYPE_REF, CLUSTER_NAME, INCLUDE_CLIENT, INCLUDE_SERVER, LOCK_CLIENT, LOCK_SERVER) VALUES (?,?,?,?,?,?): 151,Device Temperature Configuration,false,false,true,false => rowid: 1605","v":1}
{"level":30,"time":1589725318150,"pid":31079,"hostname":"localhost.localdomain","msg":"Executed insert: INSERT INTO DEVICE_TYPE_CLUSTER (DEVICE_TYPE_REF, CLUSTER_NAME, INCLUDE_CLIENT, INCLUDE_SERVER, LOCK_CLIENT, LOCK_SERVER) VALUES (?,?,?,?,?,?): 151,Alarms,false,false,true,false => rowid: 1606","v":1}
{"level":30,"time":1589725318150,"pid":31079,"hostname":"localhost.localdomain","msg":"Executed insert: INSERT INTO DEVICE_TYPE_CLUSTER (DEVICE_TYPE_REF, CLUSTER_NAME, INCLUDE_CLIENT, INCLUDE_SERVER, LOCK_CLIENT, LOCK_SERVER) VALUES (?,?,?,?,?,?): 151,Poll Control,false,false,true,false => rowid: 1607","v":1}
{"level":30,"time":1589725318150,"pid":31079,"hostname":"localhost.localdomain","msg":"Executed insert: INSERT INTO DEVICE_TYPE_CLUSTER (DEVICE_TYPE_REF, CLUSTER_NAME, INCLUDE_CLIENT, INCLUDE_SERVER, LOCK_CLIENT, LOCK_SERVER) VALUES (?,?,?,?,?,?): 151,Electrical Measurement,false,false,true,false => rowid: 1608","v":1}
{"level":30,"time":1589725318150,"pid":31079,"hostname":"localhost.localdomain","msg":"Executed insert: INSERT INTO DEVICE_TYPE_CLUSTER (DEVICE_TYPE_REF, CLUSTER_NAME, INCLUDE_CLIENT, INCLUDE_SERVER, LOCK_CLIENT, LOCK_SERVER) VALUES (?,?,?,?,?,?): 151,Time,false,false,false,true => rowid: 1609","v":1}
{"level":30,"time":1589725318150,"pid":31079,"hostname":"localhost.localdomain","msg":"Executed insert: INSERT INTO DEVICE_TYPE_CLUSTER (DEVICE_TYPE_REF, CLUSTER_NAME, INCLUDE_CLIENT, INCLUDE_SERVER, LOCK_CLIENT, LOCK_SERVER) VALUES (?,?,?,?,?,?): 151,Price,false,false,false,true => rowid: 1610","v":1}
{"level":30,"time":1589725318150,"pid":31079,"hostname":"localhost.localdomain","msg":"Executed insert: INSERT INTO DEVICE_TYPE_CLUSTER (DEVICE_TYPE_REF, CLUSTER_NAME, INCLUDE_CLIENT, INCLUDE_SERVER, LOCK_CLIENT, LOCK_SERVER) VALUES (?,?,?,?,?,?): 151,Time,false,false,false,true => rowid: 1611","v":1}
{"level":30,"time":1589725318150,"pid":31079,"hostname":"localhost.localdomain","msg":"Executed insert: INSERT INTO DEVICE_TYPE_CLUSTER (DEVICE_TYPE_REF, CLUSTER_NAME, INCLUDE_CLIENT, INCLUDE_SERVER, LOCK_CLIENT, LOCK_SERVER) VALUES (?,?,?,?,?,?): 151,Meter Identification,false,false,false,true => rowid: 1612","v":1}
{"level":30,"time":1589725318150,"pid":31079,"hostname":"localhost.localdomain","msg":"Executed insert: INSERT INTO DEVICE_TYPE_CLUSTER (DEVICE_TYPE_REF, CLUSTER_NAME, INCLUDE_CLIENT, INCLUDE_SERVER, LOCK_CLIENT, LOCK_SERVER) VALUES (?,?,?,?,?,?): 151,Power Profile,false,true,true,true => rowid: 1613","v":1}
{"level":30,"time":1589725318150,"pid":31079,"hostname":"localhost.localdomain","msg":"Executed insert: INSERT INTO DEVICE_TYPE_CLUSTER (DEVICE_TYPE_REF, CLUSTER_NAME, INCLUDE_CLIENT, INCLUDE_SERVER, LOCK_CLIENT, LOCK_SERVER) VALUES (?,?,?,?,?,?): 151,Appliance Statistics,false,true,true,true => rowid: 1614","v":1}
{"level":30,"time":1589725318150,"pid":31079,"hostname":"localhost.localdomain","msg":"Executed insert: INSERT INTO DEVICE_TYPE_CLUSTER (DEVICE_TYPE_REF, CLUSTER_NAME, INCLUDE_CLIENT, INCLUDE_SERVER, LOCK_CLIENT, LOCK_SERVER) VALUES (?,?,?,?,?,?): 151,Appliance Control,false,true,true,true => rowid: 1615","v":1}
{"level":30,"time":1589725318150,"pid":31079,"hostname":"localhost.localdomain","msg":"Executed insert: INSERT INTO DEVICE_TYPE_CLUSTER (DEVICE_TYPE_REF, CLUSTER_NAME, INCLUDE_CLIENT, INCLUDE_SERVER, LOCK_CLIENT, LOCK_SERVER) VALUES (?,?,?,?,?,?): 151,Appliance Events and Alert,false,true,true,true => rowid: 1616","v":1}
{"level":30,"time":1589725318150,"pid":31079,"hostname":"localhost.localdomain","msg":"Executed insert: INSERT INTO DEVICE_TYPE_CLUSTER (DEVICE_TYPE_REF, CLUSTER_NAME, INCLUDE_CLIENT, INCLUDE_SERVER, LOCK_CLIENT, LOCK_SERVER) VALUES (?,?,?,?,?,?): 151,Appliance Identification,false,true,true,true => rowid: 1617","v":1}
{"level":30,"time":1589725318150,"pid":31079,"hostname":"localhost.localdomain","msg":"Executed insert: INSERT INTO DEVICE_TYPE_CLUSTER (DEVICE_TYPE_REF, CLUSTER_NAME, INCLUDE_CLIENT, INCLUDE_SERVER, LOCK_CLIENT, LOCK_SERVER) VALUES (?,?,?,?,?,?): 151,Simple Metering,false,false,true,false => rowid: 1618","v":1}
{"level":30,"time":1589725318150,"pid":31079,"hostname":"localhost.localdomain","msg":"Executed insert: INSERT INTO DEVICE_TYPE_CLUSTER (DEVICE_TYPE_REF, CLUSTER_NAME, INCLUDE_CLIENT, INCLUDE_SERVER, LOCK_CLIENT, LOCK_SERVER) VALUES (?,?,?,?,?,?): 151,Over the Air Bootloading,false,false,false,false => rowid: 1619","v":1}
{"level":30,"time":1589725318151,"pid":31079,"hostname":"localhost.localdomain","msg":"Executed insert: INSERT INTO DEVICE_TYPE_CLUSTER (DEVICE_TYPE_REF, CLUSTER_NAME, INCLUDE_CLIENT, INCLUDE_SERVER, LOCK_CLIENT, LOCK_SERVER) VALUES (?,?,?,?,?,?): 151,Partition,false,false,false,false => rowid: 1620","v":1}
{"level":30,"time":1589725318151,"pid":31079,"hostname":"localhost.localdomain","msg":"Preparing statement: INSERT INTO DEVICE_TYPE_ATTRIBUTE (DEVICE_TYPE_CLUSTER_REF, ATTRIBUTE_NAME) VALUES (?, ?) to insert 0 records.","v":1}
{"level":30,"time":1589725318151,"pid":31079,"hostname":"localhost.localdomain","msg":"Preparing statement: INSERT INTO DEVICE_TYPE_COMMAND (DEVICE_TYPE_CLUSTER_REF, COMMAND_NAME) VALUES (?, ?) to insert 0 records.","v":1}
{"level":30,"time":1589725318151,"pid":31079,"hostname":"localhost.localdomain","msg":"Executed insert: INSERT INTO DEVICE_TYPE_CLUSTER (DEVICE_TYPE_REF, CLUSTER_NAME, INCLUDE_CLIENT, INCLUDE_SERVER, LOCK_CLIENT, LOCK_SERVER) VALUES (?,?,?,?,?,?): 152,Basic,false,true,true,true => rowid: 1621","v":1}
{"level":30,"time":1589725318151,"pid":31079,"hostname":"localhost.localdomain","msg":"Executed insert: INSERT INTO DEVICE_TYPE_CLUSTER (DEVICE_TYPE_REF, CLUSTER_NAME, INCLUDE_CLIENT, INCLUDE_SERVER, LOCK_CLIENT, LOCK_SERVER) VALUES (?,?,?,?,?,?): 152,Identify,true,true,true,true => rowid: 1622","v":1}
{"level":30,"time":1589725318151,"pid":31079,"hostname":"localhost.localdomain","msg":"Executed insert: INSERT INTO DEVICE_TYPE_CLUSTER (DEVICE_TYPE_REF, CLUSTER_NAME, INCLUDE_CLIENT, INCLUDE_SERVER, LOCK_CLIENT, LOCK_SERVER) VALUES (?,?,?,?,?,?): 152,Power Configuration,false,false,true,false => rowid: 1623","v":1}
{"level":30,"time":1589725318151,"pid":31079,"hostname":"localhost.localdomain","msg":"Executed insert: INSERT INTO DEVICE_TYPE_CLUSTER (DEVICE_TYPE_REF, CLUSTER_NAME, INCLUDE_CLIENT, INCLUDE_SERVER, LOCK_CLIENT, LOCK_SERVER) VALUES (?,?,?,?,?,?): 152,Device Temperature Configuration,false,false,true,false => rowid: 1624","v":1}
{"level":30,"time":1589725318151,"pid":31079,"hostname":"localhost.localdomain","msg":"Executed insert: INSERT INTO DEVICE_TYPE_CLUSTER (DEVICE_TYPE_REF, CLUSTER_NAME, INCLUDE_CLIENT, INCLUDE_SERVER, LOCK_CLIENT, LOCK_SERVER) VALUES (?,?,?,?,?,?): 152,Alarms,false,false,true,false => rowid: 1625","v":1}
{"level":30,"time":1589725318151,"pid":31079,"hostname":"localhost.localdomain","msg":"Executed insert: INSERT INTO DEVICE_TYPE_CLUSTER (DEVICE_TYPE_REF, CLUSTER_NAME, INCLUDE_CLIENT, INCLUDE_SERVER, LOCK_CLIENT, LOCK_SERVER) VALUES (?,?,?,?,?,?): 152,Simple Metering,false,true,true,true => rowid: 1626","v":1}
{"level":30,"time":1589725318151,"pid":31079,"hostname":"localhost.localdomain","msg":"Executed insert: INSERT INTO DEVICE_TYPE_CLUSTER (DEVICE_TYPE_REF, CLUSTER_NAME, INCLUDE_CLIENT, INCLUDE_SERVER, LOCK_CLIENT, LOCK_SERVER) VALUES (?,?,?,?,?,?): 152,Meter Identification,false,true,true,true => rowid: 1627","v":1}
{"level":30,"time":1589725318151,"pid":31079,"hostname":"localhost.localdomain","msg":"Executed insert: INSERT INTO DEVICE_TYPE_CLUSTER (DEVICE_TYPE_REF, CLUSTER_NAME, INCLUDE_CLIENT, INCLUDE_SERVER, LOCK_CLIENT, LOCK_SERVER) VALUES (?,?,?,?,?,?): 152,Poll Control,false,false,true,false => rowid: 1628","v":1}
{"level":30,"time":1589725318151,"pid":31079,"hostname":"localhost.localdomain","msg":"Executed insert: INSERT INTO DEVICE_TYPE_CLUSTER (DEVICE_TYPE_REF, CLUSTER_NAME, INCLUDE_CLIENT, INCLUDE_SERVER, LOCK_CLIENT, LOCK_SERVER) VALUES (?,?,?,?,?,?): 152,Time,false,false,false,true => rowid: 1629","v":1}
{"level":30,"time":1589725318151,"pid":31079,"hostname":"localhost.localdomain","msg":"Executed insert: INSERT INTO DEVICE_TYPE_CLUSTER (DEVICE_TYPE_REF, CLUSTER_NAME, INCLUDE_CLIENT, INCLUDE_SERVER, LOCK_CLIENT, LOCK_SERVER) VALUES (?,?,?,?,?,?): 152,Electrical Measurement,false,false,true,false => rowid: 1630","v":1}
{"level":30,"time":1589725318151,"pid":31079,"hostname":"localhost.localdomain","msg":"Executed insert: INSERT INTO DEVICE_TYPE_CLUSTER (DEVICE_TYPE_REF, CLUSTER_NAME, INCLUDE_CLIENT, INCLUDE_SERVER, LOCK_CLIENT, LOCK_SERVER) VALUES (?,?,?,?,?,?): 152,Messaging,false,false,false,true => rowid: 1631","v":1}
{"level":30,"time":1589725318151,"pid":31079,"hostname":"localhost.localdomain","msg":"Executed insert: INSERT INTO DEVICE_TYPE_CLUSTER (DEVICE_TYPE_REF, CLUSTER_NAME, INCLUDE_CLIENT, INCLUDE_SERVER, LOCK_CLIENT, LOCK_SERVER) VALUES (?,?,?,?,?,?): 152,Price,false,false,false,false => rowid: 1632","v":1}
{"level":30,"time":1589725318151,"pid":31079,"hostname":"localhost.localdomain","msg":"Executed insert: INSERT INTO DEVICE_TYPE_CLUSTER (DEVICE_TYPE_REF, CLUSTER_NAME, INCLUDE_CLIENT, INCLUDE_SERVER, LOCK_CLIENT, LOCK_SERVER) VALUES (?,?,?,?,?,?): 152,Over the Air Bootloading,false,false,false,false => rowid: 1633","v":1}
{"level":30,"time":1589725318151,"pid":31079,"hostname":"localhost.localdomain","msg":"Executed insert: INSERT INTO DEVICE_TYPE_CLUSTER (DEVICE_TYPE_REF, CLUSTER_NAME, INCLUDE_CLIENT, INCLUDE_SERVER, LOCK_CLIENT, LOCK_SERVER) VALUES (?,?,?,?,?,?): 152,Partition,false,false,false,false => rowid: 1634","v":1}
{"level":30,"time":1589725318151,"pid":31079,"hostname":"localhost.localdomain","msg":"Preparing statement: INSERT INTO DEVICE_TYPE_ATTRIBUTE (DEVICE_TYPE_CLUSTER_REF, ATTRIBUTE_NAME) VALUES (?, ?) to insert 0 records.","v":1}
{"level":30,"time":1589725318151,"pid":31079,"hostname":"localhost.localdomain","msg":"Preparing statement: INSERT INTO DEVICE_TYPE_COMMAND (DEVICE_TYPE_CLUSTER_REF, COMMAND_NAME) VALUES (?, ?) to insert 0 records.","v":1}
{"level":30,"time":1589725318151,"pid":31079,"hostname":"localhost.localdomain","msg":"Executed insert: INSERT INTO DEVICE_TYPE_CLUSTER (DEVICE_TYPE_REF, CLUSTER_NAME, INCLUDE_CLIENT, INCLUDE_SERVER, LOCK_CLIENT, LOCK_SERVER) VALUES (?,?,?,?,?,?): 140,Power Configuration,false,false,true,false => rowid: 1635","v":1}
{"level":30,"time":1589725318151,"pid":31079,"hostname":"localhost.localdomain","msg":"Preparing statement: INSERT INTO DEVICE_TYPE_ATTRIBUTE (DEVICE_TYPE_CLUSTER_REF, ATTRIBUTE_NAME) VALUES (?, ?) to insert 0 records.","v":1}
{"level":30,"time":1589725318151,"pid":31079,"hostname":"localhost.localdomain","msg":"Preparing statement: INSERT INTO DEVICE_TYPE_COMMAND (DEVICE_TYPE_CLUSTER_REF, COMMAND_NAME) VALUES (?, ?) to insert 0 records.","v":1}
{"level":30,"time":1589725318151,"pid":31079,"hostname":"localhost.localdomain","msg":"Executed insert: INSERT INTO DEVICE_TYPE_CLUSTER (DEVICE_TYPE_REF, CLUSTER_NAME, INCLUDE_CLIENT, INCLUDE_SERVER, LOCK_CLIENT, LOCK_SERVER) VALUES (?,?,?,?,?,?): 147,Identify,true,true,true,true => rowid: 1636","v":1}
{"level":30,"time":1589725318151,"pid":31079,"hostname":"localhost.localdomain","msg":"Preparing statement: INSERT INTO DEVICE_TYPE_ATTRIBUTE (DEVICE_TYPE_CLUSTER_REF, ATTRIBUTE_NAME) VALUES (?, ?) to insert 0 records.","v":1}
{"level":30,"time":1589725318151,"pid":31079,"hostname":"localhost.localdomain","msg":"Preparing statement: INSERT INTO DEVICE_TYPE_COMMAND (DEVICE_TYPE_CLUSTER_REF, COMMAND_NAME) VALUES (?, ?) to insert 0 records.","v":1}
{"level":30,"time":1589725318151,"pid":31079,"hostname":"localhost.localdomain","msg":"Executed insert: INSERT INTO DEVICE_TYPE_CLUSTER (DEVICE_TYPE_REF, CLUSTER_NAME, INCLUDE_CLIENT, INCLUDE_SERVER, LOCK_CLIENT, LOCK_SERVER) VALUES (?,?,?,?,?,?): 90,Partition,false,false,false,false => rowid: 1637","v":1}
{"level":30,"time":1589725318151,"pid":31079,"hostname":"localhost.localdomain","msg":"Preparing statement: INSERT INTO DEVICE_TYPE_ATTRIBUTE (DEVICE_TYPE_CLUSTER_REF, ATTRIBUTE_NAME) VALUES (?, ?) to insert 0 records.","v":1}
{"level":30,"time":1589725318151,"pid":31079,"hostname":"localhost.localdomain","msg":"Preparing statement: INSERT INTO DEVICE_TYPE_COMMAND (DEVICE_TYPE_CLUSTER_REF, COMMAND_NAME) VALUES (?, ?) to insert 0 records.","v":1}
{"level":30,"time":1589725318156,"pid":31079,"hostname":"localhost.localdomain","msg":"Preparing statement: INSERT INTO COMMAND (CLUSTER_REF, CODE, NAME, DESCRIPTION, SOURCE, IS_OPTIONAL) VALUES (?,?,?,?,?,?) to insert 147 records.","v":1}
{"level":30,"time":1589725318156,"pid":31079,"hostname":"localhost.localdomain","msg":"Preparing statement: INSERT INTO ATTRIBUTE (CLUSTER_REF, CODE, NAME, TYPE, SIDE, DEFINE, MIN, MAX, IS_WRITABLE, DEFAULT_VALUE, IS_OPTIONAL, IS_REPORTABLE) VALUES (?,?,?,?,?,?,?,?,?,?,?,?) to insert 2520 records.","v":1}
{"level":30,"time":1589725318171,"pid":31079,"hostname":"localhost.localdomain","msg":"Preparing statement: INSERT INTO STRUCT_ITEM (STRUCT_REF, NAME, TYPE) VALUES (?,?,?) to insert 40 records.","v":1}
{"level":30,"time":1589725318174,"pid":31079,"hostname":"localhost.localdomain","msg":"Preparing statement: INSERT INTO COMMAND (CLUSTER_REF, CODE, NAME, DESCRIPTION, SOURCE, IS_OPTIONAL) VALUES (?,?,?,?,?,?) to insert 157 records.","v":1}
{"level":30,"time":1589725318174,"pid":31079,"hostname":"localhost.localdomain","msg":"Preparing statement: INSERT INTO ATTRIBUTE (CLUSTER_REF, CODE, NAME, TYPE, SIDE, DEFINE, MIN, MAX, IS_WRITABLE, DEFAULT_VALUE, IS_OPTIONAL, IS_REPORTABLE) VALUES (?,?,?,?,?,?,?,?,?,?,?,?) to insert 586 records.","v":1}
{"level":30,"time":1589725318180,"pid":31079,"hostname":"localhost.localdomain","msg":"Preparing statement: INSERT INTO COMMAND_ARG (COMMAND_REF, NAME, TYPE, IS_ARRAY) VALUES (?,?,?,?) to insert 167 records.","v":1}
{"level":30,"time":1589725318182,"pid":31079,"hostname":"localhost.localdomain","msg":"Preparing statement: INSERT INTO ENUM_ITEM (ENUM_REF, NAME, VALUE) VALUES (?, ?, ?) to insert 460 records.","v":1}
{"level":30,"time":1589725318182,"pid":31079,"hostname":"localhost.localdomain","msg":"Preparing statement: INSERT INTO BITMAP_FIELD (BITMAP_REF, NAME, MASK) VALUES (?, ?, ?) to insert 392 records.","v":1}
{"level":30,"time":1589725318188,"pid":31079,"hostname":"localhost.localdomain","msg":"Preparing statement: INSERT INTO COMMAND_ARG (COMMAND_REF, NAME, TYPE, IS_ARRAY) VALUES (?,?,?,?) to insert 181 records.","v":1}
{"level":30,"time":1589725318192,"pid":31079,"hostname":"localhost.localdomain","msg":"Preparing statement: INSERT INTO ENUM_ITEM (ENUM_REF, NAME, VALUE) VALUES (?, ?, ?) to insert 899 records.","v":1}
{"level":30,"time":1589725318201,"pid":31079,"hostname":"localhost.localdomain","msg":"Preparing statement: INSERT INTO COMMAND_ARG (COMMAND_REF, NAME, TYPE, IS_ARRAY) VALUES (?,?,?,?) to insert 573 records.","v":1}
{"level":30,"time":1589725318203,"pid":31079,"hostname":"localhost.localdomain","msg":"Preparing statement: INSERT INTO COMMAND_ARG (COMMAND_REF, NAME, TYPE, IS_ARRAY) VALUES (?,?,?,?) to insert 353 records.","v":1}
{"level":30,"time":1589725318214,"pid":31073,"hostname":"localhost.localdomain","msg":"zcl/ami.xml, 22: 50 bitmaps.","v":1}
{"level":30,"time":1589725318215,"pid":31073,"hostname":"localhost.localdomain","msg":"Preparing statement: INSERT INTO BITMAP (PACKAGE_REF, NAME, TYPE) VALUES (?, ?, ?) to insert 50 records.","v":1}
{"level":30,"time":1589725318215,"pid":31073,"hostname":"localhost.localdomain","msg":"zcl/ami.xml, 22: 14 clusters.","v":1}
{"level":30,"time":1589725318219,"pid":31073,"hostname":"localhost.localdomain","msg":"Preparing statement: INSERT INTO CLUSTER (PACKAGE_REF, CODE, NAME, DESCRIPTION, DEFINE) VALUES (?, ?, ?, ?, ?) to insert 14 records.","v":1}
{"level":30,"time":1589725318219,"pid":31073,"hostname":"localhost.localdomain","msg":"zcl/ami.xml, 22: 1 domains.","v":1}
{"level":30,"time":1589725318220,"pid":31073,"hostname":"localhost.localdomain","msg":"Preparing statement: INSERT INTO DOMAIN (PACKAGE_REF, NAME) VALUES (?, ?) to insert 1 records.","v":1}
{"level":30,"time":1589725318220,"pid":31073,"hostname":"localhost.localdomain","msg":"zcl/ami.xml, 22: 88 enums.","v":1}
{"level":30,"time":1589725318220,"pid":31073,"hostname":"localhost.localdomain","msg":"Preparing statement: INSERT INTO ENUM (PACKAGE_REF, NAME, TYPE) VALUES (?, ?, ?) to insert 88 records.","v":1}
{"level":30,"time":1589725318220,"pid":31073,"hostname":"localhost.localdomain","msg":"zcl/ami.xml, 22: 20 structs.","v":1}
{"level":30,"time":1589725318220,"pid":31073,"hostname":"localhost.localdomain","msg":"Preparing statement: INSERT INTO STRUCT (PACKAGE_REF, NAME) VALUES (?, ?) to insert 20 records.","v":1}
{"level":30,"time":1589725318238,"pid":31073,"hostname":"localhost.localdomain","msg":"Executed insert: INSERT INTO DEVICE_TYPE_CLUSTER (DEVICE_TYPE_REF, CLUSTER_NAME, INCLUDE_CLIENT, INCLUDE_SERVER, LOCK_CLIENT, LOCK_SERVER) VALUES (?,?,?,?,?,?): 15,Basic,false,true,true,true => rowid: 1035","v":1}
{"level":30,"time":1589725318238,"pid":31073,"hostname":"localhost.localdomain","msg":"Executed insert: INSERT INTO DEVICE_TYPE_CLUSTER (DEVICE_TYPE_REF, CLUSTER_NAME, INCLUDE_CLIENT, INCLUDE_SERVER, LOCK_CLIENT, LOCK_SERVER) VALUES (?,?,?,?,?,?): 15,Identify,true,true,true,true => rowid: 1036","v":1}
{"level":30,"time":1589725318238,"pid":31073,"hostname":"localhost.localdomain","msg":"Executed insert: INSERT INTO DEVICE_TYPE_CLUSTER (DEVICE_TYPE_REF, CLUSTER_NAME, INCLUDE_CLIENT, INCLUDE_SERVER, LOCK_CLIENT, LOCK_SERVER) VALUES (?,?,?,?,?,?): 15,Power Configuration,false,false,true,false => rowid: 1037","v":1}
{"level":30,"time":1589725318238,"pid":31073,"hostname":"localhost.localdomain","msg":"Executed insert: INSERT INTO DEVICE_TYPE_CLUSTER (DEVICE_TYPE_REF, CLUSTER_NAME, INCLUDE_CLIENT, INCLUDE_SERVER, LOCK_CLIENT, LOCK_SERVER) VALUES (?,?,?,?,?,?): 15,Device Temperature Configuration,false,false,true,false => rowid: 1038","v":1}
{"level":30,"time":1589725318238,"pid":31073,"hostname":"localhost.localdomain","msg":"Executed insert: INSERT INTO DEVICE_TYPE_CLUSTER (DEVICE_TYPE_REF, CLUSTER_NAME, INCLUDE_CLIENT, INCLUDE_SERVER, LOCK_CLIENT, LOCK_SERVER) VALUES (?,?,?,?,?,?): 15,Alarms,false,false,true,false => rowid: 1039","v":1}
{"level":30,"time":1589725318239,"pid":31073,"hostname":"localhost.localdomain","msg":"Executed insert: INSERT INTO DEVICE_TYPE_CLUSTER (DEVICE_TYPE_REF, CLUSTER_NAME, INCLUDE_CLIENT, INCLUDE_SERVER, LOCK_CLIENT, LOCK_SERVER) VALUES (?,?,?,?,?,?): 15,On/off,true,false,true,true => rowid: 1040","v":1}
{"level":30,"time":1589725318239,"pid":31073,"hostname":"localhost.localdomain","msg":"Executed insert: INSERT INTO DEVICE_TYPE_CLUSTER (DEVICE_TYPE_REF, CLUSTER_NAME, INCLUDE_CLIENT, INCLUDE_SERVER, LOCK_CLIENT, LOCK_SERVER) VALUES (?,?,?,?,?,?): 15,Scenes,false,false,false,true => rowid: 1041","v":1}
{"level":30,"time":1589725318239,"pid":31073,"hostname":"localhost.localdomain","msg":"Executed insert: INSERT INTO DEVICE_TYPE_CLUSTER (DEVICE_TYPE_REF, CLUSTER_NAME, INCLUDE_CLIENT, INCLUDE_SERVER, LOCK_CLIENT, LOCK_SERVER) VALUES (?,?,?,?,?,?): 15,Groups,false,false,false,true => rowid: 1042","v":1}
{"level":30,"time":1589725318239,"pid":31073,"hostname":"localhost.localdomain","msg":"Executed insert: INSERT INTO DEVICE_TYPE_CLUSTER (DEVICE_TYPE_REF, CLUSTER_NAME, INCLUDE_CLIENT, INCLUDE_SERVER, LOCK_CLIENT, LOCK_SERVER) VALUES (?,?,?,?,?,?): 15,On/Off Switch Configuration,false,false,true,false => rowid: 1043","v":1}
{"level":30,"time":1589725318239,"pid":31073,"hostname":"localhost.localdomain","msg":"Executed insert: INSERT INTO DEVICE_TYPE_CLUSTER (DEVICE_TYPE_REF, CLUSTER_NAME, INCLUDE_CLIENT, INCLUDE_SERVER, LOCK_CLIENT, LOCK_SERVER) VALUES (?,?,?,?,?,?): 15,Poll Control,false,false,true,false => rowid: 1044","v":1}
{"level":30,"time":1589725318239,"pid":31073,"hostname":"localhost.localdomain","msg":"Executed insert: INSERT INTO DEVICE_TYPE_CLUSTER (DEVICE_TYPE_REF, CLUSTER_NAME, INCLUDE_CLIENT, INCLUDE_SERVER, LOCK_CLIENT, LOCK_SERVER) VALUES (?,?,?,?,?,?): 15,Electrical Measurement,false,false,true,false => rowid: 1045","v":1}
{"level":30,"time":1589725318239,"pid":31073,"hostname":"localhost.localdomain","msg":"Executed insert: INSERT INTO DEVICE_TYPE_CLUSTER (DEVICE_TYPE_REF, CLUSTER_NAME, INCLUDE_CLIENT, INCLUDE_SERVER, LOCK_CLIENT, LOCK_SERVER) VALUES (?,?,?,?,?,?): 15,Time,false,false,false,true => rowid: 1046","v":1}
{"level":30,"time":1589725318239,"pid":31073,"hostname":"localhost.localdomain","msg":"Executed insert: INSERT INTO DEVICE_TYPE_CLUSTER (DEVICE_TYPE_REF, CLUSTER_NAME, INCLUDE_CLIENT, INCLUDE_SERVER, LOCK_CLIENT, LOCK_SERVER) VALUES (?,?,?,?,?,?): 15,Partition,false,false,false,false => rowid: 1047","v":1}
{"level":30,"time":1589725318239,"pid":31073,"hostname":"localhost.localdomain","msg":"Executed insert: INSERT INTO DEVICE_TYPE_CLUSTER (DEVICE_TYPE_REF, CLUSTER_NAME, INCLUDE_CLIENT, INCLUDE_SERVER, LOCK_CLIENT, LOCK_SERVER) VALUES (?,?,?,?,?,?): 15,Over the Air Bootloading,false,false,false,false => rowid: 1048","v":1}
{"level":30,"time":1589725318239,"pid":31073,"hostname":"localhost.localdomain","msg":"Preparing statement: INSERT INTO DEVICE_TYPE_ATTRIBUTE (DEVICE_TYPE_CLUSTER_REF, ATTRIBUTE_NAME) VALUES (?, ?) to insert 0 records.","v":1}
{"level":30,"time":1589725318239,"pid":31073,"hostname":"localhost.localdomain","msg":"Preparing statement: INSERT INTO DEVICE_TYPE_COMMAND (DEVICE_TYPE_CLUSTER_REF, COMMAND_NAME) VALUES (?, ?) to insert 0 records.","v":1}
{"level":30,"time":1589725318239,"pid":31073,"hostname":"localhost.localdomain","msg":"Executed insert: INSERT INTO DEVICE_TYPE_CLUSTER (DEVICE_TYPE_REF, CLUSTER_NAME, INCLUDE_CLIENT, INCLUDE_SERVER, LOCK_CLIENT, LOCK_SERVER) VALUES (?,?,?,?,?,?): 22,Basic,false,true,true,true => rowid: 1049","v":1}
{"level":30,"time":1589725318239,"pid":31073,"hostname":"localhost.localdomain","msg":"Executed insert: INSERT INTO DEVICE_TYPE_CLUSTER (DEVICE_TYPE_REF, CLUSTER_NAME, INCLUDE_CLIENT, INCLUDE_SERVER, LOCK_CLIENT, LOCK_SERVER) VALUES (?,?,?,?,?,?): 22,Identify,true,true,true,true => rowid: 1050","v":1}
{"level":30,"time":1589725318239,"pid":31073,"hostname":"localhost.localdomain","msg":"Executed insert: INSERT INTO DEVICE_TYPE_CLUSTER (DEVICE_TYPE_REF, CLUSTER_NAME, INCLUDE_CLIENT, INCLUDE_SERVER, LOCK_CLIENT, LOCK_SERVER) VALUES (?,?,?,?,?,?): 22,Power Configuration,false,false,true,false => rowid: 1051","v":1}
{"level":30,"time":1589725318239,"pid":31073,"hostname":"localhost.localdomain","msg":"Executed insert: INSERT INTO DEVICE_TYPE_CLUSTER (DEVICE_TYPE_REF, CLUSTER_NAME, INCLUDE_CLIENT, INCLUDE_SERVER, LOCK_CLIENT, LOCK_SERVER) VALUES (?,?,?,?,?,?): 22,Device Temperature Configuration,false,false,true,false => rowid: 1052","v":1}
{"level":30,"time":1589725318239,"pid":31073,"hostname":"localhost.localdomain","msg":"Executed insert: INSERT INTO DEVICE_TYPE_CLUSTER (DEVICE_TYPE_REF, CLUSTER_NAME, INCLUDE_CLIENT, INCLUDE_SERVER, LOCK_CLIENT, LOCK_SERVER) VALUES (?,?,?,?,?,?): 22,Alarms,false,false,true,false => rowid: 1053","v":1}
{"level":30,"time":1589725318239,"pid":31073,"hostname":"localhost.localdomain","msg":"Executed insert: INSERT INTO DEVICE_TYPE_CLUSTER (DEVICE_TYPE_REF, CLUSTER_NAME, INCLUDE_CLIENT, INCLUDE_SERVER, LOCK_CLIENT, LOCK_SERVER) VALUES (?,?,?,?,?,?): 22,On/off,true,false,true,true => rowid: 1054","v":1}
{"level":30,"time":1589725318239,"pid":31073,"hostname":"localhost.localdomain","msg":"Executed insert: INSERT INTO DEVICE_TYPE_CLUSTER (DEVICE_TYPE_REF, CLUSTER_NAME, INCLUDE_CLIENT, INCLUDE_SERVER, LOCK_CLIENT, LOCK_SERVER) VALUES (?,?,?,?,?,?): 22,Level control,true,false,true,true => rowid: 1055","v":1}
{"level":30,"time":1589725318240,"pid":31073,"hostname":"localhost.localdomain","msg":"Executed insert: INSERT INTO DEVICE_TYPE_CLUSTER (DEVICE_TYPE_REF, CLUSTER_NAME, INCLUDE_CLIENT, INCLUDE_SERVER, LOCK_CLIENT, LOCK_SERVER) VALUES (?,?,?,?,?,?): 22,On/Off Switch Configuration,false,false,true,false => rowid: 1056","v":1}
{"level":30,"time":1589725318240,"pid":31073,"hostname":"localhost.localdomain","msg":"Executed insert: INSERT INTO DEVICE_TYPE_CLUSTER (DEVICE_TYPE_REF, CLUSTER_NAME, INCLUDE_CLIENT, INCLUDE_SERVER, LOCK_CLIENT, LOCK_SERVER) VALUES (?,?,?,?,?,?): 22,Scenes,false,false,false,true => rowid: 1057","v":1}
{"level":30,"time":1589725318240,"pid":31073,"hostname":"localhost.localdomain","msg":"Executed insert: INSERT INTO DEVICE_TYPE_CLUSTER (DEVICE_TYPE_REF, CLUSTER_NAME, INCLUDE_CLIENT, INCLUDE_SERVER, LOCK_CLIENT, LOCK_SERVER) VALUES (?,?,?,?,?,?): 22,Groups,false,false,false,true => rowid: 1058","v":1}
{"level":30,"time":1589725318240,"pid":31073,"hostname":"localhost.localdomain","msg":"Executed insert: INSERT INTO DEVICE_TYPE_CLUSTER (DEVICE_TYPE_REF, CLUSTER_NAME, INCLUDE_CLIENT, INCLUDE_SERVER, LOCK_CLIENT, LOCK_SERVER) VALUES (?,?,?,?,?,?): 22,Poll Control,false,false,true,false => rowid: 1059","v":1}
{"level":30,"time":1589725318240,"pid":31073,"hostname":"localhost.localdomain","msg":"Executed insert: INSERT INTO DEVICE_TYPE_CLUSTER (DEVICE_TYPE_REF, CLUSTER_NAME, INCLUDE_CLIENT, INCLUDE_SERVER, LOCK_CLIENT, LOCK_SERVER) VALUES (?,?,?,?,?,?): 22,Electrical Measurement,false,false,true,false => rowid: 1060","v":1}
{"level":30,"time":1589725318240,"pid":31073,"hostname":"localhost.localdomain","msg":"Executed insert: INSERT INTO DEVICE_TYPE_CLUSTER (DEVICE_TYPE_REF, CLUSTER_NAME, INCLUDE_CLIENT, INCLUDE_SERVER, LOCK_CLIENT, LOCK_SERVER) VALUES (?,?,?,?,?,?): 22,Time,false,false,false,true => rowid: 1061","v":1}
{"level":30,"time":1589725318240,"pid":31073,"hostname":"localhost.localdomain","msg":"Executed insert: INSERT INTO DEVICE_TYPE_CLUSTER (DEVICE_TYPE_REF, CLUSTER_NAME, INCLUDE_CLIENT, INCLUDE_SERVER, LOCK_CLIENT, LOCK_SERVER) VALUES (?,?,?,?,?,?): 22,Over the Air Bootloading,false,false,false,false => rowid: 1062","v":1}
{"level":30,"time":1589725318240,"pid":31073,"hostname":"localhost.localdomain","msg":"Executed insert: INSERT INTO DEVICE_TYPE_CLUSTER (DEVICE_TYPE_REF, CLUSTER_NAME, INCLUDE_CLIENT, INCLUDE_SERVER, LOCK_CLIENT, LOCK_SERVER) VALUES (?,?,?,?,?,?): 22,Partition,false,false,false,false => rowid: 1063","v":1}
{"level":30,"time":1589725318240,"pid":31073,"hostname":"localhost.localdomain","msg":"Preparing statement: INSERT INTO DEVICE_TYPE_ATTRIBUTE (DEVICE_TYPE_CLUSTER_REF, ATTRIBUTE_NAME) VALUES (?, ?) to insert 0 records.","v":1}
{"level":30,"time":1589725318240,"pid":31073,"hostname":"localhost.localdomain","msg":"Preparing statement: INSERT INTO DEVICE_TYPE_COMMAND (DEVICE_TYPE_CLUSTER_REF, COMMAND_NAME) VALUES (?, ?) to insert 0 records.","v":1}
{"level":30,"time":1589725318240,"pid":31073,"hostname":"localhost.localdomain","msg":"Executed insert: INSERT INTO DEVICE_TYPE_CLUSTER (DEVICE_TYPE_REF, CLUSTER_NAME, INCLUDE_CLIENT, INCLUDE_SERVER, LOCK_CLIENT, LOCK_SERVER) VALUES (?,?,?,?,?,?): 29,Basic,false,true,true,true => rowid: 1064","v":1}
{"level":30,"time":1589725318241,"pid":31073,"hostname":"localhost.localdomain","msg":"Executed insert: INSERT INTO DEVICE_TYPE_CLUSTER (DEVICE_TYPE_REF, CLUSTER_NAME, INCLUDE_CLIENT, INCLUDE_SERVER, LOCK_CLIENT, LOCK_SERVER) VALUES (?,?,?,?,?,?): 29,Identify,true,true,true,true => rowid: 1065","v":1}
{"level":30,"time":1589725318241,"pid":31073,"hostname":"localhost.localdomain","msg":"Executed insert: INSERT INTO DEVICE_TYPE_CLUSTER (DEVICE_TYPE_REF, CLUSTER_NAME, INCLUDE_CLIENT, INCLUDE_SERVER, LOCK_CLIENT, LOCK_SERVER) VALUES (?,?,?,?,?,?): 29,Power Configuration,false,false,true,false => rowid: 1066","v":1}
{"level":30,"time":1589725318241,"pid":31073,"hostname":"localhost.localdomain","msg":"Executed insert: INSERT INTO DEVICE_TYPE_CLUSTER (DEVICE_TYPE_REF, CLUSTER_NAME, INCLUDE_CLIENT, INCLUDE_SERVER, LOCK_CLIENT, LOCK_SERVER) VALUES (?,?,?,?,?,?): 29,Device Temperature Configuration,false,false,true,false => rowid: 1067","v":1}
{"level":30,"time":1589725318241,"pid":31073,"hostname":"localhost.localdomain","msg":"Executed insert: INSERT INTO DEVICE_TYPE_CLUSTER (DEVICE_TYPE_REF, CLUSTER_NAME, INCLUDE_CLIENT, INCLUDE_SERVER, LOCK_CLIENT, LOCK_SERVER) VALUES (?,?,?,?,?,?): 29,Alarms,false,false,true,false => rowid: 1068","v":1}
{"level":30,"time":1589725318241,"pid":31073,"hostname":"localhost.localdomain","msg":"Executed insert: INSERT INTO DEVICE_TYPE_CLUSTER (DEVICE_TYPE_REF, CLUSTER_NAME, INCLUDE_CLIENT, INCLUDE_SERVER, LOCK_CLIENT, LOCK_SERVER) VALUES (?,?,?,?,?,?): 29,On/off,false,true,true,true => rowid: 1069","v":1}
{"level":30,"time":1589725318241,"pid":31073,"hostname":"localhost.localdomain","msg":"Executed insert: INSERT INTO DEVICE_TYPE_CLUSTER (DEVICE_TYPE_REF, CLUSTER_NAME, INCLUDE_CLIENT, INCLUDE_SERVER, LOCK_CLIENT, LOCK_SERVER) VALUES (?,?,?,?,?,?): 29,Scenes,false,true,true,true => rowid: 1070","v":1}
{"level":30,"time":1589725318241,"pid":31073,"hostname":"localhost.localdomain","msg":"Executed insert: INSERT INTO DEVICE_TYPE_CLUSTER (DEVICE_TYPE_REF, CLUSTER_NAME, INCLUDE_CLIENT, INCLUDE_SERVER, LOCK_CLIENT, LOCK_SERVER) VALUES (?,?,?,?,?,?): 29,Groups,false,true,true,true => rowid: 1071","v":1}
{"level":30,"time":1589725318241,"pid":31073,"hostname":"localhost.localdomain","msg":"Executed insert: INSERT INTO DEVICE_TYPE_CLUSTER (DEVICE_TYPE_REF, CLUSTER_NAME, INCLUDE_CLIENT, INCLUDE_SERVER, LOCK_CLIENT, LOCK_SERVER) VALUES (?,?,?,?,?,?): 29,Poll Control,false,false,true,false => rowid: 1072","v":1}
{"level":30,"time":1589725318241,"pid":31073,"hostname":"localhost.localdomain","msg":"Executed insert: INSERT INTO DEVICE_TYPE_CLUSTER (DEVICE_TYPE_REF, CLUSTER_NAME, INCLUDE_CLIENT, INCLUDE_SERVER, LOCK_CLIENT, LOCK_SERVER) VALUES (?,?,?,?,?,?): 29,Electrical Measurement,false,false,true,false => rowid: 1073","v":1}
{"level":30,"time":1589725318241,"pid":31073,"hostname":"localhost.localdomain","msg":"Executed insert: INSERT INTO DEVICE_TYPE_CLUSTER (DEVICE_TYPE_REF, CLUSTER_NAME, INCLUDE_CLIENT, INCLUDE_SERVER, LOCK_CLIENT, LOCK_SERVER) VALUES (?,?,?,?,?,?): 29,Time,false,false,false,true => rowid: 1074","v":1}
{"level":30,"time":1589725318241,"pid":31073,"hostname":"localhost.localdomain","msg":"Executed insert: INSERT INTO DEVICE_TYPE_CLUSTER (DEVICE_TYPE_REF, CLUSTER_NAME, INCLUDE_CLIENT, INCLUDE_SERVER, LOCK_CLIENT, LOCK_SERVER) VALUES (?,?,?,?,?,?): 29,Over the Air Bootloading,false,false,false,false => rowid: 1075","v":1}
{"level":30,"time":1589725318241,"pid":31073,"hostname":"localhost.localdomain","msg":"Executed insert: INSERT INTO DEVICE_TYPE_CLUSTER (DEVICE_TYPE_REF, CLUSTER_NAME, INCLUDE_CLIENT, INCLUDE_SERVER, LOCK_CLIENT, LOCK_SERVER) VALUES (?,?,?,?,?,?): 29,Partition,false,false,false,false => rowid: 1076","v":1}
{"level":30,"time":1589725318241,"pid":31073,"hostname":"localhost.localdomain","msg":"Preparing statement: INSERT INTO DEVICE_TYPE_ATTRIBUTE (DEVICE_TYPE_CLUSTER_REF, ATTRIBUTE_NAME) VALUES (?, ?) to insert 0 records.","v":1}
{"level":30,"time":1589725318241,"pid":31073,"hostname":"localhost.localdomain","msg":"Preparing statement: INSERT INTO DEVICE_TYPE_COMMAND (DEVICE_TYPE_CLUSTER_REF, COMMAND_NAME) VALUES (?, ?) to insert 0 records.","v":1}
{"level":30,"time":1589725318241,"pid":31073,"hostname":"localhost.localdomain","msg":"Executed insert: INSERT INTO DEVICE_TYPE_CLUSTER (DEVICE_TYPE_REF, CLUSTER_NAME, INCLUDE_CLIENT, INCLUDE_SERVER, LOCK_CLIENT, LOCK_SERVER) VALUES (?,?,?,?,?,?): 35,Basic,false,true,true,true => rowid: 1077","v":1}
{"level":30,"time":1589725318241,"pid":31073,"hostname":"localhost.localdomain","msg":"Executed insert: INSERT INTO DEVICE_TYPE_CLUSTER (DEVICE_TYPE_REF, CLUSTER_NAME, INCLUDE_CLIENT, INCLUDE_SERVER, LOCK_CLIENT, LOCK_SERVER) VALUES (?,?,?,?,?,?): 35,Identify,true,true,true,true => rowid: 1078","v":1}
{"level":30,"time":1589725318241,"pid":31073,"hostname":"localhost.localdomain","msg":"Executed insert: INSERT INTO DEVICE_TYPE_CLUSTER (DEVICE_TYPE_REF, CLUSTER_NAME, INCLUDE_CLIENT, INCLUDE_SERVER, LOCK_CLIENT, LOCK_SERVER) VALUES (?,?,?,?,?,?): 35,Power Configuration,false,false,true,false => rowid: 1079","v":1}
{"level":30,"time":1589725318241,"pid":31073,"hostname":"localhost.localdomain","msg":"Executed insert: INSERT INTO DEVICE_TYPE_CLUSTER (DEVICE_TYPE_REF, CLUSTER_NAME, INCLUDE_CLIENT, INCLUDE_SERVER, LOCK_CLIENT, LOCK_SERVER) VALUES (?,?,?,?,?,?): 35,Device Temperature Configuration,false,false,true,false => rowid: 1080","v":1}
{"level":30,"time":1589725318241,"pid":31073,"hostname":"localhost.localdomain","msg":"Executed insert: INSERT INTO DEVICE_TYPE_CLUSTER (DEVICE_TYPE_REF, CLUSTER_NAME, INCLUDE_CLIENT, INCLUDE_SERVER, LOCK_CLIENT, LOCK_SERVER) VALUES (?,?,?,?,?,?): 35,Alarms,false,false,true,false => rowid: 1081","v":1}
{"level":30,"time":1589725318241,"pid":31073,"hostname":"localhost.localdomain","msg":"Executed insert: INSERT INTO DEVICE_TYPE_CLUSTER (DEVICE_TYPE_REF, CLUSTER_NAME, INCLUDE_CLIENT, INCLUDE_SERVER, LOCK_CLIENT, LOCK_SERVER) VALUES (?,?,?,?,?,?): 35,On/off,false,true,true,true => rowid: 1082","v":1}
{"level":30,"time":1589725318242,"pid":31073,"hostname":"localhost.localdomain","msg":"Executed insert: INSERT INTO DEVICE_TYPE_CLUSTER (DEVICE_TYPE_REF, CLUSTER_NAME, INCLUDE_CLIENT, INCLUDE_SERVER, LOCK_CLIENT, LOCK_SERVER) VALUES (?,?,?,?,?,?): 35,Level control,false,true,true,true => rowid: 1083","v":1}
{"level":30,"time":1589725318242,"pid":31073,"hostname":"localhost.localdomain","msg":"Executed insert: INSERT INTO DEVICE_TYPE_CLUSTER (DEVICE_TYPE_REF, CLUSTER_NAME, INCLUDE_CLIENT, INCLUDE_SERVER, LOCK_CLIENT, LOCK_SERVER) VALUES (?,?,?,?,?,?): 35,Scenes,false,true,true,true => rowid: 1084","v":1}
{"level":30,"time":1589725318242,"pid":31073,"hostname":"localhost.localdomain","msg":"Executed insert: INSERT INTO DEVICE_TYPE_CLUSTER (DEVICE_TYPE_REF, CLUSTER_NAME, INCLUDE_CLIENT, INCLUDE_SERVER, LOCK_CLIENT, LOCK_SERVER) VALUES (?,?,?,?,?,?): 35,Groups,false,true,true,true => rowid: 1085","v":1}
{"level":30,"time":1589725318242,"pid":31073,"hostname":"localhost.localdomain","msg":"Executed insert: INSERT INTO DEVICE_TYPE_CLUSTER (DEVICE_TYPE_REF, CLUSTER_NAME, INCLUDE_CLIENT, INCLUDE_SERVER, LOCK_CLIENT, LOCK_SERVER) VALUES (?,?,?,?,?,?): 35,Poll Control,false,false,false,true => rowid: 1086","v":1}
{"level":30,"time":1589725318242,"pid":31073,"hostname":"localhost.localdomain","msg":"Executed insert: INSERT INTO DEVICE_TYPE_CLUSTER (DEVICE_TYPE_REF, CLUSTER_NAME, INCLUDE_CLIENT, INCLUDE_SERVER, LOCK_CLIENT, LOCK_SERVER) VALUES (?,?,?,?,?,?): 35,Electrical Measurement,false,false,true,false => rowid: 1087","v":1}
{"level":30,"time":1589725318242,"pid":31073,"hostname":"localhost.localdomain","msg":"Executed insert: INSERT INTO DEVICE_TYPE_CLUSTER (DEVICE_TYPE_REF, CLUSTER_NAME, INCLUDE_CLIENT, INCLUDE_SERVER, LOCK_CLIENT, LOCK_SERVER) VALUES (?,?,?,?,?,?): 35,Time,false,false,false,true => rowid: 1088","v":1}
{"level":30,"time":1589725318242,"pid":31073,"hostname":"localhost.localdomain","msg":"Executed insert: INSERT INTO DEVICE_TYPE_CLUSTER (DEVICE_TYPE_REF, CLUSTER_NAME, INCLUDE_CLIENT, INCLUDE_SERVER, LOCK_CLIENT, LOCK_SERVER) VALUES (?,?,?,?,?,?): 35,Over the Air Bootloading,false,false,false,false => rowid: 1089","v":1}
{"level":30,"time":1589725318242,"pid":31073,"hostname":"localhost.localdomain","msg":"Executed insert: INSERT INTO DEVICE_TYPE_CLUSTER (DEVICE_TYPE_REF, CLUSTER_NAME, INCLUDE_CLIENT, INCLUDE_SERVER, LOCK_CLIENT, LOCK_SERVER) VALUES (?,?,?,?,?,?): 35,Partition,false,false,false,false => rowid: 1090","v":1}
{"level":30,"time":1589725318242,"pid":31073,"hostname":"localhost.localdomain","msg":"Preparing statement: INSERT INTO DEVICE_TYPE_ATTRIBUTE (DEVICE_TYPE_CLUSTER_REF, ATTRIBUTE_NAME) VALUES (?, ?) to insert 0 records.","v":1}
{"level":30,"time":1589725318242,"pid":31073,"hostname":"localhost.localdomain","msg":"Preparing statement: INSERT INTO DEVICE_TYPE_COMMAND (DEVICE_TYPE_CLUSTER_REF, COMMAND_NAME) VALUES (?, ?) to insert 0 records.","v":1}
{"level":30,"time":1589725318242,"pid":31073,"hostname":"localhost.localdomain","msg":"Executed insert: INSERT INTO DEVICE_TYPE_CLUSTER (DEVICE_TYPE_REF, CLUSTER_NAME, INCLUDE_CLIENT, INCLUDE_SERVER, LOCK_CLIENT, LOCK_SERVER) VALUES (?,?,?,?,?,?): 41,Basic,false,true,true,true => rowid: 1091","v":1}
{"level":30,"time":1589725318242,"pid":31073,"hostname":"localhost.localdomain","msg":"Executed insert: INSERT INTO DEVICE_TYPE_CLUSTER (DEVICE_TYPE_REF, CLUSTER_NAME, INCLUDE_CLIENT, INCLUDE_SERVER, LOCK_CLIENT, LOCK_SERVER) VALUES (?,?,?,?,?,?): 41,Identify,true,true,true,true => rowid: 1092","v":1}
{"level":30,"time":1589725318242,"pid":31073,"hostname":"localhost.localdomain","msg":"Executed insert: INSERT INTO DEVICE_TYPE_CLUSTER (DEVICE_TYPE_REF, CLUSTER_NAME, INCLUDE_CLIENT, INCLUDE_SERVER, LOCK_CLIENT, LOCK_SERVER) VALUES (?,?,?,?,?,?): 41,Power Configuration,false,false,true,false => rowid: 1093","v":1}
{"level":30,"time":1589725318242,"pid":31073,"hostname":"localhost.localdomain","msg":"Executed insert: INSERT INTO DEVICE_TYPE_CLUSTER (DEVICE_TYPE_REF, CLUSTER_NAME, INCLUDE_CLIENT, INCLUDE_SERVER, LOCK_CLIENT, LOCK_SERVER) VALUES (?,?,?,?,?,?): 41,Device Temperature Configuration,false,false,true,false => rowid: 1094","v":1}
{"level":30,"time":1589725318242,"pid":31073,"hostname":"localhost.localdomain","msg":"Executed insert: INSERT INTO DEVICE_TYPE_CLUSTER (DEVICE_TYPE_REF, CLUSTER_NAME, INCLUDE_CLIENT, INCLUDE_SERVER, LOCK_CLIENT, LOCK_SERVER) VALUES (?,?,?,?,?,?): 41,Alarms,false,false,true,false => rowid: 1095","v":1}
{"level":30,"time":1589725318242,"pid":31073,"hostname":"localhost.localdomain","msg":"Executed insert: INSERT INTO DEVICE_TYPE_CLUSTER (DEVICE_TYPE_REF, CLUSTER_NAME, INCLUDE_CLIENT, INCLUDE_SERVER, LOCK_CLIENT, LOCK_SERVER) VALUES (?,?,?,?,?,?): 41,Scenes,true,false,true,true => rowid: 1096","v":1}
{"level":30,"time":1589725318242,"pid":31073,"hostname":"localhost.localdomain","msg":"Executed insert: INSERT INTO DEVICE_TYPE_CLUSTER (DEVICE_TYPE_REF, CLUSTER_NAME, INCLUDE_CLIENT, INCLUDE_SERVER, LOCK_CLIENT, LOCK_SERVER) VALUES (?,?,?,?,?,?): 41,Groups,true,false,true,true => rowid: 1097","v":1}
{"level":30,"time":1589725318242,"pid":31073,"hostname":"localhost.localdomain","msg":"Executed insert: INSERT INTO DEVICE_TYPE_CLUSTER (DEVICE_TYPE_REF, CLUSTER_NAME, INCLUDE_CLIENT, INCLUDE_SERVER, LOCK_CLIENT, LOCK_SERVER) VALUES (?,?,?,?,?,?): 41,Poll Control,false,false,true,false => rowid: 1098","v":1}
{"level":30,"time":1589725318242,"pid":31073,"hostname":"localhost.localdomain","msg":"Executed insert: INSERT INTO DEVICE_TYPE_CLUSTER (DEVICE_TYPE_REF, CLUSTER_NAME, INCLUDE_CLIENT, INCLUDE_SERVER, LOCK_CLIENT, LOCK_SERVER) VALUES (?,?,?,?,?,?): 41,Electrical Measurement,false,false,true,false => rowid: 1099","v":1}
{"level":30,"time":1589725318242,"pid":31073,"hostname":"localhost.localdomain","msg":"Executed insert: INSERT INTO DEVICE_TYPE_CLUSTER (DEVICE_TYPE_REF, CLUSTER_NAME, INCLUDE_CLIENT, INCLUDE_SERVER, LOCK_CLIENT, LOCK_SERVER) VALUES (?,?,?,?,?,?): 41,Time,false,false,false,true => rowid: 1100","v":1}
{"level":30,"time":1589725318242,"pid":31073,"hostname":"localhost.localdomain","msg":"Executed insert: INSERT INTO DEVICE_TYPE_CLUSTER (DEVICE_TYPE_REF, CLUSTER_NAME, INCLUDE_CLIENT, INCLUDE_SERVER, LOCK_CLIENT, LOCK_SERVER) VALUES (?,?,?,?,?,?): 41,Over the Air Bootloading,false,false,false,false => rowid: 1101","v":1}
{"level":30,"time":1589725318242,"pid":31073,"hostname":"localhost.localdomain","msg":"Executed insert: INSERT INTO DEVICE_TYPE_CLUSTER (DEVICE_TYPE_REF, CLUSTER_NAME, INCLUDE_CLIENT, INCLUDE_SERVER, LOCK_CLIENT, LOCK_SERVER) VALUES (?,?,?,?,?,?): 41,Partition,false,false,false,false => rowid: 1102","v":1}
{"level":30,"time":1589725318242,"pid":31073,"hostname":"localhost.localdomain","msg":"Preparing statement: INSERT INTO DEVICE_TYPE_ATTRIBUTE (DEVICE_TYPE_CLUSTER_REF, ATTRIBUTE_NAME) VALUES (?, ?) to insert 0 records.","v":1}
{"level":30,"time":1589725318242,"pid":31073,"hostname":"localhost.localdomain","msg":"Preparing statement: INSERT INTO DEVICE_TYPE_COMMAND (DEVICE_TYPE_CLUSTER_REF, COMMAND_NAME) VALUES (?, ?) to insert 0 records.","v":1}
{"level":30,"time":1589725318243,"pid":31073,"hostname":"localhost.localdomain","msg":"Executed insert: INSERT INTO DEVICE_TYPE_CLUSTER (DEVICE_TYPE_REF, CLUSTER_NAME, INCLUDE_CLIENT, INCLUDE_SERVER, LOCK_CLIENT, LOCK_SERVER) VALUES (?,?,?,?,?,?): 46,Basic,false,true,false,true => rowid: 1103","v":1}
{"level":30,"time":1589725318243,"pid":31073,"hostname":"localhost.localdomain","msg":"Executed insert: INSERT INTO DEVICE_TYPE_CLUSTER (DEVICE_TYPE_REF, CLUSTER_NAME, INCLUDE_CLIENT, INCLUDE_SERVER, LOCK_CLIENT, LOCK_SERVER) VALUES (?,?,?,?,?,?): 46,Identify,true,true,true,true => rowid: 1104","v":1}
{"level":30,"time":1589725318243,"pid":31073,"hostname":"localhost.localdomain","msg":"Executed insert: INSERT INTO DEVICE_TYPE_CLUSTER (DEVICE_TYPE_REF, CLUSTER_NAME, INCLUDE_CLIENT, INCLUDE_SERVER, LOCK_CLIENT, LOCK_SERVER) VALUES (?,?,?,?,?,?): 46,Power Configuration,false,false,true,false => rowid: 1105","v":1}
{"level":30,"time":1589725318243,"pid":31073,"hostname":"localhost.localdomain","msg":"Executed insert: INSERT INTO DEVICE_TYPE_CLUSTER (DEVICE_TYPE_REF, CLUSTER_NAME, INCLUDE_CLIENT, INCLUDE_SERVER, LOCK_CLIENT, LOCK_SERVER) VALUES (?,?,?,?,?,?): 46,Device Temperature Configuration,false,false,true,false => rowid: 1106","v":1}
{"level":30,"time":1589725318243,"pid":31073,"hostname":"localhost.localdomain","msg":"Executed insert: INSERT INTO DEVICE_TYPE_CLUSTER (DEVICE_TYPE_REF, CLUSTER_NAME, INCLUDE_CLIENT, INCLUDE_SERVER, LOCK_CLIENT, LOCK_SERVER) VALUES (?,?,?,?,?,?): 46,Alarms,false,false,true,false => rowid: 1107","v":1}
{"level":30,"time":1589725318243,"pid":31073,"hostname":"localhost.localdomain","msg":"Executed insert: INSERT INTO DEVICE_TYPE_CLUSTER (DEVICE_TYPE_REF, CLUSTER_NAME, INCLUDE_CLIENT, INCLUDE_SERVER, LOCK_CLIENT, LOCK_SERVER) VALUES (?,?,?,?,?,?): 46,Groups,false,false,false,true => rowid: 1108","v":1}
{"level":30,"time":1589725318243,"pid":31073,"hostname":"localhost.localdomain","msg":"Executed insert: INSERT INTO DEVICE_TYPE_CLUSTER (DEVICE_TYPE_REF, CLUSTER_NAME, INCLUDE_CLIENT, INCLUDE_SERVER, LOCK_CLIENT, LOCK_SERVER) VALUES (?,?,?,?,?,?): 46,Scenes,false,false,false,true => rowid: 1109","v":1}
{"level":30,"time":1589725318243,"pid":31073,"hostname":"localhost.localdomain","msg":"Executed insert: INSERT INTO DEVICE_TYPE_CLUSTER (DEVICE_TYPE_REF, CLUSTER_NAME, INCLUDE_CLIENT, INCLUDE_SERVER, LOCK_CLIENT, LOCK_SERVER) VALUES (?,?,?,?,?,?): 46,Illuminance Level Sensing,false,false,false,true => rowid: 1110","v":1}
{"level":30,"time":1589725318243,"pid":31073,"hostname":"localhost.localdomain","msg":"Executed insert: INSERT INTO DEVICE_TYPE_CLUSTER (DEVICE_TYPE_REF, CLUSTER_NAME, INCLUDE_CLIENT, INCLUDE_SERVER, LOCK_CLIENT, LOCK_SERVER) VALUES (?,?,?,?,?,?): 46,Temperature Measurement,false,false,false,true => rowid: 1111","v":1}
{"level":30,"time":1589725318243,"pid":31073,"hostname":"localhost.localdomain","msg":"Executed insert: INSERT INTO DEVICE_TYPE_CLUSTER (DEVICE_TYPE_REF, CLUSTER_NAME, INCLUDE_CLIENT, INCLUDE_SERVER, LOCK_CLIENT, LOCK_SERVER) VALUES (?,?,?,?,?,?): 46,Pressure Measurement,false,false,false,true => rowid: 1112","v":1}
{"level":30,"time":1589725318243,"pid":31073,"hostname":"localhost.localdomain","msg":"Executed insert: INSERT INTO DEVICE_TYPE_CLUSTER (DEVICE_TYPE_REF, CLUSTER_NAME, INCLUDE_CLIENT, INCLUDE_SERVER, LOCK_CLIENT, LOCK_SERVER) VALUES (?,?,?,?,?,?): 46,Flow Measurement,false,false,false,true => rowid: 1113","v":1}
{"level":30,"time":1589725318243,"pid":31073,"hostname":"localhost.localdomain","msg":"Executed insert: INSERT INTO DEVICE_TYPE_CLUSTER (DEVICE_TYPE_REF, CLUSTER_NAME, INCLUDE_CLIENT, INCLUDE_SERVER, LOCK_CLIENT, LOCK_SERVER) VALUES (?,?,?,?,?,?): 46,Occupancy Sensing,false,false,false,true => rowid: 1114","v":1}
{"level":30,"time":1589725318243,"pid":31073,"hostname":"localhost.localdomain","msg":"Executed insert: INSERT INTO DEVICE_TYPE_CLUSTER (DEVICE_TYPE_REF, CLUSTER_NAME, INCLUDE_CLIENT, INCLUDE_SERVER, LOCK_CLIENT, LOCK_SERVER) VALUES (?,?,?,?,?,?): 46,Pump Configuration and Control,false,false,false,true => rowid: 1115","v":1}
{"level":30,"time":1589725318243,"pid":31073,"hostname":"localhost.localdomain","msg":"Executed insert: INSERT INTO DEVICE_TYPE_CLUSTER (DEVICE_TYPE_REF, CLUSTER_NAME, INCLUDE_CLIENT, INCLUDE_SERVER, LOCK_CLIENT, LOCK_SERVER) VALUES (?,?,?,?,?,?): 46,Shade Configuration,false,false,false,true => rowid: 1116","v":1}
{"level":30,"time":1589725318243,"pid":31073,"hostname":"localhost.localdomain","msg":"Executed insert: INSERT INTO DEVICE_TYPE_CLUSTER (DEVICE_TYPE_REF, CLUSTER_NAME, INCLUDE_CLIENT, INCLUDE_SERVER, LOCK_CLIENT, LOCK_SERVER) VALUES (?,?,?,?,?,?): 46,Thermostat User Interface Configuration,false,false,false,true => rowid: 1117","v":1}
{"level":30,"time":1589725318243,"pid":31073,"hostname":"localhost.localdomain","msg":"Executed insert: INSERT INTO DEVICE_TYPE_CLUSTER (DEVICE_TYPE_REF, CLUSTER_NAME, INCLUDE_CLIENT, INCLUDE_SERVER, LOCK_CLIENT, LOCK_SERVER) VALUES (?,?,?,?,?,?): 46,Poll Control,false,false,true,false => rowid: 1118","v":1}
{"level":30,"time":1589725318243,"pid":31073,"hostname":"localhost.localdomain","msg":"Executed insert: INSERT INTO DEVICE_TYPE_CLUSTER (DEVICE_TYPE_REF, CLUSTER_NAME, INCLUDE_CLIENT, INCLUDE_SERVER, LOCK_CLIENT, LOCK_SERVER) VALUES (?,?,?,?,?,?): 46,Electrical Measurement,false,false,true,false => rowid: 1119","v":1}
{"level":30,"time":1589725318243,"pid":31073,"hostname":"localhost.localdomain","msg":"Executed insert: INSERT INTO DEVICE_TYPE_CLUSTER (DEVICE_TYPE_REF, CLUSTER_NAME, INCLUDE_CLIENT, INCLUDE_SERVER, LOCK_CLIENT, LOCK_SERVER) VALUES (?,?,?,?,?,?): 46,Time,false,false,false,true => rowid: 1120","v":1}
{"level":30,"time":1589725318243,"pid":31073,"hostname":"localhost.localdomain","msg":"Executed insert: INSERT INTO DEVICE_TYPE_CLUSTER (DEVICE_TYPE_REF, CLUSTER_NAME, INCLUDE_CLIENT, INCLUDE_SERVER, LOCK_CLIENT, LOCK_SERVER) VALUES (?,?,?,?,?,?): 46,Over the Air Bootloading,false,false,false,false => rowid: 1121","v":1}
{"level":30,"time":1589725318243,"pid":31073,"hostname":"localhost.localdomain","msg":"Executed insert: INSERT INTO DEVICE_TYPE_CLUSTER (DEVICE_TYPE_REF, CLUSTER_NAME, INCLUDE_CLIENT, INCLUDE_SERVER, LOCK_CLIENT, LOCK_SERVER) VALUES (?,?,?,?,?,?): 46,Partition,false,false,false,false => rowid: 1122","v":1}
{"level":30,"time":1589725318243,"pid":31073,"hostname":"localhost.localdomain","msg":"Preparing statement: INSERT INTO DEVICE_TYPE_ATTRIBUTE (DEVICE_TYPE_CLUSTER_REF, ATTRIBUTE_NAME) VALUES (?, ?) to insert 0 records.","v":1}
{"level":30,"time":1589725318243,"pid":31073,"hostname":"localhost.localdomain","msg":"Preparing statement: INSERT INTO DEVICE_TYPE_COMMAND (DEVICE_TYPE_CLUSTER_REF, COMMAND_NAME) VALUES (?, ?) to insert 0 records.","v":1}
{"level":30,"time":1589725318243,"pid":31073,"hostname":"localhost.localdomain","msg":"Executed insert: INSERT INTO DEVICE_TYPE_CLUSTER (DEVICE_TYPE_REF, CLUSTER_NAME, INCLUDE_CLIENT, INCLUDE_SERVER, LOCK_CLIENT, LOCK_SERVER) VALUES (?,?,?,?,?,?): 51,Basic,false,true,false,true => rowid: 1123","v":1}
{"level":30,"time":1589725318244,"pid":31073,"hostname":"localhost.localdomain","msg":"Executed insert: INSERT INTO DEVICE_TYPE_CLUSTER (DEVICE_TYPE_REF, CLUSTER_NAME, INCLUDE_CLIENT, INCLUDE_SERVER, LOCK_CLIENT, LOCK_SERVER) VALUES (?,?,?,?,?,?): 51,Identify,true,true,true,true => rowid: 1124","v":1}
{"level":30,"time":1589725318244,"pid":31073,"hostname":"localhost.localdomain","msg":"Executed insert: INSERT INTO DEVICE_TYPE_CLUSTER (DEVICE_TYPE_REF, CLUSTER_NAME, INCLUDE_CLIENT, INCLUDE_SERVER, LOCK_CLIENT, LOCK_SERVER) VALUES (?,?,?,?,?,?): 51,Power Configuration,false,false,false,true => rowid: 1125","v":1}
{"level":30,"time":1589725318244,"pid":31073,"hostname":"localhost.localdomain","msg":"Executed insert: INSERT INTO DEVICE_TYPE_CLUSTER (DEVICE_TYPE_REF, CLUSTER_NAME, INCLUDE_CLIENT, INCLUDE_SERVER, LOCK_CLIENT, LOCK_SERVER) VALUES (?,?,?,?,?,?): 51,Device Temperature Configuration,false,false,false,true => rowid: 1126","v":1}
{"level":30,"time":1589725318244,"pid":31073,"hostname":"localhost.localdomain","msg":"Executed insert: INSERT INTO DEVICE_TYPE_CLUSTER (DEVICE_TYPE_REF, CLUSTER_NAME, INCLUDE_CLIENT, INCLUDE_SERVER, LOCK_CLIENT, LOCK_SERVER) VALUES (?,?,?,?,?,?): 51,Alarms,false,false,false,true => rowid: 1127","v":1}
{"level":30,"time":1589725318244,"pid":31073,"hostname":"localhost.localdomain","msg":"Executed insert: INSERT INTO DEVICE_TYPE_CLUSTER (DEVICE_TYPE_REF, CLUSTER_NAME, INCLUDE_CLIENT, INCLUDE_SERVER, LOCK_CLIENT, LOCK_SERVER) VALUES (?,?,?,?,?,?): 51,Simple Metering,false,false,false,false => rowid: 1128","v":1}
{"level":30,"time":1589725318244,"pid":31073,"hostname":"localhost.localdomain","msg":"Executed insert: INSERT INTO DEVICE_TYPE_CLUSTER (DEVICE_TYPE_REF, CLUSTER_NAME, INCLUDE_CLIENT, INCLUDE_SERVER, LOCK_CLIENT, LOCK_SERVER) VALUES (?,?,?,?,?,?): 51,On/off,false,false,false,true => rowid: 1129","v":1}
{"level":30,"time":1589725318244,"pid":31073,"hostname":"localhost.localdomain","msg":"Executed insert: INSERT INTO DEVICE_TYPE_CLUSTER (DEVICE_TYPE_REF, CLUSTER_NAME, INCLUDE_CLIENT, INCLUDE_SERVER, LOCK_CLIENT, LOCK_SERVER) VALUES (?,?,?,?,?,?): 51,Level control,false,false,false,true => rowid: 1130","v":1}
{"level":30,"time":1589725318244,"pid":31073,"hostname":"localhost.localdomain","msg":"Executed insert: INSERT INTO DEVICE_TYPE_CLUSTER (DEVICE_TYPE_REF, CLUSTER_NAME, INCLUDE_CLIENT, INCLUDE_SERVER, LOCK_CLIENT, LOCK_SERVER) VALUES (?,?,?,?,?,?): 51,Groups,false,false,false,true => rowid: 1131","v":1}
{"level":30,"time":1589725318244,"pid":31073,"hostname":"localhost.localdomain","msg":"Executed insert: INSERT INTO DEVICE_TYPE_CLUSTER (DEVICE_TYPE_REF, CLUSTER_NAME, INCLUDE_CLIENT, INCLUDE_SERVER, LOCK_CLIENT, LOCK_SERVER) VALUES (?,?,?,?,?,?): 51,Scenes,false,false,false,true => rowid: 1132","v":1}
{"level":30,"time":1589725318244,"pid":31073,"hostname":"localhost.localdomain","msg":"Executed insert: INSERT INTO DEVICE_TYPE_CLUSTER (DEVICE_TYPE_REF, CLUSTER_NAME, INCLUDE_CLIENT, INCLUDE_SERVER, LOCK_CLIENT, LOCK_SERVER) VALUES (?,?,?,?,?,?): 51,Color control,false,false,false,true => rowid: 1133","v":1}
{"level":30,"time":1589725318244,"pid":31073,"hostname":"localhost.localdomain","msg":"Executed insert: INSERT INTO DEVICE_TYPE_CLUSTER (DEVICE_TYPE_REF, CLUSTER_NAME, INCLUDE_CLIENT, INCLUDE_SERVER, LOCK_CLIENT, LOCK_SERVER) VALUES (?,?,?,?,?,?): 51,Pump Configuration and Control,false,false,false,true => rowid: 1134","v":1}
{"level":30,"time":1589725318244,"pid":31073,"hostname":"localhost.localdomain","msg":"Executed insert: INSERT INTO DEVICE_TYPE_CLUSTER (DEVICE_TYPE_REF, CLUSTER_NAME, INCLUDE_CLIENT, INCLUDE_SERVER, LOCK_CLIENT, LOCK_SERVER) VALUES (?,?,?,?,?,?): 51,Shade Configuration,false,false,false,true => rowid: 1135","v":1}
{"level":30,"time":1589725318244,"pid":31073,"hostname":"localhost.localdomain","msg":"Executed insert: INSERT INTO DEVICE_TYPE_CLUSTER (DEVICE_TYPE_REF, CLUSTER_NAME, INCLUDE_CLIENT, INCLUDE_SERVER, LOCK_CLIENT, LOCK_SERVER) VALUES (?,?,?,?,?,?): 51,On/Off Switch Configuration,false,false,false,true => rowid: 1136","v":1}
{"level":30,"time":1589725318244,"pid":31073,"hostname":"localhost.localdomain","msg":"Executed insert: INSERT INTO DEVICE_TYPE_CLUSTER (DEVICE_TYPE_REF, CLUSTER_NAME, INCLUDE_CLIENT, INCLUDE_SERVER, LOCK_CLIENT, LOCK_SERVER) VALUES (?,?,?,?,?,?): 51,Temperature Measurement,false,false,false,true => rowid: 1137","v":1}
{"level":30,"time":1589725318244,"pid":31073,"hostname":"localhost.localdomain","msg":"Executed insert: INSERT INTO DEVICE_TYPE_CLUSTER (DEVICE_TYPE_REF, CLUSTER_NAME, INCLUDE_CLIENT, INCLUDE_SERVER, LOCK_CLIENT, LOCK_SERVER) VALUES (?,?,?,?,?,?): 51,Illuminance Level Sensing,false,false,false,true => rowid: 1138","v":1}
{"level":30,"time":1589725318244,"pid":31073,"hostname":"localhost.localdomain","msg":"Executed insert: INSERT INTO DEVICE_TYPE_CLUSTER (DEVICE_TYPE_REF, CLUSTER_NAME, INCLUDE_CLIENT, INCLUDE_SERVER, LOCK_CLIENT, LOCK_SERVER) VALUES (?,?,?,?,?,?): 51,Illuminance Measurement,false,false,false,true => rowid: 1139","v":1}
{"level":30,"time":1589725318244,"pid":31073,"hostname":"localhost.localdomain","msg":"Executed insert: INSERT INTO DEVICE_TYPE_CLUSTER (DEVICE_TYPE_REF, CLUSTER_NAME, INCLUDE_CLIENT, INCLUDE_SERVER, LOCK_CLIENT, LOCK_SERVER) VALUES (?,?,?,?,?,?): 51,Window Covering,false,false,false,true => rowid: 1140","v":1}
{"level":30,"time":1589725318244,"pid":31073,"hostname":"localhost.localdomain","msg":"Executed insert: INSERT INTO DEVICE_TYPE_CLUSTER (DEVICE_TYPE_REF, CLUSTER_NAME, INCLUDE_CLIENT, INCLUDE_SERVER, LOCK_CLIENT, LOCK_SERVER) VALUES (?,?,?,?,?,?): 51,Door Lock,false,false,false,true => rowid: 1141","v":1}
{"level":30,"time":1589725318244,"pid":31073,"hostname":"localhost.localdomain","msg":"Executed insert: INSERT INTO DEVICE_TYPE_CLUSTER (DEVICE_TYPE_REF, CLUSTER_NAME, INCLUDE_CLIENT, INCLUDE_SERVER, LOCK_CLIENT, LOCK_SERVER) VALUES (?,?,?,?,?,?): 51,Thermostat,false,false,false,true => rowid: 1142","v":1}
{"level":30,"time":1589725318244,"pid":31073,"hostname":"localhost.localdomain","msg":"Executed insert: INSERT INTO DEVICE_TYPE_CLUSTER (DEVICE_TYPE_REF, CLUSTER_NAME, INCLUDE_CLIENT, INCLUDE_SERVER, LOCK_CLIENT, LOCK_SERVER) VALUES (?,?,?,?,?,?): 51,Poll Control,false,false,true,false => rowid: 1143","v":1}
{"level":30,"time":1589725318244,"pid":31073,"hostname":"localhost.localdomain","msg":"Executed insert: INSERT INTO DEVICE_TYPE_CLUSTER (DEVICE_TYPE_REF, CLUSTER_NAME, INCLUDE_CLIENT, INCLUDE_SERVER, LOCK_CLIENT, LOCK_SERVER) VALUES (?,?,?,?,?,?): 51,Electrical Measurement,false,false,true,false => rowid: 1144","v":1}
{"level":30,"time":1589725318244,"pid":31073,"hostname":"localhost.localdomain","msg":"Executed insert: INSERT INTO DEVICE_TYPE_CLUSTER (DEVICE_TYPE_REF, CLUSTER_NAME, INCLUDE_CLIENT, INCLUDE_SERVER, LOCK_CLIENT, LOCK_SERVER) VALUES (?,?,?,?,?,?): 51,Time,false,false,false,true => rowid: 1145","v":1}
{"level":30,"time":1589725318245,"pid":31073,"hostname":"localhost.localdomain","msg":"Executed insert: INSERT INTO DEVICE_TYPE_CLUSTER (DEVICE_TYPE_REF, CLUSTER_NAME, INCLUDE_CLIENT, INCLUDE_SERVER, LOCK_CLIENT, LOCK_SERVER) VALUES (?,?,?,?,?,?): 51,Over the Air Bootloading,false,false,false,false => rowid: 1146","v":1}
{"level":30,"time":1589725318245,"pid":31073,"hostname":"localhost.localdomain","msg":"Executed insert: INSERT INTO DEVICE_TYPE_CLUSTER (DEVICE_TYPE_REF, CLUSTER_NAME, INCLUDE_CLIENT, INCLUDE_SERVER, LOCK_CLIENT, LOCK_SERVER) VALUES (?,?,?,?,?,?): 51,Partition,false,false,false,false => rowid: 1147","v":1}
{"level":30,"time":1589725318245,"pid":31073,"hostname":"localhost.localdomain","msg":"Preparing statement: INSERT INTO DEVICE_TYPE_ATTRIBUTE (DEVICE_TYPE_CLUSTER_REF, ATTRIBUTE_NAME) VALUES (?, ?) to insert 0 records.","v":1}
{"level":30,"time":1589725318245,"pid":31073,"hostname":"localhost.localdomain","msg":"Preparing statement: INSERT INTO DEVICE_TYPE_COMMAND (DEVICE_TYPE_CLUSTER_REF, COMMAND_NAME) VALUES (?, ?) to insert 0 records.","v":1}
{"level":30,"time":1589725318245,"pid":31073,"hostname":"localhost.localdomain","msg":"Executed insert: INSERT INTO DEVICE_TYPE_CLUSTER (DEVICE_TYPE_REF, CLUSTER_NAME, INCLUDE_CLIENT, INCLUDE_SERVER, LOCK_CLIENT, LOCK_SERVER) VALUES (?,?,?,?,?,?): 56,Basic,false,true,false,true => rowid: 1148","v":1}
{"level":30,"time":1589725318245,"pid":31073,"hostname":"localhost.localdomain","msg":"Executed insert: INSERT INTO DEVICE_TYPE_CLUSTER (DEVICE_TYPE_REF, CLUSTER_NAME, INCLUDE_CLIENT, INCLUDE_SERVER, LOCK_CLIENT, LOCK_SERVER) VALUES (?,?,?,?,?,?): 56,Identify,true,true,true,true => rowid: 1149","v":1}
{"level":30,"time":1589725318245,"pid":31073,"hostname":"localhost.localdomain","msg":"Executed insert: INSERT INTO DEVICE_TYPE_CLUSTER (DEVICE_TYPE_REF, CLUSTER_NAME, INCLUDE_CLIENT, INCLUDE_SERVER, LOCK_CLIENT, LOCK_SERVER) VALUES (?,?,?,?,?,?): 56,Power Configuration,false,false,true,false => rowid: 1150","v":1}
{"level":30,"time":1589725318245,"pid":31073,"hostname":"localhost.localdomain","msg":"Executed insert: INSERT INTO DEVICE_TYPE_CLUSTER (DEVICE_TYPE_REF, CLUSTER_NAME, INCLUDE_CLIENT, INCLUDE_SERVER, LOCK_CLIENT, LOCK_SERVER) VALUES (?,?,?,?,?,?): 56,Device Temperature Configuration,false,false,true,false => rowid: 1151","v":1}
{"level":30,"time":1589725318245,"pid":31073,"hostname":"localhost.localdomain","msg":"Executed insert: INSERT INTO DEVICE_TYPE_CLUSTER (DEVICE_TYPE_REF, CLUSTER_NAME, INCLUDE_CLIENT, INCLUDE_SERVER, LOCK_CLIENT, LOCK_SERVER) VALUES (?,?,?,?,?,?): 56,Alarms,false,false,true,false => rowid: 1152","v":1}
{"level":30,"time":1589725318245,"pid":31073,"hostname":"localhost.localdomain","msg":"Executed insert: INSERT INTO DEVICE_TYPE_CLUSTER (DEVICE_TYPE_REF, CLUSTER_NAME, INCLUDE_CLIENT, INCLUDE_SERVER, LOCK_CLIENT, LOCK_SERVER) VALUES (?,?,?,?,?,?): 56,Color control,false,false,false,true => rowid: 1153","v":1}
{"level":30,"time":1589725318245,"pid":31073,"hostname":"localhost.localdomain","msg":"Executed insert: INSERT INTO DEVICE_TYPE_CLUSTER (DEVICE_TYPE_REF, CLUSTER_NAME, INCLUDE_CLIENT, INCLUDE_SERVER, LOCK_CLIENT, LOCK_SERVER) VALUES (?,?,?,?,?,?): 56,Pump Configuration and Control,false,false,false,true => rowid: 1154","v":1}
{"level":30,"time":1589725318245,"pid":31073,"hostname":"localhost.localdomain","msg":"Executed insert: INSERT INTO DEVICE_TYPE_CLUSTER (DEVICE_TYPE_REF, CLUSTER_NAME, INCLUDE_CLIENT, INCLUDE_SERVER, LOCK_CLIENT, LOCK_SERVER) VALUES (?,?,?,?,?,?): 56,Shade Configuration,false,false,false,true => rowid: 1155","v":1}
{"level":30,"time":1589725318245,"pid":31073,"hostname":"localhost.localdomain","msg":"Executed insert: INSERT INTO DEVICE_TYPE_CLUSTER (DEVICE_TYPE_REF, CLUSTER_NAME, INCLUDE_CLIENT, INCLUDE_SERVER, LOCK_CLIENT, LOCK_SERVER) VALUES (?,?,?,?,?,?): 56,On/Off Switch Configuration,false,false,false,true => rowid: 1156","v":1}
{"level":30,"time":1589725318245,"pid":31073,"hostname":"localhost.localdomain","msg":"Executed insert: INSERT INTO DEVICE_TYPE_CLUSTER (DEVICE_TYPE_REF, CLUSTER_NAME, INCLUDE_CLIENT, INCLUDE_SERVER, LOCK_CLIENT, LOCK_SERVER) VALUES (?,?,?,?,?,?): 56,Temperature Measurement,false,false,false,true => rowid: 1157","v":1}
{"level":30,"time":1589725318245,"pid":31073,"hostname":"localhost.localdomain","msg":"Executed insert: INSERT INTO DEVICE_TYPE_CLUSTER (DEVICE_TYPE_REF, CLUSTER_NAME, INCLUDE_CLIENT, INCLUDE_SERVER, LOCK_CLIENT, LOCK_SERVER) VALUES (?,?,?,?,?,?): 56,Illuminance Level Sensing,false,false,false,true => rowid: 1158","v":1}
{"level":30,"time":1589725318245,"pid":31073,"hostname":"localhost.localdomain","msg":"Executed insert: INSERT INTO DEVICE_TYPE_CLUSTER (DEVICE_TYPE_REF, CLUSTER_NAME, INCLUDE_CLIENT, INCLUDE_SERVER, LOCK_CLIENT, LOCK_SERVER) VALUES (?,?,?,?,?,?): 56,Illuminance Measurement,false,false,false,true => rowid: 1159","v":1}
{"level":30,"time":1589725318245,"pid":31073,"hostname":"localhost.localdomain","msg":"Executed insert: INSERT INTO DEVICE_TYPE_CLUSTER (DEVICE_TYPE_REF, CLUSTER_NAME, INCLUDE_CLIENT, INCLUDE_SERVER, LOCK_CLIENT, LOCK_SERVER) VALUES (?,?,?,?,?,?): 56,Thermostat User Interface Configuration,false,false,false,true => rowid: 1160","v":1}
{"level":30,"time":1589725318245,"pid":31073,"hostname":"localhost.localdomain","msg":"Executed insert: INSERT INTO DEVICE_TYPE_CLUSTER (DEVICE_TYPE_REF, CLUSTER_NAME, INCLUDE_CLIENT, INCLUDE_SERVER, LOCK_CLIENT, LOCK_SERVER) VALUES (?,?,?,?,?,?): 56,Level control,false,false,false,true => rowid: 1161","v":1}
{"level":30,"time":1589725318245,"pid":31073,"hostname":"localhost.localdomain","msg":"Executed insert: INSERT INTO DEVICE_TYPE_CLUSTER (DEVICE_TYPE_REF, CLUSTER_NAME, INCLUDE_CLIENT, INCLUDE_SERVER, LOCK_CLIENT, LOCK_SERVER) VALUES (?,?,?,?,?,?): 56,Groups,false,false,false,true => rowid: 1162","v":1}
{"level":30,"time":1589725318245,"pid":31073,"hostname":"localhost.localdomain","msg":"Executed insert: INSERT INTO DEVICE_TYPE_CLUSTER (DEVICE_TYPE_REF, CLUSTER_NAME, INCLUDE_CLIENT, INCLUDE_SERVER, LOCK_CLIENT, LOCK_SERVER) VALUES (?,?,?,?,?,?): 56,Scenes,false,false,false,true => rowid: 1163","v":1}
{"level":30,"time":1589725318245,"pid":31073,"hostname":"localhost.localdomain","msg":"Executed insert: INSERT INTO DEVICE_TYPE_CLUSTER (DEVICE_TYPE_REF, CLUSTER_NAME, INCLUDE_CLIENT, INCLUDE_SERVER, LOCK_CLIENT, LOCK_SERVER) VALUES (?,?,?,?,?,?): 56,Window Covering,false,false,false,true => rowid: 1164","v":1}
{"level":30,"time":1589725318245,"pid":31073,"hostname":"localhost.localdomain","msg":"Executed insert: INSERT INTO DEVICE_TYPE_CLUSTER (DEVICE_TYPE_REF, CLUSTER_NAME, INCLUDE_CLIENT, INCLUDE_SERVER, LOCK_CLIENT, LOCK_SERVER) VALUES (?,?,?,?,?,?): 56,Door Lock,false,false,false,true => rowid: 1165","v":1}
{"level":30,"time":1589725318245,"pid":31073,"hostname":"localhost.localdomain","msg":"Executed insert: INSERT INTO DEVICE_TYPE_CLUSTER (DEVICE_TYPE_REF, CLUSTER_NAME, INCLUDE_CLIENT, INCLUDE_SERVER, LOCK_CLIENT, LOCK_SERVER) VALUES (?,?,?,?,?,?): 56,Thermostat,false,false,false,true => rowid: 1166","v":1}
{"level":30,"time":1589725318246,"pid":31073,"hostname":"localhost.localdomain","msg":"Executed insert: INSERT INTO DEVICE_TYPE_CLUSTER (DEVICE_TYPE_REF, CLUSTER_NAME, INCLUDE_CLIENT, INCLUDE_SERVER, LOCK_CLIENT, LOCK_SERVER) VALUES (?,?,?,?,?,?): 56,On/off,false,false,false,true => rowid: 1167","v":1}
{"level":30,"time":1589725318246,"pid":31073,"hostname":"localhost.localdomain","msg":"Executed insert: INSERT INTO DEVICE_TYPE_CLUSTER (DEVICE_TYPE_REF, CLUSTER_NAME, INCLUDE_CLIENT, INCLUDE_SERVER, LOCK_CLIENT, LOCK_SERVER) VALUES (?,?,?,?,?,?): 56,Poll Control,false,false,true,false => rowid: 1168","v":1}
{"level":30,"time":1589725318246,"pid":31073,"hostname":"localhost.localdomain","msg":"Executed insert: INSERT INTO DEVICE_TYPE_CLUSTER (DEVICE_TYPE_REF, CLUSTER_NAME, INCLUDE_CLIENT, INCLUDE_SERVER, LOCK_CLIENT, LOCK_SERVER) VALUES (?,?,?,?,?,?): 56,Electrical Measurement,false,false,true,false => rowid: 1169","v":1}
{"level":30,"time":1589725318246,"pid":31073,"hostname":"localhost.localdomain","msg":"Executed insert: INSERT INTO DEVICE_TYPE_CLUSTER (DEVICE_TYPE_REF, CLUSTER_NAME, INCLUDE_CLIENT, INCLUDE_SERVER, LOCK_CLIENT, LOCK_SERVER) VALUES (?,?,?,?,?,?): 56,Time,false,false,false,true => rowid: 1170","v":1}
{"level":30,"time":1589725318246,"pid":31073,"hostname":"localhost.localdomain","msg":"Executed insert: INSERT INTO DEVICE_TYPE_CLUSTER (DEVICE_TYPE_REF, CLUSTER_NAME, INCLUDE_CLIENT, INCLUDE_SERVER, LOCK_CLIENT, LOCK_SERVER) VALUES (?,?,?,?,?,?): 56,Over the Air Bootloading,false,false,false,false => rowid: 1171","v":1}
{"level":30,"time":1589725318246,"pid":31073,"hostname":"localhost.localdomain","msg":"Executed insert: INSERT INTO DEVICE_TYPE_CLUSTER (DEVICE_TYPE_REF, CLUSTER_NAME, INCLUDE_CLIENT, INCLUDE_SERVER, LOCK_CLIENT, LOCK_SERVER) VALUES (?,?,?,?,?,?): 56,Partition,false,false,false,false => rowid: 1172","v":1}
{"level":30,"time":1589725318246,"pid":31073,"hostname":"localhost.localdomain","msg":"Preparing statement: INSERT INTO DEVICE_TYPE_ATTRIBUTE (DEVICE_TYPE_CLUSTER_REF, ATTRIBUTE_NAME) VALUES (?, ?) to insert 0 records.","v":1}
{"level":30,"time":1589725318246,"pid":31073,"hostname":"localhost.localdomain","msg":"Preparing statement: INSERT INTO DEVICE_TYPE_COMMAND (DEVICE_TYPE_CLUSTER_REF, COMMAND_NAME) VALUES (?, ?) to insert 0 records.","v":1}
{"level":30,"time":1589725318246,"pid":31073,"hostname":"localhost.localdomain","msg":"Executed insert: INSERT INTO DEVICE_TYPE_CLUSTER (DEVICE_TYPE_REF, CLUSTER_NAME, INCLUDE_CLIENT, INCLUDE_SERVER, LOCK_CLIENT, LOCK_SERVER) VALUES (?,?,?,?,?,?): 61,Basic,false,true,true,true => rowid: 1173","v":1}
{"level":30,"time":1589725318246,"pid":31073,"hostname":"localhost.localdomain","msg":"Executed insert: INSERT INTO DEVICE_TYPE_CLUSTER (DEVICE_TYPE_REF, CLUSTER_NAME, INCLUDE_CLIENT, INCLUDE_SERVER, LOCK_CLIENT, LOCK_SERVER) VALUES (?,?,?,?,?,?): 61,Identify,true,true,true,true => rowid: 1174","v":1}
{"level":30,"time":1589725318246,"pid":31073,"hostname":"localhost.localdomain","msg":"Executed insert: INSERT INTO DEVICE_TYPE_CLUSTER (DEVICE_TYPE_REF, CLUSTER_NAME, INCLUDE_CLIENT, INCLUDE_SERVER, LOCK_CLIENT, LOCK_SERVER) VALUES (?,?,?,?,?,?): 61,Power Configuration,false,false,true,false => rowid: 1175","v":1}
{"level":30,"time":1589725318246,"pid":31073,"hostname":"localhost.localdomain","msg":"Executed insert: INSERT INTO DEVICE_TYPE_CLUSTER (DEVICE_TYPE_REF, CLUSTER_NAME, INCLUDE_CLIENT, INCLUDE_SERVER, LOCK_CLIENT, LOCK_SERVER) VALUES (?,?,?,?,?,?): 61,Device Temperature Configuration,false,false,true,false => rowid: 1176","v":1}
{"level":30,"time":1589725318246,"pid":31073,"hostname":"localhost.localdomain","msg":"Executed insert: INSERT INTO DEVICE_TYPE_CLUSTER (DEVICE_TYPE_REF, CLUSTER_NAME, INCLUDE_CLIENT, INCLUDE_SERVER, LOCK_CLIENT, LOCK_SERVER) VALUES (?,?,?,?,?,?): 61,Alarms,false,false,true,false => rowid: 1177","v":1}
{"level":30,"time":1589725318246,"pid":31073,"hostname":"localhost.localdomain","msg":"Executed insert: INSERT INTO DEVICE_TYPE_CLUSTER (DEVICE_TYPE_REF, CLUSTER_NAME, INCLUDE_CLIENT, INCLUDE_SERVER, LOCK_CLIENT, LOCK_SERVER) VALUES (?,?,?,?,?,?): 61,Poll Control,false,false,true,false => rowid: 1178","v":1}
{"level":30,"time":1589725318246,"pid":31073,"hostname":"localhost.localdomain","msg":"Executed insert: INSERT INTO DEVICE_TYPE_CLUSTER (DEVICE_TYPE_REF, CLUSTER_NAME, INCLUDE_CLIENT, INCLUDE_SERVER, LOCK_CLIENT, LOCK_SERVER) VALUES (?,?,?,?,?,?): 61,Electrical Measurement,false,false,true,false => rowid: 1179","v":1}
{"level":30,"time":1589725318246,"pid":31073,"hostname":"localhost.localdomain","msg":"Executed insert: INSERT INTO DEVICE_TYPE_CLUSTER (DEVICE_TYPE_REF, CLUSTER_NAME, INCLUDE_CLIENT, INCLUDE_SERVER, LOCK_CLIENT, LOCK_SERVER) VALUES (?,?,?,?,?,?): 61,Time,false,false,false,true => rowid: 1180","v":1}
{"level":30,"time":1589725318246,"pid":31073,"hostname":"localhost.localdomain","msg":"Executed insert: INSERT INTO DEVICE_TYPE_CLUSTER (DEVICE_TYPE_REF, CLUSTER_NAME, INCLUDE_CLIENT, INCLUDE_SERVER, LOCK_CLIENT, LOCK_SERVER) VALUES (?,?,?,?,?,?): 61,Over the Air Bootloading,false,false,false,false => rowid: 1181","v":1}
{"level":30,"time":1589725318246,"pid":31073,"hostname":"localhost.localdomain","msg":"Executed insert: INSERT INTO DEVICE_TYPE_CLUSTER (DEVICE_TYPE_REF, CLUSTER_NAME, INCLUDE_CLIENT, INCLUDE_SERVER, LOCK_CLIENT, LOCK_SERVER) VALUES (?,?,?,?,?,?): 61,Partition,false,false,false,false => rowid: 1182","v":1}
{"level":30,"time":1589725318246,"pid":31073,"hostname":"localhost.localdomain","msg":"Preparing statement: INSERT INTO DEVICE_TYPE_ATTRIBUTE (DEVICE_TYPE_CLUSTER_REF, ATTRIBUTE_NAME) VALUES (?, ?) to insert 0 records.","v":1}
{"level":30,"time":1589725318246,"pid":31073,"hostname":"localhost.localdomain","msg":"Preparing statement: INSERT INTO DEVICE_TYPE_COMMAND (DEVICE_TYPE_CLUSTER_REF, COMMAND_NAME) VALUES (?, ?) to insert 0 records.","v":1}
{"level":30,"time":1589725318246,"pid":31073,"hostname":"localhost.localdomain","msg":"Executed insert: INSERT INTO DEVICE_TYPE_CLUSTER (DEVICE_TYPE_REF, CLUSTER_NAME, INCLUDE_CLIENT, INCLUDE_SERVER, LOCK_CLIENT, LOCK_SERVER) VALUES (?,?,?,?,?,?): 66,Basic,false,true,true,true => rowid: 1183","v":1}
{"level":30,"time":1589725318246,"pid":31073,"hostname":"localhost.localdomain","msg":"Executed insert: INSERT INTO DEVICE_TYPE_CLUSTER (DEVICE_TYPE_REF, CLUSTER_NAME, INCLUDE_CLIENT, INCLUDE_SERVER, LOCK_CLIENT, LOCK_SERVER) VALUES (?,?,?,?,?,?): 66,Identify,true,true,true,true => rowid: 1184","v":1}
{"level":30,"time":1589725318247,"pid":31073,"hostname":"localhost.localdomain","msg":"Executed insert: INSERT INTO DEVICE_TYPE_CLUSTER (DEVICE_TYPE_REF, CLUSTER_NAME, INCLUDE_CLIENT, INCLUDE_SERVER, LOCK_CLIENT, LOCK_SERVER) VALUES (?,?,?,?,?,?): 66,Power Configuration,false,false,true,false => rowid: 1185","v":1}
{"level":30,"time":1589725318247,"pid":31073,"hostname":"localhost.localdomain","msg":"Executed insert: INSERT INTO DEVICE_TYPE_CLUSTER (DEVICE_TYPE_REF, CLUSTER_NAME, INCLUDE_CLIENT, INCLUDE_SERVER, LOCK_CLIENT, LOCK_SERVER) VALUES (?,?,?,?,?,?): 66,Device Temperature Configuration,false,false,true,false => rowid: 1186","v":1}
{"level":30,"time":1589725318247,"pid":31073,"hostname":"localhost.localdomain","msg":"Executed insert: INSERT INTO DEVICE_TYPE_CLUSTER (DEVICE_TYPE_REF, CLUSTER_NAME, INCLUDE_CLIENT, INCLUDE_SERVER, LOCK_CLIENT, LOCK_SERVER) VALUES (?,?,?,?,?,?): 66,Alarms,false,false,true,false => rowid: 1187","v":1}
{"level":30,"time":1589725318247,"pid":31073,"hostname":"localhost.localdomain","msg":"Executed insert: INSERT INTO DEVICE_TYPE_CLUSTER (DEVICE_TYPE_REF, CLUSTER_NAME, INCLUDE_CLIENT, INCLUDE_SERVER, LOCK_CLIENT, LOCK_SERVER) VALUES (?,?,?,?,?,?): 66,On/off,false,true,true,true => rowid: 1188","v":1}
{"level":30,"time":1589725318247,"pid":31073,"hostname":"localhost.localdomain","msg":"Executed insert: INSERT INTO DEVICE_TYPE_CLUSTER (DEVICE_TYPE_REF, CLUSTER_NAME, INCLUDE_CLIENT, INCLUDE_SERVER, LOCK_CLIENT, LOCK_SERVER) VALUES (?,?,?,?,?,?): 66,Scenes,false,true,true,true => rowid: 1189","v":1}
{"level":30,"time":1589725318247,"pid":31073,"hostname":"localhost.localdomain","msg":"Executed insert: INSERT INTO DEVICE_TYPE_CLUSTER (DEVICE_TYPE_REF, CLUSTER_NAME, INCLUDE_CLIENT, INCLUDE_SERVER, LOCK_CLIENT, LOCK_SERVER) VALUES (?,?,?,?,?,?): 66,Groups,false,true,true,true => rowid: 1190","v":1}
{"level":30,"time":1589725318247,"pid":31073,"hostname":"localhost.localdomain","msg":"Executed insert: INSERT INTO DEVICE_TYPE_CLUSTER (DEVICE_TYPE_REF, CLUSTER_NAME, INCLUDE_CLIENT, INCLUDE_SERVER, LOCK_CLIENT, LOCK_SERVER) VALUES (?,?,?,?,?,?): 66,Poll Control,false,false,true,false => rowid: 1191","v":1}
{"level":30,"time":1589725318247,"pid":31073,"hostname":"localhost.localdomain","msg":"Executed insert: INSERT INTO DEVICE_TYPE_CLUSTER (DEVICE_TYPE_REF, CLUSTER_NAME, INCLUDE_CLIENT, INCLUDE_SERVER, LOCK_CLIENT, LOCK_SERVER) VALUES (?,?,?,?,?,?): 66,Electrical Measurement,false,false,true,false => rowid: 1192","v":1}
{"level":30,"time":1589725318247,"pid":31073,"hostname":"localhost.localdomain","msg":"Executed insert: INSERT INTO DEVICE_TYPE_CLUSTER (DEVICE_TYPE_REF, CLUSTER_NAME, INCLUDE_CLIENT, INCLUDE_SERVER, LOCK_CLIENT, LOCK_SERVER) VALUES (?,?,?,?,?,?): 66,Time,false,false,false,true => rowid: 1193","v":1}
{"level":30,"time":1589725318247,"pid":31073,"hostname":"localhost.localdomain","msg":"Executed insert: INSERT INTO DEVICE_TYPE_CLUSTER (DEVICE_TYPE_REF, CLUSTER_NAME, INCLUDE_CLIENT, INCLUDE_SERVER, LOCK_CLIENT, LOCK_SERVER) VALUES (?,?,?,?,?,?): 66,Over the Air Bootloading,false,false,false,false => rowid: 1194","v":1}
{"level":30,"time":1589725318247,"pid":31073,"hostname":"localhost.localdomain","msg":"Executed insert: INSERT INTO DEVICE_TYPE_CLUSTER (DEVICE_TYPE_REF, CLUSTER_NAME, INCLUDE_CLIENT, INCLUDE_SERVER, LOCK_CLIENT, LOCK_SERVER) VALUES (?,?,?,?,?,?): 66,Partition,false,false,false,false => rowid: 1195","v":1}
{"level":30,"time":1589725318247,"pid":31073,"hostname":"localhost.localdomain","msg":"Preparing statement: INSERT INTO DEVICE_TYPE_ATTRIBUTE (DEVICE_TYPE_CLUSTER_REF, ATTRIBUTE_NAME) VALUES (?, ?) to insert 0 records.","v":1}
{"level":30,"time":1589725318247,"pid":31073,"hostname":"localhost.localdomain","msg":"Preparing statement: INSERT INTO DEVICE_TYPE_COMMAND (DEVICE_TYPE_CLUSTER_REF, COMMAND_NAME) VALUES (?, ?) to insert 0 records.","v":1}
{"level":30,"time":1589725318247,"pid":31073,"hostname":"localhost.localdomain","msg":"Executed insert: INSERT INTO DEVICE_TYPE_CLUSTER (DEVICE_TYPE_REF, CLUSTER_NAME, INCLUDE_CLIENT, INCLUDE_SERVER, LOCK_CLIENT, LOCK_SERVER) VALUES (?,?,?,?,?,?): 71,Basic,false,true,true,true => rowid: 1196","v":1}
{"level":30,"time":1589725318247,"pid":31073,"hostname":"localhost.localdomain","msg":"Executed insert: INSERT INTO DEVICE_TYPE_CLUSTER (DEVICE_TYPE_REF, CLUSTER_NAME, INCLUDE_CLIENT, INCLUDE_SERVER, LOCK_CLIENT, LOCK_SERVER) VALUES (?,?,?,?,?,?): 71,Identify,true,true,true,true => rowid: 1197","v":1}
{"level":30,"time":1589725318247,"pid":31073,"hostname":"localhost.localdomain","msg":"Executed insert: INSERT INTO DEVICE_TYPE_CLUSTER (DEVICE_TYPE_REF, CLUSTER_NAME, INCLUDE_CLIENT, INCLUDE_SERVER, LOCK_CLIENT, LOCK_SERVER) VALUES (?,?,?,?,?,?): 71,Power Configuration,false,false,true,false => rowid: 1198","v":1}
{"level":30,"time":1589725318247,"pid":31073,"hostname":"localhost.localdomain","msg":"Executed insert: INSERT INTO DEVICE_TYPE_CLUSTER (DEVICE_TYPE_REF, CLUSTER_NAME, INCLUDE_CLIENT, INCLUDE_SERVER, LOCK_CLIENT, LOCK_SERVER) VALUES (?,?,?,?,?,?): 71,Device Temperature Configuration,false,false,true,false => rowid: 1199","v":1}
{"level":30,"time":1589725318247,"pid":31073,"hostname":"localhost.localdomain","msg":"Executed insert: INSERT INTO DEVICE_TYPE_CLUSTER (DEVICE_TYPE_REF, CLUSTER_NAME, INCLUDE_CLIENT, INCLUDE_SERVER, LOCK_CLIENT, LOCK_SERVER) VALUES (?,?,?,?,?,?): 71,Alarms,false,false,true,false => rowid: 1200","v":1}
{"level":30,"time":1589725318247,"pid":31073,"hostname":"localhost.localdomain","msg":"Executed insert: INSERT INTO DEVICE_TYPE_CLUSTER (DEVICE_TYPE_REF, CLUSTER_NAME, INCLUDE_CLIENT, INCLUDE_SERVER, LOCK_CLIENT, LOCK_SERVER) VALUES (?,?,?,?,?,?): 71,Door Lock,false,true,true,true => rowid: 1201","v":1}
{"level":30,"time":1589725318247,"pid":31073,"hostname":"localhost.localdomain","msg":"Executed insert: INSERT INTO DEVICE_TYPE_CLUSTER (DEVICE_TYPE_REF, CLUSTER_NAME, INCLUDE_CLIENT, INCLUDE_SERVER, LOCK_CLIENT, LOCK_SERVER) VALUES (?,?,?,?,?,?): 71,Scenes,false,true,true,true => rowid: 1202","v":1}
{"level":30,"time":1589725318247,"pid":31073,"hostname":"localhost.localdomain","msg":"Executed insert: INSERT INTO DEVICE_TYPE_CLUSTER (DEVICE_TYPE_REF, CLUSTER_NAME, INCLUDE_CLIENT, INCLUDE_SERVER, LOCK_CLIENT, LOCK_SERVER) VALUES (?,?,?,?,?,?): 71,Groups,false,true,true,true => rowid: 1203","v":1}
{"level":30,"time":1589725318247,"pid":31073,"hostname":"localhost.localdomain","msg":"Executed insert: INSERT INTO DEVICE_TYPE_CLUSTER (DEVICE_TYPE_REF, CLUSTER_NAME, INCLUDE_CLIENT, INCLUDE_SERVER, LOCK_CLIENT, LOCK_SERVER) VALUES (?,?,?,?,?,?): 71,Poll Control,false,false,true,false => rowid: 1204","v":1}
{"level":30,"time":1589725318247,"pid":31073,"hostname":"localhost.localdomain","msg":"Executed insert: INSERT INTO DEVICE_TYPE_CLUSTER (DEVICE_TYPE_REF, CLUSTER_NAME, INCLUDE_CLIENT, INCLUDE_SERVER, LOCK_CLIENT, LOCK_SERVER) VALUES (?,?,?,?,?,?): 71,Electrical Measurement,false,false,true,false => rowid: 1205","v":1}
{"level":30,"time":1589725318247,"pid":31073,"hostname":"localhost.localdomain","msg":"Executed insert: INSERT INTO DEVICE_TYPE_CLUSTER (DEVICE_TYPE_REF, CLUSTER_NAME, INCLUDE_CLIENT, INCLUDE_SERVER, LOCK_CLIENT, LOCK_SERVER) VALUES (?,?,?,?,?,?): 71,Time,false,false,false,true => rowid: 1206","v":1}
{"level":30,"time":1589725318247,"pid":31073,"hostname":"localhost.localdomain","msg":"Executed insert: INSERT INTO DEVICE_TYPE_CLUSTER (DEVICE_TYPE_REF, CLUSTER_NAME, INCLUDE_CLIENT, INCLUDE_SERVER, LOCK_CLIENT, LOCK_SERVER) VALUES (?,?,?,?,?,?): 71,Over the Air Bootloading,false,false,false,false => rowid: 1207","v":1}
{"level":30,"time":1589725318248,"pid":31073,"hostname":"localhost.localdomain","msg":"Executed insert: INSERT INTO DEVICE_TYPE_CLUSTER (DEVICE_TYPE_REF, CLUSTER_NAME, INCLUDE_CLIENT, INCLUDE_SERVER, LOCK_CLIENT, LOCK_SERVER) VALUES (?,?,?,?,?,?): 71,Partition,false,false,false,false => rowid: 1208","v":1}
{"level":30,"time":1589725318248,"pid":31073,"hostname":"localhost.localdomain","msg":"Preparing statement: INSERT INTO DEVICE_TYPE_ATTRIBUTE (DEVICE_TYPE_CLUSTER_REF, ATTRIBUTE_NAME) VALUES (?, ?) to insert 0 records.","v":1}
{"level":30,"time":1589725318248,"pid":31073,"hostname":"localhost.localdomain","msg":"Preparing statement: INSERT INTO DEVICE_TYPE_COMMAND (DEVICE_TYPE_CLUSTER_REF, COMMAND_NAME) VALUES (?, ?) to insert 0 records.","v":1}
{"level":30,"time":1589725318248,"pid":31073,"hostname":"localhost.localdomain","msg":"Executed insert: INSERT INTO DEVICE_TYPE_CLUSTER (DEVICE_TYPE_REF, CLUSTER_NAME, INCLUDE_CLIENT, INCLUDE_SERVER, LOCK_CLIENT, LOCK_SERVER) VALUES (?,?,?,?,?,?): 76,Basic,false,true,true,true => rowid: 1209","v":1}
{"level":30,"time":1589725318248,"pid":31073,"hostname":"localhost.localdomain","msg":"Executed insert: INSERT INTO DEVICE_TYPE_CLUSTER (DEVICE_TYPE_REF, CLUSTER_NAME, INCLUDE_CLIENT, INCLUDE_SERVER, LOCK_CLIENT, LOCK_SERVER) VALUES (?,?,?,?,?,?): 76,Identify,true,true,true,true => rowid: 1210","v":1}
{"level":30,"time":1589725318248,"pid":31073,"hostname":"localhost.localdomain","msg":"Executed insert: INSERT INTO DEVICE_TYPE_CLUSTER (DEVICE_TYPE_REF, CLUSTER_NAME, INCLUDE_CLIENT, INCLUDE_SERVER, LOCK_CLIENT, LOCK_SERVER) VALUES (?,?,?,?,?,?): 76,Power Configuration,false,false,true,false => rowid: 1211","v":1}
{"level":30,"time":1589725318248,"pid":31073,"hostname":"localhost.localdomain","msg":"Executed insert: INSERT INTO DEVICE_TYPE_CLUSTER (DEVICE_TYPE_REF, CLUSTER_NAME, INCLUDE_CLIENT, INCLUDE_SERVER, LOCK_CLIENT, LOCK_SERVER) VALUES (?,?,?,?,?,?): 76,Device Temperature Configuration,false,false,true,false => rowid: 1212","v":1}
{"level":30,"time":1589725318248,"pid":31073,"hostname":"localhost.localdomain","msg":"Executed insert: INSERT INTO DEVICE_TYPE_CLUSTER (DEVICE_TYPE_REF, CLUSTER_NAME, INCLUDE_CLIENT, INCLUDE_SERVER, LOCK_CLIENT, LOCK_SERVER) VALUES (?,?,?,?,?,?): 76,Alarms,false,false,true,false => rowid: 1213","v":1}
{"level":30,"time":1589725318248,"pid":31073,"hostname":"localhost.localdomain","msg":"Executed insert: INSERT INTO DEVICE_TYPE_CLUSTER (DEVICE_TYPE_REF, CLUSTER_NAME, INCLUDE_CLIENT, INCLUDE_SERVER, LOCK_CLIENT, LOCK_SERVER) VALUES (?,?,?,?,?,?): 76,Door Lock,true,false,true,true => rowid: 1214","v":1}
{"level":30,"time":1589725318248,"pid":31073,"hostname":"localhost.localdomain","msg":"Executed insert: INSERT INTO DEVICE_TYPE_CLUSTER (DEVICE_TYPE_REF, CLUSTER_NAME, INCLUDE_CLIENT, INCLUDE_SERVER, LOCK_CLIENT, LOCK_SERVER) VALUES (?,?,?,?,?,?): 76,Time,false,true,true,true => rowid: 1215","v":1}
{"level":30,"time":1589725318248,"pid":31073,"hostname":"localhost.localdomain","msg":"Executed insert: INSERT INTO DEVICE_TYPE_CLUSTER (DEVICE_TYPE_REF, CLUSTER_NAME, INCLUDE_CLIENT, INCLUDE_SERVER, LOCK_CLIENT, LOCK_SERVER) VALUES (?,?,?,?,?,?): 76,Scenes,true,false,true,true => rowid: 1216","v":1}
{"level":30,"time":1589725318248,"pid":31073,"hostname":"localhost.localdomain","msg":"Executed insert: INSERT INTO DEVICE_TYPE_CLUSTER (DEVICE_TYPE_REF, CLUSTER_NAME, INCLUDE_CLIENT, INCLUDE_SERVER, LOCK_CLIENT, LOCK_SERVER) VALUES (?,?,?,?,?,?): 76,Groups,true,false,true,true => rowid: 1217","v":1}
{"level":30,"time":1589725318248,"pid":31073,"hostname":"localhost.localdomain","msg":"Executed insert: INSERT INTO DEVICE_TYPE_CLUSTER (DEVICE_TYPE_REF, CLUSTER_NAME, INCLUDE_CLIENT, INCLUDE_SERVER, LOCK_CLIENT, LOCK_SERVER) VALUES (?,?,?,?,?,?): 76,Poll Control,false,false,true,false => rowid: 1218","v":1}
{"level":30,"time":1589725318248,"pid":31073,"hostname":"localhost.localdomain","msg":"Executed insert: INSERT INTO DEVICE_TYPE_CLUSTER (DEVICE_TYPE_REF, CLUSTER_NAME, INCLUDE_CLIENT, INCLUDE_SERVER, LOCK_CLIENT, LOCK_SERVER) VALUES (?,?,?,?,?,?): 76,Electrical Measurement,false,false,true,false => rowid: 1219","v":1}
{"level":30,"time":1589725318248,"pid":31073,"hostname":"localhost.localdomain","msg":"Executed insert: INSERT INTO DEVICE_TYPE_CLUSTER (DEVICE_TYPE_REF, CLUSTER_NAME, INCLUDE_CLIENT, INCLUDE_SERVER, LOCK_CLIENT, LOCK_SERVER) VALUES (?,?,?,?,?,?): 76,Time,false,false,false,true => rowid: 1220","v":1}
{"level":30,"time":1589725318248,"pid":31073,"hostname":"localhost.localdomain","msg":"Executed insert: INSERT INTO DEVICE_TYPE_CLUSTER (DEVICE_TYPE_REF, CLUSTER_NAME, INCLUDE_CLIENT, INCLUDE_SERVER, LOCK_CLIENT, LOCK_SERVER) VALUES (?,?,?,?,?,?): 76,Over the Air Bootloading,false,false,false,false => rowid: 1221","v":1}
{"level":30,"time":1589725318248,"pid":31073,"hostname":"localhost.localdomain","msg":"Executed insert: INSERT INTO DEVICE_TYPE_CLUSTER (DEVICE_TYPE_REF, CLUSTER_NAME, INCLUDE_CLIENT, INCLUDE_SERVER, LOCK_CLIENT, LOCK_SERVER) VALUES (?,?,?,?,?,?): 76,Partition,false,false,false,false => rowid: 1222","v":1}
{"level":30,"time":1589725318248,"pid":31073,"hostname":"localhost.localdomain","msg":"Preparing statement: INSERT INTO DEVICE_TYPE_ATTRIBUTE (DEVICE_TYPE_CLUSTER_REF, ATTRIBUTE_NAME) VALUES (?, ?) to insert 0 records.","v":1}
{"level":30,"time":1589725318248,"pid":31073,"hostname":"localhost.localdomain","msg":"Preparing statement: INSERT INTO DEVICE_TYPE_COMMAND (DEVICE_TYPE_CLUSTER_REF, COMMAND_NAME) VALUES (?, ?) to insert 0 records.","v":1}
{"level":30,"time":1589725318248,"pid":31073,"hostname":"localhost.localdomain","msg":"Executed insert: INSERT INTO DEVICE_TYPE_CLUSTER (DEVICE_TYPE_REF, CLUSTER_NAME, INCLUDE_CLIENT, INCLUDE_SERVER, LOCK_CLIENT, LOCK_SERVER) VALUES (?,?,?,?,?,?): 81,Basic,false,true,true,true => rowid: 1223","v":1}
{"level":30,"time":1589725318248,"pid":31073,"hostname":"localhost.localdomain","msg":"Executed insert: INSERT INTO DEVICE_TYPE_CLUSTER (DEVICE_TYPE_REF, CLUSTER_NAME, INCLUDE_CLIENT, INCLUDE_SERVER, LOCK_CLIENT, LOCK_SERVER) VALUES (?,?,?,?,?,?): 81,Identify,true,true,true,true => rowid: 1224","v":1}
{"level":30,"time":1589725318248,"pid":31073,"hostname":"localhost.localdomain","msg":"Executed insert: INSERT INTO DEVICE_TYPE_CLUSTER (DEVICE_TYPE_REF, CLUSTER_NAME, INCLUDE_CLIENT, INCLUDE_SERVER, LOCK_CLIENT, LOCK_SERVER) VALUES (?,?,?,?,?,?): 81,Power Configuration,false,false,true,false => rowid: 1225","v":1}
{"level":30,"time":1589725318248,"pid":31073,"hostname":"localhost.localdomain","msg":"Executed insert: INSERT INTO DEVICE_TYPE_CLUSTER (DEVICE_TYPE_REF, CLUSTER_NAME, INCLUDE_CLIENT, INCLUDE_SERVER, LOCK_CLIENT, LOCK_SERVER) VALUES (?,?,?,?,?,?): 81,Device Temperature Configuration,false,false,true,false => rowid: 1226","v":1}
{"level":30,"time":1589725318249,"pid":31073,"hostname":"localhost.localdomain","msg":"Executed insert: INSERT INTO DEVICE_TYPE_CLUSTER (DEVICE_TYPE_REF, CLUSTER_NAME, INCLUDE_CLIENT, INCLUDE_SERVER, LOCK_CLIENT, LOCK_SERVER) VALUES (?,?,?,?,?,?): 81,Alarms,false,false,true,false => rowid: 1227","v":1}
{"level":30,"time":1589725318249,"pid":31073,"hostname":"localhost.localdomain","msg":"Executed insert: INSERT INTO DEVICE_TYPE_CLUSTER (DEVICE_TYPE_REF, CLUSTER_NAME, INCLUDE_CLIENT, INCLUDE_SERVER, LOCK_CLIENT, LOCK_SERVER) VALUES (?,?,?,?,?,?): 81,Binary Input (Basic),false,true,true,true => rowid: 1228","v":1}
{"level":30,"time":1589725318249,"pid":31073,"hostname":"localhost.localdomain","msg":"Executed insert: INSERT INTO DEVICE_TYPE_CLUSTER (DEVICE_TYPE_REF, CLUSTER_NAME, INCLUDE_CLIENT, INCLUDE_SERVER, LOCK_CLIENT, LOCK_SERVER) VALUES (?,?,?,?,?,?): 81,Poll Control,false,false,true,false => rowid: 1229","v":1}
{"level":30,"time":1589725318249,"pid":31073,"hostname":"localhost.localdomain","msg":"Executed insert: INSERT INTO DEVICE_TYPE_CLUSTER (DEVICE_TYPE_REF, CLUSTER_NAME, INCLUDE_CLIENT, INCLUDE_SERVER, LOCK_CLIENT, LOCK_SERVER) VALUES (?,?,?,?,?,?): 81,Electrical Measurement,false,false,true,false => rowid: 1230","v":1}
{"level":30,"time":1589725318249,"pid":31073,"hostname":"localhost.localdomain","msg":"Executed insert: INSERT INTO DEVICE_TYPE_CLUSTER (DEVICE_TYPE_REF, CLUSTER_NAME, INCLUDE_CLIENT, INCLUDE_SERVER, LOCK_CLIENT, LOCK_SERVER) VALUES (?,?,?,?,?,?): 81,Time,false,false,false,true => rowid: 1231","v":1}
{"level":30,"time":1589725318249,"pid":31073,"hostname":"localhost.localdomain","msg":"Executed insert: INSERT INTO DEVICE_TYPE_CLUSTER (DEVICE_TYPE_REF, CLUSTER_NAME, INCLUDE_CLIENT, INCLUDE_SERVER, LOCK_CLIENT, LOCK_SERVER) VALUES (?,?,?,?,?,?): 81,Over the Air Bootloading,false,false,false,false => rowid: 1232","v":1}
{"level":30,"time":1589725318249,"pid":31073,"hostname":"localhost.localdomain","msg":"Executed insert: INSERT INTO DEVICE_TYPE_CLUSTER (DEVICE_TYPE_REF, CLUSTER_NAME, INCLUDE_CLIENT, INCLUDE_SERVER, LOCK_CLIENT, LOCK_SERVER) VALUES (?,?,?,?,?,?): 81,Partition,false,false,false,false => rowid: 1233","v":1}
{"level":30,"time":1589725318249,"pid":31073,"hostname":"localhost.localdomain","msg":"Preparing statement: INSERT INTO DEVICE_TYPE_ATTRIBUTE (DEVICE_TYPE_CLUSTER_REF, ATTRIBUTE_NAME) VALUES (?, ?) to insert 0 records.","v":1}
{"level":30,"time":1589725318249,"pid":31073,"hostname":"localhost.localdomain","msg":"Preparing statement: INSERT INTO DEVICE_TYPE_COMMAND (DEVICE_TYPE_CLUSTER_REF, COMMAND_NAME) VALUES (?, ?) to insert 0 records.","v":1}
{"level":30,"time":1589725318249,"pid":31073,"hostname":"localhost.localdomain","msg":"Executed insert: INSERT INTO DEVICE_TYPE_CLUSTER (DEVICE_TYPE_REF, CLUSTER_NAME, INCLUDE_CLIENT, INCLUDE_SERVER, LOCK_CLIENT, LOCK_SERVER) VALUES (?,?,?,?,?,?): 86,Basic,false,true,true,true => rowid: 1234","v":1}
{"level":30,"time":1589725318249,"pid":31073,"hostname":"localhost.localdomain","msg":"Executed insert: INSERT INTO DEVICE_TYPE_CLUSTER (DEVICE_TYPE_REF, CLUSTER_NAME, INCLUDE_CLIENT, INCLUDE_SERVER, LOCK_CLIENT, LOCK_SERVER) VALUES (?,?,?,?,?,?): 86,Identify,false,true,true,true => rowid: 1235","v":1}
{"level":30,"time":1589725318249,"pid":31073,"hostname":"localhost.localdomain","msg":"Executed insert: INSERT INTO DEVICE_TYPE_CLUSTER (DEVICE_TYPE_REF, CLUSTER_NAME, INCLUDE_CLIENT, INCLUDE_SERVER, LOCK_CLIENT, LOCK_SERVER) VALUES (?,?,?,?,?,?): 86,Power Configuration,false,false,true,false => rowid: 1236","v":1}
{"level":30,"time":1589725318249,"pid":31073,"hostname":"localhost.localdomain","msg":"Executed insert: INSERT INTO DEVICE_TYPE_CLUSTER (DEVICE_TYPE_REF, CLUSTER_NAME, INCLUDE_CLIENT, INCLUDE_SERVER, LOCK_CLIENT, LOCK_SERVER) VALUES (?,?,?,?,?,?): 86,Device Temperature Configuration,false,false,true,false => rowid: 1237","v":1}
{"level":30,"time":1589725318249,"pid":31073,"hostname":"localhost.localdomain","msg":"Executed insert: INSERT INTO DEVICE_TYPE_CLUSTER (DEVICE_TYPE_REF, CLUSTER_NAME, INCLUDE_CLIENT, INCLUDE_SERVER, LOCK_CLIENT, LOCK_SERVER) VALUES (?,?,?,?,?,?): 86,Alarms,false,false,true,false => rowid: 1238","v":1}
{"level":30,"time":1589725318249,"pid":31073,"hostname":"localhost.localdomain","msg":"Executed insert: INSERT INTO DEVICE_TYPE_CLUSTER (DEVICE_TYPE_REF, CLUSTER_NAME, INCLUDE_CLIENT, INCLUDE_SERVER, LOCK_CLIENT, LOCK_SERVER) VALUES (?,?,?,?,?,?): 86,On/off,false,true,true,true => rowid: 1239","v":1}
{"level":30,"time":1589725318249,"pid":31073,"hostname":"localhost.localdomain","msg":"Executed insert: INSERT INTO DEVICE_TYPE_CLUSTER (DEVICE_TYPE_REF, CLUSTER_NAME, INCLUDE_CLIENT, INCLUDE_SERVER, LOCK_CLIENT, LOCK_SERVER) VALUES (?,?,?,?,?,?): 86,Scenes,false,true,true,true => rowid: 1240","v":1}
{"level":30,"time":1589725318249,"pid":31073,"hostname":"localhost.localdomain","msg":"Executed insert: INSERT INTO DEVICE_TYPE_CLUSTER (DEVICE_TYPE_REF, CLUSTER_NAME, INCLUDE_CLIENT, INCLUDE_SERVER, LOCK_CLIENT, LOCK_SERVER) VALUES (?,?,?,?,?,?): 86,Groups,false,true,true,true => rowid: 1241","v":1}
{"level":30,"time":1589725318249,"pid":31073,"hostname":"localhost.localdomain","msg":"Executed insert: INSERT INTO DEVICE_TYPE_CLUSTER (DEVICE_TYPE_REF, CLUSTER_NAME, INCLUDE_CLIENT, INCLUDE_SERVER, LOCK_CLIENT, LOCK_SERVER) VALUES (?,?,?,?,?,?): 86,Occupancy Sensing,false,false,false,true => rowid: 1242","v":1}
{"level":30,"time":1589725318249,"pid":31073,"hostname":"localhost.localdomain","msg":"Executed insert: INSERT INTO DEVICE_TYPE_CLUSTER (DEVICE_TYPE_REF, CLUSTER_NAME, INCLUDE_CLIENT, INCLUDE_SERVER, LOCK_CLIENT, LOCK_SERVER) VALUES (?,?,?,?,?,?): 86,Poll Control,false,false,false,true => rowid: 1243","v":1}
{"level":30,"time":1589725318249,"pid":31073,"hostname":"localhost.localdomain","msg":"Executed insert: INSERT INTO DEVICE_TYPE_CLUSTER (DEVICE_TYPE_REF, CLUSTER_NAME, INCLUDE_CLIENT, INCLUDE_SERVER, LOCK_CLIENT, LOCK_SERVER) VALUES (?,?,?,?,?,?): 86,Electrical Measurement,false,false,true,false => rowid: 1244","v":1}
{"level":30,"time":1589725318249,"pid":31073,"hostname":"localhost.localdomain","msg":"Executed insert: INSERT INTO DEVICE_TYPE_CLUSTER (DEVICE_TYPE_REF, CLUSTER_NAME, INCLUDE_CLIENT, INCLUDE_SERVER, LOCK_CLIENT, LOCK_SERVER) VALUES (?,?,?,?,?,?): 86,Time,false,false,false,true => rowid: 1245","v":1}
{"level":30,"time":1589725318249,"pid":31073,"hostname":"localhost.localdomain","msg":"Executed insert: INSERT INTO DEVICE_TYPE_CLUSTER (DEVICE_TYPE_REF, CLUSTER_NAME, INCLUDE_CLIENT, INCLUDE_SERVER, LOCK_CLIENT, LOCK_SERVER) VALUES (?,?,?,?,?,?): 86,Over the Air Bootloading,false,false,false,false => rowid: 1246","v":1}
{"level":30,"time":1589725318249,"pid":31073,"hostname":"localhost.localdomain","msg":"Executed insert: INSERT INTO DEVICE_TYPE_CLUSTER (DEVICE_TYPE_REF, CLUSTER_NAME, INCLUDE_CLIENT, INCLUDE_SERVER, LOCK_CLIENT, LOCK_SERVER) VALUES (?,?,?,?,?,?): 86,Partition,false,false,false,false => rowid: 1247","v":1}
{"level":30,"time":1589725318250,"pid":31073,"hostname":"localhost.localdomain","msg":"Preparing statement: INSERT INTO DEVICE_TYPE_ATTRIBUTE (DEVICE_TYPE_CLUSTER_REF, ATTRIBUTE_NAME) VALUES (?, ?) to insert 0 records.","v":1}
{"level":30,"time":1589725318250,"pid":31073,"hostname":"localhost.localdomain","msg":"Preparing statement: INSERT INTO DEVICE_TYPE_COMMAND (DEVICE_TYPE_CLUSTER_REF, COMMAND_NAME) VALUES (?, ?) to insert 0 records.","v":1}
{"level":30,"time":1589725318250,"pid":31073,"hostname":"localhost.localdomain","msg":"Executed insert: INSERT INTO DEVICE_TYPE_CLUSTER (DEVICE_TYPE_REF, CLUSTER_NAME, INCLUDE_CLIENT, INCLUDE_SERVER, LOCK_CLIENT, LOCK_SERVER) VALUES (?,?,?,?,?,?): 90,Basic,false,true,true,true => rowid: 1248","v":1}
{"level":30,"time":1589725318250,"pid":31073,"hostname":"localhost.localdomain","msg":"Executed insert: INSERT INTO DEVICE_TYPE_CLUSTER (DEVICE_TYPE_REF, CLUSTER_NAME, INCLUDE_CLIENT, INCLUDE_SERVER, LOCK_CLIENT, LOCK_SERVER) VALUES (?,?,?,?,?,?): 90,Identify,false,true,true,true => rowid: 1249","v":1}
{"level":30,"time":1589725318250,"pid":31073,"hostname":"localhost.localdomain","msg":"Executed insert: INSERT INTO DEVICE_TYPE_CLUSTER (DEVICE_TYPE_REF, CLUSTER_NAME, INCLUDE_CLIENT, INCLUDE_SERVER, LOCK_CLIENT, LOCK_SERVER) VALUES (?,?,?,?,?,?): 90,Power Configuration,false,false,true,false => rowid: 1250","v":1}
{"level":30,"time":1589725318250,"pid":31073,"hostname":"localhost.localdomain","msg":"Executed insert: INSERT INTO DEVICE_TYPE_CLUSTER (DEVICE_TYPE_REF, CLUSTER_NAME, INCLUDE_CLIENT, INCLUDE_SERVER, LOCK_CLIENT, LOCK_SERVER) VALUES (?,?,?,?,?,?): 90,Device Temperature Configuration,false,false,true,false => rowid: 1251","v":1}
{"level":30,"time":1589725318250,"pid":31073,"hostname":"localhost.localdomain","msg":"Executed insert: INSERT INTO DEVICE_TYPE_CLUSTER (DEVICE_TYPE_REF, CLUSTER_NAME, INCLUDE_CLIENT, INCLUDE_SERVER, LOCK_CLIENT, LOCK_SERVER) VALUES (?,?,?,?,?,?): 90,Alarms,false,false,true,false => rowid: 1252","v":1}
{"level":30,"time":1589725318250,"pid":31073,"hostname":"localhost.localdomain","msg":"Executed insert: INSERT INTO DEVICE_TYPE_CLUSTER (DEVICE_TYPE_REF, CLUSTER_NAME, INCLUDE_CLIENT, INCLUDE_SERVER, LOCK_CLIENT, LOCK_SERVER) VALUES (?,?,?,?,?,?): 90,On/off,false,true,true,true => rowid: 1253","v":1}
{"level":30,"time":1589725318250,"pid":31073,"hostname":"localhost.localdomain","msg":"Executed insert: INSERT INTO DEVICE_TYPE_CLUSTER (DEVICE_TYPE_REF, CLUSTER_NAME, INCLUDE_CLIENT, INCLUDE_SERVER, LOCK_CLIENT, LOCK_SERVER) VALUES (?,?,?,?,?,?): 90,Level control,false,true,true,true => rowid: 1254","v":1}
{"level":30,"time":1589725318250,"pid":31073,"hostname":"localhost.localdomain","msg":"Executed insert: INSERT INTO DEVICE_TYPE_CLUSTER (DEVICE_TYPE_REF, CLUSTER_NAME, INCLUDE_CLIENT, INCLUDE_SERVER, LOCK_CLIENT, LOCK_SERVER) VALUES (?,?,?,?,?,?): 90,Scenes,false,true,true,true => rowid: 1255","v":1}
{"level":30,"time":1589725318250,"pid":31073,"hostname":"localhost.localdomain","msg":"Executed insert: INSERT INTO DEVICE_TYPE_CLUSTER (DEVICE_TYPE_REF, CLUSTER_NAME, INCLUDE_CLIENT, INCLUDE_SERVER, LOCK_CLIENT, LOCK_SERVER) VALUES (?,?,?,?,?,?): 90,Groups,false,true,true,true => rowid: 1256","v":1}
{"level":30,"time":1589725318250,"pid":31073,"hostname":"localhost.localdomain","msg":"Executed insert: INSERT INTO DEVICE_TYPE_CLUSTER (DEVICE_TYPE_REF, CLUSTER_NAME, INCLUDE_CLIENT, INCLUDE_SERVER, LOCK_CLIENT, LOCK_SERVER) VALUES (?,?,?,?,?,?): 90,Occupancy Sensing,false,false,false,true => rowid: 1257","v":1}
{"level":30,"time":1589725318250,"pid":31073,"hostname":"localhost.localdomain","msg":"Executed insert: INSERT INTO DEVICE_TYPE_CLUSTER (DEVICE_TYPE_REF, CLUSTER_NAME, INCLUDE_CLIENT, INCLUDE_SERVER, LOCK_CLIENT, LOCK_SERVER) VALUES (?,?,?,?,?,?): 90,Poll Control,false,false,false,true => rowid: 1258","v":1}
{"level":30,"time":1589725318250,"pid":31073,"hostname":"localhost.localdomain","msg":"Executed insert: INSERT INTO DEVICE_TYPE_CLUSTER (DEVICE_TYPE_REF, CLUSTER_NAME, INCLUDE_CLIENT, INCLUDE_SERVER, LOCK_CLIENT, LOCK_SERVER) VALUES (?,?,?,?,?,?): 90,Electrical Measurement,false,false,true,false => rowid: 1259","v":1}
{"level":30,"time":1589725318250,"pid":31073,"hostname":"localhost.localdomain","msg":"Executed insert: INSERT INTO DEVICE_TYPE_CLUSTER (DEVICE_TYPE_REF, CLUSTER_NAME, INCLUDE_CLIENT, INCLUDE_SERVER, LOCK_CLIENT, LOCK_SERVER) VALUES (?,?,?,?,?,?): 90,Time,false,false,false,true => rowid: 1260","v":1}
{"level":30,"time":1589725318250,"pid":31073,"hostname":"localhost.localdomain","msg":"Executed insert: INSERT INTO DEVICE_TYPE_CLUSTER (DEVICE_TYPE_REF, CLUSTER_NAME, INCLUDE_CLIENT, INCLUDE_SERVER, LOCK_CLIENT, LOCK_SERVER) VALUES (?,?,?,?,?,?): 90,Over the Air Bootloading,false,false,false,false => rowid: 1261","v":1}
{"level":30,"time":1589725318250,"pid":31073,"hostname":"localhost.localdomain","msg":"Executed insert: INSERT INTO DEVICE_TYPE_CLUSTER (DEVICE_TYPE_REF, CLUSTER_NAME, INCLUDE_CLIENT, INCLUDE_SERVER, LOCK_CLIENT, LOCK_SERVER) VALUES (?,?,?,?,?,?): 90,Partition,false,false,false,false => rowid: 1262","v":1}
{"level":30,"time":1589725318250,"pid":31073,"hostname":"localhost.localdomain","msg":"Preparing statement: INSERT INTO DEVICE_TYPE_ATTRIBUTE (DEVICE_TYPE_CLUSTER_REF, ATTRIBUTE_NAME) VALUES (?, ?) to insert 0 records.","v":1}
{"level":30,"time":1589725318251,"pid":31073,"hostname":"localhost.localdomain","msg":"Preparing statement: INSERT INTO DEVICE_TYPE_COMMAND (DEVICE_TYPE_CLUSTER_REF, COMMAND_NAME) VALUES (?, ?) to insert 0 records.","v":1}
{"level":30,"time":1589725318251,"pid":31073,"hostname":"localhost.localdomain","msg":"Executed insert: INSERT INTO DEVICE_TYPE_CLUSTER (DEVICE_TYPE_REF, CLUSTER_NAME, INCLUDE_CLIENT, INCLUDE_SERVER, LOCK_CLIENT, LOCK_SERVER) VALUES (?,?,?,?,?,?): 94,Basic,false,true,true,true => rowid: 1263","v":1}
{"level":30,"time":1589725318251,"pid":31073,"hostname":"localhost.localdomain","msg":"Executed insert: INSERT INTO DEVICE_TYPE_CLUSTER (DEVICE_TYPE_REF, CLUSTER_NAME, INCLUDE_CLIENT, INCLUDE_SERVER, LOCK_CLIENT, LOCK_SERVER) VALUES (?,?,?,?,?,?): 94,Identify,false,true,true,true => rowid: 1264","v":1}
{"level":30,"time":1589725318251,"pid":31073,"hostname":"localhost.localdomain","msg":"Executed insert: INSERT INTO DEVICE_TYPE_CLUSTER (DEVICE_TYPE_REF, CLUSTER_NAME, INCLUDE_CLIENT, INCLUDE_SERVER, LOCK_CLIENT, LOCK_SERVER) VALUES (?,?,?,?,?,?): 94,Power Configuration,false,false,true,false => rowid: 1265","v":1}
{"level":30,"time":1589725318251,"pid":31073,"hostname":"localhost.localdomain","msg":"Executed insert: INSERT INTO DEVICE_TYPE_CLUSTER (DEVICE_TYPE_REF, CLUSTER_NAME, INCLUDE_CLIENT, INCLUDE_SERVER, LOCK_CLIENT, LOCK_SERVER) VALUES (?,?,?,?,?,?): 94,Device Temperature Configuration,false,false,true,false => rowid: 1266","v":1}
{"level":30,"time":1589725318251,"pid":31073,"hostname":"localhost.localdomain","msg":"Executed insert: INSERT INTO DEVICE_TYPE_CLUSTER (DEVICE_TYPE_REF, CLUSTER_NAME, INCLUDE_CLIENT, INCLUDE_SERVER, LOCK_CLIENT, LOCK_SERVER) VALUES (?,?,?,?,?,?): 94,Alarms,false,false,true,false => rowid: 1267","v":1}
{"level":30,"time":1589725318251,"pid":31073,"hostname":"localhost.localdomain","msg":"Executed insert: INSERT INTO DEVICE_TYPE_CLUSTER (DEVICE_TYPE_REF, CLUSTER_NAME, INCLUDE_CLIENT, INCLUDE_SERVER, LOCK_CLIENT, LOCK_SERVER) VALUES (?,?,?,?,?,?): 94,On/off,false,true,true,true => rowid: 1268","v":1}
{"level":30,"time":1589725318251,"pid":31073,"hostname":"localhost.localdomain","msg":"Executed insert: INSERT INTO DEVICE_TYPE_CLUSTER (DEVICE_TYPE_REF, CLUSTER_NAME, INCLUDE_CLIENT, INCLUDE_SERVER, LOCK_CLIENT, LOCK_SERVER) VALUES (?,?,?,?,?,?): 94,Level control,false,true,true,true => rowid: 1269","v":1}
{"level":30,"time":1589725318251,"pid":31073,"hostname":"localhost.localdomain","msg":"Executed insert: INSERT INTO DEVICE_TYPE_CLUSTER (DEVICE_TYPE_REF, CLUSTER_NAME, INCLUDE_CLIENT, INCLUDE_SERVER, LOCK_CLIENT, LOCK_SERVER) VALUES (?,?,?,?,?,?): 94,Color control,false,true,true,true => rowid: 1270","v":1}
{"level":30,"time":1589725318251,"pid":31073,"hostname":"localhost.localdomain","msg":"Executed insert: INSERT INTO DEVICE_TYPE_CLUSTER (DEVICE_TYPE_REF, CLUSTER_NAME, INCLUDE_CLIENT, INCLUDE_SERVER, LOCK_CLIENT, LOCK_SERVER) VALUES (?,?,?,?,?,?): 94,Scenes,false,true,true,true => rowid: 1271","v":1}
{"level":30,"time":1589725318251,"pid":31073,"hostname":"localhost.localdomain","msg":"Executed insert: INSERT INTO DEVICE_TYPE_CLUSTER (DEVICE_TYPE_REF, CLUSTER_NAME, INCLUDE_CLIENT, INCLUDE_SERVER, LOCK_CLIENT, LOCK_SERVER) VALUES (?,?,?,?,?,?): 94,Groups,false,true,true,true => rowid: 1272","v":1}
{"level":30,"time":1589725318251,"pid":31073,"hostname":"localhost.localdomain","msg":"Executed insert: INSERT INTO DEVICE_TYPE_CLUSTER (DEVICE_TYPE_REF, CLUSTER_NAME, INCLUDE_CLIENT, INCLUDE_SERVER, LOCK_CLIENT, LOCK_SERVER) VALUES (?,?,?,?,?,?): 94,Occupancy Sensing,false,false,false,true => rowid: 1273","v":1}
{"level":30,"time":1589725318251,"pid":31073,"hostname":"localhost.localdomain","msg":"Executed insert: INSERT INTO DEVICE_TYPE_CLUSTER (DEVICE_TYPE_REF, CLUSTER_NAME, INCLUDE_CLIENT, INCLUDE_SERVER, LOCK_CLIENT, LOCK_SERVER) VALUES (?,?,?,?,?,?): 94,Poll Control,false,false,false,true => rowid: 1274","v":1}
{"level":30,"time":1589725318251,"pid":31073,"hostname":"localhost.localdomain","msg":"Executed insert: INSERT INTO DEVICE_TYPE_CLUSTER (DEVICE_TYPE_REF, CLUSTER_NAME, INCLUDE_CLIENT, INCLUDE_SERVER, LOCK_CLIENT, LOCK_SERVER) VALUES (?,?,?,?,?,?): 94,Electrical Measurement,false,false,true,false => rowid: 1275","v":1}
{"level":30,"time":1589725318251,"pid":31073,"hostname":"localhost.localdomain","msg":"Executed insert: INSERT INTO DEVICE_TYPE_CLUSTER (DEVICE_TYPE_REF, CLUSTER_NAME, INCLUDE_CLIENT, INCLUDE_SERVER, LOCK_CLIENT, LOCK_SERVER) VALUES (?,?,?,?,?,?): 94,Time,false,false,false,true => rowid: 1276","v":1}
{"level":30,"time":1589725318251,"pid":31073,"hostname":"localhost.localdomain","msg":"Executed insert: INSERT INTO DEVICE_TYPE_CLUSTER (DEVICE_TYPE_REF, CLUSTER_NAME, INCLUDE_CLIENT, INCLUDE_SERVER, LOCK_CLIENT, LOCK_SERVER) VALUES (?,?,?,?,?,?): 94,Over the Air Bootloading,false,false,false,false => rowid: 1277","v":1}
{"level":30,"time":1589725318251,"pid":31073,"hostname":"localhost.localdomain","msg":"Executed insert: INSERT INTO DEVICE_TYPE_CLUSTER (DEVICE_TYPE_REF, CLUSTER_NAME, INCLUDE_CLIENT, INCLUDE_SERVER, LOCK_CLIENT, LOCK_SERVER) VALUES (?,?,?,?,?,?): 94,Partition,false,false,false,false => rowid: 1278","v":1}
{"level":30,"time":1589725318251,"pid":31073,"hostname":"localhost.localdomain","msg":"Preparing statement: INSERT INTO DEVICE_TYPE_ATTRIBUTE (DEVICE_TYPE_CLUSTER_REF, ATTRIBUTE_NAME) VALUES (?, ?) to insert 0 records.","v":1}
{"level":30,"time":1589725318251,"pid":31073,"hostname":"localhost.localdomain","msg":"Preparing statement: INSERT INTO DEVICE_TYPE_COMMAND (DEVICE_TYPE_CLUSTER_REF, COMMAND_NAME) VALUES (?, ?) to insert 0 records.","v":1}
{"level":30,"time":1589725318251,"pid":31073,"hostname":"localhost.localdomain","msg":"Executed insert: INSERT INTO DEVICE_TYPE_CLUSTER (DEVICE_TYPE_REF, CLUSTER_NAME, INCLUDE_CLIENT, INCLUDE_SERVER, LOCK_CLIENT, LOCK_SERVER) VALUES (?,?,?,?,?,?): 98,Basic,false,true,true,true => rowid: 1279","v":1}
{"level":30,"time":1589725318251,"pid":31073,"hostname":"localhost.localdomain","msg":"Executed insert: INSERT INTO DEVICE_TYPE_CLUSTER (DEVICE_TYPE_REF, CLUSTER_NAME, INCLUDE_CLIENT, INCLUDE_SERVER, LOCK_CLIENT, LOCK_SERVER) VALUES (?,?,?,?,?,?): 98,Identify,true,true,true,true => rowid: 1280","v":1}
{"level":30,"time":1589725318251,"pid":31073,"hostname":"localhost.localdomain","msg":"Executed insert: INSERT INTO DEVICE_TYPE_CLUSTER (DEVICE_TYPE_REF, CLUSTER_NAME, INCLUDE_CLIENT, INCLUDE_SERVER, LOCK_CLIENT, LOCK_SERVER) VALUES (?,?,?,?,?,?): 98,Power Configuration,false,false,true,false => rowid: 1281","v":1}
{"level":30,"time":1589725318252,"pid":31073,"hostname":"localhost.localdomain","msg":"Executed insert: INSERT INTO DEVICE_TYPE_CLUSTER (DEVICE_TYPE_REF, CLUSTER_NAME, INCLUDE_CLIENT, INCLUDE_SERVER, LOCK_CLIENT, LOCK_SERVER) VALUES (?,?,?,?,?,?): 98,Device Temperature Configuration,false,false,true,false => rowid: 1282","v":1}
{"level":30,"time":1589725318252,"pid":31073,"hostname":"localhost.localdomain","msg":"Executed insert: INSERT INTO DEVICE_TYPE_CLUSTER (DEVICE_TYPE_REF, CLUSTER_NAME, INCLUDE_CLIENT, INCLUDE_SERVER, LOCK_CLIENT, LOCK_SERVER) VALUES (?,?,?,?,?,?): 98,Alarms,false,false,true,false => rowid: 1283","v":1}
{"level":30,"time":1589725318252,"pid":31073,"hostname":"localhost.localdomain","msg":"Executed insert: INSERT INTO DEVICE_TYPE_CLUSTER (DEVICE_TYPE_REF, CLUSTER_NAME, INCLUDE_CLIENT, INCLUDE_SERVER, LOCK_CLIENT, LOCK_SERVER) VALUES (?,?,?,?,?,?): 98,On/off,true,false,true,true => rowid: 1284","v":1}
{"level":30,"time":1589725318252,"pid":31073,"hostname":"localhost.localdomain","msg":"Executed insert: INSERT INTO DEVICE_TYPE_CLUSTER (DEVICE_TYPE_REF, CLUSTER_NAME, INCLUDE_CLIENT, INCLUDE_SERVER, LOCK_CLIENT, LOCK_SERVER) VALUES (?,?,?,?,?,?): 98,Groups,false,false,false,true => rowid: 1285","v":1}
{"level":30,"time":1589725318252,"pid":31073,"hostname":"localhost.localdomain","msg":"Executed insert: INSERT INTO DEVICE_TYPE_CLUSTER (DEVICE_TYPE_REF, CLUSTER_NAME, INCLUDE_CLIENT, INCLUDE_SERVER, LOCK_CLIENT, LOCK_SERVER) VALUES (?,?,?,?,?,?): 98,Electrical Measurement,false,false,true,false => rowid: 1286","v":1}
{"level":30,"time":1589725318252,"pid":31073,"hostname":"localhost.localdomain","msg":"Executed insert: INSERT INTO DEVICE_TYPE_CLUSTER (DEVICE_TYPE_REF, CLUSTER_NAME, INCLUDE_CLIENT, INCLUDE_SERVER, LOCK_CLIENT, LOCK_SERVER) VALUES (?,?,?,?,?,?): 98,Time,false,false,false,true => rowid: 1287","v":1}
{"level":30,"time":1589725318252,"pid":31073,"hostname":"localhost.localdomain","msg":"Executed insert: INSERT INTO DEVICE_TYPE_CLUSTER (DEVICE_TYPE_REF, CLUSTER_NAME, INCLUDE_CLIENT, INCLUDE_SERVER, LOCK_CLIENT, LOCK_SERVER) VALUES (?,?,?,?,?,?): 98,Poll Control,false,false,true,false => rowid: 1288","v":1}
{"level":30,"time":1589725318252,"pid":31073,"hostname":"localhost.localdomain","msg":"Executed insert: INSERT INTO DEVICE_TYPE_CLUSTER (DEVICE_TYPE_REF, CLUSTER_NAME, INCLUDE_CLIENT, INCLUDE_SERVER, LOCK_CLIENT, LOCK_SERVER) VALUES (?,?,?,?,?,?): 98,Partition,false,false,false,false => rowid: 1289","v":1}
{"level":30,"time":1589725318252,"pid":31073,"hostname":"localhost.localdomain","msg":"Executed insert: INSERT INTO DEVICE_TYPE_CLUSTER (DEVICE_TYPE_REF, CLUSTER_NAME, INCLUDE_CLIENT, INCLUDE_SERVER, LOCK_CLIENT, LOCK_SERVER) VALUES (?,?,?,?,?,?): 102,Basic,false,true,true,true => rowid: 1290","v":1}
{"level":30,"time":1589725318252,"pid":31073,"hostname":"localhost.localdomain","msg":"Executed insert: INSERT INTO DEVICE_TYPE_CLUSTER (DEVICE_TYPE_REF, CLUSTER_NAME, INCLUDE_CLIENT, INCLUDE_SERVER, LOCK_CLIENT, LOCK_SERVER) VALUES (?,?,?,?,?,?): 102,Identify,true,true,true,true => rowid: 1291","v":1}
{"level":30,"time":1589725318252,"pid":31073,"hostname":"localhost.localdomain","msg":"Executed insert: INSERT INTO DEVICE_TYPE_CLUSTER (DEVICE_TYPE_REF, CLUSTER_NAME, INCLUDE_CLIENT, INCLUDE_SERVER, LOCK_CLIENT, LOCK_SERVER) VALUES (?,?,?,?,?,?): 102,Power Configuration,false,false,true,false => rowid: 1292","v":1}
{"level":30,"time":1589725318252,"pid":31073,"hostname":"localhost.localdomain","msg":"Executed insert: INSERT INTO DEVICE_TYPE_CLUSTER (DEVICE_TYPE_REF, CLUSTER_NAME, INCLUDE_CLIENT, INCLUDE_SERVER, LOCK_CLIENT, LOCK_SERVER) VALUES (?,?,?,?,?,?): 102,Device Temperature Configuration,false,false,true,false => rowid: 1293","v":1}
{"level":30,"time":1589725318252,"pid":31073,"hostname":"localhost.localdomain","msg":"Executed insert: INSERT INTO DEVICE_TYPE_CLUSTER (DEVICE_TYPE_REF, CLUSTER_NAME, INCLUDE_CLIENT, INCLUDE_SERVER, LOCK_CLIENT, LOCK_SERVER) VALUES (?,?,?,?,?,?): 102,Alarms,false,false,true,false => rowid: 1294","v":1}
{"level":30,"time":1589725318252,"pid":31073,"hostname":"localhost.localdomain","msg":"Executed insert: INSERT INTO DEVICE_TYPE_CLUSTER (DEVICE_TYPE_REF, CLUSTER_NAME, INCLUDE_CLIENT, INCLUDE_SERVER, LOCK_CLIENT, LOCK_SERVER) VALUES (?,?,?,?,?,?): 102,On/off,true,false,true,true => rowid: 1295","v":1}
{"level":30,"time":1589725318252,"pid":31073,"hostname":"localhost.localdomain","msg":"Executed insert: INSERT INTO DEVICE_TYPE_CLUSTER (DEVICE_TYPE_REF, CLUSTER_NAME, INCLUDE_CLIENT, INCLUDE_SERVER, LOCK_CLIENT, LOCK_SERVER) VALUES (?,?,?,?,?,?): 102,Level control,true,false,true,true => rowid: 1296","v":1}
{"level":30,"time":1589725318252,"pid":31073,"hostname":"localhost.localdomain","msg":"Executed insert: INSERT INTO DEVICE_TYPE_CLUSTER (DEVICE_TYPE_REF, CLUSTER_NAME, INCLUDE_CLIENT, INCLUDE_SERVER, LOCK_CLIENT, LOCK_SERVER) VALUES (?,?,?,?,?,?): 102,Scenes,false,false,false,true => rowid: 1297","v":1}
{"level":30,"time":1589725318252,"pid":31073,"hostname":"localhost.localdomain","msg":"Executed insert: INSERT INTO DEVICE_TYPE_CLUSTER (DEVICE_TYPE_REF, CLUSTER_NAME, INCLUDE_CLIENT, INCLUDE_SERVER, LOCK_CLIENT, LOCK_SERVER) VALUES (?,?,?,?,?,?): 102,On/Off Switch Configuration,false,false,true,false => rowid: 1298","v":1}
{"level":30,"time":1589725318252,"pid":31073,"hostname":"localhost.localdomain","msg":"Executed insert: INSERT INTO DEVICE_TYPE_CLUSTER (DEVICE_TYPE_REF, CLUSTER_NAME, INCLUDE_CLIENT, INCLUDE_SERVER, LOCK_CLIENT, LOCK_SERVER) VALUES (?,?,?,?,?,?): 102,Groups,false,false,false,true => rowid: 1299","v":1}
{"level":30,"time":1589725318252,"pid":31073,"hostname":"localhost.localdomain","msg":"Executed insert: INSERT INTO DEVICE_TYPE_CLUSTER (DEVICE_TYPE_REF, CLUSTER_NAME, INCLUDE_CLIENT, INCLUDE_SERVER, LOCK_CLIENT, LOCK_SERVER) VALUES (?,?,?,?,?,?): 102,Poll Control,false,false,true,false => rowid: 1300","v":1}
{"level":30,"time":1589725318252,"pid":31073,"hostname":"localhost.localdomain","msg":"Executed insert: INSERT INTO DEVICE_TYPE_CLUSTER (DEVICE_TYPE_REF, CLUSTER_NAME, INCLUDE_CLIENT, INCLUDE_SERVER, LOCK_CLIENT, LOCK_SERVER) VALUES (?,?,?,?,?,?): 102,Electrical Measurement,false,false,true,false => rowid: 1301","v":1}
{"level":30,"time":1589725318252,"pid":31073,"hostname":"localhost.localdomain","msg":"Executed insert: INSERT INTO DEVICE_TYPE_CLUSTER (DEVICE_TYPE_REF, CLUSTER_NAME, INCLUDE_CLIENT, INCLUDE_SERVER, LOCK_CLIENT, LOCK_SERVER) VALUES (?,?,?,?,?,?): 102,Time,false,false,false,true => rowid: 1302","v":1}
{"level":30,"time":1589725318252,"pid":31073,"hostname":"localhost.localdomain","msg":"Executed insert: INSERT INTO DEVICE_TYPE_CLUSTER (DEVICE_TYPE_REF, CLUSTER_NAME, INCLUDE_CLIENT, INCLUDE_SERVER, LOCK_CLIENT, LOCK_SERVER) VALUES (?,?,?,?,?,?): 102,Over the Air Bootloading,false,false,false,false => rowid: 1303","v":1}
{"level":30,"time":1589725318252,"pid":31073,"hostname":"localhost.localdomain","msg":"Executed insert: INSERT INTO DEVICE_TYPE_CLUSTER (DEVICE_TYPE_REF, CLUSTER_NAME, INCLUDE_CLIENT, INCLUDE_SERVER, LOCK_CLIENT, LOCK_SERVER) VALUES (?,?,?,?,?,?): 102,Partition,false,false,false,false => rowid: 1304","v":1}
{"level":30,"time":1589725318252,"pid":31073,"hostname":"localhost.localdomain","msg":"Preparing statement: INSERT INTO DEVICE_TYPE_ATTRIBUTE (DEVICE_TYPE_CLUSTER_REF, ATTRIBUTE_NAME) VALUES (?, ?) to insert 0 records.","v":1}
{"level":30,"time":1589725318253,"pid":31073,"hostname":"localhost.localdomain","msg":"Preparing statement: INSERT INTO DEVICE_TYPE_COMMAND (DEVICE_TYPE_CLUSTER_REF, COMMAND_NAME) VALUES (?, ?) to insert 0 records.","v":1}
{"level":30,"time":1589725318253,"pid":31073,"hostname":"localhost.localdomain","msg":"Executed insert: INSERT INTO DEVICE_TYPE_CLUSTER (DEVICE_TYPE_REF, CLUSTER_NAME, INCLUDE_CLIENT, INCLUDE_SERVER, LOCK_CLIENT, LOCK_SERVER) VALUES (?,?,?,?,?,?): 106,Basic,false,true,true,true => rowid: 1305","v":1}
{"level":30,"time":1589725318253,"pid":31073,"hostname":"localhost.localdomain","msg":"Executed insert: INSERT INTO DEVICE_TYPE_CLUSTER (DEVICE_TYPE_REF, CLUSTER_NAME, INCLUDE_CLIENT, INCLUDE_SERVER, LOCK_CLIENT, LOCK_SERVER) VALUES (?,?,?,?,?,?): 106,Identify,true,true,true,true => rowid: 1306","v":1}
{"level":30,"time":1589725318253,"pid":31073,"hostname":"localhost.localdomain","msg":"Executed insert: INSERT INTO DEVICE_TYPE_CLUSTER (DEVICE_TYPE_REF, CLUSTER_NAME, INCLUDE_CLIENT, INCLUDE_SERVER, LOCK_CLIENT, LOCK_SERVER) VALUES (?,?,?,?,?,?): 106,Power Configuration,false,false,true,false => rowid: 1307","v":1}
{"level":30,"time":1589725318253,"pid":31073,"hostname":"localhost.localdomain","msg":"Executed insert: INSERT INTO DEVICE_TYPE_CLUSTER (DEVICE_TYPE_REF, CLUSTER_NAME, INCLUDE_CLIENT, INCLUDE_SERVER, LOCK_CLIENT, LOCK_SERVER) VALUES (?,?,?,?,?,?): 106,Device Temperature Configuration,false,false,true,false => rowid: 1308","v":1}
{"level":30,"time":1589725318253,"pid":31073,"hostname":"localhost.localdomain","msg":"Executed insert: INSERT INTO DEVICE_TYPE_CLUSTER (DEVICE_TYPE_REF, CLUSTER_NAME, INCLUDE_CLIENT, INCLUDE_SERVER, LOCK_CLIENT, LOCK_SERVER) VALUES (?,?,?,?,?,?): 106,Alarms,false,false,true,false => rowid: 1309","v":1}
{"level":30,"time":1589725318253,"pid":31073,"hostname":"localhost.localdomain","msg":"Executed insert: INSERT INTO DEVICE_TYPE_CLUSTER (DEVICE_TYPE_REF, CLUSTER_NAME, INCLUDE_CLIENT, INCLUDE_SERVER, LOCK_CLIENT, LOCK_SERVER) VALUES (?,?,?,?,?,?): 106,On/off,true,false,true,true => rowid: 1310","v":1}
{"level":30,"time":1589725318253,"pid":31073,"hostname":"localhost.localdomain","msg":"Executed insert: INSERT INTO DEVICE_TYPE_CLUSTER (DEVICE_TYPE_REF, CLUSTER_NAME, INCLUDE_CLIENT, INCLUDE_SERVER, LOCK_CLIENT, LOCK_SERVER) VALUES (?,?,?,?,?,?): 106,Level control,true,false,true,true => rowid: 1311","v":1}
{"level":30,"time":1589725318253,"pid":31073,"hostname":"localhost.localdomain","msg":"Executed insert: INSERT INTO DEVICE_TYPE_CLUSTER (DEVICE_TYPE_REF, CLUSTER_NAME, INCLUDE_CLIENT, INCLUDE_SERVER, LOCK_CLIENT, LOCK_SERVER) VALUES (?,?,?,?,?,?): 106,Color control,true,false,true,true => rowid: 1312","v":1}
{"level":30,"time":1589725318253,"pid":31073,"hostname":"localhost.localdomain","msg":"Executed insert: INSERT INTO DEVICE_TYPE_CLUSTER (DEVICE_TYPE_REF, CLUSTER_NAME, INCLUDE_CLIENT, INCLUDE_SERVER, LOCK_CLIENT, LOCK_SERVER) VALUES (?,?,?,?,?,?): 106,On/Off Switch Configuration,false,false,true,false => rowid: 1313","v":1}
{"level":30,"time":1589725318253,"pid":31073,"hostname":"localhost.localdomain","msg":"Executed insert: INSERT INTO DEVICE_TYPE_CLUSTER (DEVICE_TYPE_REF, CLUSTER_NAME, INCLUDE_CLIENT, INCLUDE_SERVER, LOCK_CLIENT, LOCK_SERVER) VALUES (?,?,?,?,?,?): 106,Scenes,false,false,false,true => rowid: 1314","v":1}
{"level":30,"time":1589725318253,"pid":31073,"hostname":"localhost.localdomain","msg":"Executed insert: INSERT INTO DEVICE_TYPE_CLUSTER (DEVICE_TYPE_REF, CLUSTER_NAME, INCLUDE_CLIENT, INCLUDE_SERVER, LOCK_CLIENT, LOCK_SERVER) VALUES (?,?,?,?,?,?): 106,Groups,false,false,false,true => rowid: 1315","v":1}
{"level":30,"time":1589725318253,"pid":31073,"hostname":"localhost.localdomain","msg":"Executed insert: INSERT INTO DEVICE_TYPE_CLUSTER (DEVICE_TYPE_REF, CLUSTER_NAME, INCLUDE_CLIENT, INCLUDE_SERVER, LOCK_CLIENT, LOCK_SERVER) VALUES (?,?,?,?,?,?): 106,Poll Control,false,false,true,false => rowid: 1316","v":1}
{"level":30,"time":1589725318253,"pid":31073,"hostname":"localhost.localdomain","msg":"Executed insert: INSERT INTO DEVICE_TYPE_CLUSTER (DEVICE_TYPE_REF, CLUSTER_NAME, INCLUDE_CLIENT, INCLUDE_SERVER, LOCK_CLIENT, LOCK_SERVER) VALUES (?,?,?,?,?,?): 106,Electrical Measurement,false,false,true,false => rowid: 1317","v":1}
{"level":30,"time":1589725318253,"pid":31073,"hostname":"localhost.localdomain","msg":"Executed insert: INSERT INTO DEVICE_TYPE_CLUSTER (DEVICE_TYPE_REF, CLUSTER_NAME, INCLUDE_CLIENT, INCLUDE_SERVER, LOCK_CLIENT, LOCK_SERVER) VALUES (?,?,?,?,?,?): 106,Time,false,false,false,true => rowid: 1318","v":1}
{"level":30,"time":1589725318253,"pid":31073,"hostname":"localhost.localdomain","msg":"Executed insert: INSERT INTO DEVICE_TYPE_CLUSTER (DEVICE_TYPE_REF, CLUSTER_NAME, INCLUDE_CLIENT, INCLUDE_SERVER, LOCK_CLIENT, LOCK_SERVER) VALUES (?,?,?,?,?,?): 106,Over the Air Bootloading,false,false,false,false => rowid: 1319","v":1}
{"level":30,"time":1589725318253,"pid":31073,"hostname":"localhost.localdomain","msg":"Executed insert: INSERT INTO DEVICE_TYPE_CLUSTER (DEVICE_TYPE_REF, CLUSTER_NAME, INCLUDE_CLIENT, INCLUDE_SERVER, LOCK_CLIENT, LOCK_SERVER) VALUES (?,?,?,?,?,?): 106,Partition,false,false,false,false => rowid: 1320","v":1}
{"level":30,"time":1589725318253,"pid":31073,"hostname":"localhost.localdomain","msg":"Preparing statement: INSERT INTO DEVICE_TYPE_ATTRIBUTE (DEVICE_TYPE_CLUSTER_REF, ATTRIBUTE_NAME) VALUES (?, ?) to insert 0 records.","v":1}
{"level":30,"time":1589725318253,"pid":31073,"hostname":"localhost.localdomain","msg":"Preparing statement: INSERT INTO DEVICE_TYPE_COMMAND (DEVICE_TYPE_CLUSTER_REF, COMMAND_NAME) VALUES (?, ?) to insert 0 records.","v":1}
{"level":30,"time":1589725318253,"pid":31073,"hostname":"localhost.localdomain","msg":"Executed insert: INSERT INTO DEVICE_TYPE_CLUSTER (DEVICE_TYPE_REF, CLUSTER_NAME, INCLUDE_CLIENT, INCLUDE_SERVER, LOCK_CLIENT, LOCK_SERVER) VALUES (?,?,?,?,?,?): 110,Basic,false,true,true,true => rowid: 1321","v":1}
{"level":30,"time":1589725318253,"pid":31073,"hostname":"localhost.localdomain","msg":"Executed insert: INSERT INTO DEVICE_TYPE_CLUSTER (DEVICE_TYPE_REF, CLUSTER_NAME, INCLUDE_CLIENT, INCLUDE_SERVER, LOCK_CLIENT, LOCK_SERVER) VALUES (?,?,?,?,?,?): 110,Identify,true,true,true,true => rowid: 1322","v":1}
{"level":30,"time":1589725318253,"pid":31073,"hostname":"localhost.localdomain","msg":"Executed insert: INSERT INTO DEVICE_TYPE_CLUSTER (DEVICE_TYPE_REF, CLUSTER_NAME, INCLUDE_CLIENT, INCLUDE_SERVER, LOCK_CLIENT, LOCK_SERVER) VALUES (?,?,?,?,?,?): 110,Power Configuration,false,false,true,false => rowid: 1323","v":1}
{"level":30,"time":1589725318253,"pid":31073,"hostname":"localhost.localdomain","msg":"Executed insert: INSERT INTO DEVICE_TYPE_CLUSTER (DEVICE_TYPE_REF, CLUSTER_NAME, INCLUDE_CLIENT, INCLUDE_SERVER, LOCK_CLIENT, LOCK_SERVER) VALUES (?,?,?,?,?,?): 110,Device Temperature Configuration,false,false,true,false => rowid: 1324","v":1}
{"level":30,"time":1589725318253,"pid":31073,"hostname":"localhost.localdomain","msg":"Executed insert: INSERT INTO DEVICE_TYPE_CLUSTER (DEVICE_TYPE_REF, CLUSTER_NAME, INCLUDE_CLIENT, INCLUDE_SERVER, LOCK_CLIENT, LOCK_SERVER) VALUES (?,?,?,?,?,?): 110,Alarms,false,false,true,false => rowid: 1325","v":1}
{"level":30,"time":1589725318254,"pid":31073,"hostname":"localhost.localdomain","msg":"Executed insert: INSERT INTO DEVICE_TYPE_CLUSTER (DEVICE_TYPE_REF, CLUSTER_NAME, INCLUDE_CLIENT, INCLUDE_SERVER, LOCK_CLIENT, LOCK_SERVER) VALUES (?,?,?,?,?,?): 110,Illuminance measurement,false,true,true,true => rowid: 1326","v":1}
{"level":30,"time":1589725318254,"pid":31073,"hostname":"localhost.localdomain","msg":"Executed insert: INSERT INTO DEVICE_TYPE_CLUSTER (DEVICE_TYPE_REF, CLUSTER_NAME, INCLUDE_CLIENT, INCLUDE_SERVER, LOCK_CLIENT, LOCK_SERVER) VALUES (?,?,?,?,?,?): 110,Groups,false,false,false,true => rowid: 1327","v":1}
{"level":30,"time":1589725318254,"pid":31073,"hostname":"localhost.localdomain","msg":"Executed insert: INSERT INTO DEVICE_TYPE_CLUSTER (DEVICE_TYPE_REF, CLUSTER_NAME, INCLUDE_CLIENT, INCLUDE_SERVER, LOCK_CLIENT, LOCK_SERVER) VALUES (?,?,?,?,?,?): 110,Poll Control,false,false,true,false => rowid: 1328","v":1}
{"level":30,"time":1589725318254,"pid":31073,"hostname":"localhost.localdomain","msg":"Executed insert: INSERT INTO DEVICE_TYPE_CLUSTER (DEVICE_TYPE_REF, CLUSTER_NAME, INCLUDE_CLIENT, INCLUDE_SERVER, LOCK_CLIENT, LOCK_SERVER) VALUES (?,?,?,?,?,?): 110,Electrical Measurement,false,false,true,false => rowid: 1329","v":1}
{"level":30,"time":1589725318254,"pid":31073,"hostname":"localhost.localdomain","msg":"Executed insert: INSERT INTO DEVICE_TYPE_CLUSTER (DEVICE_TYPE_REF, CLUSTER_NAME, INCLUDE_CLIENT, INCLUDE_SERVER, LOCK_CLIENT, LOCK_SERVER) VALUES (?,?,?,?,?,?): 110,Time,false,false,false,true => rowid: 1330","v":1}
{"level":30,"time":1589725318254,"pid":31073,"hostname":"localhost.localdomain","msg":"Executed insert: INSERT INTO DEVICE_TYPE_CLUSTER (DEVICE_TYPE_REF, CLUSTER_NAME, INCLUDE_CLIENT, INCLUDE_SERVER, LOCK_CLIENT, LOCK_SERVER) VALUES (?,?,?,?,?,?): 110,Over the Air Bootloading,false,false,false,false => rowid: 1331","v":1}
{"level":30,"time":1589725318254,"pid":31073,"hostname":"localhost.localdomain","msg":"Executed insert: INSERT INTO DEVICE_TYPE_CLUSTER (DEVICE_TYPE_REF, CLUSTER_NAME, INCLUDE_CLIENT, INCLUDE_SERVER, LOCK_CLIENT, LOCK_SERVER) VALUES (?,?,?,?,?,?): 110,Partition,false,false,false,false => rowid: 1332","v":1}
{"level":30,"time":1589725318254,"pid":31073,"hostname":"localhost.localdomain","msg":"Preparing statement: INSERT INTO DEVICE_TYPE_ATTRIBUTE (DEVICE_TYPE_CLUSTER_REF, ATTRIBUTE_NAME) VALUES (?, ?) to insert 0 records.","v":1}
{"level":30,"time":1589725318254,"pid":31073,"hostname":"localhost.localdomain","msg":"Preparing statement: INSERT INTO DEVICE_TYPE_COMMAND (DEVICE_TYPE_CLUSTER_REF, COMMAND_NAME) VALUES (?, ?) to insert 0 records.","v":1}
{"level":30,"time":1589725318254,"pid":31073,"hostname":"localhost.localdomain","msg":"Executed insert: INSERT INTO DEVICE_TYPE_CLUSTER (DEVICE_TYPE_REF, CLUSTER_NAME, INCLUDE_CLIENT, INCLUDE_SERVER, LOCK_CLIENT, LOCK_SERVER) VALUES (?,?,?,?,?,?): 113,Basic,false,true,true,true => rowid: 1333","v":1}
{"level":30,"time":1589725318254,"pid":31073,"hostname":"localhost.localdomain","msg":"Executed insert: INSERT INTO DEVICE_TYPE_CLUSTER (DEVICE_TYPE_REF, CLUSTER_NAME, INCLUDE_CLIENT, INCLUDE_SERVER, LOCK_CLIENT, LOCK_SERVER) VALUES (?,?,?,?,?,?): 113,Identify,true,true,true,true => rowid: 1334","v":1}
{"level":30,"time":1589725318254,"pid":31073,"hostname":"localhost.localdomain","msg":"Executed insert: INSERT INTO DEVICE_TYPE_CLUSTER (DEVICE_TYPE_REF, CLUSTER_NAME, INCLUDE_CLIENT, INCLUDE_SERVER, LOCK_CLIENT, LOCK_SERVER) VALUES (?,?,?,?,?,?): 113,Power Configuration,false,false,true,false => rowid: 1335","v":1}
{"level":30,"time":1589725318254,"pid":31073,"hostname":"localhost.localdomain","msg":"Executed insert: INSERT INTO DEVICE_TYPE_CLUSTER (DEVICE_TYPE_REF, CLUSTER_NAME, INCLUDE_CLIENT, INCLUDE_SERVER, LOCK_CLIENT, LOCK_SERVER) VALUES (?,?,?,?,?,?): 113,Device Temperature Configuration,false,false,true,false => rowid: 1336","v":1}
{"level":30,"time":1589725318254,"pid":31073,"hostname":"localhost.localdomain","msg":"Executed insert: INSERT INTO DEVICE_TYPE_CLUSTER (DEVICE_TYPE_REF, CLUSTER_NAME, INCLUDE_CLIENT, INCLUDE_SERVER, LOCK_CLIENT, LOCK_SERVER) VALUES (?,?,?,?,?,?): 113,Alarms,false,false,true,false => rowid: 1337","v":1}
{"level":30,"time":1589725318254,"pid":31073,"hostname":"localhost.localdomain","msg":"Executed insert: INSERT INTO DEVICE_TYPE_CLUSTER (DEVICE_TYPE_REF, CLUSTER_NAME, INCLUDE_CLIENT, INCLUDE_SERVER, LOCK_CLIENT, LOCK_SERVER) VALUES (?,?,?,?,?,?): 113,Occupancy Sensing,false,true,true,true => rowid: 1338","v":1}
{"level":30,"time":1589725318254,"pid":31073,"hostname":"localhost.localdomain","msg":"Executed insert: INSERT INTO DEVICE_TYPE_CLUSTER (DEVICE_TYPE_REF, CLUSTER_NAME, INCLUDE_CLIENT, INCLUDE_SERVER, LOCK_CLIENT, LOCK_SERVER) VALUES (?,?,?,?,?,?): 113,Groups,false,false,false,true => rowid: 1339","v":1}
{"level":30,"time":1589725318254,"pid":31073,"hostname":"localhost.localdomain","msg":"Executed insert: INSERT INTO DEVICE_TYPE_CLUSTER (DEVICE_TYPE_REF, CLUSTER_NAME, INCLUDE_CLIENT, INCLUDE_SERVER, LOCK_CLIENT, LOCK_SERVER) VALUES (?,?,?,?,?,?): 113,Poll Control,false,false,true,false => rowid: 1340","v":1}
{"level":30,"time":1589725318254,"pid":31073,"hostname":"localhost.localdomain","msg":"Executed insert: INSERT INTO DEVICE_TYPE_CLUSTER (DEVICE_TYPE_REF, CLUSTER_NAME, INCLUDE_CLIENT, INCLUDE_SERVER, LOCK_CLIENT, LOCK_SERVER) VALUES (?,?,?,?,?,?): 113,Electrical Measurement,false,false,true,false => rowid: 1341","v":1}
{"level":30,"time":1589725318254,"pid":31073,"hostname":"localhost.localdomain","msg":"Executed insert: INSERT INTO DEVICE_TYPE_CLUSTER (DEVICE_TYPE_REF, CLUSTER_NAME, INCLUDE_CLIENT, INCLUDE_SERVER, LOCK_CLIENT, LOCK_SERVER) VALUES (?,?,?,?,?,?): 113,Time,false,false,false,true => rowid: 1342","v":1}
{"level":30,"time":1589725318254,"pid":31073,"hostname":"localhost.localdomain","msg":"Executed insert: INSERT INTO DEVICE_TYPE_CLUSTER (DEVICE_TYPE_REF, CLUSTER_NAME, INCLUDE_CLIENT, INCLUDE_SERVER, LOCK_CLIENT, LOCK_SERVER) VALUES (?,?,?,?,?,?): 113,Over the Air Bootloading,false,false,false,false => rowid: 1343","v":1}
{"level":30,"time":1589725318254,"pid":31073,"hostname":"localhost.localdomain","msg":"Executed insert: INSERT INTO DEVICE_TYPE_CLUSTER (DEVICE_TYPE_REF, CLUSTER_NAME, INCLUDE_CLIENT, INCLUDE_SERVER, LOCK_CLIENT, LOCK_SERVER) VALUES (?,?,?,?,?,?): 113,Partition,false,false,false,false => rowid: 1344","v":1}
{"level":30,"time":1589725318254,"pid":31073,"hostname":"localhost.localdomain","msg":"Preparing statement: INSERT INTO DEVICE_TYPE_ATTRIBUTE (DEVICE_TYPE_CLUSTER_REF, ATTRIBUTE_NAME) VALUES (?, ?) to insert 0 records.","v":1}
{"level":30,"time":1589725318254,"pid":31073,"hostname":"localhost.localdomain","msg":"Preparing statement: INSERT INTO DEVICE_TYPE_COMMAND (DEVICE_TYPE_CLUSTER_REF, COMMAND_NAME) VALUES (?, ?) to insert 0 records.","v":1}
{"level":30,"time":1589725318254,"pid":31073,"hostname":"localhost.localdomain","msg":"Executed insert: INSERT INTO DEVICE_TYPE_CLUSTER (DEVICE_TYPE_REF, CLUSTER_NAME, INCLUDE_CLIENT, INCLUDE_SERVER, LOCK_CLIENT, LOCK_SERVER) VALUES (?,?,?,?,?,?): 115,Basic,false,true,true,true => rowid: 1345","v":1}
{"level":30,"time":1589725318254,"pid":31073,"hostname":"localhost.localdomain","msg":"Executed insert: INSERT INTO DEVICE_TYPE_CLUSTER (DEVICE_TYPE_REF, CLUSTER_NAME, INCLUDE_CLIENT, INCLUDE_SERVER, LOCK_CLIENT, LOCK_SERVER) VALUES (?,?,?,?,?,?): 115,Identify,true,true,true,true => rowid: 1346","v":1}
{"level":30,"time":1589725318255,"pid":31073,"hostname":"localhost.localdomain","msg":"Executed insert: INSERT INTO DEVICE_TYPE_CLUSTER (DEVICE_TYPE_REF, CLUSTER_NAME, INCLUDE_CLIENT, INCLUDE_SERVER, LOCK_CLIENT, LOCK_SERVER) VALUES (?,?,?,?,?,?): 115,Power Configuration,false,false,true,false => rowid: 1347","v":1}
{"level":30,"time":1589725318255,"pid":31073,"hostname":"localhost.localdomain","msg":"Executed insert: INSERT INTO DEVICE_TYPE_CLUSTER (DEVICE_TYPE_REF, CLUSTER_NAME, INCLUDE_CLIENT, INCLUDE_SERVER, LOCK_CLIENT, LOCK_SERVER) VALUES (?,?,?,?,?,?): 115,Device Temperature Configuration,false,false,true,false => rowid: 1348","v":1}
{"level":30,"time":1589725318255,"pid":31073,"hostname":"localhost.localdomain","msg":"Executed insert: INSERT INTO DEVICE_TYPE_CLUSTER (DEVICE_TYPE_REF, CLUSTER_NAME, INCLUDE_CLIENT, INCLUDE_SERVER, LOCK_CLIENT, LOCK_SERVER) VALUES (?,?,?,?,?,?): 115,Alarms,false,false,true,false => rowid: 1349","v":1}
{"level":30,"time":1589725318255,"pid":31073,"hostname":"localhost.localdomain","msg":"Executed insert: INSERT INTO DEVICE_TYPE_CLUSTER (DEVICE_TYPE_REF, CLUSTER_NAME, INCLUDE_CLIENT, INCLUDE_SERVER, LOCK_CLIENT, LOCK_SERVER) VALUES (?,?,?,?,?,?): 115,Shade configuration,false,true,true,true => rowid: 1350","v":1}
{"level":30,"time":1589725318255,"pid":31073,"hostname":"localhost.localdomain","msg":"Executed insert: INSERT INTO DEVICE_TYPE_CLUSTER (DEVICE_TYPE_REF, CLUSTER_NAME, INCLUDE_CLIENT, INCLUDE_SERVER, LOCK_CLIENT, LOCK_SERVER) VALUES (?,?,?,?,?,?): 115,On/off,false,true,true,true => rowid: 1351","v":1}
{"level":30,"time":1589725318255,"pid":31073,"hostname":"localhost.localdomain","msg":"Executed insert: INSERT INTO DEVICE_TYPE_CLUSTER (DEVICE_TYPE_REF, CLUSTER_NAME, INCLUDE_CLIENT, INCLUDE_SERVER, LOCK_CLIENT, LOCK_SERVER) VALUES (?,?,?,?,?,?): 115,Level control,false,true,true,true => rowid: 1352","v":1}
{"level":30,"time":1589725318255,"pid":31073,"hostname":"localhost.localdomain","msg":"Executed insert: INSERT INTO DEVICE_TYPE_CLUSTER (DEVICE_TYPE_REF, CLUSTER_NAME, INCLUDE_CLIENT, INCLUDE_SERVER, LOCK_CLIENT, LOCK_SERVER) VALUES (?,?,?,?,?,?): 115,Scenes,false,true,true,true => rowid: 1353","v":1}
{"level":30,"time":1589725318255,"pid":31073,"hostname":"localhost.localdomain","msg":"Executed insert: INSERT INTO DEVICE_TYPE_CLUSTER (DEVICE_TYPE_REF, CLUSTER_NAME, INCLUDE_CLIENT, INCLUDE_SERVER, LOCK_CLIENT, LOCK_SERVER) VALUES (?,?,?,?,?,?): 115,Groups,false,true,true,true => rowid: 1354","v":1}
{"level":30,"time":1589725318255,"pid":31073,"hostname":"localhost.localdomain","msg":"Executed insert: INSERT INTO DEVICE_TYPE_CLUSTER (DEVICE_TYPE_REF, CLUSTER_NAME, INCLUDE_CLIENT, INCLUDE_SERVER, LOCK_CLIENT, LOCK_SERVER) VALUES (?,?,?,?,?,?): 115,Poll Control,false,false,true,false => rowid: 1355","v":1}
{"level":30,"time":1589725318255,"pid":31073,"hostname":"localhost.localdomain","msg":"Executed insert: INSERT INTO DEVICE_TYPE_CLUSTER (DEVICE_TYPE_REF, CLUSTER_NAME, INCLUDE_CLIENT, INCLUDE_SERVER, LOCK_CLIENT, LOCK_SERVER) VALUES (?,?,?,?,?,?): 115,Electrical Measurement,false,false,true,false => rowid: 1356","v":1}
{"level":30,"time":1589725318255,"pid":31073,"hostname":"localhost.localdomain","msg":"Executed insert: INSERT INTO DEVICE_TYPE_CLUSTER (DEVICE_TYPE_REF, CLUSTER_NAME, INCLUDE_CLIENT, INCLUDE_SERVER, LOCK_CLIENT, LOCK_SERVER) VALUES (?,?,?,?,?,?): 115,Time,false,false,false,true => rowid: 1357","v":1}
{"level":30,"time":1589725318255,"pid":31073,"hostname":"localhost.localdomain","msg":"Executed insert: INSERT INTO DEVICE_TYPE_CLUSTER (DEVICE_TYPE_REF, CLUSTER_NAME, INCLUDE_CLIENT, INCLUDE_SERVER, LOCK_CLIENT, LOCK_SERVER) VALUES (?,?,?,?,?,?): 115,Over the Air Bootloading,false,false,false,false => rowid: 1358","v":1}
{"level":30,"time":1589725318255,"pid":31073,"hostname":"localhost.localdomain","msg":"Executed insert: INSERT INTO DEVICE_TYPE_CLUSTER (DEVICE_TYPE_REF, CLUSTER_NAME, INCLUDE_CLIENT, INCLUDE_SERVER, LOCK_CLIENT, LOCK_SERVER) VALUES (?,?,?,?,?,?): 115,Partition,false,false,false,false => rowid: 1359","v":1}
{"level":30,"time":1589725318255,"pid":31073,"hostname":"localhost.localdomain","msg":"Preparing statement: INSERT INTO DEVICE_TYPE_ATTRIBUTE (DEVICE_TYPE_CLUSTER_REF, ATTRIBUTE_NAME) VALUES (?, ?) to insert 0 records.","v":1}
{"level":30,"time":1589725318255,"pid":31073,"hostname":"localhost.localdomain","msg":"Preparing statement: INSERT INTO DEVICE_TYPE_COMMAND (DEVICE_TYPE_CLUSTER_REF, COMMAND_NAME) VALUES (?, ?) to insert 0 records.","v":1}
{"level":30,"time":1589725318255,"pid":31073,"hostname":"localhost.localdomain","msg":"Executed insert: INSERT INTO DEVICE_TYPE_CLUSTER (DEVICE_TYPE_REF, CLUSTER_NAME, INCLUDE_CLIENT, INCLUDE_SERVER, LOCK_CLIENT, LOCK_SERVER) VALUES (?,?,?,?,?,?): 118,Basic,false,true,true,true => rowid: 1360","v":1}
{"level":30,"time":1589725318255,"pid":31073,"hostname":"localhost.localdomain","msg":"Executed insert: INSERT INTO DEVICE_TYPE_CLUSTER (DEVICE_TYPE_REF, CLUSTER_NAME, INCLUDE_CLIENT, INCLUDE_SERVER, LOCK_CLIENT, LOCK_SERVER) VALUES (?,?,?,?,?,?): 118,Identify,true,true,true,true => rowid: 1361","v":1}
{"level":30,"time":1589725318255,"pid":31073,"hostname":"localhost.localdomain","msg":"Executed insert: INSERT INTO DEVICE_TYPE_CLUSTER (DEVICE_TYPE_REF, CLUSTER_NAME, INCLUDE_CLIENT, INCLUDE_SERVER, LOCK_CLIENT, LOCK_SERVER) VALUES (?,?,?,?,?,?): 118,Power Configuration,false,false,true,false => rowid: 1362","v":1}
{"level":30,"time":1589725318255,"pid":31073,"hostname":"localhost.localdomain","msg":"Executed insert: INSERT INTO DEVICE_TYPE_CLUSTER (DEVICE_TYPE_REF, CLUSTER_NAME, INCLUDE_CLIENT, INCLUDE_SERVER, LOCK_CLIENT, LOCK_SERVER) VALUES (?,?,?,?,?,?): 118,Device Temperature Configuration,false,false,true,false => rowid: 1363","v":1}
{"level":30,"time":1589725318255,"pid":31073,"hostname":"localhost.localdomain","msg":"Executed insert: INSERT INTO DEVICE_TYPE_CLUSTER (DEVICE_TYPE_REF, CLUSTER_NAME, INCLUDE_CLIENT, INCLUDE_SERVER, LOCK_CLIENT, LOCK_SERVER) VALUES (?,?,?,?,?,?): 118,Alarms,false,false,true,false => rowid: 1364","v":1}
{"level":30,"time":1589725318255,"pid":31073,"hostname":"localhost.localdomain","msg":"Executed insert: INSERT INTO DEVICE_TYPE_CLUSTER (DEVICE_TYPE_REF, CLUSTER_NAME, INCLUDE_CLIENT, INCLUDE_SERVER, LOCK_CLIENT, LOCK_SERVER) VALUES (?,?,?,?,?,?): 118,On/off,true,false,true,true => rowid: 1365","v":1}
{"level":30,"time":1589725318255,"pid":31073,"hostname":"localhost.localdomain","msg":"Executed insert: INSERT INTO DEVICE_TYPE_CLUSTER (DEVICE_TYPE_REF, CLUSTER_NAME, INCLUDE_CLIENT, INCLUDE_SERVER, LOCK_CLIENT, LOCK_SERVER) VALUES (?,?,?,?,?,?): 118,Level control,true,false,true,true => rowid: 1366","v":1}
{"level":30,"time":1589725318255,"pid":31073,"hostname":"localhost.localdomain","msg":"Executed insert: INSERT INTO DEVICE_TYPE_CLUSTER (DEVICE_TYPE_REF, CLUSTER_NAME, INCLUDE_CLIENT, INCLUDE_SERVER, LOCK_CLIENT, LOCK_SERVER) VALUES (?,?,?,?,?,?): 118,Shade configuration,false,false,false,true => rowid: 1367","v":1}
{"level":30,"time":1589725318255,"pid":31073,"hostname":"localhost.localdomain","msg":"Executed insert: INSERT INTO DEVICE_TYPE_CLUSTER (DEVICE_TYPE_REF, CLUSTER_NAME, INCLUDE_CLIENT, INCLUDE_SERVER, LOCK_CLIENT, LOCK_SERVER) VALUES (?,?,?,?,?,?): 118,Scenes,false,false,false,true => rowid: 1368","v":1}
{"level":30,"time":1589725318256,"pid":31073,"hostname":"localhost.localdomain","msg":"Executed insert: INSERT INTO DEVICE_TYPE_CLUSTER (DEVICE_TYPE_REF, CLUSTER_NAME, INCLUDE_CLIENT, INCLUDE_SERVER, LOCK_CLIENT, LOCK_SERVER) VALUES (?,?,?,?,?,?): 118,Groups,false,false,false,true => rowid: 1369","v":1}
{"level":30,"time":1589725318256,"pid":31073,"hostname":"localhost.localdomain","msg":"Executed insert: INSERT INTO DEVICE_TYPE_CLUSTER (DEVICE_TYPE_REF, CLUSTER_NAME, INCLUDE_CLIENT, INCLUDE_SERVER, LOCK_CLIENT, LOCK_SERVER) VALUES (?,?,?,?,?,?): 118,Poll Control,false,false,true,false => rowid: 1370","v":1}
{"level":30,"time":1589725318256,"pid":31073,"hostname":"localhost.localdomain","msg":"Executed insert: INSERT INTO DEVICE_TYPE_CLUSTER (DEVICE_TYPE_REF, CLUSTER_NAME, INCLUDE_CLIENT, INCLUDE_SERVER, LOCK_CLIENT, LOCK_SERVER) VALUES (?,?,?,?,?,?): 118,Electrical Measurement,false,false,true,false => rowid: 1371","v":1}
{"level":30,"time":1589725318256,"pid":31073,"hostname":"localhost.localdomain","msg":"Executed insert: INSERT INTO DEVICE_TYPE_CLUSTER (DEVICE_TYPE_REF, CLUSTER_NAME, INCLUDE_CLIENT, INCLUDE_SERVER, LOCK_CLIENT, LOCK_SERVER) VALUES (?,?,?,?,?,?): 118,Time,false,false,false,true => rowid: 1372","v":1}
{"level":30,"time":1589725318256,"pid":31073,"hostname":"localhost.localdomain","msg":"Executed insert: INSERT INTO DEVICE_TYPE_CLUSTER (DEVICE_TYPE_REF, CLUSTER_NAME, INCLUDE_CLIENT, INCLUDE_SERVER, LOCK_CLIENT, LOCK_SERVER) VALUES (?,?,?,?,?,?): 118,Over the Air Bootloading,false,false,false,false => rowid: 1373","v":1}
{"level":30,"time":1589725318256,"pid":31073,"hostname":"localhost.localdomain","msg":"Executed insert: INSERT INTO DEVICE_TYPE_CLUSTER (DEVICE_TYPE_REF, CLUSTER_NAME, INCLUDE_CLIENT, INCLUDE_SERVER, LOCK_CLIENT, LOCK_SERVER) VALUES (?,?,?,?,?,?): 118,Partition,false,false,false,false => rowid: 1374","v":1}
{"level":30,"time":1589725318256,"pid":31073,"hostname":"localhost.localdomain","msg":"Preparing statement: INSERT INTO DEVICE_TYPE_ATTRIBUTE (DEVICE_TYPE_CLUSTER_REF, ATTRIBUTE_NAME) VALUES (?, ?) to insert 0 records.","v":1}
{"level":30,"time":1589725318256,"pid":31073,"hostname":"localhost.localdomain","msg":"Preparing statement: INSERT INTO DEVICE_TYPE_COMMAND (DEVICE_TYPE_CLUSTER_REF, COMMAND_NAME) VALUES (?, ?) to insert 0 records.","v":1}
{"level":30,"time":1589725318256,"pid":31073,"hostname":"localhost.localdomain","msg":"Executed insert: INSERT INTO DEVICE_TYPE_CLUSTER (DEVICE_TYPE_REF, CLUSTER_NAME, INCLUDE_CLIENT, INCLUDE_SERVER, LOCK_CLIENT, LOCK_SERVER) VALUES (?,?,?,?,?,?): 121,Basic,false,true,true,true => rowid: 1375","v":1}
{"level":30,"time":1589725318256,"pid":31073,"hostname":"localhost.localdomain","msg":"Executed insert: INSERT INTO DEVICE_TYPE_CLUSTER (DEVICE_TYPE_REF, CLUSTER_NAME, INCLUDE_CLIENT, INCLUDE_SERVER, LOCK_CLIENT, LOCK_SERVER) VALUES (?,?,?,?,?,?): 121,Identify,true,true,true,true => rowid: 1376","v":1}
{"level":30,"time":1589725318256,"pid":31073,"hostname":"localhost.localdomain","msg":"Executed insert: INSERT INTO DEVICE_TYPE_CLUSTER (DEVICE_TYPE_REF, CLUSTER_NAME, INCLUDE_CLIENT, INCLUDE_SERVER, LOCK_CLIENT, LOCK_SERVER) VALUES (?,?,?,?,?,?): 121,Power Configuration,false,false,true,false => rowid: 1377","v":1}
{"level":30,"time":1589725318256,"pid":31073,"hostname":"localhost.localdomain","msg":"Executed insert: INSERT INTO DEVICE_TYPE_CLUSTER (DEVICE_TYPE_REF, CLUSTER_NAME, INCLUDE_CLIENT, INCLUDE_SERVER, LOCK_CLIENT, LOCK_SERVER) VALUES (?,?,?,?,?,?): 121,Device Temperature Configuration,false,false,true,false => rowid: 1378","v":1}
{"level":30,"time":1589725318256,"pid":31073,"hostname":"localhost.localdomain","msg":"Executed insert: INSERT INTO DEVICE_TYPE_CLUSTER (DEVICE_TYPE_REF, CLUSTER_NAME, INCLUDE_CLIENT, INCLUDE_SERVER, LOCK_CLIENT, LOCK_SERVER) VALUES (?,?,?,?,?,?): 121,Alarms,false,false,true,false => rowid: 1379","v":1}
{"level":30,"time":1589725318256,"pid":31073,"hostname":"localhost.localdomain","msg":"Executed insert: INSERT INTO DEVICE_TYPE_CLUSTER (DEVICE_TYPE_REF, CLUSTER_NAME, INCLUDE_CLIENT, INCLUDE_SERVER, LOCK_CLIENT, LOCK_SERVER) VALUES (?,?,?,?,?,?): 121,Window Covering,false,true,true,true => rowid: 1380","v":1}
{"level":30,"time":1589725318256,"pid":31073,"hostname":"localhost.localdomain","msg":"Executed insert: INSERT INTO DEVICE_TYPE_CLUSTER (DEVICE_TYPE_REF, CLUSTER_NAME, INCLUDE_CLIENT, INCLUDE_SERVER, LOCK_CLIENT, LOCK_SERVER) VALUES (?,?,?,?,?,?): 121,Scenes,false,true,true,true => rowid: 1381","v":1}
{"level":30,"time":1589725318256,"pid":31073,"hostname":"localhost.localdomain","msg":"Executed insert: INSERT INTO DEVICE_TYPE_CLUSTER (DEVICE_TYPE_REF, CLUSTER_NAME, INCLUDE_CLIENT, INCLUDE_SERVER, LOCK_CLIENT, LOCK_SERVER) VALUES (?,?,?,?,?,?): 121,Groups,false,true,true,true => rowid: 1382","v":1}
{"level":30,"time":1589725318256,"pid":31073,"hostname":"localhost.localdomain","msg":"Executed insert: INSERT INTO DEVICE_TYPE_CLUSTER (DEVICE_TYPE_REF, CLUSTER_NAME, INCLUDE_CLIENT, INCLUDE_SERVER, LOCK_CLIENT, LOCK_SERVER) VALUES (?,?,?,?,?,?): 121,Poll Control,false,false,true,false => rowid: 1383","v":1}
{"level":30,"time":1589725318256,"pid":31073,"hostname":"localhost.localdomain","msg":"Executed insert: INSERT INTO DEVICE_TYPE_CLUSTER (DEVICE_TYPE_REF, CLUSTER_NAME, INCLUDE_CLIENT, INCLUDE_SERVER, LOCK_CLIENT, LOCK_SERVER) VALUES (?,?,?,?,?,?): 121,Electrical Measurement,false,false,true,false => rowid: 1384","v":1}
{"level":30,"time":1589725318256,"pid":31073,"hostname":"localhost.localdomain","msg":"Executed insert: INSERT INTO DEVICE_TYPE_CLUSTER (DEVICE_TYPE_REF, CLUSTER_NAME, INCLUDE_CLIENT, INCLUDE_SERVER, LOCK_CLIENT, LOCK_SERVER) VALUES (?,?,?,?,?,?): 121,Time,false,false,false,true => rowid: 1385","v":1}
{"level":30,"time":1589725318256,"pid":31073,"hostname":"localhost.localdomain","msg":"Executed insert: INSERT INTO DEVICE_TYPE_CLUSTER (DEVICE_TYPE_REF, CLUSTER_NAME, INCLUDE_CLIENT, INCLUDE_SERVER, LOCK_CLIENT, LOCK_SERVER) VALUES (?,?,?,?,?,?): 121,Over the Air Bootloading,false,false,false,false => rowid: 1386","v":1}
{"level":30,"time":1589725318256,"pid":31073,"hostname":"localhost.localdomain","msg":"Executed insert: INSERT INTO DEVICE_TYPE_CLUSTER (DEVICE_TYPE_REF, CLUSTER_NAME, INCLUDE_CLIENT, INCLUDE_SERVER, LOCK_CLIENT, LOCK_SERVER) VALUES (?,?,?,?,?,?): 121,Partition,false,false,false,false => rowid: 1387","v":1}
{"level":30,"time":1589725318256,"pid":31073,"hostname":"localhost.localdomain","msg":"Preparing statement: INSERT INTO DEVICE_TYPE_ATTRIBUTE (DEVICE_TYPE_CLUSTER_REF, ATTRIBUTE_NAME) VALUES (?, ?) to insert 0 records.","v":1}
{"level":30,"time":1589725318256,"pid":31073,"hostname":"localhost.localdomain","msg":"Preparing statement: INSERT INTO DEVICE_TYPE_COMMAND (DEVICE_TYPE_CLUSTER_REF, COMMAND_NAME) VALUES (?, ?) to insert 0 records.","v":1}
{"level":30,"time":1589725318257,"pid":31073,"hostname":"localhost.localdomain","msg":"Executed insert: INSERT INTO DEVICE_TYPE_CLUSTER (DEVICE_TYPE_REF, CLUSTER_NAME, INCLUDE_CLIENT, INCLUDE_SERVER, LOCK_CLIENT, LOCK_SERVER) VALUES (?,?,?,?,?,?): 124,Basic,false,true,true,true => rowid: 1388","v":1}
{"level":30,"time":1589725318257,"pid":31073,"hostname":"localhost.localdomain","msg":"Executed insert: INSERT INTO DEVICE_TYPE_CLUSTER (DEVICE_TYPE_REF, CLUSTER_NAME, INCLUDE_CLIENT, INCLUDE_SERVER, LOCK_CLIENT, LOCK_SERVER) VALUES (?,?,?,?,?,?): 124,Identify,true,true,true,true => rowid: 1389","v":1}
{"level":30,"time":1589725318257,"pid":31073,"hostname":"localhost.localdomain","msg":"Executed insert: INSERT INTO DEVICE_TYPE_CLUSTER (DEVICE_TYPE_REF, CLUSTER_NAME, INCLUDE_CLIENT, INCLUDE_SERVER, LOCK_CLIENT, LOCK_SERVER) VALUES (?,?,?,?,?,?): 124,Power Configuration,false,false,true,false => rowid: 1390","v":1}
{"level":30,"time":1589725318257,"pid":31073,"hostname":"localhost.localdomain","msg":"Executed insert: INSERT INTO DEVICE_TYPE_CLUSTER (DEVICE_TYPE_REF, CLUSTER_NAME, INCLUDE_CLIENT, INCLUDE_SERVER, LOCK_CLIENT, LOCK_SERVER) VALUES (?,?,?,?,?,?): 124,Device Temperature Configuration,false,false,true,false => rowid: 1391","v":1}
{"level":30,"time":1589725318257,"pid":31073,"hostname":"localhost.localdomain","msg":"Executed insert: INSERT INTO DEVICE_TYPE_CLUSTER (DEVICE_TYPE_REF, CLUSTER_NAME, INCLUDE_CLIENT, INCLUDE_SERVER, LOCK_CLIENT, LOCK_SERVER) VALUES (?,?,?,?,?,?): 124,Alarms,false,false,true,false => rowid: 1392","v":1}
{"level":30,"time":1589725318257,"pid":31073,"hostname":"localhost.localdomain","msg":"Executed insert: INSERT INTO DEVICE_TYPE_CLUSTER (DEVICE_TYPE_REF, CLUSTER_NAME, INCLUDE_CLIENT, INCLUDE_SERVER, LOCK_CLIENT, LOCK_SERVER) VALUES (?,?,?,?,?,?): 124,Window Covering,true,false,true,true => rowid: 1393","v":1}
{"level":30,"time":1589725318257,"pid":31073,"hostname":"localhost.localdomain","msg":"Executed insert: INSERT INTO DEVICE_TYPE_CLUSTER (DEVICE_TYPE_REF, CLUSTER_NAME, INCLUDE_CLIENT, INCLUDE_SERVER, LOCK_CLIENT, LOCK_SERVER) VALUES (?,?,?,?,?,?): 124,Scenes,false,false,false,true => rowid: 1394","v":1}
{"level":30,"time":1589725318257,"pid":31073,"hostname":"localhost.localdomain","msg":"Executed insert: INSERT INTO DEVICE_TYPE_CLUSTER (DEVICE_TYPE_REF, CLUSTER_NAME, INCLUDE_CLIENT, INCLUDE_SERVER, LOCK_CLIENT, LOCK_SERVER) VALUES (?,?,?,?,?,?): 124,Groups,false,false,false,true => rowid: 1395","v":1}
{"level":30,"time":1589725318257,"pid":31073,"hostname":"localhost.localdomain","msg":"Executed insert: INSERT INTO DEVICE_TYPE_CLUSTER (DEVICE_TYPE_REF, CLUSTER_NAME, INCLUDE_CLIENT, INCLUDE_SERVER, LOCK_CLIENT, LOCK_SERVER) VALUES (?,?,?,?,?,?): 124,Poll Control,false,false,true,false => rowid: 1396","v":1}
{"level":30,"time":1589725318257,"pid":31073,"hostname":"localhost.localdomain","msg":"Executed insert: INSERT INTO DEVICE_TYPE_CLUSTER (DEVICE_TYPE_REF, CLUSTER_NAME, INCLUDE_CLIENT, INCLUDE_SERVER, LOCK_CLIENT, LOCK_SERVER) VALUES (?,?,?,?,?,?): 124,Electrical Measurement,false,false,true,false => rowid: 1397","v":1}
{"level":30,"time":1589725318257,"pid":31073,"hostname":"localhost.localdomain","msg":"Executed insert: INSERT INTO DEVICE_TYPE_CLUSTER (DEVICE_TYPE_REF, CLUSTER_NAME, INCLUDE_CLIENT, INCLUDE_SERVER, LOCK_CLIENT, LOCK_SERVER) VALUES (?,?,?,?,?,?): 124,Time,false,false,false,true => rowid: 1398","v":1}
{"level":30,"time":1589725318257,"pid":31073,"hostname":"localhost.localdomain","msg":"Executed insert: INSERT INTO DEVICE_TYPE_CLUSTER (DEVICE_TYPE_REF, CLUSTER_NAME, INCLUDE_CLIENT, INCLUDE_SERVER, LOCK_CLIENT, LOCK_SERVER) VALUES (?,?,?,?,?,?): 124,Over the Air Bootloading,false,false,false,false => rowid: 1399","v":1}
{"level":30,"time":1589725318257,"pid":31073,"hostname":"localhost.localdomain","msg":"Executed insert: INSERT INTO DEVICE_TYPE_CLUSTER (DEVICE_TYPE_REF, CLUSTER_NAME, INCLUDE_CLIENT, INCLUDE_SERVER, LOCK_CLIENT, LOCK_SERVER) VALUES (?,?,?,?,?,?): 124,Partition,false,false,false,false => rowid: 1400","v":1}
{"level":30,"time":1589725318257,"pid":31073,"hostname":"localhost.localdomain","msg":"Preparing statement: INSERT INTO DEVICE_TYPE_ATTRIBUTE (DEVICE_TYPE_CLUSTER_REF, ATTRIBUTE_NAME) VALUES (?, ?) to insert 0 records.","v":1}
{"level":30,"time":1589725318257,"pid":31073,"hostname":"localhost.localdomain","msg":"Preparing statement: INSERT INTO DEVICE_TYPE_COMMAND (DEVICE_TYPE_CLUSTER_REF, COMMAND_NAME) VALUES (?, ?) to insert 0 records.","v":1}
{"level":30,"time":1589725318257,"pid":31073,"hostname":"localhost.localdomain","msg":"Executed insert: INSERT INTO DEVICE_TYPE_CLUSTER (DEVICE_TYPE_REF, CLUSTER_NAME, INCLUDE_CLIENT, INCLUDE_SERVER, LOCK_CLIENT, LOCK_SERVER) VALUES (?,?,?,?,?,?): 127,Basic,false,true,true,true => rowid: 1401","v":1}
{"level":30,"time":1589725318257,"pid":31073,"hostname":"localhost.localdomain","msg":"Executed insert: INSERT INTO DEVICE_TYPE_CLUSTER (DEVICE_TYPE_REF, CLUSTER_NAME, INCLUDE_CLIENT, INCLUDE_SERVER, LOCK_CLIENT, LOCK_SERVER) VALUES (?,?,?,?,?,?): 127,Identify,true,true,true,true => rowid: 1402","v":1}
{"level":30,"time":1589725318257,"pid":31073,"hostname":"localhost.localdomain","msg":"Executed insert: INSERT INTO DEVICE_TYPE_CLUSTER (DEVICE_TYPE_REF, CLUSTER_NAME, INCLUDE_CLIENT, INCLUDE_SERVER, LOCK_CLIENT, LOCK_SERVER) VALUES (?,?,?,?,?,?): 127,Power Configuration,false,false,true,false => rowid: 1403","v":1}
{"level":30,"time":1589725318257,"pid":31073,"hostname":"localhost.localdomain","msg":"Executed insert: INSERT INTO DEVICE_TYPE_CLUSTER (DEVICE_TYPE_REF, CLUSTER_NAME, INCLUDE_CLIENT, INCLUDE_SERVER, LOCK_CLIENT, LOCK_SERVER) VALUES (?,?,?,?,?,?): 127,Device Temperature Configuration,false,false,true,false => rowid: 1404","v":1}
{"level":30,"time":1589725318257,"pid":31073,"hostname":"localhost.localdomain","msg":"Executed insert: INSERT INTO DEVICE_TYPE_CLUSTER (DEVICE_TYPE_REF, CLUSTER_NAME, INCLUDE_CLIENT, INCLUDE_SERVER, LOCK_CLIENT, LOCK_SERVER) VALUES (?,?,?,?,?,?): 127,Alarms,false,false,true,false => rowid: 1405","v":1}
{"level":30,"time":1589725318257,"pid":31073,"hostname":"localhost.localdomain","msg":"Executed insert: INSERT INTO DEVICE_TYPE_CLUSTER (DEVICE_TYPE_REF, CLUSTER_NAME, INCLUDE_CLIENT, INCLUDE_SERVER, LOCK_CLIENT, LOCK_SERVER) VALUES (?,?,?,?,?,?): 127,On/off,false,true,true,true => rowid: 1406","v":1}
{"level":30,"time":1589725318257,"pid":31073,"hostname":"localhost.localdomain","msg":"Executed insert: INSERT INTO DEVICE_TYPE_CLUSTER (DEVICE_TYPE_REF, CLUSTER_NAME, INCLUDE_CLIENT, INCLUDE_SERVER, LOCK_CLIENT, LOCK_SERVER) VALUES (?,?,?,?,?,?): 127,Thermostat,false,true,true,true => rowid: 1407","v":1}
{"level":30,"time":1589725318257,"pid":31073,"hostname":"localhost.localdomain","msg":"Executed insert: INSERT INTO DEVICE_TYPE_CLUSTER (DEVICE_TYPE_REF, CLUSTER_NAME, INCLUDE_CLIENT, INCLUDE_SERVER, LOCK_CLIENT, LOCK_SERVER) VALUES (?,?,?,?,?,?): 127,Fan control,false,false,true,false => rowid: 1408","v":1}
{"level":30,"time":1589725318257,"pid":31073,"hostname":"localhost.localdomain","msg":"Executed insert: INSERT INTO DEVICE_TYPE_CLUSTER (DEVICE_TYPE_REF, CLUSTER_NAME, INCLUDE_CLIENT, INCLUDE_SERVER, LOCK_CLIENT, LOCK_SERVER) VALUES (?,?,?,?,?,?): 127,Level control,false,false,true,false => rowid: 1409","v":1}
{"level":30,"time":1589725318257,"pid":31073,"hostname":"localhost.localdomain","msg":"Executed insert: INSERT INTO DEVICE_TYPE_CLUSTER (DEVICE_TYPE_REF, CLUSTER_NAME, INCLUDE_CLIENT, INCLUDE_SERVER, LOCK_CLIENT, LOCK_SERVER) VALUES (?,?,?,?,?,?): 127,Groups,false,false,true,false => rowid: 1410","v":1}
{"level":30,"time":1589725318257,"pid":31073,"hostname":"localhost.localdomain","msg":"Executed insert: INSERT INTO DEVICE_TYPE_CLUSTER (DEVICE_TYPE_REF, CLUSTER_NAME, INCLUDE_CLIENT, INCLUDE_SERVER, LOCK_CLIENT, LOCK_SERVER) VALUES (?,?,?,?,?,?): 127,Poll Control,false,false,true,false => rowid: 1411","v":1}
{"level":30,"time":1589725318258,"pid":31073,"hostname":"localhost.localdomain","msg":"Executed insert: INSERT INTO DEVICE_TYPE_CLUSTER (DEVICE_TYPE_REF, CLUSTER_NAME, INCLUDE_CLIENT, INCLUDE_SERVER, LOCK_CLIENT, LOCK_SERVER) VALUES (?,?,?,?,?,?): 127,Electrical Measurement,false,false,true,false => rowid: 1412","v":1}
{"level":30,"time":1589725318258,"pid":31073,"hostname":"localhost.localdomain","msg":"Executed insert: INSERT INTO DEVICE_TYPE_CLUSTER (DEVICE_TYPE_REF, CLUSTER_NAME, INCLUDE_CLIENT, INCLUDE_SERVER, LOCK_CLIENT, LOCK_SERVER) VALUES (?,?,?,?,?,?): 127,Time,false,false,false,true => rowid: 1413","v":1}
{"level":30,"time":1589725318258,"pid":31073,"hostname":"localhost.localdomain","msg":"Executed insert: INSERT INTO DEVICE_TYPE_CLUSTER (DEVICE_TYPE_REF, CLUSTER_NAME, INCLUDE_CLIENT, INCLUDE_SERVER, LOCK_CLIENT, LOCK_SERVER) VALUES (?,?,?,?,?,?): 127,Over the Air Bootloading,false,false,false,false => rowid: 1414","v":1}
{"level":30,"time":1589725318258,"pid":31073,"hostname":"localhost.localdomain","msg":"Executed insert: INSERT INTO DEVICE_TYPE_CLUSTER (DEVICE_TYPE_REF, CLUSTER_NAME, INCLUDE_CLIENT, INCLUDE_SERVER, LOCK_CLIENT, LOCK_SERVER) VALUES (?,?,?,?,?,?): 127,Partition,false,false,false,false => rowid: 1415","v":1}
{"level":30,"time":1589725318258,"pid":31073,"hostname":"localhost.localdomain","msg":"Preparing statement: INSERT INTO DEVICE_TYPE_ATTRIBUTE (DEVICE_TYPE_CLUSTER_REF, ATTRIBUTE_NAME) VALUES (?, ?) to insert 0 records.","v":1}
{"level":30,"time":1589725318258,"pid":31073,"hostname":"localhost.localdomain","msg":"Preparing statement: INSERT INTO DEVICE_TYPE_COMMAND (DEVICE_TYPE_CLUSTER_REF, COMMAND_NAME) VALUES (?, ?) to insert 0 records.","v":1}
{"level":30,"time":1589725318258,"pid":31073,"hostname":"localhost.localdomain","msg":"Executed insert: INSERT INTO DEVICE_TYPE_CLUSTER (DEVICE_TYPE_REF, CLUSTER_NAME, INCLUDE_CLIENT, INCLUDE_SERVER, LOCK_CLIENT, LOCK_SERVER) VALUES (?,?,?,?,?,?): 130,Basic,false,true,true,true => rowid: 1416","v":1}
{"level":30,"time":1589725318258,"pid":31073,"hostname":"localhost.localdomain","msg":"Executed insert: INSERT INTO DEVICE_TYPE_CLUSTER (DEVICE_TYPE_REF, CLUSTER_NAME, INCLUDE_CLIENT, INCLUDE_SERVER, LOCK_CLIENT, LOCK_SERVER) VALUES (?,?,?,?,?,?): 130,Identify,true,true,true,true => rowid: 1417","v":1}
{"level":30,"time":1589725318258,"pid":31073,"hostname":"localhost.localdomain","msg":"Executed insert: INSERT INTO DEVICE_TYPE_CLUSTER (DEVICE_TYPE_REF, CLUSTER_NAME, INCLUDE_CLIENT, INCLUDE_SERVER, LOCK_CLIENT, LOCK_SERVER) VALUES (?,?,?,?,?,?): 130,Power Configuration,false,false,true,false => rowid: 1418","v":1}
{"level":30,"time":1589725318258,"pid":31073,"hostname":"localhost.localdomain","msg":"Executed insert: INSERT INTO DEVICE_TYPE_CLUSTER (DEVICE_TYPE_REF, CLUSTER_NAME, INCLUDE_CLIENT, INCLUDE_SERVER, LOCK_CLIENT, LOCK_SERVER) VALUES (?,?,?,?,?,?): 130,Device Temperature Configuration,false,false,true,false => rowid: 1419","v":1}
{"level":30,"time":1589725318258,"pid":31073,"hostname":"localhost.localdomain","msg":"Executed insert: INSERT INTO DEVICE_TYPE_CLUSTER (DEVICE_TYPE_REF, CLUSTER_NAME, INCLUDE_CLIENT, INCLUDE_SERVER, LOCK_CLIENT, LOCK_SERVER) VALUES (?,?,?,?,?,?): 130,Alarms,false,false,true,false => rowid: 1420","v":1}
{"level":30,"time":1589725318258,"pid":31073,"hostname":"localhost.localdomain","msg":"Executed insert: INSERT INTO DEVICE_TYPE_CLUSTER (DEVICE_TYPE_REF, CLUSTER_NAME, INCLUDE_CLIENT, INCLUDE_SERVER, LOCK_CLIENT, LOCK_SERVER) VALUES (?,?,?,?,?,?): 130,Thermostat,false,true,true,true => rowid: 1421","v":1}
{"level":30,"time":1589725318258,"pid":31073,"hostname":"localhost.localdomain","msg":"Executed insert: INSERT INTO DEVICE_TYPE_CLUSTER (DEVICE_TYPE_REF, CLUSTER_NAME, INCLUDE_CLIENT, INCLUDE_SERVER, LOCK_CLIENT, LOCK_SERVER) VALUES (?,?,?,?,?,?): 130,Scenes,false,false,true,false => rowid: 1422","v":1}
{"level":30,"time":1589725318258,"pid":31073,"hostname":"localhost.localdomain","msg":"Executed insert: INSERT INTO DEVICE_TYPE_CLUSTER (DEVICE_TYPE_REF, CLUSTER_NAME, INCLUDE_CLIENT, INCLUDE_SERVER, LOCK_CLIENT, LOCK_SERVER) VALUES (?,?,?,?,?,?): 130,Groups,false,false,true,false => rowid: 1423","v":1}
{"level":30,"time":1589725318258,"pid":31073,"hostname":"localhost.localdomain","msg":"Executed insert: INSERT INTO DEVICE_TYPE_CLUSTER (DEVICE_TYPE_REF, CLUSTER_NAME, INCLUDE_CLIENT, INCLUDE_SERVER, LOCK_CLIENT, LOCK_SERVER) VALUES (?,?,?,?,?,?): 130,Thermostat User Interface Configuration,false,false,true,false => rowid: 1424","v":1}
{"level":30,"time":1589725318258,"pid":31073,"hostname":"localhost.localdomain","msg":"Executed insert: INSERT INTO DEVICE_TYPE_CLUSTER (DEVICE_TYPE_REF, CLUSTER_NAME, INCLUDE_CLIENT, INCLUDE_SERVER, LOCK_CLIENT, LOCK_SERVER) VALUES (?,?,?,?,?,?): 130,Fan control,false,false,false,false => rowid: 1425","v":1}
{"level":30,"time":1589725318258,"pid":31073,"hostname":"localhost.localdomain","msg":"Executed insert: INSERT INTO DEVICE_TYPE_CLUSTER (DEVICE_TYPE_REF, CLUSTER_NAME, INCLUDE_CLIENT, INCLUDE_SERVER, LOCK_CLIENT, LOCK_SERVER) VALUES (?,?,?,?,?,?): 130,Temperature measurement,false,false,false,false => rowid: 1426","v":1}
{"level":30,"time":1589725318258,"pid":31073,"hostname":"localhost.localdomain","msg":"Executed insert: INSERT INTO DEVICE_TYPE_CLUSTER (DEVICE_TYPE_REF, CLUSTER_NAME, INCLUDE_CLIENT, INCLUDE_SERVER, LOCK_CLIENT, LOCK_SERVER) VALUES (?,?,?,?,?,?): 130,Occupancy Sensing,false,false,false,false => rowid: 1427","v":1}
{"level":30,"time":1589725318258,"pid":31073,"hostname":"localhost.localdomain","msg":"Executed insert: INSERT INTO DEVICE_TYPE_CLUSTER (DEVICE_TYPE_REF, CLUSTER_NAME, INCLUDE_CLIENT, INCLUDE_SERVER, LOCK_CLIENT, LOCK_SERVER) VALUES (?,?,?,?,?,?): 130,Relative Humidity Measurement,false,false,false,false => rowid: 1428","v":1}
{"level":30,"time":1589725318258,"pid":31073,"hostname":"localhost.localdomain","msg":"Executed insert: INSERT INTO DEVICE_TYPE_CLUSTER (DEVICE_TYPE_REF, CLUSTER_NAME, INCLUDE_CLIENT, INCLUDE_SERVER, LOCK_CLIENT, LOCK_SERVER) VALUES (?,?,?,?,?,?): 130,Poll Control,false,false,true,false => rowid: 1429","v":1}
{"level":30,"time":1589725318258,"pid":31073,"hostname":"localhost.localdomain","msg":"Executed insert: INSERT INTO DEVICE_TYPE_CLUSTER (DEVICE_TYPE_REF, CLUSTER_NAME, INCLUDE_CLIENT, INCLUDE_SERVER, LOCK_CLIENT, LOCK_SERVER) VALUES (?,?,?,?,?,?): 130,Electrical Measurement,false,false,true,false => rowid: 1430","v":1}
{"level":30,"time":1589725318258,"pid":31073,"hostname":"localhost.localdomain","msg":"Executed insert: INSERT INTO DEVICE_TYPE_CLUSTER (DEVICE_TYPE_REF, CLUSTER_NAME, INCLUDE_CLIENT, INCLUDE_SERVER, LOCK_CLIENT, LOCK_SERVER) VALUES (?,?,?,?,?,?): 130,Time,false,false,false,true => rowid: 1431","v":1}
{"level":30,"time":1589725318258,"pid":31073,"hostname":"localhost.localdomain","msg":"Executed insert: INSERT INTO DEVICE_TYPE_CLUSTER (DEVICE_TYPE_REF, CLUSTER_NAME, INCLUDE_CLIENT, INCLUDE_SERVER, LOCK_CLIENT, LOCK_SERVER) VALUES (?,?,?,?,?,?): 130,Over the Air Bootloading,false,false,false,false => rowid: 1432","v":1}
{"level":30,"time":1589725318258,"pid":31073,"hostname":"localhost.localdomain","msg":"Executed insert: INSERT INTO DEVICE_TYPE_CLUSTER (DEVICE_TYPE_REF, CLUSTER_NAME, INCLUDE_CLIENT, INCLUDE_SERVER, LOCK_CLIENT, LOCK_SERVER) VALUES (?,?,?,?,?,?): 130,Partition,false,false,false,false => rowid: 1433","v":1}
{"level":30,"time":1589725318258,"pid":31073,"hostname":"localhost.localdomain","msg":"Preparing statement: INSERT INTO DEVICE_TYPE_ATTRIBUTE (DEVICE_TYPE_CLUSTER_REF, ATTRIBUTE_NAME) VALUES (?, ?) to insert 0 records.","v":1}
{"level":30,"time":1589725318259,"pid":31073,"hostname":"localhost.localdomain","msg":"Preparing statement: INSERT INTO DEVICE_TYPE_COMMAND (DEVICE_TYPE_CLUSTER_REF, COMMAND_NAME) VALUES (?, ?) to insert 0 records.","v":1}
{"level":30,"time":1589725318259,"pid":31073,"hostname":"localhost.localdomain","msg":"Executed insert: INSERT INTO DEVICE_TYPE_CLUSTER (DEVICE_TYPE_REF, CLUSTER_NAME, INCLUDE_CLIENT, INCLUDE_SERVER, LOCK_CLIENT, LOCK_SERVER) VALUES (?,?,?,?,?,?): 133,Basic,false,true,true,true => rowid: 1434","v":1}
{"level":30,"time":1589725318259,"pid":31073,"hostname":"localhost.localdomain","msg":"Executed insert: INSERT INTO DEVICE_TYPE_CLUSTER (DEVICE_TYPE_REF, CLUSTER_NAME, INCLUDE_CLIENT, INCLUDE_SERVER, LOCK_CLIENT, LOCK_SERVER) VALUES (?,?,?,?,?,?): 133,Identify,true,true,true,true => rowid: 1435","v":1}
{"level":30,"time":1589725318259,"pid":31073,"hostname":"localhost.localdomain","msg":"Executed insert: INSERT INTO DEVICE_TYPE_CLUSTER (DEVICE_TYPE_REF, CLUSTER_NAME, INCLUDE_CLIENT, INCLUDE_SERVER, LOCK_CLIENT, LOCK_SERVER) VALUES (?,?,?,?,?,?): 133,Power Configuration,false,false,true,false => rowid: 1436","v":1}
{"level":30,"time":1589725318259,"pid":31073,"hostname":"localhost.localdomain","msg":"Executed insert: INSERT INTO DEVICE_TYPE_CLUSTER (DEVICE_TYPE_REF, CLUSTER_NAME, INCLUDE_CLIENT, INCLUDE_SERVER, LOCK_CLIENT, LOCK_SERVER) VALUES (?,?,?,?,?,?): 133,Device Temperature Configuration,false,false,true,false => rowid: 1437","v":1}
{"level":30,"time":1589725318259,"pid":31073,"hostname":"localhost.localdomain","msg":"Executed insert: INSERT INTO DEVICE_TYPE_CLUSTER (DEVICE_TYPE_REF, CLUSTER_NAME, INCLUDE_CLIENT, INCLUDE_SERVER, LOCK_CLIENT, LOCK_SERVER) VALUES (?,?,?,?,?,?): 133,Alarms,false,false,true,false => rowid: 1438","v":1}
{"level":30,"time":1589725318259,"pid":31073,"hostname":"localhost.localdomain","msg":"Executed insert: INSERT INTO DEVICE_TYPE_CLUSTER (DEVICE_TYPE_REF, CLUSTER_NAME, INCLUDE_CLIENT, INCLUDE_SERVER, LOCK_CLIENT, LOCK_SERVER) VALUES (?,?,?,?,?,?): 133,Temperature measurement,false,true,true,true => rowid: 1439","v":1}
{"level":30,"time":1589725318259,"pid":31073,"hostname":"localhost.localdomain","msg":"Executed insert: INSERT INTO DEVICE_TYPE_CLUSTER (DEVICE_TYPE_REF, CLUSTER_NAME, INCLUDE_CLIENT, INCLUDE_SERVER, LOCK_CLIENT, LOCK_SERVER) VALUES (?,?,?,?,?,?): 133,Groups,false,false,false,true => rowid: 1440","v":1}
{"level":30,"time":1589725318259,"pid":31073,"hostname":"localhost.localdomain","msg":"Executed insert: INSERT INTO DEVICE_TYPE_CLUSTER (DEVICE_TYPE_REF, CLUSTER_NAME, INCLUDE_CLIENT, INCLUDE_SERVER, LOCK_CLIENT, LOCK_SERVER) VALUES (?,?,?,?,?,?): 133,Poll Control,false,false,true,false => rowid: 1441","v":1}
{"level":30,"time":1589725318259,"pid":31073,"hostname":"localhost.localdomain","msg":"Executed insert: INSERT INTO DEVICE_TYPE_CLUSTER (DEVICE_TYPE_REF, CLUSTER_NAME, INCLUDE_CLIENT, INCLUDE_SERVER, LOCK_CLIENT, LOCK_SERVER) VALUES (?,?,?,?,?,?): 133,Electrical Measurement,false,false,true,false => rowid: 1442","v":1}
{"level":30,"time":1589725318259,"pid":31073,"hostname":"localhost.localdomain","msg":"Executed insert: INSERT INTO DEVICE_TYPE_CLUSTER (DEVICE_TYPE_REF, CLUSTER_NAME, INCLUDE_CLIENT, INCLUDE_SERVER, LOCK_CLIENT, LOCK_SERVER) VALUES (?,?,?,?,?,?): 133,Time,false,false,false,true => rowid: 1443","v":1}
{"level":30,"time":1589725318259,"pid":31073,"hostname":"localhost.localdomain","msg":"Executed insert: INSERT INTO DEVICE_TYPE_CLUSTER (DEVICE_TYPE_REF, CLUSTER_NAME, INCLUDE_CLIENT, INCLUDE_SERVER, LOCK_CLIENT, LOCK_SERVER) VALUES (?,?,?,?,?,?): 133,Over the Air Bootloading,false,false,false,false => rowid: 1444","v":1}
{"level":30,"time":1589725318259,"pid":31073,"hostname":"localhost.localdomain","msg":"Executed insert: INSERT INTO DEVICE_TYPE_CLUSTER (DEVICE_TYPE_REF, CLUSTER_NAME, INCLUDE_CLIENT, INCLUDE_SERVER, LOCK_CLIENT, LOCK_SERVER) VALUES (?,?,?,?,?,?): 133,Partition,false,false,false,false => rowid: 1445","v":1}
{"level":30,"time":1589725318259,"pid":31073,"hostname":"localhost.localdomain","msg":"Preparing statement: INSERT INTO DEVICE_TYPE_ATTRIBUTE (DEVICE_TYPE_CLUSTER_REF, ATTRIBUTE_NAME) VALUES (?, ?) to insert 0 records.","v":1}
{"level":30,"time":1589725318259,"pid":31073,"hostname":"localhost.localdomain","msg":"Preparing statement: INSERT INTO DEVICE_TYPE_COMMAND (DEVICE_TYPE_CLUSTER_REF, COMMAND_NAME) VALUES (?, ?) to insert 0 records.","v":1}
{"level":30,"time":1589725318259,"pid":31073,"hostname":"localhost.localdomain","msg":"Executed insert: INSERT INTO DEVICE_TYPE_CLUSTER (DEVICE_TYPE_REF, CLUSTER_NAME, INCLUDE_CLIENT, INCLUDE_SERVER, LOCK_CLIENT, LOCK_SERVER) VALUES (?,?,?,?,?,?): 136,Basic,false,true,true,true => rowid: 1446","v":1}
{"level":30,"time":1589725318259,"pid":31073,"hostname":"localhost.localdomain","msg":"Executed insert: INSERT INTO DEVICE_TYPE_CLUSTER (DEVICE_TYPE_REF, CLUSTER_NAME, INCLUDE_CLIENT, INCLUDE_SERVER, LOCK_CLIENT, LOCK_SERVER) VALUES (?,?,?,?,?,?): 136,Identify,true,true,true,true => rowid: 1447","v":1}
{"level":30,"time":1589725318259,"pid":31073,"hostname":"localhost.localdomain","msg":"Executed insert: INSERT INTO DEVICE_TYPE_CLUSTER (DEVICE_TYPE_REF, CLUSTER_NAME, INCLUDE_CLIENT, INCLUDE_SERVER, LOCK_CLIENT, LOCK_SERVER) VALUES (?,?,?,?,?,?): 136,Power Configuration,false,false,true,false => rowid: 1448","v":1}
{"level":30,"time":1589725318259,"pid":31073,"hostname":"localhost.localdomain","msg":"Executed insert: INSERT INTO DEVICE_TYPE_CLUSTER (DEVICE_TYPE_REF, CLUSTER_NAME, INCLUDE_CLIENT, INCLUDE_SERVER, LOCK_CLIENT, LOCK_SERVER) VALUES (?,?,?,?,?,?): 136,Device Temperature Configuration,false,false,true,false => rowid: 1449","v":1}
{"level":30,"time":1589725318259,"pid":31073,"hostname":"localhost.localdomain","msg":"Executed insert: INSERT INTO DEVICE_TYPE_CLUSTER (DEVICE_TYPE_REF, CLUSTER_NAME, INCLUDE_CLIENT, INCLUDE_SERVER, LOCK_CLIENT, LOCK_SERVER) VALUES (?,?,?,?,?,?): 136,Alarms,false,false,true,false => rowid: 1450","v":1}
{"level":30,"time":1589725318259,"pid":31073,"hostname":"localhost.localdomain","msg":"Executed insert: INSERT INTO DEVICE_TYPE_CLUSTER (DEVICE_TYPE_REF, CLUSTER_NAME, INCLUDE_CLIENT, INCLUDE_SERVER, LOCK_CLIENT, LOCK_SERVER) VALUES (?,?,?,?,?,?): 136,Pump Configuration and Control,false,true,true,true => rowid: 1451","v":1}
{"level":30,"time":1589725318259,"pid":31073,"hostname":"localhost.localdomain","msg":"Executed insert: INSERT INTO DEVICE_TYPE_CLUSTER (DEVICE_TYPE_REF, CLUSTER_NAME, INCLUDE_CLIENT, INCLUDE_SERVER, LOCK_CLIENT, LOCK_SERVER) VALUES (?,?,?,?,?,?): 136,On/off,false,true,true,true => rowid: 1452","v":1}
{"level":30,"time":1589725318259,"pid":31073,"hostname":"localhost.localdomain","msg":"Executed insert: INSERT INTO DEVICE_TYPE_CLUSTER (DEVICE_TYPE_REF, CLUSTER_NAME, INCLUDE_CLIENT, INCLUDE_SERVER, LOCK_CLIENT, LOCK_SERVER) VALUES (?,?,?,?,?,?): 136,Scenes,false,true,true,true => rowid: 1453","v":1}
{"level":30,"time":1589725318259,"pid":31073,"hostname":"localhost.localdomain","msg":"Executed insert: INSERT INTO DEVICE_TYPE_CLUSTER (DEVICE_TYPE_REF, CLUSTER_NAME, INCLUDE_CLIENT, INCLUDE_SERVER, LOCK_CLIENT, LOCK_SERVER) VALUES (?,?,?,?,?,?): 136,Groups,false,true,true,true => rowid: 1454","v":1}
{"level":30,"time":1589725318260,"pid":31073,"hostname":"localhost.localdomain","msg":"Executed insert: INSERT INTO DEVICE_TYPE_CLUSTER (DEVICE_TYPE_REF, CLUSTER_NAME, INCLUDE_CLIENT, INCLUDE_SERVER, LOCK_CLIENT, LOCK_SERVER) VALUES (?,?,?,?,?,?): 136,Level control,false,false,true,false => rowid: 1455","v":1}
{"level":30,"time":1589725318260,"pid":31073,"hostname":"localhost.localdomain","msg":"Executed insert: INSERT INTO DEVICE_TYPE_CLUSTER (DEVICE_TYPE_REF, CLUSTER_NAME, INCLUDE_CLIENT, INCLUDE_SERVER, LOCK_CLIENT, LOCK_SERVER) VALUES (?,?,?,?,?,?): 136,Pressure measurement,false,false,false,false => rowid: 1456","v":1}
{"level":30,"time":1589725318260,"pid":31073,"hostname":"localhost.localdomain","msg":"Executed insert: INSERT INTO DEVICE_TYPE_CLUSTER (DEVICE_TYPE_REF, CLUSTER_NAME, INCLUDE_CLIENT, INCLUDE_SERVER, LOCK_CLIENT, LOCK_SERVER) VALUES (?,?,?,?,?,?): 136,Temperature measurement,false,false,false,false => rowid: 1457","v":1}
{"level":30,"time":1589725318260,"pid":31073,"hostname":"localhost.localdomain","msg":"Executed insert: INSERT INTO DEVICE_TYPE_CLUSTER (DEVICE_TYPE_REF, CLUSTER_NAME, INCLUDE_CLIENT, INCLUDE_SERVER, LOCK_CLIENT, LOCK_SERVER) VALUES (?,?,?,?,?,?): 136,Flow measurement,false,false,false,false => rowid: 1458","v":1}
{"level":30,"time":1589725318260,"pid":31073,"hostname":"localhost.localdomain","msg":"Executed insert: INSERT INTO DEVICE_TYPE_CLUSTER (DEVICE_TYPE_REF, CLUSTER_NAME, INCLUDE_CLIENT, INCLUDE_SERVER, LOCK_CLIENT, LOCK_SERVER) VALUES (?,?,?,?,?,?): 136,Poll Control,false,false,true,false => rowid: 1459","v":1}
{"level":30,"time":1589725318260,"pid":31073,"hostname":"localhost.localdomain","msg":"Executed insert: INSERT INTO DEVICE_TYPE_CLUSTER (DEVICE_TYPE_REF, CLUSTER_NAME, INCLUDE_CLIENT, INCLUDE_SERVER, LOCK_CLIENT, LOCK_SERVER) VALUES (?,?,?,?,?,?): 136,Electrical Measurement,false,false,true,false => rowid: 1460","v":1}
{"level":30,"time":1589725318260,"pid":31073,"hostname":"localhost.localdomain","msg":"Executed insert: INSERT INTO DEVICE_TYPE_CLUSTER (DEVICE_TYPE_REF, CLUSTER_NAME, INCLUDE_CLIENT, INCLUDE_SERVER, LOCK_CLIENT, LOCK_SERVER) VALUES (?,?,?,?,?,?): 136,Time,false,false,false,true => rowid: 1461","v":1}
{"level":30,"time":1589725318260,"pid":31073,"hostname":"localhost.localdomain","msg":"Executed insert: INSERT INTO DEVICE_TYPE_CLUSTER (DEVICE_TYPE_REF, CLUSTER_NAME, INCLUDE_CLIENT, INCLUDE_SERVER, LOCK_CLIENT, LOCK_SERVER) VALUES (?,?,?,?,?,?): 136,Over the Air Bootloading,false,false,false,false => rowid: 1462","v":1}
{"level":30,"time":1589725318260,"pid":31073,"hostname":"localhost.localdomain","msg":"Executed insert: INSERT INTO DEVICE_TYPE_CLUSTER (DEVICE_TYPE_REF, CLUSTER_NAME, INCLUDE_CLIENT, INCLUDE_SERVER, LOCK_CLIENT, LOCK_SERVER) VALUES (?,?,?,?,?,?): 136,Partition,false,false,false,false => rowid: 1463","v":1}
{"level":30,"time":1589725318260,"pid":31073,"hostname":"localhost.localdomain","msg":"Preparing statement: INSERT INTO DEVICE_TYPE_ATTRIBUTE (DEVICE_TYPE_CLUSTER_REF, ATTRIBUTE_NAME) VALUES (?, ?) to insert 0 records.","v":1}
{"level":30,"time":1589725318260,"pid":31073,"hostname":"localhost.localdomain","msg":"Preparing statement: INSERT INTO DEVICE_TYPE_COMMAND (DEVICE_TYPE_CLUSTER_REF, COMMAND_NAME) VALUES (?, ?) to insert 0 records.","v":1}
{"level":30,"time":1589725318260,"pid":31073,"hostname":"localhost.localdomain","msg":"Executed insert: INSERT INTO DEVICE_TYPE_CLUSTER (DEVICE_TYPE_REF, CLUSTER_NAME, INCLUDE_CLIENT, INCLUDE_SERVER, LOCK_CLIENT, LOCK_SERVER) VALUES (?,?,?,?,?,?): 139,Basic,false,true,true,true => rowid: 1464","v":1}
{"level":30,"time":1589725318260,"pid":31073,"hostname":"localhost.localdomain","msg":"Executed insert: INSERT INTO DEVICE_TYPE_CLUSTER (DEVICE_TYPE_REF, CLUSTER_NAME, INCLUDE_CLIENT, INCLUDE_SERVER, LOCK_CLIENT, LOCK_SERVER) VALUES (?,?,?,?,?,?): 139,Identify,true,true,true,true => rowid: 1465","v":1}
{"level":30,"time":1589725318260,"pid":31073,"hostname":"localhost.localdomain","msg":"Executed insert: INSERT INTO DEVICE_TYPE_CLUSTER (DEVICE_TYPE_REF, CLUSTER_NAME, INCLUDE_CLIENT, INCLUDE_SERVER, LOCK_CLIENT, LOCK_SERVER) VALUES (?,?,?,?,?,?): 139,Power Configuration,false,false,true,false => rowid: 1466","v":1}
{"level":30,"time":1589725318260,"pid":31073,"hostname":"localhost.localdomain","msg":"Executed insert: INSERT INTO DEVICE_TYPE_CLUSTER (DEVICE_TYPE_REF, CLUSTER_NAME, INCLUDE_CLIENT, INCLUDE_SERVER, LOCK_CLIENT, LOCK_SERVER) VALUES (?,?,?,?,?,?): 139,Device Temperature Configuration,false,false,true,false => rowid: 1467","v":1}
{"level":30,"time":1589725318260,"pid":31073,"hostname":"localhost.localdomain","msg":"Executed insert: INSERT INTO DEVICE_TYPE_CLUSTER (DEVICE_TYPE_REF, CLUSTER_NAME, INCLUDE_CLIENT, INCLUDE_SERVER, LOCK_CLIENT, LOCK_SERVER) VALUES (?,?,?,?,?,?): 139,Alarms,false,false,true,false => rowid: 1468","v":1}
{"level":30,"time":1589725318260,"pid":31073,"hostname":"localhost.localdomain","msg":"Executed insert: INSERT INTO DEVICE_TYPE_CLUSTER (DEVICE_TYPE_REF, CLUSTER_NAME, INCLUDE_CLIENT, INCLUDE_SERVER, LOCK_CLIENT, LOCK_SERVER) VALUES (?,?,?,?,?,?): 139,Pump Configuration and Control,true,false,true,true => rowid: 1469","v":1}
{"level":30,"time":1589725318260,"pid":31073,"hostname":"localhost.localdomain","msg":"Executed insert: INSERT INTO DEVICE_TYPE_CLUSTER (DEVICE_TYPE_REF, CLUSTER_NAME, INCLUDE_CLIENT, INCLUDE_SERVER, LOCK_CLIENT, LOCK_SERVER) VALUES (?,?,?,?,?,?): 139,On/off,true,false,true,true => rowid: 1470","v":1}
{"level":30,"time":1589725318260,"pid":31073,"hostname":"localhost.localdomain","msg":"Executed insert: INSERT INTO DEVICE_TYPE_CLUSTER (DEVICE_TYPE_REF, CLUSTER_NAME, INCLUDE_CLIENT, INCLUDE_SERVER, LOCK_CLIENT, LOCK_SERVER) VALUES (?,?,?,?,?,?): 139,Scenes,false,false,false,true => rowid: 1471","v":1}
{"level":30,"time":1589725318260,"pid":31073,"hostname":"localhost.localdomain","msg":"Executed insert: INSERT INTO DEVICE_TYPE_CLUSTER (DEVICE_TYPE_REF, CLUSTER_NAME, INCLUDE_CLIENT, INCLUDE_SERVER, LOCK_CLIENT, LOCK_SERVER) VALUES (?,?,?,?,?,?): 139,Groups,false,false,false,true => rowid: 1472","v":1}
{"level":30,"time":1589725318260,"pid":31073,"hostname":"localhost.localdomain","msg":"Executed insert: INSERT INTO DEVICE_TYPE_CLUSTER (DEVICE_TYPE_REF, CLUSTER_NAME, INCLUDE_CLIENT, INCLUDE_SERVER, LOCK_CLIENT, LOCK_SERVER) VALUES (?,?,?,?,?,?): 139,Pressure measurement,false,false,false,true => rowid: 1473","v":1}
{"level":30,"time":1589725318260,"pid":31073,"hostname":"localhost.localdomain","msg":"Executed insert: INSERT INTO DEVICE_TYPE_CLUSTER (DEVICE_TYPE_REF, CLUSTER_NAME, INCLUDE_CLIENT, INCLUDE_SERVER, LOCK_CLIENT, LOCK_SERVER) VALUES (?,?,?,?,?,?): 139,Temperature measurement,false,false,false,true => rowid: 1474","v":1}
{"level":30,"time":1589725318260,"pid":31073,"hostname":"localhost.localdomain","msg":"Executed insert: INSERT INTO DEVICE_TYPE_CLUSTER (DEVICE_TYPE_REF, CLUSTER_NAME, INCLUDE_CLIENT, INCLUDE_SERVER, LOCK_CLIENT, LOCK_SERVER) VALUES (?,?,?,?,?,?): 139,Flow measurement,false,false,false,true => rowid: 1475","v":1}
{"level":30,"time":1589725318261,"pid":31073,"hostname":"localhost.localdomain","msg":"Executed insert: INSERT INTO DEVICE_TYPE_CLUSTER (DEVICE_TYPE_REF, CLUSTER_NAME, INCLUDE_CLIENT, INCLUDE_SERVER, LOCK_CLIENT, LOCK_SERVER) VALUES (?,?,?,?,?,?): 139,Level control,false,false,false,true => rowid: 1476","v":1}
{"level":30,"time":1589725318261,"pid":31073,"hostname":"localhost.localdomain","msg":"Executed insert: INSERT INTO DEVICE_TYPE_CLUSTER (DEVICE_TYPE_REF, CLUSTER_NAME, INCLUDE_CLIENT, INCLUDE_SERVER, LOCK_CLIENT, LOCK_SERVER) VALUES (?,?,?,?,?,?): 139,Poll Control,false,false,true,false => rowid: 1477","v":1}
{"level":30,"time":1589725318261,"pid":31073,"hostname":"localhost.localdomain","msg":"Executed insert: INSERT INTO DEVICE_TYPE_CLUSTER (DEVICE_TYPE_REF, CLUSTER_NAME, INCLUDE_CLIENT, INCLUDE_SERVER, LOCK_CLIENT, LOCK_SERVER) VALUES (?,?,?,?,?,?): 139,Electrical Measurement,false,false,true,false => rowid: 1478","v":1}
{"level":30,"time":1589725318261,"pid":31073,"hostname":"localhost.localdomain","msg":"Executed insert: INSERT INTO DEVICE_TYPE_CLUSTER (DEVICE_TYPE_REF, CLUSTER_NAME, INCLUDE_CLIENT, INCLUDE_SERVER, LOCK_CLIENT, LOCK_SERVER) VALUES (?,?,?,?,?,?): 139,Time,false,false,false,true => rowid: 1479","v":1}
{"level":30,"time":1589725318261,"pid":31073,"hostname":"localhost.localdomain","msg":"Executed insert: INSERT INTO DEVICE_TYPE_CLUSTER (DEVICE_TYPE_REF, CLUSTER_NAME, INCLUDE_CLIENT, INCLUDE_SERVER, LOCK_CLIENT, LOCK_SERVER) VALUES (?,?,?,?,?,?): 139,Over the Air Bootloading,false,false,false,false => rowid: 1480","v":1}
{"level":30,"time":1589725318261,"pid":31073,"hostname":"localhost.localdomain","msg":"Executed insert: INSERT INTO DEVICE_TYPE_CLUSTER (DEVICE_TYPE_REF, CLUSTER_NAME, INCLUDE_CLIENT, INCLUDE_SERVER, LOCK_CLIENT, LOCK_SERVER) VALUES (?,?,?,?,?,?): 139,Partition,false,false,false,false => rowid: 1481","v":1}
{"level":30,"time":1589725318261,"pid":31073,"hostname":"localhost.localdomain","msg":"Preparing statement: INSERT INTO DEVICE_TYPE_ATTRIBUTE (DEVICE_TYPE_CLUSTER_REF, ATTRIBUTE_NAME) VALUES (?, ?) to insert 0 records.","v":1}
{"level":30,"time":1589725318261,"pid":31073,"hostname":"localhost.localdomain","msg":"Preparing statement: INSERT INTO DEVICE_TYPE_COMMAND (DEVICE_TYPE_CLUSTER_REF, COMMAND_NAME) VALUES (?, ?) to insert 0 records.","v":1}
{"level":30,"time":1589725318261,"pid":31073,"hostname":"localhost.localdomain","msg":"Executed insert: INSERT INTO DEVICE_TYPE_CLUSTER (DEVICE_TYPE_REF, CLUSTER_NAME, INCLUDE_CLIENT, INCLUDE_SERVER, LOCK_CLIENT, LOCK_SERVER) VALUES (?,?,?,?,?,?): 142,Basic,false,true,true,true => rowid: 1482","v":1}
{"level":30,"time":1589725318261,"pid":31073,"hostname":"localhost.localdomain","msg":"Executed insert: INSERT INTO DEVICE_TYPE_CLUSTER (DEVICE_TYPE_REF, CLUSTER_NAME, INCLUDE_CLIENT, INCLUDE_SERVER, LOCK_CLIENT, LOCK_SERVER) VALUES (?,?,?,?,?,?): 142,Identify,true,true,true,true => rowid: 1483","v":1}
{"level":30,"time":1589725318261,"pid":31073,"hostname":"localhost.localdomain","msg":"Executed insert: INSERT INTO DEVICE_TYPE_CLUSTER (DEVICE_TYPE_REF, CLUSTER_NAME, INCLUDE_CLIENT, INCLUDE_SERVER, LOCK_CLIENT, LOCK_SERVER) VALUES (?,?,?,?,?,?): 142,Power Configuration,false,false,true,false => rowid: 1484","v":1}
{"level":30,"time":1589725318261,"pid":31073,"hostname":"localhost.localdomain","msg":"Executed insert: INSERT INTO DEVICE_TYPE_CLUSTER (DEVICE_TYPE_REF, CLUSTER_NAME, INCLUDE_CLIENT, INCLUDE_SERVER, LOCK_CLIENT, LOCK_SERVER) VALUES (?,?,?,?,?,?): 142,Device Temperature Configuration,false,false,true,false => rowid: 1485","v":1}
{"level":30,"time":1589725318261,"pid":31073,"hostname":"localhost.localdomain","msg":"Executed insert: INSERT INTO DEVICE_TYPE_CLUSTER (DEVICE_TYPE_REF, CLUSTER_NAME, INCLUDE_CLIENT, INCLUDE_SERVER, LOCK_CLIENT, LOCK_SERVER) VALUES (?,?,?,?,?,?): 142,Alarms,false,false,true,false => rowid: 1486","v":1}
{"level":30,"time":1589725318261,"pid":31073,"hostname":"localhost.localdomain","msg":"Executed insert: INSERT INTO DEVICE_TYPE_CLUSTER (DEVICE_TYPE_REF, CLUSTER_NAME, INCLUDE_CLIENT, INCLUDE_SERVER, LOCK_CLIENT, LOCK_SERVER) VALUES (?,?,?,?,?,?): 142,Pressure measurement,false,true,true,true => rowid: 1487","v":1}
{"level":30,"time":1589725318261,"pid":31073,"hostname":"localhost.localdomain","msg":"Executed insert: INSERT INTO DEVICE_TYPE_CLUSTER (DEVICE_TYPE_REF, CLUSTER_NAME, INCLUDE_CLIENT, INCLUDE_SERVER, LOCK_CLIENT, LOCK_SERVER) VALUES (?,?,?,?,?,?): 142,Groups,false,false,false,true => rowid: 1488","v":1}
{"level":30,"time":1589725318261,"pid":31073,"hostname":"localhost.localdomain","msg":"Executed insert: INSERT INTO DEVICE_TYPE_CLUSTER (DEVICE_TYPE_REF, CLUSTER_NAME, INCLUDE_CLIENT, INCLUDE_SERVER, LOCK_CLIENT, LOCK_SERVER) VALUES (?,?,?,?,?,?): 142,Poll Control,false,false,true,false => rowid: 1489","v":1}
{"level":30,"time":1589725318261,"pid":31073,"hostname":"localhost.localdomain","msg":"Executed insert: INSERT INTO DEVICE_TYPE_CLUSTER (DEVICE_TYPE_REF, CLUSTER_NAME, INCLUDE_CLIENT, INCLUDE_SERVER, LOCK_CLIENT, LOCK_SERVER) VALUES (?,?,?,?,?,?): 142,Electrical Measurement,false,false,true,false => rowid: 1490","v":1}
{"level":30,"time":1589725318261,"pid":31073,"hostname":"localhost.localdomain","msg":"Executed insert: INSERT INTO DEVICE_TYPE_CLUSTER (DEVICE_TYPE_REF, CLUSTER_NAME, INCLUDE_CLIENT, INCLUDE_SERVER, LOCK_CLIENT, LOCK_SERVER) VALUES (?,?,?,?,?,?): 142,Time,false,false,false,true => rowid: 1491","v":1}
{"level":30,"time":1589725318261,"pid":31073,"hostname":"localhost.localdomain","msg":"Executed insert: INSERT INTO DEVICE_TYPE_CLUSTER (DEVICE_TYPE_REF, CLUSTER_NAME, INCLUDE_CLIENT, INCLUDE_SERVER, LOCK_CLIENT, LOCK_SERVER) VALUES (?,?,?,?,?,?): 142,Over the Air Bootloading,false,false,false,false => rowid: 1492","v":1}
{"level":30,"time":1589725318261,"pid":31073,"hostname":"localhost.localdomain","msg":"Executed insert: INSERT INTO DEVICE_TYPE_CLUSTER (DEVICE_TYPE_REF, CLUSTER_NAME, INCLUDE_CLIENT, INCLUDE_SERVER, LOCK_CLIENT, LOCK_SERVER) VALUES (?,?,?,?,?,?): 142,Partition,false,false,false,false => rowid: 1493","v":1}
{"level":30,"time":1589725318261,"pid":31073,"hostname":"localhost.localdomain","msg":"Preparing statement: INSERT INTO DEVICE_TYPE_ATTRIBUTE (DEVICE_TYPE_CLUSTER_REF, ATTRIBUTE_NAME) VALUES (?, ?) to insert 0 records.","v":1}
{"level":30,"time":1589725318261,"pid":31073,"hostname":"localhost.localdomain","msg":"Preparing statement: INSERT INTO DEVICE_TYPE_COMMAND (DEVICE_TYPE_CLUSTER_REF, COMMAND_NAME) VALUES (?, ?) to insert 0 records.","v":1}
{"level":30,"time":1589725318261,"pid":31073,"hostname":"localhost.localdomain","msg":"Executed insert: INSERT INTO DEVICE_TYPE_CLUSTER (DEVICE_TYPE_REF, CLUSTER_NAME, INCLUDE_CLIENT, INCLUDE_SERVER, LOCK_CLIENT, LOCK_SERVER) VALUES (?,?,?,?,?,?): 143,Basic,false,true,true,true => rowid: 1494","v":1}
{"level":30,"time":1589725318261,"pid":31073,"hostname":"localhost.localdomain","msg":"Executed insert: INSERT INTO DEVICE_TYPE_CLUSTER (DEVICE_TYPE_REF, CLUSTER_NAME, INCLUDE_CLIENT, INCLUDE_SERVER, LOCK_CLIENT, LOCK_SERVER) VALUES (?,?,?,?,?,?): 143,Identify,true,true,true,true => rowid: 1495","v":1}
{"level":30,"time":1589725318262,"pid":31073,"hostname":"localhost.localdomain","msg":"Executed insert: INSERT INTO DEVICE_TYPE_CLUSTER (DEVICE_TYPE_REF, CLUSTER_NAME, INCLUDE_CLIENT, INCLUDE_SERVER, LOCK_CLIENT, LOCK_SERVER) VALUES (?,?,?,?,?,?): 143,Power Configuration,false,false,true,false => rowid: 1496","v":1}
{"level":30,"time":1589725318262,"pid":31073,"hostname":"localhost.localdomain","msg":"Executed insert: INSERT INTO DEVICE_TYPE_CLUSTER (DEVICE_TYPE_REF, CLUSTER_NAME, INCLUDE_CLIENT, INCLUDE_SERVER, LOCK_CLIENT, LOCK_SERVER) VALUES (?,?,?,?,?,?): 143,Device Temperature Configuration,false,false,true,false => rowid: 1497","v":1}
{"level":30,"time":1589725318262,"pid":31073,"hostname":"localhost.localdomain","msg":"Executed insert: INSERT INTO DEVICE_TYPE_CLUSTER (DEVICE_TYPE_REF, CLUSTER_NAME, INCLUDE_CLIENT, INCLUDE_SERVER, LOCK_CLIENT, LOCK_SERVER) VALUES (?,?,?,?,?,?): 143,Alarms,false,false,true,false => rowid: 1498","v":1}
{"level":30,"time":1589725318262,"pid":31073,"hostname":"localhost.localdomain","msg":"Executed insert: INSERT INTO DEVICE_TYPE_CLUSTER (DEVICE_TYPE_REF, CLUSTER_NAME, INCLUDE_CLIENT, INCLUDE_SERVER, LOCK_CLIENT, LOCK_SERVER) VALUES (?,?,?,?,?,?): 143,Flow measurement,false,true,true,true => rowid: 1499","v":1}
{"level":30,"time":1589725318262,"pid":31073,"hostname":"localhost.localdomain","msg":"Executed insert: INSERT INTO DEVICE_TYPE_CLUSTER (DEVICE_TYPE_REF, CLUSTER_NAME, INCLUDE_CLIENT, INCLUDE_SERVER, LOCK_CLIENT, LOCK_SERVER) VALUES (?,?,?,?,?,?): 143,Groups,false,false,false,true => rowid: 1500","v":1}
{"level":30,"time":1589725318262,"pid":31073,"hostname":"localhost.localdomain","msg":"Executed insert: INSERT INTO DEVICE_TYPE_CLUSTER (DEVICE_TYPE_REF, CLUSTER_NAME, INCLUDE_CLIENT, INCLUDE_SERVER, LOCK_CLIENT, LOCK_SERVER) VALUES (?,?,?,?,?,?): 143,Poll Control,false,false,true,false => rowid: 1501","v":1}
{"level":30,"time":1589725318262,"pid":31073,"hostname":"localhost.localdomain","msg":"Executed insert: INSERT INTO DEVICE_TYPE_CLUSTER (DEVICE_TYPE_REF, CLUSTER_NAME, INCLUDE_CLIENT, INCLUDE_SERVER, LOCK_CLIENT, LOCK_SERVER) VALUES (?,?,?,?,?,?): 143,Electrical Measurement,false,false,true,false => rowid: 1502","v":1}
{"level":30,"time":1589725318262,"pid":31073,"hostname":"localhost.localdomain","msg":"Executed insert: INSERT INTO DEVICE_TYPE_CLUSTER (DEVICE_TYPE_REF, CLUSTER_NAME, INCLUDE_CLIENT, INCLUDE_SERVER, LOCK_CLIENT, LOCK_SERVER) VALUES (?,?,?,?,?,?): 143,Time,false,false,false,true => rowid: 1503","v":1}
{"level":30,"time":1589725318262,"pid":31073,"hostname":"localhost.localdomain","msg":"Executed insert: INSERT INTO DEVICE_TYPE_CLUSTER (DEVICE_TYPE_REF, CLUSTER_NAME, INCLUDE_CLIENT, INCLUDE_SERVER, LOCK_CLIENT, LOCK_SERVER) VALUES (?,?,?,?,?,?): 143,Over the Air Bootloading,false,false,false,false => rowid: 1504","v":1}
{"level":30,"time":1589725318262,"pid":31073,"hostname":"localhost.localdomain","msg":"Executed insert: INSERT INTO DEVICE_TYPE_CLUSTER (DEVICE_TYPE_REF, CLUSTER_NAME, INCLUDE_CLIENT, INCLUDE_SERVER, LOCK_CLIENT, LOCK_SERVER) VALUES (?,?,?,?,?,?): 143,Partition,false,false,false,false => rowid: 1505","v":1}
{"level":30,"time":1589725318262,"pid":31073,"hostname":"localhost.localdomain","msg":"Preparing statement: INSERT INTO DEVICE_TYPE_ATTRIBUTE (DEVICE_TYPE_CLUSTER_REF, ATTRIBUTE_NAME) VALUES (?, ?) to insert 0 records.","v":1}
{"level":30,"time":1589725318262,"pid":31073,"hostname":"localhost.localdomain","msg":"Preparing statement: INSERT INTO DEVICE_TYPE_COMMAND (DEVICE_TYPE_CLUSTER_REF, COMMAND_NAME) VALUES (?, ?) to insert 0 records.","v":1}
{"level":30,"time":1589725318262,"pid":31073,"hostname":"localhost.localdomain","msg":"Executed insert: INSERT INTO DEVICE_TYPE_CLUSTER (DEVICE_TYPE_REF, CLUSTER_NAME, INCLUDE_CLIENT, INCLUDE_SERVER, LOCK_CLIENT, LOCK_SERVER) VALUES (?,?,?,?,?,?): 144,Basic,false,true,true,true => rowid: 1506","v":1}
{"level":30,"time":1589725318262,"pid":31073,"hostname":"localhost.localdomain","msg":"Executed insert: INSERT INTO DEVICE_TYPE_CLUSTER (DEVICE_TYPE_REF, CLUSTER_NAME, INCLUDE_CLIENT, INCLUDE_SERVER, LOCK_CLIENT, LOCK_SERVER) VALUES (?,?,?,?,?,?): 144,Identify,true,true,true,true => rowid: 1507","v":1}
{"level":30,"time":1589725318262,"pid":31073,"hostname":"localhost.localdomain","msg":"Executed insert: INSERT INTO DEVICE_TYPE_CLUSTER (DEVICE_TYPE_REF, CLUSTER_NAME, INCLUDE_CLIENT, INCLUDE_SERVER, LOCK_CLIENT, LOCK_SERVER) VALUES (?,?,?,?,?,?): 144,Power Configuration,false,false,true,false => rowid: 1508","v":1}
{"level":30,"time":1589725318262,"pid":31073,"hostname":"localhost.localdomain","msg":"Executed insert: INSERT INTO DEVICE_TYPE_CLUSTER (DEVICE_TYPE_REF, CLUSTER_NAME, INCLUDE_CLIENT, INCLUDE_SERVER, LOCK_CLIENT, LOCK_SERVER) VALUES (?,?,?,?,?,?): 144,Device Temperature Configuration,false,false,true,false => rowid: 1509","v":1}
{"level":30,"time":1589725318262,"pid":31073,"hostname":"localhost.localdomain","msg":"Executed insert: INSERT INTO DEVICE_TYPE_CLUSTER (DEVICE_TYPE_REF, CLUSTER_NAME, INCLUDE_CLIENT, INCLUDE_SERVER, LOCK_CLIENT, LOCK_SERVER) VALUES (?,?,?,?,?,?): 144,Alarms,false,false,true,false => rowid: 1510","v":1}
{"level":30,"time":1589725318262,"pid":31073,"hostname":"localhost.localdomain","msg":"Executed insert: INSERT INTO DEVICE_TYPE_CLUSTER (DEVICE_TYPE_REF, CLUSTER_NAME, INCLUDE_CLIENT, INCLUDE_SERVER, LOCK_CLIENT, LOCK_SERVER) VALUES (?,?,?,?,?,?): 144,IAS ACE,false,true,true,true => rowid: 1511","v":1}
{"level":30,"time":1589725318262,"pid":31073,"hostname":"localhost.localdomain","msg":"Executed insert: INSERT INTO DEVICE_TYPE_CLUSTER (DEVICE_TYPE_REF, CLUSTER_NAME, INCLUDE_CLIENT, INCLUDE_SERVER, LOCK_CLIENT, LOCK_SERVER) VALUES (?,?,?,?,?,?): 144,IAS WD,true,false,true,true => rowid: 1512","v":1}
{"level":30,"time":1589725318262,"pid":31073,"hostname":"localhost.localdomain","msg":"Executed insert: INSERT INTO DEVICE_TYPE_CLUSTER (DEVICE_TYPE_REF, CLUSTER_NAME, INCLUDE_CLIENT, INCLUDE_SERVER, LOCK_CLIENT, LOCK_SERVER) VALUES (?,?,?,?,?,?): 144,IAS Zone,true,false,true,true => rowid: 1513","v":1}
{"level":30,"time":1589725318262,"pid":31073,"hostname":"localhost.localdomain","msg":"Executed insert: INSERT INTO DEVICE_TYPE_CLUSTER (DEVICE_TYPE_REF, CLUSTER_NAME, INCLUDE_CLIENT, INCLUDE_SERVER, LOCK_CLIENT, LOCK_SERVER) VALUES (?,?,?,?,?,?): 144,Scenes,false,false,false,true => rowid: 1514","v":1}
{"level":30,"time":1589725318262,"pid":31073,"hostname":"localhost.localdomain","msg":"Executed insert: INSERT INTO DEVICE_TYPE_CLUSTER (DEVICE_TYPE_REF, CLUSTER_NAME, INCLUDE_CLIENT, INCLUDE_SERVER, LOCK_CLIENT, LOCK_SERVER) VALUES (?,?,?,?,?,?): 144,Groups,false,false,false,true => rowid: 1515","v":1}
{"level":30,"time":1589725318262,"pid":31073,"hostname":"localhost.localdomain","msg":"Executed insert: INSERT INTO DEVICE_TYPE_CLUSTER (DEVICE_TYPE_REF, CLUSTER_NAME, INCLUDE_CLIENT, INCLUDE_SERVER, LOCK_CLIENT, LOCK_SERVER) VALUES (?,?,?,?,?,?): 144,Poll Control,false,false,true,false => rowid: 1516","v":1}
{"level":30,"time":1589725318263,"pid":31073,"hostname":"localhost.localdomain","msg":"Executed insert: INSERT INTO DEVICE_TYPE_CLUSTER (DEVICE_TYPE_REF, CLUSTER_NAME, INCLUDE_CLIENT, INCLUDE_SERVER, LOCK_CLIENT, LOCK_SERVER) VALUES (?,?,?,?,?,?): 144,Electrical Measurement,false,false,true,false => rowid: 1517","v":1}
{"level":30,"time":1589725318263,"pid":31073,"hostname":"localhost.localdomain","msg":"Executed insert: INSERT INTO DEVICE_TYPE_CLUSTER (DEVICE_TYPE_REF, CLUSTER_NAME, INCLUDE_CLIENT, INCLUDE_SERVER, LOCK_CLIENT, LOCK_SERVER) VALUES (?,?,?,?,?,?): 144,Time,false,false,false,true => rowid: 1518","v":1}
{"level":30,"time":1589725318263,"pid":31073,"hostname":"localhost.localdomain","msg":"Executed insert: INSERT INTO DEVICE_TYPE_CLUSTER (DEVICE_TYPE_REF, CLUSTER_NAME, INCLUDE_CLIENT, INCLUDE_SERVER, LOCK_CLIENT, LOCK_SERVER) VALUES (?,?,?,?,?,?): 144,Over the Air Bootloading,false,false,false,false => rowid: 1519","v":1}
{"level":30,"time":1589725318263,"pid":31073,"hostname":"localhost.localdomain","msg":"Executed insert: INSERT INTO DEVICE_TYPE_CLUSTER (DEVICE_TYPE_REF, CLUSTER_NAME, INCLUDE_CLIENT, INCLUDE_SERVER, LOCK_CLIENT, LOCK_SERVER) VALUES (?,?,?,?,?,?): 144,Partition,false,false,false,false => rowid: 1520","v":1}
{"level":30,"time":1589725318263,"pid":31073,"hostname":"localhost.localdomain","msg":"Preparing statement: INSERT INTO DEVICE_TYPE_ATTRIBUTE (DEVICE_TYPE_CLUSTER_REF, ATTRIBUTE_NAME) VALUES (?, ?) to insert 0 records.","v":1}
{"level":30,"time":1589725318263,"pid":31073,"hostname":"localhost.localdomain","msg":"Preparing statement: INSERT INTO DEVICE_TYPE_COMMAND (DEVICE_TYPE_CLUSTER_REF, COMMAND_NAME) VALUES (?, ?) to insert 0 records.","v":1}
{"level":30,"time":1589725318263,"pid":31073,"hostname":"localhost.localdomain","msg":"Executed insert: INSERT INTO DEVICE_TYPE_CLUSTER (DEVICE_TYPE_REF, CLUSTER_NAME, INCLUDE_CLIENT, INCLUDE_SERVER, LOCK_CLIENT, LOCK_SERVER) VALUES (?,?,?,?,?,?): 145,Basic,false,true,true,true => rowid: 1521","v":1}
{"level":30,"time":1589725318263,"pid":31073,"hostname":"localhost.localdomain","msg":"Executed insert: INSERT INTO DEVICE_TYPE_CLUSTER (DEVICE_TYPE_REF, CLUSTER_NAME, INCLUDE_CLIENT, INCLUDE_SERVER, LOCK_CLIENT, LOCK_SERVER) VALUES (?,?,?,?,?,?): 145,Identify,true,true,true,true => rowid: 1522","v":1}
{"level":30,"time":1589725318263,"pid":31073,"hostname":"localhost.localdomain","msg":"Executed insert: INSERT INTO DEVICE_TYPE_CLUSTER (DEVICE_TYPE_REF, CLUSTER_NAME, INCLUDE_CLIENT, INCLUDE_SERVER, LOCK_CLIENT, LOCK_SERVER) VALUES (?,?,?,?,?,?): 145,Power Configuration,false,false,true,false => rowid: 1523","v":1}
{"level":30,"time":1589725318263,"pid":31073,"hostname":"localhost.localdomain","msg":"Executed insert: INSERT INTO DEVICE_TYPE_CLUSTER (DEVICE_TYPE_REF, CLUSTER_NAME, INCLUDE_CLIENT, INCLUDE_SERVER, LOCK_CLIENT, LOCK_SERVER) VALUES (?,?,?,?,?,?): 145,Device Temperature Configuration,false,false,true,false => rowid: 1524","v":1}
{"level":30,"time":1589725318263,"pid":31073,"hostname":"localhost.localdomain","msg":"Executed insert: INSERT INTO DEVICE_TYPE_CLUSTER (DEVICE_TYPE_REF, CLUSTER_NAME, INCLUDE_CLIENT, INCLUDE_SERVER, LOCK_CLIENT, LOCK_SERVER) VALUES (?,?,?,?,?,?): 145,Alarms,false,false,true,false => rowid: 1525","v":1}
{"level":30,"time":1589725318263,"pid":31073,"hostname":"localhost.localdomain","msg":"Executed insert: INSERT INTO DEVICE_TYPE_CLUSTER (DEVICE_TYPE_REF, CLUSTER_NAME, INCLUDE_CLIENT, INCLUDE_SERVER, LOCK_CLIENT, LOCK_SERVER) VALUES (?,?,?,?,?,?): 145,IAS Zone,false,true,true,true => rowid: 1526","v":1}
{"level":30,"time":1589725318263,"pid":31073,"hostname":"localhost.localdomain","msg":"Executed insert: INSERT INTO DEVICE_TYPE_CLUSTER (DEVICE_TYPE_REF, CLUSTER_NAME, INCLUDE_CLIENT, INCLUDE_SERVER, LOCK_CLIENT, LOCK_SERVER) VALUES (?,?,?,?,?,?): 145,IAS ACE,true,false,true,true => rowid: 1527","v":1}
{"level":30,"time":1589725318263,"pid":31073,"hostname":"localhost.localdomain","msg":"Executed insert: INSERT INTO DEVICE_TYPE_CLUSTER (DEVICE_TYPE_REF, CLUSTER_NAME, INCLUDE_CLIENT, INCLUDE_SERVER, LOCK_CLIENT, LOCK_SERVER) VALUES (?,?,?,?,?,?): 145,Poll Control,false,false,true,false => rowid: 1528","v":1}
{"level":30,"time":1589725318263,"pid":31073,"hostname":"localhost.localdomain","msg":"Executed insert: INSERT INTO DEVICE_TYPE_CLUSTER (DEVICE_TYPE_REF, CLUSTER_NAME, INCLUDE_CLIENT, INCLUDE_SERVER, LOCK_CLIENT, LOCK_SERVER) VALUES (?,?,?,?,?,?): 145,Electrical Measurement,false,false,true,false => rowid: 1529","v":1}
{"level":30,"time":1589725318263,"pid":31073,"hostname":"localhost.localdomain","msg":"Executed insert: INSERT INTO DEVICE_TYPE_CLUSTER (DEVICE_TYPE_REF, CLUSTER_NAME, INCLUDE_CLIENT, INCLUDE_SERVER, LOCK_CLIENT, LOCK_SERVER) VALUES (?,?,?,?,?,?): 145,Time,false,false,false,true => rowid: 1530","v":1}
{"level":30,"time":1589725318263,"pid":31073,"hostname":"localhost.localdomain","msg":"Executed insert: INSERT INTO DEVICE_TYPE_CLUSTER (DEVICE_TYPE_REF, CLUSTER_NAME, INCLUDE_CLIENT, INCLUDE_SERVER, LOCK_CLIENT, LOCK_SERVER) VALUES (?,?,?,?,?,?): 145,Over the Air Bootloading,false,false,false,false => rowid: 1531","v":1}
{"level":30,"time":1589725318263,"pid":31073,"hostname":"localhost.localdomain","msg":"Executed insert: INSERT INTO DEVICE_TYPE_CLUSTER (DEVICE_TYPE_REF, CLUSTER_NAME, INCLUDE_CLIENT, INCLUDE_SERVER, LOCK_CLIENT, LOCK_SERVER) VALUES (?,?,?,?,?,?): 145,Partition,false,false,false,false => rowid: 1532","v":1}
{"level":30,"time":1589725318263,"pid":31073,"hostname":"localhost.localdomain","msg":"Preparing statement: INSERT INTO DEVICE_TYPE_ATTRIBUTE (DEVICE_TYPE_CLUSTER_REF, ATTRIBUTE_NAME) VALUES (?, ?) to insert 0 records.","v":1}
{"level":30,"time":1589725318263,"pid":31073,"hostname":"localhost.localdomain","msg":"Preparing statement: INSERT INTO DEVICE_TYPE_COMMAND (DEVICE_TYPE_CLUSTER_REF, COMMAND_NAME) VALUES (?, ?) to insert 0 records.","v":1}
{"level":30,"time":1589725318263,"pid":31073,"hostname":"localhost.localdomain","msg":"Executed insert: INSERT INTO DEVICE_TYPE_CLUSTER (DEVICE_TYPE_REF, CLUSTER_NAME, INCLUDE_CLIENT, INCLUDE_SERVER, LOCK_CLIENT, LOCK_SERVER) VALUES (?,?,?,?,?,?): 146,Basic,false,true,true,true => rowid: 1533","v":1}
{"level":30,"time":1589725318263,"pid":31073,"hostname":"localhost.localdomain","msg":"Executed insert: INSERT INTO DEVICE_TYPE_CLUSTER (DEVICE_TYPE_REF, CLUSTER_NAME, INCLUDE_CLIENT, INCLUDE_SERVER, LOCK_CLIENT, LOCK_SERVER) VALUES (?,?,?,?,?,?): 146,Identify,true,true,true,true => rowid: 1534","v":1}
{"level":30,"time":1589725318263,"pid":31073,"hostname":"localhost.localdomain","msg":"Executed insert: INSERT INTO DEVICE_TYPE_CLUSTER (DEVICE_TYPE_REF, CLUSTER_NAME, INCLUDE_CLIENT, INCLUDE_SERVER, LOCK_CLIENT, LOCK_SERVER) VALUES (?,?,?,?,?,?): 146,Power Configuration,false,false,true,false => rowid: 1535","v":1}
{"level":30,"time":1589725318263,"pid":31073,"hostname":"localhost.localdomain","msg":"Executed insert: INSERT INTO DEVICE_TYPE_CLUSTER (DEVICE_TYPE_REF, CLUSTER_NAME, INCLUDE_CLIENT, INCLUDE_SERVER, LOCK_CLIENT, LOCK_SERVER) VALUES (?,?,?,?,?,?): 146,Device Temperature Configuration,false,false,true,false => rowid: 1536","v":1}
{"level":30,"time":1589725318263,"pid":31073,"hostname":"localhost.localdomain","msg":"Executed insert: INSERT INTO DEVICE_TYPE_CLUSTER (DEVICE_TYPE_REF, CLUSTER_NAME, INCLUDE_CLIENT, INCLUDE_SERVER, LOCK_CLIENT, LOCK_SERVER) VALUES (?,?,?,?,?,?): 146,Alarms,false,false,true,false => rowid: 1537","v":1}
{"level":30,"time":1589725318264,"pid":31073,"hostname":"localhost.localdomain","msg":"Executed insert: INSERT INTO DEVICE_TYPE_CLUSTER (DEVICE_TYPE_REF, CLUSTER_NAME, INCLUDE_CLIENT, INCLUDE_SERVER, LOCK_CLIENT, LOCK_SERVER) VALUES (?,?,?,?,?,?): 146,IAS Zone,false,true,true,true => rowid: 1538","v":1}
{"level":30,"time":1589725318264,"pid":31073,"hostname":"localhost.localdomain","msg":"Executed insert: INSERT INTO DEVICE_TYPE_CLUSTER (DEVICE_TYPE_REF, CLUSTER_NAME, INCLUDE_CLIENT, INCLUDE_SERVER, LOCK_CLIENT, LOCK_SERVER) VALUES (?,?,?,?,?,?): 146,Poll Control,false,false,true,false => rowid: 1539","v":1}
{"level":30,"time":1589725318264,"pid":31073,"hostname":"localhost.localdomain","msg":"Executed insert: INSERT INTO DEVICE_TYPE_CLUSTER (DEVICE_TYPE_REF, CLUSTER_NAME, INCLUDE_CLIENT, INCLUDE_SERVER, LOCK_CLIENT, LOCK_SERVER) VALUES (?,?,?,?,?,?): 146,Electrical Measurement,false,false,true,false => rowid: 1540","v":1}
{"level":30,"time":1589725318264,"pid":31073,"hostname":"localhost.localdomain","msg":"Executed insert: INSERT INTO DEVICE_TYPE_CLUSTER (DEVICE_TYPE_REF, CLUSTER_NAME, INCLUDE_CLIENT, INCLUDE_SERVER, LOCK_CLIENT, LOCK_SERVER) VALUES (?,?,?,?,?,?): 146,Time,false,false,false,true => rowid: 1541","v":1}
{"level":30,"time":1589725318264,"pid":31073,"hostname":"localhost.localdomain","msg":"Executed insert: INSERT INTO DEVICE_TYPE_CLUSTER (DEVICE_TYPE_REF, CLUSTER_NAME, INCLUDE_CLIENT, INCLUDE_SERVER, LOCK_CLIENT, LOCK_SERVER) VALUES (?,?,?,?,?,?): 146,Over the Air Bootloading,false,false,false,false => rowid: 1542","v":1}
{"level":30,"time":1589725318264,"pid":31073,"hostname":"localhost.localdomain","msg":"Executed insert: INSERT INTO DEVICE_TYPE_CLUSTER (DEVICE_TYPE_REF, CLUSTER_NAME, INCLUDE_CLIENT, INCLUDE_SERVER, LOCK_CLIENT, LOCK_SERVER) VALUES (?,?,?,?,?,?): 146,Partition,false,false,false,false => rowid: 1543","v":1}
{"level":30,"time":1589725318264,"pid":31073,"hostname":"localhost.localdomain","msg":"Preparing statement: INSERT INTO DEVICE_TYPE_ATTRIBUTE (DEVICE_TYPE_CLUSTER_REF, ATTRIBUTE_NAME) VALUES (?, ?) to insert 0 records.","v":1}
{"level":30,"time":1589725318264,"pid":31073,"hostname":"localhost.localdomain","msg":"Preparing statement: INSERT INTO DEVICE_TYPE_COMMAND (DEVICE_TYPE_CLUSTER_REF, COMMAND_NAME) VALUES (?, ?) to insert 0 records.","v":1}
{"level":30,"time":1589725318264,"pid":31073,"hostname":"localhost.localdomain","msg":"Executed insert: INSERT INTO DEVICE_TYPE_CLUSTER (DEVICE_TYPE_REF, CLUSTER_NAME, INCLUDE_CLIENT, INCLUDE_SERVER, LOCK_CLIENT, LOCK_SERVER) VALUES (?,?,?,?,?,?): 147,Basic,false,true,true,true => rowid: 1544","v":1}
{"level":30,"time":1589725318264,"pid":31073,"hostname":"localhost.localdomain","msg":"Executed insert: INSERT INTO DEVICE_TYPE_CLUSTER (DEVICE_TYPE_REF, CLUSTER_NAME, INCLUDE_CLIENT, INCLUDE_SERVER, LOCK_CLIENT, LOCK_SERVER) VALUES (?,?,?,?,?,?): 147,Identify,true,true,true,true => rowid: 1545","v":1}
{"level":30,"time":1589725318264,"pid":31073,"hostname":"localhost.localdomain","msg":"Executed insert: INSERT INTO DEVICE_TYPE_CLUSTER (DEVICE_TYPE_REF, CLUSTER_NAME, INCLUDE_CLIENT, INCLUDE_SERVER, LOCK_CLIENT, LOCK_SERVER) VALUES (?,?,?,?,?,?): 147,Power Configuration,false,false,true,false => rowid: 1546","v":1}
{"level":30,"time":1589725318264,"pid":31073,"hostname":"localhost.localdomain","msg":"Executed insert: INSERT INTO DEVICE_TYPE_CLUSTER (DEVICE_TYPE_REF, CLUSTER_NAME, INCLUDE_CLIENT, INCLUDE_SERVER, LOCK_CLIENT, LOCK_SERVER) VALUES (?,?,?,?,?,?): 147,Device Temperature Configuration,false,false,true,false => rowid: 1547","v":1}
{"level":30,"time":1589725318264,"pid":31073,"hostname":"localhost.localdomain","msg":"Executed insert: INSERT INTO DEVICE_TYPE_CLUSTER (DEVICE_TYPE_REF, CLUSTER_NAME, INCLUDE_CLIENT, INCLUDE_SERVER, LOCK_CLIENT, LOCK_SERVER) VALUES (?,?,?,?,?,?): 147,Alarms,false,false,true,false => rowid: 1548","v":1}
{"level":30,"time":1589725318264,"pid":31073,"hostname":"localhost.localdomain","msg":"Executed insert: INSERT INTO DEVICE_TYPE_CLUSTER (DEVICE_TYPE_REF, CLUSTER_NAME, INCLUDE_CLIENT, INCLUDE_SERVER, LOCK_CLIENT, LOCK_SERVER) VALUES (?,?,?,?,?,?): 147,IAS WD,false,true,true,true => rowid: 1549","v":1}
{"level":30,"time":1589725318264,"pid":31073,"hostname":"localhost.localdomain","msg":"Executed insert: INSERT INTO DEVICE_TYPE_CLUSTER (DEVICE_TYPE_REF, CLUSTER_NAME, INCLUDE_CLIENT, INCLUDE_SERVER, LOCK_CLIENT, LOCK_SERVER) VALUES (?,?,?,?,?,?): 147,IAS Zone,false,true,true,true => rowid: 1550","v":1}
{"level":30,"time":1589725318264,"pid":31073,"hostname":"localhost.localdomain","msg":"Executed insert: INSERT INTO DEVICE_TYPE_CLUSTER (DEVICE_TYPE_REF, CLUSTER_NAME, INCLUDE_CLIENT, INCLUDE_SERVER, LOCK_CLIENT, LOCK_SERVER) VALUES (?,?,?,?,?,?): 147,Scenes,false,false,true,false => rowid: 1551","v":1}
{"level":30,"time":1589725318264,"pid":31073,"hostname":"localhost.localdomain","msg":"Executed insert: INSERT INTO DEVICE_TYPE_CLUSTER (DEVICE_TYPE_REF, CLUSTER_NAME, INCLUDE_CLIENT, INCLUDE_SERVER, LOCK_CLIENT, LOCK_SERVER) VALUES (?,?,?,?,?,?): 147,Groups,false,false,true,false => rowid: 1552","v":1}
{"level":30,"time":1589725318264,"pid":31073,"hostname":"localhost.localdomain","msg":"Executed insert: INSERT INTO DEVICE_TYPE_CLUSTER (DEVICE_TYPE_REF, CLUSTER_NAME, INCLUDE_CLIENT, INCLUDE_SERVER, LOCK_CLIENT, LOCK_SERVER) VALUES (?,?,?,?,?,?): 147,Poll Control,false,false,true,false => rowid: 1553","v":1}
{"level":30,"time":1589725318264,"pid":31073,"hostname":"localhost.localdomain","msg":"Executed insert: INSERT INTO DEVICE_TYPE_CLUSTER (DEVICE_TYPE_REF, CLUSTER_NAME, INCLUDE_CLIENT, INCLUDE_SERVER, LOCK_CLIENT, LOCK_SERVER) VALUES (?,?,?,?,?,?): 147,Electrical Measurement,false,false,true,false => rowid: 1554","v":1}
{"level":30,"time":1589725318264,"pid":31073,"hostname":"localhost.localdomain","msg":"Executed insert: INSERT INTO DEVICE_TYPE_CLUSTER (DEVICE_TYPE_REF, CLUSTER_NAME, INCLUDE_CLIENT, INCLUDE_SERVER, LOCK_CLIENT, LOCK_SERVER) VALUES (?,?,?,?,?,?): 147,Time,false,false,false,true => rowid: 1555","v":1}
{"level":30,"time":1589725318264,"pid":31073,"hostname":"localhost.localdomain","msg":"Executed insert: INSERT INTO DEVICE_TYPE_CLUSTER (DEVICE_TYPE_REF, CLUSTER_NAME, INCLUDE_CLIENT, INCLUDE_SERVER, LOCK_CLIENT, LOCK_SERVER) VALUES (?,?,?,?,?,?): 147,Partition,false,false,false,false => rowid: 1556","v":1}
{"level":30,"time":1589725318264,"pid":31073,"hostname":"localhost.localdomain","msg":"Executed insert: INSERT INTO DEVICE_TYPE_CLUSTER (DEVICE_TYPE_REF, CLUSTER_NAME, INCLUDE_CLIENT, INCLUDE_SERVER, LOCK_CLIENT, LOCK_SERVER) VALUES (?,?,?,?,?,?): 147,Over the Air Bootloading,false,false,false,false => rowid: 1557","v":1}
{"level":30,"time":1589725318264,"pid":31073,"hostname":"localhost.localdomain","msg":"Preparing statement: INSERT INTO DEVICE_TYPE_ATTRIBUTE (DEVICE_TYPE_CLUSTER_REF, ATTRIBUTE_NAME) VALUES (?, ?) to insert 0 records.","v":1}
{"level":30,"time":1589725318264,"pid":31073,"hostname":"localhost.localdomain","msg":"Preparing statement: INSERT INTO DEVICE_TYPE_COMMAND (DEVICE_TYPE_CLUSTER_REF, COMMAND_NAME) VALUES (?, ?) to insert 0 records.","v":1}
{"level":30,"time":1589725318264,"pid":31073,"hostname":"localhost.localdomain","msg":"Executed insert: INSERT INTO DEVICE_TYPE_CLUSTER (DEVICE_TYPE_REF, CLUSTER_NAME, INCLUDE_CLIENT, INCLUDE_SERVER, LOCK_CLIENT, LOCK_SERVER) VALUES (?,?,?,?,?,?): 148,Basic,false,true,true,true => rowid: 1558","v":1}
{"level":30,"time":1589725318264,"pid":31073,"hostname":"localhost.localdomain","msg":"Executed insert: INSERT INTO DEVICE_TYPE_CLUSTER (DEVICE_TYPE_REF, CLUSTER_NAME, INCLUDE_CLIENT, INCLUDE_SERVER, LOCK_CLIENT, LOCK_SERVER) VALUES (?,?,?,?,?,?): 148,Identify,true,true,true,true => rowid: 1559","v":1}
{"level":30,"time":1589725318265,"pid":31073,"hostname":"localhost.localdomain","msg":"Executed insert: INSERT INTO DEVICE_TYPE_CLUSTER (DEVICE_TYPE_REF, CLUSTER_NAME, INCLUDE_CLIENT, INCLUDE_SERVER, LOCK_CLIENT, LOCK_SERVER) VALUES (?,?,?,?,?,?): 148,Power Configuration,false,false,true,false => rowid: 1560","v":1}
{"level":30,"time":1589725318265,"pid":31073,"hostname":"localhost.localdomain","msg":"Executed insert: INSERT INTO DEVICE_TYPE_CLUSTER (DEVICE_TYPE_REF, CLUSTER_NAME, INCLUDE_CLIENT, INCLUDE_SERVER, LOCK_CLIENT, LOCK_SERVER) VALUES (?,?,?,?,?,?): 148,Device Temperature Configuration,false,false,true,false => rowid: 1561","v":1}
{"level":30,"time":1589725318265,"pid":31073,"hostname":"localhost.localdomain","msg":"Executed insert: INSERT INTO DEVICE_TYPE_CLUSTER (DEVICE_TYPE_REF, CLUSTER_NAME, INCLUDE_CLIENT, INCLUDE_SERVER, LOCK_CLIENT, LOCK_SERVER) VALUES (?,?,?,?,?,?): 148,Poll Control,false,false,true,false => rowid: 1562","v":1}
{"level":30,"time":1589725318265,"pid":31073,"hostname":"localhost.localdomain","msg":"Executed insert: INSERT INTO DEVICE_TYPE_CLUSTER (DEVICE_TYPE_REF, CLUSTER_NAME, INCLUDE_CLIENT, INCLUDE_SERVER, LOCK_CLIENT, LOCK_SERVER) VALUES (?,?,?,?,?,?): 148,Alarms,false,false,true,false => rowid: 1563","v":1}
{"level":30,"time":1589725318265,"pid":31073,"hostname":"localhost.localdomain","msg":"Executed insert: INSERT INTO DEVICE_TYPE_CLUSTER (DEVICE_TYPE_REF, CLUSTER_NAME, INCLUDE_CLIENT, INCLUDE_SERVER, LOCK_CLIENT, LOCK_SERVER) VALUES (?,?,?,?,?,?): 148,Simple Metering,false,true,false,true => rowid: 1564","v":1}
{"level":30,"time":1589725318265,"pid":31073,"hostname":"localhost.localdomain","msg":"Executed insert: INSERT INTO DEVICE_TYPE_CLUSTER (DEVICE_TYPE_REF, CLUSTER_NAME, INCLUDE_CLIENT, INCLUDE_SERVER, LOCK_CLIENT, LOCK_SERVER) VALUES (?,?,?,?,?,?): 148,Electrical Measurement,false,false,true,false => rowid: 1565","v":1}
{"level":30,"time":1589725318265,"pid":31073,"hostname":"localhost.localdomain","msg":"Executed insert: INSERT INTO DEVICE_TYPE_CLUSTER (DEVICE_TYPE_REF, CLUSTER_NAME, INCLUDE_CLIENT, INCLUDE_SERVER, LOCK_CLIENT, LOCK_SERVER) VALUES (?,?,?,?,?,?): 148,Partition,false,false,false,false => rowid: 1566","v":1}
{"level":30,"time":1589725318265,"pid":31073,"hostname":"localhost.localdomain","msg":"Executed insert: INSERT INTO DEVICE_TYPE_CLUSTER (DEVICE_TYPE_REF, CLUSTER_NAME, INCLUDE_CLIENT, INCLUDE_SERVER, LOCK_CLIENT, LOCK_SERVER) VALUES (?,?,?,?,?,?): 148,Over the Air Bootloading,false,false,false,false => rowid: 1567","v":1}
{"level":30,"time":1589725318265,"pid":31073,"hostname":"localhost.localdomain","msg":"Executed insert: INSERT INTO DEVICE_TYPE_CLUSTER (DEVICE_TYPE_REF, CLUSTER_NAME, INCLUDE_CLIENT, INCLUDE_SERVER, LOCK_CLIENT, LOCK_SERVER) VALUES (?,?,?,?,?,?): 148,Time,false,false,false,true => rowid: 1568","v":1}
{"level":30,"time":1589725318265,"pid":31073,"hostname":"localhost.localdomain","msg":"Preparing statement: INSERT INTO DEVICE_TYPE_ATTRIBUTE (DEVICE_TYPE_CLUSTER_REF, ATTRIBUTE_NAME) VALUES (?, ?) to insert 0 records.","v":1}
{"level":30,"time":1589725318265,"pid":31073,"hostname":"localhost.localdomain","msg":"Preparing statement: INSERT INTO DEVICE_TYPE_COMMAND (DEVICE_TYPE_CLUSTER_REF, COMMAND_NAME) VALUES (?, ?) to insert 0 records.","v":1}
{"level":30,"time":1589725318265,"pid":31073,"hostname":"localhost.localdomain","msg":"Executed insert: INSERT INTO DEVICE_TYPE_CLUSTER (DEVICE_TYPE_REF, CLUSTER_NAME, INCLUDE_CLIENT, INCLUDE_SERVER, LOCK_CLIENT, LOCK_SERVER) VALUES (?,?,?,?,?,?): 149,Basic,false,true,true,true => rowid: 1569","v":1}
{"level":30,"time":1589725318265,"pid":31073,"hostname":"localhost.localdomain","msg":"Executed insert: INSERT INTO DEVICE_TYPE_CLUSTER (DEVICE_TYPE_REF, CLUSTER_NAME, INCLUDE_CLIENT, INCLUDE_SERVER, LOCK_CLIENT, LOCK_SERVER) VALUES (?,?,?,?,?,?): 149,Identify,true,true,true,true => rowid: 1570","v":1}
{"level":30,"time":1589725318265,"pid":31073,"hostname":"localhost.localdomain","msg":"Executed insert: INSERT INTO DEVICE_TYPE_CLUSTER (DEVICE_TYPE_REF, CLUSTER_NAME, INCLUDE_CLIENT, INCLUDE_SERVER, LOCK_CLIENT, LOCK_SERVER) VALUES (?,?,?,?,?,?): 149,Power Configuration,false,false,true,false => rowid: 1571","v":1}
{"level":30,"time":1589725318265,"pid":31073,"hostname":"localhost.localdomain","msg":"Executed insert: INSERT INTO DEVICE_TYPE_CLUSTER (DEVICE_TYPE_REF, CLUSTER_NAME, INCLUDE_CLIENT, INCLUDE_SERVER, LOCK_CLIENT, LOCK_SERVER) VALUES (?,?,?,?,?,?): 149,Device Temperature Configuration,false,false,true,false => rowid: 1572","v":1}
{"level":30,"time":1589725318265,"pid":31073,"hostname":"localhost.localdomain","msg":"Executed insert: INSERT INTO DEVICE_TYPE_CLUSTER (DEVICE_TYPE_REF, CLUSTER_NAME, INCLUDE_CLIENT, INCLUDE_SERVER, LOCK_CLIENT, LOCK_SERVER) VALUES (?,?,?,?,?,?): 149,Alarms,false,false,true,false => rowid: 1573","v":1}
{"level":30,"time":1589725318265,"pid":31073,"hostname":"localhost.localdomain","msg":"Executed insert: INSERT INTO DEVICE_TYPE_CLUSTER (DEVICE_TYPE_REF, CLUSTER_NAME, INCLUDE_CLIENT, INCLUDE_SERVER, LOCK_CLIENT, LOCK_SERVER) VALUES (?,?,?,?,?,?): 149,Poll Control,false,false,true,false => rowid: 1574","v":1}
{"level":30,"time":1589725318265,"pid":31073,"hostname":"localhost.localdomain","msg":"Executed insert: INSERT INTO DEVICE_TYPE_CLUSTER (DEVICE_TYPE_REF, CLUSTER_NAME, INCLUDE_CLIENT, INCLUDE_SERVER, LOCK_CLIENT, LOCK_SERVER) VALUES (?,?,?,?,?,?): 149,Electrical Measurement,false,false,true,false => rowid: 1575","v":1}
{"level":30,"time":1589725318265,"pid":31073,"hostname":"localhost.localdomain","msg":"Executed insert: INSERT INTO DEVICE_TYPE_CLUSTER (DEVICE_TYPE_REF, CLUSTER_NAME, INCLUDE_CLIENT, INCLUDE_SERVER, LOCK_CLIENT, LOCK_SERVER) VALUES (?,?,?,?,?,?): 149,Time,false,true,false,true => rowid: 1576","v":1}
{"level":30,"time":1589725318265,"pid":31073,"hostname":"localhost.localdomain","msg":"Executed insert: INSERT INTO DEVICE_TYPE_CLUSTER (DEVICE_TYPE_REF, CLUSTER_NAME, INCLUDE_CLIENT, INCLUDE_SERVER, LOCK_CLIENT, LOCK_SERVER) VALUES (?,?,?,?,?,?): 149,Simple Metering,true,false,true,false => rowid: 1577","v":1}
{"level":30,"time":1589725318265,"pid":31073,"hostname":"localhost.localdomain","msg":"Executed insert: INSERT INTO DEVICE_TYPE_CLUSTER (DEVICE_TYPE_REF, CLUSTER_NAME, INCLUDE_CLIENT, INCLUDE_SERVER, LOCK_CLIENT, LOCK_SERVER) VALUES (?,?,?,?,?,?): 149,Meter Identification,true,false,true,true => rowid: 1578","v":1}
{"level":30,"time":1589725318265,"pid":31073,"hostname":"localhost.localdomain","msg":"Executed insert: INSERT INTO DEVICE_TYPE_CLUSTER (DEVICE_TYPE_REF, CLUSTER_NAME, INCLUDE_CLIENT, INCLUDE_SERVER, LOCK_CLIENT, LOCK_SERVER) VALUES (?,?,?,?,?,?): 149,Power Profile,true,false,true,true => rowid: 1579","v":1}
{"level":30,"time":1589725318265,"pid":31073,"hostname":"localhost.localdomain","msg":"Executed insert: INSERT INTO DEVICE_TYPE_CLUSTER (DEVICE_TYPE_REF, CLUSTER_NAME, INCLUDE_CLIENT, INCLUDE_SERVER, LOCK_CLIENT, LOCK_SERVER) VALUES (?,?,?,?,?,?): 149,Appliance Statistics,true,false,true,true => rowid: 1580","v":1}
{"level":30,"time":1589725318265,"pid":31073,"hostname":"localhost.localdomain","msg":"Executed insert: INSERT INTO DEVICE_TYPE_CLUSTER (DEVICE_TYPE_REF, CLUSTER_NAME, INCLUDE_CLIENT, INCLUDE_SERVER, LOCK_CLIENT, LOCK_SERVER) VALUES (?,?,?,?,?,?): 149,Appliance Control,false,false,false,true => rowid: 1581","v":1}
{"level":30,"time":1589725318265,"pid":31073,"hostname":"localhost.localdomain","msg":"Executed insert: INSERT INTO DEVICE_TYPE_CLUSTER (DEVICE_TYPE_REF, CLUSTER_NAME, INCLUDE_CLIENT, INCLUDE_SERVER, LOCK_CLIENT, LOCK_SERVER) VALUES (?,?,?,?,?,?): 149,Appliance Identification,false,false,false,true => rowid: 1582","v":1}
{"level":30,"time":1589725318265,"pid":31073,"hostname":"localhost.localdomain","msg":"Executed insert: INSERT INTO DEVICE_TYPE_CLUSTER (DEVICE_TYPE_REF, CLUSTER_NAME, INCLUDE_CLIENT, INCLUDE_SERVER, LOCK_CLIENT, LOCK_SERVER) VALUES (?,?,?,?,?,?): 149,Appliance Events and Alert,false,false,false,true => rowid: 1583","v":1}
{"level":30,"time":1589725318266,"pid":31073,"hostname":"localhost.localdomain","msg":"Executed insert: INSERT INTO DEVICE_TYPE_CLUSTER (DEVICE_TYPE_REF, CLUSTER_NAME, INCLUDE_CLIENT, INCLUDE_SERVER, LOCK_CLIENT, LOCK_SERVER) VALUES (?,?,?,?,?,?): 149,Price,false,false,false,true => rowid: 1584","v":1}
{"level":30,"time":1589725318266,"pid":31073,"hostname":"localhost.localdomain","msg":"Executed insert: INSERT INTO DEVICE_TYPE_CLUSTER (DEVICE_TYPE_REF, CLUSTER_NAME, INCLUDE_CLIENT, INCLUDE_SERVER, LOCK_CLIENT, LOCK_SERVER) VALUES (?,?,?,?,?,?): 149,Over the Air Bootloading,false,false,false,false => rowid: 1585","v":1}
{"level":30,"time":1589725318266,"pid":31073,"hostname":"localhost.localdomain","msg":"Executed insert: INSERT INTO DEVICE_TYPE_CLUSTER (DEVICE_TYPE_REF, CLUSTER_NAME, INCLUDE_CLIENT, INCLUDE_SERVER, LOCK_CLIENT, LOCK_SERVER) VALUES (?,?,?,?,?,?): 149,Partition,false,false,false,false => rowid: 1586","v":1}
{"level":30,"time":1589725318266,"pid":31073,"hostname":"localhost.localdomain","msg":"Preparing statement: INSERT INTO DEVICE_TYPE_ATTRIBUTE (DEVICE_TYPE_CLUSTER_REF, ATTRIBUTE_NAME) VALUES (?, ?) to insert 0 records.","v":1}
{"level":30,"time":1589725318266,"pid":31073,"hostname":"localhost.localdomain","msg":"Preparing statement: INSERT INTO DEVICE_TYPE_COMMAND (DEVICE_TYPE_CLUSTER_REF, COMMAND_NAME) VALUES (?, ?) to insert 0 records.","v":1}
{"level":30,"time":1589725318266,"pid":31073,"hostname":"localhost.localdomain","msg":"Executed insert: INSERT INTO DEVICE_TYPE_CLUSTER (DEVICE_TYPE_REF, CLUSTER_NAME, INCLUDE_CLIENT, INCLUDE_SERVER, LOCK_CLIENT, LOCK_SERVER) VALUES (?,?,?,?,?,?): 150,Basic,false,true,true,true => rowid: 1587","v":1}
{"level":30,"time":1589725318266,"pid":31073,"hostname":"localhost.localdomain","msg":"Executed insert: INSERT INTO DEVICE_TYPE_CLUSTER (DEVICE_TYPE_REF, CLUSTER_NAME, INCLUDE_CLIENT, INCLUDE_SERVER, LOCK_CLIENT, LOCK_SERVER) VALUES (?,?,?,?,?,?): 150,Identify,true,true,true,true => rowid: 1588","v":1}
{"level":30,"time":1589725318266,"pid":31073,"hostname":"localhost.localdomain","msg":"Executed insert: INSERT INTO DEVICE_TYPE_CLUSTER (DEVICE_TYPE_REF, CLUSTER_NAME, INCLUDE_CLIENT, INCLUDE_SERVER, LOCK_CLIENT, LOCK_SERVER) VALUES (?,?,?,?,?,?): 150,On/off,false,true,true,true => rowid: 1589","v":1}
{"level":30,"time":1589725318266,"pid":31073,"hostname":"localhost.localdomain","msg":"Executed insert: INSERT INTO DEVICE_TYPE_CLUSTER (DEVICE_TYPE_REF, CLUSTER_NAME, INCLUDE_CLIENT, INCLUDE_SERVER, LOCK_CLIENT, LOCK_SERVER) VALUES (?,?,?,?,?,?): 150,Power Configuration,false,false,true,false => rowid: 1590","v":1}
{"level":30,"time":1589725318266,"pid":31073,"hostname":"localhost.localdomain","msg":"Executed insert: INSERT INTO DEVICE_TYPE_CLUSTER (DEVICE_TYPE_REF, CLUSTER_NAME, INCLUDE_CLIENT, INCLUDE_SERVER, LOCK_CLIENT, LOCK_SERVER) VALUES (?,?,?,?,?,?): 150,Device Temperature Configuration,false,false,true,false => rowid: 1591","v":1}
{"level":30,"time":1589725318266,"pid":31073,"hostname":"localhost.localdomain","msg":"Executed insert: INSERT INTO DEVICE_TYPE_CLUSTER (DEVICE_TYPE_REF, CLUSTER_NAME, INCLUDE_CLIENT, INCLUDE_SERVER, LOCK_CLIENT, LOCK_SERVER) VALUES (?,?,?,?,?,?): 150,Alarms,false,false,true,false => rowid: 1592","v":1}
{"level":30,"time":1589725318266,"pid":31073,"hostname":"localhost.localdomain","msg":"Executed insert: INSERT INTO DEVICE_TYPE_CLUSTER (DEVICE_TYPE_REF, CLUSTER_NAME, INCLUDE_CLIENT, INCLUDE_SERVER, LOCK_CLIENT, LOCK_SERVER) VALUES (?,?,?,?,?,?): 150,Poll Control,false,false,true,false => rowid: 1593","v":1}
{"level":30,"time":1589725318266,"pid":31073,"hostname":"localhost.localdomain","msg":"Executed insert: INSERT INTO DEVICE_TYPE_CLUSTER (DEVICE_TYPE_REF, CLUSTER_NAME, INCLUDE_CLIENT, INCLUDE_SERVER, LOCK_CLIENT, LOCK_SERVER) VALUES (?,?,?,?,?,?): 150,Electrical Measurement,false,false,true,false => rowid: 1594","v":1}
{"level":30,"time":1589725318266,"pid":31073,"hostname":"localhost.localdomain","msg":"Executed insert: INSERT INTO DEVICE_TYPE_CLUSTER (DEVICE_TYPE_REF, CLUSTER_NAME, INCLUDE_CLIENT, INCLUDE_SERVER, LOCK_CLIENT, LOCK_SERVER) VALUES (?,?,?,?,?,?): 150,Simple Metering,false,true,true,true => rowid: 1595","v":1}
{"level":30,"time":1589725318266,"pid":31073,"hostname":"localhost.localdomain","msg":"Executed insert: INSERT INTO DEVICE_TYPE_CLUSTER (DEVICE_TYPE_REF, CLUSTER_NAME, INCLUDE_CLIENT, INCLUDE_SERVER, LOCK_CLIENT, LOCK_SERVER) VALUES (?,?,?,?,?,?): 150,Time,false,false,false,true => rowid: 1596","v":1}
{"level":30,"time":1589725318266,"pid":31073,"hostname":"localhost.localdomain","msg":"Executed insert: INSERT INTO DEVICE_TYPE_CLUSTER (DEVICE_TYPE_REF, CLUSTER_NAME, INCLUDE_CLIENT, INCLUDE_SERVER, LOCK_CLIENT, LOCK_SERVER) VALUES (?,?,?,?,?,?): 150,Demand Response and Load Control,false,false,false,true => rowid: 1597","v":1}
{"level":30,"time":1589725318266,"pid":31073,"hostname":"localhost.localdomain","msg":"Executed insert: INSERT INTO DEVICE_TYPE_CLUSTER (DEVICE_TYPE_REF, CLUSTER_NAME, INCLUDE_CLIENT, INCLUDE_SERVER, LOCK_CLIENT, LOCK_SERVER) VALUES (?,?,?,?,?,?): 150,Price,false,false,false,true => rowid: 1598","v":1}
{"level":30,"time":1589725318266,"pid":31073,"hostname":"localhost.localdomain","msg":"Executed insert: INSERT INTO DEVICE_TYPE_CLUSTER (DEVICE_TYPE_REF, CLUSTER_NAME, INCLUDE_CLIENT, INCLUDE_SERVER, LOCK_CLIENT, LOCK_SERVER) VALUES (?,?,?,?,?,?): 150,Time,false,false,false,true => rowid: 1599","v":1}
{"level":30,"time":1589725318266,"pid":31073,"hostname":"localhost.localdomain","msg":"Executed insert: INSERT INTO DEVICE_TYPE_CLUSTER (DEVICE_TYPE_REF, CLUSTER_NAME, INCLUDE_CLIENT, INCLUDE_SERVER, LOCK_CLIENT, LOCK_SERVER) VALUES (?,?,?,?,?,?): 150,Over the Air Bootloading,false,false,false,false => rowid: 1600","v":1}
{"level":30,"time":1589725318266,"pid":31073,"hostname":"localhost.localdomain","msg":"Executed insert: INSERT INTO DEVICE_TYPE_CLUSTER (DEVICE_TYPE_REF, CLUSTER_NAME, INCLUDE_CLIENT, INCLUDE_SERVER, LOCK_CLIENT, LOCK_SERVER) VALUES (?,?,?,?,?,?): 150,Partition,false,false,false,false => rowid: 1601","v":1}
{"level":30,"time":1589725318266,"pid":31073,"hostname":"localhost.localdomain","msg":"Preparing statement: INSERT INTO DEVICE_TYPE_ATTRIBUTE (DEVICE_TYPE_CLUSTER_REF, ATTRIBUTE_NAME) VALUES (?, ?) to insert 0 records.","v":1}
{"level":30,"time":1589725318266,"pid":31073,"hostname":"localhost.localdomain","msg":"Preparing statement: INSERT INTO DEVICE_TYPE_COMMAND (DEVICE_TYPE_CLUSTER_REF, COMMAND_NAME) VALUES (?, ?) to insert 0 records.","v":1}
{"level":30,"time":1589725318266,"pid":31073,"hostname":"localhost.localdomain","msg":"Executed insert: INSERT INTO DEVICE_TYPE_CLUSTER (DEVICE_TYPE_REF, CLUSTER_NAME, INCLUDE_CLIENT, INCLUDE_SERVER, LOCK_CLIENT, LOCK_SERVER) VALUES (?,?,?,?,?,?): 151,Basic,false,true,true,true => rowid: 1602","v":1}
{"level":30,"time":1589725318266,"pid":31073,"hostname":"localhost.localdomain","msg":"Executed insert: INSERT INTO DEVICE_TYPE_CLUSTER (DEVICE_TYPE_REF, CLUSTER_NAME, INCLUDE_CLIENT, INCLUDE_SERVER, LOCK_CLIENT, LOCK_SERVER) VALUES (?,?,?,?,?,?): 151,Identify,true,true,true,true => rowid: 1603","v":1}
{"level":30,"time":1589725318267,"pid":31073,"hostname":"localhost.localdomain","msg":"Executed insert: INSERT INTO DEVICE_TYPE_CLUSTER (DEVICE_TYPE_REF, CLUSTER_NAME, INCLUDE_CLIENT, INCLUDE_SERVER, LOCK_CLIENT, LOCK_SERVER) VALUES (?,?,?,?,?,?): 151,Power Configuration,false,false,true,false => rowid: 1604","v":1}
{"level":30,"time":1589725318267,"pid":31073,"hostname":"localhost.localdomain","msg":"Executed insert: INSERT INTO DEVICE_TYPE_CLUSTER (DEVICE_TYPE_REF, CLUSTER_NAME, INCLUDE_CLIENT, INCLUDE_SERVER, LOCK_CLIENT, LOCK_SERVER) VALUES (?,?,?,?,?,?): 151,Device Temperature Configuration,false,false,true,false => rowid: 1605","v":1}
{"level":30,"time":1589725318267,"pid":31073,"hostname":"localhost.localdomain","msg":"Executed insert: INSERT INTO DEVICE_TYPE_CLUSTER (DEVICE_TYPE_REF, CLUSTER_NAME, INCLUDE_CLIENT, INCLUDE_SERVER, LOCK_CLIENT, LOCK_SERVER) VALUES (?,?,?,?,?,?): 151,Alarms,false,false,true,false => rowid: 1606","v":1}
{"level":30,"time":1589725318267,"pid":31073,"hostname":"localhost.localdomain","msg":"Executed insert: INSERT INTO DEVICE_TYPE_CLUSTER (DEVICE_TYPE_REF, CLUSTER_NAME, INCLUDE_CLIENT, INCLUDE_SERVER, LOCK_CLIENT, LOCK_SERVER) VALUES (?,?,?,?,?,?): 151,Poll Control,false,false,true,false => rowid: 1607","v":1}
{"level":30,"time":1589725318267,"pid":31073,"hostname":"localhost.localdomain","msg":"Executed insert: INSERT INTO DEVICE_TYPE_CLUSTER (DEVICE_TYPE_REF, CLUSTER_NAME, INCLUDE_CLIENT, INCLUDE_SERVER, LOCK_CLIENT, LOCK_SERVER) VALUES (?,?,?,?,?,?): 151,Electrical Measurement,false,false,true,false => rowid: 1608","v":1}
{"level":30,"time":1589725318267,"pid":31073,"hostname":"localhost.localdomain","msg":"Executed insert: INSERT INTO DEVICE_TYPE_CLUSTER (DEVICE_TYPE_REF, CLUSTER_NAME, INCLUDE_CLIENT, INCLUDE_SERVER, LOCK_CLIENT, LOCK_SERVER) VALUES (?,?,?,?,?,?): 151,Time,false,false,false,true => rowid: 1609","v":1}
{"level":30,"time":1589725318267,"pid":31073,"hostname":"localhost.localdomain","msg":"Executed insert: INSERT INTO DEVICE_TYPE_CLUSTER (DEVICE_TYPE_REF, CLUSTER_NAME, INCLUDE_CLIENT, INCLUDE_SERVER, LOCK_CLIENT, LOCK_SERVER) VALUES (?,?,?,?,?,?): 151,Meter Identification,false,false,false,true => rowid: 1610","v":1}
{"level":30,"time":1589725318267,"pid":31073,"hostname":"localhost.localdomain","msg":"Executed insert: INSERT INTO DEVICE_TYPE_CLUSTER (DEVICE_TYPE_REF, CLUSTER_NAME, INCLUDE_CLIENT, INCLUDE_SERVER, LOCK_CLIENT, LOCK_SERVER) VALUES (?,?,?,?,?,?): 151,Price,false,false,false,true => rowid: 1611","v":1}
{"level":30,"time":1589725318267,"pid":31073,"hostname":"localhost.localdomain","msg":"Executed insert: INSERT INTO DEVICE_TYPE_CLUSTER (DEVICE_TYPE_REF, CLUSTER_NAME, INCLUDE_CLIENT, INCLUDE_SERVER, LOCK_CLIENT, LOCK_SERVER) VALUES (?,?,?,?,?,?): 151,Power Profile,false,true,true,true => rowid: 1612","v":1}
{"level":30,"time":1589725318267,"pid":31073,"hostname":"localhost.localdomain","msg":"Executed insert: INSERT INTO DEVICE_TYPE_CLUSTER (DEVICE_TYPE_REF, CLUSTER_NAME, INCLUDE_CLIENT, INCLUDE_SERVER, LOCK_CLIENT, LOCK_SERVER) VALUES (?,?,?,?,?,?): 151,Appliance Statistics,false,true,true,true => rowid: 1613","v":1}
{"level":30,"time":1589725318267,"pid":31073,"hostname":"localhost.localdomain","msg":"Executed insert: INSERT INTO DEVICE_TYPE_CLUSTER (DEVICE_TYPE_REF, CLUSTER_NAME, INCLUDE_CLIENT, INCLUDE_SERVER, LOCK_CLIENT, LOCK_SERVER) VALUES (?,?,?,?,?,?): 151,Appliance Control,false,true,true,true => rowid: 1614","v":1}
{"level":30,"time":1589725318267,"pid":31073,"hostname":"localhost.localdomain","msg":"Executed insert: INSERT INTO DEVICE_TYPE_CLUSTER (DEVICE_TYPE_REF, CLUSTER_NAME, INCLUDE_CLIENT, INCLUDE_SERVER, LOCK_CLIENT, LOCK_SERVER) VALUES (?,?,?,?,?,?): 151,Appliance Identification,false,true,true,true => rowid: 1615","v":1}
{"level":30,"time":1589725318267,"pid":31073,"hostname":"localhost.localdomain","msg":"Executed insert: INSERT INTO DEVICE_TYPE_CLUSTER (DEVICE_TYPE_REF, CLUSTER_NAME, INCLUDE_CLIENT, INCLUDE_SERVER, LOCK_CLIENT, LOCK_SERVER) VALUES (?,?,?,?,?,?): 151,Appliance Events and Alert,false,true,true,true => rowid: 1616","v":1}
{"level":30,"time":1589725318267,"pid":31073,"hostname":"localhost.localdomain","msg":"Executed insert: INSERT INTO DEVICE_TYPE_CLUSTER (DEVICE_TYPE_REF, CLUSTER_NAME, INCLUDE_CLIENT, INCLUDE_SERVER, LOCK_CLIENT, LOCK_SERVER) VALUES (?,?,?,?,?,?): 151,Simple Metering,false,false,true,false => rowid: 1617","v":1}
{"level":30,"time":1589725318267,"pid":31073,"hostname":"localhost.localdomain","msg":"Executed insert: INSERT INTO DEVICE_TYPE_CLUSTER (DEVICE_TYPE_REF, CLUSTER_NAME, INCLUDE_CLIENT, INCLUDE_SERVER, LOCK_CLIENT, LOCK_SERVER) VALUES (?,?,?,?,?,?): 151,Over the Air Bootloading,false,false,false,false => rowid: 1618","v":1}
{"level":30,"time":1589725318267,"pid":31073,"hostname":"localhost.localdomain","msg":"Executed insert: INSERT INTO DEVICE_TYPE_CLUSTER (DEVICE_TYPE_REF, CLUSTER_NAME, INCLUDE_CLIENT, INCLUDE_SERVER, LOCK_CLIENT, LOCK_SERVER) VALUES (?,?,?,?,?,?): 151,Time,false,false,false,true => rowid: 1619","v":1}
{"level":30,"time":1589725318267,"pid":31073,"hostname":"localhost.localdomain","msg":"Executed insert: INSERT INTO DEVICE_TYPE_CLUSTER (DEVICE_TYPE_REF, CLUSTER_NAME, INCLUDE_CLIENT, INCLUDE_SERVER, LOCK_CLIENT, LOCK_SERVER) VALUES (?,?,?,?,?,?): 151,Partition,false,false,false,false => rowid: 1620","v":1}
{"level":30,"time":1589725318267,"pid":31073,"hostname":"localhost.localdomain","msg":"Preparing statement: INSERT INTO DEVICE_TYPE_ATTRIBUTE (DEVICE_TYPE_CLUSTER_REF, ATTRIBUTE_NAME) VALUES (?, ?) to insert 0 records.","v":1}
{"level":30,"time":1589725318267,"pid":31073,"hostname":"localhost.localdomain","msg":"Preparing statement: INSERT INTO DEVICE_TYPE_COMMAND (DEVICE_TYPE_CLUSTER_REF, COMMAND_NAME) VALUES (?, ?) to insert 0 records.","v":1}
{"level":30,"time":1589725318267,"pid":31073,"hostname":"localhost.localdomain","msg":"Executed insert: INSERT INTO DEVICE_TYPE_CLUSTER (DEVICE_TYPE_REF, CLUSTER_NAME, INCLUDE_CLIENT, INCLUDE_SERVER, LOCK_CLIENT, LOCK_SERVER) VALUES (?,?,?,?,?,?): 152,Basic,false,true,true,true => rowid: 1621","v":1}
{"level":30,"time":1589725318267,"pid":31073,"hostname":"localhost.localdomain","msg":"Executed insert: INSERT INTO DEVICE_TYPE_CLUSTER (DEVICE_TYPE_REF, CLUSTER_NAME, INCLUDE_CLIENT, INCLUDE_SERVER, LOCK_CLIENT, LOCK_SERVER) VALUES (?,?,?,?,?,?): 152,Identify,true,true,true,true => rowid: 1622","v":1}
{"level":30,"time":1589725318267,"pid":31073,"hostname":"localhost.localdomain","msg":"Executed insert: INSERT INTO DEVICE_TYPE_CLUSTER (DEVICE_TYPE_REF, CLUSTER_NAME, INCLUDE_CLIENT, INCLUDE_SERVER, LOCK_CLIENT, LOCK_SERVER) VALUES (?,?,?,?,?,?): 152,Power Configuration,false,false,true,false => rowid: 1623","v":1}
{"level":30,"time":1589725318267,"pid":31073,"hostname":"localhost.localdomain","msg":"Executed insert: INSERT INTO DEVICE_TYPE_CLUSTER (DEVICE_TYPE_REF, CLUSTER_NAME, INCLUDE_CLIENT, INCLUDE_SERVER, LOCK_CLIENT, LOCK_SERVER) VALUES (?,?,?,?,?,?): 152,Device Temperature Configuration,false,false,true,false => rowid: 1624","v":1}
{"level":30,"time":1589725318267,"pid":31073,"hostname":"localhost.localdomain","msg":"Executed insert: INSERT INTO DEVICE_TYPE_CLUSTER (DEVICE_TYPE_REF, CLUSTER_NAME, INCLUDE_CLIENT, INCLUDE_SERVER, LOCK_CLIENT, LOCK_SERVER) VALUES (?,?,?,?,?,?): 152,Alarms,false,false,true,false => rowid: 1625","v":1}
{"level":30,"time":1589725318267,"pid":31073,"hostname":"localhost.localdomain","msg":"Executed insert: INSERT INTO DEVICE_TYPE_CLUSTER (DEVICE_TYPE_REF, CLUSTER_NAME, INCLUDE_CLIENT, INCLUDE_SERVER, LOCK_CLIENT, LOCK_SERVER) VALUES (?,?,?,?,?,?): 152,Simple Metering,false,true,true,true => rowid: 1626","v":1}
{"level":30,"time":1589725318267,"pid":31073,"hostname":"localhost.localdomain","msg":"Executed insert: INSERT INTO DEVICE_TYPE_CLUSTER (DEVICE_TYPE_REF, CLUSTER_NAME, INCLUDE_CLIENT, INCLUDE_SERVER, LOCK_CLIENT, LOCK_SERVER) VALUES (?,?,?,?,?,?): 152,Meter Identification,false,true,true,true => rowid: 1627","v":1}
{"level":30,"time":1589725318268,"pid":31073,"hostname":"localhost.localdomain","msg":"Executed insert: INSERT INTO DEVICE_TYPE_CLUSTER (DEVICE_TYPE_REF, CLUSTER_NAME, INCLUDE_CLIENT, INCLUDE_SERVER, LOCK_CLIENT, LOCK_SERVER) VALUES (?,?,?,?,?,?): 152,Poll Control,false,false,true,false => rowid: 1628","v":1}
{"level":30,"time":1589725318268,"pid":31073,"hostname":"localhost.localdomain","msg":"Executed insert: INSERT INTO DEVICE_TYPE_CLUSTER (DEVICE_TYPE_REF, CLUSTER_NAME, INCLUDE_CLIENT, INCLUDE_SERVER, LOCK_CLIENT, LOCK_SERVER) VALUES (?,?,?,?,?,?): 152,Electrical Measurement,false,false,true,false => rowid: 1629","v":1}
{"level":30,"time":1589725318268,"pid":31073,"hostname":"localhost.localdomain","msg":"Executed insert: INSERT INTO DEVICE_TYPE_CLUSTER (DEVICE_TYPE_REF, CLUSTER_NAME, INCLUDE_CLIENT, INCLUDE_SERVER, LOCK_CLIENT, LOCK_SERVER) VALUES (?,?,?,?,?,?): 152,Time,false,false,false,true => rowid: 1630","v":1}
{"level":30,"time":1589725318268,"pid":31073,"hostname":"localhost.localdomain","msg":"Executed insert: INSERT INTO DEVICE_TYPE_CLUSTER (DEVICE_TYPE_REF, CLUSTER_NAME, INCLUDE_CLIENT, INCLUDE_SERVER, LOCK_CLIENT, LOCK_SERVER) VALUES (?,?,?,?,?,?): 152,Messaging,false,false,false,true => rowid: 1631","v":1}
{"level":30,"time":1589725318268,"pid":31073,"hostname":"localhost.localdomain","msg":"Executed insert: INSERT INTO DEVICE_TYPE_CLUSTER (DEVICE_TYPE_REF, CLUSTER_NAME, INCLUDE_CLIENT, INCLUDE_SERVER, LOCK_CLIENT, LOCK_SERVER) VALUES (?,?,?,?,?,?): 152,Price,false,false,false,false => rowid: 1632","v":1}
{"level":30,"time":1589725318268,"pid":31073,"hostname":"localhost.localdomain","msg":"Executed insert: INSERT INTO DEVICE_TYPE_CLUSTER (DEVICE_TYPE_REF, CLUSTER_NAME, INCLUDE_CLIENT, INCLUDE_SERVER, LOCK_CLIENT, LOCK_SERVER) VALUES (?,?,?,?,?,?): 152,Over the Air Bootloading,false,false,false,false => rowid: 1633","v":1}
{"level":30,"time":1589725318268,"pid":31073,"hostname":"localhost.localdomain","msg":"Executed insert: INSERT INTO DEVICE_TYPE_CLUSTER (DEVICE_TYPE_REF, CLUSTER_NAME, INCLUDE_CLIENT, INCLUDE_SERVER, LOCK_CLIENT, LOCK_SERVER) VALUES (?,?,?,?,?,?): 152,Partition,false,false,false,false => rowid: 1634","v":1}
{"level":30,"time":1589725318268,"pid":31073,"hostname":"localhost.localdomain","msg":"Preparing statement: INSERT INTO DEVICE_TYPE_ATTRIBUTE (DEVICE_TYPE_CLUSTER_REF, ATTRIBUTE_NAME) VALUES (?, ?) to insert 0 records.","v":1}
{"level":30,"time":1589725318268,"pid":31073,"hostname":"localhost.localdomain","msg":"Preparing statement: INSERT INTO DEVICE_TYPE_COMMAND (DEVICE_TYPE_CLUSTER_REF, COMMAND_NAME) VALUES (?, ?) to insert 0 records.","v":1}
{"level":30,"time":1589725318268,"pid":31073,"hostname":"localhost.localdomain","msg":"Executed insert: INSERT INTO DEVICE_TYPE_CLUSTER (DEVICE_TYPE_REF, CLUSTER_NAME, INCLUDE_CLIENT, INCLUDE_SERVER, LOCK_CLIENT, LOCK_SERVER) VALUES (?,?,?,?,?,?): 98,Over the Air Bootloading,false,false,false,false => rowid: 1635","v":1}
{"level":30,"time":1589725318268,"pid":31073,"hostname":"localhost.localdomain","msg":"Executed insert: INSERT INTO DEVICE_TYPE_CLUSTER (DEVICE_TYPE_REF, CLUSTER_NAME, INCLUDE_CLIENT, INCLUDE_SERVER, LOCK_CLIENT, LOCK_SERVER) VALUES (?,?,?,?,?,?): 98,Scenes,false,false,false,true => rowid: 1636","v":1}
{"level":30,"time":1589725318268,"pid":31073,"hostname":"localhost.localdomain","msg":"Executed insert: INSERT INTO DEVICE_TYPE_CLUSTER (DEVICE_TYPE_REF, CLUSTER_NAME, INCLUDE_CLIENT, INCLUDE_SERVER, LOCK_CLIENT, LOCK_SERVER) VALUES (?,?,?,?,?,?): 98,On/Off Switch Configuration,false,false,true,false => rowid: 1637","v":1}
{"level":30,"time":1589725318268,"pid":31073,"hostname":"localhost.localdomain","msg":"Preparing statement: INSERT INTO DEVICE_TYPE_ATTRIBUTE (DEVICE_TYPE_CLUSTER_REF, ATTRIBUTE_NAME) VALUES (?, ?) to insert 0 records.","v":1}
{"level":30,"time":1589725318268,"pid":31073,"hostname":"localhost.localdomain","msg":"Preparing statement: INSERT INTO DEVICE_TYPE_COMMAND (DEVICE_TYPE_CLUSTER_REF, COMMAND_NAME) VALUES (?, ?) to insert 0 records.","v":1}
{"level":30,"time":1589725318275,"pid":31073,"hostname":"localhost.localdomain","msg":"Preparing statement: INSERT INTO COMMAND (CLUSTER_REF, CODE, NAME, DESCRIPTION, SOURCE, IS_OPTIONAL) VALUES (?,?,?,?,?,?) to insert 147 records.","v":1}
{"level":30,"time":1589725318275,"pid":31073,"hostname":"localhost.localdomain","msg":"Preparing statement: INSERT INTO ATTRIBUTE (CLUSTER_REF, CODE, NAME, TYPE, SIDE, DEFINE, MIN, MAX, IS_WRITABLE, DEFAULT_VALUE, IS_OPTIONAL, IS_REPORTABLE) VALUES (?,?,?,?,?,?,?,?,?,?,?,?) to insert 2520 records.","v":1}
{"level":30,"time":1589725318280,"pid":31079,"hostname":"localhost.localdomain","msg":"zcl/zll.xml, 7: 5 cluster extensions.","v":1}
{"level":30,"time":1589725318280,"pid":31079,"hostname":"localhost.localdomain","msg":"Preparing statement: SELECT CLUSTER_ID FROM CLUSTER WHERE CODE = ? to select 5 rows.","v":1}
{"level":30,"time":1589725318280,"pid":31079,"hostname":"localhost.localdomain","msg":"zcl/sample-extensions.xml, 6: 1 cluster extensions.","v":1}
{"level":30,"time":1589725318280,"pid":31079,"hostname":"localhost.localdomain","msg":"Preparing statement: SELECT CLUSTER_ID FROM CLUSTER WHERE CODE = ? to select 1 rows.","v":1}
{"level":30,"time":1589725318281,"pid":31079,"hostname":"localhost.localdomain","msg":"Preparing statement: INSERT INTO COMMAND (CLUSTER_REF, CODE, NAME, DESCRIPTION, SOURCE, IS_OPTIONAL) VALUES (?,?,?,?,?,?) to insert 5 records.","v":1}
{"level":30,"time":1589725318281,"pid":31079,"hostname":"localhost.localdomain","msg":"Preparing statement: INSERT INTO ATTRIBUTE (CLUSTER_REF, CODE, NAME, TYPE, SIDE, DEFINE, MIN, MAX, IS_WRITABLE, DEFAULT_VALUE, IS_OPTIONAL, IS_REPORTABLE) VALUES (?,?,?,?,?,?,?,?,?,?,?,?) to insert 4 records.","v":1}
{"level":30,"time":1589725318281,"pid":31079,"hostname":"localhost.localdomain","msg":"Preparing statement: INSERT INTO COMMAND (CLUSTER_REF, CODE, NAME, DESCRIPTION, SOURCE, IS_OPTIONAL) VALUES (?,?,?,?,?,?) to insert 18 records.","v":1}
{"level":30,"time":1589725318281,"pid":31079,"hostname":"localhost.localdomain","msg":"Preparing statement: INSERT INTO ATTRIBUTE (CLUSTER_REF, CODE, NAME, TYPE, SIDE, DEFINE, MIN, MAX, IS_WRITABLE, DEFAULT_VALUE, IS_OPTIONAL, IS_REPORTABLE) VALUES (?,?,?,?,?,?,?,?,?,?,?,?) to insert 14 records.","v":1}
{"level":30,"time":1589725318281,"pid":31079,"hostname":"localhost.localdomain","msg":"Preparing statement: INSERT INTO COMMAND_ARG (COMMAND_REF, NAME, TYPE, IS_ARRAY) VALUES (?,?,?,?) to insert 0 records.","v":1}
{"level":30,"time":1589725318282,"pid":31079,"hostname":"localhost.localdomain","msg":"Preparing statement: INSERT INTO COMMAND_ARG (COMMAND_REF, NAME, TYPE, IS_ARRAY) VALUES (?,?,?,?) to insert 62 records.","v":1}
{"level":30,"time":1589725318292,"pid":31073,"hostname":"localhost.localdomain","msg":"Preparing statement: INSERT INTO STRUCT_ITEM (STRUCT_REF, NAME, TYPE) VALUES (?,?,?) to insert 40 records.","v":1}
{"level":30,"time":1589725318297,"pid":31073,"hostname":"localhost.localdomain","msg":"Preparing statement: INSERT INTO COMMAND (CLUSTER_REF, CODE, NAME, DESCRIPTION, SOURCE, IS_OPTIONAL) VALUES (?,?,?,?,?,?) to insert 157 records.","v":1}
{"level":30,"time":1589725318298,"pid":31073,"hostname":"localhost.localdomain","msg":"Preparing statement: INSERT INTO ATTRIBUTE (CLUSTER_REF, CODE, NAME, TYPE, SIDE, DEFINE, MIN, MAX, IS_WRITABLE, DEFAULT_VALUE, IS_OPTIONAL, IS_REPORTABLE) VALUES (?,?,?,?,?,?,?,?,?,?,?,?) to insert 586 records.","v":1}
{"level":30,"time":1589725318303,"pid":31086,"hostname":"localhost.localdomain","msg":"Executed insert: INSERT OR REPLACE INTO SETTING ( CATEGORY, KEY, VALUE ) VALUES ( 'APP', 'VERSION', ?): 0.99.1 => rowid: 1","v":1}
{"level":30,"time":1589725318303,"pid":31073,"hostname":"localhost.localdomain","msg":"Preparing statement: INSERT INTO COMMAND_ARG (COMMAND_REF, NAME, TYPE, IS_ARRAY) VALUES (?,?,?,?) to insert 167 records.","v":1}
{"level":30,"time":1589725318303,"pid":31086,"hostname":"localhost.localdomain","msg":"Test database initialized: /home/timotej/.silabs/zap/test-2.sqlite.","v":1}
{"level":30,"time":1589725318304,"pid":31086,"hostname":"localhost.localdomain","msg":"Executed get: SELECT COUNT(*) FROM SESSION: undefined","v":1}
{"level":30,"time":1589725318305,"pid":31086,"hostname":"localhost.localdomain","msg":"Creating HTTP server on port: 9073","v":1}
{"level":30,"time":1589725318306,"pid":31073,"hostname":"localhost.localdomain","msg":"Preparing statement: INSERT INTO ENUM_ITEM (ENUM_REF, NAME, VALUE) VALUES (?, ?, ?) to insert 460 records.","v":1}
{"level":30,"time":1589725318308,"pid":31073,"hostname":"localhost.localdomain","msg":"Preparing statement: INSERT INTO BITMAP_FIELD (BITMAP_REF, NAME, MASK) VALUES (?, ?, ?) to insert 392 records.","v":1}
{"level":30,"time":1589725318309,"pid":31073,"hostname":"localhost.localdomain","msg":"Preparing statement: INSERT INTO COMMAND_ARG (COMMAND_REF, NAME, TYPE, IS_ARRAY) VALUES (?,?,?,?) to insert 181 records.","v":1}
{"level":30,"time":1589725318310,"pid":31086,"hostname":"localhost.localdomain","msg":"Static content directory: /home/timotej/git/zap/dist/spa","v":1}
{"level":30,"time":1589725318312,"pid":31086,"hostname":"localhost.localdomain","msg":"HTTP server created on port: 9073","v":1}
{"level":30,"time":1589725318313,"pid":31073,"hostname":"localhost.localdomain","msg":"Preparing statement: INSERT INTO ENUM_ITEM (ENUM_REF, NAME, VALUE) VALUES (?, ?, ?) to insert 899 records.","v":1}
{"level":30,"time":1589725318318,"pid":31079,"hostname":"localhost.localdomain","msg":"Executed update: UPDATE DEVICE_TYPE_CLUSTER SET CLUSTER_REF = (SELECT CLUSTER.CLUSTER_ID FROM CLUSTER WHERE lower(CLUSTER.NAME) = lower(DEVICE_TYPE_CLUSTER.CLUSTER_NAME)): ","v":1}
{"level":30,"time":1589725318327,"pid":31073,"hostname":"localhost.localdomain","msg":"Preparing statement: INSERT INTO COMMAND_ARG (COMMAND_REF, NAME, TYPE, IS_ARRAY) VALUES (?,?,?,?) to insert 573 records.","v":1}
{"level":30,"time":1589725318327,"pid":31086,"hostname":"localhost.localdomain","msg":"Request: /index.html, session: TzKaJ3KrpVym-POdgpx53QrDRGyuud-V","v":1}
{"level":30,"time":1589725318327,"pid":31086,"hostname":"localhost.localdomain","msg":"Creating zap session","v":1}
{"level":30,"time":1589725318328,"pid":31086,"hostname":"localhost.localdomain","msg":"Executed get: SELECT SESSION_ID FROM SESSION WHERE SESSION_KEY = ?: TzKaJ3KrpVym-POdgpx53QrDRGyuud-V","v":1}
{"level":30,"time":1589725318331,"pid":31073,"hostname":"localhost.localdomain","msg":"Preparing statement: INSERT INTO COMMAND_ARG (COMMAND_REF, NAME, TYPE, IS_ARRAY) VALUES (?,?,?,?) to insert 353 records.","v":1}
{"level":30,"time":1589725318333,"pid":31086,"hostname":"localhost.localdomain","msg":"Executed insert: INSERT INTO SESSION (SESSION_KEY, SESSION_WINID, CREATION_TIME) VALUES (?,?,?): TzKaJ3KrpVym-POdgpx53QrDRGyuud-V,,1589725318328 => rowid: 1","v":1}
{"level":30,"time":1589725318345,"pid":31086,"hostname":"localhost.localdomain","msg":"Executed get: SELECT COUNT(*) FROM SESSION: undefined","v":1}
{"level":30,"time":1589725318346,"pid":31086,"hostname":"localhost.localdomain","msg":"Executed all: SELECT SESSION_ID, SESSION_KEY, CREATION_TIME FROM SESSION: ","v":1}
{"level":30,"time":1589725318346,"pid":31086,"hostname":"localhost.localdomain","msg":"SESSION ID: 1","v":1}
{"level":30,"time":1589725318350,"pid":31086,"hostname":"localhost.localdomain","msg":"Request: /get/cluster/all, session: TzKaJ3KrpVym-POdgpx53QrDRGyuud-V","v":1}
{"level":30,"time":1589725318350,"pid":31086,"hostname":"localhost.localdomain","msg":"Zap session id exists: 1","v":1}
{"level":30,"time":1589725318351,"pid":31086,"hostname":"localhost.localdomain","msg":"Executed all: SELECT CLUSTER_ID, CODE, MANUFACTURER_CODE, NAME, DESCRIPTION, DEFINE FROM CLUSTER ORDER BY CODE: ","v":1}
{"level":30,"time":1589725318351,"pid":31086,"hostname":"localhost.localdomain","msg":"Executed all: SELECT ATTRIBUTE_ID, CLUSTER_REF, CODE, MANUFACTURER_CODE, NAME, TYPE, SIDE, DEFINE, MIN, MAX, IS_WRITABLE, DEFAULT_VALUE, IS_OPTIONAL, IS_REPORTABLE FROM ATTRIBUTE ORDER BY CODE: ","v":1}
{"level":30,"time":1589725318352,"pid":31086,"hostname":"localhost.localdomain","msg":"Executed all: SELECT COMMAND_ID, CLUSTER_REF, CODE, MANUFACTURER_CODE, NAME, DESCRIPTION, SOURCE, IS_OPTIONAL FROM COMMAND ORDER BY CODE: ","v":1}
{"level":30,"time":1589725318355,"pid":31086,"hostname":"localhost.localdomain","msg":"Executed get: SELECT COUNT(*) FROM SESSION: undefined","v":1}
{"level":30,"time":1589725318361,"pid":31086,"hostname":"localhost.localdomain","msg":"Executed insert: INSERT INTO PACKAGE ( PATH, CRC ) VALUES (?, ?): PATH,32 => rowid: 1","v":1}
{"level":30,"time":1589725318361,"pid":31086,"hostname":"localhost.localdomain","msg":"Preparing statement: INSERT INTO CLUSTER (PACKAGE_REF, CODE, NAME, DESCRIPTION, DEFINE) VALUES (?, ?, ?, ?, ?) to insert 2 records.","v":1}
{"level":30,"time":1589725318371,"pid":31086,"hostname":"localhost.localdomain","msg":"Preparing statement: INSERT INTO COMMAND (CLUSTER_REF, CODE, NAME, DESCRIPTION, SOURCE, IS_OPTIONAL) VALUES (?,?,?,?,?,?) to insert 0 records.","v":1}
{"level":30,"time":1589725318372,"pid":31086,"hostname":"localhost.localdomain","msg":"Preparing statement: INSERT INTO ATTRIBUTE (CLUSTER_REF, CODE, NAME, TYPE, SIDE, DEFINE, MIN, MAX, IS_WRITABLE, DEFAULT_VALUE, IS_OPTIONAL, IS_REPORTABLE) VALUES (?,?,?,?,?,?,?,?,?,?,?,?) to insert 0 records.","v":1}
{"level":30,"time":1589725318372,"pid":31086,"hostname":"localhost.localdomain","msg":"Preparing statement: INSERT INTO COMMAND_ARG (COMMAND_REF, NAME, TYPE, IS_ARRAY) VALUES (?,?,?,?) to insert 0 records.","v":1}
{"level":30,"time":1589725318374,"pid":31086,"hostname":"localhost.localdomain","msg":"Request: /get/cluster/all, session: TzKaJ3KrpVym-POdgpx53QrDRGyuud-V","v":1}
{"level":30,"time":1589725318374,"pid":31086,"hostname":"localhost.localdomain","msg":"Zap session id exists: 1","v":1}
{"level":30,"time":1589725318374,"pid":31086,"hostname":"localhost.localdomain","msg":"Executed all: SELECT CLUSTER_ID, CODE, MANUFACTURER_CODE, NAME, DESCRIPTION, DEFINE FROM CLUSTER ORDER BY CODE: ","v":1}
{"level":30,"time":1589725318375,"pid":31086,"hostname":"localhost.localdomain","msg":"Executed all: SELECT ATTRIBUTE_ID, CLUSTER_REF, CODE, MANUFACTURER_CODE, NAME, TYPE, SIDE, DEFINE, MIN, MAX, IS_WRITABLE, DEFAULT_VALUE, IS_OPTIONAL, IS_REPORTABLE FROM ATTRIBUTE ORDER BY CODE: ","v":1}
{"level":30,"time":1589725318375,"pid":31086,"hostname":"localhost.localdomain","msg":"Executed all: SELECT COMMAND_ID, CLUSTER_REF, CODE, MANUFACTURER_CODE, NAME, DESCRIPTION, SOURCE, IS_OPTIONAL FROM COMMAND ORDER BY CODE: ","v":1}
{"level":30,"time":1589725318377,"pid":31086,"hostname":"localhost.localdomain","msg":"Executed get: SELECT COUNT(*) FROM SESSION: undefined","v":1}
{"level":30,"time":1589725318377,"pid":31086,"hostname":"localhost.localdomain","msg":"Preparing statement: INSERT INTO DOMAIN (PACKAGE_REF, NAME) VALUES (?, ?) to insert 4 records.","v":1}
{"level":30,"time":1589725318393,"pid":31073,"hostname":"localhost.localdomain","msg":"zcl/zll.xml, 11: 5 cluster extensions.","v":1}
{"level":30,"time":1589725318394,"pid":31073,"hostname":"localhost.localdomain","msg":"Preparing statement: SELECT CLUSTER_ID FROM CLUSTER WHERE CODE = ? to select 5 rows.","v":1}
{"level":30,"time":1589725318394,"pid":31073,"hostname":"localhost.localdomain","msg":"zcl/sample-extensions.xml, 10: 1 cluster extensions.","v":1}
{"level":30,"time":1589725318394,"pid":31073,"hostname":"localhost.localdomain","msg":"Preparing statement: SELECT CLUSTER_ID FROM CLUSTER WHERE CODE = ? to select 1 rows.","v":1}
{"level":30,"time":1589725318395,"pid":31073,"hostname":"localhost.localdomain","msg":"Preparing statement: INSERT INTO COMMAND (CLUSTER_REF, CODE, NAME, DESCRIPTION, SOURCE, IS_OPTIONAL) VALUES (?,?,?,?,?,?) to insert 5 records.","v":1}
{"level":30,"time":1589725318395,"pid":31073,"hostname":"localhost.localdomain","msg":"Preparing statement: INSERT INTO ATTRIBUTE (CLUSTER_REF, CODE, NAME, TYPE, SIDE, DEFINE, MIN, MAX, IS_WRITABLE, DEFAULT_VALUE, IS_OPTIONAL, IS_REPORTABLE) VALUES (?,?,?,?,?,?,?,?,?,?,?,?) to insert 4 records.","v":1}
{"level":30,"time":1589725318395,"pid":31073,"hostname":"localhost.localdomain","msg":"Preparing statement: INSERT INTO COMMAND (CLUSTER_REF, CODE, NAME, DESCRIPTION, SOURCE, IS_OPTIONAL) VALUES (?,?,?,?,?,?) to insert 18 records.","v":1}
{"level":30,"time":1589725318395,"pid":31073,"hostname":"localhost.localdomain","msg":"Preparing statement: INSERT INTO ATTRIBUTE (CLUSTER_REF, CODE, NAME, TYPE, SIDE, DEFINE, MIN, MAX, IS_WRITABLE, DEFAULT_VALUE, IS_OPTIONAL, IS_REPORTABLE) VALUES (?,?,?,?,?,?,?,?,?,?,?,?) to insert 14 records.","v":1}
{"level":30,"time":1589725318396,"pid":31073,"hostname":"localhost.localdomain","msg":"Preparing statement: INSERT INTO COMMAND_ARG (COMMAND_REF, NAME, TYPE, IS_ARRAY) VALUES (?,?,?,?) to insert 0 records.","v":1}
{"level":30,"time":1589725318396,"pid":31073,"hostname":"localhost.localdomain","msg":"Preparing statement: INSERT INTO COMMAND_ARG (COMMAND_REF, NAME, TYPE, IS_ARRAY) VALUES (?,?,?,?) to insert 62 records.","v":1}
{"level":30,"time":1589725318399,"pid":31086,"hostname":"localhost.localdomain","msg":"Request: /get/domain/all, session: TzKaJ3KrpVym-POdgpx53QrDRGyuud-V","v":1}
{"level":30,"time":1589725318399,"pid":31086,"hostname":"localhost.localdomain","msg":"Zap session id exists: 1","v":1}
{"level":30,"time":1589725318400,"pid":31086,"hostname":"localhost.localdomain","msg":"Executed all: SELECT DOMAIN_ID, NAME FROM DOMAIN ORDER BY NAME: ","v":1}
{"level":30,"time":1589725318402,"pid":31086,"hostname":"localhost.localdomain","msg":"Writing state from session 1 into file /home/timotej/.silabs/zap/test-output.json","v":1}
{"level":30,"time":1589725318403,"pid":31086,"hostname":"localhost.localdomain","msg":"Executed all: SELECT KEY, VALUE FROM SESSION_KEY_VALUE WHERE SESSION_REF = ? ORDER BY KEY: 1","v":1}
{"level":30,"time":1589725318403,"pid":31086,"hostname":"localhost.localdomain","msg":"Retrieved session keys","v":1}
{"level":30,"time":1589725318404,"pid":31086,"hostname":"localhost.localdomain","msg":"Executed all: SELECT ENDPOINT_TYPE_ID, NAME, DEVICE_TYPE_REF FROM ENDPOINT_TYPE WHERE SESSION_REF = ? ORDER BY NAME: 1","v":1}
{"level":30,"time":1589725318404,"pid":31086,"hostname":"localhost.localdomain","msg":"Retrieved endpoint types","v":1}
{"level":30,"time":1589725318410,"pid":31086,"hostname":"localhost.localdomain","msg":"Executed update: UPDATE SESSION SET DIRTY = ? WHERE SESSION_ID = ?: 0,1","v":1}
{"level":30,"time":1589725318416,"pid":31086,"hostname":"localhost.localdomain","msg":"Executed insert: INSERT INTO SESSION (SESSION_KEY, SESSION_WINID, CREATION_TIME, DIRTY) VALUES (?,?,?,?): ,,1589725318411,0 => rowid: 2","v":1}
{"level":30,"time":1589725318416,"pid":31086,"hostname":"localhost.localdomain","msg":"Reading state from file into the database...","v":1}
{"level":30,"time":1589725318417,"pid":31086,"hostname":"localhost.localdomain","msg":"Executed get: SELECT COUNT(*) FROM SESSION: undefined","v":1}
{"level":30,"time":1589725318418,"pid":31073,"hostname":"localhost.localdomain","msg":"Executed update: UPDATE DEVICE_TYPE_CLUSTER SET CLUSTER_REF = (SELECT CLUSTER.CLUSTER_ID FROM CLUSTER WHERE lower(CLUSTER.NAME) = lower(DEVICE_TYPE_CLUSTER.CLUSTER_NAME)): ","v":1}
{"level":30,"time":1589725318422,"pid":31086,"hostname":"localhost.localdomain","msg":"Executed remove: DELETE FROM SESSION WHERE SESSION_ID = ?: 1","v":1}
{"level":30,"time":1589725318423,"pid":31086,"hostname":"localhost.localdomain","msg":"Executed get: SELECT COUNT(*) FROM SESSION: undefined","v":1}
{"level":30,"time":1589725318428,"pid":31086,"hostname":"localhost.localdomain","msg":"Executed remove: DELETE FROM SESSION WHERE SESSION_ID = ?: 2","v":1}
{"level":30,"time":1589725318428,"pid":31086,"hostname":"localhost.localdomain","msg":"Executed get: SELECT COUNT(*) FROM SESSION: undefined","v":1}
{"level":30,"time":1589725318429,"pid":31086,"hostname":"localhost.localdomain","msg":"HTTP server shut down.","v":1}
{"level":30,"time":1589725318430,"pid":31086,"hostname":"localhost.localdomain","msg":"Removing test database: /home/timotej/.silabs/zap/test-2.sqlite","v":1}
{"level":30,"time":1589725318439,"pid":31079,"hostname":"localhost.localdomain","msg":"Executed update: UPDATE DEVICE_TYPE_ATTRIBUTE SET ATTRIBUTE_REF = (SELECT ATTRIBUTE.ATTRIBUTE_ID FROM ATTRIBUTE WHERE upper(ATTRIBUTE.DEFINE) = upper(DEVICE_TYPE_ATTRIBUTE.ATTRIBUTE_NAME)): ","v":1}
{"level":30,"time":1589725318473,"pid":31079,"hostname":"localhost.localdomain","msg":"Executed update: UPDATE DEVICE_TYPE_COMMAND SET COMMAND_REF = (SELECT COMMAND.COMMAND_ID FROM COMMAND WHERE upper(COMMAND.NAME) = upper(DEVICE_TYPE_COMMAND.COMMAND_NAME)): ","v":1}
{"level":30,"time":1589725318482,"pid":31079,"hostname":"localhost.localdomain","msg":"Executed COMMIT","v":1}
{"level":30,"time":1589725318482,"pid":31079,"hostname":"localhost.localdomain","msg":"Creating HTTP server on port: 9074","v":1}
{"level":30,"time":1589725318486,"pid":31079,"hostname":"localhost.localdomain","msg":"Static content directory: /home/timotej/git/zap/dist/spa","v":1}
{"level":30,"time":1589725318488,"pid":31079,"hostname":"localhost.localdomain","msg":"HTTP server created on port: 9074","v":1}
{"level":30,"time":1589725318500,"pid":31079,"hostname":"localhost.localdomain","msg":"Request: /preview/enums, session: bQter-0GG_Jb3nEIBSBYCY1yThb3VRdO","v":1}
{"level":30,"time":1589725318500,"pid":31079,"hostname":"localhost.localdomain","msg":"Creating zap session","v":1}
{"level":30,"time":1589725318501,"pid":31079,"hostname":"localhost.localdomain","msg":"Executed get: SELECT SESSION_ID FROM SESSION WHERE SESSION_KEY = ?: bQter-0GG_Jb3nEIBSBYCY1yThb3VRdO","v":1}
{"level":30,"time":1589725318507,"pid":31079,"hostname":"localhost.localdomain","msg":"Executed insert: INSERT INTO SESSION (SESSION_KEY, SESSION_WINID, CREATION_TIME) VALUES (?,?,?): bQter-0GG_Jb3nEIBSBYCY1yThb3VRdO,,1589725318501 => rowid: 1","v":1}
{"level":30,"time":1589725318510,"pid":31079,"hostname":"localhost.localdomain","msg":"Executed all: SELECT CLUSTER_ID, CODE, MANUFACTURER_CODE, NAME, DESCRIPTION, DEFINE FROM CLUSTER ORDER BY CODE: ","v":1}
{"level":30,"time":1589725318522,"pid":31079,"hostname":"localhost.localdomain","msg":"Executed all: SELECT ENUM_ID, NAME, TYPE FROM ENUM ORDER BY NAME: ","v":1}
{"level":30,"time":1589725318523,"pid":31079,"hostname":"localhost.localdomain","msg":"Executed all: SELECT BITMAP_ID, NAME, TYPE FROM BITMAP ORDER BY NAME: ","v":1}
{"level":30,"time":1589725318528,"pid":31079,"hostname":"localhost.localdomain","msg":"Executed all: SELECT NAME, VALUE, ENUM_REF FROM ENUM_ITEM ORDER BY ENUM_REF: ","v":1}
{"level":30,"time":1589725318531,"pid":31079,"hostname":"localhost.localdomain","msg":"Executed all: SELECT NAME, MASK, BITMAP_REF FROM BITMAP_FIELD ORDER BY NAME: ","v":1}
{"level":30,"time":1589725318567,"pid":31073,"hostname":"localhost.localdomain","msg":"Executed update: UPDATE DEVICE_TYPE_ATTRIBUTE SET ATTRIBUTE_REF = (SELECT ATTRIBUTE.ATTRIBUTE_ID FROM ATTRIBUTE WHERE upper(ATTRIBUTE.DEFINE) = upper(DEVICE_TYPE_ATTRIBUTE.ATTRIBUTE_NAME)): ","v":1}
{"level":30,"time":1589725318585,"pid":31079,"hostname":"localhost.localdomain","msg":"Executed all: SELECT CLUSTER_ID, CODE, MANUFACTURER_CODE, NAME, DESCRIPTION, DEFINE FROM CLUSTER ORDER BY CODE: ","v":1}
{"level":30,"time":1589725318596,"pid":31079,"hostname":"localhost.localdomain","msg":"Executed all: SELECT STRUCT_ID, NAME FROM STRUCT ORDER BY NAME: ","v":1}
{"level":30,"time":1589725318597,"pid":31079,"hostname":"localhost.localdomain","msg":"Executed all: SELECT NAME, TYPE, STRUCT_REF FROM STRUCT_ITEM ORDER BY STRUCT_REF: ","v":1}
{"level":30,"time":1589725318616,"pid":31073,"hostname":"localhost.localdomain","msg":"Executed update: UPDATE DEVICE_TYPE_COMMAND SET COMMAND_REF = (SELECT COMMAND.COMMAND_ID FROM COMMAND WHERE upper(COMMAND.NAME) = upper(DEVICE_TYPE_COMMAND.COMMAND_NAME)): ","v":1}
{"level":30,"time":1589725318628,"pid":31073,"hostname":"localhost.localdomain","msg":"Executed COMMIT","v":1}
{"level":30,"time":1589725318629,"pid":31073,"hostname":"localhost.localdomain","msg":"Executed get: SELECT SESSION_ID FROM SESSION WHERE SESSION_KEY = ?: SESSION","v":1}
{"level":30,"time":1589725318635,"pid":31073,"hostname":"localhost.localdomain","msg":"Executed insert: INSERT INTO SESSION (SESSION_KEY, SESSION_WINID, CREATION_TIME) VALUES (?,?,?): SESSION,666,1589725318629 => rowid: 1","v":1}
{"level":30,"time":1589725318637,"pid":31073,"hostname":"localhost.localdomain","msg":"Executed get: SELECT SESSION_ID, SESSION_KEY, CREATION_TIME FROM SESSION WHERE SESSION_WINID = ?: 666","v":1}
{"level":30,"time":1589725318639,"pid":31079,"hostname":"localhost.localdomain","msg":"Executed all: SELECT CLUSTER_ID, CODE, MANUFACTURER_CODE, NAME, DESCRIPTION, DEFINE FROM CLUSTER ORDER BY CODE: ","v":1}
{"level":30,"time":1589725318644,"pid":31073,"hostname":"localhost.localdomain","msg":"Executed insert: INSERT OR REPLACE INTO SESSION_KEY_VALUE (SESSION_REF, KEY, VALUE) VALUES (?,?,?): 1,key1,value1 => rowid: 1","v":1}
{"level":30,"time":1589725318644,"pid":31073,"hostname":"localhost.localdomain","msg":"Executed get: SELECT VALUE FROM SESSION_KEY_VALUE WHERE SESSION_REF = ? AND KEY = ?: 1,key1","v":1}
{"level":30,"time":1589725318650,"pid":31073,"hostname":"localhost.localdomain","msg":"Executed insert: INSERT OR REPLACE INTO SESSION_KEY_VALUE (SESSION_REF, KEY, VALUE) VALUES (?,?,?): 1,key1,value2 => rowid: 2","v":1}
{"level":30,"time":1589725318656,"pid":31073,"hostname":"localhost.localdomain","msg":"Executed get: SELECT VALUE FROM SESSION_KEY_VALUE WHERE SESSION_REF = ? AND KEY = ?: 1,key1","v":1}
{"level":30,"time":1589725318657,"pid":31073,"hostname":"localhost.localdomain","msg":"Executed get: SELECT SESSION_ID, SESSION_KEY, CREATION_TIME FROM SESSION WHERE SESSION_WINID = ?: 666","v":1}
{"level":30,"time":1589725318657,"pid":31073,"hostname":"localhost.localdomain","msg":"Executed get: SELECT DIRTY FROM SESSION WHERE SESSION_ID = ?: 1","v":1}
{"level":30,"time":1589725318666,"pid":31073,"hostname":"localhost.localdomain","msg":"Executed update: UPDATE SESSION SET DIRTY = ? WHERE SESSION_ID = ?: 0,1","v":1}
{"level":30,"time":1589725318666,"pid":31073,"hostname":"localhost.localdomain","msg":"Executed get: SELECT DIRTY FROM SESSION WHERE SESSION_ID = ?: 1","v":1}
{"level":30,"time":1589725318667,"pid":31073,"hostname":"localhost.localdomain","msg":"Executed get: SELECT SESSION_ID, SESSION_KEY, CREATION_TIME FROM SESSION WHERE SESSION_WINID = ?: 666","v":1}
{"level":30,"time":1589725318667,"pid":31073,"hostname":"localhost.localdomain","msg":"Executed get: SELECT DIRTY FROM SESSION WHERE SESSION_ID = ?: 1","v":1}
{"level":30,"time":1589725318673,"pid":31073,"hostname":"localhost.localdomain","msg":"Executed insert: INSERT OR REPLACE INTO ENDPOINT_TYPE ( SESSION_REF, NAME, DEVICE_TYPE_REF ) VALUES ( ?, ?, ?): 1,Test endpoint, => rowid: 1","v":1}
{"level":30,"time":1589725318673,"pid":31073,"hostname":"localhost.localdomain","msg":"Executed BEGIN TRANSACTION","v":1}
{"level":30,"time":1589725318674,"pid":31073,"hostname":"localhost.localdomain","msg":"Executed all: SELECT DEVICE_TYPE_CLUSTER_ID, DEVICE_TYPE_REF, CLUSTER_REF, CLUSTER_NAME, INCLUDE_CLIENT, INCLUDE_SERVER, LOCK_CLIENT, LOCK_SERVER FROM DEVICE_TYPE_CLUSTER WHERE DEVICE_TYPE_REF = ? ORDER BY CLUSTER_REF: ","v":1}
{"level":30,"time":1589725318674,"pid":31073,"hostname":"localhost.localdomain","msg":"Executed all: SELECT DEVICE_TYPE_CLUSTER.CLUSTER_REF, DEVICE_TYPE_ATTRIBUTE.DEVICE_TYPE_CLUSTER_REF, DEVICE_TYPE_ATTRIBUTE.ATTRIBUTE_REF, DEVICE_TYPE_ATTRIBUTE.ATTRIBUTE_NAME FROM DEVICE_TYPE_ATTRIBUTE, DEVICE_TYPE_CLUSTER WHERE DEVICE_TYPE_CLUSTER.DEVICE_TYPE_REF = ? AND DEVICE_TYPE_CLUSTER.DEVICE_TYPE_CLUSTER_ID = DEVICE_TYPE_ATTRIBUTE.DEVICE_TYPE_CLUSTER_REF: ","v":1}
{"level":30,"time":1589725318674,"pid":31073,"hostname":"localhost.localdomain","msg":"Executed all: SELECT DEVICE_TYPE_CLUSTER.CLUSTER_REF, DEVICE_TYPE_COMMAND.DEVICE_TYPE_CLUSTER_REF, DEVICE_TYPE_COMMAND.COMMAND_REF, DEVICE_TYPE_COMMAND.COMMAND_NAME FROM DEVICE_TYPE_COMMAND, DEVICE_TYPE_CLUSTER WHERE DEVICE_TYPE_CLUSTER.DEVICE_TYPE_REF = ? AND DEVICE_TYPE_CLUSTER.DEVICE_TYPE_CLUSTER_ID = DEVICE_TYPE_COMMAND.DEVICE_TYPE_CLUSTER_REF: ","v":1}
{"level":30,"time":1589725318674,"pid":31073,"hostname":"localhost.localdomain","msg":"Executed COMMIT","v":1}
{"level":30,"time":1589725318675,"pid":31073,"hostname":"localhost.localdomain","msg":"Executed get: SELECT DIRTY FROM SESSION WHERE SESSION_ID = ?: 1","v":1}
{"level":30,"time":1589725318680,"pid":31079,"hostname":"localhost.localdomain","msg":"Request: /preview/clusters, session: 8NPDereLJnExV6NuAj-i0uqR7ZSxVDvL","v":1}
{"level":30,"time":1589725318680,"pid":31079,"hostname":"localhost.localdomain","msg":"Creating zap session","v":1}
{"level":30,"time":1589725318680,"pid":31079,"hostname":"localhost.localdomain","msg":"Executed get: SELECT SESSION_ID FROM SESSION WHERE SESSION_KEY = ?: 8NPDereLJnExV6NuAj-i0uqR7ZSxVDvL","v":1}
{"level":30,"time":1589725318688,"pid":31073,"hostname":"localhost.localdomain","msg":"Executed update: UPDATE SESSION SET DIRTY = ? WHERE SESSION_ID = ?: 0,1","v":1}
{"level":30,"time":1589725318688,"pid":31073,"hostname":"localhost.localdomain","msg":"Executed get: SELECT DIRTY FROM SESSION WHERE SESSION_ID = ?: 1","v":1}
{"level":30,"time":1589725318691,"pid":31079,"hostname":"localhost.localdomain","msg":"Executed insert: INSERT INTO SESSION (SESSION_KEY, SESSION_WINID, CREATION_TIME) VALUES (?,?,?): 8NPDereLJnExV6NuAj-i0uqR7ZSxVDvL,,1589725318680 => rowid: 2","v":1}
{"level":30,"time":1589725318692,"pid":31079,"hostname":"localhost.localdomain","msg":"Executed all: SELECT CLUSTER_ID, CODE, MANUFACTURER_CODE, NAME, DESCRIPTION, DEFINE FROM CLUSTER ORDER BY CODE: ","v":1}
{"level":30,"time":1589725318694,"pid":31073,"hostname":"localhost.localdomain","msg":"Executed remove: DELETE FROM ENDPOINT_TYPE WHERE ENDPOINT_TYPE_ID = ?: 1","v":1}
{"level":30,"time":1589725318695,"pid":31073,"hostname":"localhost.localdomain","msg":"Executed get: SELECT DIRTY FROM SESSION WHERE SESSION_ID = ?: 1","v":1}
{"level":30,"time":1589725318696,"pid":31073,"hostname":"localhost.localdomain","msg":"Executed all: SELECT KEY, VALUE FROM SESSION_KEY_VALUE WHERE SESSION_REF = ? ORDER BY KEY: 1","v":1}
{"level":30,"time":1589725318696,"pid":31073,"hostname":"localhost.localdomain","msg":"Retrieved session keys","v":1}
{"level":30,"time":1589725318696,"pid":31073,"hostname":"localhost.localdomain","msg":"Executed all: SELECT ENDPOINT_TYPE_ID, NAME, DEVICE_TYPE_REF FROM ENDPOINT_TYPE WHERE SESSION_REF = ? ORDER BY NAME: 1","v":1}
{"level":30,"time":1589725318696,"pid":31073,"hostname":"localhost.localdomain","msg":"Retrieved endpoint types","v":1}
{"level":30,"time":1589725318697,"pid":31073,"hostname":"localhost.localdomain","msg":"Executed remove: DELETE FROM ENDPOINT WHERE ENDPOINT_REF = ?: 123","v":1}
{"level":30,"time":1589725318697,"pid":31079,"hostname":"localhost.localdomain","msg":"Executed all: SELECT ENUM_ID, NAME, TYPE FROM ENUM ORDER BY NAME: ","v":1}
{"level":30,"time":1589725318697,"pid":31079,"hostname":"localhost.localdomain","msg":"Executed all: SELECT BITMAP_ID, NAME, TYPE FROM BITMAP ORDER BY NAME: ","v":1}
{"level":30,"time":1589725318702,"pid":31079,"hostname":"localhost.localdomain","msg":"Executed all: SELECT NAME, VALUE, ENUM_REF FROM ENUM_ITEM ORDER BY ENUM_REF: ","v":1}
{"level":30,"time":1589725318705,"pid":31079,"hostname":"localhost.localdomain","msg":"Executed all: SELECT NAME, MASK, BITMAP_REF FROM BITMAP_FIELD ORDER BY NAME: ","v":1}
{"level":30,"time":1589725318782,"pid":31079,"hostname":"localhost.localdomain","msg":"Executed all: SELECT CLUSTER_ID, CODE, MANUFACTURER_CODE, NAME, DESCRIPTION, DEFINE FROM CLUSTER ORDER BY CODE: ","v":1}
{"level":30,"time":1589725318798,"pid":31079,"hostname":"localhost.localdomain","msg":"Executed all: SELECT STRUCT_ID, NAME FROM STRUCT ORDER BY NAME: ","v":1}
{"level":30,"time":1589725318799,"pid":31079,"hostname":"localhost.localdomain","msg":"Executed all: SELECT NAME, TYPE, STRUCT_REF FROM STRUCT_ITEM ORDER BY STRUCT_REF: ","v":1}
{"level":30,"time":1589725318862,"pid":31079,"hostname":"localhost.localdomain","msg":"Executed all: SELECT CLUSTER_ID, CODE, MANUFACTURER_CODE, NAME, DESCRIPTION, DEFINE FROM CLUSTER ORDER BY CODE: ","v":1}
{"level":30,"time":1589725318883,"pid":31079,"hostname":"localhost.localdomain","msg":"Request: /preview/print-cluster, session: 50zw98IRWQLvIV5-YUf1CxW3ml5tq7lE","v":1}
{"level":30,"time":1589725318883,"pid":31079,"hostname":"localhost.localdomain","msg":"Creating zap session","v":1}
{"level":30,"time":1589725318884,"pid":31079,"hostname":"localhost.localdomain","msg":"Executed get: SELECT SESSION_ID FROM SESSION WHERE SESSION_KEY = ?: 50zw98IRWQLvIV5-YUf1CxW3ml5tq7lE","v":1}
{"level":30,"time":1589725318896,"pid":31079,"hostname":"localhost.localdomain","msg":"Executed insert: INSERT INTO SESSION (SESSION_KEY, SESSION_WINID, CREATION_TIME) VALUES (?,?,?): 50zw98IRWQLvIV5-YUf1CxW3ml5tq7lE,,1589725318884 => rowid: 3","v":1}
{"level":30,"time":1589725318898,"pid":31079,"hostname":"localhost.localdomain","msg":"Executed all: SELECT CLUSTER_ID, CODE, MANUFACTURER_CODE, NAME, DESCRIPTION, DEFINE FROM CLUSTER ORDER BY CODE: ","v":1}
{"level":30,"time":1589725318903,"pid":31079,"hostname":"localhost.localdomain","msg":"Executed all: SELECT ENUM_ID, NAME, TYPE FROM ENUM ORDER BY NAME: ","v":1}
{"level":30,"time":1589725318903,"pid":31079,"hostname":"localhost.localdomain","msg":"Executed all: SELECT BITMAP_ID, NAME, TYPE FROM BITMAP ORDER BY NAME: ","v":1}
{"level":30,"time":1589725318914,"pid":31079,"hostname":"localhost.localdomain","msg":"Executed all: SELECT NAME, VALUE, ENUM_REF FROM ENUM_ITEM ORDER BY ENUM_REF: ","v":1}
{"level":30,"time":1589725318919,"pid":31079,"hostname":"localhost.localdomain","msg":"Executed all: SELECT NAME, MASK, BITMAP_REF FROM BITMAP_FIELD ORDER BY NAME: ","v":1}
{"level":30,"time":1589725318932,"pid":31086,"hostname":"localhost.localdomain","msg":"Info.","v":1}
{"level":50,"time":1589725318932,"pid":31086,"hostname":"localhost.localdomain","msg":"Error.","v":1}
{"level":40,"time":1589725318932,"pid":31086,"hostname":"localhost.localdomain","msg":"Warning.","v":1}
{"level":30,"time":1589725318944,"pid":31073,"hostname":"localhost.localdomain","msg":"Command line arguments:","v":1}
{"level":30,"time":1589725318944,"pid":31073,"hostname":"localhost.localdomain","_":["node","test.js"],"noUI":true,"httpPort":123,"p":123,"http-port":123,"arglessArg":true,"xmlRoot":"XmlRoot","zclProperties":"./zcl/zcl-studio.properties","zcl":"./zcl/zcl-studio.properties","zcl-properties":"./zcl/zcl-studio.properties","$0":"node_modules/jest-worker/build/workers/processChild.js","v":1}
{"level":30,"time":1589725318961,"pid":31079,"hostname":"localhost.localdomain","msg":"Executed all: SELECT CLUSTER_ID, CODE, MANUFACTURER_CODE, NAME, DESCRIPTION, DEFINE FROM CLUSTER ORDER BY CODE: ","v":1}
{"level":30,"time":1589725318970,"pid":31079,"hostname":"localhost.localdomain","msg":"Executed all: SELECT STRUCT_ID, NAME FROM STRUCT ORDER BY NAME: ","v":1}
{"level":30,"time":1589725318971,"pid":31079,"hostname":"localhost.localdomain","msg":"Executed all: SELECT NAME, TYPE, STRUCT_REF FROM STRUCT_ITEM ORDER BY STRUCT_REF: ","v":1}
{"level":30,"time":1589725318987,"pid":31079,"hostname":"localhost.localdomain","msg":"Executed all: SELECT CLUSTER_ID, CODE, MANUFACTURER_CODE, NAME, DESCRIPTION, DEFINE FROM CLUSTER ORDER BY CODE: ","v":1}
{"level":30,"time":1589725319000,"pid":31079,"hostname":"localhost.localdomain","msg":"Request: /preview/af-structs, session: JB3wyJl26jJM5jVgwW_F_0JI5TjKklcb","v":1}
{"level":30,"time":1589725319000,"pid":31079,"hostname":"localhost.localdomain","msg":"Creating zap session","v":1}
{"level":30,"time":1589725319000,"pid":31079,"hostname":"localhost.localdomain","msg":"Executed get: SELECT SESSION_ID FROM SESSION WHERE SESSION_KEY = ?: JB3wyJl26jJM5jVgwW_F_0JI5TjKklcb","v":1}
{"level":30,"time":1589725319010,"pid":31079,"hostname":"localhost.localdomain","msg":"Executed insert: INSERT INTO SESSION (SESSION_KEY, SESSION_WINID, CREATION_TIME) VALUES (?,?,?): JB3wyJl26jJM5jVgwW_F_0JI5TjKklcb,,1589725319000 => rowid: 4","v":1}
{"level":30,"time":1589725319011,"pid":31079,"hostname":"localhost.localdomain","msg":"Executed all: SELECT CLUSTER_ID, CODE, MANUFACTURER_CODE, NAME, DESCRIPTION, DEFINE FROM CLUSTER ORDER BY CODE: ","v":1}
{"level":30,"time":1589725319013,"pid":31079,"hostname":"localhost.localdomain","msg":"Executed all: SELECT ENUM_ID, NAME, TYPE FROM ENUM ORDER BY NAME: ","v":1}
{"level":30,"time":1589725319014,"pid":31079,"hostname":"localhost.localdomain","msg":"Executed all: SELECT BITMAP_ID, NAME, TYPE FROM BITMAP ORDER BY NAME: ","v":1}
{"level":30,"time":1589725319018,"pid":31079,"hostname":"localhost.localdomain","msg":"Executed all: SELECT NAME, VALUE, ENUM_REF FROM ENUM_ITEM ORDER BY ENUM_REF: ","v":1}
{"level":30,"time":1589725319020,"pid":31079,"hostname":"localhost.localdomain","msg":"Executed all: SELECT NAME, MASK, BITMAP_REF FROM BITMAP_FIELD ORDER BY NAME: ","v":1}
{"level":30,"time":1589725319048,"pid":31079,"hostname":"localhost.localdomain","msg":"Executed all: SELECT CLUSTER_ID, CODE, MANUFACTURER_CODE, NAME, DESCRIPTION, DEFINE FROM CLUSTER ORDER BY CODE: ","v":1}
{"level":30,"time":1589725319054,"pid":31079,"hostname":"localhost.localdomain","msg":"Executed all: SELECT STRUCT_ID, NAME FROM STRUCT ORDER BY NAME: ","v":1}
{"level":30,"time":1589725319054,"pid":31079,"hostname":"localhost.localdomain","msg":"Executed all: SELECT NAME, TYPE, STRUCT_REF FROM STRUCT_ITEM ORDER BY STRUCT_REF: ","v":1}
{"level":30,"time":1589725319074,"pid":31079,"hostname":"localhost.localdomain","msg":"Executed all: SELECT CLUSTER_ID, CODE, MANUFACTURER_CODE, NAME, DESCRIPTION, DEFINE FROM CLUSTER ORDER BY CODE: ","v":1}
{"level":30,"time":1589725319086,"pid":31079,"hostname":"localhost.localdomain","msg":"Request: /preview/att-storage, session: fR0-lMTlkbNmGGlOfdDzr6fWTRd-Cpic","v":1}
{"level":30,"time":1589725319086,"pid":31079,"hostname":"localhost.localdomain","msg":"Creating zap session","v":1}
{"level":30,"time":1589725319086,"pid":31079,"hostname":"localhost.localdomain","msg":"Executed get: SELECT SESSION_ID FROM SESSION WHERE SESSION_KEY = ?: fR0-lMTlkbNmGGlOfdDzr6fWTRd-Cpic","v":1}
{"level":30,"time":1589725319095,"pid":31079,"hostname":"localhost.localdomain","msg":"Executed insert: INSERT INTO SESSION (SESSION_KEY, SESSION_WINID, CREATION_TIME) VALUES (?,?,?): fR0-lMTlkbNmGGlOfdDzr6fWTRd-Cpic,,1589725319086 => rowid: 5","v":1}
{"level":30,"time":1589725319096,"pid":31079,"hostname":"localhost.localdomain","msg":"Executed all: SELECT CLUSTER_ID, CODE, MANUFACTURER_CODE, NAME, DESCRIPTION, DEFINE FROM CLUSTER ORDER BY CODE: ","v":1}
{"level":30,"time":1589725319099,"pid":31079,"hostname":"localhost.localdomain","msg":"Executed all: SELECT ENUM_ID, NAME, TYPE FROM ENUM ORDER BY NAME: ","v":1}
{"level":30,"time":1589725319099,"pid":31079,"hostname":"localhost.localdomain","msg":"Executed all: SELECT BITMAP_ID, NAME, TYPE FROM BITMAP ORDER BY NAME: ","v":1}
{"level":30,"time":1589725319105,"pid":31079,"hostname":"localhost.localdomain","msg":"Executed all: SELECT NAME, VALUE, ENUM_REF FROM ENUM_ITEM ORDER BY ENUM_REF: ","v":1}
{"level":30,"time":1589725319109,"pid":31079,"hostname":"localhost.localdomain","msg":"Executed all: SELECT NAME, MASK, BITMAP_REF FROM BITMAP_FIELD ORDER BY NAME: ","v":1}
{"level":30,"time":1589725319141,"pid":31079,"hostname":"localhost.localdomain","msg":"Executed all: SELECT CLUSTER_ID, CODE, MANUFACTURER_CODE, NAME, DESCRIPTION, DEFINE FROM CLUSTER ORDER BY CODE: ","v":1}
{"level":30,"time":1589725319146,"pid":31079,"hostname":"localhost.localdomain","msg":"Executed all: SELECT STRUCT_ID, NAME FROM STRUCT ORDER BY NAME: ","v":1}
{"level":30,"time":1589725319147,"pid":31079,"hostname":"localhost.localdomain","msg":"Executed all: SELECT NAME, TYPE, STRUCT_REF FROM STRUCT_ITEM ORDER BY STRUCT_REF: ","v":1}
{"level":30,"time":1589725319166,"pid":31079,"hostname":"localhost.localdomain","msg":"Executed all: SELECT CLUSTER_ID, CODE, MANUFACTURER_CODE, NAME, DESCRIPTION, DEFINE FROM CLUSTER ORDER BY CODE: ","v":1}
{"level":30,"time":1589725319177,"pid":31079,"hostname":"localhost.localdomain","msg":"Request: /preview/debug-printing-zcl, session: _9DJRuPDSp-tM_xfE4beSkxU42p3pKaV","v":1}
{"level":30,"time":1589725319177,"pid":31079,"hostname":"localhost.localdomain","msg":"Creating zap session","v":1}
{"level":30,"time":1589725319177,"pid":31079,"hostname":"localhost.localdomain","msg":"Executed get: SELECT SESSION_ID FROM SESSION WHERE SESSION_KEY = ?: _9DJRuPDSp-tM_xfE4beSkxU42p3pKaV","v":1}
{"level":30,"time":1589725319187,"pid":31079,"hostname":"localhost.localdomain","msg":"Executed insert: INSERT INTO SESSION (SESSION_KEY, SESSION_WINID, CREATION_TIME) VALUES (?,?,?): _9DJRuPDSp-tM_xfE4beSkxU42p3pKaV,,1589725319177 => rowid: 6","v":1}
{"level":30,"time":1589725319188,"pid":31079,"hostname":"localhost.localdomain","msg":"Executed all: SELECT CLUSTER_ID, CODE, MANUFACTURER_CODE, NAME, DESCRIPTION, DEFINE FROM CLUSTER ORDER BY CODE: ","v":1}
{"level":30,"time":1589725319190,"pid":31079,"hostname":"localhost.localdomain","msg":"Executed all: SELECT ENUM_ID, NAME, TYPE FROM ENUM ORDER BY NAME: ","v":1}
{"level":30,"time":1589725319190,"pid":31079,"hostname":"localhost.localdomain","msg":"Executed all: SELECT BITMAP_ID, NAME, TYPE FROM BITMAP ORDER BY NAME: ","v":1}
{"level":30,"time":1589725319195,"pid":31079,"hostname":"localhost.localdomain","msg":"Executed all: SELECT NAME, VALUE, ENUM_REF FROM ENUM_ITEM ORDER BY ENUM_REF: ","v":1}
{"level":30,"time":1589725319197,"pid":31079,"hostname":"localhost.localdomain","msg":"Executed all: SELECT NAME, MASK, BITMAP_REF FROM BITMAP_FIELD ORDER BY NAME: ","v":1}
{"level":30,"time":1589725319224,"pid":31079,"hostname":"localhost.localdomain","msg":"Executed all: SELECT CLUSTER_ID, CODE, MANUFACTURER_CODE, NAME, DESCRIPTION, DEFINE FROM CLUSTER ORDER BY CODE: ","v":1}
{"level":30,"time":1589725319229,"pid":31079,"hostname":"localhost.localdomain","msg":"Executed all: SELECT STRUCT_ID, NAME FROM STRUCT ORDER BY NAME: ","v":1}
{"level":30,"time":1589725319230,"pid":31079,"hostname":"localhost.localdomain","msg":"Executed all: SELECT NAME, TYPE, STRUCT_REF FROM STRUCT_ITEM ORDER BY STRUCT_REF: ","v":1}
{"level":30,"time":1589725319241,"pid":31079,"hostname":"localhost.localdomain","msg":"Executed all: SELECT CLUSTER_ID, CODE, MANUFACTURER_CODE, NAME, DESCRIPTION, DEFINE FROM CLUSTER ORDER BY CODE: ","v":1}
{"level":30,"time":1589725319255,"pid":31079,"hostname":"localhost.localdomain","msg":"HTTP server shut down.","v":1}
{"level":30,"time":1589725319255,"pid":31079,"hostname":"localhost.localdomain","msg":"Removing test database: /home/timotej/.silabs/zap/test-3.sqlite","v":1}
---------------------------------|----------|----------|----------|----------|-------------------|
File                             |  % Stmts | % Branch |  % Funcs |  % Lines | Uncovered Line #s |
---------------------------------|----------|----------|----------|----------|-------------------|
All files                        |    41.08 |    28.97 |       40 |    40.29 |                   |
 src-electron/db                 |    68.59 |    45.38 |    67.21 |    68.41 |                   |
  db-api.js                      |    75.68 |    48.78 |      100 |       80 |... 66,271,308,309 |
  query-config.js                |    29.69 |     3.13 |    31.46 |    30.16 |... 70,491,492,493 |
  query-generic.js               |    85.71 |       50 |      100 |    83.33 |                45 |
  query-package.js               |    72.73 |       50 |    85.71 |       70 |          24,40,69 |
  query-session.js               |    64.29 |    46.15 |       80 |    64.29 |... 95,133,138,139 |
  query-zcl.js                   |    91.26 |    76.32 |    81.93 |     90.3 |... 58,166,170,302 |
 src-electron/generator          |    79.05 |    70.37 |    79.31 |    78.79 |                   |
  static-generator.js            |    79.05 |    70.37 |    79.31 |    78.79 |... 84,286,288,289 |
 src-electron/handlebars/helpers |      100 |      100 |      100 |      100 |                   |
  helper-utils.js                |      100 |      100 |      100 |      100 |                   |
 src-electron/importexport       |    62.12 |       50 |    59.46 |    63.93 |                   |
  export.js                      |       92 |       50 |    91.67 |    95.83 |                76 |
  import.js                      |    85.71 |       50 |      100 |    91.67 |                47 |
  mapping.js                     |    22.22 |       50 |    17.65 |       20 |... 69,70,71,72,76 |
 src-electron/main-process       |     8.22 |     4.69 |     7.41 |     8.33 |                   |
  args.js                        |    88.89 |      100 |       50 |    88.89 |                24 |
  electron-main.dev.js           |        0 |      100 |        0 |        0 |... 18,19,20,23,28 |
  electron-main.js               |        0 |        0 |        0 |        0 |... 84,85,86,89,90 |
  env.js                         |    53.13 |       25 |       60 |    54.84 |... 69,70,75,76,77 |
  menu.js                        |        0 |        0 |        0 |        0 |... 10,421,422,423 |
  tray.js                        |        0 |        0 |        0 |        0 |... 46,47,51,52,53 |
  ui.js                          |        0 |        0 |        0 |        0 |       13,14,16,18 |
  window.js                      |        0 |        0 |        0 |        0 |... 63,64,76,78,83 |
 src-electron/rest               |     43.8 |    23.73 |    49.43 |    45.42 |                   |
  admin.js                       |    11.11 |        0 |       25 |    11.11 |... 35,36,37,39,40 |
  generation.js                  |    93.94 |    91.67 |    84.62 |    93.94 |... 89,105,114,128 |
  static-zcl.js                  |    35.29 |       20 |    42.11 |    43.59 |... 62,64,65,67,68 |
  user-data.js                   |     6.96 |        0 |        4 |     6.96 |... 52,255,256,263 |
 src-electron/server             |    92.68 |     62.5 |    88.89 |    92.68 |                   |
  http-server.js                 |    92.68 |     62.5 |    88.89 |    92.68 |          61,63,72 |
 src-electron/validation         |        0 |        0 |        0 |        0 |                   |
  validation.js                  |        0 |        0 |        0 |        0 |... 86,91,95,96,98 |
 src-electron/zcl                |    80.46 |    74.67 |    78.15 |    79.91 |                   |
  zcl-loader.js                  |    92.61 |    81.36 |    95.59 |    91.67 |... 61,462,463,502 |
  zcl-model.js                   |    55.29 |       50 |     54.9 |    52.94 |... 48,257,262,273 |
 src/api                         |       25 |      100 |       25 |       25 |                   |
  renderer_api.js                |       25 |      100 |       25 |       25 |          14,19,24 |
 src/boot                        |        0 |        0 |        0 |        0 |                   |
  axios.js                       |        0 |        0 |        0 |        0 |... 33,36,37,38,39 |
  globalapi.js                   |        0 |      100 |      100 |        0 |                 7 |
 src/components                  |        0 |        0 |        0 |        0 |                   |
  ZclAttributeView.vue           |        0 |        0 |        0 |        0 |... 30,235,239,244 |
  ZclClusterDetail.vue           |        0 |      100 |        0 |        0 |... 31,32,38,43,48 |
  ZclClusterInfo.vue             |        0 |      100 |        0 |        0 |             16,21 |
  ZclClusterList.vue             |        0 |        0 |        0 |        0 |... 38,140,141,146 |
  ZclCommandView.vue             |        0 |        0 |        0 |        0 |... 40,141,144,148 |
  ZclEndpointConfig.vue          |        0 |        0 |        0 |        0 |... 97,298,305,308 |
  ZclEndpointTypeConfig.vue      |        0 |        0 |        0 |        0 |... 21,226,227,233 |
  ZclInformationSetup.vue        |        0 |      100 |        0 |        0 | 13,16,21,24,27,30 |
  ZclReportingView.vue           |        0 |        0 |        0 |        0 |... 86,187,190,194 |
 src/layouts                     |        0 |        0 |        0 |        0 |                   |
  MyLayout.vue                   |        0 |      100 |        0 |        0 |       149,152,156 |
  ZclClusterLayout.vue           |        0 |        0 |        0 |        0 |... 38,39,40,43,46 |
  ZclLayout.vue                  |        0 |      100 |        0 |        0 |... 37,148,149,150 |
 src/pages                       |        0 |        0 |        0 |        0 |                   |
  SqlQuery.vue                   |        0 |      100 |        0 |        0 |... 29,30,31,32,36 |
  ZclBrowsing.vue                |        0 |      100 |      100 |        0 |             16,17 |
  ZclItemDetail.vue              |        0 |        0 |        0 |        0 |... 16,17,18,19,24 |
  ZclItemList.vue                |        0 |      100 |        0 |        0 |... 47,48,49,51,54 |
  ZclSettings.vue                |        0 |        0 |        0 |        0 |          20,21,27 |
 src/router                      |        0 |        0 |        0 |        0 |                   |
  index.js                       |        0 |      100 |        0 |        0 |        8,20,21,31 |
  routes.js                      |        0 |        0 |        0 |        0 |... 16,21,26,27,29 |
 src/store                       |        0 |        0 |        0 |        0 |                   |
  index.js                       |        0 |        0 |        0 |        0 |... 34,35,36,37,41 |
 src/store/zap                   |        0 |        0 |        0 |        0 |                   |
  actions.js                     |        0 |        0 |        0 |        0 |... 47,248,249,251 |
  getters.js                     |        0 |        0 |        0 |        0 |                   |
  index.js                       |        0 |        0 |        0 |        0 |                   |
  mutations.js                   |        0 |        0 |        0 |        0 |... 90,191,195,199 |
  state.js                       |        0 |      100 |        0 |        0 |                 2 |
---------------------------------|----------|----------|----------|----------|-------------------|
{"level":30,"time":1589725322518,"pid":31039,"hostname":"localhost.localdomain","msg":"Global teardown.","v":1}
